0.156: [GC 0.156: [ParNew: 5108K->0K(5248K), 0.0159020 secs] 5108K->1792K(10176K), 0.0160000 secs]
0.187: [GC 0.187: [ParNew: 5133K->0K(5248K), 0.0168310 secs] 6925K->3452K(10176K), 0.0168990 secs]
0.220: [GC [1 CMS-initial-mark: 3452K(4928K)] 7004K(10176K), 0.0012840 secs]
0.222: [CMS-concurrent-mark-start]
0.228: [GC 0.228: [ParNew: 5150K->0K(5248K), 0.0199010 secs] 8603K->5113K(10944K), 0.0199460 secs]
0.250: [CMS-concurrent-mark: 0.007/0.028 secs]
0.250: [CMS-concurrent-preclean-start]
0.250: [CMS-concurrent-preclean: 0.000/0.000 secs]
0.268: [GC[YG occupancy: 3442 K (5248 K)]0.268: [Rescan (parallel) , 0.0159700 secs]0.284: [weak refs processing, 0.0000150 secs] [1 CMS-remark: 5113K(5696K)] 8556K(10944K), 0.0160260 secs]
0.290: [GC 0.290: [ParNew: 5126K->0K(5248K), 0.0100730 secs] 10240K->6872K(12672K), 0.0101270 secs]
0.300: [CMS-concurrent-sweep-start]
0.301: [CMS-concurrent-sweep: 0.000/0.000 secs]
0.306: [CMS-concurrent-reset-start]
0.312: [CMS-concurrent-reset: 0.006/0.006 secs]
0.316: [GC 0.316: [ParNew: 5094K->0K(5248K), 0.0158930 secs] 11967K->8532K(16704K), 0.0159730 secs]
0.340: [GC [1 CMS-initial-mark: 8532K(11456K)] 12059K(16704K), 0.0000950 secs]
0.340: [CMS-concurrent-mark-start]
0.346: [CMS-concurrent-mark: 0.006/0.006 secs]
0.346: [CMS-concurrent-preclean-start]
0.346: [CMS-concurrent-preclean: 0.000/0.000 secs]
0.346: [CMS-concurrent-abortable-preclean-start]
0.352: [GC 0.352: [ParNew: 5099K->0K(5248K), 0.0088610 secs] 13632K->10194K(16704K), 0.0089140 secs]
0.370: [GC 0.371: [ParNew: 5183K->0K(5248K), 0.0215490 secs] 15378K->11952K(17856K), 0.0216230 secs]
0.399: [GC 0.399: [ParNew: 5181K->0K(5248K), 0.0136210 secs] 17134K->13712K(19584K), 0.0136990 secs]
0.432: [GC 0.432: [ParNew: 5179K->0K(5248K), 0.0199540 secs] 18892K->15373K(21312K), 0.0199850 secs]
0.464: [GC 0.464: [ParNew: 5179K->0K(5248K), 0.0119890 secs] 20552K->17131K(23040K), 0.0120330 secs]
0.488: [GC 0.488: [ParNew: 5179K->0K(5248K), 0.0239780 secs] 22310K->18889K(24960K), 0.0240300 secs]
0.524: [GC 0.524: [ParNew: 5181K->0K(5248K), 0.0159690 secs] 24070K->20554K(26688K), 0.0160040 secs]
0.552: [GC 0.552: [ParNew: 5179K->0K(5248K), 0.0159890 secs] 25733K->22312K(28416K), 0.0160310 secs]
0.576: [GC 0.576: [ParNew: 5179K->0K(5248K), 0.0119930 secs] 27491K->24071K(30144K), 0.0120230 secs]
0.599: [GC 0.599: [ParNew: 5179K->0K(5248K), 0.0175660 secs] 29250K->25731K(31872K), 0.0176130 secs]
0.628: [GC 0.628: [ParNew: 5179K->0K(5248K), 0.0206990 secs] 30910K->27489K(33600K), 0.0207280 secs]
0.660: [GC 0.660: [ParNew: 5179K->0K(5248K), 0.0119820 secs] 32668K->29248K(35520K), 0.0120260 secs]
0.684: [GC 0.684: [ParNew: 5182K->0K(5248K), 0.0159870 secs] 34430K->30914K(37056K), 0.0160420 secs]
0.711: [GC 0.711: [ParNew: 5179K->0K(5248K), 0.0097360 secs] 36093K->32672K(38976K), 0.0097830 secs]
0.732: [GC 0.732: [ParNew: 5179K->0K(5248K), 0.0079880 secs] 37851K->34430K(40704K), 0.0080430 secs]
0.748: [GC 0.748: [ParNew: 5179K->0K(5248K), 0.0159870 secs] 39609K->36091K(42432K), 0.0160400 secs]
0.766: [CMS-concurrent-abortable-preclean: 0.002/0.420 secs]
0.788: [GC[YG occupancy: 5179 K (5248 K)]0.788: [Rescan (parallel) , 0.0042150 secs]0.793: [weak refs processing, 0.0000140 secs] [1 CMS-remark: 36091K(37184K)] 41270K(42432K), 0.0042630 secs]
0.796: [GC 0.796: [ParNew: 5179K->0K(5248K), 0.0079910 secs] 41270K->37849K(44160K), 0.0080440 secs]
0.808: [CMS-concurrent-sweep-start]
0.808: [CMS-concurrent-sweep: 0.000/0.000 secs]
0.808: [CMS-concurrent-reset-start]
0.813: [CMS-concurrent-reset: 0.005/0.005 secs]
0.816: [GC 0.816: [ParNew: 5179K->0K(5248K), 0.0078930 secs] 43027K->39606K(68332K), 0.0079980 secs]
0.832: [GC 0.832: [ParNew: 5179K->0K(5248K), 0.0199820 secs] 44785K->41266K(68332K), 0.0200460 secs]
0.864: [GC 0.864: [ParNew: 5179K->0K(5248K), 0.0119800 secs] 46445K->43025K(68332K), 0.0120260 secs]
0.886: [GC 0.886: [ParNew: 5086K->0K(5248K), 0.0100860 secs] 48111K->44693K(68332K), 0.0101400 secs]
0.900: [GC [1 CMS-initial-mark: 44693K(63084K)] 44790K(68332K), 0.0000710 secs]
0.900: [CMS-concurrent-mark-start]
0.910: [CMS-concurrent-mark: 0.010/0.010 secs]
0.910: [CMS-concurrent-preclean-start]
0.911: [CMS-concurrent-preclean: 0.000/0.000 secs]
0.911: [CMS-concurrent-abortable-preclean-start]
0.912: [GC 0.912: [ParNew: 5179K->0K(5248K), 0.0159270 secs] 49872K->46451K(68332K), 0.0159920 secs]
0.938: [GC 0.938: [ParNew: 5179K->0K(5248K), 0.0062470 secs] 51630K->48209K(68332K), 0.0063130 secs]
0.952: [GC 0.952: [ParNew: 5179K->0K(5248K), 0.0052060 secs] 53388K->49870K(68332K), 0.0052660 secs]
0.968: [GC 0.968: [ParNew: 5179K->0K(5248K), 0.0079800 secs] 55049K->51628K(68332K), 0.0080470 secs]
0.986: [GC 0.986: [ParNew: 5179K->0K(5248K), 0.0061310 secs] 56807K->53386K(68332K), 0.0061790 secs]
1.002: [GC 1.002: [ParNew: 5179K->0K(5248K), 0.0099550 secs] 58565K->55047K(68332K), 0.0100170 secs]
1.024: [GC 1.024: [ParNew: 5179K->0K(5248K), 0.0104900 secs] 60226K->56805K(68332K), 0.0105440 secs]
1.046: [GC 1.046: [ParNew: 5179K->0K(5248K), 0.0099950 secs] 61984K->58563K(68332K), 0.0100750 secs]
1.063: [GC 1.063: [ParNew: 5179K->0K(5248K), 0.0073470 secs] 63742K->60224K(68332K), 0.0073970 secs]
1.070: [CMS-concurrent-abortable-preclean: 0.002/0.160 secs]
1.084: [GC[YG occupancy: 3420 K (5248 K)]1.084: [Rescan (parallel) , 0.0003550 secs]1.085: [weak refs processing, 0.0000150 secs] [1 CMS-remark: 60224K(63084K)] 63644K(68332K), 0.0004050 secs]
1.085: [CMS-concurrent-sweep-start]
1.085: [CMS-concurrent-sweep: 0.000/0.000 secs]
1.085: [CMS-concurrent-reset-start]
1.088: [GC 1.088: [ParNew: 5181K->0K(5248K), 0.0084450 secs] 65396K->61973K(105608K), 0.0085360 secs]
1.098: [CMS-concurrent-reset: 0.005/0.013 secs]
1.108: [GC 1.108: [ParNew: 6548K->0K(6656K), 0.0079040 secs] 68522K->64122K(107016K), 0.0079520 secs]
1.132: [GC 1.132: [ParNew: 6548K->0K(6656K), 0.0079770 secs] 70671K->66369K(107016K), 0.0080040 secs]
1.152: [GC 1.152: [ParNew: 6556K->0K(6656K), 0.0119750 secs] 72925K->68526K(107016K), 0.0120010 secs]
1.180: [GC 1.180: [ParNew: 6548K->0K(6656K), 0.0239790 secs] 75074K->70675K(107016K), 0.0240110 secs]
1.244: [GC 1.244: [ParNew: 6548K->0K(6656K), 0.0120070 secs] 77223K->72921K(107016K), 0.0120750 secs]
1.268: [GC 1.268: [ParNew: 6548K->0K(6656K), 0.0112890 secs] 79470K->75070K(107016K), 0.0113510 secs]
1.288: [GC 1.288: [ParNew: 6548K->0K(6656K), 0.0159920 secs] 81619K->77219K(107016K), 0.0160570 secs]
1.316: [GC [1 CMS-initial-mark: 77219K(100360K)] 80640K(107016K), 0.0000830 secs]
1.316: [CMS-concurrent-mark-start]
1.322: [CMS-concurrent-mark: 0.006/0.006 secs]
1.322: [CMS-concurrent-preclean-start]
1.323: [CMS-concurrent-preclean: 0.000/0.000 secs]
1.323: [CMS-concurrent-abortable-preclean-start]
1.324: [GC 1.325: [ParNew: 6548K->0K(6656K), 0.0078160 secs] 83768K->79466K(107016K), 0.0078920 secs]
1.345: [GC 1.345: [ParNew: 6548K->0K(6656K), 0.0036590 secs] 86015K->81615K(107016K), 0.0037090 secs]
1.356: [GC 1.356: [ParNew: 6548K->0K(6656K), 0.0055420 secs] 88163K->83764K(107016K), 0.0055920 secs]
1.370: [GC 1.370: [ParNew: 6548K->0K(6656K), 0.0141720 secs] 90312K->86011K(107016K), 0.0142490 secs]
1.396: [GC 1.396: [ParNew: 6548K->0K(6656K), 0.0078780 secs] 92559K->88159K(107016K), 0.0079250 secs]
1.404: [CMS-concurrent-abortable-preclean: 0.002/0.082 secs]
1.408: [GC[YG occupancy: 197 K (6656 K)]1.408: [Rescan (parallel) , 0.0002560 secs]1.409: [weak refs processing, 0.0000150 secs] [1 CMS-remark: 88159K(100360K)] 88357K(107016K), 0.0003140 secs]
1.409: [CMS-concurrent-sweep-start]
1.409: [CMS-concurrent-sweep: 0.000/0.000 secs]
1.409: [CMS-concurrent-reset-start]
1.414: [CMS-concurrent-reset: 0.005/0.005 secs]
1.417: [GC 1.417: [ParNew: 6550K->0K(6656K), 0.0152190 secs] 94705K->90303K(153584K), 0.0153340 secs]
1.453: [GC 1.453: [ParNew: 9674K->0K(9792K), 0.0031640 secs] 99977K->93527K(156720K), 0.0032730 secs]
1.476: [GC 1.476: [ParNew: 9674K->0K(9792K), 0.0103350 secs] 103201K->96750K(156720K), 0.0104060 secs]
1.513: [GC 1.513: [ParNew: 9686K->0K(9792K), 0.0050610 secs] 106436K->99985K(156720K), 0.0051340 secs]
1.532: [GC 1.532: [ParNew: 9674K->0K(9792K), 0.0078050 secs] 109660K->103209K(156720K), 0.0078690 secs]
1.564: [GC 1.564: [ParNew: 9674K->0K(9792K), 0.0080260 secs] 112883K->106432K(156720K), 0.0080690 secs]
1.592: [GC 1.592: [ParNew: 9674K->0K(9792K), 0.0159840 secs] 116106K->109656K(156720K), 0.0160540 secs]
1.640: [GC 1.640: [ParNew: 9674K->0K(9792K), 0.0079230 secs] 119330K->112879K(156720K), 0.0079660 secs]
1.676: [GC 1.676: [ParNew: 9674K->0K(9792K), 0.0119810 secs] 122553K->116102K(156720K), 0.0120080 secs]
1.720: [GC 1.720: [ParNew: 9674K->0K(9792K), 0.0079850 secs] 125777K->119326K(156720K), 0.0080590 secs]
1.756: [GC 1.756: [ParNew: 9674K->0K(9792K), 0.0055890 secs] 129000K->122549K(156720K), 0.0056700 secs]
1.764: [GC [1 CMS-initial-mark: 122549K(146928K)] 122647K(156720K), 0.0000780 secs]
1.764: [CMS-concurrent-mark-start]
1.775: [CMS-concurrent-mark: 0.010/0.010 secs]
1.775: [CMS-concurrent-preclean-start]
1.775: [CMS-concurrent-preclean: 0.000/0.000 secs]
1.775: [CMS-concurrent-abortable-preclean-start]
1.792: [GC 1.792: [ParNew: 9674K->0K(9792K), 0.0079240 secs] 132224K->125773K(156720K), 0.0080070 secs]
1.840: [GC 1.840: [ParNew: 9674K->0K(9792K), 0.0159430 secs] 135447K->128996K(156720K), 0.0159870 secs]
1.880: [GC 1.880: [ParNew: 9674K->0K(9792K), 0.0175200 secs] 138671K->132220K(156720K), 0.0175920 secs]
1.924: [GC 1.924: [ParNew: 9674K->0K(9792K), 0.0035550 secs] 141894K->135443K(156720K), 0.0036410 secs]
1.948: [GC 1.948: [ParNew: 9674K->0K(9792K), 0.0198670 secs] 145117K->138667K(156720K), 0.0199470 secs]
1.989: [GC 1.989: [ParNew: 9674K->0K(9792K), 0.0116200 secs] 148341K->141890K(156720K), 0.0116690 secs]
2.021: [GC 2.021: [ParNew: 9674K->0K(9792K), 0.0116390 secs] 151564K->145113K(156720K), 0.0116900 secs]
2.053: [GC 2.053: [ParNew: 9674K->0K(9792K), 0.0075450 secs] 154788K->148337K(159408K), 0.0076330 secs]
2.073: [GC 2.073: [ParNew: 9789K->0K(9920K), 0.0131100 secs] 158127K->151676K(163184K), 0.0131990 secs]
2.103: [GC 2.103: [ParNew: 10065K->0K(10176K), 0.0105420 secs] 161741K->154997K(166896K), 0.0106490 secs]
2.127: [GC 2.127: [ParNew: 10358K->0K(10432K), 0.0112500 secs] 165355K->158416K(170800K), 0.0113410 secs]
2.152: [GC 2.152: [ParNew: 10553K->0K(10688K), 0.0202690 secs] 168969K->161932K(174896K), 0.0203480 secs]
2.240: [GC 2.240: [ParNew: 10846K->0K(10944K), 0.0159570 secs] 172779K->165546K(178992K), 0.0159960 secs]
2.260: [CMS-concurrent-abortable-preclean: 0.006/0.485 secs]
2.260: [GC[YG occupancy: 97 K (11200 K)]2.260: [Rescan (parallel) , 0.0239020 secs]2.284: [weak refs processing, 0.0000150 secs] [1 CMS-remark: 165546K(168048K)] 165644K(179248K), 0.0239530 secs]
2.288: [CMS-concurrent-sweep-start]
2.289: [CMS-concurrent-sweep: 0.000/0.000 secs]
2.289: [CMS-concurrent-reset-start]
2.294: [CMS-concurrent-reset: 0.005/0.005 secs]
2.316: [GC 2.316: [ParNew: 11041K->0K(11200K), 0.0278910 secs] 176580K->169250K(287100K), 0.0279620 secs]
2.384: [GC 2.384: [ParNew: 18272K->0K(18368K), 0.0159110 secs] 187522K->175306K(294268K), 0.0160010 secs]
2.440: [GC 2.440: [ParNew: 18272K->0K(18368K), 0.0160260 secs] 193578K->181460K(294268K), 0.0161270 secs]
2.492: [GC 2.492: [ParNew: 18272K->0K(18368K), 0.0206650 secs] 199732K->187516K(294268K), 0.0207570 secs]
2.564: [GC 2.564: [ParNew: 18272K->0K(18368K), 0.0206930 secs] 205788K->193572K(294268K), 0.0207630 secs]
2.616: [GC 2.616: [ParNew: 18272K->0K(18368K), 0.0318990 secs] 211845K->199726K(294268K), 0.0319480 secs]
2.696: [GC 2.696: [ParNew: 18272K->0K(18368K), 0.0158730 secs] 217998K->205782K(294268K), 0.0159650 secs]
2.740: [GC 2.740: [ParNew: 18272K->0K(18368K), 0.0124430 secs] 224055K->211839K(294268K), 0.0125220 secs]
2.788: [GC 2.788: [ParNew: 18272K->0K(18368K), 0.0122780 secs] 230111K->217992K(294268K), 0.0123620 secs]
2.832: [GC 2.832: [ParNew: 18272K->0K(18368K), 0.0244740 secs] 236264K->224049K(294268K), 0.0245640 secs]
2.889: [GC 2.889: [ParNew: 18299K->0K(18368K), 0.0230690 secs] 242348K->230132K(294268K), 0.0231240 secs]
2.928: [GC [1 CMS-initial-mark: 230132K(275900K)] 233552K(294268K), 0.0000900 secs]
2.928: [CMS-concurrent-mark-start]
2.935: [CMS-concurrent-mark: 0.007/0.007 secs]
2.935: [CMS-concurrent-preclean-start]
2.936: [CMS-concurrent-preclean: 0.001/0.001 secs]
2.936: [CMS-concurrent-abortable-preclean-start]
2.956: [GC 2.956: [ParNew: 18274K->0K(18368K), 0.0159150 secs] 248406K->236285K(294268K), 0.0159620 secs]
3.003: [GC 3.003: [ParNew: 18272K->0K(18368K), 0.0245800 secs] 254557K->242342K(294268K), 0.0246140 secs]
3.064: [GC 3.064: [ParNew: 18272K->0K(18368K), 0.0090760 secs] 260614K->248398K(294268K), 0.0091490 secs]
3.105: [GC 3.105: [ParNew: 18272K->0K(18368K), 0.2163210 secs] 266670K->254551K(294268K), 0.2164090 secs]
3.353: [GC 3.353: [ParNew: 18272K->0K(18368K), 0.0152000 secs] 272824K->260608K(294268K), 0.0152880 secs]
3.400: [GC 3.400: [ParNew: 18272K->0K(18368K), 0.0165710 secs] 278880K->266664K(294268K), 0.0166580 secs]
3.444: [GC 3.444: [ParNew: 18272K->0K(18368K), 0.0245200 secs] 284936K->272818K(294268K), 0.0245980 secs]
3.516: [GC 3.516: [ParNew: 18272K->0K(18368K), 0.0166860 secs] 291090K->278874K(300028K), 0.0167780 secs]
3.568: [GC 3.573: [ParNew: 18662K->0K(18752K), 0.0131840 secs] 297537K->285125K(307132K), 0.0132790 secs]
3.648: [GC 3.648: [ParNew: 19055K->0K(19200K), 0.0140840 secs] 304181K->291474K(314492K), 0.0141880 secs]
3.664: [CMS-concurrent-abortable-preclean: 0.009/0.728 secs]
3.676: [GC[YG occupancy: 1564 K (19648 K)]3.676: [Rescan (parallel) , 0.0079840 secs]3.684: [weak refs processing, 0.0000170 secs] [1 CMS-remark: 291474K(295292K)] 293039K(314940K), 0.0080460 secs]
3.684: [CMS-concurrent-sweep-start]
3.685: [CMS-concurrent-sweep: 0.000/0.000 secs]
3.685: [CMS-concurrent-reset-start]
3.698: [CMS-concurrent-reset: 0.012/0.012 secs]
3.732: [GC 3.732: [ParNew: 19543K->0K(19648K), 0.0171590 secs] 310988K->297891K(505392K), 0.0172750 secs]
3.793: [GC 3.793: [ParNew: 21106K->0K(21184K), 0.0254170 secs] 318998K->304924K(506928K), 0.0255020 secs]
3.855: [GC 3.855: [ParNew: 21106K->0K(21184K), 0.0271170 secs] 326031K->311957K(506928K), 0.0272030 secs]
3.921: [GC 3.921: [ParNew: 21106K->0K(21184K), 0.0179890 secs] 333064K->318990K(506928K), 0.0180740 secs]
3.996: [GC 3.996: [ParNew: 21106K->0K(21184K), 0.0197230 secs] 340097K->326023K(506928K), 0.0198050 secs]
4.084: [GC 4.084: [ParNew: 21106K->0K(21184K), 0.0198970 secs] 347130K->333056K(506928K), 0.0199810 secs]
4.148: [GC 4.148: [ParNew: 21049K->0K(21184K), 0.0159010 secs] 354106K->340129K(506928K), 0.0159870 secs]
4.226: [GC 4.226: [ParNew: 21106K->0K(21184K), 0.0226280 secs] 361236K->347162K(506928K), 0.0227140 secs]
4.290: [GC 4.290: [ParNew: 21106K->0K(21184K), 0.0195110 secs] 368269K->354195K(506928K), 0.0195960 secs]
4.348: [GC 4.348: [ParNew: 21106K->0K(21184K), 0.0198340 secs] 375302K->361228K(506928K), 0.0199230 secs]
4.403: [GC 4.403: [ParNew: 21106K->0K(21184K), 0.0168490 secs] 382335K->368261K(506928K), 0.0169440 secs]
4.463: [GC 4.463: [ParNew: 21106K->0K(21184K), 0.0107130 secs] 389368K->375294K(506928K), 0.0108000 secs]
4.509: [GC 4.509: [ParNew: 21106K->0K(21184K), 0.0273140 secs] 396401K->382327K(506928K), 0.0274020 secs]
4.600: [GC 4.600: [ParNew: 21106K->0K(21184K), 0.0278360 secs] 403434K->389360K(506928K), 0.0279100 secs]
4.684: [GC 4.684: [ParNew: 21106K->0K(21184K), 0.0279080 secs] 410467K->396393K(506928K), 0.0279910 secs]
4.751: [GC 4.751: [ParNew: 21106K->0K(21184K), 0.2730790 secs] 417500K->403426K(506928K), 0.2731460 secs]
5.072: [GC 5.072: [ParNew: 21106K->0K(21184K), 0.0319250 secs] 424533K->410459K(506928K), 0.0320080 secs]
5.139: [GC 5.139: [ParNew: 21106K->0K(21184K), 0.0210720 secs] 431566K->417492K(506928K), 0.0211640 secs]
5.260: [GC 5.260: [ParNew: 21106K->0K(21184K), 0.0224190 secs] 438598K->424525K(506928K), 0.0224640 secs]
5.338: [GC 5.338: [ParNew: 21106K->0K(21184K), 0.0238820 secs] 445631K->431558K(506928K), 0.0239490 secs]
5.409: [GC 5.409: [ParNew: 21106K->0K(21184K), 0.0138890 secs] 452664K->438590K(506928K), 0.0139500 secs]
5.423: [GC [1 CMS-initial-mark: 438590K(485744K)] 438688K(506928K), 0.0000670 secs]
5.423: [CMS-concurrent-mark-start]
5.434: [CMS-concurrent-mark: 0.011/0.011 secs]
5.434: [CMS-concurrent-preclean-start]
5.435: [CMS-concurrent-preclean: 0.001/0.001 secs]
5.435: [GC[YG occupancy: 97 K (21184 K)]5.435: [Rescan (parallel) , 0.0071250 secs]5.443: [weak refs processing, 0.0000120 secs] [1 CMS-remark: 438590K(485744K)] 438688K(506928K), 0.0071890 secs]
5.443: [CMS-concurrent-sweep-start]
5.444: [CMS-concurrent-sweep: 0.001/0.001 secs]
5.444: [CMS-concurrent-reset-start]
5.448: [CMS-concurrent-reset: 0.004/0.004 secs]
5.496: [GC 5.496: [ParNew: 21106K->0K(21184K), 0.0241510 secs] 459670K->445596K(752128K), 0.0242020 secs]
5.576: [GC 5.576: [ParNew: 21106K->0K(21184K), 0.0286150 secs] 466703K->452629K(752128K), 0.0286680 secs]
5.651: [GC 5.651: [ParNew: 21106K->0K(21184K), 0.0288840 secs] 473736K->459662K(752128K), 0.0289290 secs]
5.728: [GC 5.728: [ParNew: 21106K->0K(21184K), 0.0140900 secs] 480769K->466695K(752128K), 0.0141540 secs]
5.773: [GC 5.773: [ParNew: 21106K->0K(21184K), 0.0155560 secs] 487802K->473728K(752128K), 0.0156440 secs]
5.815: [GC 5.815: [ParNew: 21106K->0K(21184K), 0.0161400 secs] 494835K->480761K(752128K), 0.0162270 secs]
5.859: [GC 5.859: [ParNew: 21106K->0K(21184K), 0.0138350 secs] 501868K->487794K(752128K), 0.0139140 secs]
5.900: [GC 5.900: [ParNew: 21106K->0K(21184K), 0.0205740 secs] 508901K->494827K(752128K), 0.0206600 secs]
5.951: [GC 5.951: [ParNew: 21106K->0K(21184K), 0.0249720 secs] 515934K->501860K(752128K), 0.0250610 secs]
6.024: [GC 6.024: [ParNew: 21069K->0K(21184K), 0.0143920 secs] 522930K->508953K(752128K), 0.0144650 secs]
6.082: [GC 6.082: [ParNew: 21106K->0K(21184K), 0.0184680 secs] 530060K->515986K(752128K), 0.0185400 secs]
6.144: [GC 6.144: [ParNew: 21106K->0K(21184K), 0.0166910 secs] 537093K->523019K(752128K), 0.0167600 secs]
6.219: [GC 6.219: [ParNew: 21106K->0K(21184K), 0.0170400 secs] 544126K->530052K(752128K), 0.0171210 secs]
6.272: [GC 6.272: [ParNew: 21106K->0K(21184K), 0.2162800 secs] 551159K->537085K(752128K), 0.2163620 secs]
6.528: [GC 6.528: [ParNew: 21106K->0K(21184K), 0.0199620 secs] 558192K->544118K(752128K), 0.0200050 secs]
6.592: [GC 6.592: [ParNew: 21106K->0K(21184K), 0.0159730 secs] 565225K->551151K(752128K), 0.0160170 secs]
6.652: [GC 6.652: [ParNew: 21106K->0K(21184K), 0.0162780 secs] 572258K->558184K(752128K), 0.0163240 secs]
6.708: [GC 6.708: [ParNew: 21106K->0K(21184K), 0.0246060 secs] 579291K->565217K(752128K), 0.0246920 secs]
6.776: [GC 6.776: [ParNew: 21106K->0K(21184K), 0.0207400 secs] 586324K->572250K(752128K), 0.0208010 secs]
6.840: [GC 6.840: [ParNew: 21106K->0K(21184K), 0.0204210 secs] 593357K->579283K(752128K), 0.0205170 secs]
6.911: [GC 6.911: [ParNew: 21106K->0K(21184K), 0.0522970 secs] 600390K->586316K(752128K), 0.0523750 secs]
7.017: [GC 7.017: [ParNew: 21106K->0K(21184K), 0.0170450 secs] 607423K->593349K(752128K), 0.0171240 secs]
7.091: [GC 7.091: [ParNew: 21106K->0K(21184K), 0.0257940 secs] 614456K->600382K(752128K), 0.0258760 secs]
7.154: [GC 7.154: [ParNew: 21106K->0K(21184K), 0.0274050 secs] 621488K->607415K(752128K), 0.0274920 secs]
7.263: [GC 7.263: [ParNew: 21106K->0K(21184K), 0.0311400 secs] 628521K->614448K(752128K), 0.0312240 secs]
7.332: [GC 7.332: [ParNew: 21106K->0K(21184K), 0.0284440 secs] 635554K->621480K(752128K), 0.0285380 secs]
7.392: [GC 7.392: [ParNew: 21106K->0K(21184K), 0.0286450 secs] 642587K->628513K(752128K), 0.0287240 secs]
7.484: [GC 7.484: [ParNew: 21106K->0K(21184K), 0.0240570 secs] 649620K->635546K(752128K), 0.0241460 secs]
7.551: [GC 7.552: [ParNew: 21106K->0K(21184K), 0.0367550 secs] 656653K->642579K(752128K), 0.0368420 secs]
7.647: [GC 7.647: [ParNew: 21106K->0K(21184K), 0.0273820 secs] 663686K->649612K(752128K), 0.0274620 secs]
7.714: [GC 7.714: [ParNew: 21106K->0K(21184K), 0.0301220 secs] 670719K->656645K(752128K), 0.0302120 secs]
7.799: [GC 7.799: [ParNew: 21106K->0K(21184K), 0.0239540 secs] 677752K->663678K(752128K), 0.0240420 secs]
7.883: [GC 7.883: [ParNew: 21106K->0K(21184K), 0.0510680 secs] 684785K->670711K(752128K), 0.0511430 secs]
7.971: [GC 7.971: [ParNew: 21106K->0K(21184K), 0.0291410 secs] 691818K->677744K(752128K), 0.0292110 secs]
8.004: [GC [1 CMS-initial-mark: 677744K(730944K)] 677842K(752128K), 0.0000770 secs]
8.004: [CMS-concurrent-mark-start]
8.012: [CMS-concurrent-mark: 0.008/0.008 secs]
8.012: [CMS-concurrent-preclean-start]
8.014: [CMS-concurrent-preclean: 0.002/0.002 secs]
8.014: [CMS-concurrent-abortable-preclean-start]
8.064: [GC 8.064: [ParNew: 21106K->0K(21184K), 0.0199820 secs] 698851K->684777K(752128K), 0.0200790 secs]
8.125: [GC 8.125: [ParNew: 21106K->0K(21184K), 0.0222450 secs] 705884K->691810K(752128K), 0.0223230 secs]
8.208: [GC 8.208: [ParNew: 21106K->0K(21184K), 0.0204570 secs] 712917K->698843K(752128K), 0.0205400 secs]
8.229: [CMS-concurrent-abortable-preclean: 0.008/0.215 secs]
8.248: [GC[YG occupancy: 3225 K (21184 K)]8.248: [Rescan (parallel) , 0.0030520 secs]8.251: [weak refs processing, 0.0000150 secs] [1 CMS-remark: 698843K(730944K)] 702068K(752128K), 0.0031110 secs]
8.256: [CMS-concurrent-sweep-start]
8.258: [CMS-concurrent-sweep: 0.002/0.002 secs]
8.258: [CMS-concurrent-reset-start]
8.262: [CMS-concurrent-reset: 0.004/0.004 secs]
8.312: [GC 8.312: [ParNew: 21106K->0K(21184K), 0.0253550 secs] 719909K->705835K(819136K), 0.0254500 secs]
8.388: [GC 8.388: [ParNew: 21106K->0K(21184K), 0.0193770 secs] 726942K->712868K(819136K), 0.0194510 secs]
8.456: [GC 8.456: [ParNew: 21106K->0K(21184K), 0.0281750 secs] 733975K->719901K(819136K), 0.0282490 secs]
8.539: [GC 8.539: [ParNew: 21106K->0K(21184K), 0.0267550 secs] 741008K->726934K(819136K), 0.0268310 secs]
8.611: [GC 8.611: [ParNew: 21106K->0K(21184K), 0.0283900 secs] 748041K->733967K(819136K), 0.0284660 secs]
8.695: [GC 8.695: [ParNew: 21106K->0K(21184K), 0.0282450 secs] 755074K->741000K(819136K), 0.0283210 secs]
8.724: [GC [1 CMS-initial-mark: 741000K(797952K)] 741098K(819136K), 0.0000780 secs]
8.724: [CMS-concurrent-mark-start]
8.733: [CMS-concurrent-mark: 0.008/0.008 secs]
8.733: [CMS-concurrent-preclean-start]
8.735: [CMS-concurrent-preclean: 0.002/0.002 secs]
8.735: [CMS-concurrent-abortable-preclean-start]
8.778: [GC 8.778: [ParNew: 21106K->0K(21184K), 0.0263520 secs] 762107K->748033K(819136K), 0.0264360 secs]
8.855: [GC 8.855: [ParNew: 21106K->0K(21184K), 0.0218740 secs] 769140K->755066K(819136K), 0.0219520 secs]
8.911: [GC 8.911: [ParNew: 21099K->0K(21184K), 0.0192640 secs] 776166K->762092K(819136K), 0.0193530 secs]
8.962: [GC 8.962: [ParNew: 21106K->0K(21184K), 0.0280140 secs] 783199K->769125K(819136K), 0.0281060 secs]
9.020: [GC 9.020: [ParNew: 21106K->0K(21184K), 0.0283550 secs] 790232K->776158K(819136K), 0.0284450 secs]
9.082: [GC 9.082: [ParNew: 21106K->0K(21184K), 0.0183970 secs] 797265K->783191K(819136K), 0.0184820 secs]
9.132: [GC 9.132: [ParNew: 21106K->0K(21184K), 0.0130790 secs] 804298K->790224K(819136K), 0.0131640 secs]
9.194: [GC 9.194: [ParNew (promotion failed): 21106K->21106K(21184K), 0.0232370 secs]9.217: [CMS9.272: [CMS-concurrent-abortable-preclean: 0.026/0.538 secs]
 (concurrent mode failure): 794229K->797188K(797952K), 0.4859040 secs] 811331K->797188K(819136K), 0.5093000 secs]
9.732: [GC 9.732: [ParNew: 21106K->21106K(21184K), 0.0000120 secs]9.732: [CMS (concurrent mode failure): 797188K->797872K(797952K), 0.0164370 secs] 818295K->804221K(819136K), 0.0165820 secs]
9.756: [GC [1 CMS-initial-mark: 797872K(797952K)] 807349K(819136K), 0.0001010 secs]
9.756: [CMS-concurrent-mark-start]
9.764: [CMS-concurrent-mark: 0.008/0.008 secs]
9.764: [CMS-concurrent-preclean-start]
9.769: [CMS-concurrent-preclean: 0.004/0.004 secs]
9.769: [CMS-concurrent-abortable-preclean-start]
9.769: [CMS-concurrent-abortable-preclean: 0.000/0.000 secs]
9.771: [Full GC 9.771: [CMS (concurrent mode failure): 797872K->797872K(797952K), 0.0223660 secs] 818977K->809203K(819136K), [CMS Perm : 2211K->2211K(21248K)], 0.0224820 secs]
9.817: [Full GC 9.818: [CMS (concurrent mode failure): 797872K->797869K(797952K), 0.2982550 secs] 818975K->812423K(819136K), [CMS Perm : 2211K->2210K(21248K)], 0.2983810 secs]
10.124: [GC [1 CMS-initial-mark: 797869K(797952K)] 812718K(819136K), 0.0001130 secs]
10.124: [CMS-concurrent-mark-start]
10.132: [CMS-concurrent-mark: 0.007/0.007 secs]
10.132: [CMS-concurrent-preclean-start]
10.136: [CMS-concurrent-preclean: 0.004/0.004 secs]
10.136: [CMS-concurrent-abortable-preclean-start]
10.136: [CMS-concurrent-abortable-preclean: 0.000/0.000 secs]
10.140: [GC[YG occupancy: 20712 K (21184 K)]10.140: [Rescan (parallel) , 0.0081490 secs]10.148: [weak refs processing, 0.0000060 secs] [1 CMS-remark: 797869K(797952K)] 818581K(819136K), 0.0082090 secs]
10.149: [CMS-concurrent-sweep-start]
10.150: [Full GC 10.150: [CMS10.157: [CMS-concurrent-sweep: 0.001/0.008 secs]
 (concurrent mode failure): 797869K->797869K(797952K), 0.0234390 secs] 818974K->814572K(819136K), [CMS Perm : 2210K->2210K(21248K)], 0.0235510 secs]
10.180: [Full GC 10.180: [CMS (concurrent mode failure): 797869K->797869K(797952K), 0.0648480 secs] 818970K->816037K(819136K), [CMS Perm : 2210K->2210K(21248K)], 0.0649620 secs]
10.250: [GC [1 CMS-initial-mark: 797869K(797952K)] 818872K(819136K), 0.0001240 secs]
10.251: [CMS-concurrent-mark-start]
10.256: [Full GC 10.256: [CMS10.264: [CMS-concurrent-mark: 0.007/0.013 secs]
 (concurrent mode failure): 797869K->797869K(797952K), 0.0249740 secs] 818972K->817014K(819136K), [CMS Perm : 2210K->2210K(21248K)], 0.0250800 secs]
10.284: [Full GC 10.284: [CMS (concurrent mode failure): 797869K->797869K(797952K), 0.0173110 secs] 818970K->817698K(819136K), [CMS Perm : 2210K->2210K(21248K)], 0.0174150 secs]
10.303: [Full GC 10.303: [CMS (concurrent mode failure): 797869K->797869K(797952K), 0.0212840 secs] 818970K->818089K(819136K), [CMS Perm : 2210K->2210K(21248K)], 0.0213870 secs]
10.326: [Full GC 10.326: [CMS (concurrent mode failure): 797869K->797869K(797952K), 0.0168630 secs] 818970K->818382K(819136K), [CMS Perm : 2210K->2210K(21248K)], 0.0169820 secs]
10.344: [Full GC 10.344: [CMS (concurrent mode failure): 797869K->797869K(797952K), 0.0133550 secs] 818970K->818577K(819136K), [CMS Perm : 2210K->2210K(21248K)], 0.0134710 secs]
10.358: [Full GC 10.358: [CMS (concurrent mode failure): 797869K->797869K(797952K), 0.0136470 secs] 818970K->818772K(819136K), [CMS Perm : 2210K->2210K(21248K)], 0.0137690 secs]
10.372: [GC [1 CMS-initial-mark: 797869K(797952K)] 818870K(819136K), 0.0001200 secs]
10.372: [CMS-concurrent-mark-start]
10.375: [Full GC 10.375: [CMS10.384: [CMS-concurrent-mark: 0.007/0.012 secs]
 (concurrent mode failure): 797869K->797869K(797952K), 0.0253540 secs] 818970K->818772K(819136K), [CMS Perm : 2210K->2210K(21248K)], 0.0254600 secs]
10.401: [Full GC 10.401: [CMS (concurrent mode failure): 797869K->797869K(797952K), 0.0169950 secs] 818970K->818870K(819136K), [CMS Perm : 2210K->2210K(21248K)], 0.0170990 secs]
10.419: [GC [1 CMS-initial-mark: 797869K(797952K)] 818968K(819136K), 0.0001220 secs]
10.419: [CMS-concurrent-mark-start]
10.420: [Full GC 10.420: [CMS10.427: [CMS-concurrent-mark: 0.007/0.008 secs]
 (concurrent mode failure): 797869K->797869K(797952K), 0.0196490 secs] 818968K->818870K(819136K), [CMS Perm : 2210K->2210K(21248K)], 0.0197550 secs]
10.440: [Full GC 10.440: [CMS (concurrent mode failure): 797869K->797869K(797952K), 0.0210740 secs] 818968K->818968K(819136K), [CMS Perm : 2210K->2210K(21248K)], 0.0211770 secs]
10.462: [Full GC 10.462: [CMS (concurrent mode failure): 797869K->797869K(797952K), 0.0213590 secs] 818968K->818968K(819136K), [CMS Perm : 2210K->2210K(21248K)], 0.0214650 secs]
10.483: [GC [1 CMS-initial-mark: 797869K(797952K)] 818968K(819136K), 0.0001220 secs]
10.484: [CMS-concurrent-mark-start]
10.495: [CMS-concurrent-mark: 0.011/0.011 secs]
10.495: [CMS-concurrent-preclean-start]
10.499: [CMS-concurrent-preclean: 0.004/0.004 secs]
10.499: [CMS-concurrent-abortable-preclean-start]
10.499: [CMS-concurrent-abortable-preclean: 0.000/0.000 secs]
10.499: [GC[YG occupancy: 21120 K (21184 K)]10.499: [Rescan (parallel) , 0.0130460 secs]10.512: [weak refs processing, 0.0000040 secs] [1 CMS-remark: 797869K(797952K)] 818989K(819136K), 0.0131280 secs]
10.512: [CMS-concurrent-sweep-start]
10.514: [CMS-concurrent-sweep: 0.002/0.002 secs]
10.514: [CMS-concurrent-reset-start]
10.518: [CMS-concurrent-reset: 0.004/0.004 secs]
