2013-07-19T10:37:20.559-0700: 17.648: [GC
Desired survivor size 33554432 bytes, new threshold 7 (max 15)
 [PSYoungGen: 196608K->8987K(229376K)] 196608K->8987K(5210112K), 0.0164560 secs] [Times: user=0.08 sys=0.00, real=0.02 secs] 
2013-07-19T10:37:23.031-0700: 20.120: [GC
Desired survivor size 33554432 bytes, new threshold 7 (max 15)
 [PSYoungGen: 205595K->17589K(229376K)] 205595K->17589K(5210112K), 0.0150280 secs] [Times: user=0.08 sys=0.03, real=0.02 secs] 
2013-07-19T10:37:25.494-0700: 22.583: [GC
Desired survivor size 33554432 bytes, new threshold 7 (max 15)
 [PSYoungGen: 214197K->26411K(229376K)] 214197K->26411K(5210112K), 0.0222630 secs] [Times: user=0.12 sys=0.02, real=0.03 secs] 
2013-07-19T10:37:29.000-0700: 26.089: [GC
Desired survivor size 33554432 bytes, new threshold 7 (max 15)
 [PSYoungGen: 223019K->32752K(229376K)] 223019K->39642K(5210112K), 0.0364900 secs] [Times: user=0.20 sys=0.04, real=0.04 secs] 
2013-07-19T10:37:37.105-0700: 34.194: [GC
Desired survivor size 58064896 bytes, new threshold 6 (max 15)
 [PSYoungGen: 229360K->32766K(224512K)] 236250K->53307K(5205248K), 0.0393470 secs] [Times: user=0.23 sys=0.04, real=0.04 secs] 
2013-07-19T10:37:37.850-0700: 34.939: [GC
Desired survivor size 56819712 bytes, new threshold 5 (max 15)
 [PSYoungGen: 224510K->33820K(249664K)] 245051K->54361K(5230400K), 0.0264740 secs] [Times: user=0.17 sys=0.03, real=0.02 secs] 
2013-07-19T10:37:38.356-0700: 35.445: [GC
Desired survivor size 54132736 bytes, new threshold 4 (max 15)
 [PSYoungGen: 226780K->23759K(248448K)] 247321K->55402K(5229184K), 0.0249520 secs] [Times: user=0.18 sys=0.01, real=0.03 secs] 
2013-07-19T10:37:38.810-0700: 35.899: [GC
Desired survivor size 54067200 bytes, new threshold 3 (max 15)
 [PSYoungGen: 216719K->13213K(438656K)] 248362K->56426K(5419392K), 0.0211200 secs] [Times: user=0.12 sys=0.04, real=0.02 secs] 
2013-07-19T10:37:39.623-0700: 36.712: [GC
Desired survivor size 55246848 bytes, new threshold 2 (max 15)
 [PSYoungGen: 399133K->4256K(438720K)] 442346K->58565K(5419456K), 0.0153200 secs] [Times: user=0.10 sys=0.02, real=0.02 secs] 
2013-07-19T10:37:40.374-0700: 37.463: [GC
Desired survivor size 55574528 bytes, new threshold 1 (max 15)
 [PSYoungGen: 390176K->4256K(671104K)] 444485K->60629K(5651840K), 0.0073430 secs] [Times: user=0.03 sys=0.02, real=0.01 secs] 
2013-07-19T10:37:41.548-0700: 38.637: [GC
Desired survivor size 55443456 bytes, new threshold 1 (max 15)
 [PSYoungGen: 621408K->3424K(671424K)] 677781K->63949K(5652160K), 0.0093130 secs] [Times: user=0.05 sys=0.02, real=0.01 secs] 
2013-07-19T10:39:48.513-0700: 165.602: [GC
Desired survivor size 54525952 bytes, new threshold 1 (max 15)
 [PSYoungGen: 620576K->5576K(992384K)] 681101K->69421K(5973120K), 0.0096300 secs] [Times: user=0.06 sys=0.02, real=0.01 secs] 
2013-07-19T10:43:06.037-0700: 363.126: [GC
Desired survivor size 53346304 bytes, new threshold 1 (max 15)
 [PSYoungGen: 945736K->5000K(993408K)] 1009581K->69757K(5974144K), 0.0058550 secs] [Times: user=0.02 sys=0.01, real=0.00 secs] 
2013-07-19T10:46:38.420-0700: 575.509: [GC
Desired survivor size 51838976 bytes, new threshold 1 (max 15)
 [PSYoungGen: 944794K->5096K(908672K)] 1009552K->70229K(5889408K), 0.0044480 secs] [Times: user=0.03 sys=0.00, real=0.00 secs] 
2013-07-19T10:50:08.604-0700: 785.693: [GC
Desired survivor size 50266112 bytes, new threshold 1 (max 15)
 [PSYoungGen: 906408K->4973K(869312K)] 971541K->70603K(5850048K), 0.0056290 secs] [Times: user=0.03 sys=0.00, real=0.00 secs] 
2013-07-19T10:53:13.326-0700: 970.414: [GC
Desired survivor size 48365568 bytes, new threshold 1 (max 15)
 [PSYoungGen: 869293K->5616K(834752K)] 934923K->72079K(5815488K), 0.0068420 secs] [Times: user=0.02 sys=0.02, real=0.01 secs] 
2013-07-19T10:56:40.948-0700: 1178.037: [GC
Desired survivor size 46727168 bytes, new threshold 1 (max 15)
 [PSYoungGen: 834736K->4066K(799744K)] 901199K->71018K(5780480K), 0.0034350 secs] [Times: user=0.02 sys=0.00, real=0.01 secs] 
2013-07-19T10:59:46.298-0700: 1363.386: [GC
Desired survivor size 44695552 bytes, new threshold 1 (max 15)
 [PSYoungGen: 799714K->5160K(768960K)] 866666K->72719K(5749696K), 0.0053730 secs] [Times: user=0.02 sys=0.00, real=0.01 secs] 
2013-07-19T11:00:01.877-0700: 1378.966: [GC
Desired survivor size 48627712 bytes, new threshold 1 (max 15)
 [PSYoungGen: 768936K->30977K(764480K)] 836495K->99143K(5745216K), 0.0223580 secs] [Times: user=0.12 sys=0.00, real=0.02 secs] 
2013-07-19T11:00:06.152-0700: 1383.240: [GC
Desired survivor size 53739520 bytes, new threshold 1 (max 15)
 [PSYoungGen: 764417K->36576K(741184K)] 832583K->131582K(5721920K), 0.0463860 secs] [Times: user=0.28 sys=0.04, real=0.05 secs] 
2013-07-19T11:00:09.490-0700: 1386.578: [GC
Desired survivor size 57081856 bytes, new threshold 1 (max 15)
 [PSYoungGen: 741152K->34964K(712064K)] 836158K->162742K(5692800K), 0.0576470 secs] [Times: user=0.36 sys=0.05, real=0.06 secs] 
2013-07-19T11:00:12.469-0700: 1389.558: [GC
Desired survivor size 58720256 bytes, new threshold 1 (max 15)
 [PSYoungGen: 712020K->32576K(795904K)] 839798K->192905K(5776640K), 0.0539490 secs] [Times: user=0.35 sys=0.03, real=0.05 secs] 
2013-07-19T11:00:20.736-0700: 1397.824: [GC
Desired survivor size 58195968 bytes, new threshold 1 (max 15)
 [PSYoungGen: 795072K->28581K(760832K)] 955401K->219171K(5741568K), 0.0556830 secs] [Times: user=0.35 sys=0.05, real=0.05 secs] 
2013-07-19T11:00:22.267-0700: 1399.356: [GC
Desired survivor size 57344000 bytes, new threshold 1 (max 15)
 [PSYoungGen: 760805K->4400K(789888K)] 951395K->222140K(5770624K), 0.0391430 secs] [Times: user=0.26 sys=0.04, real=0.04 secs] 
2013-07-19T11:00:23.446-0700: 1400.535: [GC
Desired survivor size 54722560 bytes, new threshold 1 (max 15)
 [PSYoungGen: 739504K->12057K(791104K)] 957244K->234102K(5771840K), 0.0148280 secs] [Times: user=0.10 sys=0.01, real=0.01 secs] 
2013-07-19T11:00:24.322-0700: 1401.411: [GC
Desired survivor size 52494336 bytes, new threshold 1 (max 15)
 [PSYoungGen: 747161K->10208K(989568K)] 969206K->243378K(5970304K), 0.0217730 secs] [Times: user=0.14 sys=0.01, real=0.02 secs] 
2013-07-19T11:00:25.808-0700: 1402.897: [GC
Desired survivor size 50921472 bytes, new threshold 1 (max 15)
 [PSYoungGen: 949344K->6528K(990400K)] 1182514K->249585K(5971136K), 0.0202310 secs] [Times: user=0.08 sys=0.01, real=0.02 secs] 
2013-07-19T11:00:26.988-0700: 1404.077: [GC
Desired survivor size 48889856 bytes, new threshold 1 (max 15)
 [PSYoungGen: 945664K->19859K(994048K)] 1188721K->269105K(5974784K), 0.0237500 secs] [Times: user=0.12 sys=0.04, real=0.02 secs] 
2013-07-19T11:00:29.031-0700: 1406.119: [GC
Desired survivor size 48431104 bytes, new threshold 1 (max 15)
 [PSYoungGen: 967443K->23874K(995328K)] 1216689K->292866K(5976064K), 0.0376450 secs] [Times: user=0.21 sys=0.07, real=0.04 secs] 
2013-07-19T11:00:33.792-0700: 1410.880: [GC
Desired survivor size 55771136 bytes, new threshold 1 (max 15)
 [PSYoungGen: 971458K->44885K(986944K)] 1240450K->336718K(5967680K), 0.0595070 secs] [Times: user=0.30 sys=0.07, real=0.06 secs] 
2013-07-19T11:00:45.576-0700: 1422.665: [GC
Desired survivor size 63373312 bytes, new threshold 1 (max 15)
 [PSYoungGen: 984532K->49584K(989248K)] 1276365K->355571K(5969984K), 0.0466640 secs] [Times: user=0.15 sys=0.06, real=0.05 secs] 
2013-07-19T11:00:48.235-0700: 1425.324: [GC
Desired survivor size 61276160 bytes, new threshold 1 (max 15)
 [PSYoungGen: 989232K->12430K(988224K)] 1295219K->359491K(5968960K), 0.0324250 secs] [Times: user=0.20 sys=0.04, real=0.03 secs] 
2013-07-19T11:00:49.629-0700: 1426.718: [GC
Desired survivor size 60162048 bytes, new threshold 1 (max 15)
 [PSYoungGen: 941326K->6466K(935424K)] 1288387K->364559K(5916160K), 0.0159900 secs] [Times: user=0.08 sys=0.02, real=0.01 secs] 
2013-07-19T11:00:51.211-0700: 1428.300: [GC
Desired survivor size 58392576 bytes, new threshold 1 (max 15)
 [PSYoungGen: 935362K->8027K(989888K)] 1293455K->371511K(5970624K), 0.0146450 secs] [Times: user=0.08 sys=0.01, real=0.01 secs] 
2013-07-19T11:00:55.425-0700: 1432.514: [GC
Desired survivor size 56360960 bytes, new threshold 1 (max 15)
 [PSYoungGen: 939163K->8822K(901568K)] 1302647K->377213K(5882304K), 0.0187050 secs] [Times: user=0.08 sys=0.01, real=0.02 secs] 
2013-07-19T11:00:57.000-0700: 1434.089: [GC
Desired survivor size 54198272 bytes, new threshold 1 (max 15)
 [PSYoungGen: 901558K->8644K(870464K)] 1269949K->381271K(5851200K), 0.0124020 secs] [Times: user=0.06 sys=0.01, real=0.02 secs] 
2013-07-19T11:00:57.954-0700: 1435.043: [GC
Desired survivor size 52428800 bytes, new threshold 1 (max 15)
 [PSYoungGen: 864836K->6384K(909120K)] 1237463K->386027K(5889856K), 0.0136020 secs] [Times: user=0.08 sys=0.01, real=0.01 secs] 
2013-07-19T11:00:59.080-0700: 1436.168: [GC
Desired survivor size 50331648 bytes, new threshold 1 (max 15)
 [PSYoungGen: 862576K->7744K(989824K)] 1242219K->391118K(5970560K), 0.0114600 secs] [Times: user=0.06 sys=0.02, real=0.02 secs] 
2013-07-19T11:01:04.467-0700: 1441.556: [GC
Desired survivor size 47185920 bytes, new threshold 1 (max 15)
 [PSYoungGen: 952192K->13345K(918784K)] 1335566K->403434K(5899520K), 0.0176070 secs] [Times: user=0.10 sys=0.01, real=0.02 secs] 
2013-07-19T11:01:08.229-0700: 1445.318: [GC
Desired survivor size 45547520 bytes, new threshold 1 (max 15)
 [PSYoungGen: 918753K->6652K(874880K)] 1308842K->404431K(5855616K), 0.0185760 secs] [Times: user=0.07 sys=0.01, real=0.02 secs] 
2013-07-19T11:01:11.779-0700: 1448.868: [GC
Desired survivor size 44367872 bytes, new threshold 1 (max 15)
 [PSYoungGen: 874876K->3208K(836096K)] 1272655K->403491K(5816832K), 0.0105560 secs] [Times: user=0.03 sys=0.01, real=0.01 secs] 
2013-07-19T11:01:15.084-0700: 1452.173: [GC
Desired survivor size 43188224 bytes, new threshold 1 (max 15)
 [PSYoungGen: 836040K->2321K(801536K)] 1236323K->403977K(5782272K), 0.0111230 secs] [Times: user=0.04 sys=0.00, real=0.01 secs] 
2013-07-19T11:01:17.991-0700: 1455.080: [GC
Desired survivor size 41746432 bytes, new threshold 1 (max 15)
 [PSYoungGen: 801489K->2469K(769600K)] 1203145K->404720K(5750336K), 0.0112230 secs] [Times: user=0.04 sys=0.00, real=0.01 secs] 
2013-07-19T11:01:20.457-0700: 1457.546: [GC
Desired survivor size 39976960 bytes, new threshold 1 (max 15)
 [PSYoungGen: 769573K->3980K(740608K)] 1171824K->406878K(5721344K), 0.0096300 secs] [Times: user=0.04 sys=0.00, real=0.01 secs] 
2013-07-19T11:01:23.225-0700: 1460.314: [GC
Desired survivor size 38404096 bytes, new threshold 1 (max 15)
 [PSYoungGen: 740556K->2506K(710080K)] 1143454K->407365K(5690816K), 0.0093120 secs] [Times: user=0.03 sys=0.00, real=0.01 secs] 
2013-07-19T11:01:25.721-0700: 1462.810: [GC
Desired survivor size 36831232 bytes, new threshold 1 (max 15)
 [PSYoungGen: 710026K->2224K(682112K)] 1114885K->407819K(5662848K), 0.0100530 secs] [Times: user=0.02 sys=0.00, real=0.01 secs] 
2013-07-19T11:01:28.115-0700: 1465.204: [GC
Desired survivor size 35323904 bytes, new threshold 1 (max 15)
 [PSYoungGen: 682096K->1776K(655296K)] 1087691K->407644K(5636032K), 0.0094490 secs] [Times: user=0.03 sys=0.00, real=0.01 secs] 
2013-07-19T11:01:30.344-0700: 1467.432: [GC
Desired survivor size 33095680 bytes, new threshold 1 (max 15)
 [PSYoungGen: 655280K->5347K(633792K)] 1061148K->411459K(5614528K), 0.0086060 secs] [Times: user=0.04 sys=0.00, real=0.01 secs] 
2013-07-19T11:01:32.510-0700: 1469.599: [GC
Desired survivor size 30998528 bytes, new threshold 1 (max 15)
 [PSYoungGen: 633763K->5640K(610240K)] 1039875K->412879K(5590976K), 0.0089740 secs] [Times: user=0.04 sys=0.00, real=0.01 secs] 
2013-07-19T11:01:34.495-0700: 1471.583: [GC
Desired survivor size 29491200 bytes, new threshold 1 (max 15)
 [PSYoungGen: 610184K->2852K(584640K)] 1017423K->413787K(5565376K), 0.0107110 secs] [Times: user=0.04 sys=0.00, real=0.01 secs] 
2013-07-19T11:01:36.323-0700: 1473.412: [GC
Desired survivor size 27721728 bytes, new threshold 1 (max 15)
 [PSYoungGen: 584612K->4610K(564736K)] 995547K->416904K(5545472K), 0.0084210 secs] [Times: user=0.03 sys=0.00, real=0.01 secs] 
2013-07-19T11:01:38.187-0700: 1475.276: [GC
Desired survivor size 26411008 bytes, new threshold 1 (max 15)
 [PSYoungGen: 564674K->2670K(542080K)] 976968K->418322K(5522816K), 0.0102520 secs] [Times: user=0.04 sys=0.01, real=0.01 secs] 
2013-07-19T11:01:39.833-0700: 1476.922: [GC
Desired survivor size 24838144 bytes, new threshold 1 (max 15)
 [PSYoungGen: 542062K->4384K(524096K)] 957714K->421420K(5504832K), 0.0084380 secs] [Times: user=0.03 sys=0.01, real=0.01 secs] 
2013-07-19T11:01:41.629-0700: 1478.717: [GC
Desired survivor size 23461888 bytes, new threshold 1 (max 15)
 [PSYoungGen: 524064K->3535K(504448K)] 941100K->423371K(5485184K), 0.0094980 secs] [Times: user=0.03 sys=0.01, real=0.01 secs] 
2013-07-19T11:01:43.173-0700: 1480.261: [GC
Desired survivor size 22085632 bytes, new threshold 1 (max 15)
 [PSYoungGen: 504399K->4088K(487040K)] 924235K->425709K(5467776K), 0.0091070 secs] [Times: user=0.03 sys=0.01, real=0.01 secs] 
2013-07-19T11:01:44.730-0700: 1481.819: [GC
Desired survivor size 20709376 bytes, new threshold 1 (max 15)
 [PSYoungGen: 487032K->4253K(470080K)] 908653K->428996K(5450816K), 0.0130060 secs] [Times: user=0.04 sys=0.01, real=0.01 secs] 
2013-07-19T11:01:46.537-0700: 1483.626: [GC
Desired survivor size 19857408 bytes, new threshold 1 (max 15)
 [PSYoungGen: 470045K->7251K(456768K)] 894788K->433653K(5437504K), 0.0102920 secs] [Times: user=0.06 sys=0.00, real=0.01 secs] 
2013-07-19T11:01:48.223-0700: 1485.312: [GC
Desired survivor size 18546688 bytes, new threshold 1 (max 15)
 [PSYoungGen: 456723K->6014K(439872K)] 883125K->436555K(5420608K), 0.0116050 secs] [Times: user=0.04 sys=0.01, real=0.01 secs] 
2013-07-19T11:01:49.755-0700: 1486.844: [GC
Desired survivor size 17432576 bytes, new threshold 1 (max 15)
 [PSYoungGen: 439870K->4908K(423872K)] 870411K->437333K(5404608K), 0.0088350 secs] [Times: user=0.05 sys=0.01, real=0.01 secs] 
2013-07-19T11:01:51.329-0700: 1488.418: [GC
Desired survivor size 16777216 bytes, new threshold 1 (max 15)
 [PSYoungGen: 423852K->3008K(407808K)] 856277K->438647K(5388544K), 0.0103530 secs] [Times: user=0.04 sys=0.01, real=0.01 secs] 
2013-07-19T11:01:52.749-0700: 1489.838: [GC
Desired survivor size 15794176 bytes, new threshold 1 (max 15)
 [PSYoungGen: 407744K->4532K(395712K)] 843383K->441866K(5376448K), 0.0104060 secs] [Times: user=0.05 sys=0.00, real=0.01 secs] 
2013-07-19T11:01:54.179-0700: 1491.268: [GC
Desired survivor size 15204352 bytes, new threshold 1 (max 15)
 [PSYoungGen: 395700K->3121K(381312K)] 833034K->443523K(5362048K), 0.0105830 secs] [Times: user=0.04 sys=0.01, real=0.01 secs] 
2013-07-19T11:01:55.395-0700: 1492.483: [GC
Desired survivor size 14352384 bytes, new threshold 1 (max 15)
 [PSYoungGen: 381297K->4238K(370048K)] 821699K->445960K(5350784K), 0.0092240 secs] [Times: user=0.04 sys=0.00, real=0.01 secs] 
2013-07-19T11:01:58.715-0700: 1495.804: [GC
Desired survivor size 13434880 bytes, new threshold 1 (max 15)
 [PSYoungGen: 369970K->5014K(358976K)] 811692K->447518K(5339712K), 0.0092290 secs] [Times: user=0.05 sys=0.01, real=0.01 secs] 
2013-07-19T11:02:50.008-0700: 1547.097: [GC
Desired survivor size 12845056 bytes, new threshold 1 (max 15)
 [PSYoungGen: 358934K->5632K(348288K)] 801438K->448730K(5329024K), 0.0090520 secs] [Times: user=0.05 sys=0.00, real=0.01 secs] 
2013-07-19T11:03:34.385-0700: 1591.474: [GC
Desired survivor size 21692416 bytes, new threshold 1 (max 15)
 [PSYoungGen: 347203K->12512K(344256K)] 790301K->473497K(5324992K), 0.0287970 secs] [Times: user=0.17 sys=0.04, real=0.03 secs] 
2013-07-19T11:03:45.571-0700: 1602.660: [GC
Desired survivor size 41484288 bytes, new threshold 1 (max 15)
 [PSYoungGen: 344224K->21177K(342528K)] 805209K->524553K(5323264K), 0.0548550 secs] [Times: user=0.35 sys=0.08, real=0.06 secs] 
2013-07-19T11:03:48.443-0700: 1605.532: [GC
Desired survivor size 45023232 bytes, new threshold 1 (max 15)
 [PSYoungGen: 342521K->8676K(320128K)] 845897K->533327K(5300864K), 0.0202350 secs] [Times: user=0.12 sys=0.02, real=0.02 secs] 
2013-07-19T11:03:50.353-0700: 1607.442: [GC
Desired survivor size 43384832 bytes, new threshold 1 (max 15)
 [PSYoungGen: 320100K->7415K(309312K)] 844751K->539972K(5290048K), 0.0154450 secs] [Times: user=0.08 sys=0.02, real=0.02 secs] 
2013-07-19T11:03:52.023-0700: 1609.111: [GC
Desired survivor size 41943040 bytes, new threshold 1 (max 15)
 [PSYoungGen: 309303K->5578K(298432K)] 841860K->544746K(5279168K), 0.0147780 secs] [Times: user=0.08 sys=0.01, real=0.02 secs] 
2013-07-19T11:03:53.377-0700: 1610.466: [GC
Desired survivor size 40042496 bytes, new threshold 1 (max 15)
 [PSYoungGen: 298378K->8210K(292352K)] 837546K->552448K(5273088K), 0.0177460 secs] [Times: user=0.09 sys=0.01, real=0.01 secs] 
2013-07-19T11:03:54.530-0700: 1611.619: [GC
Desired survivor size 37879808 bytes, new threshold 1 (max 15)
 [PSYoungGen: 292306K->9753K(285504K)] 836544K->561521K(5266240K), 0.0160120 secs] [Times: user=0.10 sys=0.02, real=0.01 secs] 
2013-07-19T11:03:55.362-0700: 1612.451: [GC
Desired survivor size 36044800 bytes, new threshold 1 (max 15)
 [PSYoungGen: 285465K->8575K(339456K)] 837233K->569307K(5320192K), 0.0173800 secs] [Times: user=0.11 sys=0.02, real=0.02 secs] 
2013-07-19T11:03:56.721-0700: 1613.810: [GC
Desired survivor size 34734080 bytes, new threshold 1 (max 15)
 [PSYoungGen: 339455K->6110K(403200K)] 900187K->574767K(5383936K), 0.0164550 secs] [Times: user=0.10 sys=0.02, real=0.02 secs] 
2013-07-19T11:03:58.244-0700: 1615.333: [GC
Desired survivor size 32833536 bytes, new threshold 1 (max 15)
 [PSYoungGen: 403166K->9327K(468096K)] 971823K->583594K(5448832K), 0.0179750 secs] [Times: user=0.10 sys=0.00, real=0.02 secs] 
2013-07-19T11:03:59.489-0700: 1616.578: [GC
Desired survivor size 33488896 bytes, new threshold 1 (max 15)
 [PSYoungGen: 443503K->18752K(507904K)] 1017770K->601368K(5488640K), 0.0279940 secs] [Times: user=0.14 sys=0.04, real=0.02 secs] 
2013-07-19T11:04:00.995-0700: 1618.084: [GC
Desired survivor size 34471936 bytes, new threshold 1 (max 15)
 [PSYoungGen: 494592K->20221K(508544K)] 1077208K->620345K(5489280K), 0.0337510 secs] [Times: user=0.22 sys=0.03, real=0.04 secs] 
2013-07-19T11:04:02.430-0700: 1619.519: [GC
Desired survivor size 35127296 bytes, new threshold 1 (max 15)
 [PSYoungGen: 496061K->20186K(604032K)] 1096185K->632867K(5584768K), 0.0345550 secs] [Times: user=0.19 sys=0.04, real=0.03 secs] 
2013-07-19T11:04:04.098-0700: 1621.186: [GC
Desired survivor size 33423360 bytes, new threshold 1 (max 15)
 [PSYoungGen: 590554K->11459K(604672K)] 1203235K->632554K(5585408K), 0.0200100 secs] [Times: user=0.11 sys=0.02, real=0.02 secs] 
2013-07-19T11:04:05.525-0700: 1622.613: [GC
Desired survivor size 33816576 bytes, new threshold 1 (max 15)
 [PSYoungGen: 581827K->19700K(716736K)] 1202922K->649521K(5697472K), 0.0280130 secs] [Times: user=0.17 sys=0.03, real=0.03 secs] 
2013-07-19T11:04:07.417-0700: 1624.506: [GC
Desired survivor size 36241408 bytes, new threshold 1 (max 15)
 [PSYoungGen: 703796K->25553K(717120K)] 1333617K->666025K(5697856K), 0.0335210 secs] [Times: user=0.19 sys=0.05, real=0.04 secs] 
2013-07-19T11:04:09.350-0700: 1626.439: [GC
Desired survivor size 34865152 bytes, new threshold 1 (max 15)
 [PSYoungGen: 709649K->11107K(853632K)] 1350121K->673581K(5834368K), 0.0349230 secs] [Times: user=0.19 sys=0.07, real=0.03 secs] 
2013-07-19T11:04:11.380-0700: 1628.469: [GC
Desired survivor size 36700160 bytes, new threshold 1 (max 15)
 [PSYoungGen: 832035K->24817K(854976K)] 1494509K->696064K(5835712K), 0.0313680 secs] [Times: user=0.16 sys=0.06, real=0.03 secs] 
2013-07-19T11:04:13.474-0700: 1630.563: [GC
Desired survivor size 39649280 bytes, new threshold 1 (max 15)
 [PSYoungGen: 845745K->28964K(1006976K)] 1516992K->720192K(5987712K), 0.0418770 secs] [Times: user=0.24 sys=0.07, real=0.04 secs] 
2013-07-19T11:04:15.841-0700: 1632.930: [GC
Desired survivor size 41615360 bytes, new threshold 1 (max 15)
 [PSYoungGen: 1000100K->28033K(999232K)] 1691328K->728314K(5979968K), 0.0358020 secs] [Times: user=0.19 sys=0.05, real=0.03 secs] 
2013-07-19T11:04:18.097-0700: 1635.186: [GC
Desired survivor size 41680896 bytes, new threshold 1 (max 15)
 [PSYoungGen: 999169K->24427K(1007808K)] 1699450K->735060K(5988544K), 0.0306560 secs] [Times: user=0.21 sys=0.00, real=0.03 secs] 
2013-07-19T11:04:21.220-0700: 1638.308: [GC
Desired survivor size 39452672 bytes, new threshold 1 (max 15)
 [PSYoungGen: 991595K->18818K(986048K)] 1702228K->736799K(5966784K), 0.0233130 secs] [Times: user=0.15 sys=0.01, real=0.03 secs] 
2013-07-19T11:04:26.715-0700: 1643.803: [GC
Desired survivor size 37683200 bytes, new threshold 1 (max 15)
 [PSYoungGen: 985950K->19503K(1007488K)] 1703930K->738209K(5988224K), 0.0192490 secs] [Times: user=0.11 sys=0.00, real=0.02 secs] 
2013-07-19T11:05:55.143-0700: 1732.232: [GC
Desired survivor size 37814272 bytes, new threshold 1 (max 15)
 [PSYoungGen: 988463K->7586K(936320K)] 1707169K->741610K(5917056K), 0.0256370 secs] [Times: user=0.17 sys=0.03, real=0.03 secs] 
2013-07-19T11:07:40.175-0700: 1837.264: [GC
Desired survivor size 37748736 bytes, new threshold 1 (max 15)
 [PSYoungGen: 936290K->7109K(897600K)] 1670314K->742531K(5878336K), 0.0090720 secs] [Times: user=0.06 sys=0.00, real=0.01 secs] 
2013-07-19T11:09:25.931-0700: 1943.020: [GC
Desired survivor size 37486592 bytes, new threshold 1 (max 15)
 [PSYoungGen: 897541K->6212K(860288K)] 1632963K->742578K(5841024K), 0.0093050 secs] [Times: user=0.06 sys=0.00, real=0.01 secs] 
2013-07-19T11:11:09.463-0700: 2046.552: [GC
Desired survivor size 36831232 bytes, new threshold 1 (max 15)
 [PSYoungGen: 860228K->6955K(826304K)] 1596594K->744536K(5807040K), 0.0098130 secs] [Times: user=0.07 sys=0.00, real=0.01 secs] 
2013-07-19T11:12:25.943-0700: 2123.032: [GC
Desired survivor size 35782656 bytes, new threshold 1 (max 15)
 [PSYoungGen: 825527K->8272K(794624K)] 1563108K->747515K(5775360K), 0.0089090 secs] [Times: user=0.06 sys=0.00, real=0.01 secs] 
2013-07-19T11:12:44.500-0700: 2141.589: [GC
Desired survivor size 34603008 bytes, new threshold 1 (max 15)
 [PSYoungGen: 794576K->8928K(763840K)] 1533819K->751089K(5744576K), 0.0110400 secs] [Times: user=0.07 sys=0.01, real=0.01 secs] 
2013-07-19T11:12:45.816-0700: 2142.905: [GC
Desired survivor size 34078720 bytes, new threshold 1 (max 15)
 [PSYoungGen: 763808K->4768K(729792K)] 1505969K->755776K(5710528K), 0.0173630 secs] [Times: user=0.10 sys=0.02, real=0.02 secs] 
2013-07-19T11:13:06.990-0700: 2164.078: [GC
Desired survivor size 32505856 bytes, new threshold 1 (max 15)
 [PSYoungGen: 729760K->9547K(706112K)] 1480768K->765179K(5686848K), 0.0140980 secs] [Times: user=0.09 sys=0.01, real=0.02 secs] 
2013-07-19T11:14:20.406-0700: 2237.495: [GC
Desired survivor size 31391744 bytes, new threshold 1 (max 15)
 [PSYoungGen: 706059K->7348K(676736K)] 1461691K->765971K(5657472K), 0.0111840 secs] [Times: user=0.07 sys=0.01, real=0.01 secs] 
2013-07-19T11:15:25.893-0700: 2302.982: [GC
Desired survivor size 29949952 bytes, new threshold 1 (max 15)
 [PSYoungGen: 676724K->9160K(652736K)] 1435347K->768598K(5633472K), 0.0107560 secs] [Times: user=0.06 sys=0.00, real=0.01 secs] 
2013-07-19T11:15:26.859-0700: 2303.947: [GC
Desired survivor size 29556736 bytes, new threshold 1 (max 15)
 [PSYoungGen: 652680K->3456K(622336K)] 1412118K->769433K(5603072K), 0.0125780 secs] [Times: user=0.08 sys=0.00, real=0.01 secs] 
2013-07-19T11:15:27.789-0700: 2304.878: [GC
Desired survivor size 29032448 bytes, new threshold 1 (max 15)
 [PSYoungGen: 622336K->3456K(598912K)] 1388313K->772777K(5579648K), 0.0094310 secs] [Times: user=0.06 sys=0.01, real=0.01 secs] 
2013-07-19T11:15:28.601-0700: 2305.689: [GC
Desired survivor size 28049408 bytes, new threshold 1 (max 15)
 [PSYoungGen: 598912K->5042K(578176K)] 1368233K->777667K(5558912K), 0.0094130 secs] [Times: user=0.06 sys=0.01, real=0.01 secs] 
2013-07-19T11:15:29.217-0700: 2306.305: [GC
Desired survivor size 27197440 bytes, new threshold 1 (max 15)
 [PSYoungGen: 578162K->3704K(555520K)] 1350787K->781256K(5536256K), 0.0114780 secs] [Times: user=0.06 sys=0.02, real=0.01 secs] 
2013-07-19T11:15:30.057-0700: 2307.146: [GC
Desired survivor size 26476544 bytes, new threshold 1 (max 15)
 [PSYoungGen: 555512K->2752K(534272K)] 1333064K->783880K(5515008K), 0.0103190 secs] [Times: user=0.05 sys=0.01, real=0.01 secs] 
2013-07-19T11:15:30.862-0700: 2307.950: [GC
Desired survivor size 25690112 bytes, new threshold 1 (max 15)
 [PSYoungGen: 534272K->2656K(640512K)] 1315400K->786424K(5621248K), 0.0091780 secs] [Times: user=0.05 sys=0.01, real=0.01 secs] 
2013-07-19T11:15:52.011-0700: 2329.100: [GC
Desired survivor size 24117248 bytes, new threshold 1 (max 15)
 [PSYoungGen: 640480K->6816K(620352K)] 1424248K->793113K(5601088K), 0.0097490 secs] [Times: user=0.06 sys=0.00, real=0.01 secs] 
2013-07-19T11:15:52.948-0700: 2330.037: [GC
Desired survivor size 23265280 bytes, new threshold 1 (max 15)
 [PSYoungGen: 620320K->3392K(593728K)] 1406617K->796404K(5574464K), 0.0136690 secs] [Times: user=0.09 sys=0.01, real=0.01 secs] 
2013-07-19T11:15:53.862-0700: 2330.951: [GC
Desired survivor size 22347776 bytes, new threshold 1 (max 15)
 [PSYoungGen: 593728K->3360K(571648K)] 1386740K->799660K(5552384K), 0.0088310 secs] [Times: user=0.05 sys=0.01, real=0.01 secs] 
2013-07-19T11:15:54.725-0700: 2331.814: [GC
Desired survivor size 21430272 bytes, new threshold 1 (max 15)
 [PSYoungGen: 571616K->3168K(550400K)] 1367916K->802668K(5531136K), 0.0096550 secs] [Times: user=0.05 sys=0.01, real=0.01 secs] 
2013-07-19T11:16:00.853-0700: 2337.942: [GC
Desired survivor size 21430272 bytes, new threshold 1 (max 15)
 [PSYoungGen: 550368K->10368K(537536K)] 1349868K->812932K(5518272K), 0.0107390 secs] [Times: user=0.07 sys=0.01, real=0.01 secs] 
2013-07-19T11:16:01.613-0700: 2338.702: [GC
Desired survivor size 20250624 bytes, new threshold 1 (max 15)
 [PSYoungGen: 537472K->5408K(638016K)] 1340036K->816284K(5618752K), 0.0222580 secs] [Times: user=0.13 sys=0.02, real=0.02 secs] 
2013-07-19T11:16:02.563-0700: 2339.651: [GC
Desired survivor size 19398656 bytes, new threshold 1 (max 15)
 [PSYoungGen: 637984K->4011K(678976K)] 1448860K->820183K(5659712K), 0.0110180 secs] [Times: user=0.05 sys=0.02, real=0.01 secs] 
2013-07-19T11:16:08.543-0700: 2345.632: [GC
Desired survivor size 18808832 bytes, new threshold 1 (max 15)
 [PSYoungGen: 663211K->8234K(642112K)] 1479383K->827978K(5622848K), 0.0132880 secs] [Times: user=0.08 sys=0.02, real=0.01 secs] 
2013-07-19T11:17:15.899-0700: 2412.988: [GC
Desired survivor size 18022400 bytes, new threshold 1 (max 15)
 [PSYoungGen: 642090K->7765K(617536K)] 1461834K->830653K(5598272K), 0.0113770 secs] [Times: user=0.06 sys=0.02, real=0.02 secs] 
2013-07-19T11:18:18.081-0700: 2475.170: [GC
Desired survivor size 17367040 bytes, new threshold 1 (max 15)
 [PSYoungGen: 617493K->7848K(594560K)] 1440381K->831638K(5575296K), 0.0108720 secs] [Times: user=0.05 sys=0.02, real=0.01 secs] 
2013-07-19T11:19:44.752-0700: 2561.841: [GC
Desired survivor size 16318464 bytes, new threshold 1 (max 15)
 [PSYoungGen: 594536K->6857K(571648K)] 1418326K->831399K(5552384K), 0.0111960 secs] [Times: user=0.05 sys=0.02, real=0.01 secs] 
2013-07-19T11:19:52.719-0700: 2569.807: [GC
Desired survivor size 21168128 bytes, new threshold 1 (max 15)
 [PSYoungGen: 571593K->15922K(559744K)] 1396135K->846692K(5540480K), 0.0230600 secs] [Times: user=0.12 sys=0.01, real=0.02 secs] 
2013-07-19T11:20:43.998-0700: 2621.087: [GC
Desired survivor size 20381696 bytes, new threshold 1 (max 15)
 [PSYoungGen: 559730K->5864K(529728K)] 1390500K->846024K(5510464K), 0.0202900 secs] [Times: user=0.13 sys=0.01, real=0.02 secs] 
2013-07-19T11:21:43.377-0700: 2680.466: [GC
Desired survivor size 19333120 bytes, new threshold 1 (max 15)
 [PSYoungGen: 529704K->7183K(512064K)] 1369864K->847718K(5492800K), 0.0123090 secs] [Times: user=0.05 sys=0.01, real=0.02 secs] 
2013-07-19T11:22:35.031-0700: 2732.120: [GC
Desired survivor size 18350080 bytes, new threshold 1 (max 15)
 [PSYoungGen: 512015K->7380K(494144K)] 1352550K->848778K(5474880K), 0.0102660 secs] [Times: user=0.06 sys=0.01, real=0.01 secs] 
2013-07-19T11:23:12.430-0700: 2769.519: [GC
Desired survivor size 17825792 bytes, new threshold 1 (max 15)
 [PSYoungGen: 494100K->5152K(474624K)] 1335498K->847220K(5455360K), 0.0098390 secs] [Times: user=0.06 sys=0.01, real=0.01 secs] 
2013-07-19T11:24:04.937-0700: 2822.026: [GC
Desired survivor size 16908288 bytes, new threshold 1 (max 15)
 [PSYoungGen: 474592K->7284K(460224K)] 1316660K->850391K(5440960K), 0.0100860 secs] [Times: user=0.06 sys=0.00, real=0.01 secs] 
2013-07-19T11:24:58.970-0700: 2876.059: [GC
Desired survivor size 16056320 bytes, new threshold 1 (max 15)
 [PSYoungGen: 460212K->7349K(444544K)] 1303319K->851310K(5425280K), 0.0117050 secs] [Times: user=0.05 sys=0.00, real=0.01 secs] 
2013-07-19T11:25:52.051-0700: 2929.139: [GC
Desired survivor size 15269888 bytes, new threshold 1 (max 15)
 [PSYoungGen: 444533K->7732K(429888K)] 1288494K->852540K(5410624K), 0.0102940 secs] [Times: user=0.06 sys=0.00, real=0.01 secs] 
2013-07-19T11:26:28.208-0700: 2965.297: [GC
Desired survivor size 14548992 bytes, new threshold 1 (max 15)
 [PSYoungGen: 429876K->7548K(415296K)] 1274684K->853258K(5396032K), 0.0091470 secs] [Times: user=0.06 sys=0.00, real=0.01 secs] 
2013-07-19T11:26:51.134-0700: 2988.223: [GC
Desired survivor size 14483456 bytes, new threshold 1 (max 15)
 [PSYoungGen: 415292K->9320K(403392K)] 1261002K->855240K(5384128K), 0.0112830 secs] [Times: user=0.07 sys=0.00, real=0.01 secs] 
2013-07-19T11:27:44.333-0700: 3041.422: [GC
Desired survivor size 13959168 bytes, new threshold 1 (max 15)
 [PSYoungGen: 403368K->8016K(388992K)] 1249288K->854862K(5369728K), 0.0100620 secs] [Times: user=0.07 sys=0.00, real=0.01 secs] 
2013-07-19T11:28:34.483-0700: 3091.572: [GC
Desired survivor size 13762560 bytes, new threshold 1 (max 15)
 [PSYoungGen: 388944K->5324K(373760K)] 1235790K->852434K(5354496K), 0.0097210 secs] [Times: user=0.06 sys=0.00, real=0.01 secs] 
2013-07-19T11:29:00.480-0700: 3117.569: [GC
Desired survivor size 13172736 bytes, new threshold 1 (max 15)
 [PSYoungGen: 373007K->7496K(363968K)] 1220117K->855284K(5344704K), 0.0087800 secs] [Times: user=0.06 sys=0.00, real=0.01 secs] 
2013-07-19T11:29:47.346-0700: 3164.435: [GC
Desired survivor size 12976128 bytes, new threshold 1 (max 15)
 [PSYoungGen: 363912K->8427K(353408K)] 1211700K->857062K(5334144K), 0.0107150 secs] [Times: user=0.06 sys=0.01, real=0.01 secs] 
2013-07-19T11:30:32.475-0700: 3209.564: [GC
Desired survivor size 12648448 bytes, new threshold 1 (max 15)
 [PSYoungGen: 353387K->6580K(340608K)] 1202022K->856117K(5321344K), 0.0100050 secs] [Times: user=0.05 sys=0.00, real=0.01 secs] 
2013-07-19T11:31:18.749-0700: 3255.838: [GC
Desired survivor size 12255232 bytes, new threshold 1 (max 15)
 [PSYoungGen: 340596K->7700K(331264K)] 1190133K->857309K(5312000K), 0.0108260 secs] [Times: user=0.06 sys=0.00, real=0.01 secs] 
2013-07-19T11:31:39.542-0700: 3276.631: [GC
Desired survivor size 11862016 bytes, new threshold 1 (max 15)
 [PSYoungGen: 331220K->6952K(320448K)] 1180829K->857471K(5301184K), 0.0097220 secs] [Times: user=0.06 sys=0.00, real=0.01 secs] 
2013-07-19T11:32:25.707-0700: 3322.796: [GC
Desired survivor size 11665408 bytes, new threshold 1 (max 15)
 [PSYoungGen: 320424K->6215K(310144K)] 1170943K->856974K(5290880K), 0.0104810 secs] [Times: user=0.05 sys=0.00, real=0.01 secs] 
2013-07-19T11:32:46.337-0700: 3343.426: [GC
Desired survivor size 11337728 bytes, new threshold 1 (max 15)
 [PSYoungGen: 310087K->7051K(301760K)] 1160846K->858473K(5282496K), 0.0091610 secs] [Times: user=0.06 sys=0.00, real=0.01 secs] 
2013-07-19T11:33:32.093-0700: 3389.182: [GC
Desired survivor size 11468800 bytes, new threshold 1 (max 15)
 [PSYoungGen: 301417K->8659K(294528K)] 1152839K->860968K(5275264K), 0.0093750 secs] [Times: user=0.06 sys=0.01, real=0.01 secs] 
2013-07-19T11:34:14.577-0700: 3431.666: [GC
Desired survivor size 11141120 bytes, new threshold 1 (max 15)
 [PSYoungGen: 294483K->6388K(283776K)] 1146792K->859480K(5264512K), 0.0090230 secs] [Times: user=0.06 sys=0.00, real=0.01 secs] 
2013-07-19T11:34:32.072-0700: 3449.161: [GC
Desired survivor size 10813440 bytes, new threshold 1 (max 15)
 [PSYoungGen: 283764K->7232K(276608K)] 1136856K->861266K(5257344K), 0.0101180 secs] [Times: user=0.06 sys=0.00, real=0.01 secs] 
2013-07-19T11:35:18.063-0700: 3495.152: [GC
Desired survivor size 10485760 bytes, new threshold 1 (max 15)
 [PSYoungGen: 276544K->7375K(268992K)] 1130578K->861474K(5249728K), 0.0093330 secs] [Times: user=0.06 sys=0.00, real=0.00 secs] 
2013-07-19T11:35:33.687-0700: 3510.776: [GC
Desired survivor size 10682368 bytes, new threshold 1 (max 15)
 [PSYoungGen: 268943K->4920K(259072K)] 1123042K->859905K(5239808K), 0.0096540 secs] [Times: user=0.05 sys=0.00, real=0.01 secs] 
2013-07-19T11:36:14.639-0700: 3551.728: [GC
Desired survivor size 10682368 bytes, new threshold 1 (max 15)
 [PSYoungGen: 259064K->5292K(252352K)] 1114049K->860333K(5233088K), 0.0092720 secs] [Times: user=0.05 sys=0.01, real=0.01 secs] 
2013-07-19T11:36:28.901-0700: 3565.990: [GC
Desired survivor size 10420224 bytes, new threshold 1 (max 15)
 [PSYoungGen: 252047K->7246K(590272K)] 1107088K->863181K(5571008K), 0.0099030 secs] [Times: user=0.05 sys=0.00, real=0.01 secs] 
2013-07-19T11:37:29.369-0700: 3626.458: [GC
Desired survivor size 10878976 bytes, new threshold 1 (max 15)
 [PSYoungGen: 590222K->8312K(569536K)] 1446157K->865031K(5550272K), 0.0107020 secs] [Times: user=0.06 sys=0.01, real=0.01 secs] 
2013-07-19T11:38:31.832-0700: 3688.921: [GC
Desired survivor size 10616832 bytes, new threshold 1 (max 15)
 [PSYoungGen: 569528K->6640K(547136K)] 1426247K->864245K(5527872K), 0.0089500 secs]