2015-01-18T14:07:43.373+0100: 0.071: [GC [PSYoungGen: 3065K->486K(3584K)] 3065K->1128K(10432K), 0.0021030 secs] [Times: user=0.01 sys=0.00, real=0.00 secs] 
2015-01-18T14:07:43.377+0100: 0.075: [GC [PSYoungGen: 3510K->502K(6656K)] 4153K->2121K(13504K), 0.0019800 secs] [Times: user=0.00 sys=0.00, real=0.00 secs] 
2015-01-18T14:07:43.381+0100: 0.080: [GC [PSYoungGen: 6601K->502K(6656K)] 8219K->4074K(13504K), 0.0021160 secs] [Times: user=0.01 sys=0.00, real=0.00 secs] 
2015-01-18T14:07:43.386+0100: 0.084: [GC [PSYoungGen: 6586K->502K(12800K)] 10158K->6126K(19648K), 0.0062030 secs] [Times: user=0.00 sys=0.00, real=0.01 secs] 
2015-01-18T14:07:43.392+0100: 0.090: [Full GC [PSYoungGen: 502K->0K(12800K)] [PSOldGen: 5623K->6100K(12096K)] 6126K->6100K(24896K) [PSPermGen: 2584K->2584K(21248K)], 0.0041940 secs] [Times: user=0.01 sys=0.00, real=0.00 secs] 
2015-01-18T14:07:43.401+0100: 0.099: [GC [PSYoungGen: 12245K->488K(12800K)] 18346K->10210K(24896K), 0.0029400 secs] [Times: user=0.00 sys=0.00, real=0.00 secs] 
2015-01-18T14:07:43.404+0100: 0.103: [Full GC [PSYoungGen: 488K->0K(12800K)] [PSOldGen: 9722K->10210K(18688K)] 10210K->10210K(31488K) [PSPermGen: 2584K->2584K(21248K)], 0.0046810 secs] [Times: user=0.00 sys=0.00, real=0.01 secs] 
2015-01-18T14:07:43.414+0100: 0.112: [GC [PSYoungGen: 12233K->3450K(23616K)] 22444K->14247K(42304K), 0.0033920 secs] [Times: user=0.00 sys=0.00, real=0.00 secs] 
2015-01-18T14:07:43.426+0100: 0.124: [GC [PSYoungGen: 23597K->4231K(25984K)] 34394K->20986K(44672K), 0.0065390 secs] [Times: user=0.00 sys=0.00, real=0.01 secs] 
2015-01-18T14:07:43.433+0100: 0.131: [Full GC [PSYoungGen: 4231K->2344K(25984K)] [PSOldGen: 16754K->18611K(29952K)] 20986K->20956K(55936K) [PSPermGen: 2584K->2584K(21248K)], 0.0067140 secs] [Times: user=0.01 sys=0.00, real=0.01 secs] 
2015-01-18T14:07:43.447+0100: 0.145: [GC [PSYoungGen: 21603K->5176K(37440K)] 40215K->27402K(67392K), 0.0125170 secs] [Times: user=0.00 sys=0.00, real=0.02 secs] 
2015-01-18T14:07:43.473+0100: 0.171: [GC [PSYoungGen: 37426K->6185K(38464K)] 59652K->38178K(70528K), 0.0261690 secs] [Times: user=0.03 sys=0.01, real=0.02 secs] 
2015-01-18T14:07:43.499+0100: 0.197: [Full GC [PSYoungGen: 6185K->6155K(38464K)] [PSOldGen: 31992K->31970K(47232K)] 38178K->38125K(85696K) [PSPermGen: 2584K->2583K(21248K)], 0.0213960 secs] [Times: user=0.01 sys=0.00, real=0.03 secs] 
2015-01-18T14:07:43.531+0100: 0.229: [GC [PSYoungGen: 32245K->7259K(51712K)] 64215K->46848K(98944K), 0.0286050 secs] [Times: user=0.03 sys=0.00, real=0.03 secs] 
2015-01-18T14:07:43.560+0100: 0.258: [Full GC [PSYoungGen: 7259K->0K(51712K)] [PSOldGen: 39588K->46819K(64128K)] 46848K->46819K(115840K) [PSPermGen: 2583K->2583K(21248K)], 0.0079320 secs] [Times: user=0.00 sys=0.00, real=0.01 secs] 
2015-01-18T14:07:43.586+0100: 0.284: [GC [PSYoungGen: 44364K->8497K(52928K)] 91183K->61567K(117056K), 0.0203550 secs] [Times: user=0.02 sys=0.00, real=0.02 secs] 
2015-01-18T14:07:43.624+0100: 0.323: [GC [PSYoungGen: 52861K->9896K(71040K)] 105932K->76543K(137856K), 0.0163660 secs] [Times: user=0.01 sys=0.00, real=0.02 secs] 
2015-01-18T14:07:43.641+0100: 0.339: [Full GC [PSYoungGen: 9896K->9673K(71040K)] [PSOldGen: 66646K->66744K(88256K)] 76543K->76417K(159296K) [PSPermGen: 2583K->2583K(21248K)], 0.0088450 secs] [Times: user=0.01 sys=0.00, real=0.01 secs] 
2015-01-18T14:07:43.671+0100: 0.369: [GC [PSYoungGen: 61068K->11557K(72704K)] 127812K->93635K(160960K), 0.0315400 secs] [Times: user=0.02 sys=0.01, real=0.03 secs] 
2015-01-18T14:07:43.702+0100: 0.401: [Full GC [PSYoungGen: 11557K->5371K(72704K)] [PSOldGen: 82078K->88236K(113600K)] 93635K->93607K(186304K) [PSPermGen: 2583K->2583K(21248K)], 0.0103440 secs] [Times: user=0.01 sys=0.00, real=0.01 secs] 
2015-01-18T14:07:43.735+0100: 0.434: [GC [PSYoungGen: 61072K->13413K(98880K)] 149308K->112295K(212480K), 0.0239130 secs] [Times: user=0.02 sys=0.01, real=0.03 secs] 
2015-01-18T14:07:43.759+0100: 0.458: [Full GC [PSYoungGen: 13413K->0K(98880K)] [PSOldGen: 98882K->112067K(139200K)] 112295K->112067K(238080K) [PSPermGen: 2583K->2583K(21248K)], 0.0364670 secs] [Times: user=0.03 sys=0.01, real=0.03 secs] 
2015-01-18T14:07:43.832+0100: 0.530: [GC [PSYoungGen: 85297K->15725K(101120K)] 197364K->140489K(240320K), 0.0305440 secs] [Times: user=0.02 sys=0.01, real=0.03 secs] 
2015-01-18T14:07:43.862+0100: 0.560: [Full GC [PSYoungGen: 15725K->1367K(101120K)] [PSOldGen: 124764K->139122K(168512K)] 140489K->140489K(269632K) [PSPermGen: 2583K->2583K(21248K)], 0.0145060 secs] [Times: user=0.01 sys=0.01, real=0.01 secs] 
2015-01-18T14:07:43.911+0100: 0.609: [GC [PSYoungGen: 85306K->18296K(133184K)] 224428K->168553K(301696K), 0.0359650 secs] [Times: user=0.02 sys=0.01, real=0.04 secs] 
2015-01-18T14:07:43.947+0100: 0.646: [Full GC [PSYoungGen: 18296K->97K(133184K)] [PSOldGen: 150256K->168432K(199424K)] 168553K->168530K(332608K) [PSPermGen: 2583K->2583K(21248K)], 0.0564300 secs] [Times: user=0.01 sys=0.04, real=0.05 secs] 
2015-01-18T14:07:44.074+0100: 0.773: [GC [PSYoungGen: 114801K->21390K(136256K)] 283234K->206720K(335680K), 0.0327480 secs] [Times: user=0.03 sys=0.01, real=0.04 secs] 
2015-01-18T14:07:44.107+0100: 0.806: [Full GC [PSYoungGen: 21390K->7325K(136256K)] [PSOldGen: 185330K->199394K(233984K)] 206720K->206720K(370240K) [PSPermGen: 2583K->2583K(21248K)], 0.0213120 secs] [Times: user=0.01 sys=0.01, real=0.02 secs] 
2015-01-18T14:07:44.248+0100: 0.946: [GC [PSYoungGen: 114813K->24938K(161664K)] 314208K->242793K(395648K), 0.0714110 secs] [Times: user=0.01 sys=0.03, real=0.07 secs] 
2015-01-18T14:07:44.320+0100: 1.018: [Full GC [PSYoungGen: 24938K->8510K(161664K)] [PSOldGen: 217854K->233955K(272256K)] 242793K->242466K(433920K) [PSPermGen: 2583K->2583K(21248K)], 0.0675610 secs] [Times: user=0.06 sys=0.00, real=0.07 secs] 
2015-01-18T14:07:44.442+0100: 1.140: [GC [PSYoungGen: 136600K->29235K(165888K)] 370556K->285167K(438144K), 0.2216130 secs] [Times: user=0.08 sys=0.29, real=0.22 secs] 
2015-01-18T14:07:44.663+0100: 1.362: [Full GC [PSYoungGen: 29235K->12990K(165888K)] [PSOldGen: 255931K->272158K(314816K)] 285167K->285149K(480704K) [PSPermGen: 2583K->2583K(21248K)], 0.0305780 secs] [Times: user=0.02 sys=0.00, real=0.03 secs] 
2015-01-18T14:07:44.762+0100: 1.460: [GC [PSYoungGen: 136585K->34087K(199424K)] 408744K->326366K(514240K), 0.0611160 secs] [Times: user=0.03 sys=0.03, real=0.06 secs] 
2015-01-18T14:07:44.823+0100: 1.522: [Full GC [PSYoungGen: 34087K->11622K(199424K)] [PSOldGen: 292279K->314743K(360448K)] 326366K->326366K(559872K) [PSPermGen: 2584K->2584K(21248K)], 0.0336840 secs] [Times: user=0.02 sys=0.00, real=0.03 secs] 
2015-01-18T14:07:44.938+0100: 1.636: [GC [PSYoungGen: 165233K->39870K(205184K)] 479977K->379618K(565632K), 0.1211460 secs] [Times: user=0.05 sys=0.13, real=0.13 secs] 
2015-01-18T14:07:45.059+0100: 1.758: [Full GC [PSYoungGen: 39870K->19143K(205184K)] [PSOldGen: 339747K->360376K(410496K)] 379618K->379520K(615680K) [PSPermGen: 2584K->2584K(21248K)], 0.0288520 secs] [Times: user=0.02 sys=0.01, real=0.03 secs] 
2015-01-18T14:07:45.176+0100: 1.875: [GC [PSYoungGen: 165211K->46589K(210624K)] 525587K->428161K(621120K), 0.0587240 secs] [Times: user=0.04 sys=0.03, real=0.06 secs] 
2015-01-18T14:07:45.235+0100: 1.933: [Full GC [PSYoungGen: 46589K->15725K(210624K)] [PSOldGen: 381571K->410469K(463168K)] 428161K->426194K(673792K) [PSPermGen: 2584K->2584K(21248K)], 0.1105750 secs] [Times: user=0.07 sys=0.01, real=0.11 secs] 
2015-01-18T14:07:45.408+0100: 2.106: [GC [PSYoungGen: 163941K->54500K(218496K)] 574410K->475616K(681664K), 0.0713070 secs] [Times: user=0.05 sys=0.00, real=0.07 secs] 
2015-01-18T14:07:45.547+0100: 2.246: [GC-- [PSYoungGen: 218380K->218380K(218496K)] 639496K->695852K(696256K), 0.1001970 secs] [Times: user=0.07 sys=0.05, real=0.10 secs] 
2015-01-18T14:07:45.648+0100: 2.346: [Full GC [PSYoungGen: 218380K->57266K(218496K)] [PSOldGen: 477471K->477667K(530368K)] 695852K->534933K(748864K) [PSPermGen: 2584K->2584K(21248K)], 0.0509270 secs] [Times: user=0.03 sys=0.00, real=0.04 secs] 
2015-01-18T14:07:45.758+0100: 2.457: [GC [PSYoungGen: 163959K->54433K(185344K)] 641626K->570485K(715712K), 0.0727790 secs] [Times: user=0.07 sys=0.02, real=0.08 secs] 
2015-01-18T14:07:45.831+0100: 2.529: [Full GC [PSYoungGen: 54433K->40143K(185344K)] [PSOldGen: 516052K->530342K(546176K)] 570485K->570485K(731520K) [PSPermGen: 2584K->2584K(21248K)], 0.0474460 secs] [Times: user=0.03 sys=0.00, real=0.04 secs] 
2015-01-18T14:07:45.917+0100: 2.615: [Full GC [PSYoungGen: 130812K->54500K(185344K)] [PSOldGen: 530342K->546165K(546176K)] 661155K->600666K(731520K) [PSPermGen: 2584K->2584K(21248K)], 0.0445330 secs] [Times: user=0.04 sys=0.01, real=0.05 secs] 
2015-01-18T14:07:45.993+0100: 2.691: [Full GC [PSYoungGen: 130808K->75207K(185344K)] [PSOldGen: 546165K->546145K(546176K)] 676974K->621352K(731520K) [PSPermGen: 2584K->2584K(21248K)], 0.1333370 secs] [Times: user=0.14 sys=0.00, real=0.13 secs] 
2015-01-18T14:07:46.162+0100: 2.860: [Full GC [PSYoungGen: 130800K->100215K(185344K)] [PSOldGen: 546145K->546145K(546176K)] 676946K->646360K(731520K) [PSPermGen: 2584K->2584K(21248K)], 0.0144560 secs] [Times: user=0.01 sys=0.00, real=0.01 secs] 
2015-01-18T14:07:46.189+0100: 2.887: [Full GC [PSYoungGen: 130796K->110373K(185344K)] [PSOldGen: 546145K->546145K(546176K)] 676942K->656518K(731520K) [PSPermGen: 2584K->2584K(21248K)], 0.0122250 secs] [Times: user=0.01 sys=0.00, real=0.01 secs] 
2015-01-18T14:07:46.215+0100: 2.913: [Full GC [PSYoungGen: 130794K->117210K(185344K)] [PSOldGen: 546145K->546145K(546176K)] 676940K->663355K(731520K) [PSPermGen: 2584K->2584K(21248K)], 0.0147520 secs] [Times: user=0.01 sys=0.00, real=0.02 secs] 
2015-01-18T14:07:46.235+0100: 2.934: [Full GC [PSYoungGen: 130792K->115252K(185344K)] [PSOldGen: 546145K->546145K(546176K)] 676938K->661398K(731520K) [PSPermGen: 2584K->2584K(21248K)], 0.0350920 secs] [Times: user=0.03 sys=0.00, real=0.04 secs] 
2015-01-18T14:07:46.277+0100: 2.976: [Full GC [PSYoungGen: 130788K->126879K(185344K)] [PSOldGen: 546145K->546145K(546176K)] 676934K->673025K(731520K) [PSPermGen: 2584K->2584K(21248K)], 0.0084120 secs] [Times: user=0.01 sys=0.00, real=0.01 secs] 
2015-01-18T14:07:46.291+0100: 2.989: [Full GC [PSYoungGen: 130788K->128247K(185344K)] [PSOldGen: 546145K->546145K(546176K)] 676934K->674392K(731520K) [PSPermGen: 2584K->2584K(21248K)], 0.0080910 secs] [Times: user=0.01 sys=0.00, real=0.01 secs] 
2015-01-18T14:07:46.300+0100: 2.998: [Full GC [PSYoungGen: 130788K->129028K(185344K)] [PSOldGen: 546145K->546145K(546176K)] 676934K->675173K(731520K) [PSPermGen: 2584K->2584K(21248K)], 0.0078470 secs] [Times: user=0.01 sys=0.00, real=0.01 secs] 
2015-01-18T14:07:46.311+0100: 3.009: [Full GC [PSYoungGen: 130788K->123164K(185344K)] [PSOldGen: 546145K->546145K(546176K)] 676934K->669309K(731520K) [PSPermGen: 2584K->2584K(21248K)], 0.0107430 secs] [Times: user=0.01 sys=0.00, real=0.01 secs] 
2015-01-18T14:07:46.327+0100: 3.025: [Full GC [PSYoungGen: 130786K->130786K(185344K)] [PSOldGen: 546145K->546145K(546176K)] 676932K->676932K(731520K) [PSPermGen: 2584K->2584K(21248K)], 0.0081930 secs] [Times: user=0.01 sys=0.00, real=0.00 secs] 
2015-01-18T14:07:46.336+0100: 3.034: [Full GC [PSYoungGen: 130786K->125703K(185344K)] [PSOldGen: 546145K->546130K(546176K)] 676932K->671834K(731520K) [PSPermGen: 2584K->2577K(21248K)], 0.2080860 secs] [Times: user=0.20 sys=0.00, real=0.21 secs] 
2015-01-18T14:07:46.549+0100: 3.247: [Full GC [PSYoungGen: 130784K->130784K(185344K)] [PSOldGen: 546130K->546130K(546176K)] 676915K->676915K(731520K) [PSPermGen: 2577K->2577K(21248K)], 0.0116180 secs] [Times: user=0.01 sys=0.00, real=0.01 secs] 
2015-01-18T14:07:46.561+0100: 3.259: [Full GC [PSYoungGen: 130784K->127461K(185344K)] [PSOldGen: 546130K->546130K(546176K)] 676915K->673592K(731520K) [PSPermGen: 2577K->2577K(21248K)], 0.0069370 secs] [Times: user=0.01 sys=0.00, real=0.01 secs] 
2015-01-18T14:07:46.569+0100: 3.267: [Full GC [PSYoungGen: 130784K->130784K(185344K)] [PSOldGen: 546130K->546130K(546176K)] 676915K->676915K(731520K) [PSPermGen: 2577K->2577K(21248K)], 0.0074930 secs] [Times: user=0.00 sys=0.00, real=0.00 secs] 
2015-01-18T14:07:46.576+0100: 3.275: [Full GC [PSYoungGen: 130784K->128536K(185344K)] [PSOldGen: 546130K->546130K(546176K)] 676915K->674667K(731520K) [PSPermGen: 2577K->2577K(21248K)], 0.0066700 secs] [Times: user=0.01 sys=0.00, real=0.01 secs] 
2015-01-18T14:07:46.584+0100: 3.282: [Full GC [PSYoungGen: 130784K->130784K(185344K)] [PSOldGen: 546130K->546130K(546176K)] 676915K->676915K(731520K) [PSPermGen: 2577K->2577K(21248K)], 0.0073200 secs] [Times: user=0.01 sys=0.00, real=0.01 secs] 
2015-01-18T14:07:46.591+0100: 3.289: [Full GC [PSYoungGen: 130784K->129317K(185344K)] [PSOldGen: 546130K->546130K(546176K)] 676915K->675448K(731520K) [PSPermGen: 2577K->2577K(21248K)], 0.0065360 secs] [Times: user=0.01 sys=0.00, real=0.00 secs] 
2015-01-18T14:07:46.598+0100: 3.296: [Full GC [PSYoungGen: 130784K->130784K(185344K)] [PSOldGen: 546130K->546130K(546176K)] 676915K->676915K(731520K) [PSPermGen: 2577K->2577K(21248K)], 0.0071310 secs] [Times: user=0.00 sys=0.00, real=0.01 secs] 
2015-01-18T14:07:46.605+0100: 3.304: [Full GC [PSYoungGen: 130784K->129805K(185344K)] [PSOldGen: 546130K->546130K(546176K)] 676915K->675936K(731520K) [PSPermGen: 2577K->2577K(21248K)], 0.0067190 secs] [Times: user=0.01 sys=0.00, real=0.01 secs] 
2015-01-18T14:07:46.612+0100: 3.311: [Full GC [PSYoungGen: 130784K->130784K(185344K)] [PSOldGen: 546130K->546130K(546176K)] 676915K->676915K(731520K) [PSPermGen: 2577K->2577K(21248K)], 0.0070630 secs] [Times: user=0.01 sys=0.00, real=0.01 secs] 
2015-01-18T14:07:46.620+0100: 3.318: [Full GC [PSYoungGen: 130784K->130098K(185344K)] [PSOldGen: 546130K->546130K(546176K)] 676915K->676229K(731520K) [PSPermGen: 2577K->2577K(21248K)], 0.0064900 secs] [Times: user=0.00 sys=0.00, real=0.00 secs] 
2015-01-18T14:07:46.626+0100: 3.325: [Full GC [PSYoungGen: 130784K->130784K(185344K)] [PSOldGen: 546130K->546130K(546176K)] 676915K->676915K(731520K) [PSPermGen: 2577K->2577K(21248K)], 0.0068020 secs] [Times: user=0.01 sys=0.00, real=0.01 secs] 
2015-01-18T14:07:46.633+0100: 3.331: [Full GC [PSYoungGen: 130784K->130294K(185344K)] [PSOldGen: 546130K->546130K(546176K)] 676915K->676425K(731520K) [PSPermGen: 2577K->2577K(21248K)], 0.0062290 secs] [Times: user=0.01 sys=0.00, real=0.01 secs] 
2015-01-18T14:07:46.640+0100: 3.338: [Full GC [PSYoungGen: 130784K->130784K(185344K)] [PSOldGen: 546130K->546130K(546176K)] 676915K->676915K(731520K) [PSPermGen: 2577K->2577K(21248K)], 0.0065450 secs] [Times: user=0.00 sys=0.00, real=0.00 secs] 
2015-01-18T14:07:46.646+0100: 3.345: [Full GC [PSYoungGen: 130784K->130489K(185344K)] [PSOldGen: 546130K->546130K(546176K)] 676915K->676620K(731520K) [PSPermGen: 2577K->2577K(21248K)], 0.0062160 secs] [Times: user=0.01 sys=0.00, real=0.01 secs] 
2015-01-18T14:07:46.653+0100: 3.351: [Full GC [PSYoungGen: 130784K->130784K(185344K)] [PSOldGen: 546130K->546130K(546176K)] 676915K->676915K(731520K) [PSPermGen: 2577K->2577K(21248K)], 0.0064230 secs] [Times: user=0.01 sys=0.00, real=0.01 secs] 
2015-01-18T14:07:46.659+0100: 3.357: [Full GC [PSYoungGen: 130784K->130587K(185344K)] [PSOldGen: 546130K->546130K(546176K)] 676915K->676718K(731520K) [PSPermGen: 2577K->2577K(21248K)], 0.0062360 secs] [Times: user=0.00 sys=0.00, real=0.00 secs] 
2015-01-18T14:07:46.666+0100: 3.364: [Full GC [PSYoungGen: 130784K->130784K(185344K)] [PSOldGen: 546130K->546130K(546176K)] 676915K->676915K(731520K) [PSPermGen: 2577K->2577K(21248K)], 0.0064270 secs] [Times: user=0.01 sys=0.00, real=0.01 secs] 
2015-01-18T14:07:46.672+0100: 3.370: [Full GC [PSYoungGen: 130784K->130684K(185344K)] [PSOldGen: 546130K->546130K(546176K)] 676915K->676815K(731520K) [PSPermGen: 2577K->2577K(21248K)], 0.0061950 secs] [Times: user=0.01 sys=0.00, real=0.00 secs] 
2015-01-18T14:07:46.679+0100: 3.377: [Full GC [PSYoungGen: 130782K->130782K(185344K)] [PSOldGen: 546130K->546130K(546176K)] 676913K->676913K(731520K) [PSPermGen: 2577K->2577K(21248K)], 0.0062470 secs] [Times: user=0.00 sys=0.00, real=0.01 secs] 
2015-01-18T14:07:46.685+0100: 3.383: [Full GC [PSYoungGen: 130782K->130684K(185344K)] [PSOldGen: 546130K->546130K(546176K)] 676913K->676815K(731520K) [PSPermGen: 2577K->2577K(21248K)], 0.0061670 secs] [Times: user=0.01 sys=0.00, real=0.01 secs] 
2015-01-18T14:07:46.691+0100: 3.389: [Full GC [PSYoungGen: 130782K->130782K(185344K)] [PSOldGen: 546130K->546130K(546176K)] 676913K->676913K(731520K) [PSPermGen: 2577K->2577K(21248K)], 0.0062100 secs] [Times: user=0.01 sys=0.00, real=0.00 secs] 
2015-01-18T14:07:46.697+0100: 3.396: [Full GC [PSYoungGen: 130782K->130684K(185344K)] [PSOldGen: 546130K->546130K(546176K)] 676913K->676815K(731520K) [PSPermGen: 2577K->2577K(21248K)], 0.0061870 secs] [Times: user=0.00 sys=0.00, real=0.01 secs] 
2015-01-18T14:07:46.704+0100: 3.402: [Full GC [PSYoungGen: 130782K->130782K(185344K)] [PSOldGen: 546130K->546130K(546176K)] 676913K->676913K(731520K) [PSPermGen: 2577K->2577K(21248K)], 0.0062110 secs] [Times: user=0.01 sys=0.00, real=0.01 secs] 
2015-01-18T14:07:46.710+0100: 3.408: [Full GC [PSYoungGen: 130782K->130782K(185344K)] [PSOldGen: 546130K->546130K(546176K)] 676913K->676913K(731520K) [PSPermGen: 2577K->2577K(21248K)], 0.0061490 secs] [Times: user=0.00 sys=0.00, real=0.00 secs] 
Heap
 PSYoungGen      total 185344K, used 130816K [0x00000000ef560000, 0x0000000100000000, 0x0000000100000000)
  eden space 130816K, 100% used [0x00000000ef560000,0x00000000f7520000,0x00000000f7520000)
  from space 54528K, 0% used [0x00000000fcac0000,0x00000000fcac0000,0x0000000100000000)
  to   space 71104K, 0% used [0x00000000f7520000,0x00000000f7520000,0x00000000fba90000)
 PSOldGen        total 546176K, used 546130K [0x00000000ce000000, 0x00000000ef560000, 0x00000000ef560000)
  object space 546176K, 99% used [0x00000000ce000000,0x00000000ef554b60,0x00000000ef560000)
 PSPermGen       total 21248K, used 2586K [0x00000000c8e00000, 0x00000000ca2c0000, 0x00000000ce000000)
  object space 21248K, 12% used [0x00000000c8e00000,0x00000000c9086ad8,0x00000000ca2c0000)
