0.102: [GC 0.102: [DefNew: 638K->64K(704K), 0.0014650 secs] 638K->157K(10176K), 0.0014880 secs]
0.108: [GC 0.108: [DefNew: 703K->62K(704K), 0.0003130 secs] 797K->249K(10176K), 0.0003290 secs]
0.109: [GC 0.109: [DefNew: 702K->62K(704K), 0.0002270 secs] 889K->341K(10176K), 0.0002420 secs]
0.110: [GC 0.110: [DefNew: 702K->62K(704K), 0.0001400 secs] 981K->433K(10176K), 0.0001550 secs]
0.111: [GC 0.111: [DefNew: 693K->62K(704K), 0.0001560 secs] 1063K->534K(10176K), 0.0001700 secs]
0.113: [GC 0.113: [DefNew: 702K->62K(704K), 0.0001480 secs] 1174K->626K(10176K), 0.0001630 secs]
0.117: [GC 0.117: [DefNew: 701K->62K(704K), 0.0001150 secs] 1265K->718K(10176K), 0.0001300 secs]
0.118: [GC 0.118: [DefNew: 699K->63K(704K), 0.0001190 secs] 1355K->807K(10176K), 0.0001340 secs]
0.119: [GC 0.119: [DefNew: 702K->62K(704K), 0.0001230 secs] 1446K->899K(10176K), 0.0001380 secs]
0.119: [GC 0.119: [DefNew: 701K->62K(704K), 0.0001170 secs] 1538K->990K(10176K), 0.0001310 secs]
0.120: [GC 0.120: [DefNew: 701K->62K(704K), 0.0001160 secs] 1630K->1082K(10176K), 0.0001300 secs]
0.121: [GC 0.121: [DefNew: 693K->63K(704K), 0.0001130 secs] 1713K->1166K(10176K), 0.0001270 secs]
0.122: [GC 0.122: [DefNew: 703K->62K(704K), 0.0001180 secs] 1805K->1257K(10176K), 0.0001320 secs]
0.122: [GC 0.122: [DefNew: 701K->62K(704K), 0.0001130 secs] 1897K->1349K(10176K), 0.0001280 secs]
0.123: [GC 0.123: [DefNew: 701K->62K(704K), 0.0001160 secs] 1988K->1441K(10176K), 0.0001300 secs]
0.124: [GC 0.124: [DefNew: 701K->62K(704K), 0.0001170 secs] 2080K->1532K(10176K), 0.0001310 secs]
0.125: [GC 0.125: [DefNew: 694K->61K(704K), 0.0001290 secs] 2165K->1636K(10176K), 0.0001440 secs]
0.126: [GC 0.126: [DefNew: 700K->62K(704K), 0.0001220 secs] 2276K->1728K(10176K), 0.0001370 secs]
0.127: [GC 0.127: [DefNew: 701K->62K(704K), 0.0001320 secs] 2368K->1820K(10176K), 0.0001470 secs]
0.133: [GC 0.133: [DefNew: 701K->62K(704K), 0.0001280 secs] 2459K->1911K(10176K), 0.0001430 secs]
0.133: [GC 0.133: [DefNew: 701K->62K(704K), 0.0001460 secs] 2551K->2003K(10176K), 0.0001610 secs]
0.135: [GC 0.135: [DefNew: 701K->62K(704K), 0.0001280 secs] 2642K->2095K(10176K), 0.0001430 secs]
0.136: [GC 0.136: [DefNew: 701K->62K(704K), 0.0001270 secs] 2734K->2186K(10176K), 0.0001430 secs]
0.137: [GC 0.137: [DefNew: 701K->62K(704K), 0.0001250 secs] 2826K->2278K(10176K), 0.0001390 secs]
0.138: [GC 0.138: [DefNew: 692K->62K(704K), 0.0001250 secs] 2908K->2361K(10176K), 0.0001390 secs]
0.138: [GC 0.138: [DefNew: 702K->62K(704K), 0.0001230 secs] 3000K->2452K(10176K), 0.0001380 secs]
0.139: [GC 0.139: [DefNew: 701K->62K(704K), 0.0001270 secs] 3092K->2544K(10176K), 0.0001410 secs]
0.140: [GC 0.140: [DefNew: 701K->62K(704K), 0.0001250 secs] 3183K->2636K(10176K), 0.0001390 secs]
0.140: [GC 0.140: [DefNew: 701K->62K(704K), 0.0001230 secs] 3275K->2727K(10176K), 0.0001370 secs]
0.141: [GC 0.141: [DefNew: 701K->62K(704K), 0.0001230 secs] 3367K->2819K(10176K), 0.0001370 secs]
0.142: [GC 0.142: [DefNew: 701K->62K(704K), 0.0001250 secs] 3458K->2911K(10176K), 0.0001390 secs]
0.142: [GC 0.142: [DefNew: 701K->62K(704K), 0.0001230 secs] 3550K->3002K(10176K), 0.0001370 secs]
0.143: [GC 0.143: [DefNew: 701K->62K(704K), 0.0001270 secs] 3642K->3094K(10176K), 0.0001400 secs]
0.144: [GC 0.144: [DefNew: 701K->62K(704K), 0.0001250 secs] 3733K->3186K(10176K), 0.0001390 secs]
0.144: [GC 0.144: [DefNew: 701K->62K(704K), 0.0001420 secs] 3825K->3277K(10176K), 0.0001560 secs]
0.145: [GC 0.145: [DefNew: 701K->62K(704K), 0.0001270 secs] 3917K->3369K(10176K), 0.0001410 secs]
0.146: [GC 0.146: [DefNew: 697K->62K(704K), 0.0001460 secs] 4004K->3476K(10176K), 0.0001600 secs]
0.147: [GC 0.147: [DefNew: 701K->62K(704K), 0.0001290 secs] 4116K->3568K(10176K), 0.0001430 secs]
0.147: [GC 0.147: [DefNew: 701K->62K(704K), 0.0001310 secs] 4207K->3660K(10176K), 0.0001450 secs]
0.148: [GC 0.148: [DefNew: 701K->62K(704K), 0.0001330 secs] 4299K->3751K(10176K), 0.0001470 secs]
0.149: [GC 0.149: [DefNew: 701K->62K(704K), 0.0001540 secs] 4391K->3843K(10176K), 0.0001670 secs]
0.149: [GC 0.149: [DefNew: 701K->62K(704K), 0.0001400 secs] 4482K->3935K(10176K), 0.0001540 secs]
0.150: [GC 0.150: [DefNew: 701K->62K(704K), 0.0001370 secs] 4574K->4026K(10176K), 0.0001510 secs]
0.151: [GC 0.151: [DefNew: 701K->62K(704K), 0.0001370 secs] 4666K->4118K(10176K), 0.0001530 secs]
0.151: [GC 0.151: [DefNew: 701K->62K(704K), 0.0001370 secs] 4757K->4210K(10176K), 0.0001520 secs]
0.152: [GC 0.152: [DefNew: 701K->62K(704K), 0.0001320 secs] 4849K->4301K(10176K), 0.0001470 secs]
0.153: [GC 0.153: [DefNew: 701K->62K(704K), 0.0001350 secs] 4941K->4393K(10176K), 0.0001490 secs]
0.154: [GC 0.154: [DefNew: 701K->62K(704K), 0.0001350 secs] 5032K->4484K(10176K), 0.0001500 secs]
0.154: [GC 0.154: [DefNew: 701K->62K(704K), 0.0001370 secs] 5124K->4576K(10176K), 0.0001520 secs]
0.155: [GC 0.155: [DefNew: 701K->62K(704K), 0.0001350 secs] 5216K->4668K(10176K), 0.0001510 secs]
0.156: [GC 0.156: [DefNew: 701K->62K(704K), 0.0001410 secs] 5307K->4759K(10176K), 0.0001560 secs]
0.156: [GC 0.156: [DefNew: 701K->62K(704K), 0.0001370 secs] 5399K->4851K(10176K), 0.0001510 secs]
0.157: [GC 0.157: [DefNew: 701K->62K(704K), 0.0001430 secs] 5491K->4943K(10176K), 0.0001580 secs]
0.158: [GC 0.158: [DefNew: 701K->62K(704K), 0.0001440 secs] 5582K->5034K(10176K), 0.0001590 secs]
0.159: [GC 0.159: [DefNew: 697K->62K(704K), 0.0001440 secs] 5670K->5122K(10176K), 0.0001580 secs]
0.160: [GC 0.160: [DefNew: 701K->62K(704K), 0.0001390 secs] 5761K->5214K(10176K), 0.0001620 secs]
0.160: [GC 0.160: [DefNew: 701K->62K(704K), 0.0001380 secs] 5853K->5305K(10176K), 0.0001530 secs]
0.161: [GC 0.161: [DefNew: 701K->62K(704K), 0.0001390 secs] 5945K->5397K(10176K), 0.0001540 secs]
0.162: [GC 0.162: [DefNew: 701K->62K(704K), 0.0001410 secs] 6036K->5489K(10176K), 0.0001550 secs]
0.162: [GC 0.162: [DefNew: 701K->62K(704K), 0.0001400 secs] 6128K->5580K(10176K), 0.0001560 secs]
0.163: [GC 0.163: [DefNew: 701K->62K(704K), 0.0001410 secs] 6220K->5672K(10176K), 0.0001560 secs]
0.164: [GC 0.164: [DefNew: 701K->62K(704K), 0.0001430 secs] 6311K->5764K(10176K), 0.0001580 secs]
0.164: [GC 0.165: [DefNew: 701K->62K(704K), 0.0001400 secs] 6403K->5855K(10176K), 0.0001540 secs]
0.165: [GC 0.165: [DefNew: 701K->62K(704K), 0.0001420 secs] 6495K->5947K(10176K), 0.0001570 secs]
0.166: [GC 0.166: [DefNew: 701K->62K(704K), 0.0001400 secs] 6586K->6039K(10176K), 0.0001550 secs]
0.167: [GC 0.167: [DefNew: 701K->62K(704K), 0.0001460 secs] 6678K->6130K(10176K), 0.0001620 secs]
0.167: [GC 0.167: [DefNew: 701K->62K(704K), 0.0003580 secs] 6770K->6222K(10176K), 0.0003750 secs]
0.168: [GC 0.168: [DefNew: 701K->62K(704K), 0.0001430 secs] 6861K->6314K(10176K), 0.0001570 secs]
0.169: [GC 0.169: [DefNew: 701K->62K(704K), 0.0001410 secs] 6953K->6405K(10176K), 0.0001560 secs]
0.170: [GC 0.170: [DefNew: 701K->62K(704K), 0.0001440 secs] 7045K->6497K(10176K), 0.0001590 secs]
0.170: [GC 0.170: [DefNew: 701K->62K(704K), 0.0001430 secs] 7136K->6589K(10176K), 0.0001570 secs]
0.171: [GC 0.171: [DefNew: 701K->62K(704K), 0.0001440 secs] 7228K->6680K(10176K), 0.0001590 secs]
0.172: [GC 0.172: [DefNew: 701K->62K(704K), 0.0001430 secs] 7320K->6772K(10176K), 0.0001580 secs]
0.172: [GC 0.172: [DefNew: 701K->62K(704K), 0.0001420 secs] 7411K->6863K(10176K), 0.0001580 secs]
0.173: [GC 0.173: [DefNew: 701K->62K(704K), 0.0001460 secs] 7503K->6955K(10176K), 0.0001610 secs]
0.174: [GC 0.174: [DefNew: 701K->62K(704K), 0.0001440 secs] 7595K->7047K(10176K), 0.0001590 secs]
0.175: [GC 0.175: [DefNew: 701K->62K(704K), 0.0001440 secs] 7686K->7138K(10176K), 0.0001590 secs]
0.175: [GC 0.175: [DefNew: 701K->62K(704K), 0.0001460 secs] 7778K->7230K(10176K), 0.0001600 secs]
0.176: [GC 0.176: [DefNew: 701K->62K(704K), 0.0001490 secs] 7870K->7322K(10176K), 0.0001650 secs]
0.177: [GC 0.177: [DefNew: 701K->62K(704K), 0.0001490 secs] 7961K->7413K(10176K), 0.0001640 secs]
0.177: [GC 0.177: [DefNew: 701K->62K(704K), 0.0001480 secs] 8053K->7505K(10176K), 0.0001620 secs]
0.178: [GC 0.178: [DefNew: 701K->62K(704K), 0.0001490 secs] 8144K->7597K(10176K), 0.0001630 secs]
0.179: [GC 0.179: [DefNew: 702K->62K(704K), 0.0001770 secs] 8237K->7708K(10176K), 0.0001920 secs]
0.179: [GC 0.180: [DefNew: 701K->62K(704K), 0.0001600 secs] 8348K->7800K(10176K), 0.0001750 secs]
0.180: [GC 0.180: [DefNew: 701K->62K(704K), 0.0001540 secs] 8439K->7892K(10176K), 0.0001680 secs]
0.184: [GC 0.184: [DefNew: 701K->62K(704K), 0.0001790 secs] 8531K->7983K(10176K), 0.0001930 secs]
0.184: [GC 0.184: [DefNew: 701K->62K(704K), 0.0001580 secs] 8623K->8075K(10176K), 0.0001720 secs]
0.185: [GC 0.185: [DefNew: 701K->62K(704K), 0.0001590 secs] 8714K->8167K(10176K), 0.0001730 secs]
0.186: [GC 0.186: [DefNew: 701K->62K(704K), 0.0001560 secs] 8806K->8258K(10176K), 0.0001700 secs]
0.187: [GC 0.187: [DefNew: 701K->62K(704K), 0.0001540 secs] 8898K->8350K(10176K), 0.0001680 secs]
0.187: [GC 0.187: [DefNew: 701K->62K(704K), 0.0001530 secs] 8989K->8442K(10176K), 0.0001680 secs]
0.188: [GC 0.188: [DefNew: 701K->62K(704K), 0.0001560 secs] 9081K->8533K(10176K), 0.0001690 secs]
0.189: [GC 0.189: [DefNew: 701K->62K(704K), 0.0001530 secs] 9173K->8625K(10176K), 0.0001670 secs]
0.189: [GC 0.189: [DefNew: 701K->62K(704K), 0.0001570 secs] 9264K->8717K(10176K), 0.0001710 secs]
0.190: [GC 0.190: [DefNew: 701K->62K(704K), 0.0001550 secs] 9356K->8808K(10176K), 0.0001690 secs]
0.191: [GC 0.191: [DefNew: 701K->62K(704K), 0.0001550 secs] 9448K->8900K(10176K), 0.0001700 secs]
0.192: [GC 0.192: [DefNew: 701K->62K(704K), 0.0001610 secs] 9539K->8992K(10176K), 0.0001750 secs]
0.192: [GC 0.192: [DefNew: 701K->62K(704K), 0.0001570 secs] 9631K->9083K(10176K), 0.0001710 secs]
0.193: [GC 0.193: [DefNew: 701K->62K(704K), 0.0001570 secs] 9723K->9175K(10176K), 0.0001720 secs]
0.194: [GC 0.194: [DefNew: 701K->62K(704K), 0.0001560 secs] 9814K->9267K(10176K), 0.0001700 secs]
0.194: [GC 0.194: [DefNew: 701K->62K(704K), 0.0001570 secs] 9906K->9358K(10176K), 0.0001710 secs]
0.195: [GC 0.195: [DefNew: 701K->62K(704K), 0.0001580 secs] 9998K->9450K(10176K), 0.0001730 secs]
0.196: [GC 0.196: [DefNew: 701K->62K(704K), 0.0001650 secs]0.196: [Tenured: 9479K->9541K(9600K), 0.0035620 secs] 10089K->9541K(10304K), 0.0037940 secs]
0.204: [GC 0.204: [DefNew: 1086K->127K(1216K), 0.0002050 secs] 10628K->9699K(17120K), 0.0002210 secs]
0.205: [GC 0.205: [DefNew: 1214K->127K(1216K), 0.0002750 secs] 10785K->9866K(17120K), 0.0002910 secs]
0.206: [GC 0.206: [DefNew: 1210K->127K(1216K), 0.0002100 secs] 10949K->10010K(17120K), 0.0002250 secs]
0.207: [GC 0.207: [DefNew: 1214K->127K(1216K), 0.0002220 secs] 11096K->10176K(17120K), 0.0002370 secs]
0.208: [GC 0.208: [DefNew: 1210K->127K(1216K), 0.0002130 secs] 11260K->10321K(17120K), 0.0002280 secs]
0.209: [GC 0.209: [DefNew: 1214K->127K(1216K), 0.0002290 secs] 11407K->10487K(17120K), 0.0002440 secs]
0.211: [GC 0.211: [DefNew: 1210K->127K(1216K), 0.0002120 secs] 11571K->10632K(17120K), 0.0002260 secs]
0.212: [GC 0.212: [DefNew: 1214K->127K(1216K), 0.0002290 secs] 11718K->10798K(17120K), 0.0002450 secs]
0.213: [GC 0.213: [DefNew: 1210K->127K(1216K), 0.0002110 secs] 11882K->10943K(17120K), 0.0002260 secs]
0.214: [GC 0.214: [DefNew: 1214K->127K(1216K), 0.0002270 secs] 12029K->11109K(17120K), 0.0002410 secs]
0.215: [GC 0.215: [DefNew: 1210K->127K(1216K), 0.0002110 secs] 12192K->11253K(17120K), 0.0002250 secs]
0.221: [GC 0.221: [DefNew: 1211K->127K(1216K), 0.0002550 secs] 12337K->11437K(17120K), 0.0002690 secs]
0.222: [GC 0.222: [DefNew: 1210K->127K(1216K), 0.0002170 secs] 12520K->11581K(17120K), 0.0002320 secs]
0.223: [GC 0.223: [DefNew: 1214K->127K(1216K), 0.0002300 secs] 12668K->11748K(17120K), 0.0002450 secs]
0.224: [GC 0.224: [DefNew: 1210K->127K(1216K), 0.0002190 secs] 12831K->11892K(17120K), 0.0002330 secs]
0.225: [GC 0.225: [DefNew: 1214K->127K(1216K), 0.0002330 secs] 12979K->12059K(17120K), 0.0002480 secs]
0.226: [GC 0.226: [DefNew: 1210K->127K(1216K), 0.0002170 secs] 13142K->12203K(17120K), 0.0002310 secs]
0.227: [GC 0.227: [DefNew: 1214K->127K(1216K), 0.0006080 secs] 13290K->12370K(17120K), 0.0006260 secs]
0.229: [GC 0.229: [DefNew: 1210K->127K(1216K), 0.0001790 secs] 13453K->12514K(17120K), 0.0001940 secs]
0.230: [GC 0.230: [DefNew: 1214K->127K(1216K), 0.0001750 secs] 13601K->12681K(17120K), 0.0001900 secs]
0.231: [GC 0.231: [DefNew: 1210K->127K(1216K), 0.0001690 secs] 13764K->12825K(17120K), 0.0001840 secs]
0.232: [GC 0.232: [DefNew: 1214K->127K(1216K), 0.0001800 secs] 13912K->12992K(17120K), 0.0001950 secs]
0.233: [GC 0.233: [DefNew: 1210K->127K(1216K), 0.0001720 secs] 14075K->13136K(17120K), 0.0001860 secs]
0.235: [GC 0.235: [DefNew: 1214K->127K(1216K), 0.0001790 secs] 14223K->13303K(17120K), 0.0001940 secs]
0.236: [GC 0.236: [DefNew: 1210K->127K(1216K), 0.0001770 secs] 14386K->13447K(17120K), 0.0001920 secs]
0.237: [GC 0.237: [DefNew: 1214K->127K(1216K), 0.0001800 secs] 14534K->13614K(17120K), 0.0001960 secs]
0.241: [GC 0.241: [DefNew: 1210K->127K(1216K), 0.0001740 secs] 14697K->13758K(17120K), 0.0001900 secs]
0.242: [GC 0.242: [DefNew: 1214K->127K(1216K), 0.0001830 secs] 14845K->13925K(17120K), 0.0001990 secs]
0.243: [GC 0.243: [DefNew: 1210K->127K(1216K), 0.0001750 secs] 15008K->14069K(17120K), 0.0001900 secs]
0.244: [GC 0.244: [DefNew: 1214K->127K(1216K), 0.0001850 secs] 15156K->14236K(17120K), 0.0002000 secs]
0.245: [GC 0.245: [DefNew: 1210K->127K(1216K), 0.0002020 secs] 15319K->14380K(17120K), 0.0002160 secs]
0.246: [GC 0.246: [DefNew: 1214K->127K(1216K), 0.0002400 secs] 15467K->14547K(17120K), 0.0002550 secs]
0.247: [GC 0.247: [DefNew: 1210K->127K(1216K), 0.0002260 secs] 15630K->14691K(17120K), 0.0002420 secs]
0.248: [GC 0.248: [DefNew: 1214K->127K(1216K), 0.0002440 secs] 15777K->14858K(17120K), 0.0002590 secs]
0.253: [GC 0.253: [DefNew: 1210K->127K(1216K), 0.0002280 secs] 15941K->15002K(17120K), 0.0002430 secs]
0.254: [GC 0.254: [DefNew: 1214K->127K(1216K), 0.0002460 secs] 16088K->15169K(17120K), 0.0002610 secs]
0.255: [GC 0.255: [DefNew: 1210K->127K(1216K), 0.0004410 secs] 16252K->15313K(17120K), 0.0004580 secs]
0.256: [GC 0.256: [DefNew: 1214K->127K(1216K), 0.0002500 secs] 16399K->15480K(17120K), 0.0002670 secs]
0.257: [GC 0.257: [DefNew: 1210K->127K(1216K), 0.0002320 secs] 16563K->15624K(17120K), 0.0002480 secs]
0.259: [GC 0.259: [DefNew: 1214K->127K(1216K), 0.0002470 secs] 16710K->15791K(17120K), 0.0002630 secs]
0.260: [GC 0.260: [DefNew: 1210K->127K(1216K), 0.0002360 secs] 16874K->15935K(17120K), 0.0002520 secs]
0.261: [GC 0.261: [DefNew: 1214K->127K(1216K), 0.0002680 secs]0.261: [Tenured: 15974K->16030K(16032K), 0.0039080 secs] 17021K->16102K(17248K), 0.0042520 secs]
0.268: [GC 0.268: [DefNew: 1853K->189K(2048K), 0.0019150 secs] 17883K->16367K(28768K), 0.0019370 secs]
0.271: [GC 0.271: [DefNew: 2039K->189K(2048K), 0.0004190 secs] 18217K->16632K(28768K), 0.0004350 secs]
0.273: [GC 0.273: [DefNew: 2039K->189K(2048K), 0.0003460 secs] 18482K->16897K(28768K), 0.0003620 secs]
0.275: [GC 0.275: [DefNew: 2043K->189K(2048K), 0.0003790 secs] 18751K->17186K(28768K), 0.0003940 secs]
0.281: [GC 0.281: [DefNew: 2042K->189K(2048K), 0.0003650 secs] 19039K->17455K(28768K), 0.0003810 secs]
0.283: [GC 0.283: [DefNew: 2039K->189K(2048K), 0.0003340 secs] 19304K->17720K(28768K), 0.0003500 secs]
0.285: [GC 0.285: [DefNew: 2039K->189K(2048K), 0.0003360 secs] 19570K->17985K(28768K), 0.0003510 secs]
0.287: [GC 0.287: [DefNew: 2039K->189K(2048K), 0.0003400 secs] 19835K->18250K(28768K), 0.0003560 secs]
0.293: [GC 0.293: [DefNew: 2039K->189K(2048K), 0.0003440 secs] 20100K->18515K(28768K), 0.0003590 secs]
0.295: [GC 0.295: [DefNew: 2039K->189K(2048K), 0.0003420 secs] 20365K->18780K(28768K), 0.0003570 secs]
0.297: [GC 0.297: [DefNew: 2039K->189K(2048K), 0.0003430 secs] 20630K->19046K(28768K), 0.0003580 secs]
0.299: [GC 0.299: [DefNew: 2039K->189K(2048K), 0.0003440 secs] 20895K->19311K(28768K), 0.0003600 secs]
0.301: [GC 0.301: [DefNew: 2039K->189K(2048K), 0.0003450 secs] 21160K->19576K(28768K), 0.0003610 secs]
0.305: [GC 0.305: [DefNew: 2039K->189K(2048K), 0.0003490 secs] 21426K->19841K(28768K), 0.0003650 secs]
0.307: [GC 0.307: [DefNew: 2039K->189K(2048K), 0.0003510 secs] 21691K->20106K(28768K), 0.0003660 secs]
0.309: [GC 0.309: [DefNew: 2039K->189K(2048K), 0.0003530 secs] 21956K->20371K(28768K), 0.0003670 secs]
0.311: [GC 0.311: [DefNew: 2039K->189K(2048K), 0.0003540 secs] 22221K->20636K(28768K), 0.0003700 secs]
0.313: [GC 0.313: [DefNew: 2039K->189K(2048K), 0.0003590 secs] 22486K->20902K(28768K), 0.0003740 secs]
0.314: [GC 0.314: [DefNew: 2039K->189K(2048K), 0.0003550 secs] 22751K->21167K(28768K), 0.0003780 secs]
0.316: [GC 0.316: [DefNew: 2039K->189K(2048K), 0.0003580 secs] 23016K->21432K(28768K), 0.0003730 secs]
0.321: [GC 0.321: [DefNew: 2039K->189K(2048K), 0.0003590 secs] 23282K->21697K(28768K), 0.0003750 secs]
0.323: [GC 0.323: [DefNew: 2039K->189K(2048K), 0.0003600 secs] 23547K->21962K(28768K), 0.0003760 secs]
0.325: [GC 0.325: [DefNew: 2039K->189K(2048K), 0.0003580 secs] 23812K->22227K(28768K), 0.0003740 secs]
0.327: [GC 0.327: [DefNew: 2039K->189K(2048K), 0.0003610 secs] 24077K->22492K(28768K), 0.0003770 secs]
0.329: [GC 0.329: [DefNew: 2039K->189K(2048K), 0.0003740 secs] 24342K->22758K(28768K), 0.0003900 secs]
0.331: [GC 0.331: [DefNew: 2039K->189K(2048K), 0.0003680 secs] 24607K->23023K(28768K), 0.0003840 secs]
0.332: [GC 0.332: [DefNew: 2039K->189K(2048K), 0.0003650 secs] 24872K->23288K(28768K), 0.0003810 secs]
0.337: [GC 0.337: [DefNew: 2039K->189K(2048K), 0.0003680 secs] 25138K->23553K(28768K), 0.0003830 secs]
0.339: [GC 0.339: [DefNew: 2039K->189K(2048K), 0.0003660 secs] 25403K->23818K(28768K), 0.0003820 secs]
0.364: [GC 0.364: [DefNew: 2039K->189K(2048K), 0.0004450 secs] 25668K->24083K(28768K), 0.0004670 secs]
0.369: [GC 0.369: [DefNew: 2039K->189K(2048K), 0.0003600 secs] 25933K->24349K(28768K), 0.0003770 secs]
0.373: [GC 0.373: [DefNew: 2039K->189K(2048K), 0.0003580 secs] 26198K->24614K(28768K), 0.0003740 secs]
0.377: [GC 0.377: [DefNew: 2039K->189K(2048K), 0.0003620 secs] 26463K->24879K(28768K), 0.0003780 secs]
0.381: [GC 0.381: [DefNew: 2039K->189K(2048K), 0.0003620 secs] 26729K->25144K(28768K), 0.0003770 secs]
0.385: [GC 0.385: [DefNew: 2039K->189K(2048K), 0.0003630 secs] 26994K->25409K(28768K), 0.0003790 secs]
0.389: [GC 0.389: [DefNew: 2039K->189K(2048K), 0.0004340 secs] 27259K->25713K(28768K), 0.0004490 secs]
0.393: [GC 0.393: [DefNew: 2039K->189K(2048K), 0.0003740 secs] 27563K->25978K(28768K), 0.0003900 secs]
0.397: [GC 0.397: [DefNew: 2039K->189K(2048K), 0.0003710 secs] 27828K->26243K(28768K), 0.0003880 secs]
0.401: [GC 0.401: [DefNew: 2039K->189K(2048K), 0.0003730 secs] 28093K->26509K(28768K), 0.0003880 secs]
0.405: [GC 0.405: [DefNew: 2039K->189K(2048K), 0.0003810 secs] 28358K->26774K(28768K), 0.0003960 secs]
0.409: [GC 0.409: [DefNew: 2039K->189K(2048K), 0.0003990 secs]0.410: [Tenured: 26849K->26973K(26976K), 0.0045610 secs] 28623K->27039K(29024K), 0.0050540 secs]
0.419: [GC 0.419: [DefNew: 3135K->317K(3456K), 0.0024080 secs] 30109K->27477K(48416K), 0.0024370 secs]
0.426: [GC 0.426: [DefNew: 3446K->317K(3456K), 0.0006620 secs] 30606K->27926K(48416K), 0.0006790 secs]
0.434: [GC 0.434: [DefNew: 3446K->317K(3456K), 0.0005470 secs] 31054K->28374K(48416K), 0.0005620 secs]
0.438: [GC 0.438: [DefNew: 3446K->317K(3456K), 0.0005460 secs] 31503K->28823K(48416K), 0.0005630 secs]
0.446: [GC 0.446: [DefNew: 3446K->317K(3456K), 0.0005450 secs] 31951K->29271K(48416K), 0.0005620 secs]
0.450: [GC 0.450: [DefNew: 3446K->317K(3456K), 0.0005440 secs] 32400K->29720K(48416K), 0.0005600 secs]
0.458: [GC 0.458: [DefNew: 3446K->317K(3456K), 0.0005480 secs] 32848K->30168K(48416K), 0.0005650 secs]
0.464: [GC 0.464: [DefNew: 3446K->317K(3456K), 0.0005880 secs] 33297K->30617K(48416K), 0.0006040 secs]
0.467: [GC 0.467: [DefNew: 3446K->317K(3456K), 0.0005650 secs] 33745K->31065K(48416K), 0.0005820 secs]
0.474: [GC 0.474: [DefNew: 3446K->317K(3456K), 0.0005690 secs] 34194K->31514K(48416K), 0.0005850 secs]
0.477: [GC 0.477: [DefNew: 3446K->317K(3456K), 0.0005590 secs] 34642K->31962K(48416K), 0.0005740 secs]
0.482: [GC 0.482: [DefNew: 3446K->317K(3456K), 0.0005590 secs] 35091K->32411K(48416K), 0.0005750 secs]
0.485: [GC 0.485: [DefNew: 3446K->317K(3456K), 0.0005610 secs] 35539K->32859K(48416K), 0.0005760 secs]
0.490: [GC 0.490: [DefNew: 3446K->317K(3456K), 0.0005640 secs] 35988K->33307K(48416K), 0.0005800 secs]
0.493: [GC 0.493: [DefNew: 3446K->317K(3456K), 0.0005640 secs] 36436K->33756K(48416K), 0.0005790 secs]
0.496: [GC 0.496: [DefNew: 3446K->317K(3456K), 0.0006000 secs] 36884K->34204K(48416K), 0.0006160 secs]
0.502: [GC 0.502: [DefNew: 3446K->317K(3456K), 0.0005710 secs] 37333K->34653K(48416K), 0.0005930 secs]
0.505: [GC 0.505: [DefNew: 3446K->317K(3456K), 0.0005840 secs] 37781K->35101K(48416K), 0.0006000 secs]
0.508: [GC 0.508: [DefNew: 3446K->317K(3456K), 0.0005770 secs] 38230K->35550K(48416K), 0.0005930 secs]
0.511: [GC 0.511: [DefNew: 3446K->317K(3456K), 0.0005870 secs] 38678K->35998K(48416K), 0.0006030 secs]
0.515: [GC 0.515: [DefNew: 3446K->317K(3456K), 0.0005810 secs] 39127K->36447K(48416K), 0.0005970 secs]
0.518: [GC 0.518: [DefNew: 3446K->317K(3456K), 0.0005750 secs] 39575K->36895K(48416K), 0.0005900 secs]
0.522: [GC 0.522: [DefNew: 3446K->317K(3456K), 0.0005910 secs] 40024K->37344K(48416K), 0.0006070 secs]
0.530: [GC 0.530: [DefNew: 3446K->317K(3456K), 0.0006070 secs] 40472K->37792K(48416K), 0.0006230 secs]
0.533: [GC 0.533: [DefNew: 3446K->317K(3456K), 0.0005840 secs] 40921K->38241K(48416K), 0.0005990 secs]
0.536: [GC 0.536: [DefNew: 3445K->316K(3456K), 0.0006630 secs] 41369K->38747K(48416K), 0.0006790 secs]
0.540: [GC 0.540: [DefNew: 3445K->317K(3456K), 0.0006260 secs] 41876K->39196K(48416K), 0.0006410 secs]
0.543: [GC 0.543: [DefNew: 3446K->317K(3456K), 0.0005940 secs] 42324K->39644K(48416K), 0.0006090 secs]
0.546: [GC 0.546: [DefNew: 3446K->317K(3456K), 0.0005940 secs] 42773K->40093K(48416K), 0.0006100 secs]
0.554: [GC 0.554: [DefNew: 3446K->317K(3456K), 0.0006120 secs] 43221K->40541K(48416K), 0.0006270 secs]
0.557: [GC 0.557: [DefNew: 3446K->317K(3456K), 0.0006100 secs] 43670K->40990K(48416K), 0.0006250 secs]
0.561: [GC 0.561: [DefNew: 3446K->317K(3456K), 0.0006150 secs] 44118K->41438K(48416K), 0.0006300 secs]
0.564: [GC 0.564: [DefNew: 3446K->317K(3456K), 0.0006070 secs] 44567K->41887K(48416K), 0.0006220 secs]
0.567: [GC 0.567: [DefNew: 3446K->317K(3456K), 0.0006140 secs] 45015K->42335K(48416K), 0.0006300 secs]
0.570: [GC 0.570: [DefNew: 3446K->317K(3456K), 0.0006060 secs] 45464K->42783K(48416K), 0.0006210 secs]
0.573: [GC 0.573: [DefNew: 3446K->317K(3456K), 0.0006440 secs] 45912K->43232K(48416K), 0.0006610 secs]
0.576: [GC 0.576: [DefNew: 3446K->317K(3456K), 0.0006920 secs] 46360K->43680K(48416K), 0.0007070 secs]
0.579: [GC 0.580: [DefNew: 3446K->317K(3456K), 0.0006300 secs] 46809K->44129K(48416K), 0.0006450 secs]
0.583: [GC 0.583: [DefNew: 3446K->317K(3456K), 0.0006160 secs] 47257K->44577K(48416K), 0.0006310 secs]
0.592: [GC 0.592: [DefNew: 3446K->317K(3456K), 0.0008600 secs] 47706K->45026K(48416K), 0.0008790 secs]
0.595: [GC 0.596: [DefNew: 3446K->317K(3456K), 0.0008100 secs]0.596: [Tenured: 45157K->45215K(45216K), 0.0359300 secs] 48154K->45310K(48672K), 0.0369360 secs]
0.640: [GC 0.640: [DefNew: 5177K->572K(5760K), 0.0043200 secs] 50393K->46050K(81120K), 0.0043630 secs]
0.652: [GC 0.652: [DefNew: 5756K->572K(5760K), 0.0010700 secs] 51233K->46793K(81120K), 0.0010920 secs]
0.660: [GC 0.660: [DefNew: 5756K->572K(5760K), 0.0009040 secs] 51976K->47536K(81120K), 0.0009230 secs]
0.668: [GC 0.668: [DefNew: 5756K->572K(5760K), 0.0009520 secs] 52720K->48279K(81120K), 0.0009720 secs]
0.676: [GC 0.676: [DefNew: 5756K->572K(5760K), 0.0009270 secs] 53463K->49022K(81120K), 0.0009440 secs]
0.681: [GC 0.681: [DefNew: 5756K->572K(5760K), 0.0009330 secs] 54206K->49765K(81120K), 0.0009510 secs]
0.692: [GC 0.692: [DefNew: 5756K->572K(5760K), 0.0009400 secs] 54949K->50508K(81120K), 0.0009580 secs]
0.698: [GC 0.698: [DefNew: 5756K->572K(5760K), 0.0009430 secs] 55692K->51251K(81120K), 0.0009630 secs]
0.704: [GC 0.704: [DefNew: 5756K->572K(5760K), 0.0009590 secs] 56435K->51994K(81120K), 0.0009770 secs]
0.712: [GC 0.712: [DefNew: 5756K->572K(5760K), 0.0009540 secs] 57178K->52737K(81120K), 0.0009720 secs]
0.720: [GC 0.720: [DefNew: 5756K->572K(5760K), 0.0009580 secs] 57921K->53480K(81120K), 0.0009760 secs]
0.725: [GC 0.725: [DefNew: 5756K->572K(5760K), 0.0009650 secs] 58664K->54223K(81120K), 0.0009820 secs]
0.731: [GC 0.731: [DefNew: 5756K->572K(5760K), 0.0009570 secs] 59407K->54967K(81120K), 0.0009760 secs]
0.736: [GC 0.736: [DefNew: 5756K->572K(5760K), 0.0009980 secs] 60150K->55710K(81120K), 0.0010160 secs]
0.744: [GC 0.744: [DefNew: 5756K->572K(5760K), 0.0011180 secs] 60893K->56453K(81120K), 0.0011350 secs]
0.750: [GC 0.750: [DefNew: 5756K->572K(5760K), 0.0009670 secs] 61636K->57196K(81120K), 0.0009860 secs]
0.755: [GC 0.755: [DefNew: 5754K->573K(5760K), 0.0013210 secs] 62377K->58015K(81120K), 0.0013460 secs]
0.761: [GC 0.761: [DefNew: 5757K->572K(5760K), 0.0010160 secs] 63199K->58758K(81120K), 0.0010350 secs]
0.766: [GC 0.766: [DefNew: 5756K->572K(5760K), 0.0009850 secs] 63942K->59501K(81120K), 0.0010040 secs]
0.776: [GC 0.776: [DefNew: 5756K->572K(5760K), 0.0009980 secs] 64685K->60244K(81120K), 0.0010170 secs]
0.784: [GC 0.784: [DefNew: 5756K->572K(5760K), 0.0009890 secs] 65428K->60987K(81120K), 0.0010080 secs]
0.789: [GC 0.789: [DefNew: 5756K->572K(5760K), 0.0009950 secs] 66171K->61730K(81120K), 0.0010140 secs]
0.796: [GC 0.796: [DefNew: 5756K->572K(5760K), 0.0012430 secs] 66914K->62473K(81120K), 0.0012640 secs]
0.802: [GC 0.802: [DefNew: 5756K->572K(5760K), 0.0010000 secs] 67657K->63216K(81120K), 0.0010200 secs]
0.816: [GC 0.816: [DefNew: 5756K->572K(5760K), 0.0010830 secs] 68400K->63959K(81120K), 0.0011050 secs]
0.824: [GC 0.824: [DefNew: 5756K->572K(5760K), 0.0010180 secs] 69143K->64702K(81120K), 0.0010380 secs]
0.829: [GC 0.829: [DefNew: 5756K->572K(5760K), 0.0010040 secs] 69886K->65446K(81120K), 0.0010230 secs]
0.836: [GC 0.836: [DefNew: 5756K->572K(5760K), 0.0010450 secs] 70629K->66189K(81120K), 0.0010640 secs]
0.841: [GC 0.841: [DefNew: 5756K->572K(5760K), 0.0010130 secs] 71372K->66932K(81120K), 0.0010330 secs]
0.847: [GC 0.847: [DefNew: 5756K->572K(5760K), 0.0010300 secs] 72115K->67675K(81120K), 0.0010480 secs]
0.852: [GC 0.852: [DefNew: 5756K->572K(5760K), 0.0010300 secs] 72858K->68418K(81120K), 0.0010490 secs]
0.860: [GC 0.860: [DefNew: 5756K->572K(5760K), 0.0010310 secs] 73602K->69161K(81120K), 0.0010510 secs]
0.865: [GC 0.865: [DefNew: 5756K->572K(5760K), 0.0010380 secs] 74345K->69904K(81120K), 0.0010570 secs]
0.871: [GC 0.871: [DefNew: 5756K->572K(5760K), 0.0010560 secs] 75088K->70647K(81120K), 0.0010760 secs]
0.880: [GC 0.880: [DefNew: 5756K->572K(5760K), 0.0010360 secs] 75831K->71390K(81120K), 0.0010560 secs]
0.888: [GC 0.888: [DefNew: 5756K->572K(5760K), 0.0010560 secs] 76574K->72133K(81120K), 0.0010770 secs]
0.893: [GC 0.893: [DefNew: 5756K->572K(5760K), 0.0010420 secs] 77317K->72876K(81120K), 0.0010620 secs]
0.899: [GC 0.899: [DefNew: 5756K->572K(5760K), 0.0010540 secs] 78060K->73619K(81120K), 0.0010730 secs]
0.908: [GC 0.908: [DefNew: 5756K->572K(5760K), 0.0010550 secs] 78803K->74362K(81120K), 0.0010740 secs]
0.913: [GC 0.913: [DefNew: 5756K->572K(5760K), 0.0010640 secs] 79546K->75105K(81120K), 0.0010820 secs]
0.919: [GC 0.919: [DefNew: 5756K->572K(5760K), 0.0010610 secs] 80289K->75848K(81120K), 0.0010790 secs]
0.924: [GC 0.924: [DefNew: 5756K->572K(5760K), 0.0010990 secs]0.925: [Tenured: 76019K->76127K(76128K), 0.0188460 secs] 81032K->76592K(81888K), 0.0201130 secs]
0.956: [GC 0.956: [DefNew: 8571K->1021K(9600K), 0.0061960 secs] 84698K->77754K(136480K), 0.0062450 secs]
0.975: [GC 0.975: [DefNew: 9594K->1021K(9600K), 0.0019270 secs] 86327K->78991K(136480K), 0.0019650 secs]
0.985: [GC 0.985: [DefNew: 9588K->1021K(9600K), 0.0017200 secs] 87558K->80222K(136480K), 0.0017530 secs]
1.004: [GC 1.004: [DefNew: 9594K->1021K(9600K), 0.0016920 secs] 88795K->81440K(136480K), 0.0017300 secs]
1.020: [GC 1.020: [DefNew: 9594K->1021K(9600K), 0.0016710 secs] 90013K->82677K(136480K), 0.0017070 secs]
1.032: [GC 1.032: [DefNew: 9588K->1021K(9600K), 0.0016740 secs] 91244K->83908K(136480K), 0.0017110 secs]
1.042: [GC 1.042: [DefNew: 9594K->1021K(9600K), 0.0016800 secs] 92481K->85125K(136480K), 0.0017160 secs]
1.057: [GC 1.057: [DefNew: 9591K->1023K(9600K), 0.0018550 secs] 93695K->86496K(136480K), 0.0018940 secs]
1.067: [GC 1.067: [DefNew: 9597K->1021K(9600K), 0.0017730 secs] 95070K->87714K(136480K), 0.0018110 secs]
1.080: [GC 1.080: [DefNew: 9594K->1021K(9600K), 0.0016910 secs] 96287K->88951K(136480K), 0.0017270 secs]
1.092: [GC 1.092: [DefNew: 9588K->1021K(9600K), 0.0017470 secs] 97518K->90182K(136480K), 0.0017830 secs]
1.104: [GC 1.104: [DefNew: 9594K->1021K(9600K), 0.0017130 secs] 98755K->91400K(136480K), 0.0017490 secs]
1.120: [GC 1.120: [DefNew: 9594K->1021K(9600K), 0.0017240 secs] 99973K->92637K(136480K), 0.0017590 secs]
1.130: [GC 1.130: [DefNew: 9588K->1021K(9600K), 0.0017560 secs] 101204K->93868K(136480K), 0.0017900 secs]
1.144: [GC 1.144: [DefNew: 9594K->1021K(9600K), 0.0017230 secs] 102441K->95086K(136480K), 0.0017580 secs]
1.154: [GC 1.154: [DefNew: 9594K->1021K(9600K), 0.0017930 secs] 103659K->96323K(136480K), 0.0018270 secs]
1.165: [GC 1.165: [DefNew: 9588K->1021K(9600K), 0.0017580 secs] 104890K->97554K(136480K), 0.0017920 secs]
1.176: [GC 1.176: [DefNew: 9594K->1021K(9600K), 0.0017560 secs] 106127K->98772K(136480K), 0.0017900 secs]
1.186: [GC 1.186: [DefNew: 9594K->1021K(9600K), 0.0018960 secs] 107345K->100009K(136480K), 0.0019300 secs]
1.197: [GC 1.197: [DefNew: 9588K->1021K(9600K), 0.0018890 secs] 108576K->101240K(136480K), 0.0019260 secs]
1.208: [GC 1.208: [DefNew: 9594K->1021K(9600K), 0.0017920 secs] 109813K->102458K(136480K), 0.0018270 secs]
1.224: [GC 1.224: [DefNew: 9594K->1021K(9600K), 0.0018700 secs] 111031K->103695K(136480K), 0.0019050 secs]
1.234: [GC 1.234: [DefNew: 9588K->1021K(9600K), 0.0018650 secs] 112262K->104926K(136480K), 0.0019000 secs]
1.248: [GC 1.248: [DefNew: 9594K->1021K(9600K), 0.0018480 secs] 113499K->106144K(136480K), 0.0018830 secs]
1.263: [GC 1.263: [DefNew: 9594K->1021K(9600K), 0.0019190 secs] 114717K->107381K(136480K), 0.0019540 secs]
1.273: [GC 1.273: [DefNew: 9588K->1021K(9600K), 0.0018370 secs] 115948K->108612K(136480K), 0.0018710 secs]
1.288: [GC 1.288: [DefNew: 9594K->1021K(9600K), 0.0018340 secs] 117185K->109829K(136480K), 0.0018690 secs]
1.299: [GC 1.299: [DefNew: 9594K->1021K(9600K), 0.0019530 secs] 118403K->111067K(136480K), 0.0019920 secs]
1.309: [GC 1.310: [DefNew: 9588K->1021K(9600K), 0.0019470 secs] 119633K->112298K(136480K), 0.0019900 secs]
1.324: [GC 1.324: [DefNew: 9594K->1021K(9600K), 0.0019130 secs] 120871K->113515K(136480K), 0.0019510 secs]
1.334: [GC 1.334: [DefNew: 9594K->1021K(9600K), 0.0019300 secs] 122089K->114753K(136480K), 0.0019650 secs]
1.372: [GC 1.372: [DefNew: 9588K->1021K(9600K), 0.0019540 secs] 123319K->115983K(136480K), 0.0019960 secs]
1.400: [GC 1.400: [DefNew: 9594K->1021K(9600K), 0.0018640 secs] 124557K->117201K(136480K), 0.0019010 secs]
1.420: [GC 1.420: [DefNew: 9594K->1021K(9600K), 0.0019210 secs] 125774K->118439K(136480K), 0.0019570 secs]
1.444: [GC 1.444: [DefNew: 9588K->1021K(9600K), 0.0019210 secs] 127005K->119669K(136480K), 0.0019580 secs]
1.468: [GC 1.468: [DefNew: 9594K->1021K(9600K), 0.0019010 secs] 128243K->120887K(136480K), 0.0019450 secs]
1.496: [GC 1.496: [DefNew: 9594K->1021K(9600K), 0.0808520 secs] 129460K->122124K(136480K), 0.0809050 secs]
1.589: [GC 1.589: [DefNew: 9588K->1021K(9600K), 0.0022420 secs] 130691K->123355K(136480K), 0.0022860 secs]
1.608: [GC 1.608: [DefNew: 9594K->1021K(9600K), 0.0488470 secs] 131928K->124573K(136480K), 0.0489020 secs]
1.666: [GC 1.666: [DefNew: 9594K->1021K(9600K), 0.0015650 secs] 133146K->125810K(136480K), 0.0016040 secs]
1.688: [GC 1.688: [DefNew: 9588K->1021K(9600K), 0.0068100 secs] 134377K->127041K(136480K), 0.0068620 secs]
1.716: [GC 1.716: [DefNew: 9594K->1021K(9600K), 0.0016870 secs]1.717: [Tenured: 127238K->127260K(127264K), 0.0222360 secs] 135614K->128259K(136864K), 0.0242120 secs]
1.776: [GC 1.776: [DefNew: 14267K->1725K(16000K), 0.0105700 secs] 141528K->130358K(228104K), 0.0106270 secs]
1.810: [GC 1.810: [DefNew: 15988K->1725K(16000K), 0.0045190 secs] 144621K->132414K(228104K), 0.0045690 secs]
1.844: [GC 1.844: [DefNew: 15994K->1725K(16000K), 0.0052960 secs] 146683K->134456K(228104K), 0.0053450 secs]
1.874: [GC 1.874: [DefNew: 15987K->1725K(16000K), 0.0055030 secs] 148719K->136492K(228104K), 0.0055530 secs]
1.898: [GC 1.898: [DefNew: 15987K->1725K(16000K), 0.0031030 secs] 150755K->138548K(228104K), 0.0031510 secs]
1.919: [GC 1.919: [DefNew: 15994K->1725K(16000K), 0.0114820 secs] 152817K->140591K(228104K), 0.0115320 secs]
1.949: [GC 1.949: [DefNew: 15987K->1725K(16000K), 0.0030530 secs] 154853K->142627K(228104K), 0.0031100 secs]
1.971: [GC 1.971: [DefNew: 15987K->1725K(16000K), 0.0031520 secs] 156889K->144682K(228104K), 0.0032050 secs]
1.989: [GC 1.989: [DefNew: 15994K->1725K(16000K), 0.0030040 secs] 158952K->146725K(228104K), 0.0030520 secs]
2.012: [GC 2.012: [DefNew: 15987K->1725K(16000K), 0.0054300 secs] 160988K->148761K(228104K), 0.0054820 secs]
2.040: [GC 2.040: [DefNew: 15987K->1725K(16000K), 0.0030280 secs] 163024K->150817K(228104K), 0.0030790 secs]
2.061: [GC 2.061: [DefNew: 15994K->1725K(16000K), 0.0030710 secs] 165086K->152859K(228104K), 0.0031190 secs]
2.080: [GC 2.080: [DefNew: 15987K->1725K(16000K), 0.0030380 secs] 167122K->154896K(228104K), 0.0030860 secs]
2.104: [GC 2.104: [DefNew: 15987K->1725K(16000K), 0.0029990 secs] 169158K->156951K(228104K), 0.0030600 secs]
2.126: [GC 2.126: [DefNew: 15994K->1725K(16000K), 0.0032300 secs] 171220K->158994K(228104K), 0.0032790 secs]
2.148: [GC 2.148: [DefNew: 15987K->1725K(16000K), 0.0031010 secs] 173257K->161030K(228104K), 0.0031500 secs]
2.169: [GC 2.169: [DefNew: 15987K->1725K(16000K), 0.0031650 secs] 175293K->163086K(228104K), 0.0032170 secs]
2.187: [GC 2.187: [DefNew: 15994K->1725K(16000K), 0.0030840 secs] 177355K->165128K(228104K), 0.0031340 secs]
2.206: [GC 2.206: [DefNew: 15987K->1725K(16000K), 0.0052140 secs] 179391K->167164K(228104K), 0.0052670 secs]
2.230: [GC 2.230: [DefNew: 15987K->1725K(16000K), 0.0031620 secs] 181427K->169220K(228104K), 0.0032090 secs]
2.248: [GC 2.248: [DefNew: 15994K->1725K(16000K), 0.0031510 secs] 183489K->171263K(228104K), 0.0031990 secs]
2.272: [GC 2.272: [DefNew: 15987K->1725K(16000K), 0.0031140 secs] 185525K->173299K(228104K), 0.0031650 secs]
2.293: [GC 2.293: [DefNew: 15987K->1725K(16000K), 0.0032000 secs] 187561K->175354K(228104K), 0.0032450 secs]
2.319: [GC 2.319: [DefNew: 15994K->1725K(16000K), 0.0031540 secs] 189624K->177397K(228104K), 0.0032040 secs]
2.344: [GC 2.344: [DefNew: 15987K->1725K(16000K), 0.0031000 secs] 191660K->179433K(228104K), 0.0031500 secs]
2.384: [GC 2.384: [DefNew: 15987K->1725K(16000K), 0.0032250 secs] 193696K->181489K(228104K), 0.0032780 secs]
2.419: [GC 2.419: [DefNew: 15994K->1725K(16000K), 0.0031960 secs] 195758K->183532K(228104K), 0.0032460 secs]
2.450: [GC 2.450: [DefNew: 15987K->1725K(16000K), 0.0031800 secs] 197794K->185568K(228104K), 0.0032260 secs]
2.475: [GC 2.475: [DefNew: 15987K->1725K(16000K), 0.0032220 secs] 199830K->187623K(228104K), 0.0032720 secs]
2.500: [GC 2.500: [DefNew: 15994K->1725K(16000K), 0.0094510 secs] 201893K->189666K(228104K), 0.0094990 secs]
2.524: [GC 2.524: [DefNew: 15987K->1725K(16000K), 0.0032770 secs] 203929K->191702K(228104K), 0.0033290 secs]
2.546: [GC 2.546: [DefNew: 15990K->1725K(16000K), 0.0037130 secs] 205967K->194053K(228104K), 0.0037620 secs]
2.568: [GC 2.568: [DefNew: 15994K->1725K(16000K), 0.0033500 secs] 208323K->196096K(228104K), 0.0034010 secs]
2.590: [GC 2.590: [DefNew: 15987K->1725K(16000K), 0.0039030 secs] 210359K->198132K(228104K), 0.0039610 secs]
2.612: [GC 2.612: [DefNew: 15987K->1725K(16000K), 0.0053720 secs] 212395K->200188K(228104K), 0.0054240 secs]
2.640: [GC 2.640: [DefNew: 15994K->1725K(16000K), 0.0033140 secs] 214457K->202230K(228104K), 0.0033630 secs]
2.661: [GC 2.661: [DefNew: 15987K->1725K(16000K), 0.0033860 secs] 216493K->204267K(228104K), 0.0034350 secs]
2.684: [GC 2.684: [DefNew: 15987K->1725K(16000K), 0.0033570 secs] 218529K->206322K(228104K), 0.0034070 secs]
2.710: [GC 2.710: [DefNew: 15994K->1725K(16000K), 0.0033780 secs] 220591K->208365K(228104K), 0.0034260 secs]
2.727: [GC 2.727: [DefNew: 15987K->1725K(16000K), 0.0033250 secs] 222628K->210401K(228104K), 0.0033750 secs]
2.750: [GC 2.750: [DefNew: 15987K->1725K(16000K), 0.0034050 secs] 224664K->212457K(228104K), 0.0034540 secs]
2.772: [GC 2.772: [DefNew: 15994K->1725K(16000K), 0.0033170 secs]2.775: [Tenured: 212774K->212869K(212872K), 0.0423830 secs] 226726K->214499K(228872K), 0.0460600 secs]
2.853: [GC 2.853: [DefNew: 23738K->2942K(26688K), 0.0247800 secs] 236608K->217681K(381472K), 0.0248310 secs]
2.913: [GC 2.913: [DefNew: 26679K->2942K(26688K), 0.0056110 secs] 241417K->221072K(381472K), 0.0056630 secs]
2.947: [GC 2.947: [DefNew: 26682K->2942K(26688K), 0.0091590 secs] 244812K->224487K(381472K), 0.0092170 secs]
2.992: [GC 2.992: [DefNew: 26679K->2942K(26688K), 0.0051400 secs] 248223K->227878K(381472K), 0.0051880 secs]
3.033: [GC 3.033: [DefNew: 26682K->2942K(26688K), 0.0140100 secs] 251617K->231292K(381472K), 0.0140630 secs]
3.083: [GC 3.083: [DefNew: 26679K->2942K(26688K), 0.0078350 secs] 255028K->234683K(381472K), 0.0078860 secs]
3.123: [GC 3.123: [DefNew: 26682K->2942K(26688K), 0.0093140 secs] 258423K->238097K(381472K), 0.0093660 secs]
3.164: [GC 3.164: [DefNew: 26679K->2942K(26688K), 0.0052280 secs] 261834K->241489K(381472K), 0.0052800 secs]
3.198: [GC 3.198: [DefNew: 26682K->2942K(26688K), 0.0052850 secs] 265228K->244903K(381472K), 0.0053360 secs]
3.235: [GC 3.235: [DefNew: 26679K->2942K(26688K), 0.0055580 secs] 268639K->248294K(381472K), 0.0056090 secs]
3.276: [GC 3.276: [DefNew: 26682K->2942K(26688K), 0.0091980 secs] 272034K->251708K(381472K), 0.0092480 secs]
3.324: [GC 3.324: [DefNew: 26679K->2942K(26688K), 0.0052100 secs] 275445K->255100K(381472K), 0.0052600 secs]
3.392: [GC 3.392: [DefNew: 26682K->2942K(26688K), 0.0052070 secs] 278839K->258514K(381472K), 0.0052580 secs]
3.448: [GC 3.448: [DefNew: 26679K->2942K(26688K), 0.0906540 secs] 282250K->261905K(381472K), 0.0907060 secs]
3.567: [GC 3.567: [DefNew: 26682K->2942K(26688K), 0.0096580 secs] 285645K->265319K(381472K), 0.0097090 secs]
3.609: [GC 3.609: [DefNew: 26679K->2942K(26688K), 0.0056360 secs] 289056K->268711K(381472K), 0.0056880 secs]
3.656: [GC 3.656: [DefNew: 26682K->2942K(26688K), 0.0052520 secs] 292450K->272125K(381472K), 0.0053010 secs]
3.700: [GC 3.700: [DefNew: 26679K->2942K(26688K), 0.0092740 secs] 295861K->275516K(381472K), 0.0093220 secs]
3.741: [GC 3.741: [DefNew: 26682K->2942K(26688K), 0.0053680 secs] 299256K->278930K(381472K), 0.0054190 secs]
3.783: [GC 3.783: [DefNew: 26679K->2942K(26688K), 0.0053530 secs] 302667K->282322K(381472K), 0.0054030 secs]
3.820: [GC 3.820: [DefNew: 26682K->2942K(26688K), 0.0055070 secs] 306061K->285736K(381472K), 0.0055550 secs]
3.868: [GC 3.868: [DefNew: 26679K->2942K(26688K), 0.0053770 secs] 309472K->289127K(381472K), 0.0054260 secs]
3.912: [GC 3.912: [DefNew: 26684K->2942K(26688K), 0.0058870 secs] 312868K->292973K(381472K), 0.0059370 secs]
3.956: [GC 3.956: [DefNew: 26682K->2942K(26688K), 0.0067180 secs] 316713K->296388K(381472K), 0.0067730 secs]
4.000: [GC 4.000: [DefNew: 26679K->2942K(26688K), 0.0101250 secs] 320124K->299779K(381472K), 0.0101830 secs]
4.037: [GC 4.037: [DefNew: 26682K->2942K(26688K), 0.0062970 secs] 323518K->303193K(381472K), 0.0063510 secs]
4.067: [GC 4.067: [DefNew: 26679K->2942K(26688K), 0.0063200 secs] 326929K->306584K(381472K), 0.0063710 secs]
4.098: [GC 4.098: [DefNew: 26682K->2942K(26688K), 0.0061290 secs] 330324K->309998K(381472K), 0.0061800 secs]
4.128: [GC 4.128: [DefNew: 26679K->2942K(26688K), 0.0065640 secs] 333735K->313390K(381472K), 0.0066130 secs]
4.158: [GC 4.158: [DefNew: 26682K->2942K(26688K), 0.0113940 secs] 337129K->316804K(381472K), 0.0114420 secs]
4.195: [GC 4.195: [DefNew: 26679K->2942K(26688K), 0.0063380 secs] 340540K->320195K(381472K), 0.0063870 secs]
4.225: [GC 4.225: [DefNew: 26682K->2942K(26688K), 0.0061770 secs] 343935K->323609K(381472K), 0.0062290 secs]
4.255: [GC 4.255: [DefNew: 26679K->2942K(26688K), 0.0061480 secs] 347346K->327001K(381472K), 0.0062010 secs]
