2015-01-18T14:07:40.831+0100: 0.212: [GC [PSYoungGen: 3064K->512K(3584K)] 3064K->584K(10432K), 0.0319260 secs] [Times: user=0.01 sys=0.00, real=0.03 secs] 
2015-01-18T14:07:40.868+0100: 0.248: [GC [PSYoungGen: 3584K->512K(6656K)] 3656K->1120K(13504K), 0.0150960 secs] [Times: user=0.01 sys=0.00, real=0.01 secs] 
2015-01-18T14:07:40.890+0100: 0.270: [GC [PSYoungGen: 6654K->512K(6656K)] 7263K->2192K(13504K), 0.0096650 secs] [Times: user=0.00 sys=0.00, real=0.01 secs] 
2015-01-18T14:07:40.907+0100: 0.288: [GC [PSYoungGen: 6649K->512K(12800K)] 8329K->3248K(19648K), 0.0159910 secs] [Times: user=0.00 sys=0.00, real=0.01 secs] 
2015-01-18T14:07:40.935+0100: 0.316: [GC [PSYoungGen: 12800K->512K(12800K)] 15536K->5384K(19648K), 0.0080310 secs] [Times: user=0.00 sys=0.00, real=0.01 secs] 
2015-01-18T14:07:40.943+0100: 0.324: [Full GC [PSYoungGen: 512K->0K(12800K)] [PSOldGen: 4872K->4795K(10368K)] 5384K->4795K(23168K) [PSPermGen: 2584K->2584K(21248K)], 0.0061320 secs] [Times: user=0.01 sys=0.00, real=0.01 secs] 
2015-01-18T14:07:40.963+0100: 0.344: [GC [PSYoungGen: 12287K->1920K(26560K)] 17082K->6715K(36928K), 0.0159820 secs] [Times: user=0.01 sys=0.00, real=0.02 secs] 
2015-01-18T14:07:40.995+0100: 0.376: [GC [PSYoungGen: 26048K->2880K(27008K)] 30843K->10779K(37376K), 0.0160340 secs] [Times: user=0.01 sys=0.00, real=0.02 secs] 
2015-01-18T14:07:41.011+0100: 0.392: [Full GC [PSYoungGen: 2880K->0K(27008K)] [PSOldGen: 7899K->10157K(16896K)] 10779K->10157K(43904K) [PSPermGen: 2584K->2584K(21248K)], 0.0072420 secs] [Times: user=0.01 sys=0.00, real=0.00 secs] 
2015-01-18T14:07:41.035+0100: 0.416: [GC [PSYoungGen: 24128K->3796K(49152K)] 34285K->13953K(66048K), 0.0081450 secs] [Times: user=0.01 sys=0.00, real=0.01 secs] 
2015-01-18T14:07:41.075+0100: 0.456: [GC [PSYoungGen: 49108K->5310K(50880K)] 59265K->21619K(67776K), 0.0240210 secs] [Times: user=0.01 sys=0.00, real=0.03 secs] 
2015-01-18T14:07:41.099+0100: 0.480: [Full GC [PSYoungGen: 5310K->3500K(50880K)] [PSOldGen: 16309K->16895K(25792K)] 21619K->20395K(76672K) [PSPermGen: 2584K->2584K(21248K)], 0.0180180 secs] [Times: user=0.01 sys=0.01, real=0.01 secs] 
2015-01-18T14:07:41.173+0100: 0.553: [GC [PSYoungGen: 45568K->8685K(75776K)] 62463K->27468K(101568K), 0.0146720 secs] [Times: user=0.00 sys=0.01, real=0.02 secs] 
2015-01-18T14:07:41.236+0100: 0.616: [GC [PSYoungGen: 75757K->10496K(77888K)] 94540K->39036K(107136K), 0.0355650 secs] [Times: user=0.02 sys=0.00, real=0.04 secs] 
2015-01-18T14:07:41.271+0100: 0.652: [Full GC [PSYoungGen: 10496K->5924K(77888K)] [PSOldGen: 28540K->29246K(41344K)] 39036K->35171K(119232K) [PSPermGen: 2585K->2584K(21248K)], 0.0368720 secs] [Times: user=0.03 sys=0.00, real=0.04 secs] 
2015-01-18T14:07:41.339+0100: 0.720: [GC [PSYoungGen: 67072K->12516K(107904K)] 96318K->45722K(149248K), 0.0208220 secs] [Times: user=0.02 sys=0.01, real=0.02 secs] 
2015-01-18T14:07:41.407+0100: 0.787: [GC [PSYoungGen: 107876K->14950K(111424K)] 141082K->62116K(159296K), 0.0367730 secs] [Times: user=0.02 sys=0.00, real=0.04 secs] 
2015-01-18T14:07:41.444+0100: 0.824: [Full GC [PSYoungGen: 14950K->12082K(111424K)] [PSOldGen: 47166K->47869K(64320K)] 62116K->59952K(175744K) [PSPermGen: 2584K->2584K(21248K)], 0.0265410 secs] [Times: user=0.01 sys=0.01, real=0.03 secs] 
2015-01-18T14:07:41.503+0100: 0.884: [GC [PSYoungGen: 95360K->18432K(150272K)] 143229K->74917K(214592K), 0.0350810 secs] [Times: user=0.03 sys=0.03, real=0.03 secs] 
2015-01-18T14:07:41.539+0100: 0.919: [Full GC [PSYoungGen: 18432K->8363K(150272K)] [PSOldGen: 56485K->64319K(82560K)] 74917K->72683K(232832K) [PSPermGen: 2584K->2584K(21248K)], 0.0224830 secs] [Times: user=0.02 sys=0.01, real=0.03 secs] 
2015-01-18T14:07:41.602+0100: 0.983: [GC [PSYoungGen: 131840K->24761K(156608K)] 196159K->93232K(239168K), 0.0691120 secs] [Times: user=0.00 sys=0.10, real=0.07 secs] 
2015-01-18T14:07:41.712+0100: 1.092: [GC [PSYoungGen: 156601K->20544K(217408K)] 225072K->116880K(314176K), 0.0480840 secs] [Times: user=0.03 sys=0.02, real=0.05 secs] 
2015-01-18T14:07:41.760+0100: 1.140: [Full GC [PSYoungGen: 20544K->14118K(217408K)] [PSOldGen: 96336K->96766K(122752K)] 116880K->110885K(340160K) [PSPermGen: 2584K->2584K(21248K)], 0.0347600 secs] [Times: user=0.03 sys=0.00, real=0.03 secs] 
2015-01-18T14:07:41.853+0100: 1.233: [GC [PSYoungGen: 186816K->32165K(219008K)] 283582K->140436K(341760K), 0.0349240 secs] [Times: user=0.03 sys=0.02, real=0.04 secs] 
2015-01-18T14:07:41.888+0100: 1.268: [Full GC [PSYoungGen: 32165K->8052K(219008K)] [PSOldGen: 108270K->122749K(150016K)] 140436K->130802K(369024K) [PSPermGen: 2584K->2584K(21248K)], 0.0762630 secs] [Times: user=0.07 sys=0.01, real=0.07 secs] 
2015-01-18T14:07:42.020+0100: 1.401: [GC [PSYoungGen: 186816K->36608K(220544K)] 309565K->159357K(370560K), 0.1362870 secs] [Times: user=0.02 sys=0.19, real=0.13 secs] 
2015-01-18T14:07:42.217+0100: 1.598: [GC [PSYoungGen: 215168K->27744K(206336K)] 337917K->191621K(370752K), 0.0507320 secs] [Times: user=0.03 sys=0.03, real=0.06 secs] 
2015-01-18T14:07:42.268+0100: 1.649: [Full GC [PSYoungGen: 27744K->24999K(206336K)] [PSOldGen: 163877K->164414K(203200K)] 191621K->189413K(409536K) [PSPermGen: 2584K->2584K(21248K)], 0.0399940 secs] [Times: user=0.04 sys=0.00, real=0.04 secs] 
2015-01-18T14:07:42.356+0100: 1.737: [GC [PSYoungGen: 178560K->48184K(206016K)] 342974K->216199K(409216K), 0.0434160 secs] [Times: user=0.04 sys=0.01, real=0.05 secs] 
2015-01-18T14:07:42.450+0100: 1.830: [GC [PSYoungGen: 206008K->24576K(215424K)] 374023K->246711K(438208K), 0.0567440 secs] [Times: user=0.04 sys=0.01, real=0.05 secs] 
2015-01-18T14:07:42.507+0100: 1.887: [Full GC [PSYoungGen: 24576K->14936K(215424K)] [PSOldGen: 222135K->222782K(275712K)] 246711K->237719K(491136K) [PSPermGen: 2584K->2584K(21248K)], 0.0572600 secs] [Times: user=0.06 sys=0.00, real=0.06 secs] 
2015-01-18T14:07:42.608+0100: 1.989: [GC [PSYoungGen: 157824K->38528K(212288K)] 380606K->261310K(488000K), 0.0327010 secs] [Times: user=0.04 sys=0.00, real=0.03 secs] 
2015-01-18T14:07:42.690+0100: 2.070: [GC [PSYoungGen: 195712K->24480K(181696K)] 418494K->290510K(457408K), 0.0691140 secs] [Times: user=0.04 sys=0.02, real=0.07 secs] 
2015-01-18T14:07:42.759+0100: 2.140: [Full GC [PSYoungGen: 24480K->7604K(181696K)] [PSOldGen: 266030K->275711K(336256K)] 290510K->283315K(517952K) [PSPermGen: 2584K->2584K(21248K)], 0.0608890 secs] [Times: user=0.05 sys=0.01, real=0.06 secs] 
2015-01-18T14:07:42.870+0100: 2.251: [GC [PSYoungGen: 157184K->32005K(214848K)] 432895K->307716K(551104K), 0.0331370 secs] [Times: user=0.03 sys=0.00, real=0.03 secs] 
2015-01-18T14:07:42.954+0100: 2.334: [GC [PSYoungGen: 192005K->24928K(214848K)] 467716K->336564K(551104K), 0.1171510 secs] [Times: user=0.03 sys=0.09, real=0.12 secs] 
2015-01-18T14:07:43.071+0100: 2.452: [Full GC [PSYoungGen: 24928K->0K(214848K)] [PSOldGen: 311636K->313960K(378304K)] 336564K->313960K(593152K) [PSPermGen: 2584K->2584K(21248K)], 0.1552630 secs] [Times: user=0.15 sys=0.00, real=0.15 secs] 
Heap
 PSYoungGen      total 214848K, used 103915K [0x00000000ef560000, 0x00000000ffa60000, 0x0000000100000000)
  eden space 160000K, 64% used [0x00000000ef560000,0x00000000f5adae88,0x00000000f91a0000)
  from space 54848K, 0% used [0x00000000f91a0000,0x00000000f91a0000,0x00000000fc730000)
  to   space 51968K, 0% used [0x00000000fc7a0000,0x00000000fc7a0000,0x00000000ffa60000)
 PSOldGen        total 378304K, used 313960K [0x00000000ce000000, 0x00000000e5170000, 0x00000000ef560000)
  object space 378304K, 82% used [0x00000000ce000000,0x00000000e129a108,0x00000000e5170000)
 PSPermGen       total 21248K, used 2592K [0x00000000c8e00000, 0x00000000ca2c0000, 0x00000000ce000000)
  object space 21248K, 12% used [0x00000000c8e00000,0x00000000c9088178,0x00000000ca2c0000)
