0.122: [GC 0.123: [ParNew: 3945K->0K(4032K), 0.0074530 secs] 3945K->1356K(10176K), 0.0074880 secs]
0.137: [GC 0.137: [ParNew: 3907K->0K(4032K), 0.0061050 secs] 5263K->2725K(10176K), 0.0061440 secs]
0.146: [GC 0.146: [ParNew: 3907K->0K(4032K), 0.0092250 secs] 6632K->4190K(10176K), 0.0092870 secs]
0.158: [GC 0.158: [ParNew: 3906K->0K(4032K), 0.0006260 secs] 8097K->5460K(10176K), 0.0006470 secs]
0.171: [GC [1 CMS-initial-mark: 5460K(6144K)] 6046K(10176K), 0.0009830 secs]
0.172: [CMS-concurrent-mark-start]
0.235: [GC 0.235: [ParNew: 3907K->0K(4032K), 0.0039430 secs] 9367K->6828K(11328K), 0.0039710 secs]
0.242: [GC 0.242: [ParNew: 3906K->0K(4032K), 0.0091020 secs] 10734K->8293K(12736K), 0.0091250 secs]
0.254: [GC 0.254: [ParNew: 3907K->0K(4032K), 0.0051670 secs] 12200K->9563K(14016K), 0.0051870 secs]
0.262: [GC 0.262: [ParNew: 3906K->0K(4032K), 0.0059370 secs] 13470K->10930K(15424K), 0.0059590 secs]
0.271: [GC 0.271: [ParNew: 3906K->0K(4032K), 0.0085900 secs] 14837K->12395K(16832K), 0.0086110 secs]
0.282: [GC 0.282: [ParNew: 3906K->0K(4032K), 0.0051750 secs] 16302K->13665K(18112K), 0.0051950 secs]
0.290: [GC 0.290: [ParNew: 3907K->0K(4032K), 0.0053280 secs] 17573K->15033K(19520K), 0.0053470 secs]
0.298: [GC 0.298: [ParNew: 3906K->0K(4032K), 0.0053490 secs] 18940K->16498K(20928K), 0.0053690 secs]
0.306: [GC 0.306: [ParNew: 3906K->0K(4032K), 0.0051560 secs] 20405K->17768K(22208K), 0.0051760 secs]
0.314: [GC 0.314: [ParNew: 3906K->0K(4032K), 0.0024290 secs] 21675K->19136K(23616K), 0.0024480 secs]
0.319: [GC 0.319: [ParNew: 3906K->0K(4032K), 0.0119690 secs] 23042K->20601K(25152K), 0.0119910 secs]
0.336: [CMS-concurrent-mark: 0.065/0.163 secs]
0.336: [CMS-concurrent-preclean-start]
0.337: [CMS-concurrent-preclean: 0.001/0.001 secs]
0.339: [GC0.339: [Rescan (parallel) , 0.0119350 secs]0.351: [weak refs processing, 0.0000110 secs] [1 CMS-remark: 20601K(21120K)] 24509K(25152K), 0.0119890 secs]
0.359: [CMS-concurrent-sweep-start]
0.359: [GC 0.359: [ParNew: 3908K->0K(4032K), 0.0199430 secs] 24509K->21872K(26304K), 0.0199650 secs]
0.380: [CMS-concurrent-sweep: 0.000/0.020 secs]
0.386: [GC 0.386: [ParNew: 3906K->0K(4032K), 0.0132220 secs] 25583K->23043K(27840K), 0.0132740 secs]
0.403: [CMS-concurrent-reset-start]
0.415: [GC 0.415: [ParNew: 3906K->0K(4032K), 0.0206030 secs] 26950K->24508K(42440K), 0.0206540 secs]
0.459: [GC 0.459: [ParNew: 3906K->0K(4032K), 0.0100770 secs] 28415K->25778K(42440K), 0.0101180 secs]
0.472: [CMS-concurrent-reset: 0.026/0.069 secs]
0.475: [GC 0.475: [ParNew: 3906K->0K(4032K), 0.0311220 secs] 29685K->27146K(42440K), 0.0311810 secs]
0.515: [GC [1 CMS-initial-mark: 27146K(38408K)] 29392K(42440K), 0.0000820 secs]
0.516: [CMS-concurrent-mark-start]
0.567: [GC 0.567: [ParNew: 3906K->0K(4032K), 0.0013390 secs] 31053K->28611K(42440K), 0.0013810 secs]
0.572: [GC 0.572: [ParNew: 3906K->0K(4032K), 0.0017460 secs] 32518K->29880K(42440K), 0.0017810 secs]
0.579: [GC 0.579: [ParNew: 3908K->0K(4032K), 0.0014020 secs] 33789K->31250K(42440K), 0.0014380 secs]
0.584: [GC 0.584: [ParNew: 3906K->0K(4032K), 0.0037770 secs] 35157K->32715K(42440K), 0.0038270 secs]
0.590: [CMS-concurrent-mark: 0.053/0.075 secs]
0.590: [CMS-concurrent-preclean-start]
0.591: [CMS-concurrent-preclean: 0.000/0.000 secs]
0.595: [GC 0.595: [ParNew: 3906K->0K(4032K), 0.0046760 secs] 36622K->33984K(42440K), 0.0047100 secs]
0.603: [GC 0.603: [ParNew: 3906K->0K(4032K), 0.0011120 secs] 37891K->35352K(42440K), 0.0011470 secs]
0.616: [GC0.616: [Rescan (parallel) , 0.0040110 secs]0.620: [weak refs processing, 0.0000120 secs] [1 CMS-remark: 35352K(38408K)] 37501K(42440K), 0.0040620 secs]
0.620: [CMS-concurrent-sweep-start]
0.620: [CMS-concurrent-sweep: 0.000/0.000 secs]
0.620: [CMS-concurrent-reset-start]
0.623: [GC 0.623: [ParNew: 3906K->0K(4032K), 0.0119320 secs] 38182K->35741K(61160K), 0.0119760 secs]
0.647: [GC 0.647: [ParNew: 3906K->0K(4032K), 0.0040270 secs] 39647K->37010K(61160K), 0.0040640 secs]
0.655: [GC 0.655: [ParNew: 3906K->0K(4032K), 0.0040580 secs] 40917K->38378K(61160K), 0.0041090 secs]
0.667: [CMS-concurrent-reset: 0.009/0.047 secs]
0.667: [GC 0.667: [ParNew: 3906K->0K(4032K), 0.0128460 secs] 42285K->39843K(61160K), 0.0128970 secs]
0.686: [GC 0.686: [ParNew: 3906K->0K(4032K), 0.0065860 secs] 43750K->41112K(61160K), 0.0066260 secs]
0.698: [GC 0.698: [ParNew: 3906K->0K(4032K), 0.0017380 secs] 45019K->42480K(61160K), 0.0017870 secs]
0.706: [GC 0.707: [ParNew: 3906K->0K(4032K), 0.0071090 secs] 46387K->43945K(61160K), 0.0071420 secs]
0.715: [GC [1 CMS-initial-mark: 43945K(57128K)] 44043K(61160K), 0.0000800 secs]
0.716: [CMS-concurrent-mark-start]
0.762: [GC 0.762: [ParNew: 3909K->0K(4032K), 0.0016980 secs] 47855K->45217K(61160K), 0.0017420 secs]
0.772: [CMS-concurrent-mark: 0.056/0.056 secs]
0.772: [GC 0.772: [ParNew: 3906K->0K(4032K), 0.0103050 secs] 49124K->46585K(61160K), 0.0103620 secs]
0.782: [CMS-concurrent-preclean-start]
0.783: [CMS-concurrent-preclean: 0.000/0.000 secs]
0.786: [GC 0.786: [ParNew: 3906K->0K(4032K), 0.0012770 secs] 50492K->48050K(61160K), 0.0013100 secs]
0.794: [GC 0.794: [ParNew: 3906K->0K(4032K), 0.0065920 secs] 51957K->49320K(61160K), 0.0066370 secs]
0.806: [GC 0.806: [ParNew: 3906K->0K(4032K), 0.0018310 secs] 53226K->50687K(61160K), 0.0018810 secs]
0.814: [GC 0.814: [ParNew: 3906K->0K(4032K), 0.0066350 secs] 54594K->52152K(61160K), 0.0066700 secs]
0.831: [GC0.831: [Rescan (parallel) , 0.0039550 secs]0.835: [weak refs processing, 0.0000100 secs] [1 CMS-remark: 52152K(57128K)] 52445K(61160K), 0.0040010 secs]
0.835: [CMS-concurrent-sweep-start]
0.836: [CMS-concurrent-sweep: 0.000/0.000 secs]
0.836: [CMS-concurrent-reset-start]
0.847: [GC 0.847: [ParNew: 3906K->0K(4032K), 0.0019030 secs] 55276K->52639K(89652K), 0.0019860 secs]
0.853: [CMS-concurrent-reset: 0.010/0.018 secs]
0.867: [GC 0.867: [ParNew: 5567K->0K(5696K), 0.0049650 secs] 58207K->54495K(91316K), 0.0050110 secs]
0.888: [GC 0.888: [ParNew: 5567K->0K(5696K), 0.0078350 secs] 60062K->56351K(91316K), 0.0078850 secs]
0.904: [GC 0.904: [ParNew: 5567K->0K(5696K), 0.0078320 secs] 61918K->58207K(91316K), 0.0078850 secs]
0.919: [GC [1 CMS-initial-mark: 58207K(85620K)] 58304K(91316K), 0.0001030 secs]
0.920: [CMS-concurrent-mark-start]
0.963: [GC 0.963: [ParNew: 5567K->0K(5696K), 0.0086720 secs] 63774K->60062K(91316K), 0.0087240 secs]
0.976: [CMS-concurrent-mark: 0.048/0.057 secs]
0.976: [CMS-concurrent-preclean-start]
0.977: [CMS-concurrent-preclean: 0.001/0.001 secs]
0.987: [GC0.988: [Rescan (parallel) , 0.0038810 secs]0.991: [weak refs processing, 0.0000070 secs] [1 CMS-remark: 60062K(85620K)] 62309K(91316K), 0.0039240 secs]
0.991: [CMS-concurrent-sweep-start]
0.992: [CMS-concurrent-sweep: 0.000/0.000 secs]
0.992: [CMS-concurrent-reset-start]
0.999: [GC 0.999: [ParNew: 5567K->0K(5696K), 0.0125860 secs] 65139K->61428K(104984K), 0.0126770 secs]
1.019: [GC 1.020: [ParNew: 6446K->0K(6592K), 0.0068770 secs] 67874K->63577K(105880K), 0.0069440 secs]
1.027: [CMS-concurrent-reset: 0.010/0.035 secs]
1.032: [GC 1.032: [ParNew: 6446K->0K(6592K), 0.0197240 secs] 70023K->65726K(105880K), 0.0197790 secs]
1.067: [GC 1.067: [ParNew: 6450K->0K(6592K), 0.0080000 secs] 72176K->67878K(105880K), 0.0080440 secs]
1.084: [GC 1.084: [ParNew: 6446K->0K(6592K), 0.0071110 secs] 74325K->70027K(105880K), 0.0071670 secs]
1.096: [GC 1.096: [ParNew: 6446K->0K(6592K), 0.0044430 secs] 76473K->72176K(105880K), 0.0045050 secs]
1.103: [GC [1 CMS-initial-mark: 72176K(99288K)] 72274K(105880K), 0.0000830 secs]
1.104: [CMS-concurrent-mark-start]
1.135: [GC 1.135: [ParNew: 6446K->0K(6592K), 0.0040470 secs] 78622K->74325K(105880K), 0.0041060 secs]
1.144: [CMS-concurrent-mark: 0.036/0.040 secs]
1.144: [CMS-concurrent-preclean-start]
1.145: [CMS-concurrent-preclean: 0.001/0.001 secs]
1.151: [GC1.152: [Rescan (parallel) , 0.0002640 secs]1.152: [weak refs processing, 0.0000070 secs] [1 CMS-remark: 74325K(99288K)] 80771K(105880K), 0.0003150 secs]
1.152: [CMS-concurrent-sweep-start]
1.152: [CMS-concurrent-sweep: 0.000/0.000 secs]
1.152: [GC 1.152: [ParNew: 6446K->0K(6592K), 0.0113240 secs] 80768K->76471K(105880K), 0.0113550 secs]
1.164: [CMS-concurrent-reset-start]
1.171: [GC 1.171: [ParNew: 6446K->0K(6592K), 0.0039360 secs] 82917K->78620K(134048K), 0.0040020 secs]
1.180: [CMS-concurrent-reset: 0.010/0.016 secs]
1.183: [GC 1.183: [ParNew: 8302K->0K(8448K), 0.0162920 secs] 86922K->81452K(135904K), 0.0163620 secs]
1.219: [GC 1.219: [ParNew: 8302K->0K(8448K), 0.0080000 secs] 89754K->84382K(135904K), 0.0080500 secs]
1.238: [GC 1.238: [ParNew: 8302K->0K(8448K), 0.0133650 secs] 92684K->87117K(135904K), 0.0134150 secs]
1.263: [GC 1.263: [ParNew: 8302K->0K(8448K), 0.0159980 secs] 95419K->89949K(135904K), 0.0160520 secs]
1.290: [GC 1.290: [ParNew: 8302K->0K(8448K), 0.0079770 secs] 98252K->92881K(135904K), 0.0080310 secs]
1.311: [GC 1.311: [ParNew: 8302K->0K(8448K), 0.0120640 secs] 101183K->95615K(135904K), 0.0121220 secs]
1.331: [GC 1.331: [ParNew: 8302K->0K(8448K), 0.0045460 secs] 103918K->98448K(135904K), 0.0046150 secs]
1.351: [GC [1 CMS-initial-mark: 98448K(127456K)] 98546K(135904K), 0.0000820 secs]
1.351: [CMS-concurrent-mark-start]
1.385: [GC 1.385: [ParNew: 8308K->0K(8448K), 0.0066870 secs] 106756K->101384K(135904K), 0.0067410 secs]
1.398: [GC 1.398: [ParNew: 8302K->0K(8448K), 0.0092290 secs] 109686K->104119K(135904K), 0.0092960 secs]
1.422: [CMS-concurrent-mark: 0.063/0.071 secs]
1.422: [CMS-concurrent-preclean-start]
1.423: [CMS-concurrent-preclean: 0.001/0.001 secs]
1.423: [GC 1.423: [ParNew: 8302K->0K(8448K), 0.0074140 secs] 112421K->106951K(135904K), 0.0074730 secs]
1.435: [GC1.435: [Rescan (parallel) , 0.0039950 secs]1.439: [weak refs processing, 0.0000080 secs] [1 CMS-remark: 106951K(127456K)] 108319K(135904K), 0.0040390 secs]
1.440: [CMS-concurrent-sweep-start]
1.440: [CMS-concurrent-sweep: 0.000/0.000 secs]
1.440: [CMS-concurrent-reset-start]
1.451: [CMS-concurrent-reset: 0.011/0.011 secs]
1.456: [GC 1.456: [ParNew: 8302K->0K(8448K), 0.0054140 secs] 114863K->109491K(186052K), 0.0055340 secs]
1.480: [GC 1.480: [ParNew: 11720K->0K(11840K), 0.0150600 secs] 121211K->113495K(189444K), 0.0151220 secs]
1.505: [GC 1.505: [ParNew: 11720K->0K(11840K), 0.0105140 secs] 125216K->117500K(189444K), 0.0105750 secs]
1.529: [GC 1.529: [ParNew: 11720K->0K(11840K), 0.0065600 secs] 129221K->121504K(189444K), 0.0066270 secs]
1.545: [GC 1.545: [ParNew: 11720K->0K(11840K), 0.0101500 secs] 133225K->125509K(189444K), 0.0102150 secs]
1.565: [GC 1.565: [ParNew: 11720K->0K(11840K), 0.0182310 secs] 137230K->129514K(189444K), 0.0182940 secs]
1.593: [GC 1.593: [ParNew: 11720K->0K(11840K), 0.0123230 secs] 141234K->133518K(189444K), 0.0123860 secs]
1.615: [GC 1.615: [ParNew: 11720K->0K(11840K), 0.0245750 secs] 145239K->137523K(189444K), 0.0246390 secs]
1.640: [GC [1 CMS-initial-mark: 137523K(177604K)] 137620K(189444K), 0.0000720 secs]
1.640: [CMS-concurrent-mark-start]
1.653: [GC 1.653: [ParNew: 11720K->0K(11840K), 0.0193480 secs] 149243K->141527K(189444K), 0.0194040 secs]
1.717: [GC 1.717: [ParNew: 11720K->0K(11840K), 0.0109440 secs] 153248K->145532K(189444K), 0.0110010 secs]
1.732: [CMS-concurrent-mark: 0.066/0.093 secs]
1.732: [CMS-concurrent-preclean-start]
1.733: [CMS-concurrent-preclean: 0.001/0.001 secs]
1.742: [GC1.742: [Rescan (parallel) , 0.0050720 secs]1.747: [weak refs processing, 0.0000080 secs] [1 CMS-remark: 145532K(177604K)] 152662K(189444K), 0.0051160 secs]
1.747: [CMS-concurrent-sweep-start]
1.748: [CMS-concurrent-sweep: 0.000/0.000 secs]
1.748: [CMS-concurrent-reset-start]
1.755: [GC 1.756: [ParNew: 11720K->0K(11840K), 0.0080200 secs] 156272K->148556K(252760K), 0.0081150 secs]
1.780: [CMS-concurrent-reset: 0.017/0.032 secs]
1.785: [GC 1.785: [ParNew: 15929K->0K(16064K), 0.0173400 secs] 164485K->153839K(256984K), 0.0174030 secs]
1.820: [GC 1.820: [ParNew: 15920K->0K(16064K), 0.0235490 secs] 169759K->159211K(256984K), 0.0236210 secs]
1.856: [GC 1.857: [ParNew: 15920K->0K(16064K), 0.0238970 secs] 175131K->164680K(256984K), 0.0239610 secs]
1.894: [GC 1.894: [ParNew: 15920K->0K(16064K), 0.0098220 secs] 180601K->169955K(256984K), 0.0098930 secs]
1.932: [GC 1.933: [ParNew: 15920K->0K(16064K), 0.0288800 secs] 185875K->175327K(256984K), 0.0289360 secs]
1.992: [GC 1.992: [ParNew: 15920K->0K(16064K), 0.0115650 secs] 191247K->180796K(256984K), 0.0116250 secs]
2.024: [GC 2.025: [ParNew: 15920K->0K(16064K), 0.0306030 secs] 196717K->186071K(256984K), 0.0306690 secs]
2.088: [GC 2.088: [ParNew: 15920K->0K(16064K), 0.0112820 secs] 201991K->191443K(256984K), 0.0113450 secs]
2.124: [GC 2.124: [ParNew: 15920K->0K(16064K), 0.0259520 secs] 207363K->196912K(256984K), 0.0260180 secs]
2.177: [GC 2.177: [ParNew: 15920K->0K(16064K), 0.0221520 secs] 212833K->202186K(256984K), 0.0222160 secs]
2.224: [GC 2.224: [ParNew: 15920K->0K(16064K), 0.0192670 secs] 218107K->207558K(256984K), 0.0193280 secs]
2.247: [GC [1 CMS-initial-mark: 207558K(240920K)] 207656K(256984K), 0.0000730 secs]
2.248: [CMS-concurrent-mark-start]
2.276: [GC 2.276: [ParNew: 15920K->0K(16064K), 0.0151310 secs] 223479K->213028K(256984K), 0.0151890 secs]
2.295: [CMS-concurrent-mark: 0.048/0.048 secs]
2.296: [CMS-concurrent-preclean-start]
2.297: [CMS-concurrent-preclean: 0.001/0.001 secs]
2.311: [GC2.311: [Rescan (parallel) , 0.0007120 secs]2.312: [weak refs processing, 0.0000080 secs] [1 CMS-remark: 213028K(240920K)] 218400K(256984K), 0.0007620 secs]
2.315: [CMS-concurrent-sweep-start]
2.316: [CMS-concurrent-sweep: 0.000/0.000 secs]
2.316: [CMS-concurrent-reset-start]
2.329: [GC 2.329: [ParNew: 15920K->0K(16064K), 0.0182090 secs] 227966K->217320K(369476K), 0.0182900 secs]
2.354: [CMS-concurrent-reset: 0.015/0.037 secs]
2.366: [GC 2.366: [ParNew: 16213K->0K(16320K), 0.0056710 secs] 233533K->222789K(369732K), 0.0057510 secs]
2.385: [GC 2.385: [ParNew: 16226K->0K(16320K), 0.0153250 secs] 239016K->228370K(369732K), 0.0153890 secs]
2.414: [GC 2.414: [ParNew: 16213K->0K(16320K), 0.0245740 secs] 244584K->233742K(369732K), 0.0246430 secs]
2.452: [GC 2.452: [ParNew: 16213K->0K(16320K), 0.2356830 secs] 249955K->239212K(369732K), 0.2357480 secs]
2.701: [GC 2.701: [ParNew: 16213K->0K(16320K), 0.0106710 secs] 255425K->244779K(369732K), 0.0107330 secs]
2.729: [GC 2.729: [ParNew: 16213K->0K(16320K), 0.0319270 secs] 260992K->250151K(369732K), 0.0319860 secs]
2.774: [GC 2.774: [ParNew: 16213K->0K(16320K), 0.0063810 secs] 266364K->255620K(369732K), 0.0064460 secs]
2.794: [GC 2.794: [ParNew: 16213K->0K(16320K), 0.0163900 secs] 271834K->261188K(369732K), 0.0164530 secs]
2.823: [GC 2.823: [ParNew: 16213K->0K(16320K), 0.0344330 secs] 277401K->266560K(369732K), 0.0344960 secs]
2.871: [GC 2.871: [ParNew: 16213K->0K(16320K), 0.0081920 secs] 282773K->272029K(369732K), 0.0082840 secs]
2.893: [GC 2.893: [ParNew: 16213K->0K(16320K), 0.0276450 secs] 288243K->277597K(369732K), 0.0277050 secs]
2.934: [GC 2.934: [ParNew: 16213K->0K(16320K), 0.0236470 secs] 293810K->282969K(369732K), 0.0237090 secs]
2.971: [GC 2.971: [ParNew: 16213K->0K(16320K), 0.0205110 secs] 299182K->288438K(369732K), 0.0205760 secs]
3.004: [GC 3.004: [ParNew: 16213K->0K(16320K), 0.0230240 secs] 304652K->294005K(369732K), 0.0230830 secs]
3.055: [GC 3.055: [ParNew: 16213K->0K(16320K), 0.0119880 secs] 310219K->299377K(369732K), 0.0120110 secs]
3.085: [GC 3.085: [ParNew: 16213K->0K(16320K), 0.0306610 secs] 315591K->304847K(369732K), 0.0306920 secs]
3.144: [GC 3.144: [ParNew: 16213K->0K(16320K), 0.0350160 secs] 321061K->310414K(369732K), 0.0350490 secs]
3.217: [GC 3.217: [ParNew: 16213K->0K(16320K), 0.0180980 secs] 326628K->315786K(369732K), 0.0181210 secs]
3.263: [GC 3.263: [ParNew: 16213K->0K(16320K), 0.0319800 secs] 332000K->321256K(369732K), 0.0320020 secs]
3.299: [GC [1 CMS-initial-mark: 321256K(353412K)] 321354K(369732K), 0.0000790 secs]
3.300: [CMS-concurrent-mark-start]
3.355: [GC 3.355: [ParNew: 16213K->0K(16320K), 0.0239980 secs] 337469K->326823K(369732K), 0.0240550 secs]
3.387: [CMS-concurrent-mark: 0.056/0.088 secs]
3.387: [CMS-concurrent-preclean-start]
3.389: [CMS-concurrent-preclean: 0.002/0.002 secs]
3.411: [GC3.411: [Rescan (parallel) , 0.0051560 secs]3.417: [weak refs processing, 0.0000110 secs] [1 CMS-remark: 326823K(353412K)] 337176K(369732K), 0.0052110 secs]
3.419: [CMS-concurrent-sweep-start]
3.420: [CMS-concurrent-sweep: 0.001/0.001 secs]
3.421: [CMS-concurrent-reset-start]
3.431: [GC 3.431: [ParNew: 16213K->0K(16320K), 0.0203970 secs] 341660K->330819K(558736K), 0.0204570 secs]
3.460: [CMS-concurrent-reset: 0.011/0.039 secs]
3.483: [GC 3.483: [ParNew: 16213K->0K(16320K), 0.0492820 secs] 347032K->336288K(558736K), 0.0493370 secs]
3.565: [GC 3.565: [ParNew: 16233K->0K(16320K), 0.0372360 secs] 352522K->341876K(558736K), 0.0372940 secs]
3.629: [GC 3.629: [ParNew: 16213K->0K(16320K), 0.0328680 secs] 358089K->347248K(558736K), 0.0329240 secs]
3.689: [GC 3.689: [ParNew: 16213K->0K(16320K), 0.0412860 secs] 363461K->352717K(558736K), 0.0413440 secs]
3.761: [GC 3.761: [ParNew: 16213K->0K(16320K), 0.0368500 secs] 368931K->358285K(558736K), 0.0369050 secs]
3.831: [GC 3.831: [ParNew: 16213K->0K(16320K), 0.0480540 secs] 374498K->363657K(558736K), 0.0481090 secs]
3.915: [GC 3.915: [ParNew: 16213K->0K(16320K), 0.2280060 secs] 379870K->369126K(558736K), 0.2280590 secs]
4.157: [GC 4.157: [ParNew: 16213K->0K(16320K), 0.0187840 secs] 385340K->374694K(558736K), 0.0188520 secs]
4.189: [GC 4.189: [ParNew: 16213K->0K(16320K), 0.0267670 secs] 390907K->380066K(558736K), 0.0268310 secs]
4.229: [GC 4.229: [ParNew: 16213K->0K(16320K), 0.0271570 secs] 396279K->385535K(558736K), 0.0272180 secs]
4.269: [GC 4.269: [ParNew: 16213K->0K(16320K), 0.0180130 secs] 401749K->391103K(558736K), 0.0180770 secs]
4.301: [GC 4.301: [ParNew: 16213K->0K(16320K), 0.0271070 secs] 407316K->396474K(558736K), 0.0271710 secs]
4.360: [GC 4.360: [ParNew: 16213K->0K(16320K), 0.0309230 secs] 412688K->401944K(558736K), 0.0309860 secs]
4.409: [GC 4.409: [ParNew: 16213K->0K(16320K), 0.0270630 secs] 418158K->407511K(558736K), 0.0271240 secs]
4.449: [GC 4.449: [ParNew: 16213K->0K(16320K), 0.0183330 secs] 423725K->412883K(558736K), 0.0183970 secs]
4.481: [GC 4.481: [ParNew: 16213K->0K(16320K), 0.0270400 secs] 429097K->418353K(558736K), 0.0271010 secs]
4.521: [GC 4.521: [ParNew: 16213K->0K(16320K), 0.0170130 secs] 434567K->423920K(558736K), 0.0170710 secs]
4.552: [GC 4.552: [ParNew: 16213K->0K(16320K), 0.0102920 secs] 440134K->429292K(558736K), 0.0103550 secs]
4.576: [GC 4.576: [ParNew: 16213K->0K(16320K), 0.0294100 secs] 445506K->434762K(558736K), 0.0294750 secs]
4.619: [GC 4.619: [ParNew: 16213K->0K(16320K), 0.0125260 secs] 450975K->440329K(558736K), 0.0125970 secs]
4.653: [GC 4.653: [ParNew: 16213K->0K(16320K), 0.0255170 secs] 456543K->445701K(558736K), 0.0255880 secs]
4.700: [GC 4.700: [ParNew: 16213K->0K(16320K), 0.0245570 secs] 461915K->451171K(558736K), 0.0246210 secs]
4.760: [GC 4.761: [ParNew: 16213K->0K(16320K), 0.0218220 secs] 467384K->456738K(558736K), 0.0218860 secs]
4.813: [GC 4.813: [ParNew: 16213K->0K(16320K), 0.0309660 secs] 472952K->462110K(558736K), 0.0310340 secs]
4.877: [GC 4.877: [ParNew: 16213K->0K(16320K), 0.0418520 secs] 478324K->467580K(558736K), 0.0419170 secs]
4.953: [GC 4.953: [ParNew: 16213K->0K(16320K), 0.0343380 secs] 483793K->473147K(558736K), 0.0344050 secs]
5.025: [GC 5.025: [ParNew: 16213K->0K(16320K), 0.0307680 secs] 489360K->478519K(558736K), 0.0308320 secs]
5.103: [GC 5.104: [ParNew: 16213K->0K(16320K), 0.0475430 secs] 494732K->483988K(558736K), 0.0476070 secs]
5.188: [GC 5.188: [ParNew: 16213K->0K(16320K), 0.0447430 secs] 500202K->489556K(558736K), 0.0448050 secs]
5.268: [GC 5.269: [ParNew: 16213K->0K(16320K), 0.0408460 secs] 505769K->494928K(558736K), 0.0409080 secs]
5.352: [GC 5.353: [ParNew: 16213K->0K(16320K), 0.2268940 secs] 511141K->500397K(558736K), 0.2269640 secs]
5.599: [GC [1 CMS-initial-mark: 500397K(542416K)] 506062K(558736K), 0.0000920 secs]
5.600: [CMS-concurrent-mark-start]
5.609: [GC 5.609: [ParNew: 16213K->0K(16320K), 0.0386880 secs] 516611K->505965K(558736K), 0.0387510 secs]
5.661: [GC 5.661: [ParNew: 16243K->0K(16320K), 0.0199270 secs] 522208K->511367K(558736K), 0.0199910 secs]
5.715: [GC 5.715: [ParNew: 16213K->0K(16320K), 0.0239660 secs] 527580K->516837K(558736K), 0.0240360 secs]
5.756: [CMS-concurrent-mark: 0.067/0.156 secs]
5.759: [GC 5.760: [ParNew: 16213K->0K(16320K), 0.0319280 secs] 533050K->522404K(558736K), 0.0319920 secs]
5.795: [CMS-concurrent-preclean-start]
5.799: [CMS-concurrent-preclean: 0.003/0.003 secs]
5.811: [GC5.812: [Rescan (parallel) , 0.0049730 secs]5.817: [weak refs processing, 0.0000090 secs] [1 CMS-remark: 522404K(542416K)] 532366K(558736K), 0.0050330 secs]
5.817: [CMS-concurrent-sweep-start]
5.818: [CMS-concurrent-sweep: 0.001/0.001 secs]
5.818: [CMS-concurrent-reset-start]
5.829: [CMS-concurrent-reset: 0.010/0.010 secs]
5.833: [GC 5.833: [ParNew: 16213K->0K(16320K), 0.0261220 secs] 536357K->525516K(819136K), 0.0261860 secs]
5.881: [GC 5.881: [ParNew: 16213K->0K(16320K), 0.0347860 secs] 541729K->530985K(819136K), 0.0348590 secs]
5.941: [GC 5.941: [ParNew: 16213K->0K(16320K), 0.0226880 secs] 547199K->536553K(819136K), 0.0227530 secs]
5.985: [GC 5.985: [ParNew: 16213K->0K(16320K), 0.0306360 secs] 552766K->541925K(819136K), 0.0307000 secs]
6.051: [GC 6.052: [ParNew: 16213K->0K(16320K), 0.0199980 secs] 558138K->547394K(819136K), 0.0200630 secs]
6.095: [GC 6.096: [ParNew: 16213K->0K(16320K), 0.0195870 secs] 563608K->552962K(819136K), 0.0196590 secs]
6.147: [GC 6.148: [ParNew: 16213K->0K(16320K), 0.0279660 secs] 569175K->558334K(819136K), 0.0280310 secs]
6.193: [GC 6.193: [ParNew: 16213K->0K(16320K), 0.0306300 secs] 574547K->563803K(819136K), 0.0306950 secs]
6.251: [GC 6.251: [ParNew: 16213K->0K(16320K), 0.0319290 secs] 580017K->569371K(819136K), 0.0319910 secs]
6.301: [GC 6.301: [ParNew: 16213K->0K(16320K), 0.0265300 secs] 585584K->574742K(819136K), 0.0265940 secs]
6.342: [GC 6.342: [ParNew: 16213K->0K(16320K), 0.0393090 secs] 590956K->580212K(819136K), 0.0393770 secs]
6.406: [GC 6.406: [ParNew: 16213K->0K(16320K), 0.0278440 secs] 596426K->585779K(819136K), 0.0279080 secs]
6.456: [GC 6.456: [ParNew: 16213K->0K(16320K), 0.0427430 secs] 601993K->591151K(819136K), 0.0428080 secs]
6.516: [GC 6.516: [ParNew: 16213K->0K(16320K), 0.0312390 secs] 607365K->596621K(819136K), 0.0313030 secs]
6.560: [GC 6.560: [ParNew: 16213K->0K(16320K), 0.0143830 secs] 612834K->602188K(819136K), 0.0144480 secs]
6.588: [GC 6.588: [ParNew: 16213K->0K(16320K), 0.0299060 secs] 618402K->607560K(819136K), 0.0299680 secs]
6.631: [GC 6.631: [ParNew: 16213K->0K(16320K), 0.0401520 secs] 623774K->613030K(819136K), 0.0402150 secs]
6.688: [GC 6.689: [ParNew: 16213K->0K(16320K), 0.0287190 secs] 629243K->618597K(819136K), 0.0287840 secs]
6.747: [GC 6.747: [ParNew: 16213K->0K(16320K), 0.0469890 secs] 634811K->623969K(819136K), 0.0470460 secs]
6.819: [GC 6.819: [ParNew: 16213K->0K(16320K), 0.0338780 secs] 640183K->629439K(819136K), 0.0339350 secs]
6.874: [GC 6.874: [ParNew: 16213K->0K(16320K), 0.0533600 secs] 645652K->635006K(819136K), 0.0534180 secs]
6.947: [GC 6.947: [ParNew: 16213K->0K(16320K), 0.0276390 secs] 651220K->640378K(819136K), 0.0276970 secs]
6.992: [GC 6.992: [ParNew: 16213K->0K(16320K), 0.0198400 secs] 656591K->645848K(819136K), 0.0198970 secs]
7.029: [GC 7.029: [ParNew: 16213K->0K(16320K), 0.0262880 secs] 662061K->651415K(819136K), 0.0263500 secs]
7.079: [GC 7.079: [ParNew: 16213K->0K(16320K), 0.0280050 secs] 667628K->656787K(819136K), 0.0280650 secs]
7.129: [GC 7.129: [ParNew: 16213K->0K(16320K), 0.0166300 secs] 673000K->662256K(819136K), 0.0166960 secs]
7.175: [GC 7.176: [ParNew: 16213K->0K(16320K), 0.0239200 secs] 678470K->667824K(819136K), 0.0239850 secs]
7.231: [GC 7.232: [ParNew: 16213K->0K(16320K), 0.0340060 secs] 684037K->673196K(819136K), 0.0340670 secs]
7.305: [GC 7.305: [ParNew: 16213K->0K(16320K), 0.0307630 secs] 689409K->678665K(819136K), 0.0308100 secs]
7.439: [GC 7.439: [ParNew: 16213K->0K(16320K), 0.0360130 secs] 694879K->684233K(819136K), 0.0360670 secs]
7.515: [GC 7.516: [ParNew: 16213K->0K(16320K), 0.0356200 secs] 700446K->689605K(819136K), 0.0356850 secs]
7.576: [GC 7.576: [ParNew: 16213K->0K(16320K), 0.0189670 secs] 705818K->695074K(819136K), 0.0190300 secs]
7.628: [GC 7.628: [ParNew: 16213K->0K(16320K), 0.0506870 secs] 711288K->700642K(819136K), 0.0507540 secs]
7.709: [GC 7.709: [ParNew: 16213K->0K(16320K), 0.0301140 secs] 716855K->706013K(819136K), 0.0301800 secs]
7.772: [GC 7.772: [ParNew: 16213K->0K(16320K), 0.0267070 secs] 722227K->711483K(819136K), 0.0267750 secs]
7.831: [GC 7.832: [ParNew: 16213K->0K(16320K), 0.0239430 secs] 727697K->717051K(819136K), 0.0240070 secs]
7.885: [GC 7.885: [ParNew: 16213K->0K(16320K), 0.0224290 secs] 733265K->722423K(819136K), 0.0225080 secs]
7.944: [GC 7.944: [ParNew: 16213K->0K(16320K), 0.0227010 secs] 738637K->727893K(819136K), 0.0227720 secs]
8.000: [GC 8.000: [ParNew: 16213K->0K(16320K), 0.0269520 secs] 744107K->733460K(819136K), 0.0270170 secs]
8.061: [GC 8.061: [ParNew: 16213K->0K(16320K), 0.0146210 secs] 749674K->738832K(819136K), 0.0146890 secs]
8.079: [GC [1 CMS-initial-mark: 738832K(802816K)] 738930K(819136K), 0.0000770 secs]
8.080: [CMS-concurrent-mark-start]
8.111: [GC 8.112: [ParNew: 16213K->0K(16320K), 0.0279180 secs] 755046K->744302K(819136K), 0.0279830 secs]
8.154: [CMS-concurrent-mark: 0.047/0.075 secs]
8.155: [CMS-concurrent-preclean-start]
8.158: [CMS-concurrent-preclean: 0.004/0.004 secs]
8.171: [GC8.171: [Rescan (parallel) , 0.0040950 secs]8.176: [weak refs processing, 0.0000100 secs] [1 CMS-remark: 744302K(802816K)] 754753K(819136K), 0.0041450 secs]
8.176: [CMS-concurrent-sweep-start]
8.177: [CMS-concurrent-sweep: 0.002/0.002 secs]
8.177: [CMS-concurrent-reset-start]
8.191: [GC 8.192: [ParNew: 16213K->0K(16320K), 0.0149490 secs] 757663K->747016K(819136K), 0.0150210 secs]
8.220: [CMS-concurrent-reset: 0.026/0.043 secs]
8.229: [GC 8.229: [ParNew: 16213K->0K(16320K), 0.0222840 secs] 763230K->752388K(819136K), 0.0223470 secs]
8.267: [GC [1 CMS-initial-mark: 752388K(802816K)] 757858K(819136K), 0.0000940 secs]
8.268: [CMS-concurrent-mark-start]
8.287: [GC 8.288: [ParNew: 16161K->0K(16320K), 0.0468500 secs] 768550K->757806K(819136K), 0.0469100 secs]
8.375: [GC 8.375: [ParNew: 16213K->0K(16320K), 0.0361470 secs] 774019K->763275K(819136K), 0.0362090 secs]
8.451: [GC 8.452: [ParNew: 16213K->0K(16320K), 0.0439950 secs] 779489K->768843K(819136K), 0.0440520 secs]
8.533: [CMS-concurrent-mark: 0.121/0.265 secs]
8.533: [CMS-concurrent-preclean-start]
8.537: [CMS-concurrent-preclean: 0.005/0.005 secs]
8.539: [GC 8.539: [ParNew: 16213K->0K(16320K), 0.0199480 secs] 785056K->774215K(819136K), 0.0199920 secs]
8.571: [GC8.571: [Rescan (parallel) , 0.0039540 secs]8.575: [weak refs processing, 0.0000100 secs] [1 CMS-remark: 774215K(802816K)] 774801K(819136K), 0.0040110 secs]
8.576: [CMS-concurrent-sweep-start]
8.577: [CMS-concurrent-sweep: 0.002/0.002 secs]
8.577: [CMS-concurrent-reset-start]
8.599: [CMS-concurrent-reset: 0.021/0.021 secs]
8.606: [GC 8.606: [ParNew: 16213K->0K(16320K), 0.0376940 secs] 790233K->779489K(819136K), 0.0377500 secs]
8.655: [GC [1 CMS-initial-mark: 779489K(802816K)] 785154K(819136K), 0.0000910 secs]
8.656: [CMS-concurrent-mark-start]
8.699: [GC 8.699: [ParNew: 16213K->0K(16320K), 0.0319430 secs] 795702K->785056K(819136K), 0.0320020 secs]
8.747: [CMS-concurrent-mark: 0.058/0.091 secs]
8.747: [CMS-concurrent-preclean-start]
8.767: [CMS-concurrent-preclean: 0.020/0.020 secs]
8.767: [GC 8.767: [ParNew: 16213K->0K(16320K), 0.0280960 secs] 801270K->790428K(819136K), 0.0281490 secs]
8.817: [GC8.818: [Rescan (parallel) , 0.0138830 secs]8.831: [weak refs processing, 0.0000090 secs] [1 CMS-remark: 790428K(802816K)] 796191K(819136K), 0.0139430 secs]
8.839: [CMS-concurrent-sweep-start]
8.842: [CMS-concurrent-sweep: 0.002/0.002 secs]
8.842: [CMS-concurrent-reset-start]
8.860: [GC 8.860: [ParNew: 16213K->0K(16320K), 0.0277750 secs] 806318K->795575K(819136K), 0.0278340 secs]
8.890: [CMS-concurrent-reset: 0.020/0.048 secs]
8.912: [GC 8.912: [ParNew: 16213K->0K(16320K), 0.0229580 secs] 811788K->801142K(819136K), 0.0230190 secs]
8.935: [GC [1 CMS-initial-mark: 801142K(802816K)] 801240K(819136K), 0.0000730 secs]
8.935: [CMS-concurrent-mark-start]
8.995: [GC 8.996: [ParNew: 16213K->16213K(16320K), 0.0000130 secs]8.996: [CMS9.002: [CMS-concurrent-mark: 0.066/0.066 secs]
 (concurrent mode failure): 801142K->802798K(802816K), 0.6751780 secs] 817355K->806217K(819136K), 0.6752950 secs]
9.691: [Full GC 9.691: [ParNew: 16213K->16213K(16320K), 0.0000070 secs]9.691: [CMS (concurrent mode failure): 802798K->802798K(802816K), 0.0276840 secs] 819012K->810612K(819136K), [CMS Perm : 987K->987K(4096K)], 0.0277980 secs]
9.719: [GC [1 CMS-initial-mark: 802798K(802816K)] 810710K(819136K), 0.0001080 secs]
9.720: [CMS-concurrent-mark-start]
9.767: [Full GC 9.767: [ParNew: 16213K->16213K(16320K), 0.0000070 secs]9.767: [CMS9.783: [CMS-concurrent-mark: 0.054/0.063 secs]
 (concurrent mode failure): 802798K->802798K(802816K), 0.6276260 secs] 819012K->813347K(819136K), [CMS Perm : 987K->987K(4096K)], 0.6277340 secs]
10.403: [Full GC 10.403: [ParNew: 16213K->16213K(16320K), 0.0000060 secs]10.403: [CMS (concurrent mode failure): 802798K->802798K(802816K), 0.0501010 secs] 819012K->815300K(819136K), [CMS Perm : 987K->987K(4096K)], 0.0502010 secs]
10.454: [GC [1 CMS-initial-mark: 802798K(802816K)] 815398K(819136K), 0.0001100 secs]
10.454: [CMS-concurrent-mark-start]
10.506: [Full GC 10.506: [ParNew: 16213K->16213K(16320K), 0.0000120 secs]10.506: [CMS10.517: [CMS-concurrent-mark: 0.062/0.063 secs]
 (concurrent mode failure): 802798K->802798K(802816K), 0.0481210 secs] 819012K->816472K(819136K), [CMS Perm : 987K->987K(4096K)], 0.0482400 secs]
10.556: [Full GC 10.556: [ParNew: 16213K->16213K(16320K), 0.0000100 secs]10.556: [CMS (concurrent mode failure): 802798K->802798K(802816K), 0.0365260 secs] 819012K->817253K(819136K), [CMS Perm : 987K->987K(4096K)], 0.0366240 secs]
10.595: [Full GC 10.595: [ParNew: 16213K->16213K(16320K), 0.0000050 secs]10.595: [CMS (concurrent mode failure): 802798K->802798K(802816K), 0.0297200 secs] 819012K->817839K(819136K), [CMS Perm : 987K->987K(4096K)], 0.0298270 secs]
10.626: [Full GC 10.626: [ParNew: 16213K->16213K(16320K), 0.0000060 secs]10.626: [CMS (concurrent mode failure): 802798K->802798K(802816K), 0.0342260 secs] 819012K->818230K(819136K), [CMS Perm : 987K->987K(4096K)], 0.0343340 secs]
10.661: [Full GC 10.661: [ParNew: 16213K->16213K(16320K), 0.0000050 secs]10.661: [CMS (concurrent mode failure): 802798K->802798K(802816K), 0.0299470 secs] 819012K->818621K(819136K), [CMS Perm : 987K->987K(4096K)], 0.0300610 secs]
10.691: [Full GC 10.691: [ParNew: 16213K->16213K(16320K), 0.0000060 secs]10.691: [CMS (concurrent mode failure): 802798K->802798K(802816K), 0.0349830 secs] 819012K->818621K(819136K), [CMS Perm : 987K->987K(4096K)], 0.0350970 secs]
10.727: [Full GC 10.727: [ParNew: 16213K->16213K(16320K), 0.0000060 secs]10.727: [CMS (concurrent mode failure): 802798K->802798K(802816K), 0.0348000 secs] 819012K->818816K(819136K), [CMS Perm : 987K->987K(4096K)], 0.0349470 secs]
10.762: [Full GC 10.762: [ParNew: 16213K->16213K(16320K), 0.0000070 secs]10.762: [CMS (concurrent mode failure): 802798K->802798K(802816K), 0.0322130 secs] 819012K->818816K(819136K), [CMS Perm : 987K->987K(4096K)], 0.0323290 secs]
10.794: [Full GC 10.794: [ParNew: 16213K->16213K(16320K), 0.0000060 secs]10.794: [CMS (concurrent mode failure): 802798K->802798K(802816K), 0.0349040 secs] 819012K->819012K(819136K), [CMS Perm : 987K->987K(4096K)], 0.0350080 secs]
10.830: [Full GC 10.830: [ParNew: 16213K->16213K(16320K), 0.0000060 secs]10.830: [CMS (concurrent mode failure): 802798K->802798K(802816K), 0.0306800 secs] 819012K->819012K(819136K), [CMS Perm : 987K->987K(4096K)], 0.0307840 secs]
10.863: [GC [1 CMS-initial-mark: 802798K(802816K)] 819012K(819136K), 0.0001040 secs]
10.864: [CMS-concurrent-mark-start]
10.920: [CMS-concurrent-mark: 0.057/0.057 secs]
10.920: [CMS-concurrent-preclean-start]
10.933: [CMS-concurrent-preclean: 0.012/0.012 secs]
10.933: [GC10.933: [Rescan (parallel) , 0.0067990 secs]10.939: [weak refs processing, 0.0000050 secs] [1 CMS-remark: 802798K(802816K)] 819012K(819136K), 0.0068510 secs]
10.940: [CMS-concurrent-sweep-start]
10.941: [CMS-concurrent-sweep: 0.002/0.002 secs]
10.941: [CMS-concurrent-reset-start]
10.951: [CMS-concurrent-reset: 0.009/0.009 secs]
