0.137: [GC [PSYoungGen: 2984K->469K(3584K)] 2984K->1055K(10432K), 0.0152640 secs]
0.156: [GC [PSYoungGen: 3529K->469K(6656K)] 4115K->2129K(13504K), 0.0042720 secs]
0.168: [GC [PSYoungGen: 6568K->469K(6656K)] 8228K->4083K(13504K), 0.0123020 secs]
0.197: [GC [PSYoungGen: 6553K->501K(12800K)] 10167K->6166K(19648K), 0.0079600 secs]
0.205: [Full GC [PSYoungGen: 501K->0K(12800K)] [PSOldGen: 5665K->6087K(15936K)] 6166K->6087K(28736K) [PSPermGen: 2211K->2211K(21248K)], 0.0037290 secs]
0.227: [GC [PSYoungGen: 12246K->422K(12800K)] 18334K->11492K(28736K), 0.0038710 secs]
0.254: [GC [PSYoungGen: 12656K->422K(24448K)] 23726K->15496K(40384K), 0.0106130 secs]
0.265: [Full GC [PSYoungGen: 422K->0K(24448K)] [PSOldGen: 15074K->14880K(28416K)] 15496K->14880K(52864K) [PSPermGen: 2211K->2211K(21248K)], 0.0046160 secs]
0.309: [GC [PSYoungGen: 23864K->422K(24448K)] 38745K->22922K(52864K), 0.0108770 secs]
0.320: [Full GC [PSYoungGen: 422K->0K(24448K)] [PSOldGen: 22499K->22892K(39296K)] 22922K->22892K(63744K) [PSPermGen: 2211K->2211K(21248K)], 0.0030620 secs]
0.361: [GC [PSYoungGen: 23854K->422K(44864K)] 46746K->30836K(84160K), 0.0159790 secs]
0.377: [Full GC [PSYoungGen: 422K->0K(44864K)] [PSOldGen: 30413K->30119K(49472K)] 30836K->30119K(94336K) [PSPermGen: 2211K->2210K(21248K)], 0.0259510 secs]
0.478: [GC [PSYoungGen: 44371K->422K(45120K)] 74491K->44901K(94592K), 0.0109620 secs]
0.489: [Full GC [PSYoungGen: 422K->0K(45120K)] [PSOldGen: 44478K->44874K(69120K)] 44901K->44874K(114240K) [PSPermGen: 2210K->2210K(21248K)], 0.0033780 secs]
0.547: [GC [PSYoungGen: 44558K->488K(62848K)] 89433K->59722K(131968K), 0.0365980 secs]
0.583: [Full GC [PSYoungGen: 488K->0K(62848K)] [PSOldGen: 59233K->59722K(87808K)] 59722K->59722K(150656K) [PSPermGen: 2210K->2210K(21248K)], 0.0045160 secs]
0.664: [GC [PSYoungGen: 62252K->520K(62912K)] 121974K->80559K(150720K), 0.0256310 secs]
0.690: [Full GC [PSYoungGen: 520K->0K(62912K)] [PSOldGen: 80039K->80535K(113856K)] 80559K->80535K(176768K) [PSPermGen: 2210K->2210K(21248K)], 0.0033630 secs]
0.770: [GC [PSYoungGen: 62264K->520K(91392K)] 142799K->101373K(205248K), 0.0136690 secs]
0.784: [Full GC [PSYoungGen: 520K->0K(91392K)] [PSOldGen: 100853K->101238K(139456K)] 101373K->101238K(230848K) [PSPermGen: 2210K->2210K(21248K)], 0.0274620 secs]
0.929: [GC [PSYoungGen: 90783K->488K(91392K)] 192022K->131519K(230848K), 0.0764480 secs]
1.005: [Full GC [PSYoungGen: 488K->0K(91392K)] [PSOldGen: 131031K->131519K(177088K)] 131519K->131519K(268480K) [PSPermGen: 2210K->2210K(21248K)], 0.0037610 secs]
1.122: [GC [PSYoungGen: 90795K->506K(129792K)] 222315K->161916K(306880K), 0.1068310 secs]
1.229: [Full GC [PSYoungGen: 506K->0K(129792K)] [PSOldGen: 161409K->161916K(213440K)] 161916K->161916K(343232K) [PSPermGen: 2210K->2210K(21248K)], 0.0039240 secs]
1.401: [GC [PSYoungGen: 129177K->488K(129792K)] 291093K->204992K(343232K), 0.0518460 secs]
1.453: [Full GC [PSYoungGen: 488K->0K(129792K)] [PSOldGen: 204504K->204992K(266048K)] 204992K->204992K(395840K) [PSPermGen: 2210K->2210K(21248K)], 0.0039500 secs]
1.646: [GC [PSYoungGen: 129204K->515K(192512K)] 334197K->248487K(458560K), 0.2991280 secs]
1.945: [Full GC [PSYoungGen: 515K->0K(192512K)] [PSOldGen: 247971K->247871K(316992K)] 248487K->247871K(509504K) [PSPermGen: 2210K->2210K(21248K)], 0.1073600 secs]
2.306: [GC [PSYoungGen: 191905K->488K(192512K)] 439776K->311753K(509504K), 0.0829240 secs]
2.389: [Full GC [PSYoungGen: 488K->0K(192512K)] [PSOldGen: 311265K->311753K(394944K)] 311753K->311753K(587456K) [PSPermGen: 2210K->2210K(21248K)], 0.0088940 secs]
2.657: [GC [PSYoungGen: 191850K->528K(253120K)] 503603K->376848K(648064K), 0.2926470 secs]
2.950: [Full GC [PSYoungGen: 528K->0K(253120K)] [PSOldGen: 376319K->376848K(471872K)] 376848K->376848K(724992K) [PSPermGen: 2211K->2211K(21248K)], 0.0050420 secs]
3.284: [GC [PSYoungGen: 252488K->488K(253120K)] 629337K->460950K(724992K), 0.2033740 secs]
3.488: [Full GC [PSYoungGen: 488K->0K(253120K)] [PSOldGen: 460462K->460950K(546176K)] 460950K->460950K(799296K) [PSPermGen: 2211K->2211K(21248K)], 0.0053690 secs]
3.817: [Full GC [PSYoungGen: 252450K->0K(253120K)] [PSOldGen: 460950K->543971K(546176K)] 713401K->543971K(799296K) [PSPermGen: 2211K->2211K(21248K)], 0.1722370 secs]
4.304: [Full GC [PSYoungGen: 252487K->81953K(253120K)] [PSOldGen: 543971K->546120K(546176K)] 796458K->628074K(799296K) [PSPermGen: 2211K->2211K(21248K)], 0.0483160 secs]
4.567: [Full GC [PSYoungGen: 252459K->151312K(253120K)] [PSOldGen: 546120K->546120K(546176K)] 798580K->697433K(799296K) [PSPermGen: 2211K->2211K(21248K)], 0.0323080 secs]
4.726: [Full GC [PSYoungGen: 252542K->185109K(253120K)] [PSOldGen: 546120K->546120K(546176K)] 798663K->731230K(799296K) [PSPermGen: 2211K->2211K(21248K)], 0.0227100 secs]
4.832: [Full GC [PSYoungGen: 252530K->194968K(253120K)] [PSOldGen: 546120K->546120K(546176K)] 798651K->741089K(799296K) [PSPermGen: 2211K->2211K(21248K)], 0.0633600 secs]
4.967: [Full GC [PSYoungGen: 252515K->226713K(253120K)] [PSOldGen: 546120K->546120K(546176K)] 798635K->772834K(799296K) [PSPermGen: 2211K->2211K(21248K)], 0.0125680 secs]
5.011: [Full GC [PSYoungGen: 252511K->235309K(253120K)] [PSOldGen: 546120K->546120K(546176K)] 798631K->781430K(799296K) [PSPermGen: 2211K->2211K(21248K)], 0.0103760 secs]
5.043: [Full GC [PSYoungGen: 252507K->241072K(253120K)] [PSOldGen: 546120K->546120K(546176K)] 798627K->787193K(799296K) [PSPermGen: 2211K->2211K(21248K)], 0.0090220 secs]
5.066: [Full GC [PSYoungGen: 252505K->232275K(253120K)] [PSOldGen: 546120K->546157K(546176K)] 798625K->778433K(799296K) [PSPermGen: 2211K->2211K(21248K)], 0.1258590 secs]
5.217: [Full GC [PSYoungGen: 252503K->251622K(253120K)] [PSOldGen: 546157K->546157K(546176K)] 798661K->797779K(799296K) [PSPermGen: 2211K->2211K(21248K)], 0.0069040 secs]
5.225: [Full GC [PSYoungGen: 252503K->251915K(253120K)] [PSOldGen: 546157K->546157K(546176K)] 798661K->798073K(799296K) [PSPermGen: 2211K->2211K(21248K)], 0.0061320 secs]
5.232: [Full GC [PSYoungGen: 252503K->252110K(253120K)] [PSOldGen: 546157K->546157K(546176K)] 798661K->798268K(799296K) [PSPermGen: 2211K->2211K(21248K)], 0.0057780 secs]
5.238: [Full GC [PSYoungGen: 252503K->239601K(253120K)] [PSOldGen: 546157K->546157K(546176K)] 798661K->785759K(799296K) [PSPermGen: 2211K->2211K(21248K)], 0.0085980 secs]
5.263: [Full GC [PSYoungGen: 252501K->252501K(253120K)] [PSOldGen: 546157K->546157K(546176K)] 798659K->798659K(799296K) [PSPermGen: 2211K->2211K(21248K)], 0.0069790 secs]
5.270: [Full GC [PSYoungGen: 252501K->243899K(253120K)] [PSOldGen: 546157K->546155K(546176K)] 798659K->790054K(799296K) [PSPermGen: 2211K->2210K(21248K)], 0.1796050 secs]
5.460: [Full GC [PSYoungGen: 252499K->252499K(253120K)] [PSOldGen: 546155K->546155K(546176K)] 798654K->798654K(799296K) [PSPermGen: 2210K->2210K(21248K)], 0.0070940 secs]
5.467: [Full GC [PSYoungGen: 252499K->246829K(253120K)] [PSOldGen: 546155K->546155K(546176K)] 798654K->792984K(799296K) [PSPermGen: 2210K->2210K(21248K)], 0.0063160 secs]
5.480: [Full GC [PSYoungGen: 252497K->252497K(253120K)] [PSOldGen: 546155K->546155K(546176K)] 798652K->798652K(799296K) [PSPermGen: 2210K->2210K(21248K)], 0.0068320 secs]
5.487: [Full GC [PSYoungGen: 252497K->248685K(253120K)] [PSOldGen: 546155K->546155K(546176K)] 798652K->794840K(799296K) [PSPermGen: 2210K->2210K(21248K)], 0.0057510 secs]
5.497: [Full GC [PSYoungGen: 252497K->252497K(253120K)] [PSOldGen: 546155K->546155K(546176K)] 798652K->798652K(799296K) [PSPermGen: 2210K->2210K(21248K)], 0.0066730 secs]
5.504: [Full GC [PSYoungGen: 252497K->249955K(253120K)] [PSOldGen: 546155K->546155K(546176K)] 798652K->796110K(799296K) [PSPermGen: 2210K->2210K(21248K)], 0.0056480 secs]
5.512: [Full GC [PSYoungGen: 252497K->252497K(253120K)] [PSOldGen: 546155K->546155K(546176K)] 798652K->798652K(799296K) [PSPermGen: 2210K->2210K(21248K)], 0.0065950 secs]
5.518: [Full GC [PSYoungGen: 252497K->250834K(253120K)] [PSOldGen: 546155K->546155K(546176K)] 798652K->796989K(799296K) [PSPermGen: 2210K->2210K(21248K)], 0.0054910 secs]
5.526: [Full GC [PSYoungGen: 252497K->252497K(253120K)] [PSOldGen: 546155K->546155K(546176K)] 798652K->798652K(799296K) [PSPermGen: 2210K->2210K(21248K)], 0.0066870 secs]
5.533: [Full GC [PSYoungGen: 252497K->251322K(253120K)] [PSOldGen: 546155K->546155K(546176K)] 798652K->797478K(799296K) [PSPermGen: 2210K->2210K(21248K)], 0.0055390 secs]
5.540: [Full GC [PSYoungGen: 252497K->252497K(253120K)] [PSOldGen: 546155K->546155K(546176K)] 798652K->798652K(799296K) [PSPermGen: 2210K->2210K(21248K)], 0.0061980 secs]
5.546: [Full GC [PSYoungGen: 252497K->251713K(253120K)] [PSOldGen: 546155K->546155K(546176K)] 798652K->797868K(799296K) [PSPermGen: 2210K->2210K(21248K)], 0.0052300 secs]
5.552: [Full GC [PSYoungGen: 252497K->252497K(253120K)] [PSOldGen: 546155K->546155K(546176K)] 798652K->798652K(799296K) [PSPermGen: 2210K->2210K(21248K)], 0.0091350 secs]
5.561: [Full GC [PSYoungGen: 252497K->252006K(253120K)] [PSOldGen: 546155K->546155K(546176K)] 798652K->798161K(799296K) [PSPermGen: 2210K->2210K(21248K)], 0.0059880 secs]
5.568: [Full GC [PSYoungGen: 252497K->252497K(253120K)] [PSOldGen: 546155K->546155K(546176K)] 798652K->798652K(799296K) [PSPermGen: 2210K->2210K(21248K)], 0.0056230 secs]
5.573: [Full GC [PSYoungGen: 252497K->252202K(253120K)] [PSOldGen: 546155K->546155K(546176K)] 798652K->798357K(799296K) [PSPermGen: 2210K->2210K(21248K)], 0.0053060 secs]
5.579: [Full GC [PSYoungGen: 252497K->252497K(253120K)] [PSOldGen: 546155K->546155K(546176K)] 798652K->798652K(799296K) [PSPermGen: 2210K->2210K(21248K)], 0.0061370 secs]
5.585: [Full GC [PSYoungGen: 252497K->252299K(253120K)] [PSOldGen: 546155K->546155K(546176K)] 798652K->798454K(799296K) [PSPermGen: 2210K->2210K(21248K)], 0.0052950 secs]
5.591: [Full GC [PSYoungGen: 252497K->252497K(253120K)] [PSOldGen: 546155K->546155K(546176K)] 798652K->798652K(799296K) [PSPermGen: 2210K->2210K(21248K)], 0.0053440 secs]
5.597: [Full GC [PSYoungGen: 252497K->252299K(253120K)] [PSOldGen: 546155K->546155K(546176K)] 798652K->798454K(799296K) [PSPermGen: 2210K->2210K(21248K)], 0.0051380 secs]
5.602: [Full GC [PSYoungGen: 252497K->252497K(253120K)] [PSOldGen: 546155K->546155K(546176K)] 798652K->798652K(799296K) [PSPermGen: 2210K->2210K(21248K)], 0.0052720 secs]
5.607: [Full GC [PSYoungGen: 252497K->252397K(253120K)] [PSOldGen: 546155K->546155K(546176K)] 798652K->798552K(799296K) [PSPermGen: 2210K->2210K(21248K)], 0.0051000 secs]
5.613: [Full GC [PSYoungGen: 252495K->252495K(253120K)] [PSOldGen: 546155K->546155K(546176K)] 798650K->798650K(799296K) [PSPermGen: 2210K->2210K(21248K)], 0.0052320 secs]
5.618: [Full GC [PSYoungGen: 252495K->252397K(253120K)] [PSOldGen: 546155K->546155K(546176K)] 798650K->798552K(799296K) [PSPermGen: 2210K->2210K(21248K)], 0.0052460 secs]
5.623: [Full GC [PSYoungGen: 252495K->252495K(253120K)] [PSOldGen: 546155K->546155K(546176K)] 798650K->798650K(799296K) [PSPermGen: 2210K->2210K(21248K)], 0.0053990 secs]
5.629: [Full GC [PSYoungGen: 252495K->252495K(253120K)] [PSOldGen: 546155K->546155K(546176K)] 798650K->798650K(799296K) [PSPermGen: 2210K->2210K(21248K)], 0.0050830 secs]
