
2014-04-23T23:24:40.440+0000: 11.304: [GC pause (young)
Desired survivor size 54525952 bytes, new threshold 15 (max 15)
, 0.0428320 secs]
   [Parallel Time: 18.3 ms, GC Workers: 18]
      [GC Worker Start (ms): Min: 11303.7, Avg: 11304.8, Max: 11305.7, Diff: 2.0]
      [Ext Root Scanning (ms): Min: 0.6, Avg: 2.1, Max: 9.8, Diff: 9.1, Sum: 37.4]
      [Update RS (ms): Min: 0.0, Avg: 0.0, Max: 0.2, Diff: 0.2, Sum: 0.2]
         [Processed Buffers: Min: 0, Avg: 2.4, Max: 34, Diff: 34, Sum: 44]
      [Scan RS (ms): Min: 0.0, Avg: 0.1, Max: 0.2, Diff: 0.2, Sum: 1.1]
      [Object Copy (ms): Min: 6.6, Avg: 13.2, Max: 14.3, Diff: 7.7, Sum: 236.8]
      [Termination (ms): Min: 0.0, Avg: 0.8, Max: 1.0, Diff: 1.0, Sum: 15.2]
      [GC Worker Other (ms): Min: 0.0, Avg: 0.1, Max: 0.2, Diff: 0.2, Sum: 0.9]
      [GC Worker Total (ms): Min: 15.2, Avg: 16.2, Max: 17.2, Diff: 2.0, Sum: 291.6]
      [GC Worker End (ms): Min: 11320.9, Avg: 11321.0, Max: 11321.1, Diff: 0.2]
   [Code Root Fixup: 0.4 ms]
   [Clear CT: 1.6 ms]
   [Other: 22.5 ms]
      [Choose CSet: 0.0 ms]
      [Ref Proc: 21.3 ms]
      [Ref Enq: 0.8 ms]
      [Free CSet: 0.2 ms]
   [Eden: 816.0M(816.0M)->0.0B(768.0M) Survivors: 0.0B->48.0M Heap: 816.0M(16.0G)->42.9M(16.0G)]
 [Times: user=0.37 sys=0.00, real=0.04 secs] 
2014-04-23T23:24:47.030+0000: 17.893: [GC pause (young)
Desired survivor size 54525952 bytes, new threshold 15 (max 15)
- age   1:   30045696 bytes,   30045696 total
, 0.0449020 secs]
   [Parallel Time: 16.8 ms, GC Workers: 18]
      [GC Worker Start (ms): Min: 17893.6, Avg: 17893.9, Max: 17894.2, Diff: 0.6]
      [Ext Root Scanning (ms): Min: 1.7, Avg: 2.3, Max: 4.1, Diff: 2.4, Sum: 41.4]
      [Update RS (ms): Min: 0.0, Avg: 0.0, Max: 0.2, Diff: 0.2, Sum: 0.2]
         [Processed Buffers: Min: 0, Avg: 2.0, Max: 30, Diff: 30, Sum: 36]
      [Scan RS (ms): Min: 0.0, Avg: 0.1, Max: 0.2, Diff: 0.2, Sum: 1.1]
      [Object Copy (ms): Min: 11.5, Avg: 12.8, Max: 13.4, Diff: 1.9, Sum: 230.8]
      [Termination (ms): Min: 0.1, Avg: 0.4, Max: 0.5, Diff: 0.4, Sum: 7.1]
      [GC Worker Other (ms): Min: 0.0, Avg: 0.1, Max: 0.4, Diff: 0.4, Sum: 2.4]
      [GC Worker Total (ms): Min: 15.4, Avg: 15.7, Max: 16.3, Diff: 0.9, Sum: 283.0]
      [GC Worker End (ms): Min: 17909.5, Avg: 17909.6, Max: 17909.9, Diff: 0.4]
   [Code Root Fixup: 1.2 ms]
   [Clear CT: 1.5 ms]
   [Other: 25.4 ms]
      [Choose CSet: 0.0 ms]
      [Ref Proc: 24.6 ms]
      [Ref Enq: 0.5 ms]
      [Free CSet: 0.2 ms]
   [Eden: 768.0M(768.0M)->0.0B(736.0M) Survivors: 48.0M->80.0M Heap: 810.9M(16.0G)->77.5M(16.0G)]
 [Times: user=0.33 sys=0.00, real=0.04 secs] 
2014-04-23T23:24:51.474+0000: 22.338: [GC pause (young)
Desired survivor size 54525952 bytes, new threshold 15 (max 15)
- age   1:   10035024 bytes,   10035024 total
- age   2:   12662968 bytes,   22697992 total
, 0.0351300 secs]
   [Parallel Time: 17.7 ms, GC Workers: 18]
      [GC Worker Start (ms): Min: 22337.8, Avg: 22338.2, Max: 22338.6, Diff: 0.8]
      [Ext Root Scanning (ms): Min: 2.2, Avg: 3.2, Max: 8.0, Diff: 5.8, Sum: 58.5]
      [Update RS (ms): Min: 0.0, Avg: 0.0, Max: 0.1, Diff: 0.1, Sum: 0.1]
         [Processed Buffers: Min: 0, Avg: 1.8, Max: 23, Diff: 23, Sum: 32]
      [Scan RS (ms): Min: 0.0, Avg: 0.1, Max: 0.2, Diff: 0.2, Sum: 0.9]
      [Object Copy (ms): Min: 8.9, Avg: 13.4, Max: 14.2, Diff: 5.3, Sum: 240.4]
      [Termination (ms): Min: 0.0, Avg: 0.0, Max: 0.0, Diff: 0.0, Sum: 0.1]
      [GC Worker Other (ms): Min: 0.0, Avg: 0.1, Max: 0.3, Diff: 0.3, Sum: 2.0]
      [GC Worker Total (ms): Min: 16.4, Avg: 16.8, Max: 17.2, Diff: 0.8, Sum: 302.1]
      [GC Worker End (ms): Min: 22354.9, Avg: 22355.0, Max: 22355.2, Diff: 0.3]
   [Code Root Fixup: 0.9 ms]
   [Clear CT: 1.5 ms]
   [Other: 15.0 ms]
      [Choose CSet: 0.0 ms]
      [Ref Proc: 14.2 ms]
      [Ref Enq: 0.4 ms]
      [Free CSet: 0.2 ms]
   [Eden: 736.0M(736.0M)->0.0B(736.0M) Survivors: 80.0M->80.0M Heap: 813.5M(16.0G)->77.3M(16.0G)]
 [Times: user=0.31 sys=0.01, real=0.04 secs] 
2014-04-23T23:24:54.832+0000: 25.696: [GC pause (young)
Desired survivor size 54525952 bytes, new threshold 15 (max 15)
- age   1:   18731440 bytes,   18731440 total
- age   2:    9605008 bytes,   28336448 total
- age   3:   12524584 bytes,   40861032 total
, 0.0444410 secs]
   [Parallel Time: 22.1 ms, GC Workers: 18]
      [GC Worker Start (ms): Min: 25695.9, Avg: 25696.2, Max: 25696.5, Diff: 0.6]
      [Ext Root Scanning (ms): Min: 2.3, Avg: 2.7, Max: 3.9, Diff: 1.5, Sum: 49.3]
      [Update RS (ms): Min: 0.0, Avg: 0.0, Max: 0.1, Diff: 0.1, Sum: 0.1]
         [Processed Buffers: Min: 0, Avg: 1.3, Max: 13, Diff: 13, Sum: 24]
      [Scan RS (ms): Min: 0.0, Avg: 0.1, Max: 0.2, Diff: 0.2, Sum: 1.1]
      [Object Copy (ms): Min: 17.1, Avg: 17.9, Max: 18.2, Diff: 1.1, Sum: 323.0]
      [Termination (ms): Min: 0.0, Avg: 0.1, Max: 0.1, Diff: 0.1, Sum: 1.4]
      [GC Worker Other (ms): Min: 0.0, Avg: 0.1, Max: 0.3, Diff: 0.3, Sum: 1.3]
      [GC Worker Total (ms): Min: 20.6, Avg: 20.9, Max: 21.3, Diff: 0.7, Sum: 376.2]
      [GC Worker End (ms): Min: 25717.1, Avg: 25717.1, Max: 25717.3, Diff: 0.3]
   [Code Root Fixup: 1.4 ms]
   [Clear CT: 1.4 ms]
   [Other: 19.5 ms]
      [Choose CSet: 0.0 ms]
      [Ref Proc: 17.2 ms]
      [Ref Enq: 1.8 ms]
      [Free CSet: 0.3 ms]
   [Eden: 736.0M(736.0M)->0.0B(712.0M) Survivors: 80.0M->104.0M Heap: 813.3M(16.0G)->146.9M(16.0G)]
 [Times: user=0.44 sys=0.00, real=0.04 secs] 
2014-04-23T23:24:57.155+0000: 28.018: [GC pause (young)
Desired survivor size 54525952 bytes, new threshold 3 (max 15)
- age   1:   29462640 bytes,   29462640 total
- age   2:   18322192 bytes,   47784832 total
- age   3:    9584592 bytes,   57369424 total
- age   4:   12508688 bytes,   69878112 total
, 0.0451350 secs]
   [Parallel Time: 29.7 ms, GC Workers: 18]
      [GC Worker Start (ms): Min: 28018.1, Avg: 28018.5, Max: 28018.8, Diff: 0.7]
      [Ext Root Scanning (ms): Min: 2.4, Avg: 2.8, Max: 4.1, Diff: 1.8, Sum: 51.0]
      [Update RS (ms): Min: 0.0, Avg: 0.7, Max: 1.3, Diff: 1.3, Sum: 12.2]
         [Processed Buffers: Min: 0, Avg: 2.3, Max: 11, Diff: 11, Sum: 41]
      [Scan RS (ms): Min: 0.5, Avg: 0.8, Max: 1.1, Diff: 0.7, Sum: 14.2]
      [Object Copy (ms): Min: 23.5, Avg: 24.1, Max: 24.4, Diff: 0.9, Sum: 434.1]
      [Termination (ms): Min: 0.0, Avg: 0.0, Max: 0.0, Diff: 0.0, Sum: 0.3]
      [GC Worker Other (ms): Min: 0.0, Avg: 0.1, Max: 0.4, Diff: 0.3, Sum: 1.7]
      [GC Worker Total (ms): Min: 28.2, Avg: 28.5, Max: 29.2, Diff: 1.0, Sum: 513.5]
      [GC Worker End (ms): Min: 28047.0, Avg: 28047.1, Max: 28047.3, Diff: 0.3]
   [Code Root Fixup: 1.2 ms]
   [Clear CT: 1.7 ms]
   [Other: 12.6 ms]
      [Choose CSet: 0.0 ms]
      [Ref Proc: 10.6 ms]
      [Ref Enq: 1.2 ms]
      [Free CSet: 0.3 ms]
   [Eden: 712.0M(712.0M)->0.0B(712.0M) Survivors: 104.0M->104.0M Heap: 858.9M(16.0G)->175.5M(16.0G)]
 [Times: user=0.50 sys=0.00, real=0.05 secs] 
2014-04-23T23:25:11.149+0000: 42.012: [GC pause (young)
Desired survivor size 54525952 bytes, new threshold 2 (max 15)
- age   1:   31761760 bytes,   31761760 total
- age   2:   26337696 bytes,   58099456 total
- age   3:   18236688 bytes,   76336144 total
, 0.0454070 secs]
   [Parallel Time: 28.9 ms, GC Workers: 18]
      [GC Worker Start (ms): Min: 42012.4, Avg: 42012.6, Max: 42012.8, Diff: 0.4]
      [Ext Root Scanning (ms): Min: 2.3, Avg: 2.7, Max: 3.8, Diff: 1.5, Sum: 49.5]
      [Update RS (ms): Min: 0.0, Avg: 1.1, Max: 1.9, Diff: 1.9, Sum: 20.6]
         [Processed Buffers: Min: 0, Avg: 2.7, Max: 23, Diff: 23, Sum: 49]
      [Scan RS (ms): Min: 0.5, Avg: 1.0, Max: 1.5, Diff: 1.1, Sum: 18.8]
      [Object Copy (ms): Min: 22.5, Avg: 22.9, Max: 23.0, Diff: 0.5, Sum: 411.7]
      [Termination (ms): Min: 0.0, Avg: 0.0, Max: 0.0, Diff: 0.0, Sum: 0.5]
      [GC Worker Other (ms): Min: 0.0, Avg: 0.1, Max: 0.3, Diff: 0.2, Sum: 1.3]
      [GC Worker Total (ms): Min: 27.7, Avg: 27.9, Max: 28.2, Diff: 0.5, Sum: 502.4]
      [GC Worker End (ms): Min: 42040.5, Avg: 42040.5, Max: 42040.7, Diff: 0.2]
   [Code Root Fixup: 0.2 ms]
   [Clear CT: 1.4 ms]
   [Other: 15.0 ms]
      [Choose CSet: 0.0 ms]
      [Ref Proc: 12.6 ms]
      [Ref Enq: 1.4 ms]
      [Free CSet: 0.3 ms]
   [Eden: 712.0M(712.0M)->0.0B(712.0M) Survivors: 104.0M->104.0M Heap: 887.5M(16.0G)->256.7M(16.0G)]
 [Times: user=0.53 sys=0.00, real=0.05 secs] 
2014-04-23T23:25:22.698+0000: 53.561: [GC pause (young)
Desired survivor size 54525952 bytes, new threshold 1 (max 15)
- age   1:   56648680 bytes,   56648680 total
- age   2:   29969432 bytes,   86618112 total
, 0.0463250 secs]
   [Parallel Time: 34.1 ms, GC Workers: 18]
      [GC Worker Start (ms): Min: 53561.2, Avg: 53566.5, Max: 53569.2, Diff: 8.0]
      [Ext Root Scanning (ms): Min: 0.0, Avg: 2.2, Max: 6.8, Diff: 6.8, Sum: 39.1]
      [Update RS (ms): Min: 0.4, Avg: 1.0, Max: 2.7, Diff: 2.3, Sum: 18.2]
         [Processed Buffers: Min: 1, Avg: 6.3, Max: 24, Diff: 23, Sum: 114]
      [Scan RS (ms): Min: 0.0, Avg: 0.9, Max: 1.1, Diff: 1.1, Sum: 16.0]
      [Object Copy (ms): Min: 23.4, Avg: 23.8, Max: 24.3, Diff: 0.9, Sum: 427.7]
      [Termination (ms): Min: 0.0, Avg: 0.1, Max: 0.2, Diff: 0.2, Sum: 1.1]
      [GC Worker Other (ms): Min: 0.0, Avg: 0.1, Max: 0.3, Diff: 0.3, Sum: 1.7]
      [GC Worker Total (ms): Min: 25.2, Avg: 28.0, Max: 33.2, Diff: 8.0, Sum: 503.9]
      [GC Worker End (ms): Min: 53594.4, Avg: 53594.5, Max: 53594.7, Diff: 0.3]
   [Code Root Fixup: 0.1 ms]
   [Clear CT: 1.9 ms]
   [Other: 10.2 ms]
      [Choose CSet: 0.0 ms]
      [Ref Proc: 8.5 ms]
      [Ref Enq: 0.6 ms]
      [Free CSet: 0.3 ms]
   [Eden: 712.0M(712.0M)->0.0B(720.0M) Survivors: 104.0M->96.0M Heap: 968.7M(16.0G)->351.8M(16.0G)]
 [Times: user=0.56 sys=0.00, real=0.05 secs] 
2014-04-23T23:25:25.014+0000: 55.877: [GC pause (young)
Desired survivor size 54525952 bytes, new threshold 15 (max 15)
- age   1:   41560448 bytes,   41560448 total
, 0.0309140 secs]
   [Parallel Time: 13.2 ms, GC Workers: 18]
      [GC Worker Start (ms): Min: 55877.6, Avg: 55878.0, Max: 55878.3, Diff: 0.7]
      [Ext Root Scanning (ms): Min: 2.1, Avg: 2.7, Max: 3.4, Diff: 1.2, Sum: 48.9]
      [Update RS (ms): Min: 0.7, Avg: 1.1, Max: 1.4, Diff: 0.8, Sum: 19.2]
         [Processed Buffers: Min: 1, Avg: 6.3, Max: 25, Diff: 24, Sum: 113]
      [Scan RS (ms): Min: 0.0, Avg: 0.2, Max: 0.3, Diff: 0.3, Sum: 2.9]
      [Object Copy (ms): Min: 8.0, Avg: 8.2, Max: 8.5, Diff: 0.4, Sum: 148.0]
      [Termination (ms): Min: 0.0, Avg: 0.0, Max: 0.0, Diff: 0.0, Sum: 0.1]
      [GC Worker Other (ms): Min: 0.0, Avg: 0.1, Max: 0.2, Diff: 0.2, Sum: 1.4]
      [GC Worker Total (ms): Min: 11.9, Avg: 12.2, Max: 12.7, Diff: 0.7, Sum: 220.5]
      [GC Worker End (ms): Min: 55890.2, Avg: 55890.2, Max: 55890.4, Diff: 0.2]
   [Code Root Fixup: 0.0 ms]
   [Clear CT: 1.5 ms]
   [Other: 16.2 ms]
      [Choose CSet: 0.0 ms]
      [Ref Proc: 15.1 ms]
      [Ref Enq: 0.5 ms]
      [Free CSet: 0.2 ms]
   [Eden: 720.0M(720.0M)->0.0B(720.0M) Survivors: 96.0M->96.0M Heap: 1071.8M(16.0G)->350.1M(16.0G)]
 [Times: user=0.30 sys=0.00, real=0.03 secs] 
2014-04-23T23:25:27.136+0000: 57.999: [GC pause (young)
Desired survivor size 54525952 bytes, new threshold 15 (max 15)
- age   1:    5512760 bytes,    5512760 total
- age   2:   39664088 bytes,   45176848 total
, 0.0311360 secs]
   [Parallel Time: 15.1 ms, GC Workers: 18]
      [GC Worker Start (ms): Min: 57999.1, Avg: 57999.7, Max: 58000.1, Diff: 1.0]
      [Ext Root Scanning (ms): Min: 2.5, Avg: 3.2, Max: 3.8, Diff: 1.3, Sum: 58.1]
      [Update RS (ms): Min: 0.0, Avg: 0.2, Max: 0.7, Diff: 0.7, Sum: 3.9]
         [Processed Buffers: Min: 0, Avg: 5.4, Max: 20, Diff: 20, Sum: 97]
      [Scan RS (ms): Min: 0.0, Avg: 0.1, Max: 0.1, Diff: 0.1, Sum: 1.2]
      [Object Copy (ms): Min: 9.8, Avg: 10.3, Max: 10.9, Diff: 1.2, Sum: 185.4]
      [Termination (ms): Min: 0.0, Avg: 0.0, Max: 0.0, Diff: 0.0, Sum: 0.1]
      [GC Worker Other (ms): Min: 0.0, Avg: 0.1, Max: 0.3, Diff: 0.2, Sum: 1.4]
      [GC Worker Total (ms): Min: 13.5, Avg: 13.9, Max: 14.5, Diff: 1.1, Sum: 250.1]
      [GC Worker End (ms): Min: 58013.5, Avg: 58013.6, Max: 58013.7, Diff: 0.2]
   [Code Root Fixup: 0.0 ms]
   [Clear CT: 1.8 ms]
   [Other: 14.2 ms]
      [Choose CSet: 0.0 ms]
      [Ref Proc: 13.3 ms]
      [Ref Enq: 0.4 ms]
      [Free CSet: 0.2 ms]
   [Eden: 720.0M(720.0M)->0.0B(712.0M) Survivors: 96.0M->104.0M Heap: 1070.1M(16.0G)->370.8M(16.0G)]
 [Times: user=0.26 sys=0.00, real=0.03 secs] 
2014-04-23T23:25:29.206+0000: 60.070: [GC pause (young)
Desired survivor size 54525952 bytes, new threshold 15 (max 15)
- age   1:    5729816 bytes,    5729816 total
- age   2:    5132424 bytes,   10862240 total
- age   3:   39527512 bytes,   50389752 total
, 0.0356060 secs]
   [Parallel Time: 16.4 ms, GC Workers: 18]
      [GC Worker Start (ms): Min: 60069.8, Avg: 60070.3, Max: 60070.6, Diff: 0.8]
      [Ext Root Scanning (ms): Min: 2.1, Avg: 2.7, Max: 3.2, Diff: 1.2, Sum: 47.8]
      [Update RS (ms): Min: 0.0, Avg: 0.7, Max: 1.2, Diff: 1.2, Sum: 13.1]
         [Processed Buffers: Min: 0, Avg: 5.8, Max: 34, Diff: 34, Sum: 105]
      [Scan RS (ms): Min: 0.0, Avg: 0.0, Max: 0.2, Diff: 0.2, Sum: 0.8]
      [Object Copy (ms): Min: 11.0, Avg: 11.4, Max: 11.8, Diff: 0.8, Sum: 205.5]
      [Termination (ms): Min: 0.0, Avg: 0.0, Max: 0.0, Diff: 0.0, Sum: 0.1]
      [GC Worker Other (ms): Min: 0.0, Avg: 0.1, Max: 0.5, Diff: 0.5, Sum: 2.5]
      [GC Worker Total (ms): Min: 14.7, Avg: 15.0, Max: 15.8, Diff: 1.2, Sum: 269.9]
      [GC Worker End (ms): Min: 60085.1, Avg: 60085.3, Max: 60085.6, Diff: 0.5]
   [Code Root Fixup: 0.0 ms]
   [Clear CT: 1.2 ms]
   [Other: 18.0 ms]
      [Choose CSet: 0.0 ms]
      [Ref Proc: 16.9 ms]
      [Ref Enq: 0.6 ms]
      [Free CSet: 0.3 ms]
   [Eden: 712.0M(712.0M)->0.0B(712.0M) Survivors: 104.0M->104.0M Heap: 1082.8M(16.0G)->379.1M(16.0G)]
 [Times: user=0.29 sys=0.01, real=0.03 secs] 
2014-04-23T23:25:31.123+0000: 61.986: [GC pause (young)
Desired survivor size 54525952 bytes, new threshold 4 (max 15)
- age   1:    5513656 bytes,    5513656 total
- age   2:    5372832 bytes,   10886488 total
- age   3:    5130576 bytes,   16017064 total
- age   4:   39527424 bytes,   55544488 total
, 0.0342700 secs]
   [Parallel Time: 19.3 ms, GC Workers: 18]
      [GC Worker Start (ms): Min: 61986.6, Avg: 61987.3, Max: 61993.2, Diff: 6.7]
      [Ext Root Scanning (ms): Min: 0.0, Avg: 3.3, Max: 4.1, Diff: 4.1, Sum: 59.9]
      [Update RS (ms): Min: 0.0, Avg: 0.7, Max: 2.0, Diff: 2.0, Sum: 12.4]
         [Processed Buffers: Min: 0, Avg: 5.9, Max: 31, Diff: 31, Sum: 106]
      [Scan RS (ms): Min: 0.0, Avg: 0.1, Max: 0.2, Diff: 0.2, Sum: 1.2]
      [Object Copy (ms): Min: 12.2, Avg: 14.1, Max: 14.7, Diff: 2.5, Sum: 253.6]
      [Termination (ms): Min: 0.0, Avg: 0.0, Max: 0.0, Diff: 0.0, Sum: 0.1]
      [GC Worker Other (ms): Min: 0.0, Avg: 0.1, Max: 0.2, Diff: 0.2, Sum: 1.4]
      [GC Worker Total (ms): Min: 12.3, Avg: 18.3, Max: 18.9, Diff: 6.6, Sum: 328.5]
      [GC Worker End (ms): Min: 62005.5, Avg: 62005.6, Max: 62005.7, Diff: 0.2]
   [Code Root Fixup: 0.0 ms]
   [Clear CT: 1.7 ms]
   [Other: 13.2 ms]
      [Choose CSet: 0.0 ms]
      [Ref Proc: 12.2 ms]
      [Ref Enq: 0.4 ms]
      [Free CSet: 0.2 ms]
   [Eden: 712.0M(712.0M)->0.0B(952.0M) Survivors: 104.0M->88.0M Heap: 1091.1M(16.0G)->396.9M(16.0G)]
 [Times: user=0.34 sys=0.00, real=0.04 secs] 
2014-04-23T23:25:31.713+0000: 62.576: [GC pause (young)
Desired survivor size 71303168 bytes, new threshold 15 (max 15)
- age   1:    9237488 bytes,    9237488 total
- age   2:    5161688 bytes,   14399176 total
- age   3:    5366440 bytes,   19765616 total
- age   4:    5129728 bytes,   24895344 total
, 0.0266650 secs]
   [Parallel Time: 20.6 ms, GC Workers: 18]
      [GC Worker Start (ms): Min: 62576.6, Avg: 62577.0, Max: 62577.3, Diff: 0.8]
      [Ext Root Scanning (ms): Min: 2.4, Avg: 2.8, Max: 3.2, Diff: 0.8, Sum: 49.7]
      [Update RS (ms): Min: 0.6, Avg: 1.3, Max: 1.8, Diff: 1.1, Sum: 23.4]
         [Processed Buffers: Min: 1, Avg: 6.9, Max: 17, Diff: 16, Sum: 124]
      [Scan RS (ms): Min: 0.0, Avg: 0.2, Max: 0.3, Diff: 0.3, Sum: 2.9]
      [Object Copy (ms): Min: 14.0, Avg: 14.2, Max: 14.5, Diff: 0.5, Sum: 255.7]
      [Termination (ms): Min: 0.0, Avg: 0.2, Max: 0.4, Diff: 0.4, Sum: 4.1]
      [GC Worker Other (ms): Min: 0.0, Avg: 0.0, Max: 0.1, Diff: 0.1, Sum: 0.5]
      [GC Worker Total (ms): Min: 18.3, Avg: 18.7, Max: 19.1, Diff: 0.8, Sum: 336.3]
      [GC Worker End (ms): Min: 62595.7, Avg: 62595.7, Max: 62595.7, Diff: 0.0]
   [Code Root Fixup: 0.0 ms]
   [Clear CT: 1.3 ms]
   [Other: 4.8 ms]
      [Choose CSet: 0.0 ms]
      [Ref Proc: 4.1 ms]
      [Ref Enq: 0.1 ms]
      [Free CSet: 0.3 ms]
   [Eden: 952.0M(952.0M)->0.0B(856.0M) Survivors: 88.0M->112.0M Heap: 1348.9M(16.0G)->422.2M(16.0G)]
 [Times: user=0.34 sys=0.00, real=0.03 secs] 
2014-04-23T23:25:32.138+0000: 63.002: [GC pause (young)
Desired survivor size 67108864 bytes, new threshold 1 (max 15)
- age   1:   72944984 bytes,   72944984 total
- age   2:    7851784 bytes,   80796768 total
- age   3:    5161648 bytes,   85958416 total
- age   4:    5365440 bytes,   91323856 total
- age   5:    5129728 bytes,   96453584 total
, 0.0282230 secs]
   [Parallel Time: 22.4 ms, GC Workers: 18]
      [GC Worker Start (ms): Min: 63001.9, Avg: 63002.3, Max: 63002.7, Diff: 0.8]
      [Ext Root Scanning (ms): Min: 2.3, Avg: 2.8, Max: 3.7, Diff: 1.4, Sum: 51.2]
      [Update RS (ms): Min: 0.0, Avg: 0.2, Max: 0.5, Diff: 0.5, Sum: 2.9]
         [Processed Buffers: Min: 0, Avg: 4.9, Max: 18, Diff: 18, Sum: 89]
      [Scan RS (ms): Min: 0.0, Avg: 0.1, Max: 0.1, Diff: 0.1, Sum: 1.3]
      [Object Copy (ms): Min: 17.9, Avg: 18.2, Max: 18.6, Diff: 0.7, Sum: 326.7]
      [Termination (ms): Min: 0.0, Avg: 0.0, Max: 0.0, Diff: 0.0, Sum: 0.0]
      [GC Worker Other (ms): Min: 0.0, Avg: 0.1, Max: 0.2, Diff: 0.2, Sum: 1.8]
      [GC Worker Total (ms): Min: 20.9, Avg: 21.3, Max: 21.8, Diff: 0.8, Sum: 384.0]
      [GC Worker End (ms): Min: 63023.6, Avg: 63023.6, Max: 63023.8, Diff: 0.2]
   [Code Root Fixup: 0.0 ms]
   [Clear CT: 1.4 ms]
   [Other: 4.4 ms]
      [Choose CSet: 0.0 ms]
      [Ref Proc: 3.6 ms]
      [Ref Enq: 0.0 ms]
      [Free CSet: 0.3 ms]
   [Eden: 856.0M(856.0M)->0.0B(1480.0M) Survivors: 112.0M->104.0M Heap: 1278.2M(16.0G)->448.1M(16.0G)]
 [Times: user=0.37 sys=0.00, real=0.03 secs] 
2014-04-23T23:25:34.677+0000: 65.540: [GC pause (young)
Desired survivor size 104857600 bytes, new threshold 15 (max 15)
- age   1:   76840344 bytes,   76840344 total
, 0.0382700 secs]
   [Parallel Time: 23.3 ms, GC Workers: 18]
      [GC Worker Start (ms): Min: 65540.2, Avg: 65541.4, Max: 65546.1, Diff: 5.9]
      [Ext Root Scanning (ms): Min: 0.0, Avg: 2.8, Max: 3.8, Diff: 3.7, Sum: 50.0]
      [Update RS (ms): Min: 0.0, Avg: 1.7, Max: 2.6, Diff: 2.6, Sum: 30.2]
         [Processed Buffers: Min: 0, Avg: 8.0, Max: 25, Diff: 25, Sum: 144]
      [Scan RS (ms): Min: 0.0, Avg: 0.2, Max: 0.4, Diff: 0.4, Sum: 3.1]
      [Object Copy (ms): Min: 15.2, Avg: 16.2, Max: 16.6, Diff: 1.4, Sum: 291.9]
      [Termination (ms): Min: 0.0, Avg: 0.4, Max: 0.8, Diff: 0.8, Sum: 7.9]
      [GC Worker Other (ms): Min: 0.0, Avg: 0.1, Max: 0.3, Diff: 0.3, Sum: 1.4]
      [GC Worker Total (ms): Min: 16.6, Avg: 21.4, Max: 22.8, Diff: 6.2, Sum: 384.5]
      [GC Worker End (ms): Min: 65562.7, Avg: 65562.8, Max: 65563.0, Diff: 0.3]
   [Code Root Fixup: 0.0 ms]
   [Clear CT: 1.2 ms]
   [Other: 13.8 ms]
      [Choose CSet: 0.0 ms]
      [Ref Proc: 12.8 ms]
      [Ref Enq: 0.4 ms]
      [Free CSet: 0.3 ms]
   [Eden: 1480.0M(1480.0M)->0.0B(1264.0M) Survivors: 104.0M->144.0M Heap: 1928.1M(16.0G)->488.3M(16.0G)]
 [Times: user=0.44 sys=0.00, real=0.04 secs] 
2014-04-23T23:25:38.229+0000: 69.092: [GC pause (young)
Desired survivor size 92274688 bytes, new threshold 2 (max 15)
- age   1:   73308024 bytes,   73308024 total
- age   2:   43536144 bytes,  116844168 total
, 0.0501030 secs]
   [Parallel Time: 23.5 ms, GC Workers: 18]
      [GC Worker Start (ms): Min: 69092.7, Avg: 69094.1, Max: 69095.2, Diff: 2.5]
      [Ext Root Scanning (ms): Min: 1.1, Avg: 2.4, Max: 4.0, Diff: 2.9, Sum: 43.7]
      [Update RS (ms): Min: 0.0, Avg: 0.2, Max: 0.6, Diff: 0.6, Sum: 3.0]
         [Processed Buffers: Min: 0, Avg: 6.3, Max: 24, Diff: 24, Sum: 113]
      [Scan RS (ms): Min: 0.0, Avg: 0.1, Max: 0.2, Diff: 0.2, Sum: 1.8]
      [Object Copy (ms): Min: 17.6, Avg: 18.2, Max: 18.7, Diff: 1.1, Sum: 327.9]
      [Termination (ms): Min: 0.0, Avg: 0.3, Max: 0.6, Diff: 0.6, Sum: 6.2]
      [GC Worker Other (ms): Min: 0.0, Avg: 0.1, Max: 0.4, Diff: 0.3, Sum: 1.5]
      [GC Worker Total (ms): Min: 20.2, Avg: 21.3, Max: 22.7, Diff: 2.5, Sum: 384.1]
      [GC Worker End (ms): Min: 69115.4, Avg: 69115.4, Max: 69115.7, Diff: 0.3]
   [Code Root Fixup: 0.0 ms]
   [Clear CT: 1.6 ms]
   [Other: 25.0 ms]
      [Choose CSet: 0.0 ms]
      [Ref Proc: 23.5 ms]
      [Ref Enq: 0.9 ms]
      [Free CSet: 0.4 ms]
   [Eden: 1264.0M(1264.0M)->0.0B(1272.0M) Survivors: 144.0M->144.0M Heap: 1752.3M(16.0G)->532.7M(16.0G)]
 [Times: user=0.41 sys=0.00, real=0.05 secs] 
2014-04-23T23:25:41.744+0000: 72.607: [GC pause (young)
Desired survivor size 96468992 bytes, new threshold 15 (max 15)
- age   1:    9974200 bytes,    9974200 total
- age   2:   72847848 bytes,   82822048 total
, 0.0489470 secs]
   [Parallel Time: 21.0 ms, GC Workers: 18]
      [GC Worker Start (ms): Min: 72607.2, Avg: 72607.5, Max: 72607.9, Diff: 0.7]
      [Ext Root Scanning (ms): Min: 2.2, Avg: 2.9, Max: 4.4, Diff: 2.2, Sum: 51.4]
      [Update RS (ms): Min: 0.0, Avg: 0.6, Max: 1.2, Diff: 1.2, Sum: 11.3]
         [Processed Buffers: Min: 0, Avg: 6.7, Max: 22, Diff: 22, Sum: 120]
      [Scan RS (ms): Min: 0.0, Avg: 0.1, Max: 0.2, Diff: 0.2, Sum: 1.9]
      [Object Copy (ms): Min: 15.6, Avg: 16.2, Max: 16.5, Diff: 0.9, Sum: 291.3]
      [Termination (ms): Min: 0.0, Avg: 0.0, Max: 0.0, Diff: 0.0, Sum: 0.2]
      [GC Worker Other (ms): Min: 0.0, Avg: 0.2, Max: 0.5, Diff: 0.4, Sum: 3.4]
      [GC Worker Total (ms): Min: 19.5, Avg: 20.0, Max: 20.4, Diff: 0.9, Sum: 359.5]
      [GC Worker End (ms): Min: 72627.4, Avg: 72627.5, Max: 72627.8, Diff: 0.4]
   [Code Root Fixup: 0.1 ms]
   [Clear CT: 2.0 ms]
   [Other: 25.9 ms]
      [Choose CSet: 0.0 ms]
      [Ref Proc: 24.4 ms]
      [Ref Enq: 0.9 ms]
      [Free CSet: 0.4 ms]
   [Eden: 1272.0M(1272.0M)->0.0B(3112.0M) Survivors: 144.0M->160.0M Heap: 1804.7M(16.0G)->549.7M(16.0G)]
 [Times: user=0.38 sys=0.00, real=0.05 secs] 
2014-04-23T23:25:50.227+0000: 81.090: [GC pause (young)
Desired survivor size 218103808 bytes, new threshold 15 (max 15)
- age   1:   10058792 bytes,   10058792 total
- age   2:    9244160 bytes,   19302952 total
- age   3:   72846824 bytes,   92149776 total
, 0.0743910 secs]
   [Parallel Time: 29.4 ms, GC Workers: 18]
      [GC Worker Start (ms): Min: 81090.2, Avg: 81092.0, Max: 81098.1, Diff: 7.8]
      [Ext Root Scanning (ms): Min: 0.0, Avg: 3.0, Max: 4.2, Diff: 4.2, Sum: 53.5]
      [Update RS (ms): Min: 0.0, Avg: 0.3, Max: 1.1, Diff: 1.1, Sum: 5.3]
         [Processed Buffers: Min: 0, Avg: 6.9, Max: 28, Diff: 28, Sum: 124]
      [Scan RS (ms): Min: 0.0, Avg: 0.2, Max: 0.4, Diff: 0.4, Sum: 4.2]
      [Object Copy (ms): Min: 20.0, Avg: 22.8, Max: 23.7, Diff: 3.7, Sum: 410.1]
      [Termination (ms): Min: 0.0, Avg: 0.4, Max: 0.5, Diff: 0.5, Sum: 7.2]
      [GC Worker Other (ms): Min: 0.0, Avg: 0.1, Max: 0.3, Diff: 0.3, Sum: 1.8]
      [GC Worker Total (ms): Min: 20.7, Avg: 26.8, Max: 28.7, Diff: 8.0, Sum: 482.1]
      [GC Worker End (ms): Min: 81118.7, Avg: 81118.8, Max: 81119.0, Diff: 0.3]
   [Code Root Fixup: 0.1 ms]
   [Clear CT: 2.3 ms]
   [Other: 42.6 ms]
      [Choose CSet: 0.0 ms]
      [Ref Proc: 40.3 ms]
      [Ref Enq: 1.4 ms]
      [Free CSet: 0.6 ms]
   [Eden: 3112.0M(3112.0M)->0.0B(3288.0M) Survivors: 160.0M->160.0M Heap: 3661.7M(16.0G)->554.0M(16.0G)]
 [Times: user=0.50 sys=0.00, real=0.07 secs] 
2014-04-23T23:25:57.864+0000: 88.728: [GC pause (young)
Desired survivor size 226492416 bytes, new threshold 15 (max 15)
- age   1:   20509880 bytes,   20509880 total
- age   2:    9327512 bytes,   29837392 total
- age   3:    9208424 bytes,   39045816 total
- age   4:   72846824 bytes,  111892640 total
, 0.0745580 secs]
   [Parallel Time: 28.7 ms, GC Workers: 18]
      [GC Worker Start (ms): Min: 88727.8, Avg: 88728.1, Max: 88728.5, Diff: 0.7]
      [Ext Root Scanning (ms): Min: 2.3, Avg: 3.2, Max: 4.4, Diff: 2.1, Sum: 57.1]
      [Update RS (ms): Min: 0.0, Avg: 0.2, Max: 0.8, Diff: 0.8, Sum: 4.5]
         [Processed Buffers: Min: 0, Avg: 6.5, Max: 27, Diff: 27, Sum: 117]
      [Scan RS (ms): Min: 0.0, Avg: 0.2, Max: 0.4, Diff: 0.4, Sum: 4.1]
      [Object Copy (ms): Min: 22.7, Avg: 23.3, Max: 23.6, Diff: 0.9, Sum: 419.1]
      [Termination (ms): Min: 0.0, Avg: 0.2, Max: 0.3, Diff: 0.3, Sum: 2.8]
      [GC Worker Other (ms): Min: 0.0, Avg: 0.2, Max: 0.5, Diff: 0.5, Sum: 3.5]
      [GC Worker Total (ms): Min: 26.9, Avg: 27.3, Max: 27.8, Diff: 0.9, Sum: 491.1]
      [GC Worker End (ms): Min: 88755.2, Avg: 88755.4, Max: 88755.8, Diff: 0.5]
   [Code Root Fixup: 0.1 ms]
   [Clear CT: 1.9 ms]
   [Other: 43.9 ms]
      [Choose CSet: 0.0 ms]
      [Ref Proc: 41.7 ms]
      [Ref Enq: 1.2 ms]
      [Free CSet: 0.6 ms]
   [Eden: 3288.0M(3288.0M)->0.0B(6080.0M) Survivors: 160.0M->200.0M Heap: 3842.0M(16.0G)->590.0M(16.0G)]
 [Times: user=0.54 sys=0.01, real=0.08 secs] 
2014-04-23T23:26:14.841+0000: 105.704: [GC pause (young)
Desired survivor size 415236096 bytes, new threshold 15 (max 15)
- age   1:   15526560 bytes,   15526560 total
- age   2:   19123256 bytes,   34649816 total
- age   3:    9307624 bytes,   43957440 total
- age   4:    9200904 bytes,   53158344 total
- age   5:   72845856 bytes,  126004200 total
, 0.1425560 secs]
   [Parallel Time: 63.2 ms, GC Workers: 18]
      [GC Worker Start (ms): Min: 105704.3, Avg: 105705.0, Max: 105709.9, Diff: 5.6]
      [Ext Root Scanning (ms): Min: 0.0, Avg: 3.8, Max: 5.1, Diff: 5.1, Sum: 69.2]
      [Update RS (ms): Min: 0.0, Avg: 1.2, Max: 7.2, Diff: 7.2, Sum: 21.6]
         [Processed Buffers: Min: 0, Avg: 10.6, Max: 29, Diff: 29, Sum: 191]
      [Scan RS (ms): Min: 0.1, Avg: 0.5, Max: 0.5, Diff: 0.4, Sum: 8.5]
      [Object Copy (ms): Min: 50.7, Avg: 56.1, Max: 56.8, Diff: 6.1, Sum: 1009.5]
      [Termination (ms): Min: 0.0, Avg: 0.0, Max: 0.0, Diff: 0.0, Sum: 0.1]
      [GC Worker Other (ms): Min: 0.0, Avg: 0.3, Max: 0.7, Diff: 0.7, Sum: 6.1]
      [GC Worker Total (ms): Min: 57.3, Avg: 61.9, Max: 62.7, Diff: 5.4, Sum: 1114.9]
      [GC Worker End (ms): Min: 105766.6, Avg: 105766.9, Max: 105767.3, Diff: 0.7]
   [Code Root Fixup: 0.2 ms]
   [Clear CT: 1.7 ms]
   [Other: 77.5 ms]
      [Choose CSet: 0.0 ms]
      [Ref Proc: 73.4 ms]
      [Ref Enq: 2.5 ms]
      [Free CSet: 1.1 ms]
   [Eden: 6080.0M(6080.0M)->0.0B(784.0M) Survivors: 200.0M->360.0M Heap: 6670.0M(16.0G)->750.0M(16.0G)]
 [Times: user=1.18 sys=0.01, real=0.14 secs] 
2014-04-23T23:26:17.446+0000: 108.309: [GC pause (young)
Desired survivor size 75497472 bytes, new threshold 1 (max 15)
- age   1:  100942184 bytes,  100942184 total
- age   2:   14181104 bytes,  115123288 total
- age   3:   19034016 bytes,  134157304 total
- age   4:    9298880 bytes,  143456184 total
- age   5:    9199264 bytes,  152655448 total
- age   6:   72845856 bytes,  225501304 total
, 0.1112950 secs]
   [Parallel Time: 96.4 ms, GC Workers: 18]
      [GC Worker Start (ms): Min: 108309.3, Avg: 108311.5, Max: 108321.3, Diff: 12.0]
      [Ext Root Scanning (ms): Min: 0.0, Avg: 4.1, Max: 6.2, Diff: 6.2, Sum: 73.7]
      [Update RS (ms): Min: 0.0, Avg: 0.8, Max: 2.0, Diff: 2.0, Sum: 14.9]
         [Processed Buffers: Min: 0, Avg: 7.5, Max: 28, Diff: 28, Sum: 135]
      [Scan RS (ms): Min: 0.0, Avg: 0.1, Max: 0.2, Diff: 0.2, Sum: 1.5]
      [Object Copy (ms): Min: 81.9, Avg: 86.9, Max: 89.8, Diff: 7.9, Sum: 1563.9]
      [Termination (ms): Min: 0.0, Avg: 2.0, Max: 2.2, Diff: 2.2, Sum: 36.7]
      [GC Worker Other (ms): Min: 0.0, Avg: 0.0, Max: 0.1, Diff: 0.1, Sum: 0.5]
      [GC Worker Total (ms): Min: 84.2, Avg: 94.0, Max: 96.2, Diff: 12.0, Sum: 1691.2]
      [GC Worker End (ms): Min: 108405.4, Avg: 108405.4, Max: 108405.5, Diff: 0.1]
   [Code Root Fixup: 0.1 ms]
   [Clear CT: 0.9 ms]
   [Other: 13.8 ms]
      [Choose CSet: 0.0 ms]
      [Ref Proc: 10.3 ms]
      [Ref Enq: 0.3 ms]
      [Free CSet: 0.3 ms]
   [Eden: 784.0M(784.0M)->0.0B(3856.0M) Survivors: 360.0M->88.0M Heap: 1534.0M(16.0G)->696.5M(16.0G)]
 [Times: user=1.78 sys=0.01, real=0.11 secs] 
2014-04-23T23:26:25.922+0000: 116.785: [GC pause (young)
Desired survivor size 230686720 bytes, new threshold 15 (max 15)
- age   1:    7066536 bytes,    7066536 total
, 0.0758140 secs]
   [Parallel Time: 27.3 ms, GC Workers: 18]
      [GC Worker Start (ms): Min: 116785.7, Avg: 116786.0, Max: 116786.3, Diff: 0.6]
      [Ext Root Scanning (ms): Min: 5.5, Avg: 6.6, Max: 7.8, Diff: 2.3, Sum: 118.6]
      [Update RS (ms): Min: 2.4, Avg: 3.4, Max: 4.5, Diff: 2.1, Sum: 60.8]
         [Processed Buffers: Min: 4, Avg: 12.2, Max: 24, Diff: 20, Sum: 220]
      [Scan RS (ms): Min: 0.0, Avg: 0.4, Max: 0.5, Diff: 0.5, Sum: 6.6]
      [Object Copy (ms): Min: 15.3, Avg: 15.9, Max: 16.5, Diff: 1.2, Sum: 286.3]
      [Termination (ms): Min: 0.0, Avg: 0.0, Max: 0.1, Diff: 0.1, Sum: 0.8]
      [GC Worker Other (ms): Min: 0.0, Avg: 0.3, Max: 0.9, Diff: 0.9, Sum: 5.3]
      [GC Worker Total (ms): Min: 26.3, Avg: 26.6, Max: 26.8, Diff: 0.5, Sum: 478.5]
      [GC Worker End (ms): Min: 116812.5, Avg: 116812.6, Max: 116812.7, Diff: 0.2]
   [Code Root Fixup: 0.0 ms]
   [Clear CT: 1.5 ms]
   [Other: 47.0 ms]
      [Choose CSet: 0.0 ms]
      [Ref Proc: 43.9 ms]
      [Ref Enq: 1.9 ms]
      [Free CSet: 0.9 ms]
   [Eden: 3384.0M(3384.0M)->0.0B(3280.0M) Survivors: 88.0M->136.0M Heap: 4080.5M(16.0G)->743.7M(16.0G)]
 [Times: user=0.64 sys=0.01, real=0.07 secs] 
2014-04-23T23:26:39.695+0000: 130.559: [GC pause (young)
Desired survivor size 226492416 bytes, new threshold 15 (max 15)
- age   1:   36372256 bytes,   36372256 total
- age   2:    6609736 bytes,   42981992 total
, 0.0724870 secs]
   [Parallel Time: 55.8 ms, GC Workers: 18]
      [GC Worker Start (ms): Min: 130558.9, Avg: 130559.2, Max: 130559.4, Diff: 0.5]
      [Ext Root Scanning (ms): Min: 4.6, Avg: 5.9, Max: 7.9, Diff: 3.3, Sum: 105.4]
      [Update RS (ms): Min: 0.0, Avg: 0.9, Max: 2.1, Diff: 2.1, Sum: 16.6]
         [Processed Buffers: Min: 0, Avg: 12.0, Max: 28, Diff: 28, Sum: 216]
      [Scan RS (ms): Min: 0.0, Avg: 2.9, Max: 24.4, Diff: 24.4, Sum: 53.0]
      [Object Copy (ms): Min: 23.5, Avg: 39.4, Max: 41.8, Diff: 18.4, Sum: 708.5]
      [Termination (ms): Min: 0.0, Avg: 5.6, Max: 6.3, Diff: 6.3, Sum: 100.0]
      [GC Worker Other (ms): Min: 0.0, Avg: 0.1, Max: 0.3, Diff: 0.3, Sum: 2.0]
      [GC Worker Total (ms): Min: 54.5, Avg: 54.7, Max: 55.1, Diff: 0.7, Sum: 985.4]
      [GC Worker End (ms): Min: 130613.8, Avg: 130613.9, Max: 130614.0, Diff: 0.3]
   [Code Root Fixup: 0.2 ms]
   [Clear CT: 1.7 ms]
   [Other: 14.8 ms]
      [Choose CSet: 0.0 ms]
      [Ref Proc: 13.4 ms]
      [Ref Enq: 0.4 ms]
      [Free CSet: 0.7 ms]
   [Eden: 3280.0M(3280.0M)->0.0B(4448.0M) Survivors: 136.0M->160.0M Heap: 4043.7M(16.0G)->795.5M(16.0G)]
 [Times: user=0.87 sys=0.00, real=0.07 secs] 
2014-04-23T23:26:49.642+0000: 140.505: [GC pause (young)
Desired survivor size 301989888 bytes, new threshold 15 (max 15)
- age   1:   78704528 bytes,   78704528 total
- age   2:   34359168 bytes,  113063696 total
- age   3:    6509176 bytes,  119572872 total
, 0.1580750 secs]
   [Parallel Time: 135.4 ms, GC Workers: 18]
      [GC Worker Start (ms): Min: 140505.6, Avg: 140506.0, Max: 140506.2, Diff: 0.6]
      [Ext Root Scanning (ms): Min: 6.7, Avg: 7.7, Max: 10.8, Diff: 4.1, Sum: 138.5]
      [Update RS (ms): Min: 0.0, Avg: 1.1, Max: 2.4, Diff: 2.4, Sum: 20.1]
         [Processed Buffers: Min: 0, Avg: 18.9, Max: 43, Diff: 43, Sum: 340]
      [Scan RS (ms): Min: 0.2, Avg: 0.4, Max: 0.4, Diff: 0.2, Sum: 6.4]
      [Object Copy (ms): Min: 122.7, Avg: 124.6, Max: 125.1, Diff: 2.4, Sum: 2242.3]
      [Termination (ms): Min: 0.0, Avg: 0.0, Max: 0.0, Diff: 0.0, Sum: 0.0]
      [GC Worker Other (ms): Min: 0.0, Avg: 0.3, Max: 0.6, Diff: 0.6, Sum: 4.7]
      [GC Worker Total (ms): Min: 133.7, Avg: 134.0, Max: 134.4, Diff: 0.8, Sum: 2412.0]
      [GC Worker End (ms): Min: 140639.7, Avg: 140640.0, Max: 140640.3, Diff: 0.6]
   [Code Root Fixup: 0.4 ms]
   [Clear CT: 2.1 ms]
   [Other: 20.2 ms]
      [Choose CSet: 0.0 ms]
      [Ref Proc: 18.0 ms]
      [Ref Enq: 0.7 ms]
      [Free CSet: 0.8 ms]
   [Eden: 4448.0M(4448.0M)->0.0B(712.0M) Survivors: 160.0M->488.0M Heap: 5255.5M(16.0G)->1138.3M(16.0G)]
 [Times: user=2.34 sys=0.00, real=0.16 secs] 
2014-04-23T23:26:51.124+0000: 141.988: [GC pause (young)
Desired survivor size 79691776 bytes, new threshold 1 (max 15)
- age   1:  327915904 bytes,  327915904 total
- age   2:   76871064 bytes,  404786968 total
- age   3:   34343736 bytes,  439130704 total
- age   4:    6497792 bytes,  445628496 total
, 0.1622960 secs]
   [Parallel Time: 151.7 ms, GC Workers: 18]
      [GC Worker Start (ms): Min: 141987.9, Avg: 141988.2, Max: 141988.4, Diff: 0.5]
      [Ext Root Scanning (ms): Min: 5.3, Avg: 6.2, Max: 9.0, Diff: 3.7, Sum: 111.5]
      [Update RS (ms): Min: 0.0, Avg: 1.5, Max: 2.3, Diff: 2.3, Sum: 26.9]
         [Processed Buffers: Min: 0, Avg: 8.9, Max: 24, Diff: 24, Sum: 160]
      [Scan RS (ms): Min: 0.0, Avg: 0.1, Max: 0.1, Diff: 0.1, Sum: 1.7]
      [Object Copy (ms): Min: 141.9, Avg: 143.1, Max: 143.7, Diff: 1.8, Sum: 2576.5]
      [Termination (ms): Min: 0.0, Avg: 0.0, Max: 0.0, Diff: 0.0, Sum: 0.1]
      [GC Worker Other (ms): Min: 0.0, Avg: 0.1, Max: 0.3, Diff: 0.3, Sum: 1.8]
      [GC Worker Total (ms): Min: 150.8, Avg: 151.0, Max: 151.4, Diff: 0.6, Sum: 2718.6]
      [GC Worker End (ms): Min: 142139.2, Avg: 142139.2, Max: 142139.4, Diff: 0.2]
   [Code Root Fixup: 0.5 ms]
   [Clear CT: 1.2 ms]
   [Other: 8.9 ms]
      [Choose CSet: 0.0 ms]
      [Ref Proc: 2.0 ms]
      [Ref Enq: 0.0 ms]
      [Free CSet: 0.4 ms]
   [Eden: 712.0M(712.0M)->0.0B(1136.0M) Survivors: 488.0M->128.0M Heap: 1854.3M(16.0G)->1191.6M(16.0G)]
 [Times: user=2.89 sys=0.02, real=0.17 secs] 
2014-04-23T23:26:52.660+0000: 143.523: [GC pause (young)
Desired survivor size 54525952 bytes, new threshold 1 (max 15)
- age   1:   85210120 bytes,   85210120 total
, 0.0562930 secs]
   [Parallel Time: 51.6 ms, GC Workers: 18]
      [GC Worker Start (ms): Min: 143523.8, Avg: 143524.6, Max: 143529.1, Diff: 5.3]
      [Ext Root Scanning (ms): Min: 2.2, Avg: 6.2, Max: 9.5, Diff: 7.4, Sum: 112.1]
      [Update RS (ms): Min: 3.0, Avg: 6.0, Max: 6.9, Diff: 3.9, Sum: 107.4]
         [Processed Buffers: Min: 9, Avg: 36.8, Max: 74, Diff: 65, Sum: 663]
      [Scan RS (ms): Min: 0.4, Avg: 0.8, Max: 1.0, Diff: 0.5, Sum: 14.9]
      [Object Copy (ms): Min: 36.8, Avg: 37.1, Max: 37.3, Diff: 0.6, Sum: 667.6]
      [Termination (ms): Min: 0.0, Avg: 0.2, Max: 0.2, Diff: 0.2, Sum: 2.7]
      [GC Worker Other (ms): Min: 0.0, Avg: 0.1, Max: 0.3, Diff: 0.3, Sum: 1.7]
      [GC Worker Total (ms): Min: 45.8, Avg: 50.4, Max: 51.0, Diff: 5.2, Sum: 906.4]
      [GC Worker End (ms): Min: 143574.9, Avg: 143575.0, Max: 143575.2, Diff: 0.3]
   [Code Root Fixup: 0.0 ms]
   [Clear CT: 1.1 ms]
   [Other: 3.6 ms]
      [Choose CSet: 0.0 ms]
      [Ref Proc: 1.2 ms]
      [Ref Enq: 0.0 ms]
      [Free CSet: 0.5 ms]
   [Eden: 688.0M(688.0M)->0.0B(2008.0M) Survivors: 128.0M->104.0M Heap: 1883.6M(16.0G)->1260.0M(16.0G)]
 [Times: user=0.93 sys=0.01, real=0.06 secs] 
2014-04-23T23:26:57.336+0000: 148.199: [GC pause (young)
Desired survivor size 92274688 bytes, new threshold 15 (max 15)
- age   1:   69708960 bytes,   69708960 total
, 0.0665700 secs]
   [Parallel Time: 62.9 ms, GC Workers: 18]
      [GC Worker Start (ms): Min: 148200.2, Avg: 148200.4, Max: 148200.6, Diff: 0.4]
      [Ext Root Scanning (ms): Min: 5.6, Avg: 6.5, Max: 9.9, Diff: 4.3, Sum: 116.9]
      [Update RS (ms): Min: 8.4, Avg: 11.6, Max: 12.6, Diff: 4.1, Sum: 208.3]
         [Processed Buffers: Min: 21, Avg: 43.4, Max: 57, Diff: 36, Sum: 782]
      [Scan RS (ms): Min: 0.7, Avg: 0.8, Max: 0.9, Diff: 0.2, Sum: 15.2]
      [Object Copy (ms): Min: 42.3, Avg: 42.6, Max: 43.2, Diff: 0.9, Sum: 766.5]
      [Termination (ms): Min: 0.0, Avg: 0.0, Max: 0.0, Diff: 0.0, Sum: 0.2]
      [GC Worker Other (ms): Min: 0.0, Avg: 0.2, Max: 0.5, Diff: 0.5, Sum: 3.5]
      [GC Worker Total (ms): Min: 61.3, Avg: 61.7, Max: 62.2, Diff: 0.8, Sum: 1110.5]
      [GC Worker End (ms): Min: 148261.9, Avg: 148262.1, Max: 148262.4, Diff: 0.5]
   [Code Root Fixup: 0.0 ms]
   [Clear CT: 1.1 ms]
   [Other: 2.5 ms]
      [Choose CSet: 0.0 ms]
      [Ref Proc: 1.1 ms]
      [Ref Enq: 0.0 ms]
      [Free CSet: 0.5 ms]
   [Eden: 1248.0M(1248.0M)->0.0B(1624.0M) Survivors: 104.0M->176.0M Heap: 2521.8M(16.0G)->1369.8M(16.0G)]
 [Times: user=1.16 sys=0.01, real=0.07 secs] 
2014-04-23T23:27:00.852+0000: 151.715: [GC pause (young)
Desired survivor size 121634816 bytes, new threshold 2 (max 15)
- age   1:  118864160 bytes,  118864160 total
- age   2:   42312096 bytes,  161176256 total
, 0.0817340 secs]
   [Parallel Time: 76.4 ms, GC Workers: 18]
      [GC Worker Start (ms): Min: 151716.4, Avg: 151716.8, Max: 151717.1, Diff: 0.7]
      [Ext Root Scanning (ms): Min: 5.4, Avg: 6.5, Max: 10.2, Diff: 4.8, Sum: 116.8]
      [Update RS (ms): Min: 0.0, Avg: 3.1, Max: 4.3, Diff: 4.3, Sum: 55.6]
         [Processed Buffers: Min: 0, Avg: 40.6, Max: 77, Diff: 77, Sum: 731]
      [Scan RS (ms): Min: 0.0, Avg: 0.1, Max: 0.1, Diff: 0.1, Sum: 2.1]
      [Object Copy (ms): Min: 65.0, Avg: 65.3, Max: 66.1, Diff: 1.2, Sum: 1175.7]
      [Termination (ms): Min: 0.0, Avg: 0.2, Max: 0.2, Diff: 0.2, Sum: 3.2]
      [GC Worker Other (ms): Min: 0.0, Avg: 0.2, Max: 0.5, Diff: 0.5, Sum: 3.5]
      [GC Worker Total (ms): Min: 74.9, Avg: 75.4, Max: 75.8, Diff: 0.9, Sum: 1357.0]
      [GC Worker End (ms): Min: 151792.0, Avg: 151792.2, Max: 151792.5, Diff: 0.5]
   [Code Root Fixup: 0.1 ms]
   [Clear CT: 1.2 ms]
   [Other: 4.0 ms]
      [Choose CSet: 0.0 ms]
      [Ref Proc: 1.6 ms]
      [Ref Enq: 0.0 ms]
      [Free CSet: 0.6 ms]
   [Eden: 1624.0M(1624.0M)->0.0B(1600.0M) Survivors: 176.0M->216.0M Heap: 2997.8M(16.0G)->1475.4M(16.0G)]
 [Times: user=1.34 sys=0.00, real=0.08 secs] 
2014-04-23T23:27:03.661+0000: 154.525: [GC pause (young)
Desired survivor size 67108864 bytes, new threshold 1 (max 15)
- age   1:  110908608 bytes,  110908608 total
- age   2:   81451664 bytes,  192360272 total
, 0.0944650 secs]
   [Parallel Time: 86.5 ms, GC Workers: 18]
      [GC Worker Start (ms): Min: 154525.8, Avg: 154526.0, Max: 154526.2, Diff: 0.5]
      [Ext Root Scanning (ms): Min: 6.4, Avg: 7.7, Max: 11.6, Diff: 5.2, Sum: 138.2]
      [Update RS (ms): Min: 1.2, Avg: 5.2, Max: 8.2, Diff: 7.0, Sum: 94.5]
         [Processed Buffers: Min: 8, Avg: 40.8, Max: 57, Diff: 49, Sum: 735]
      [Scan RS (ms): Min: 0.0, Avg: 1.3, Max: 1.6, Diff: 1.5, Sum: 22.8]
      [Object Copy (ms): Min: 68.7, Avg: 70.7, Max: 71.7, Diff: 3.0, Sum: 1272.0]
      [Termination (ms): Min: 0.0, Avg: 0.3, Max: 0.3, Diff: 0.3, Sum: 5.0]
      [GC Worker Other (ms): Min: 0.0, Avg: 0.1, Max: 0.4, Diff: 0.4, Sum: 2.0]
      [GC Worker Total (ms): Min: 85.0, Avg: 85.2, Max: 85.7, Diff: 0.7, Sum: 1534.4]
      [GC Worker End (ms): Min: 154611.2, Avg: 154611.3, Max: 154611.6, Diff: 0.4]
   [Code Root Fixup: 0.2 ms]
   [Clear CT: 1.6 ms]
   [Other: 6.2 ms]
      [Choose CSet: 0.0 ms]
      [Ref Proc: 2.0 ms]
      [Ref Enq: 0.0 ms]
      [Free CSet: 0.7 ms]
   [Eden: 976.0M(792.0M)->0.0B(2568.0M) Survivors: 216.0M->128.0M Heap: 2459.4M(16.0G)->1615.9M(16.0G)]
 [Times: user=1.54 sys=0.00, real=0.09 secs] 
2014-04-23T23:27:10.876+0000: 161.739: [GC pause (young)
Desired survivor size 75497472 bytes, new threshold 1 (max 15)
- age   1:   99702472 bytes,   99702472 total
, 0.0649050 secs]
   [Parallel Time: 59.9 ms, GC Workers: 18]
      [GC Worker Start (ms): Min: 161740.2, Avg: 161740.5, Max: 161740.9, Diff: 0.6]
      [Ext Root Scanning (ms): Min: 6.9, Avg: 8.1, Max: 11.7, Diff: 4.8, Sum: 146.0]
      [Update RS (ms): Min: 1.3, Avg: 4.7, Max: 6.9, Diff: 5.7, Sum: 83.7]
         [Processed Buffers: Min: 6, Avg: 43.3, Max: 77, Diff: 71, Sum: 780]
      [Scan RS (ms): Min: 0.2, Avg: 2.9, Max: 7.9, Diff: 7.8, Sum: 52.4]
      [Object Copy (ms): Min: 37.2, Avg: 43.4, Max: 45.2, Diff: 8.0, Sum: 781.8]
      [Termination (ms): Min: 0.0, Avg: 0.0, Max: 0.0, Diff: 0.0, Sum: 0.0]
      [GC Worker Other (ms): Min: 0.0, Avg: 0.1, Max: 0.3, Diff: 0.3, Sum: 2.0]
      [GC Worker Total (ms): Min: 58.8, Avg: 59.2, Max: 59.5, Diff: 0.7, Sum: 1066.0]
      [GC Worker End (ms): Min: 161799.7, Avg: 161799.8, Max: 161800.0, Diff: 0.3]
   [Code Root Fixup: 0.0 ms]
   [Clear CT: 1.2 ms]
   [Other: 3.8 ms]
      [Choose CSet: 0.0 ms]
      [Ref Proc: 0.9 ms]
      [Ref Enq: 0.1 ms]
      [Free CSet: 0.6 ms]
   [Eden: 1880.0M(1008.0M)->0.0B(2832.0M) Survivors: 128.0M->144.0M Heap: 3524.2M(16.0G)->1762.1M(16.0G)]
 [Times: user=1.03 sys=0.00, real=0.07 secs] 
2014-04-23T23:27:26.159+0000: 177.022: [GC pause (young)
Desired survivor size 155189248 bytes, new threshold 15 (max 15)
- age   1:  113290264 bytes,  113290264 total
, 0.0860720 secs]
   [Parallel Time: 80.9 ms, GC Workers: 18]
      [GC Worker Start (ms): Min: 177023.1, Avg: 177023.5, Max: 177023.8, Diff: 0.7]
      [Ext Root Scanning (ms): Min: 7.3, Avg: 8.6, Max: 12.6, Diff: 5.3, Sum: 155.1]
      [Update RS (ms): Min: 2.6, Avg: 6.3, Max: 7.6, Diff: 5.0, Sum: 113.3]
         [Processed Buffers: Min: 17, Avg: 46.9, Max: 93, Diff: 76, Sum: 844]
      [Scan RS (ms): Min: 1.6, Avg: 2.4, Max: 6.5, Diff: 4.9, Sum: 43.7]
      [Object Copy (ms): Min: 51.7, Avg: 56.2, Max: 62.7, Diff: 11.0, Sum: 1012.5]
      [Termination (ms): Min: 0.0, Avg: 6.1, Max: 6.5, Diff: 6.5, Sum: 109.0]
      [GC Worker Other (ms): Min: 0.0, Avg: 0.1, Max: 0.2, Diff: 0.1, Sum: 0.9]
      [GC Worker Total (ms): Min: 79.4, Avg: 79.7, Max: 80.1, Diff: 0.8, Sum: 1434.5]
      [GC Worker End (ms): Min: 177103.2, Avg: 177103.2, Max: 177103.3, Diff: 0.1]
   [Code Root Fixup: 0.0 ms]
   [Clear CT: 1.2 ms]
   [Other: 3.9 ms]
      [Choose CSet: 0.0 ms]
      [Ref Proc: 1.6 ms]
      [Ref Enq: 0.1 ms]
      [Free CSet: 0.8 ms]
   [Eden: 2168.0M(2168.0M)->0.0B(2456.0M) Survivors: 144.0M->232.0M Heap: 3970.3M(16.0G)->1917.0M(16.0G)]
 [Times: user=1.40 sys=0.00, real=0.09 secs] 
2014-04-23T23:27:32.618+0000: 183.481: [GC pause (young)
Desired survivor size 176160768 bytes, new threshold 2 (max 15)
- age   1:  131407256 bytes,  131407256 total
- age   2:   64382400 bytes,  195789656 total
, 0.1372300 secs]
   [Parallel Time: 130.3 ms, GC Workers: 18]
      [GC Worker Start (ms): Min: 183482.4, Avg: 183484.7, Max: 183485.5, Diff: 3.1]
      [Ext Root Scanning (ms): Min: 11.4, Avg: 12.5, Max: 15.6, Diff: 4.2, Sum: 225.2]
      [Update RS (ms): Min: 4.7, Avg: 9.3, Max: 15.8, Diff: 11.2, Sum: 166.9]
         [Processed Buffers: Min: 4, Avg: 47.4, Max: 88, Diff: 84, Sum: 854]
      [Scan RS (ms): Min: 0.0, Avg: 0.2, Max: 0.3, Diff: 0.3, Sum: 3.6]
      [Object Copy (ms): Min: 98.4, Avg: 105.3, Max: 106.8, Diff: 8.4, Sum: 1895.0]
      [Termination (ms): Min: 0.0, Avg: 0.0, Max: 0.0, Diff: 0.0, Sum: 0.6]
      [GC Worker Other (ms): Min: 0.0, Avg: 0.1, Max: 0.3, Diff: 0.3, Sum: 2.6]
      [GC Worker Total (ms): Min: 126.6, Avg: 127.4, Max: 129.8, Diff: 3.2, Sum: 2294.0]
      [GC Worker End (ms): Min: 183612.0, Avg: 183612.2, Max: 183612.3, Diff: 0.3]
   [Code Root Fixup: 0.1 ms]
   [Clear CT: 1.2 ms]
   [Other: 5.6 ms]
      [Choose CSet: 0.0 ms]
      [Ref Proc: 1.7 ms]
      [Ref Enq: 0.1 ms]
      [Free CSet: 0.7 ms]
   [Eden: 2456.0M(2456.0M)->0.0B(1072.0M) Survivors: 232.0M->336.0M Heap: 4396.5M(16.0G)->2124.5M(16.0G)]
 [Times: user=2.09 sys=0.00, real=0.14 secs] 
2014-04-23T23:27:33.491+0000: 184.354: [GC pause (young)
Desired survivor size 92274688 bytes, new threshold 1 (max 15)
- age   1:  194156408 bytes,  194156408 total
- age   2:  117090448 bytes,  311246856 total
, 0.1466860 secs]
   [Parallel Time: 138.7 ms, GC Workers: 18]
      [GC Worker Start (ms): Min: 184355.2, Avg: 184355.4, Max: 184356.0, Diff: 0.8]
      [Ext Root Scanning (ms): Min: 8.5, Avg: 10.1, Max: 15.8, Diff: 7.4, Sum: 181.3]
      [Update RS (ms): Min: 10.0, Avg: 16.2, Max: 23.8, Diff: 13.8, Sum: 291.9]
         [Processed Buffers: Min: 15, Avg: 40.3, Max: 60, Diff: 45, Sum: 726]
      [Scan RS (ms): Min: 0.0, Avg: 1.6, Max: 5.5, Diff: 5.5, Sum: 28.6]
      [Object Copy (ms): Min: 104.8, Avg: 109.9, Max: 113.8, Diff: 9.0, Sum: 1977.4]
      [Termination (ms): Min: 0.0, Avg: 0.0, Max: 0.0, Diff: 0.0, Sum: 0.1]
      [GC Worker Other (ms): Min: 0.0, Avg: 0.1, Max: 0.3, Diff: 0.3, Sum: 2.1]
      [GC Worker Total (ms): Min: 137.2, Avg: 137.9, Max: 138.2, Diff: 1.0, Sum: 2481.5]
      [GC Worker End (ms): Min: 184493.2, Avg: 184493.3, Max: 184493.5, Diff: 0.3]
   [Code Root Fixup: 0.1 ms]
   [Clear CT: 0.8 ms]
   [Other: 7.0 ms]
      [Choose CSet: 0.0 ms]
      [Ref Proc: 1.0 ms]
      [Ref Enq: 0.0 ms]
      [Free CSet: 0.5 ms]
   [Eden: 1072.0M(1072.0M)->0.0B(1896.0M) Survivors: 336.0M->128.0M Heap: 3196.5M(16.0G)->2355.2M(16.0G)]
 [Times: user=2.28 sys=0.01, real=0.15 secs] 
2014-04-23T23:27:34.368+0000: 185.232: [GC pause (young)
Desired survivor size 134217728 bytes, new threshold 15 (max 15)
- age   1:   92719040 bytes,   92719040 total
, 0.1004560 secs]
   [Parallel Time: 95.6 ms, GC Workers: 18]
      [GC Worker Start (ms): Min: 185232.4, Avg: 185232.7, Max: 185232.8, Diff: 0.4]
      [Ext Root Scanning (ms): Min: 6.6, Avg: 9.0, Max: 15.0, Diff: 8.4, Sum: 161.5]
      [Update RS (ms): Min: 7.0, Avg: 13.3, Max: 21.3, Diff: 14.3, Sum: 240.0]
         [Processed Buffers: Min: 7, Avg: 39.4, Max: 65, Diff: 58, Sum: 709]
      [Scan RS (ms): Min: 0.2, Avg: 1.6, Max: 12.5, Diff: 12.3, Sum: 28.7]
      [Object Copy (ms): Min: 59.8, Avg: 70.4, Max: 72.5, Diff: 12.7, Sum: 1266.7]
      [Termination (ms): Min: 0.0, Avg: 0.0, Max: 0.0, Diff: 0.0, Sum: 0.0]
      [GC Worker Other (ms): Min: 0.0, Avg: 0.2, Max: 0.4, Diff: 0.4, Sum: 3.1]
      [GC Worker Total (ms): Min: 94.2, Avg: 94.4, Max: 94.9, Diff: 0.7, Sum: 1700.1]
      [GC Worker End (ms): Min: 185327.0, Avg: 185327.1, Max: 185327.4, Diff: 0.4]
   [Code Root Fixup: 0.0 ms]
   [Clear CT: 1.4 ms]
   [Other: 3.5 ms]
      [Choose CSet: 0.0 ms]
      [Ref Proc: 1.4 ms]
      [Ref Enq: 0.1 ms]
      [Free CSet: 0.6 ms]
   [Eden: 1896.0M(1896.0M)->0.0B(904.0M) Survivors: 128.0M->256.0M Heap: 4255.2M(16.0G)->2537.8M(16.0G)]
 [Times: user=1.67 sys=0.01, real=0.10 secs] 
2014-04-23T23:27:34.955+0000: 185.818: [GC pause (young)
Desired survivor size 79691776 bytes, new threshold 1 (max 15)
- age   1:  212169016 bytes,  212169016 total
- age   2:   58338792 bytes,  270507808 total
, 0.1007740 secs]
   [Parallel Time: 95.1 ms, GC Workers: 18]
      [GC Worker Start (ms): Min: 185818.8, Avg: 185819.0, Max: 185819.2, Diff: 0.4]
      [Ext Root Scanning (ms): Min: 6.2, Avg: 7.6, Max: 12.4, Diff: 6.2, Sum: 135.9]
      [Update RS (ms): Min: 1.8, Avg: 7.3, Max: 16.5, Diff: 14.7, Sum: 131.9]
         [Processed Buffers: Min: 4, Avg: 30.2, Max: 56, Diff: 52, Sum: 543]
      [Scan RS (ms): Min: 0.0, Avg: 0.1, Max: 0.1, Diff: 0.1, Sum: 1.7]
      [Object Copy (ms): Min: 70.7, Avg: 79.7, Max: 81.1, Diff: 10.5, Sum: 1433.8]
      [Termination (ms): Min: 0.0, Avg: 0.0, Max: 0.0, Diff: 0.0, Sum: 0.1]
      [GC Worker Other (ms): Min: 0.0, Avg: 0.1, Max: 0.2, Diff: 0.2, Sum: 1.6]
      [GC Worker Total (ms): Min: 94.5, Avg: 94.7, Max: 94.9, Diff: 0.4, Sum: 1704.9]
      [GC Worker End (ms): Min: 185913.6, Avg: 185913.7, Max: 185913.8, Diff: 0.2]
   [Code Root Fixup: 0.0 ms]
   [Clear CT: 0.6 ms]
   [Other: 5.1 ms]
      [Choose CSet: 0.0 ms]
      [Ref Proc: 0.8 ms]
      [Ref Enq: 0.0 ms]
      [Free CSet: 0.4 ms]
   [Eden: 904.0M(904.0M)->0.0B(2088.0M) Survivors: 256.0M->136.0M Heap: 3441.8M(16.0G)->2716.8M(16.0G)]
 [Times: user=1.67 sys=0.01, real=0.10 secs] 
2014-04-23T23:27:36.192+0000: 187.056: [GC pause (young)
Desired survivor size 146800640 bytes, new threshold 15 (max 15)
- age   1:   91894200 bytes,   91894200 total
, 0.0888310 secs]
   [Parallel Time: 84.0 ms, GC Workers: 18]
      [GC Worker Start (ms): Min: 187056.4, Avg: 187056.7, Max: 187056.9, Diff: 0.5]
      [Ext Root Scanning (ms): Min: 8.1, Avg: 9.3, Max: 13.5, Diff: 5.5, Sum: 166.6]
      [Update RS (ms): Min: 9.6, Avg: 14.0, Max: 15.4, Diff: 5.8, Sum: 252.9]
         [Processed Buffers: Min: 17, Avg: 52.4, Max: 84, Diff: 67, Sum: 943]
      [Scan RS (ms): Min: 0.1, Avg: 1.7, Max: 6.0, Diff: 5.9, Sum: 30.8]
      [Object Copy (ms): Min: 48.1, Avg: 52.4, Max: 58.2, Diff: 10.1, Sum: 944.1]
      [Termination (ms): Min: 0.0, Avg: 5.2, Max: 6.7, Diff: 6.7, Sum: 93.3]
      [GC Worker Other (ms): Min: 0.0, Avg: 0.1, Max: 0.3, Diff: 0.2, Sum: 1.6]
      [GC Worker Total (ms): Min: 82.4, Avg: 82.7, Max: 83.5, Diff: 1.1, Sum: 1489.2]
      [GC Worker End (ms): Min: 187139.3, Avg: 187139.4, Max: 187140.3, Diff: 1.0]
   [Code Root Fixup: 0.0 ms]
   [Clear CT: 1.4 ms]
   [Other: 3.4 ms]
      [Choose CSet: 0.0 ms]
      [Ref Proc: 1.2 ms]
      [Ref Enq: 0.1 ms]
      [Free CSet: 0.6 ms]
   [Eden: 2088.0M(2088.0M)->0.0B(1504.0M) Survivors: 136.0M->232.0M Heap: 4808.8M(16.0G)->2812.8M(16.0G)]
 [Times: user=1.41 sys=0.01, real=0.09 secs] 
2014-04-23T23:27:36.628+0000: 187.491: [GC pause (young)
Desired survivor size 117440512 bytes, new threshold 1 (max 15)
- age   1:  132936296 bytes,  132936296 total
- age   2:   63434360 bytes,  196370656 total
, 0.0948490 secs]
   [Parallel Time: 86.6 ms, GC Workers: 18]
      [GC Worker Start (ms): Min: 187491.7, Avg: 187491.9, Max: 187492.1, Diff: 0.4]
      [Ext Root Scanning (ms): Min: 8.2, Avg: 10.0, Max: 18.1, Diff: 9.9, Sum: 180.8]
      [Update RS (ms): Min: 0.0, Avg: 4.6, Max: 7.5, Diff: 7.5, Sum: 83.0]
         [Processed Buffers: Min: 0, Avg: 26.5, Max: 53, Diff: 53, Sum: 477]
      [Scan RS (ms): Min: 0.0, Avg: 0.1, Max: 0.2, Diff: 0.2, Sum: 2.3]
      [Object Copy (ms): Min: 67.3, Avg: 70.5, Max: 71.5, Diff: 4.3, Sum: 1268.4]
      [Termination (ms): Min: 0.0, Avg: 0.0, Max: 0.0, Diff: 0.0, Sum: 0.6]
      [GC Worker Other (ms): Min: 0.0, Avg: 0.2, Max: 0.5, Diff: 0.5, Sum: 3.2]
      [GC Worker Total (ms): Min: 85.1, Avg: 85.5, Max: 85.7, Diff: 0.6, Sum: 1538.3]
      [GC Worker End (ms): Min: 187577.2, Avg: 187577.4, Max: 187577.7, Diff: 0.5]
   [Code Root Fixup: 0.0 ms]
   [Clear CT: 1.8 ms]
   [Other: 6.5 ms]
      [Choose CSet: 0.0 ms]
      [Ref Proc: 1.7 ms]
      [Ref Enq: 0.0 ms]
      [Free CSet: 0.5 ms]
   [Eden: 1504.0M(1504.0M)->0.0B(2544.0M) Survivors: 232.0M->144.0M Heap: 4316.8M(16.0G)->2935.3M(16.0G)]
 [Times: user=1.48 sys=0.02, real=0.10 secs] 
2014-04-23T23:27:37.785+0000: 188.649: [GC pause (young)
Desired survivor size 176160768 bytes, new threshold 15 (max 15)
- age   1:  108152544 bytes,  108152544 total
, 0.1291330 secs]
   [Parallel Time: 124.2 ms, GC Workers: 18]
      [GC Worker Start (ms): Min: 188649.6, Avg: 188649.8, Max: 188650.0, Diff: 0.5]
      [Ext Root Scanning (ms): Min: 7.7, Avg: 9.0, Max: 14.2, Diff: 6.5, Sum: 161.5]
      [Update RS (ms): Min: 12.6, Avg: 18.0, Max: 21.5, Diff: 8.8, Sum: 324.1]
         [Processed Buffers: Min: 6, Avg: 43.7, Max: 85, Diff: 79, Sum: 786]
      [Scan RS (ms): Min: 0.0, Avg: 0.8, Max: 3.6, Diff: 3.5, Sum: 14.6]
      [Object Copy (ms): Min: 93.1, Avg: 95.4, Max: 96.0, Diff: 3.0, Sum: 1717.1]
      [Termination (ms): Min: 0.0, Avg: 0.0, Max: 0.0, Diff: 0.0, Sum: 0.4]
      [GC Worker Other (ms): Min: 0.0, Avg: 0.1, Max: 0.3, Diff: 0.3, Sum: 2.4]
      [GC Worker Total (ms): Min: 123.0, Avg: 123.3, Max: 123.7, Diff: 0.6, Sum: 2220.2]
      [GC Worker End (ms): Min: 188773.0, Avg: 188773.1, Max: 188773.3, Diff: 0.3]
   [Code Root Fixup: 0.0 ms]
   [Clear CT: 1.5 ms]
   [Other: 3.5 ms]
      [Choose CSet: 0.0 ms]
      [Ref Proc: 1.3 ms]
      [Ref Enq: 0.1 ms]
      [Free CSet: 0.7 ms]
   [Eden: 2544.0M(2544.0M)->0.0B(1136.0M) Survivors: 144.0M->336.0M Heap: 5479.3M(16.0G)->3161.8M(16.0G)]
 [Times: user=2.02 sys=0.02, real=0.13 secs] 
2014-04-23T23:27:38.425+0000: 189.288: [GC pause (young)
Desired survivor size 96468992 bytes, new threshold 1 (max 15)
- age   1:  284404496 bytes,  284404496 total
- age   2:   43918016 bytes,  328322512 total
, 0.1405720 secs]
   [Parallel Time: 131.7 ms, GC Workers: 18]
      [GC Worker Start (ms): Min: 189288.9, Avg: 189289.1, Max: 189289.4, Diff: 0.5]
      [Ext Root Scanning (ms): Min: 7.1, Avg: 7.9, Max: 13.5, Diff: 6.4, Sum: 142.2]
      [Update RS (ms): Min: 0.3, Avg: 6.1, Max: 10.3, Diff: 10.0, Sum: 109.6]
         [Processed Buffers: Min: 2, Avg: 28.6, Max: 78, Diff: 76, Sum: 515]
      [Scan RS (ms): Min: 0.0, Avg: 0.1, Max: 0.2, Diff: 0.2, Sum: 1.8]
      [Object Copy (ms): Min: 110.3, Avg: 114.3, Max: 117.2, Diff: 6.9, Sum: 2057.6]
      [Termination (ms): Min: 0.0, Avg: 2.4, Max: 2.6, Diff: 2.6, Sum: 43.2]
      [GC Worker Other (ms): Min: 0.0, Avg: 0.0, Max: 0.1, Diff: 0.1, Sum: 0.6]
      [GC Worker Total (ms): Min: 130.6, Avg: 130.8, Max: 131.1, Diff: 0.5, Sum: 2355.0]
      [GC Worker End (ms): Min: 189420.0, Avg: 189420.0, Max: 189420.1, Diff: 0.1]
   [Code Root Fixup: 0.0 ms]
   [Clear CT: 0.6 ms]
   [Other: 8.3 ms]
      [Choose CSet: 0.0 ms]
      [Ref Proc: 1.5 ms]
      [Ref Enq: 0.1 ms]
      [Free CSet: 0.7 ms]
   [Eden: 1136.0M(1136.0M)->0.0B(1632.0M) Survivors: 336.0M->160.0M Heap: 4301.8M(16.0G)->3303.4M(16.0G)]
 [Times: user=2.51 sys=0.01, real=0.14 secs] 
2014-04-23T23:27:39.623+0000: 190.486: [GC pause (young)
Desired survivor size 109051904 bytes, new threshold 1 (max 15)
- age   1:  116790640 bytes,  116790640 total
, 0.0793120 secs]
   [Parallel Time: 73.6 ms, GC Workers: 18]
      [GC Worker Start (ms): Min: 190486.7, Avg: 190487.0, Max: 190487.2, Diff: 0.5]
      [Ext Root Scanning (ms): Min: 6.5, Avg: 7.8, Max: 12.7, Diff: 6.2, Sum: 140.1]
      [Update RS (ms): Min: 7.4, Avg: 10.4, Max: 12.0, Diff: 4.7, Sum: 187.7]
         [Processed Buffers: Min: 11, Avg: 39.3, Max: 87, Diff: 76, Sum: 708]
      [Scan RS (ms): Min: 0.1, Avg: 1.1, Max: 4.4, Diff: 4.3, Sum: 20.4]
      [Object Copy (ms): Min: 50.1, Avg: 52.6, Max: 53.5, Diff: 3.4, Sum: 946.7]
      [Termination (ms): Min: 0.0, Avg: 0.7, Max: 0.8, Diff: 0.8, Sum: 12.5]
      [GC Worker Other (ms): Min: 0.0, Avg: 0.0, Max: 0.1, Diff: 0.1, Sum: 0.6]
      [GC Worker Total (ms): Min: 72.4, Avg: 72.7, Max: 72.9, Diff: 0.5, Sum: 1308.0]
      [GC Worker End (ms): Min: 190559.6, Avg: 190559.6, Max: 190559.7, Diff: 0.1]
   [Code Root Fixup: 0.0 ms]
   [Clear CT: 1.4 ms]
   [Other: 4.3 ms]
      [Choose CSet: 0.0 ms]
      [Ref Proc: 1.1 ms]
      [Ref Enq: 0.1 ms]
      [Free CSet: 0.6 ms]
   [Eden: 1496.0M(1496.0M)->0.0B(2648.0M) Survivors: 160.0M->128.0M Heap: 4799.4M(16.0G)->3409.8M(16.0G)]
 [Times: user=1.33 sys=0.01, real=0.07 secs] 
2014-04-23T23:27:42.077+0000: 192.940: [GC pause (young)
Desired survivor size 159383552 bytes, new threshold 15 (max 15)
- age   1:   92898816 bytes,   92898816 total
, 0.1040350 secs]
   [Parallel Time: 98.6 ms, GC Workers: 18]
      [GC Worker Start (ms): Min: 192941.1, Avg: 192941.3, Max: 192941.5, Diff: 0.4]
      [Ext Root Scanning (ms): Min: 7.1, Avg: 8.4, Max: 14.1, Diff: 6.9, Sum: 152.0]
      [Update RS (ms): Min: 14.1, Avg: 20.2, Max: 24.0, Diff: 10.0, Sum: 363.9]
         [Processed Buffers: Min: 13, Avg: 52.3, Max: 90, Diff: 77, Sum: 942]
      [Scan RS (ms): Min: 0.1, Avg: 1.8, Max: 9.6, Diff: 9.5, Sum: 33.2]
      [Object Copy (ms): Min: 60.2, Avg: 67.4, Max: 69.4, Diff: 9.1, Sum: 1212.8]
      [Termination (ms): Min: 0.0, Avg: 0.1, Max: 0.2, Diff: 0.2, Sum: 2.3]
      [GC Worker Other (ms): Min: 0.0, Avg: 0.1, Max: 0.3, Diff: 0.3, Sum: 2.5]
      [GC Worker Total (ms): Min: 97.9, Avg: 98.2, Max: 98.6, Diff: 0.7, Sum: 1766.7]
      [GC Worker End (ms): Min: 193039.3, Avg: 193039.5, Max: 193039.7, Diff: 0.3]
   [Code Root Fixup: 0.0 ms]
   [Clear CT: 1.7 ms]
   [Other: 3.7 ms]
      [Choose CSet: 0.0 ms]
      [Ref Proc: 1.3 ms]
      [Ref Enq: 0.1 ms]
      [Free CSet: 0.8 ms]
   [Eden: 2288.0M(2288.0M)->0.0B(1360.0M) Survivors: 128.0M->240.0M Heap: 5701.8M(16.0G)->3525.8M(16.0G)]
 [Times: user=1.86 sys=0.01, real=0.10 secs] 
2014-04-23T23:27:44.053+0000: 194.916: [GC pause (young)
Desired survivor size 104857600 bytes, new threshold 1 (max 15)
- age   1:  145761792 bytes,  145761792 total
- age   2:   68057048 bytes,  213818840 total
, 0.0945980 secs]
   [Parallel Time: 87.0 ms, GC Workers: 18]
      [GC Worker Start (ms): Min: 194916.9, Avg: 194917.2, Max: 194917.4, Diff: 0.5]
      [Ext Root Scanning (ms): Min: 6.8, Avg: 8.0, Max: 13.9, Diff: 7.0, Sum: 143.7]
      [Update RS (ms): Min: 1.8, Avg: 7.0, Max: 9.0, Diff: 7.2, Sum: 125.8]
         [Processed Buffers: Min: 3, Avg: 37.9, Max: 74, Diff: 71, Sum: 683]
      [Scan RS (ms): Min: 0.0, Avg: 0.1, Max: 0.2, Diff: 0.2, Sum: 2.2]
      [Object Copy (ms): Min: 69.6, Avg: 70.9, Max: 71.3, Diff: 1.7, Sum: 1275.6]
      [Termination (ms): Min: 0.0, Avg: 0.0, Max: 0.0, Diff: 0.0, Sum: 0.1]
      [GC Worker Other (ms): Min: 0.0, Avg: 0.2, Max: 0.4, Diff: 0.3, Sum: 3.1]
      [GC Worker Total (ms): Min: 85.8, Avg: 86.1, Max: 86.5, Diff: 0.7, Sum: 1550.5]
      [GC Worker End (ms): Min: 195003.2, Avg: 195003.3, Max: 195003.5, Diff: 0.3]
   [Code Root Fixup: 0.0 ms]
   [Clear CT: 1.0 ms]
   [Other: 6.6 ms]
      [Choose CSet: 0.0 ms]
      [Ref Proc: 1.4 ms]
      [Ref Enq: 0.1 ms]
      [Free CSet: 0.6 ms]
   [Eden: 1360.0M(1360.0M)->0.0B(3008.0M) Survivors: 240.0M->112.0M Heap: 4889.8M(16.0G)->3635.6M(16.0G)]
 [Times: user=1.55 sys=0.00, real=0.10 secs] 
2014-04-23T23:27:48.033+0000: 198.896: [GC pause (young)
Desired survivor size 167772160 bytes, new threshold 15 (max 15)
- age   1:   69655352 bytes,   69655352 total
, 0.0755300 secs]
   [Parallel Time: 70.1 ms, GC Workers: 18]
      [GC Worker Start (ms): Min: 198897.1, Avg: 198897.4, Max: 198897.7, Diff: 0.7]
      [Ext Root Scanning (ms): Min: 7.7, Avg: 9.1, Max: 13.7, Diff: 6.0, Sum: 163.1]
      [Update RS (ms): Min: 4.4, Avg: 8.6, Max: 11.3, Diff: 6.9, Sum: 155.1]
         [Processed Buffers: Min: 13, Avg: 46.0, Max: 96, Diff: 83, Sum: 828]
      [Scan RS (ms): Min: 0.0, Avg: 1.0, Max: 1.2, Diff: 1.2, Sum: 18.5]
      [Object Copy (ms): Min: 49.5, Avg: 50.0, Max: 50.6, Diff: 1.1, Sum: 899.6]
      [Termination (ms): Min: 0.0, Avg: 0.0, Max: 0.0, Diff: 0.0, Sum: 0.1]
      [GC Worker Other (ms): Min: 0.0, Avg: 0.3, Max: 0.7, Diff: 0.7, Sum: 4.5]
      [GC Worker Total (ms): Min: 68.6, Avg: 68.9, Max: 69.4, Diff: 0.8, Sum: 1240.9]
      [GC Worker End (ms): Min: 198966.1, Avg: 198966.4, Max: 198966.7, Diff: 0.6]
   [Code Root Fixup: 0.0 ms]
   [Clear CT: 1.4 ms]
   [Other: 4.1 ms]
      [Choose CSet: 0.0 ms]
      [Ref Proc: 2.0 ms]
      [Ref Enq: 0.1 ms]
      [Free CSet: 0.7 ms]
   [Eden: 2440.0M(2440.0M)->0.0B(2032.0M) Survivors: 112.0M->224.0M Heap: 6083.6M(16.0G)->3755.4M(16.0G)]
 [Times: user=1.18 sys=0.00, real=0.08 secs] 
2014-04-23T23:27:51.591+0000: 202.454: [GC pause (young)
Desired survivor size 150994944 bytes, new threshold 2 (max 15)
- age   1:  136400976 bytes,  136400976 total
- age   2:   45997216 bytes,  182398192 total
, 0.0941680 secs]
   [Parallel Time: 89.0 ms, GC Workers: 18]
      [GC Worker Start (ms): Min: 202454.8, Avg: 202455.2, Max: 202455.5, Diff: 0.6]
      [Ext Root Scanning (ms): Min: 7.8, Avg: 8.8, Max: 15.9, Diff: 8.2, Sum: 157.5]
      [Update RS (ms): Min: 0.3, Avg: 8.6, Max: 21.9, Diff: 21.6, Sum: 154.2]
         [Processed Buffers: Min: 8, Avg: 40.0, Max: 103, Diff: 95, Sum: 720]
      [Scan RS (ms): Min: 0.0, Avg: 0.2, Max: 0.3, Diff: 0.3, Sum: 3.1]
      [Object Copy (ms): Min: 58.1, Avg: 70.7, Max: 72.2, Diff: 14.1, Sum: 1271.9]
      [Termination (ms): Min: 0.0, Avg: 0.1, Max: 0.2, Diff: 0.2, Sum: 2.5]
      [GC Worker Other (ms): Min: 0.0, Avg: 0.1, Max: 0.2, Diff: 0.2, Sum: 1.9]
      [GC Worker Total (ms): Min: 88.0, Avg: 88.4, Max: 88.7, Diff: 0.7, Sum: 1591.0]
      [GC Worker End (ms): Min: 202543.5, Avg: 202543.6, Max: 202543.7, Diff: 0.2]
   [Code Root Fixup: 0.0 ms]
   [Clear CT: 0.9 ms]
   [Other: 4.3 ms]
      [Choose CSet: 0.0 ms]
      [Ref Proc: 1.2 ms]
      [Ref Enq: 0.1 ms]
      [Free CSet: 0.7 ms]
   [Eden: 2032.0M(2032.0M)->0.0B(2176.0M) Survivors: 224.0M->232.0M Heap: 5795.4M(16.0G)->3855.9M(16.0G)]
 [Times: user=1.48 sys=0.01, real=0.10 secs] 
2014-04-23T23:27:55.055+0000: 205.918: [GC pause (young)
Desired survivor size 146800640 bytes, new threshold 2 (max 15)
- age   1:   93376160 bytes,   93376160 total
- age   2:  105096472 bytes,  198472632 total
, 0.1110820 secs]
   [Parallel Time: 104.1 ms, GC Workers: 18]
      [GC Worker Start (ms): Min: 205919.1, Avg: 205919.4, Max: 205919.7, Diff: 0.6]
      [Ext Root Scanning (ms): Min: 7.8, Avg: 9.8, Max: 18.8, Diff: 10.9, Sum: 176.6]
      [Update RS (ms): Min: 4.5, Avg: 13.5, Max: 17.2, Diff: 12.7, Sum: 242.8]
         [Processed Buffers: Min: 13, Avg: 48.8, Max: 91, Diff: 78, Sum: 878]
      [Scan RS (ms): Min: 0.1, Avg: 1.6, Max: 6.2, Diff: 6.2, Sum: 29.2]
      [Object Copy (ms): Min: 69.9, Avg: 74.4, Max: 79.3, Diff: 9.4, Sum: 1340.0]
      [Termination (ms): Min: 0.0, Avg: 4.0, Max: 4.3, Diff: 4.3, Sum: 72.3]
      [GC Worker Other (ms): Min: 0.0, Avg: 0.1, Max: 0.2, Diff: 0.2, Sum: 1.4]
      [GC Worker Total (ms): Min: 103.2, Avg: 103.5, Max: 103.7, Diff: 0.6, Sum: 1862.3]
      [GC Worker End (ms): Min: 206022.8, Avg: 206022.8, Max: 206023.0, Diff: 0.2]
   [Code Root Fixup: 0.0 ms]
   [Clear CT: 1.0 ms]
   [Other: 5.9 ms]
      [Choose CSet: 0.0 ms]
      [Ref Proc: 1.5 ms]
      [Ref Enq: 0.1 ms]
      [Free CSet: 0.9 ms]
   [Eden: 1968.0M(1968.0M)->0.0B(2144.0M) Survivors: 232.0M->192.0M Heap: 5827.9M(16.0G)->3944.7M(16.0G)]
 [Times: user=1.78 sys=0.01, real=0.12 secs] 
2014-04-23T23:27:56.198+0000: 207.062: [GC pause (young)
Desired survivor size 104857600 bytes, new threshold 2 (max 15)
- age   1:   87084352 bytes,   87084352 total
- age   2:   62310592 bytes,  149394944 total
, 0.0848880 secs]
   [Parallel Time: 79.0 ms, GC Workers: 18]
      [GC Worker Start (ms): Min: 207062.9, Avg: 207063.2, Max: 207063.4, Diff: 0.6]
      [Ext Root Scanning (ms): Min: 6.8, Avg: 7.9, Max: 16.8, Diff: 10.0, Sum: 141.3]
      [Update RS (ms): Min: 2.9, Avg: 10.5, Max: 13.5, Diff: 10.6, Sum: 189.2]
         [Processed Buffers: Min: 3, Avg: 36.2, Max: 55, Diff: 52, Sum: 652]
      [Scan RS (ms): Min: 0.3, Avg: 3.6, Max: 7.1, Diff: 6.8, Sum: 64.5]
      [Object Copy (ms): Min: 52.5, Avg: 55.7, Max: 57.3, Diff: 4.8, Sum: 1003.0]
      [Termination (ms): Min: 0.0, Avg: 0.0, Max: 0.0, Diff: 0.0, Sum: 0.1]
      [GC Worker Other (ms): Min: 0.0, Avg: 0.2, Max: 0.5, Diff: 0.5, Sum: 3.8]
      [GC Worker Total (ms): Min: 77.4, Avg: 77.9, Max: 78.5, Diff: 1.0, Sum: 1402.0]
      [GC Worker End (ms): Min: 207140.8, Avg: 207141.0, Max: 207141.3, Diff: 0.5]
   [Code Root Fixup: 0.0 ms]
   [Clear CT: 1.5 ms]
   [Other: 4.3 ms]
      [Choose CSet: 0.0 ms]
      [Ref Proc: 0.8 ms]
      [Ref Enq: 0.0 ms]
      [Free CSet: 0.6 ms]
   [Eden: 1392.0M(1392.0M)->0.0B(2840.0M) Survivors: 192.0M->176.0M Heap: 5340.7M(16.0G)->4033.8M(16.0G)]
 [Times: user=1.37 sys=0.01, real=0.08 secs] 
2014-04-23T23:28:00.868+0000: 211.731: [GC pause (young)
Desired survivor size 159383552 bytes, new threshold 15 (max 15)
- age   1:   69812928 bytes,   69812928 total
- age   2:   75980768 bytes,  145793696 total
, 0.1042050 secs]
   [Parallel Time: 95.8 ms, GC Workers: 18]
      [GC Worker Start (ms): Min: 211732.4, Avg: 211732.7, Max: 211733.0, Diff: 0.5]
      [Ext Root Scanning (ms): Min: 8.3, Avg: 10.5, Max: 19.9, Diff: 11.6, Sum: 189.2]
      [Update RS (ms): Min: 6.5, Avg: 15.6, Max: 19.0, Diff: 12.5, Sum: 281.4]
         [Processed Buffers: Min: 8, Avg: 52.2, Max: 101, Diff: 93, Sum: 940]
      [Scan RS (ms): Min: 0.0, Avg: 1.9, Max: 2.3, Diff: 2.3, Sum: 33.8]
      [Object Copy (ms): Min: 66.0, Avg: 66.4, Max: 67.0, Diff: 1.0, Sum: 1195.6]
      [Termination (ms): Min: 0.0, Avg: 0.2, Max: 0.3, Diff: 0.3, Sum: 3.0]
      [GC Worker Other (ms): Min: 0.0, Avg: 0.2, Max: 0.4, Diff: 0.4, Sum: 3.4]
      [GC Worker Total (ms): Min: 94.5, Avg: 94.8, Max: 95.1, Diff: 0.6, Sum: 1706.5]
      [GC Worker End (ms): Min: 211827.3, Avg: 211827.5, Max: 211827.7, Diff: 0.4]
   [Code Root Fixup: 0.0 ms]
   [Clear CT: 1.3 ms]
   [Other: 7.1 ms]
      [Choose CSet: 0.0 ms]
      [Ref Proc: 4.0 ms]
      [Ref Enq: 0.1 ms]
      [Free CSet: 1.0 ms]
   [Eden: 2200.0M(2200.0M)->0.0B(1656.0M) Survivors: 176.0M->240.0M Heap: 6241.8M(16.0G)->4108.1M(16.0G)]
 [Times: user=1.66 sys=0.00, real=0.10 secs] 
2014-04-23T23:28:03.935+0000: 214.798: [GC pause (young)
Desired survivor size 125829120 bytes, new threshold 2 (max 15)
- age   1:   89770640 bytes,   89770640 total
- age   2:   54957216 bytes,  144727856 total
- age   3:   72327928 bytes,  217055784 total
, 0.1080030 secs]
   [Parallel Time: 100.0 ms, GC Workers: 18]
      [GC Worker Start (ms): Min: 214799.0, Avg: 214799.4, Max: 214799.8, Diff: 0.7]
      [Ext Root Scanning (ms): Min: 8.4, Avg: 10.0, Max: 18.0, Diff: 9.6, Sum: 179.4]
      [Update RS (ms): Min: 0.4, Avg: 8.5, Max: 10.5, Diff: 10.1, Sum: 152.7]
         [Processed Buffers: Min: 7, Avg: 41.7, Max: 98, Diff: 91, Sum: 751]
      [Scan RS (ms): Min: 0.0, Avg: 0.1, Max: 0.2, Diff: 0.2, Sum: 2.3]
      [Object Copy (ms): Min: 78.7, Avg: 79.6, Max: 80.5, Diff: 1.8, Sum: 1433.3]
      [Termination (ms): Min: 0.0, Avg: 0.0, Max: 0.0, Diff: 0.0, Sum: 0.0]
      [GC Worker Other (ms): Min: 0.0, Avg: 0.2, Max: 0.5, Diff: 0.5, Sum: 3.1]
      [GC Worker Total (ms): Min: 97.9, Avg: 98.4, Max: 99.0, Diff: 1.1, Sum: 1770.9]
      [GC Worker End (ms): Min: 214897.6, Avg: 214897.8, Max: 214898.1, Diff: 0.5]
   [Code Root Fixup: 0.1 ms]
   [Clear CT: 1.6 ms]
   [Other: 6.3 ms]
      [Choose CSet: 0.0 ms]
      [Ref Proc: 1.5 ms]
      [Ref Enq: 0.1 ms]
      [Free CSet: 0.5 ms]
   [Eden: 1656.0M(1656.0M)->0.0B(1560.0M) Survivors: 240.0M->200.0M Heap: 5768.1M(16.0G)->4200.8M(16.0G)]
 [Times: user=1.72 sys=0.01, real=0.11 secs] 
2014-04-23T23:28:05.427+0000: 216.290: [GC pause (young)
Desired survivor size 83886080 bytes, new threshold 2 (max 15)
- age   1:   82092288 bytes,   82092288 total
- age   2:   81284888 bytes,  163377176 total
, 0.0898530 secs]
   [Parallel Time: 84.5 ms, GC Workers: 18]
      [GC Worker Start (ms): Min: 216290.9, Avg: 216291.2, Max: 216291.4, Diff: 0.5]
      [Ext Root Scanning (ms): Min: 7.6, Avg: 8.8, Max: 17.5, Diff: 9.9, Sum: 157.5]
      [Update RS (ms): Min: 1.5, Avg: 10.5, Max: 13.2, Diff: 11.7, Sum: 189.6]
         [Processed Buffers: Min: 11, Avg: 40.5, Max: 85, Diff: 74, Sum: 729]
      [Scan RS (ms): Min: 0.2, Avg: 2.5, Max: 7.4, Diff: 7.2, Sum: 45.7]
      [Object Copy (ms): Min: 57.0, Avg: 62.1, Max: 62.8, Diff: 5.7, Sum: 1117.9]
      [Termination (ms): Min: 0.0, Avg: 0.0, Max: 0.0, Diff: 0.0, Sum: 0.1]
      [GC Worker Other (ms): Min: 0.0, Avg: 0.1, Max: 0.2, Diff: 0.1, Sum: 1.4]
      [GC Worker Total (ms): Min: 83.8, Avg: 84.0, Max: 84.3, Diff: 0.5, Sum: 1512.1]
      [GC Worker End (ms): Min: 216375.2, Avg: 216375.2, Max: 216375.3, Diff: 0.1]
   [Code Root Fixup: 0.0 ms]
   [Clear CT: 1.1 ms]
   [Other: 4.2 ms]
      [Choose CSet: 0.0 ms]
      [Ref Proc: 1.0 ms]
      [Ref Enq: 0.0 ms]
      [Free CSet: 0.5 ms]
   [Eden: 1040.0M(1040.0M)->0.0B(2184.0M) Survivors: 200.0M->160.0M Heap: 5244.8M(16.0G)->4305.8M(16.0G)]
 [Times: user=1.52 sys=0.02, real=0.09 secs] 
2014-04-23T23:28:08.765+0000: 219.629: [GC pause (young)
Desired survivor size 155189248 bytes, new threshold 15 (max 15)
- age   1:   72585784 bytes,   72585784 total
- age   2:   70604216 bytes,  143190000 total
, 0.0881000 secs]
   [Parallel Time: 82.2 ms, GC Workers: 18]
      [GC Worker Start (ms): Min: 219630.0, Avg: 219630.4, Max: 219631.3, Diff: 1.3]
      [Ext Root Scanning (ms): Min: 9.7, Avg: 12.5, Max: 20.5, Diff: 10.8, Sum: 224.3]
      [Update RS (ms): Min: 4.8, Avg: 11.9, Max: 13.7, Diff: 8.9, Sum: 214.3]
         [Processed Buffers: Min: 12, Avg: 45.4, Max: 90, Diff: 78, Sum: 818]
      [Scan RS (ms): Min: 0.1, Avg: 1.7, Max: 5.2, Diff: 5.1, Sum: 30.1]
      [Object Copy (ms): Min: 52.1, Avg: 55.0, Max: 56.3, Diff: 4.2, Sum: 990.8]
      [Termination (ms): Min: 0.0, Avg: 0.0, Max: 0.0, Diff: 0.0, Sum: 0.1]
      [GC Worker Other (ms): Min: 0.0, Avg: 0.1, Max: 0.3, Diff: 0.3, Sum: 2.5]
      [GC Worker Total (ms): Min: 80.2, Avg: 81.2, Max: 81.8, Diff: 1.6, Sum: 1461.9]
      [GC Worker End (ms): Min: 219711.5, Avg: 219711.6, Max: 219711.8, Diff: 0.3]
   [Code Root Fixup: 0.1 ms]
   [Clear CT: 1.4 ms]
   [Other: 4.4 ms]
      [Choose CSet: 0.0 ms]
      [Ref Proc: 1.6 ms]
      [Ref Enq: 0.1 ms]
      [Free CSet: 0.7 ms]
   [Eden: 2184.0M(2184.0M)->0.0B(1984.0M) Survivors: 160.0M->224.0M Heap: 6493.8M(16.0G)->4385.8M(16.0G)]
 [Times: user=1.41 sys=0.01, real=0.11 secs] 
2014-04-23T23:28:12.168+0000: 223.032: [GC pause (young)
Desired survivor size 117440512 bytes, new threshold 2 (max 15)
- age   1:   83658160 bytes,   83658160 total
- age   2:   47834024 bytes,  131492184 total
- age   3:   61300864 bytes,  192793048 total
, 0.0816930 secs]
   [Parallel Time: 73.5 ms, GC Workers: 18]
      [GC Worker Start (ms): Min: 223033.1, Avg: 223033.5, Max: 223033.8, Diff: 0.7]
      [Ext Root Scanning (ms): Min: 9.0, Avg: 10.2, Max: 19.7, Diff: 10.7, Sum: 183.7]
      [Update RS (ms): Min: 0.0, Avg: 6.3, Max: 7.7, Diff: 7.7, Sum: 112.5]
         [Processed Buffers: Min: 0, Avg: 42.1, Max: 70, Diff: 70, Sum: 757]
      [Scan RS (ms): Min: 0.0, Avg: 2.2, Max: 2.6, Diff: 2.6, Sum: 39.3]
      [Object Copy (ms): Min: 52.3, Avg: 53.5, Max: 54.6, Diff: 2.2, Sum: 963.5]
      [Termination (ms): Min: 0.0, Avg: 0.0, Max: 0.0, Diff: 0.0, Sum: 0.1]
      [GC Worker Other (ms): Min: 0.0, Avg: 0.1, Max: 0.3, Diff: 0.3, Sum: 2.3]
      [GC Worker Total (ms): Min: 72.0, Avg: 72.3, Max: 72.8, Diff: 0.8, Sum: 1301.4]
      [GC Worker End (ms): Min: 223105.6, Avg: 223105.8, Max: 223106.0, Diff: 0.3]
   [Code Root Fixup: 0.1 ms]
   [Clear CT: 1.6 ms]
   [Other: 6.4 ms]
      [Choose CSet: 0.0 ms]
      [Ref Proc: 1.9 ms]
      [Ref Enq: 0.1 ms]
      [Free CSet: 1.0 ms]
   [Eden: 1520.0M(1520.0M)->0.0B(4080.0M) Survivors: 224.0M->128.0M Heap: 5913.8M(16.0G)->4411.4M(16.0G)]
 [Times: user=1.27 sys=0.01, real=0.08 secs] 
2014-04-23T23:28:21.105+0000: 231.968: [GC pause (young)
Desired survivor size 243269632 bytes, new threshold 15 (max 15)
- age   1:   28957272 bytes,   28957272 total
- age   2:   59307336 bytes,   88264608 total
, 0.0870600 secs]
   [Parallel Time: 79.8 ms, GC Workers: 18]
      [GC Worker Start (ms): Min: 231969.6, Avg: 231970.0, Max: 231970.3, Diff: 0.7]
      [Ext Root Scanning (ms): Min: 9.2, Avg: 10.6, Max: 17.0, Diff: 7.9, Sum: 190.7]
      [Update RS (ms): Min: 3.2, Avg: 9.1, Max: 12.1, Diff: 8.9, Sum: 164.1]
         [Processed Buffers: Min: 17, Avg: 50.4, Max: 74, Diff: 57, Sum: 907]
      [Scan RS (ms): Min: 0.3, Avg: 2.1, Max: 2.4, Diff: 2.1, Sum: 38.3]
      [Object Copy (ms): Min: 51.3, Avg: 51.9, Max: 56.9, Diff: 5.6, Sum: 934.9]
      [Termination (ms): Min: 0.0, Avg: 5.0, Max: 5.3, Diff: 5.3, Sum: 89.2]
      [GC Worker Other (ms): Min: 0.0, Avg: 0.1, Max: 0.3, Diff: 0.3, Sum: 1.9]
      [GC Worker Total (ms): Min: 78.5, Avg: 78.8, Max: 79.3, Diff: 0.8, Sum: 1419.0]
      [GC Worker End (ms): Min: 232048.7, Avg: 232048.8, Max: 232049.0, Diff: 0.3]
   [Code Root Fixup: 0.0 ms]
   [Clear CT: 1.7 ms]
   [Other: 5.5 ms]
      [Choose CSet: 0.0 ms]
      [Ref Proc: 2.1 ms]
      [Ref Enq: 0.2 ms]
      [Free CSet: 1.2 ms]
   [Eden: 3560.0M(3560.0M)->0.0B(3400.0M) Survivors: 128.0M->216.0M Heap: 7987.4M(16.0G)->4521.8M(16.0G)]
 [Times: user=1.38 sys=0.01, real=0.09 secs] 
2014-04-23T23:28:26.978+0000: 237.841: [GC pause (young)
Desired survivor size 218103808 bytes, new threshold 15 (max 15)
- age   1:  112869512 bytes,  112869512 total
- age   2:   12339960 bytes,  125209472 total
- age   3:   55493008 bytes,  180702480 total
, 0.0989030 secs]
   [Parallel Time: 91.4 ms, GC Workers: 18]
      [GC Worker Start (ms): Min: 237842.9, Avg: 237843.2, Max: 237843.4, Diff: 0.5]
      [Ext Root Scanning (ms): Min: 7.6, Avg: 9.8, Max: 15.0, Diff: 7.4, Sum: 176.3]
      [Update RS (ms): Min: 0.0, Avg: 5.4, Max: 7.6, Diff: 7.6, Sum: 96.9]
         [Processed Buffers: Min: 0, Avg: 47.3, Max: 88, Diff: 88, Sum: 852]
      [Scan RS (ms): Min: 1.2, Avg: 2.4, Max: 2.8, Diff: 1.6, Sum: 44.0]
      [Object Copy (ms): Min: 64.5, Avg: 65.4, Max: 73.2, Diff: 8.7, Sum: 1177.0]
      [Termination (ms): Min: 0.0, Avg: 7.6, Max: 8.1, Diff: 8.1, Sum: 137.7]
      [GC Worker Other (ms): Min: 0.0, Avg: 0.0, Max: 0.2, Diff: 0.1, Sum: 0.9]
      [GC Worker Total (ms): Min: 90.4, Avg: 90.7, Max: 91.0, Diff: 0.6, Sum: 1632.7]
      [GC Worker End (ms): Min: 237933.9, Avg: 237933.9, Max: 237934.0, Diff: 0.1]
   [Code Root Fixup: 0.1 ms]
   [Clear CT: 1.5 ms]
   [Other: 5.9 ms]
      [Choose CSet: 0.0 ms]
      [Ref Proc: 1.7 ms]
      [Ref Enq: 0.2 ms]
      [Free CSet: 1.8 ms]
   [Eden: 3080.0M(3080.0M)->0.0B(3208.0M) Survivors: 216.0M->280.0M Heap: 7613.8M(16.0G)->4593.8M(16.0G)]
 [Times: user=1.50 sys=0.01, real=0.10 secs] 
2014-04-23T23:28:33.343+0000: 244.206: [GC pause (young)
Desired survivor size 230686720 bytes, new threshold 4 (max 15)
- age   1:   86686768 bytes,   86686768 total
- age   2:   92799392 bytes,  179486160 total
- age   3:   11308072 bytes,  190794232 total
- age   4:   53791192 bytes,  244585424 total
, 0.1178740 secs]
   [Parallel Time: 109.7 ms, GC Workers: 18]
      [GC Worker Start (ms): Min: 244207.1, Avg: 244207.5, Max: 244207.9, Diff: 0.8]
      [Ext Root Scanning (ms): Min: 7.6, Avg: 9.0, Max: 15.3, Diff: 7.7, Sum: 161.8]
      [Update RS (ms): Min: 6.1, Avg: 10.8, Max: 11.8, Diff: 5.7, Sum: 194.0]
         [Processed Buffers: Min: 15, Avg: 55.2, Max: 113, Diff: 98, Sum: 993]
      [Scan RS (ms): Min: 0.0, Avg: 0.2, Max: 0.4, Diff: 0.3, Sum: 4.3]
      [Object Copy (ms): Min: 77.0, Avg: 78.9, Max: 88.3, Diff: 11.3, Sum: 1420.6]
      [Termination (ms): Min: 0.0, Avg: 9.4, Max: 10.0, Diff: 10.0, Sum: 169.1]
      [GC Worker Other (ms): Min: 0.0, Avg: 0.2, Max: 0.6, Diff: 0.6, Sum: 4.0]
      [GC Worker Total (ms): Min: 107.9, Avg: 108.5, Max: 109.0, Diff: 1.0, Sum: 1953.7]
      [GC Worker End (ms): Min: 244315.8, Avg: 244316.0, Max: 244316.4, Diff: 0.6]
   [Code Root Fixup: 0.1 ms]
   [Clear CT: 1.4 ms]
   [Other: 6.6 ms]
      [Choose CSet: 0.0 ms]
      [Ref Proc: 2.6 ms]
      [Ref Enq: 0.1 ms]
      [Free CSet: 1.0 ms]
   [Eden: 3208.0M(3208.0M)->0.0B(2600.0M) Survivors: 280.0M->264.0M Heap: 7809.8M(16.0G)->4644.1M(16.0G)]
 [Times: user=1.87 sys=0.01, real=0.11 secs] 
2014-04-23T23:28:38.239+0000: 249.103: [GC pause (young)
Desired survivor size 130023424 bytes, new threshold 2 (max 15)
- age   1:   78649376 bytes,   78649376 total
- age   2:   56714568 bytes,  135363944 total
- age   3:   88508560 bytes,  223872504 total
- age   4:   10747552 bytes,  234620056 total
, 0.0924130 secs]
   [Parallel Time: 82.7 ms, GC Workers: 18]
      [GC Worker Start (ms): Min: 249103.9, Avg: 249104.2, Max: 249104.4, Diff: 0.6]
      [Ext Root Scanning (ms): Min: 8.4, Avg: 10.4, Max: 20.1, Diff: 11.8, Sum: 187.4]
      [Update RS (ms): Min: 0.0, Avg: 7.8, Max: 9.4, Diff: 9.4, Sum: 140.1]
         [Processed Buffers: Min: 0, Avg: 48.3, Max: 81, Diff: 81, Sum: 869]
      [Scan RS (ms): Min: 1.3, Avg: 2.8, Max: 4.5, Diff: 3.2, Sum: 51.0]
      [Object Copy (ms): Min: 58.2, Avg: 60.2, Max: 60.9, Diff: 2.7, Sum: 1082.8]
      [Termination (ms): Min: 0.0, Avg: 0.0, Max: 0.0, Diff: 0.0, Sum: 0.4]
      [GC Worker Other (ms): Min: 0.0, Avg: 0.2, Max: 0.5, Diff: 0.5, Sum: 3.5]
      [GC Worker Total (ms): Min: 81.0, Avg: 81.4, Max: 81.8, Diff: 0.8, Sum: 1465.2]
      [GC Worker End (ms): Min: 249185.4, Avg: 249185.6, Max: 249185.8, Diff: 0.5]
   [Code Root Fixup: 0.1 ms]
   [Clear CT: 2.3 ms]
   [Other: 7.2 ms]
      [Choose CSet: 0.0 ms]
      [Ref Proc: 2.2 ms]
      [Ref Enq: 0.1 ms]
      [Free CSet: 0.9 ms]
   [Eden: 1712.0M(1712.0M)->0.0B(4928.0M) Survivors: 264.0M->128.0M Heap: 6368.1M(16.0G)->4724.2M(16.0G)]
 [Times: user=1.44 sys=0.00, real=0.10 secs] 
2014-04-23T23:28:45.959+0000: 256.823: [GC pause (young)
Desired survivor size 301989888 bytes, new threshold 15 (max 15)
- age   1:   35802488 bytes,   35802488 total
- age   2:   57785104 bytes,   93587592 total
, 0.0874310 secs]
   [Parallel Time: 79.0 ms, GC Workers: 18]
      [GC Worker Start (ms): Min: 256824.0, Avg: 256824.4, Max: 256824.8, Diff: 0.8]
      [Ext Root Scanning (ms): Min: 8.4, Avg: 10.5, Max: 23.0, Diff: 14.6, Sum: 188.4]
      [Update RS (ms): Min: 0.0, Avg: 11.2, Max: 13.1, Diff: 13.1, Sum: 201.8]
         [Processed Buffers: Min: 0, Avg: 55.1, Max: 89, Diff: 89, Sum: 992]
      [Scan RS (ms): Min: 2.0, Avg: 3.6, Max: 9.3, Diff: 7.2, Sum: 65.1]
      [Object Copy (ms): Min: 46.9, Avg: 52.4, Max: 53.1, Diff: 6.2, Sum: 943.3]
      [Termination (ms): Min: 0.0, Avg: 0.0, Max: 0.0, Diff: 0.0, Sum: 0.4]
      [GC Worker Other (ms): Min: 0.0, Avg: 0.2, Max: 0.6, Diff: 0.6, Sum: 4.4]
      [GC Worker Total (ms): Min: 77.5, Avg: 78.0, Max: 78.7, Diff: 1.2, Sum: 1403.5]
      [GC Worker End (ms): Min: 256902.2, Avg: 256902.4, Max: 256902.8, Diff: 0.6]
   [Code Root Fixup: 0.0 ms]
   [Clear CT: 2.0 ms]
   [Other: 6.4 ms]
      [Choose CSet: 0.0 ms]
      [Ref Proc: 2.4 ms]
      [Ref Enq: 0.2 ms]
      [Free CSet: 1.6 ms]
   [Eden: 4472.0M(4472.0M)->0.0B(3456.0M) Survivors: 128.0M->240.0M Heap: 9208.2M(16.0G)->4849.8M(16.0G)]
 [Times: user=1.38 sys=0.00, real=0.09 secs] 
2014-04-23T23:28:55.150+0000: 266.014: [GC pause (young)
Desired survivor size 222298112 bytes, new threshold 15 (max 15)
- age   1:  134462080 bytes,  134462080 total
- age   2:   17964704 bytes,  152426784 total
- age   3:   51742184 bytes,  204168968 total
, 0.1034750 secs]
   [Parallel Time: 94.8 ms, GC Workers: 18]
      [GC Worker Start (ms): Min: 266014.6, Avg: 266014.9, Max: 266015.2, Diff: 0.6]
      [Ext Root Scanning (ms): Min: 7.7, Avg: 9.0, Max: 18.8, Diff: 11.1, Sum: 162.6]
      [Update RS (ms): Min: 0.0, Avg: 9.2, Max: 12.5, Diff: 12.4, Sum: 164.9]
         [Processed Buffers: Min: 0, Avg: 51.6, Max: 82, Diff: 82, Sum: 928]
      [Scan RS (ms): Min: 0.8, Avg: 3.7, Max: 5.2, Diff: 4.4, Sum: 67.1]
      [Object Copy (ms): Min: 70.5, Avg: 71.6, Max: 72.1, Diff: 1.7, Sum: 1289.4]
      [Termination (ms): Min: 0.0, Avg: 0.0, Max: 0.0, Diff: 0.0, Sum: 0.3]
      [GC Worker Other (ms): Min: 0.0, Avg: 0.2, Max: 0.6, Diff: 0.6, Sum: 4.4]
      [GC Worker Total (ms): Min: 93.4, Avg: 93.8, Max: 94.3, Diff: 0.9, Sum: 1688.8]
      [GC Worker End (ms): Min: 266108.5, Avg: 266108.7, Max: 266109.1, Diff: 0.6]
   [Code Root Fixup: 0.1 ms]
   [Clear CT: 1.9 ms]
   [Other: 6.8 ms]
      [Choose CSet: 0.0 ms]
      [Ref Proc: 2.6 ms]
      [Ref Enq: 0.2 ms]
      [Free CSet: 1.9 ms]
   [Eden: 3128.0M(3128.0M)->0.0B(2928.0M) Survivors: 240.0M->304.0M Heap: 7993.8M(16.0G)->4933.8M(16.0G)]
 [Times: user=1.65 sys=0.01, real=0.10 secs] 
2014-04-23T23:29:00.272+0000: 271.135: [GC pause (young)
Desired survivor size 184549376 bytes, new threshold 2 (max 15)
- age   1:   91699880 bytes,   91699880 total
- age   2:  111515360 bytes,  203215240 total
- age   3:   15992024 bytes,  219207264 total
- age   4:   50281256 bytes,  269488520 total
, 0.1155480 secs]
   [Parallel Time: 104.0 ms, GC Workers: 18]
      [GC Worker Start (ms): Min: 271136.4, Avg: 271136.7, Max: 271137.0, Diff: 0.6]
      [Ext Root Scanning (ms): Min: 8.2, Avg: 9.3, Max: 19.5, Diff: 11.3, Sum: 168.2]
      [Update RS (ms): Min: 0.0, Avg: 8.2, Max: 9.5, Diff: 9.5, Sum: 147.6]
         [Processed Buffers: Min: 0, Avg: 50.1, Max: 70, Diff: 70, Sum: 902]
      [Scan RS (ms): Min: 1.2, Avg: 3.6, Max: 13.4, Diff: 12.2, Sum: 64.1]
      [Object Copy (ms): Min: 72.3, Avg: 81.8, Max: 82.7, Diff: 10.4, Sum: 1472.4]
      [Termination (ms): Min: 0.0, Avg: 0.0, Max: 0.0, Diff: 0.0, Sum: 0.6]
      [GC Worker Other (ms): Min: 0.0, Avg: 0.2, Max: 0.6, Diff: 0.5, Sum: 4.2]
      [GC Worker Total (ms): Min: 102.7, Avg: 103.2, Max: 103.6, Diff: 0.9, Sum: 1857.1]
      [GC Worker End (ms): Min: 271239.7, Avg: 271239.9, Max: 271240.2, Diff: 0.5]
   [Code Root Fixup: 0.1 ms]
   [Clear CT: 2.2 ms]
   [Other: 9.2 ms]
      [Choose CSet: 0.0 ms]
      [Ref Proc: 2.3 ms]
      [Ref Enq: 0.1 ms]
      [Free CSet: 1.8 ms]
   [Eden: 2496.0M(2496.0M)->0.0B(3512.0M) Survivors: 304.0M->168.0M Heap: 7441.8M(16.0G)->4981.7M(16.0G)]
 [Times: user=1.81 sys=0.01, real=0.12 secs] 
2014-04-23T23:29:09.140+0000: 280.003: [GC pause (young)
Desired survivor size 230686720 bytes, new threshold 15 (max 15)
- age   1:   60054200 bytes,   60054200 total
- age   2:   75689288 bytes,  135743488 total
, 0.0865130 secs]
   [Parallel Time: 77.7 ms, GC Workers: 18]
      [GC Worker Start (ms): Min: 280004.5, Avg: 280004.8, Max: 280005.1, Diff: 0.6]
      [Ext Root Scanning (ms): Min: 8.5, Avg: 10.4, Max: 19.2, Diff: 10.7, Sum: 186.8]
      [Update RS (ms): Min: 1.8, Avg: 10.2, Max: 13.7, Diff: 12.0, Sum: 184.4]
         [Processed Buffers: Min: 27, Avg: 54.8, Max: 87, Diff: 60, Sum: 987]
      [Scan RS (ms): Min: 0.0, Avg: 2.8, Max: 3.2, Diff: 3.2, Sum: 50.9]
      [Object Copy (ms): Min: 52.8, Avg: 53.2, Max: 53.7, Diff: 0.9, Sum: 956.9]
      [Termination (ms): Min: 0.0, Avg: 0.1, Max: 0.1, Diff: 0.1, Sum: 1.7]
      [GC Worker Other (ms): Min: 0.0, Avg: 0.2, Max: 0.4, Diff: 0.4, Sum: 3.7]
      [GC Worker Total (ms): Min: 76.5, Avg: 76.9, Max: 77.2, Diff: 0.7, Sum: 1384.4]
      [GC Worker End (ms): Min: 280081.6, Avg: 280081.7, Max: 280082.0, Diff: 0.4]
   [Code Root Fixup: 0.1 ms]
   [Clear CT: 2.3 ms]
   [Other: 6.5 ms]
      [Choose CSet: 0.0 ms]
      [Ref Proc: 2.5 ms]
      [Ref Enq: 0.2 ms]
      [Free CSet: 1.6 ms]
   [Eden: 3296.0M(3296.0M)->0.0B(2816.0M) Survivors: 168.0M->240.0M Heap: 8293.7M(16.0G)->5069.8M(16.0G)]
 [Times: user=1.35 sys=0.01, real=0.09 secs] 
2014-04-23T23:29:13.446+0000: 284.309: [GC pause (young)
Desired survivor size 201326592 bytes, new threshold 15 (max 15)
- age   1:   85541120 bytes,   85541120 total
- age   2:   41329400 bytes,  126870520 total
- age   3:   70315232 bytes,  197185752 total
, 0.1038230 secs]
   [Parallel Time: 98.0 ms, GC Workers: 18]
      [GC Worker Start (ms): Min: 284310.1, Avg: 284310.4, Max: 284310.6, Diff: 0.5]
      [Ext Root Scanning (ms): Min: 8.9, Avg: 10.2, Max: 17.9, Diff: 9.0, Sum: 184.5]
      [Update RS (ms): Min: 1.6, Avg: 8.9, Max: 10.6, Diff: 9.0, Sum: 160.4]
         [Processed Buffers: Min: 12, Avg: 44.0, Max: 81, Diff: 69, Sum: 792]
      [Scan RS (ms): Min: 0.0, Avg: 0.2, Max: 0.4, Diff: 0.4, Sum: 3.9]
      [Object Copy (ms): Min: 74.4, Avg: 75.2, Max: 77.6, Diff: 3.2, Sum: 1354.2]
      [Termination (ms): Min: 0.0, Avg: 2.4, Max: 2.6, Diff: 2.6, Sum: 42.9]
      [GC Worker Other (ms): Min: 0.0, Avg: 0.1, Max: 0.4, Diff: 0.4, Sum: 2.0]
      [GC Worker Total (ms): Min: 96.9, Avg: 97.1, Max: 97.4, Diff: 0.5, Sum: 1747.9]
      [GC Worker End (ms): Min: 284407.4, Avg: 284407.5, Max: 284407.8, Diff: 0.4]
   [Code Root Fixup: 0.1 ms]
   [Clear CT: 1.4 ms]
   [Other: 4.4 ms]
      [Choose CSet: 0.0 ms]
      [Ref Proc: 1.2 ms]
      [Ref Enq: 0.1 ms]
      [Free CSet: 0.9 ms]
   [Eden: 2816.0M(2816.0M)->0.0B(2080.0M) Survivors: 240.0M->296.0M Heap: 7893.8M(16.0G)->5139.5M(16.0G)]
 [Times: user=1.64 sys=0.01, real=0.11 secs] 
2014-04-23T23:29:16.147+0000: 287.011: [GC pause (young)
Desired survivor size 159383552 bytes, new threshold 2 (max 15)
- age   1:   99533848 bytes,   99533848 total
- age   2:   63828352 bytes,  163362200 total
- age   3:   39984232 bytes,  203346432 total
- age   4:   68967056 bytes,  272313488 total
, 0.1271010 secs]
   [Parallel Time: 118.4 ms, GC Workers: 18]
      [GC Worker Start (ms): Min: 287011.8, Avg: 287012.2, Max: 287012.6, Diff: 0.8]
      [Ext Root Scanning (ms): Min: 10.4, Avg: 12.2, Max: 22.5, Diff: 12.0, Sum: 219.4]
      [Update RS (ms): Min: 0.0, Avg: 8.2, Max: 11.2, Diff: 11.2, Sum: 148.0]
         [Processed Buffers: Min: 0, Avg: 41.3, Max: 77, Diff: 77, Sum: 743]
      [Scan RS (ms): Min: 0.0, Avg: 0.2, Max: 0.3, Diff: 0.3, Sum: 3.1]
      [Object Copy (ms): Min: 92.2, Avg: 94.8, Max: 97.1, Diff: 4.9, Sum: 1706.3]
      [Termination (ms): Min: 0.0, Avg: 1.8, Max: 2.0, Diff: 1.9, Sum: 33.0]
      [GC Worker Other (ms): Min: 0.0, Avg: 0.1, Max: 0.3, Diff: 0.2, Sum: 1.4]
      [GC Worker Total (ms): Min: 116.9, Avg: 117.3, Max: 117.8, Diff: 0.9, Sum: 2111.2]
      [GC Worker End (ms): Min: 287129.5, Avg: 287129.5, Max: 287129.7, Diff: 0.3]
   [Code Root Fixup: 0.1 ms]
   [Clear CT: 1.3 ms]
   [Other: 7.4 ms]
      [Choose CSet: 0.0 ms]
      [Ref Proc: 0.9 ms]
      [Ref Enq: 0.1 ms]
      [Free CSet: 0.7 ms]
   [Eden: 2080.0M(2080.0M)->0.0B(1840.0M) Survivors: 296.0M->208.0M Heap: 7223.5M(16.0G)->5219.9M(16.0G)]
 [Times: user=1.97 sys=0.01, real=0.12 secs] 
2014-04-23T23:29:20.249+0000: 291.112: [GC pause (young)
Desired survivor size 134217728 bytes, new threshold 2 (max 15)
- age   1:   89295216 bytes,   89295216 total
- age   2:   79844400 bytes,  169139616 total
, 0.0902980 secs]
   [Parallel Time: 83.5 ms, GC Workers: 18]
      [GC Worker Start (ms): Min: 291113.4, Avg: 291113.8, Max: 291114.1, Diff: 0.7]
      [Ext Root Scanning (ms): Min: 7.6, Avg: 9.6, Max: 19.2, Diff: 11.6, Sum: 171.9]
      [Update RS (ms): Min: 1.0, Avg: 10.1, Max: 11.8, Diff: 10.8, Sum: 181.2]
         [Processed Buffers: Min: 10, Avg: 46.1, Max: 84, Diff: 74, Sum: 829]
      [Scan RS (ms): Min: 0.2, Avg: 3.2, Max: 16.9, Diff: 16.8, Sum: 57.3]
      [Object Copy (ms): Min: 45.7, Avg: 59.3, Max: 61.4, Diff: 15.6, Sum: 1067.5]
      [Termination (ms): Min: 0.0, Avg: 0.0, Max: 0.0, Diff: 0.0, Sum: 0.1]
      [GC Worker Other (ms): Min: 0.0, Avg: 0.2, Max: 0.4, Diff: 0.4, Sum: 2.9]
      [GC Worker Total (ms): Min: 81.9, Avg: 82.3, Max: 82.6, Diff: 0.7, Sum: 1480.8]
      [GC Worker End (ms): Min: 291195.9, Avg: 291196.1, Max: 291196.3, Diff: 0.3]
   [Code Root Fixup: 0.0 ms]
   [Clear CT: 1.9 ms]
   [Other: 4.8 ms]
      [Choose CSet: 0.0 ms]
      [Ref Proc: 1.2 ms]
      [Ref Enq: 0.1 ms]
      [Free CSet: 0.7 ms]
   [Eden: 1840.0M(1840.0M)->0.0B(2080.0M) Survivors: 208.0M->192.0M Heap: 7067.9M(16.0G)->5329.8M(16.0G)]
 [Times: user=1.45 sys=0.01, real=0.09 secs] 
2014-04-23T23:29:23.398+0000: 294.262: [GC pause (young)
Desired survivor size 150994944 bytes, new threshold 2 (max 15)
- age   1:   88689040 bytes,   88689040 total
- age   2:   65692664 bytes,  154381704 total
, 0.1079080 secs]
   [Parallel Time: 100.5 ms, GC Workers: 18]
      [GC Worker Start (ms): Min: 294262.6, Avg: 294263.1, Max: 294263.4, Diff: 0.8]
      [Ext Root Scanning (ms): Min: 8.8, Avg: 10.6, Max: 24.9, Diff: 16.1, Sum: 190.2]
      [Update RS (ms): Min: 6.6, Avg: 20.6, Max: 22.5, Diff: 15.9, Sum: 370.7]
         [Processed Buffers: Min: 13, Avg: 45.3, Max: 78, Diff: 65, Sum: 816]
      [Scan RS (ms): Min: 0.2, Avg: 0.6, Max: 0.8, Diff: 0.6, Sum: 10.8]
      [Object Copy (ms): Min: 66.9, Avg: 67.1, Max: 67.6, Diff: 0.8, Sum: 1208.1]
      [Termination (ms): Min: 0.0, Avg: 0.0, Max: 0.0, Diff: 0.0, Sum: 0.2]
      [GC Worker Other (ms): Min: 0.0, Avg: 0.2, Max: 0.5, Diff: 0.4, Sum: 3.8]
      [GC Worker Total (ms): Min: 98.6, Avg: 99.1, Max: 99.4, Diff: 0.7, Sum: 1783.8]
      [GC Worker End (ms): Min: 294362.0, Avg: 294362.2, Max: 294362.4, Diff: 0.4]
   [Code Root Fixup: 0.0 ms]
   [Clear CT: 1.8 ms]
   [Other: 5.6 ms]
      [Choose CSet: 0.0 ms]
      [Ref Proc: 1.8 ms]
      [Ref Enq: 0.1 ms]
      [Free CSet: 0.7 ms]
   [Eden: 2080.0M(2080.0M)->0.0B(1648.0M) Survivors: 192.0M->216.0M Heap: 7413.8M(16.0G)->5449.8M(16.0G)]
 [Times: user=1.74 sys=0.01, real=0.11 secs] 
2014-04-23T23:29:24.120+0000: 294.983: [GC pause (young)
Desired survivor size 125829120 bytes, new threshold 2 (max 15)
- age   1:  119981784 bytes,  119981784 total
- age   2:   61765240 bytes,  181747024 total
, 0.1013290 secs]
   [Parallel Time: 95.6 ms, GC Workers: 18]
      [GC Worker Start (ms): Min: 294984.1, Avg: 294984.4, Max: 294984.7, Diff: 0.6]
      [Ext Root Scanning (ms): Min: 7.9, Avg: 10.2, Max: 17.3, Diff: 9.4, Sum: 183.3]
      [Update RS (ms): Min: 10.6, Avg: 16.9, Max: 19.4, Diff: 8.8, Sum: 303.9]
         [Processed Buffers: Min: 4, Avg: 39.1, Max: 84, Diff: 80, Sum: 703]
      [Scan RS (ms): Min: 0.1, Avg: 0.8, Max: 1.1, Diff: 0.9, Sum: 14.9]
      [Object Copy (ms): Min: 66.3, Avg: 66.6, Max: 66.9, Diff: 0.6, Sum: 1198.5]
      [Termination (ms): Min: 0.0, Avg: 0.0, Max: 0.0, Diff: 0.0, Sum: 0.2]
      [GC Worker Other (ms): Min: 0.0, Avg: 0.1, Max: 0.3, Diff: 0.2, Sum: 1.9]
      [GC Worker Total (ms): Min: 94.3, Avg: 94.6, Max: 94.9, Diff: 0.6, Sum: 1702.7]
      [GC Worker End (ms): Min: 295079.0, Avg: 295079.0, Max: 295079.2, Diff: 0.2]
   [Code Root Fixup: 0.0 ms]
   [Clear CT: 1.9 ms]
   [Other: 3.9 ms]
      [Choose CSet: 0.0 ms]
      [Ref Proc: 0.7 ms]
      [Ref Enq: 0.0 ms]
      [Free CSet: 0.5 ms]
   [Eden: 1648.0M(1648.0M)->0.0B(1856.0M) Survivors: 216.0M->192.0M Heap: 7097.8M(16.0G)->5541.0M(16.0G)]
 [Times: user=1.63 sys=0.00, real=0.10 secs] 
2014-04-23T23:29:26.380+0000: 297.244: [GC pause (young)
Desired survivor size 134217728 bytes, new threshold 2 (max 15)
- age   1:   54151528 bytes,   54151528 total
- age   2:  108712184 bytes,  162863712 total
, 0.0953960 secs]
   [Parallel Time: 89.2 ms, GC Workers: 18]
      [GC Worker Start (ms): Min: 297244.4, Avg: 297244.8, Max: 297245.1, Diff: 0.7]
      [Ext Root Scanning (ms): Min: 9.0, Avg: 10.3, Max: 20.1, Diff: 11.1, Sum: 185.7]
      [Update RS (ms): Min: 0.0, Avg: 8.4, Max: 11.2, Diff: 11.2, Sum: 151.0]
         [Processed Buffers: Min: 0, Avg: 42.6, Max: 79, Diff: 79, Sum: 766]
      [Scan RS (ms): Min: 0.1, Avg: 1.5, Max: 5.8, Diff: 5.8, Sum: 27.5]
      [Object Copy (ms): Min: 54.8, Avg: 59.5, Max: 68.5, Diff: 13.6, Sum: 1070.4]
      [Termination (ms): Min: 0.0, Avg: 8.7, Max: 9.2, Diff: 9.2, Sum: 155.7]
      [GC Worker Other (ms): Min: 0.0, Avg: 0.1, Max: 0.3, Diff: 0.3, Sum: 1.5]
      [GC Worker Total (ms): Min: 88.1, Avg: 88.4, Max: 88.8, Diff: 0.7, Sum: 1591.9]
      [GC Worker End (ms): Min: 297333.2, Avg: 297333.3, Max: 297333.5, Diff: 0.3]
   [Code Root Fixup: 0.0 ms]
   [Clear CT: 1.5 ms]
   [Other: 4.7 ms]
      [Choose CSet: 0.0 ms]
      [Ref Proc: 0.8 ms]
      [Ref Enq: 0.1 ms]
      [Free CSet: 0.6 ms]
   [Eden: 1856.0M(1856.0M)->0.0B(3432.0M) Survivors: 192.0M->128.0M Heap: 7401.0M(16.0G)->5626.0M(16.0G)]
 [Times: user=1.51 sys=0.01, real=0.09 secs] 
2014-04-23T23:29:31.779+0000: 302.642: [GC pause (young)
Desired survivor size 218103808 bytes, new threshold 15 (max 15)
- age   1:   55053200 bytes,   55053200 total
- age   2:   37588544 bytes,   92641744 total
, 0.0974450 secs]
   [Parallel Time: 90.3 ms, GC Workers: 18]
      [GC Worker Start (ms): Min: 302643.5, Avg: 302643.9, Max: 302644.1, Diff: 0.5]
      [Ext Root Scanning (ms): Min: 9.8, Avg: 11.9, Max: 24.7, Diff: 14.9, Sum: 214.9]
      [Update RS (ms): Min: 0.0, Avg: 8.1, Max: 11.1, Diff: 11.1, Sum: 145.9]
         [Processed Buffers: Min: 0, Avg: 44.5, Max: 78, Diff: 78, Sum: 801]
      [Scan RS (ms): Min: 0.1, Avg: 1.6, Max: 2.1, Diff: 2.0, Sum: 28.6]
      [Object Copy (ms): Min: 43.2, Avg: 47.4, Max: 67.5, Diff: 24.4, Sum: 853.9]
      [Termination (ms): Min: 0.0, Avg: 19.9, Max: 21.1, Diff: 21.1, Sum: 358.0]
      [GC Worker Other (ms): Min: 0.0, Avg: 0.2, Max: 0.6, Diff: 0.6, Sum: 4.3]
      [GC Worker Total (ms): Min: 88.8, Avg: 89.2, Max: 89.8, Diff: 1.0, Sum: 1605.5]
      [GC Worker End (ms): Min: 302732.8, Avg: 302733.1, Max: 302733.4, Diff: 0.6]
   [Code Root Fixup: 0.1 ms]
   [Clear CT: 2.1 ms]
   [Other: 4.9 ms]
      [Choose CSet: 0.0 ms]
      [Ref Proc: 1.6 ms]
      [Ref Enq: 0.2 ms]
      [Free CSet: 1.2 ms]
   [Eden: 3168.0M(3168.0M)->0.0B(2864.0M) Survivors: 128.0M->200.0M Heap: 8806.0M(16.0G)->5710.0M(16.0G)]
 [Times: user=1.51 sys=0.01, real=0.10 secs] 
2014-04-23T23:29:38.003+0000: 308.867: [GC pause (young)
Desired survivor size 201326592 bytes, new threshold 15 (max 15)
- age   1:   94972968 bytes,   94972968 total
- age   2:   37944768 bytes,  132917736 total
- age   3:   35401704 bytes,  168319440 total
, 0.0902900 secs]
   [Parallel Time: 83.0 ms, GC Workers: 18]
      [GC Worker Start (ms): Min: 308867.7, Avg: 308868.1, Max: 308868.5, Diff: 0.7]
      [Ext Root Scanning (ms): Min: 7.9, Avg: 10.1, Max: 17.4, Diff: 9.5, Sum: 182.3]
      [Update RS (ms): Min: 3.2, Avg: 10.2, Max: 14.2, Diff: 11.0, Sum: 184.2]
         [Processed Buffers: Min: 8, Avg: 51.5, Max: 98, Diff: 90, Sum: 927]
      [Scan RS (ms): Min: 0.0, Avg: 0.2, Max: 0.3, Diff: 0.3, Sum: 4.0]
      [Object Copy (ms): Min: 59.7, Avg: 61.5, Max: 61.9, Diff: 2.3, Sum: 1106.5]
      [Termination (ms): Min: 0.0, Avg: 0.0, Max: 0.0, Diff: 0.0, Sum: 0.1]
      [GC Worker Other (ms): Min: 0.0, Avg: 0.2, Max: 0.4, Diff: 0.4, Sum: 3.2]
      [GC Worker Total (ms): Min: 81.8, Avg: 82.2, Max: 82.5, Diff: 0.7, Sum: 1480.4]
      [GC Worker End (ms): Min: 308950.2, Avg: 308950.3, Max: 308950.6, Diff: 0.4]
   [Code Root Fixup: 0.1 ms]
   [Clear CT: 1.7 ms]
   [Other: 5.5 ms]
      [Choose CSet: 0.0 ms]
      [Ref Proc: 2.3 ms]
      [Ref Enq: 0.1 ms]
      [Free CSet: 0.9 ms]
   [Eden: 2864.0M(2864.0M)->0.0B(2704.0M) Survivors: 200.0M->248.0M Heap: 8582.0M(16.0G)->5766.0M(16.0G)]
 [Times: user=1.45 sys=0.00, real=0.09 secs] 
2014-04-23T23:29:42.624+0000: 313.487: [GC pause (young)
Desired survivor size 138412032 bytes, new threshold 2 (max 15)
- age   1:   68272080 bytes,   68272080 total
- age   2:   79668080 bytes,  147940160 total
- age   3:   35813744 bytes,  183753904 total
- age   4:   34684272 bytes,  218438176 total
, 0.1151060 secs]
   [Parallel Time: 105.7 ms, GC Workers: 18]
      [GC Worker Start (ms): Min: 313488.2, Avg: 313488.5, Max: 313488.8, Diff: 0.6]
      [Ext Root Scanning (ms): Min: 7.4, Avg: 10.3, Max: 20.8, Diff: 13.4, Sum: 185.2]
      [Update RS (ms): Min: 0.0, Avg: 7.3, Max: 9.4, Diff: 9.4, Sum: 132.0]
         [Processed Buffers: Min: 0, Avg: 43.1, Max: 89, Diff: 89, Sum: 776]
      [Scan RS (ms): Min: 0.1, Avg: 3.0, Max: 6.5, Diff: 6.4, Sum: 53.3]
      [Object Copy (ms): Min: 70.8, Avg: 74.9, Max: 84.4, Diff: 13.6, Sum: 1347.9]
      [Termination (ms): Min: 0.0, Avg: 9.2, Max: 10.2, Diff: 10.2, Sum: 165.5]
      [GC Worker Other (ms): Min: 0.0, Avg: 0.1, Max: 0.2, Diff: 0.2, Sum: 1.5]
      [GC Worker Total (ms): Min: 104.5, Avg: 104.7, Max: 105.2, Diff: 0.7, Sum: 1885.4]
      [GC Worker End (ms): Min: 313593.2, Avg: 313593.3, Max: 313593.4, Diff: 0.2]
   [Code Root Fixup: 0.1 ms]
   [Clear CT: 1.6 ms]
   [Other: 7.7 ms]
      [Choose CSet: 0.0 ms]
      [Ref Proc: 2.3 ms]
      [Ref Enq: 0.1 ms]
      [Free CSet: 1.2 ms]
   [Eden: 1864.0M(1856.0M)->0.0B(2840.0M) Survivors: 248.0M->160.0M Heap: 7642.0M(16.0G)->5835.0M(16.0G)]
 [Times: user=1.78 sys=0.00, real=0.11 secs] 
2014-04-23T23:29:49.539+0000: 320.403: [GC pause (young)
Desired survivor size 171966464 bytes, new threshold 15 (max 15)
- age   1:   77690864 bytes,   77690864 total
- age   2:   50513536 bytes,  128204400 total
, 0.0767660 secs]
   [Parallel Time: 70.1 ms, GC Workers: 18]
      [GC Worker Start (ms): Min: 320403.8, Avg: 320404.2, Max: 320404.4, Diff: 0.6]
      [Ext Root Scanning (ms): Min: 9.9, Avg: 11.2, Max: 15.7, Diff: 5.8, Sum: 201.4]
      [Update RS (ms): Min: 3.3, Avg: 8.2, Max: 14.4, Diff: 11.1, Sum: 147.2]
         [Processed Buffers: Min: 5, Avg: 46.7, Max: 86, Diff: 81, Sum: 840]
      [Scan RS (ms): Min: 0.0, Avg: 2.2, Max: 2.7, Diff: 2.6, Sum: 38.8]
      [Object Copy (ms): Min: 39.1, Avg: 47.0, Max: 48.3, Diff: 9.2, Sum: 846.9]
      [Termination (ms): Min: 0.0, Avg: 0.1, Max: 0.2, Diff: 0.2, Sum: 2.2]
      [GC Worker Other (ms): Min: 0.0, Avg: 0.3, Max: 0.8, Diff: 0.8, Sum: 5.4]
      [GC Worker Total (ms): Min: 68.4, Avg: 69.0, Max: 69.6, Diff: 1.2, Sum: 1241.9]
      [GC Worker End (ms): Min: 320472.9, Avg: 320473.1, Max: 320473.6, Diff: 0.8]
   [Code Root Fixup: 0.0 ms]
   [Clear CT: 1.8 ms]
   [Other: 4.9 ms]
      [Choose CSet: 0.0 ms]
      [Ref Proc: 1.8 ms]
      [Ref Enq: 0.1 ms]
      [Free CSet: 0.9 ms]
   [Eden: 2688.0M(2456.0M)->0.0B(2744.0M) Survivors: 160.0M->216.0M Heap: 8535.0M(16.0G)->5907.0M(16.0G)]
 [Times: user=1.10 sys=0.01, real=0.08 secs] 
2014-04-23T23:29:54.192+0000: 325.055: [GC pause (young)
Desired survivor size 197132288 bytes, new threshold 15 (max 15)
- age   1:   84030512 bytes,   84030512 total
- age   2:   43379928 bytes,  127410440 total
- age   3:   46550120 bytes,  173960560 total
, 0.0776180 secs]
   [Parallel Time: 70.5 ms, GC Workers: 18]
      [GC Worker Start (ms): Min: 325056.7, Avg: 325057.0, Max: 325057.2, Diff: 0.5]
      [Ext Root Scanning (ms): Min: 7.4, Avg: 9.2, Max: 26.7, Diff: 19.2, Sum: 165.7]
      [Update RS (ms): Min: 0.0, Avg: 9.7, Max: 13.5, Diff: 13.5, Sum: 175.2]
         [Processed Buffers: Min: 0, Avg: 50.4, Max: 107, Diff: 107, Sum: 908]
      [Scan RS (ms): Min: 0.0, Avg: 0.2, Max: 0.3, Diff: 0.3, Sum: 3.7]
      [Object Copy (ms): Min: 42.7, Avg: 50.4, Max: 51.4, Diff: 8.7, Sum: 907.3]
      [Termination (ms): Min: 0.0, Avg: 0.1, Max: 0.1, Diff: 0.1, Sum: 1.6]
      [GC Worker Other (ms): Min: 0.0, Avg: 0.2, Max: 0.5, Diff: 0.5, Sum: 4.3]
      [GC Worker Total (ms): Min: 69.6, Avg: 69.9, Max: 70.2, Diff: 0.7, Sum: 1257.8]
      [GC Worker End (ms): Min: 325126.7, Avg: 325126.9, Max: 325127.1, Diff: 0.4]
   [Code Root Fixup: 0.0 ms]
   [Clear CT: 1.5 ms]
   [Other: 5.6 ms]
      [Choose CSet: 0.0 ms]
      [Ref Proc: 1.8 ms]
      [Ref Enq: 0.2 ms]
      [Free CSet: 0.9 ms]
   [Eden: 2744.0M(2744.0M)->0.0B(3640.0M) Survivors: 216.0M->256.0M Heap: 8659.0M(16.0G)->5955.3M(16.0G)]
 [Times: user=1.21 sys=0.01, real=0.08 secs] 
2014-04-23T23:30:02.744+0000: 333.608: [GC pause (young)
Desired survivor size 184549376 bytes, new threshold 4 (max 15)
- age   1:   49484984 bytes,   49484984 total
- age   2:   72779544 bytes,  122264528 total
- age   3:   41637072 bytes,  163901600 total
- age   4:   44157304 bytes,  208058904 total
, 0.1040820 secs]
   [Parallel Time: 95.7 ms, GC Workers: 18]
      [GC Worker Start (ms): Min: 333608.7, Avg: 333609.0, Max: 333609.2, Diff: 0.4]
      [Ext Root Scanning (ms): Min: 7.7, Avg: 10.1, Max: 19.1, Diff: 11.4, Sum: 181.9]
      [Update RS (ms): Min: 0.0, Avg: 9.6, Max: 23.3, Diff: 23.3, Sum: 172.1]
         [Processed Buffers: Min: 0, Avg: 48.3, Max: 101, Diff: 101, Sum: 870]
      [Scan RS (ms): Min: 0.1, Avg: 3.5, Max: 10.2, Diff: 10.1, Sum: 62.7]
      [Object Copy (ms): Min: 62.7, Avg: 70.8, Max: 72.3, Diff: 9.5, Sum: 1275.1]
      [Termination (ms): Min: 0.1, Avg: 0.5, Max: 0.6, Diff: 0.5, Sum: 8.8]
      [GC Worker Other (ms): Min: 0.0, Avg: 0.3, Max: 0.5, Diff: 0.5, Sum: 5.2]
      [GC Worker Total (ms): Min: 94.4, Avg: 94.8, Max: 95.3, Diff: 0.9, Sum: 1705.8]
      [GC Worker End (ms): Min: 333703.5, Avg: 333703.8, Max: 333704.0, Diff: 0.5]
   [Code Root Fixup: 0.0 ms]
   [Clear CT: 1.8 ms]
   [Other: 6.6 ms]
      [Choose CSet: 0.0 ms]
      [Ref Proc: 2.3 ms]
      [Ref Enq: 0.2 ms]
      [Free CSet: 1.7 ms]
   [Eden: 3408.0M(2512.0M)->0.0B(3064.0M) Survivors: 256.0M->232.0M Heap: 9379.3M(16.0G)->5992.4M(16.0G)]
 [Times: user=1.63 sys=0.01, real=0.10 secs] 
2014-04-23T23:30:07.478+0000: 338.341: [GC pause (young)
Desired survivor size 218103808 bytes, new threshold 15 (max 15)
- age   1:   71466208 bytes,   71466208 total
- age   2:   16605448 bytes,   88071656 total
- age   3:   69633688 bytes,  157705344 total
- age   4:   40537248 bytes,  198242592 total
, 0.0989640 secs]
   [Parallel Time: 91.3 ms, GC Workers: 18]
      [GC Worker Start (ms): Min: 338342.1, Avg: 338342.5, Max: 338342.8, Diff: 0.6]
      [Ext Root Scanning (ms): Min: 7.2, Avg: 8.6, Max: 17.2, Diff: 9.9, Sum: 155.6]
      [Update RS (ms): Min: 2.4, Avg: 10.7, Max: 13.0, Diff: 10.6, Sum: 192.8]
         [Processed Buffers: Min: 16, Avg: 50.3, Max: 75, Diff: 59, Sum: 905]
      [Scan RS (ms): Min: 0.0, Avg: 1.5, Max: 1.9, Diff: 1.9, Sum: 26.5]
      [Object Copy (ms): Min: 68.1, Avg: 69.1, Max: 69.8, Diff: 1.8, Sum: 1243.6]
      [Termination (ms): Min: 0.0, Avg: 0.1, Max: 0.1, Diff: 0.1, Sum: 2.0]
      [GC Worker Other (ms): Min: 0.0, Avg: 0.3, Max: 0.6, Diff: 0.6, Sum: 4.8]
      [GC Worker Total (ms): Min: 89.9, Avg: 90.3, Max: 90.8, Diff: 0.9, Sum: 1625.3]
      [GC Worker End (ms): Min: 338432.5, Avg: 338432.8, Max: 338433.1, Diff: 0.6]
   [Code Root Fixup: 0.0 ms]
   [Clear CT: 2.0 ms]
   [Other: 5.7 ms]
      [Choose CSet: 0.0 ms]
      [Ref Proc: 2.0 ms]
      [Ref Enq: 0.2 ms]
      [Free CSet: 1.3 ms]
   [Eden: 3064.0M(3064.0M)->0.0B(2888.0M) Survivors: 232.0M->296.0M Heap: 9064.4M(16.0G)->6067.6M(16.0G)]
 [Times: user=1.59 sys=0.01, real=0.10 secs] 
2014-04-23T23:30:14.694+0000: 345.558: [GC pause (young)
Desired survivor size 209715200 bytes, new threshold 4 (max 15)
- age   1:   82596864 bytes,   82596864 total
- age   2:   54257864 bytes,  136854728 total
- age   3:   14926976 bytes,  151781704 total
- age   4:   66907952 bytes,  218689656 total
- age   5:   39722080 bytes,  258411736 total
, 0.1086590 secs]
   [Parallel Time: 99.6 ms, GC Workers: 18]
      [GC Worker Start (ms): Min: 345559.1, Avg: 345559.3, Max: 345559.5, Diff: 0.4]
      [Ext Root Scanning (ms): Min: 8.7, Avg: 11.4, Max: 20.5, Diff: 11.9, Sum: 206.1]
      [Update RS (ms): Min: 0.9, Avg: 12.8, Max: 23.2, Diff: 22.2, Sum: 230.2]
         [Processed Buffers: Min: 17, Avg: 56.1, Max: 110, Diff: 93, Sum: 1010]
      [Scan RS (ms): Min: 0.0, Avg: 0.2, Max: 0.3, Diff: 0.3, Sum: 3.9]
      [Object Copy (ms): Min: 64.3, Avg: 73.7, Max: 88.2, Diff: 23.9, Sum: 1326.8]
      [Termination (ms): Min: 0.0, Avg: 0.1, Max: 0.1, Diff: 0.1, Sum: 1.9]
      [GC Worker Other (ms): Min: 0.0, Avg: 0.2, Max: 0.5, Diff: 0.5, Sum: 3.5]
      [GC Worker Total (ms): Min: 98.1, Avg: 98.5, Max: 98.8, Diff: 0.7, Sum: 1772.4]
      [GC Worker End (ms): Min: 345657.6, Avg: 345657.8, Max: 345658.1, Diff: 0.5]
   [Code Root Fixup: 0.0 ms]
   [Clear CT: 1.5 ms]
   [Other: 7.5 ms]
      [Choose CSet: 0.0 ms]
      [Ref Proc: 2.3 ms]
      [Ref Enq: 0.2 ms]
      [Free CSet: 0.8 ms]
   [Eden: 2888.0M(2888.0M)->0.0B(2552.0M) Survivors: 296.0M->216.0M Heap: 8967.6M(16.0G)->6104.0M(16.0G)]
 [Times: user=1.61 sys=0.01, real=0.11 secs] 
2014-04-23T23:30:18.208+0000: 349.071: [GC pause (young)
Desired survivor size 167772160 bytes, new threshold 3 (max 15)
- age   1:   54223048 bytes,   54223048 total
- age   2:   65188968 bytes,  119412016 total
- age   3:   49833792 bytes,  169245808 total
- age   4:   13963336 bytes,  183209144 total
, 0.0973010 secs]
   [Parallel Time: 89.6 ms, GC Workers: 18]
      [GC Worker Start (ms): Min: 349072.5, Avg: 349072.9, Max: 349073.2, Diff: 0.7]
      [Ext Root Scanning (ms): Min: 9.4, Avg: 11.1, Max: 16.8, Diff: 7.4, Sum: 199.4]
      [Update RS (ms): Min: 4.2, Avg: 9.8, Max: 11.6, Diff: 7.4, Sum: 176.7]
         [Processed Buffers: Min: 20, Avg: 46.6, Max: 62, Diff: 42, Sum: 839]
      [Scan RS (ms): Min: 0.5, Avg: 2.1, Max: 2.6, Diff: 2.1, Sum: 38.4]
      [Object Copy (ms): Min: 64.6, Avg: 65.0, Max: 66.0, Diff: 1.4, Sum: 1170.0]
      [Termination (ms): Min: 0.0, Avg: 0.0, Max: 0.0, Diff: 0.0, Sum: 0.1]
      [GC Worker Other (ms): Min: 0.0, Avg: 0.2, Max: 0.5, Diff: 0.5, Sum: 3.9]
      [GC Worker Total (ms): Min: 87.9, Avg: 88.2, Max: 88.9, Diff: 1.0, Sum: 1588.5]
      [GC Worker End (ms): Min: 349160.9, Avg: 349161.1, Max: 349161.4, Diff: 0.5]
   [Code Root Fixup: 0.0 ms]
   [Clear CT: 1.9 ms]
   [Other: 5.9 ms]
      [Choose CSet: 0.0 ms]
      [Ref Proc: 1.7 ms]
      [Ref Enq: 0.1 ms]
      [Free CSet: 0.7 ms]
   [Eden: 2288.0M(2288.0M)->0.0B(2440.0M) Survivors: 216.0M->224.0M Heap: 8400.0M(16.0G)->6221.8M(16.0G)]
 [Times: user=1.49 sys=0.01, real=0.09 secs] 
2014-04-23T23:30:23.684+0000: 354.547: [GC pause (young)
Desired survivor size 176160768 bytes, new threshold 3 (max 15)
- age   1:   95497968 bytes,   95497968 total
- age   2:   35765168 bytes,  131263136 total
- age   3:   63011968 bytes,  194275104 total
, 0.0901120 secs]
   [Parallel Time: 82.6 ms, GC Workers: 18]
      [GC Worker Start (ms): Min: 354548.2, Avg: 354548.5, Max: 354548.7, Diff: 0.4]
      [Ext Root Scanning (ms): Min: 7.5, Avg: 9.0, Max: 19.2, Diff: 11.7, Sum: 162.6]
      [Update RS (ms): Min: 3.6, Avg: 13.8, Max: 17.9, Diff: 14.4, Sum: 248.4]
         [Processed Buffers: Min: 31, Avg: 48.8, Max: 84, Diff: 53, Sum: 879]
      [Scan RS (ms): Min: 0.1, Avg: 1.9, Max: 2.2, Diff: 2.1, Sum: 34.3]
      [Object Copy (ms): Min: 54.1, Avg: 56.9, Max: 57.7, Diff: 3.6, Sum: 1024.3]
      [Termination (ms): Min: 0.0, Avg: 0.1, Max: 0.1, Diff: 0.1, Sum: 1.2]
      [GC Worker Other (ms): Min: 0.0, Avg: 0.2, Max: 0.4, Diff: 0.4, Sum: 3.2]
      [GC Worker Total (ms): Min: 81.6, Avg: 81.9, Max: 82.3, Diff: 0.7, Sum: 1473.9]
      [GC Worker End (ms): Min: 354630.2, Avg: 354630.4, Max: 354630.5, Diff: 0.3]
   [Code Root Fixup: 0.0 ms]
   [Clear CT: 2.2 ms]
   [Other: 5.3 ms]
      [Choose CSet: 0.0 ms]
      [Ref Proc: 1.6 ms]
      [Ref Enq: 0.1 ms]
      [Free CSet: 0.7 ms]
   [Eden: 2440.0M(2440.0M)->0.0B(3712.0M) Survivors: 224.0M->208.0M Heap: 8669.8M(16.0G)->6316.9M(16.0G)]
 [Times: user=1.45 sys=0.01, real=0.09 secs] 
2014-04-23T23:30:28.339+0000: 359.203: [GC pause (young)
Desired survivor size 188743680 bytes, new threshold 15 (max 15)
- age   1:   88425576 bytes,   88425576 total
- age   2:   42863696 bytes,  131289272 total
- age   3:   30860744 bytes,  162150016 total
, 0.0797290 secs]
   [Parallel Time: 72.2 ms, GC Workers: 18]
      [GC Worker Start (ms): Min: 359203.8, Avg: 359204.3, Max: 359204.9, Diff: 1.1]
      [Ext Root Scanning (ms): Min: 7.6, Avg: 9.7, Max: 19.0, Diff: 11.5, Sum: 174.2]
      [Update RS (ms): Min: 0.0, Avg: 8.5, Max: 10.2, Diff: 10.2, Sum: 153.6]
         [Processed Buffers: Min: 0, Avg: 47.1, Max: 87, Diff: 87, Sum: 847]
      [Scan RS (ms): Min: 1.9, Avg: 3.0, Max: 3.3, Diff: 1.3, Sum: 53.5]
      [Object Copy (ms): Min: 49.3, Avg: 49.6, Max: 50.1, Diff: 0.9, Sum: 893.5]
      [Termination (ms): Min: 0.0, Avg: 0.1, Max: 0.1, Diff: 0.1, Sum: 1.5]
      [GC Worker Other (ms): Min: 0.0, Avg: 0.2, Max: 0.6, Diff: 0.6, Sum: 4.2]
      [GC Worker Total (ms): Min: 70.3, Avg: 71.1, Max: 71.6, Diff: 1.3, Sum: 1280.4]
      [GC Worker End (ms): Min: 359275.2, Avg: 359275.4, Max: 359275.8, Diff: 0.6]
   [Code Root Fixup: 0.0 ms]
   [Clear CT: 2.1 ms]
   [Other: 5.4 ms]
      [Choose CSet: 0.0 ms]
      [Ref Proc: 2.0 ms]
      [Ref Enq: 0.1 ms]
      [Free CSet: 1.2 ms]
   [Eden: 3472.0M(2648.0M)->0.0B(4432.0M) Survivors: 208.0M->240.0M Heap: 9796.9M(16.0G)->6356.9M(16.0G)]
 [Times: user=1.27 sys=0.01, real=0.08 secs] 
2014-04-23T23:30:36.454+0000: 367.317: [GC pause (young)
Desired survivor size 234881024 bytes, new threshold 15 (max 15)
- age   1:   86008368 bytes,   86008368 total
- age   2:   42562912 bytes,  128571280 total
- age   3:   40886056 bytes,  169457336 total
- age   4:   29383200 bytes,  198840536 total
, 0.0974540 secs]
   [Parallel Time: 88.0 ms, GC Workers: 18]
      [GC Worker Start (ms): Min: 367318.5, Avg: 367318.9, Max: 367319.3, Diff: 0.7]
      [Ext Root Scanning (ms): Min: 7.3, Avg: 8.7, Max: 18.9, Diff: 11.6, Sum: 156.3]
      [Update RS (ms): Min: 0.0, Avg: 9.7, Max: 11.8, Diff: 11.8, Sum: 174.4]
         [Processed Buffers: Min: 0, Avg: 51.8, Max: 86, Diff: 86, Sum: 932]
      [Scan RS (ms): Min: 1.9, Avg: 3.0, Max: 3.3, Diff: 1.5, Sum: 54.6]
      [Object Copy (ms): Min: 64.1, Avg: 64.3, Max: 64.9, Diff: 0.8, Sum: 1158.0]
      [Termination (ms): Min: 0.0, Avg: 0.0, Max: 0.0, Diff: 0.0, Sum: 0.3]
      [GC Worker Other (ms): Min: 0.0, Avg: 0.3, Max: 0.7, Diff: 0.7, Sum: 6.0]
      [GC Worker Total (ms): Min: 85.7, Avg: 86.1, Max: 86.6, Diff: 0.9, Sum: 1549.7]
      [GC Worker End (ms): Min: 367404.7, Avg: 367405.0, Max: 367405.4, Diff: 0.7]
   [Code Root Fixup: 0.1 ms]
   [Clear CT: 2.6 ms]
   [Other: 6.8 ms]
      [Choose CSet: 0.0 ms]
      [Ref Proc: 2.3 ms]
      [Ref Enq: 0.2 ms]
      [Free CSet: 2.0 ms]
   [Eden: 3336.0M(3336.0M)->0.0B(3536.0M) Survivors: 240.0M->280.0M Heap: 9708.9M(16.0G)->6418.6M(16.0G)]
 [Times: user=1.52 sys=0.00, real=0.10 secs] 
2014-04-23T23:30:43.550+0000: 374.413: [GC pause (young)
Desired survivor size 251658240 bytes, new threshold 15 (max 15)
- age   1:   75916280 bytes,   75916280 total
- age   2:   68562376 bytes,  144478656 total
- age   3:   39198736 bytes,  183677392 total
- age   4:   39677224 bytes,  223354616 total
- age   5:   27458720 bytes,  250813336 total
, 0.1189260 secs]
   [Parallel Time: 111.9 ms, GC Workers: 18]
      [GC Worker Start (ms): Min: 374414.6, Avg: 374414.9, Max: 374415.1, Diff: 0.5]
      [Ext Root Scanning (ms): Min: 7.3, Avg: 8.6, Max: 19.6, Diff: 12.2, Sum: 155.6]
      [Update RS (ms): Min: 2.9, Avg: 13.8, Max: 18.2, Diff: 15.4, Sum: 247.7]
         [Processed Buffers: Min: 21, Avg: 57.1, Max: 97, Diff: 76, Sum: 1028]
      [Scan RS (ms): Min: 0.0, Avg: 0.3, Max: 0.4, Diff: 0.4, Sum: 5.3]
      [Object Copy (ms): Min: 85.1, Avg: 88.2, Max: 88.5, Diff: 3.5, Sum: 1588.1]
      [Termination (ms): Min: 0.0, Avg: 0.1, Max: 0.1, Diff: 0.1, Sum: 2.1]
      [GC Worker Other (ms): Min: 0.0, Avg: 0.2, Max: 0.4, Diff: 0.4, Sum: 2.9]
      [GC Worker Total (ms): Min: 111.0, Avg: 111.2, Max: 111.6, Diff: 0.6, Sum: 2001.6]
      [GC Worker End (ms): Min: 374525.9, Avg: 374526.1, Max: 374526.4, Diff: 0.4]
   [Code Root Fixup: 0.1 ms]
   [Clear CT: 1.5 ms]
   [Other: 5.4 ms]
      [Choose CSet: 0.0 ms]
      [Ref Proc: 1.4 ms]
      [Ref Enq: 0.1 ms]
      [Free CSet: 0.9 ms]
   [Eden: 3536.0M(3536.0M)->0.0B(2192.0M) Survivors: 280.0M->392.0M Heap: 9966.6M(16.0G)->6542.9M(16.0G)]
 [Times: user=1.86 sys=0.01, real=0.12 secs] 
2014-04-23T23:30:46.910+0000: 377.773: [GC pause (young)
Desired survivor size 171966464 bytes, new threshold 2 (max 15)
- age   1:  120065784 bytes,  120065784 total
- age   2:   59433664 bytes,  179499448 total
- age   3:   65867752 bytes,  245367200 total
- age   4:   36966120 bytes,  282333320 total
- age   5:   38765328 bytes,  321098648 total
- age   6:   25490488 bytes,  346589136 total
, 0.1721780 secs]
   [Parallel Time: 162.3 ms, GC Workers: 18]
      [GC Worker Start (ms): Min: 377774.3, Avg: 377774.6, Max: 377774.8, Diff: 0.5]
      [Ext Root Scanning (ms): Min: 8.0, Avg: 9.8, Max: 16.2, Diff: 8.2, Sum: 176.8]
      [Update RS (ms): Min: 3.5, Avg: 9.9, Max: 13.4, Diff: 10.0, Sum: 178.1]
         [Processed Buffers: Min: 5, Avg: 42.7, Max: 65, Diff: 60, Sum: 768]
      [Scan RS (ms): Min: 0.0, Avg: 0.2, Max: 0.3, Diff: 0.3, Sum: 3.0]
      [Object Copy (ms): Min: 128.9, Avg: 131.6, Max: 140.0, Diff: 11.1, Sum: 2368.6]
      [Termination (ms): Min: 0.0, Avg: 8.1, Max: 8.6, Diff: 8.6, Sum: 145.7]
      [GC Worker Other (ms): Min: 0.0, Avg: 0.1, Max: 0.4, Diff: 0.4, Sum: 2.3]
      [GC Worker Total (ms): Min: 159.4, Avg: 159.7, Max: 160.2, Diff: 0.8, Sum: 2874.4]
      [GC Worker End (ms): Min: 377934.1, Avg: 377934.3, Max: 377934.5, Diff: 0.4]
   [Code Root Fixup: 0.1 ms]
   [Clear CT: 1.3 ms]
   [Other: 8.5 ms]
      [Choose CSet: 0.0 ms]
      [Ref Proc: 1.1 ms]
      [Ref Enq: 0.1 ms]
      [Free CSet: 0.8 ms]
   [Eden: 2192.0M(2192.0M)->0.0B(1080.0M) Survivors: 392.0M->280.0M Heap: 8742.9M(16.0G)->6647.2M(16.0G)]
 [Times: user=2.78 sys=0.01, real=0.18 secs] 
2014-04-23T23:30:49.614+0000: 380.477: [GC pause (young)
Desired survivor size 92274688 bytes, new threshold 1 (max 15)
- age   1:  186075624 bytes,  186075624 total
- age   2:   63969136 bytes,  250044760 total
, 0.1122450 secs]
   [Parallel Time: 101.9 ms, GC Workers: 18]
      [GC Worker Start (ms): Min: 380478.6, Avg: 380478.8, Max: 380479.0, Diff: 0.5]
      [Ext Root Scanning (ms): Min: 10.3, Avg: 11.6, Max: 18.2, Diff: 7.9, Sum: 208.4]
      [Update RS (ms): Min: 8.3, Avg: 15.1, Max: 23.4, Diff: 15.1, Sum: 272.5]
         [Processed Buffers: Min: 15, Avg: 44.9, Max: 91, Diff: 76, Sum: 809]
      [Scan RS (ms): Min: 0.0, Avg: 2.1, Max: 5.5, Diff: 5.5, Sum: 38.6]
      [Object Copy (ms): Min: 66.7, Avg: 72.1, Max: 73.9, Diff: 7.3, Sum: 1298.6]
      [Termination (ms): Min: 0.0, Avg: 0.0, Max: 0.0, Diff: 0.0, Sum: 0.2]
      [GC Worker Other (ms): Min: 0.0, Avg: 0.1, Max: 0.2, Diff: 0.2, Sum: 1.6]
      [GC Worker Total (ms): Min: 100.8, Avg: 101.1, Max: 101.4, Diff: 0.5, Sum: 1820.0]
      [GC Worker End (ms): Min: 380579.9, Avg: 380579.9, Max: 380580.0, Diff: 0.2]
   [Code Root Fixup: 0.0 ms]
   [Clear CT: 2.1 ms]
   [Other: 8.3 ms]
      [Choose CSet: 0.0 ms]
      [Ref Proc: 1.4 ms]
      [Ref Enq: 0.1 ms]
      [Free CSet: 0.5 ms]
   [Eden: 1080.0M(1080.0M)->0.0B(6208.0M) Survivors: 280.0M->80.0M Heap: 7731.2M(16.0G)->6717.8M(16.0G)]
 [Times: user=1.68 sys=0.01, real=0.11 secs] 
2014-04-23T23:31:01.173+0000: 392.036: [GC pause (young)
Desired survivor size 364904448 bytes, new threshold 15 (max 15)
- age   1:   33474352 bytes,   33474352 total
, 0.0673170 secs]
   [Parallel Time: 58.8 ms, GC Workers: 18]
      [GC Worker Start (ms): Min: 392037.0, Avg: 392037.3, Max: 392037.7, Diff: 0.6]
      [Ext Root Scanning (ms): Min: 7.8, Avg: 9.5, Max: 19.6, Diff: 11.7, Sum: 170.5]
      [Update RS (ms): Min: 0.8, Avg: 10.4, Max: 12.4, Diff: 11.7, Sum: 186.5]
         [Processed Buffers: Min: 2, Avg: 52.1, Max: 113, Diff: 111, Sum: 937]
      [Scan RS (ms): Min: 1.7, Avg: 1.9, Max: 2.0, Diff: 0.3, Sum: 34.7]
      [Object Copy (ms): Min: 35.6, Avg: 36.0, Max: 36.4, Diff: 0.8, Sum: 648.8]
      [Termination (ms): Min: 0.0, Avg: 0.0, Max: 0.0, Diff: 0.0, Sum: 0.2]
      [GC Worker Other (ms): Min: 0.0, Avg: 0.2, Max: 0.6, Diff: 0.5, Sum: 4.4]
      [GC Worker Total (ms): Min: 57.6, Avg: 58.1, Max: 58.5, Diff: 1.0, Sum: 1045.1]
      [GC Worker End (ms): Min: 392095.2, Avg: 392095.4, Max: 392095.7, Diff: 0.5]
   [Code Root Fixup: 0.0 ms]
   [Clear CT: 2.3 ms]
   [Other: 6.2 ms]
      [Choose CSet: 0.0 ms]
      [Ref Proc: 2.4 ms]
      [Ref Enq: 0.2 ms]
      [Free CSet: 1.6 ms]
   [Eden: 5472.0M(5472.0M)->0.0B(2856.0M) Survivors: 80.0M->176.0M Heap: 11.9G(16.0G)->6833.8M(16.0G)]
 [Times: user=1.03 sys=0.00, real=0.07 secs] 
2014-04-23T23:31:06.659+0000: 397.522: [GC pause (young)
Desired survivor size 159383552 bytes, new threshold 15 (max 15)
- age   1:  127838904 bytes,  127838904 total
- age   2:   20086048 bytes,  147924952 total
, 0.0668720 secs]
   [Parallel Time: 59.9 ms, GC Workers: 18]
      [GC Worker Start (ms): Min: 397523.6, Avg: 397523.9, Max: 397524.3, Diff: 0.7]
      [Ext Root Scanning (ms): Min: 7.2, Avg: 10.3, Max: 20.1, Diff: 13.0, Sum: 185.0]
      [Update RS (ms): Min: 0.0, Avg: 8.5, Max: 17.7, Diff: 17.7, Sum: 153.9]
         [Processed Buffers: Min: 0, Avg: 45.7, Max: 83, Diff: 83, Sum: 823]
      [Scan RS (ms): Min: 0.1, Avg: 2.6, Max: 3.2, Diff: 3.1, Sum: 46.4]
      [Object Copy (ms): Min: 28.3, Avg: 37.1, Max: 38.8, Diff: 10.5, Sum: 667.6]
      [Termination (ms): Min: 0.0, Avg: 0.1, Max: 0.1, Diff: 0.1, Sum: 2.1]
      [GC Worker Other (ms): Min: 0.0, Avg: 0.2, Max: 0.6, Diff: 0.6, Sum: 4.1]
      [GC Worker Total (ms): Min: 58.3, Avg: 58.8, Max: 59.3, Diff: 1.0, Sum: 1059.1]
      [GC Worker End (ms): Min: 397582.6, Avg: 397582.8, Max: 397583.1, Diff: 0.6]
   [Code Root Fixup: 0.0 ms]
   [Clear CT: 1.8 ms]
   [Other: 5.1 ms]
      [Choose CSet: 0.0 ms]
      [Ref Proc: 1.4 ms]
      [Ref Enq: 0.1 ms]
      [Free CSet: 1.5 ms]
   [Eden: 2768.0M(2216.0M)->0.0B(4176.0M) Survivors: 176.0M->184.0M Heap: 9613.8M(16.0G)->6853.8M(16.0G)]
 [Times: user=0.95 sys=0.00, real=0.07 secs] 
2014-04-23T23:31:13.463+0000: 404.326: [GC pause (young)
Desired survivor size 289406976 bytes, new threshold 15 (max 15)
- age   1:   64821184 bytes,   64821184 total
- age   2:   77284976 bytes,  142106160 total
- age   3:   19139568 bytes,  161245728 total
, 0.0861660 secs]
   [Parallel Time: 78.5 ms, GC Workers: 18]
      [GC Worker Start (ms): Min: 404327.4, Avg: 404327.7, Max: 404328.1, Diff: 0.7]
      [Ext Root Scanning (ms): Min: 7.1, Avg: 8.4, Max: 16.1, Diff: 9.0, Sum: 150.7]
      [Update RS (ms): Min: 0.0, Avg: 6.6, Max: 8.0, Diff: 8.0, Sum: 118.6]
         [Processed Buffers: Min: 0, Avg: 46.9, Max: 86, Diff: 86, Sum: 844]
      [Scan RS (ms): Min: 2.8, Avg: 4.5, Max: 14.1, Diff: 11.3, Sum: 80.3]
      [Object Copy (ms): Min: 48.0, Avg: 57.7, Max: 59.1, Diff: 11.0, Sum: 1039.1]
      [Termination (ms): Min: 0.0, Avg: 0.0, Max: 0.1, Diff: 0.1, Sum: 0.9]
      [GC Worker Other (ms): Min: 0.0, Avg: 0.2, Max: 0.4, Diff: 0.4, Sum: 3.3]
      [GC Worker Total (ms): Min: 76.9, Avg: 77.4, Max: 77.8, Diff: 1.0, Sum: 1392.9]
      [GC Worker End (ms): Min: 404404.9, Avg: 404405.1, Max: 404405.3, Diff: 0.4]
   [Code Root Fixup: 0.0 ms]
   [Clear CT: 2.3 ms]
   [Other: 5.4 ms]
      [Choose CSet: 0.0 ms]
      [Ref Proc: 1.9 ms]
      [Ref Enq: 0.1 ms]
      [Free CSet: 1.5 ms]
   [Eden: 4176.0M(4176.0M)->0.0B(2864.0M) Survivors: 184.0M->256.0M Heap: 10.8G(16.0G)->6937.8M(16.0G)]
 [Times: user=1.40 sys=0.01, real=0.09 secs] 
2014-04-23T23:31:18.544+0000: 409.407: [GC pause (young)
Desired survivor size 205520896 bytes, new threshold 4 (max 15)
- age   1:  101318824 bytes,  101318824 total
- age   2:   28788152 bytes,  130106976 total
- age   3:   72905704 bytes,  203012680 total
- age   4:   18198768 bytes,  221211448 total
, 0.0857750 secs]
   [Parallel Time: 78.8 ms, GC Workers: 18]
      [GC Worker Start (ms): Min: 409407.7, Avg: 409408.1, Max: 409409.2, Diff: 1.5]
      [Ext Root Scanning (ms): Min: 7.9, Avg: 10.1, Max: 20.2, Diff: 12.3, Sum: 181.9]
      [Update RS (ms): Min: 0.0, Avg: 11.9, Max: 36.1, Diff: 36.1, Sum: 214.5]
         [Processed Buffers: Min: 0, Avg: 53.6, Max: 97, Diff: 97, Sum: 964]
      [Scan RS (ms): Min: 0.0, Avg: 0.2, Max: 0.3, Diff: 0.3, Sum: 3.9]
      [Object Copy (ms): Min: 32.6, Avg: 55.5, Max: 57.4, Diff: 24.8, Sum: 999.7]
      [Termination (ms): Min: 0.0, Avg: 0.1, Max: 0.1, Diff: 0.1, Sum: 1.6]
      [GC Worker Other (ms): Min: 0.0, Avg: 0.2, Max: 0.4, Diff: 0.4, Sum: 4.0]
      [GC Worker Total (ms): Min: 77.2, Avg: 78.1, Max: 78.7, Diff: 1.5, Sum: 1405.7]
      [GC Worker End (ms): Min: 409486.0, Avg: 409486.2, Max: 409486.4, Diff: 0.4]
   [Code Root Fixup: 0.0 ms]
   [Clear CT: 1.4 ms]
   [Other: 5.5 ms]
      [Choose CSet: 0.0 ms]
      [Ref Proc: 1.9 ms]
      [Ref Enq: 0.2 ms]
      [Free CSet: 1.0 ms]
   [Eden: 2864.0M(2864.0M)->0.0B(3368.0M) Survivors: 256.0M->256.0M Heap: 9809.8M(16.0G)->6960.9M(16.0G)]
 [Times: user=1.32 sys=0.00, real=0.09 secs] 
2014-04-23T23:31:24.406+0000: 415.269: [GC pause (young)
Desired survivor size 188743680 bytes, new threshold 4 (max 15)
- age   1:   53492240 bytes,   53492240 total
- age   2:   78425704 bytes,  131917944 total
- age   3:   26530952 bytes,  158448896 total
- age   4:   70975872 bytes,  229424768 total
, 0.1024040 secs]
   [Parallel Time: 94.0 ms, GC Workers: 18]
      [GC Worker Start (ms): Min: 415270.5, Avg: 415270.8, Max: 415271.1, Diff: 0.6]
      [Ext Root Scanning (ms): Min: 8.6, Avg: 9.9, Max: 17.4, Diff: 8.8, Sum: 177.5]
      [Update RS (ms): Min: 0.9, Avg: 7.5, Max: 9.7, Diff: 8.8, Sum: 134.2]
         [Processed Buffers: Min: 5, Avg: 50.4, Max: 86, Diff: 81, Sum: 908]
      [Scan RS (ms): Min: 2.4, Avg: 3.1, Max: 3.3, Diff: 1.0, Sum: 55.3]
      [Object Copy (ms): Min: 71.9, Avg: 72.2, Max: 73.1, Diff: 1.2, Sum: 1300.2]
      [Termination (ms): Min: 0.0, Avg: 0.1, Max: 0.1, Diff: 0.1, Sum: 0.9]
      [GC Worker Other (ms): Min: 0.0, Avg: 0.2, Max: 0.4, Diff: 0.4, Sum: 2.8]
      [GC Worker Total (ms): Min: 92.5, Avg: 92.8, Max: 93.3, Diff: 0.8, Sum: 1670.9]
      [GC Worker End (ms): Min: 415363.5, Avg: 415363.6, Max: 415363.9, Diff: 0.4]
   [Code Root Fixup: 0.0 ms]
   [Clear CT: 1.9 ms]
   [Other: 6.5 ms]
      [Choose CSet: 0.0 ms]
      [Ref Proc: 1.8 ms]
      [Ref Enq: 0.2 ms]
      [Free CSet: 1.4 ms]
   [Eden: 2736.0M(2576.0M)->0.0B(2832.0M) Survivors: 256.0M->248.0M Heap: 9708.9M(16.0G)->7044.4M(16.0G)]
 [Times: user=1.65 sys=0.01, real=0.11 secs] 
2014-04-23T23:31:28.847+0000: 419.710: [GC pause (young) (initial-mark)
Desired survivor size 205520896 bytes, new threshold 4 (max 15)
- age   1:   92396024 bytes,   92396024 total
- age   2:   19418896 bytes,  111814920 total
- age   3:   74512024 bytes,  186326944 total
- age   4:   25115728 bytes,  211442672 total
, 0.0906840 secs]
   [Parallel Time: 82.3 ms, GC Workers: 18]
      [GC Worker Start (ms): Min: 419711.9, Avg: 419712.3, Max: 419712.7, Diff: 0.7]
      [Ext Root Scanning (ms): Min: 7.3, Avg: 10.1, Max: 31.4, Diff: 24.1, Sum: 181.2]
      [Update RS (ms): Min: 0.0, Avg: 10.8, Max: 16.5, Diff: 16.5, Sum: 194.3]
         [Processed Buffers: Min: 0, Avg: 44.4, Max: 78, Diff: 78, Sum: 800]
      [Scan RS (ms): Min: 0.1, Avg: 1.6, Max: 2.1, Diff: 2.1, Sum: 28.7]
      [Object Copy (ms): Min: 48.5, Avg: 57.9, Max: 59.3, Diff: 10.8, Sum: 1042.1]
      [Termination (ms): Min: 0.0, Avg: 0.2, Max: 0.3, Diff: 0.3, Sum: 4.2]
      [GC Worker Other (ms): Min: 0.0, Avg: 0.2, Max: 0.4, Diff: 0.4, Sum: 3.4]
      [GC Worker Total (ms): Min: 80.4, Avg: 80.8, Max: 81.2, Diff: 0.8, Sum: 1453.9]
      [GC Worker End (ms): Min: 419792.9, Avg: 419793.1, Max: 419793.3, Diff: 0.4]
   [Code Root Fixup: 0.0 ms]
   [Clear CT: 2.0 ms]
   [Other: 6.4 ms]
      [Choose CSet: 0.0 ms]
      [Ref Proc: 2.2 ms]
      [Ref Enq: 0.1 ms]
      [Free CSet: 1.1 ms]
   [Eden: 2272.0M(2832.0M)->0.0B(4048.0M) Survivors: 248.0M->232.0M Heap: 9315.4M(16.0G)->7115.7M(16.0G)]
 [Times: user=1.37 sys=0.00, real=0.10 secs] 
2014-04-23T23:31:28.938+0000: 419.802: [GC concurrent-root-region-scan-start]
2014-04-23T23:31:28.991+0000: 419.855: [GC concurrent-root-region-scan-end, 0.0533330 secs]
2014-04-23T23:31:28.991+0000: 419.855: [GC concurrent-mark-start]
2014-04-23T23:31:31.396+0000: 422.260: [GC concurrent-mark-end, 2.4048430 secs]
2014-04-23T23:31:31.402+0000: 422.265: [GC remark 2014-04-23T23:31:31.404+0000: 422.268: [GC ref-proc, 0.3054970 secs], 0.3362490 secs]
 [Times: user=0.43 sys=0.00, real=0.33 secs] 
2014-04-23T23:31:31.744+0000: 422.608: [GC cleanup 8335M->7617M(16G), 0.0121140 secs]
 [Times: user=0.14 sys=0.00, real=0.01 secs] 
2014-04-23T23:31:31.757+0000: 422.621: [GC concurrent-cleanup-start]
2014-04-23T23:31:31.758+0000: 422.622: [GC concurrent-cleanup-end, 0.0009530 secs]
2014-04-23T23:31:35.281+0000: 426.144: [GC pause (young)
Desired survivor size 201326592 bytes, new threshold 15 (max 15)
- age   1:   58636744 bytes,   58636744 total
- age   2:   47690928 bytes,  106327672 total
- age   3:   16864856 bytes,  123192528 total
- age   4:   72637720 bytes,  195830248 total
, 0.0891570 secs]
   [Parallel Time: 80.8 ms, GC Workers: 18]
      [GC Worker Start (ms): Min: 426145.2, Avg: 426145.4, Max: 426145.5, Diff: 0.4]
      [Ext Root Scanning (ms): Min: 7.7, Avg: 8.8, Max: 16.3, Diff: 8.7, Sum: 159.0]
      [Update RS (ms): Min: 1.1, Avg: 8.5, Max: 9.9, Diff: 8.7, Sum: 153.1]
         [Processed Buffers: Min: 19, Avg: 47.1, Max: 66, Diff: 47, Sum: 848]
      [Scan RS (ms): Min: 3.1, Avg: 3.8, Max: 4.4, Diff: 1.2, Sum: 68.7]
      [Object Copy (ms): Min: 57.4, Avg: 57.9, Max: 58.5, Diff: 1.1, Sum: 1042.1]
      [Termination (ms): Min: 0.0, Avg: 0.0, Max: 0.0, Diff: 0.0, Sum: 0.1]
      [GC Worker Other (ms): Min: 0.0, Avg: 0.5, Max: 1.4, Diff: 1.4, Sum: 9.2]
      [GC Worker Total (ms): Min: 78.9, Avg: 79.6, Max: 80.4, Diff: 1.5, Sum: 1432.0]
      [GC Worker End (ms): Min: 426224.4, Avg: 426224.9, Max: 426225.8, Diff: 1.4]
   [Code Root Fixup: 0.0 ms]
   [Clear CT: 2.5 ms]
   [Other: 5.9 ms]
      [Choose CSet: 0.0 ms]
      [Ref Proc: 2.3 ms]
      [Ref Enq: 0.2 ms]
      [Free CSet: 1.3 ms]
   [Eden: 2808.0M(2808.0M)->0.0B(568.0M) Survivors: 232.0M->248.0M Heap: 9217.9M(16.0G)->6422.9M(16.0G)]
 [Times: user=1.37 sys=0.01, real=0.09 secs] 
2014-04-23T23:31:36.701+0000: 427.564: [GC pause (mixed)
Desired survivor size 54525952 bytes, new threshold 2 (max 15)
- age   1:   51080352 bytes,   51080352 total
- age   2:   38860664 bytes,   89941016 total
- age   3:   43765840 bytes,  133706856 total
- age   4:   14451712 bytes,  148158568 total
- age   5:   70324608 bytes,  218483176 total
, 0.0970000 secs]
   [Parallel Time: 88.7 ms, GC Workers: 18]
      [GC Worker Start (ms): Min: 427565.2, Avg: 427565.6, Max: 427565.9, Diff: 0.6]
      [Ext Root Scanning (ms): Min: 7.8, Avg: 9.2, Max: 20.9, Diff: 13.1, Sum: 165.5]
      [Update RS (ms): Min: 0.0, Avg: 7.0, Max: 8.8, Diff: 8.8, Sum: 125.3]
         [Processed Buffers: Min: 0, Avg: 32.6, Max: 72, Diff: 72, Sum: 586]
      [Scan RS (ms): Min: 7.9, Avg: 12.2, Max: 17.7, Diff: 9.9, Sum: 220.5]
      [Object Copy (ms): Min: 50.1, Avg: 59.1, Max: 62.7, Diff: 12.6, Sum: 1063.3]
      [Termination (ms): Min: 0.0, Avg: 0.0, Max: 0.0, Diff: 0.0, Sum: 0.3]
      [GC Worker Other (ms): Min: 0.0, Avg: 0.1, Max: 0.2, Diff: 0.2, Sum: 1.3]
      [GC Worker Total (ms): Min: 87.3, Avg: 87.6, Max: 88.0, Diff: 0.8, Sum: 1576.2]
      [GC Worker End (ms): Min: 427653.1, Avg: 427653.2, Max: 427653.3, Diff: 0.2]
   [Code Root Fixup: 0.0 ms]
   [Clear CT: 2.0 ms]
   [Other: 6.3 ms]
      [Choose CSet: 0.1 ms]
      [Ref Proc: 1.2 ms]
      [Ref Enq: 0.0 ms]
      [Free CSet: 1.0 ms]
   [Eden: 568.0M(568.0M)->0.0B(712.0M) Survivors: 248.0M->104.0M Heap: 6994.9M(16.0G)->5974.1M(16.0G)]
 [Times: user=1.54 sys=0.00, real=0.09 secs] 
2014-04-23T23:31:37.450+0000: 428.314: [GC pause (mixed)
Desired survivor size 54525952 bytes, new threshold 2 (max 15)
- age   1:   13566328 bytes,   13566328 total
- age   2:   45088120 bytes,   58654448 total
, 0.0879210 secs]
   [Parallel Time: 79.7 ms, GC Workers: 18]
      [GC Worker Start (ms): Min: 428314.5, Avg: 428314.9, Max: 428315.5, Diff: 0.9]
      [Ext Root Scanning (ms): Min: 8.1, Avg: 9.5, Max: 18.2, Diff: 10.1, Sum: 170.6]
      [Update RS (ms): Min: 2.1, Avg: 10.6, Max: 12.3, Diff: 10.2, Sum: 190.0]
         [Processed Buffers: Min: 12, Avg: 36.3, Max: 75, Diff: 63, Sum: 653]
      [Scan RS (ms): Min: 15.2, Avg: 17.7, Max: 22.7, Diff: 7.5, Sum: 318.9]
      [Object Copy (ms): Min: 35.8, Avg: 40.6, Max: 42.5, Diff: 6.6, Sum: 731.0]
      [Termination (ms): Min: 0.0, Avg: 0.0, Max: 0.0, Diff: 0.0, Sum: 0.6]
      [GC Worker Other (ms): Min: 0.0, Avg: 0.1, Max: 0.4, Diff: 0.4, Sum: 2.2]
      [GC Worker Total (ms): Min: 77.9, Avg: 78.5, Max: 79.1, Diff: 1.2, Sum: 1413.3]
      [GC Worker End (ms): Min: 428393.4, Avg: 428393.5, Max: 428393.7, Diff: 0.4]
   [Code Root Fixup: 0.2 ms]
   [Clear CT: 2.1 ms]
   [Other: 6.0 ms]
      [Choose CSet: 0.2 ms]
      [Ref Proc: 1.3 ms]
      [Ref Enq: 0.0 ms]
      [Free CSet: 1.6 ms]
   [Eden: 712.0M(712.0M)->0.0B(712.0M) Survivors: 104.0M->104.0M Heap: 6686.1M(16.0G)->5636.0M(16.0G)]
 [Times: user=1.40 sys=0.01, real=0.08 secs] 
2014-04-23T23:31:38.653+0000: 429.516: [GC pause (mixed)
Desired survivor size 54525952 bytes, new threshold 1 (max 15)
- age   1:   66135616 bytes,   66135616 total
- age   2:    7376896 bytes,   73512512 total
, 0.0515550 secs]
   [Parallel Time: 46.4 ms, GC Workers: 18]
      [GC Worker Start (ms): Min: 429517.3, Avg: 429517.7, Max: 429518.0, Diff: 0.7]
      [Ext Root Scanning (ms): Min: 7.3, Avg: 8.5, Max: 16.1, Diff: 8.8, Sum: 153.3]
      [Update RS (ms): Min: 11.0, Avg: 18.5, Max: 20.9, Diff: 9.9, Sum: 332.7]
         [Processed Buffers: Min: 11, Avg: 44.2, Max: 94, Diff: 83, Sum: 796]
      [Scan RS (ms): Min: 0.7, Avg: 4.9, Max: 16.0, Diff: 15.3, Sum: 87.4]
      [Object Copy (ms): Min: 2.8, Avg: 13.6, Max: 15.9, Diff: 13.1, Sum: 244.4]
      [Termination (ms): Min: 0.0, Avg: 0.0, Max: 0.0, Diff: 0.0, Sum: 0.1]
      [GC Worker Other (ms): Min: 0.0, Avg: 0.1, Max: 0.2, Diff: 0.2, Sum: 1.2]
      [GC Worker Total (ms): Min: 45.2, Avg: 45.5, Max: 46.0, Diff: 0.8, Sum: 819.0]
      [GC Worker End (ms): Min: 429563.1, Avg: 429563.2, Max: 429563.3, Diff: 0.2]
   [Code Root Fixup: 0.1 ms]
   [Clear CT: 1.4 ms]
   [Other: 3.6 ms]
      [Choose CSet: 0.1 ms]
      [Ref Proc: 0.8 ms]
      [Ref Enq: 0.0 ms]
      [Free CSet: 0.6 ms]
   [Eden: 712.0M(712.0M)->0.0B(8928.0M) Survivors: 104.0M->80.0M Heap: 6352.0M(16.0G)->5595.9M(16.0G)]
 [Times: user=0.79 sys=0.00, real=0.05 secs] 
2014-04-23T23:31:56.625+0000: 447.488: [GC pause (young)
Desired survivor size 591396864 bytes, new threshold 15 (max 15)
- age   1:   19481608 bytes,   19481608 total
, 0.0884940 secs]
   [Parallel Time: 74.4 ms, GC Workers: 18]
      [GC Worker Start (ms): Min: 447490.3, Avg: 447490.6, Max: 447490.9, Diff: 0.7]
      [Ext Root Scanning (ms): Min: 9.6, Avg: 10.8, Max: 21.0, Diff: 11.4, Sum: 194.1]
      [Update RS (ms): Min: 1.7, Avg: 11.6, Max: 14.2, Diff: 12.6, Sum: 208.9]
         [Processed Buffers: Min: 25, Avg: 64.0, Max: 121, Diff: 96, Sum: 1152]
      [Scan RS (ms): Min: 0.6, Avg: 2.6, Max: 3.1, Diff: 2.5, Sum: 46.4]
      [Object Copy (ms): Min: 47.3, Avg: 47.6, Max: 48.1, Diff: 0.9, Sum: 857.4]
      [Termination (ms): Min: 0.0, Avg: 0.0, Max: 0.0, Diff: 0.0, Sum: 0.4]
      [GC Worker Other (ms): Min: 0.0, Avg: 0.4, Max: 0.7, Diff: 0.7, Sum: 6.4]
      [GC Worker Total (ms): Min: 72.4, Avg: 73.0, Max: 73.6, Diff: 1.2, Sum: 1313.7]
      [GC Worker End (ms): Min: 447563.3, Avg: 447563.6, Max: 447563.9, Diff: 0.6]
   [Code Root Fixup: 0.0 ms]
   [Clear CT: 3.1 ms]
   [Other: 11.0 ms]
      [Choose CSet: 0.0 ms]
      [Ref Proc: 3.7 ms]
      [Ref Enq: 0.4 ms]
      [Free CSet: 3.7 ms]
   [Eden: 8928.0M(8928.0M)->0.0B(6400.0M) Survivors: 80.0M->208.0M Heap: 14.2G(16.0G)->5764.8M(16.0G)]
 [Times: user=1.30 sys=0.01, real=0.09 secs] 
2014-04-23T23:32:08.865+0000: 459.729: [GC pause (young)
Desired survivor size 381681664 bytes, new threshold 15 (max 15)
- age   1:  176457400 bytes,  176457400 total
- age   2:   11898896 bytes,  188356296 total
, 0.1250620 secs]
   [Parallel Time: 114.7 ms, GC Workers: 18]
      [GC Worker Start (ms): Min: 459730.2, Avg: 459730.6, Max: 459730.9, Diff: 0.7]
      [Ext Root Scanning (ms): Min: 10.0, Avg: 11.7, Max: 23.9, Diff: 13.9, Sum: 209.8]
      [Update RS (ms): Min: 0.0, Avg: 8.5, Max: 11.7, Diff: 11.7, Sum: 152.7]
         [Processed Buffers: Min: 0, Avg: 54.2, Max: 83, Diff: 83, Sum: 976]
      [Scan RS (ms): Min: 0.0, Avg: 3.6, Max: 4.0, Diff: 4.0, Sum: 64.1]
      [Object Copy (ms): Min: 86.5, Avg: 87.1, Max: 88.6, Diff: 2.1, Sum: 1567.5]
      [Termination (ms): Min: 0.0, Avg: 1.7, Max: 1.8, Diff: 1.8, Sum: 30.0]
      [GC Worker Other (ms): Min: 0.0, Avg: 0.9, Max: 1.7, Diff: 1.7, Sum: 16.3]
      [GC Worker Total (ms): Min: 112.2, Avg: 113.4, Max: 114.4, Diff: 2.2, Sum: 2040.5]
      [GC Worker End (ms): Min: 459843.1, Avg: 459844.0, Max: 459844.8, Diff: 1.7]
   [Code Root Fixup: 0.0 ms]
   [Clear CT: 2.6 ms]
   [Other: 7.8 ms]
      [Choose CSet: 0.0 ms]
      [Ref Proc: 2.3 ms]
      [Ref Enq: 0.3 ms]
      [Free CSet: 2.8 ms]
   [Eden: 5560.0M(5560.0M)->0.0B(3480.0M) Survivors: 208.0M->360.0M Heap: 11.1G(16.0G)->5940.4M(16.0G)]
 [Times: user=1.96 sys=0.01, real=0.12 secs] 
2014-04-23T23:32:13.986+0000: 464.850: [GC pause (young)
Desired survivor size 209715200 bytes, new threshold 2 (max 15)
- age   1:  198931048 bytes,  198931048 total
- age   2:  128143312 bytes,  327074360 total
- age   3:   11656472 bytes,  338730832 total
, 0.1336240 secs]
   [Parallel Time: 122.3 ms, GC Workers: 18]
      [GC Worker Start (ms): Min: 464850.8, Avg: 464851.2, Max: 464851.5, Diff: 0.7]
      [Ext Root Scanning (ms): Min: 9.4, Avg: 11.0, Max: 18.6, Diff: 9.2, Sum: 197.5]
      [Update RS (ms): Min: 0.0, Avg: 6.8, Max: 9.8, Diff: 9.8, Sum: 122.4]
         [Processed Buffers: Min: 0, Avg: 46.8, Max: 80, Diff: 80, Sum: 843]
      [Scan RS (ms): Min: 1.6, Avg: 3.4, Max: 3.8, Diff: 2.2, Sum: 61.5]
      [Object Copy (ms): Min: 98.9, Avg: 99.4, Max: 100.1, Diff: 1.2, Sum: 1788.7]
      [Termination (ms): Min: 0.0, Avg: 0.0, Max: 0.0, Diff: 0.0, Sum: 0.1]
      [GC Worker Other (ms): Min: 0.0, Avg: 0.2, Max: 0.5, Diff: 0.4, Sum: 3.5]
      [GC Worker Total (ms): Min: 120.3, Avg: 120.8, Max: 121.5, Diff: 1.1, Sum: 2173.7]
      [GC Worker End (ms): Min: 464971.8, Avg: 464971.9, Max: 464972.2, Diff: 0.4]
   [Code Root Fixup: 0.0 ms]
   [Clear CT: 2.4 ms]
   [Other: 8.9 ms]
      [Choose CSet: 0.0 ms]
      [Ref Proc: 1.6 ms]
      [Ref Enq: 0.1 ms]
      [Free CSet: 2.7 ms]
   [Eden: 2792.0M(2792.0M)->0.0B(1168.0M) Survivors: 360.0M->288.0M Heap: 8744.4M(16.0G)->6012.0M(16.0G)]
 [Times: user=2.13 sys=0.00, real=0.13 secs] 
2014-04-23T23:32:15.339+0000: 466.203: [GC pause (young)
Desired survivor size 96468992 bytes, new threshold 1 (max 15)
- age   1:  107535552 bytes,  107535552 total
- age   2:  152961848 bytes,  260497400 total
, 0.0943850 secs]
   [Parallel Time: 85.9 ms, GC Workers: 18]
      [GC Worker Start (ms): Min: 466203.7, Avg: 466204.1, Max: 466204.5, Diff: 0.8]
      [Ext Root Scanning (ms): Min: 8.8, Avg: 10.7, Max: 17.2, Diff: 8.4, Sum: 192.9]
      [Update RS (ms): Min: 6.0, Avg: 12.6, Max: 16.1, Diff: 10.1, Sum: 227.6]
         [Processed Buffers: Min: 7, Avg: 40.2, Max: 75, Diff: 68, Sum: 724]
      [Scan RS (ms): Min: 0.0, Avg: 0.9, Max: 1.3, Diff: 1.3, Sum: 16.4]
      [Object Copy (ms): Min: 59.2, Avg: 60.5, Max: 61.1, Diff: 1.9, Sum: 1088.2]
      [Termination (ms): Min: 0.0, Avg: 0.0, Max: 0.0, Diff: 0.0, Sum: 0.1]
      [GC Worker Other (ms): Min: 0.0, Avg: 0.1, Max: 0.4, Diff: 0.4, Sum: 2.3]
      [GC Worker Total (ms): Min: 84.4, Avg: 84.9, Max: 85.5, Diff: 1.1, Sum: 1527.3]
      [GC Worker End (ms): Min: 466288.9, Avg: 466289.0, Max: 466289.3, Diff: 0.4]
   [Code Root Fixup: 0.0 ms]
   [Clear CT: 1.3 ms]
   [Other: 7.1 ms]
      [Choose CSet: 0.0 ms]
      [Ref Proc: 1.6 ms]
      [Ref Enq: 0.0 ms]
      [Free CSet: 0.7 ms]
   [Eden: 1168.0M(1168.0M)->0.0B(6680.0M) Survivors: 288.0M->104.0M Heap: 7180.0M(16.0G)->6052.0M(16.0G)]
 [Times: user=1.48 sys=0.00, real=0.09 secs] 
2014-04-23T23:32:30.644+0000: 481.507: [GC pause (young)
Desired survivor size 419430400 bytes, new threshold 15 (max 15)
- age   1:   50121736 bytes,   50121736 total
, 0.0828620 secs]
   [Parallel Time: 72.3 ms, GC Workers: 18]
      [GC Worker Start (ms): Min: 481508.8, Avg: 481509.3, Max: 481509.7, Diff: 0.9]
      [Ext Root Scanning (ms): Min: 9.0, Avg: 10.9, Max: 23.7, Diff: 14.7, Sum: 196.7]
      [Update RS (ms): Min: 0.0, Avg: 11.8, Max: 13.8, Diff: 13.8, Sum: 212.9]
         [Processed Buffers: Min: 0, Avg: 58.3, Max: 106, Diff: 106, Sum: 1050]
      [Scan RS (ms): Min: 2.5, Avg: 3.5, Max: 7.1, Diff: 4.6, Sum: 63.8]
      [Object Copy (ms): Min: 40.8, Avg: 44.2, Max: 45.2, Diff: 4.4, Sum: 796.0]
      [Termination (ms): Min: 0.0, Avg: 0.1, Max: 0.1, Diff: 0.1, Sum: 1.7]
      [GC Worker Other (ms): Min: 0.0, Avg: 0.5, Max: 1.1, Diff: 1.1, Sum: 8.9]
      [GC Worker Total (ms): Min: 70.4, Avg: 71.1, Max: 72.2, Diff: 1.8, Sum: 1280.0]
      [GC Worker End (ms): Min: 481579.9, Avg: 481580.4, Max: 481581.1, Diff: 1.1]
   [Code Root Fixup: 0.0 ms]
   [Clear CT: 2.3 ms]
   [Other: 8.3 ms]
      [Choose CSet: 0.0 ms]
      [Ref Proc: 2.5 ms]
      [Ref Enq: 0.4 ms]
      [Free CSet: 2.7 ms]
   [Eden: 6248.0M(6248.0M)->0.0B(3800.0M) Survivors: 104.0M->192.0M Heap: 12.0G(16.0G)->6176.0M(16.0G)]
 [Times: user=1.26 sys=0.00, real=0.08 secs] 
2014-04-23T23:32:35.888+0000: 486.751: [GC pause (young)
Desired survivor size 197132288 bytes, new threshold 15 (max 15)
- age   1:  139731584 bytes,  139731584 total
- age   2:   30117824 bytes,  169849408 total
, 0.1027920 secs]
   [Parallel Time: 95.0 ms, GC Workers: 18]
      [GC Worker Start (ms): Min: 486752.2, Avg: 486752.6, Max: 486752.9, Diff: 0.7]
      [Ext Root Scanning (ms): Min: 8.6, Avg: 11.2, Max: 21.9, Diff: 13.2, Sum: 201.5]
      [Update RS (ms): Min: 0.0, Avg: 8.2, Max: 12.2, Diff: 12.2, Sum: 147.9]
         [Processed Buffers: Min: 0, Avg: 49.2, Max: 86, Diff: 86, Sum: 886]
      [Scan RS (ms): Min: 2.1, Avg: 4.5, Max: 5.0, Diff: 2.8, Sum: 81.3]
      [Object Copy (ms): Min: 69.3, Avg: 69.6, Max: 70.6, Diff: 1.3, Sum: 1253.1]
      [Termination (ms): Min: 0.0, Avg: 0.1, Max: 0.2, Diff: 0.2, Sum: 2.3]
      [GC Worker Other (ms): Min: 0.0, Avg: 0.2, Max: 0.5, Diff: 0.5, Sum: 4.4]
      [GC Worker Total (ms): Min: 93.5, Avg: 93.9, Max: 94.4, Diff: 1.0, Sum: 1690.5]
      [GC Worker End (ms): Min: 486846.3, Avg: 486846.5, Max: 486846.8, Diff: 0.5]
   [Code Root Fixup: 0.0 ms]
   [Clear CT: 2.3 ms]
   [Other: 5.6 ms]
      [Choose CSet: 0.0 ms]
      [Ref Proc: 1.8 ms]
      [Ref Enq: 0.1 ms]
      [Free CSet: 1.6 ms]
   [Eden: 3088.0M(2792.0M)->0.0B(2096.0M) Survivors: 192.0M->272.0M Heap: 9276.0M(16.0G)->6270.8M(16.0G)]
 [Times: user=1.61 sys=0.00, real=0.10 secs] 
2014-04-23T23:32:38.711+0000: 489.574: [GC pause (young)
Desired survivor size 155189248 bytes, new threshold 2 (max 15)
- age   1:  115272424 bytes,  115272424 total
- age   2:  104411376 bytes,  219683800 total
- age   3:   29560840 bytes,  249244640 total
, 0.0992030 secs]
   [Parallel Time: 90.5 ms, GC Workers: 18]
      [GC Worker Start (ms): Min: 489575.3, Avg: 489575.7, Max: 489576.0, Diff: 0.7]
      [Ext Root Scanning (ms): Min: 7.9, Avg: 10.0, Max: 20.8, Diff: 12.8, Sum: 179.2]
      [Update RS (ms): Min: 0.0, Avg: 10.0, Max: 12.4, Diff: 12.4, Sum: 180.3]
         [Processed Buffers: Min: 0, Avg: 42.4, Max: 84, Diff: 84, Sum: 764]
      [Scan RS (ms): Min: 0.0, Avg: 0.2, Max: 0.2, Diff: 0.2, Sum: 3.0]
      [Object Copy (ms): Min: 69.0, Avg: 69.3, Max: 69.8, Diff: 0.8, Sum: 1248.1]
      [Termination (ms): Min: 0.0, Avg: 0.0, Max: 0.1, Diff: 0.1, Sum: 0.7]
      [GC Worker Other (ms): Min: 0.0, Avg: 0.2, Max: 0.4, Diff: 0.4, Sum: 3.0]
      [GC Worker Total (ms): Min: 89.3, Avg: 89.7, Max: 90.3, Diff: 1.0, Sum: 1614.3]
      [GC Worker End (ms): Min: 489665.2, Avg: 489665.3, Max: 489665.6, Diff: 0.4]
   [Code Root Fixup: 0.0 ms]
   [Clear CT: 1.3 ms]
   [Other: 7.4 ms]
      [Choose CSet: 0.0 ms]
      [Ref Proc: 1.8 ms]
      [Ref Enq: 0.1 ms]
      [Free CSet: 0.9 ms]
   [Eden: 2096.0M(2096.0M)->0.0B(3112.0M) Survivors: 272.0M->168.0M Heap: 8370.8M(16.0G)->6304.6M(16.0G)]
 [Times: user=1.60 sys=0.00, real=0.10 secs] 
2014-04-23T23:32:40.794+0000: 491.658: [GC pause (young)
Desired survivor size 218103808 bytes, new threshold 15 (max 15)
- age   1:   48441040 bytes,   48441040 total
- age   2:   92337472 bytes,  140778512 total
, 0.0763160 secs]
   [Parallel Time: 68.4 ms, GC Workers: 18]
      [GC Worker Start (ms): Min: 491658.7, Avg: 491659.0, Max: 491659.3, Diff: 0.7]
      [Ext Root Scanning (ms): Min: 8.6, Avg: 9.9, Max: 21.1, Diff: 12.5, Sum: 177.6]
      [Update RS (ms): Min: 0.0, Avg: 7.6, Max: 9.0, Diff: 9.0, Sum: 136.1]
         [Processed Buffers: Min: 0, Avg: 37.0, Max: 57, Diff: 57, Sum: 666]
      [Scan RS (ms): Min: 0.0, Avg: 2.0, Max: 2.3, Diff: 2.3, Sum: 36.7]
      [Object Copy (ms): Min: 45.7, Avg: 47.4, Max: 48.1, Diff: 2.4, Sum: 853.3]
      [Termination (ms): Min: 0.0, Avg: 0.0, Max: 0.0, Diff: 0.0, Sum: 0.5]
      [GC Worker Other (ms): Min: 0.0, Avg: 0.3, Max: 0.6, Diff: 0.6, Sum: 5.4]
      [GC Worker Total (ms): Min: 66.6, Avg: 67.2, Max: 67.7, Diff: 1.0, Sum: 1209.7]
      [GC Worker End (ms): Min: 491725.9, Avg: 491726.2, Max: 491726.6, Diff: 0.6]
   [Code Root Fixup: 0.0 ms]
   [Clear CT: 2.9 ms]
   [Other: 5.0 ms]
      [Choose CSet: 0.0 ms]
      [Ref Proc: 1.4 ms]
      [Ref Enq: 0.2 ms]
      [Free CSet: 1.5 ms]
   [Eden: 3112.0M(3112.0M)->0.0B(2984.0M) Survivors: 168.0M->224.0M Heap: 9420.6M(16.0G)->6364.6M(16.0G)]
 [Times: user=1.18 sys=0.01, real=0.08 secs] 
2014-04-23T23:32:44.378+0000: 495.241: [GC pause (young)
Desired survivor size 213909504 bytes, new threshold 15 (max 15)
- age   1:   68421832 bytes,   68421832 total
- age   2:   37871192 bytes,  106293024 total
- age   3:   88834920 bytes,  195127944 total
, 0.1104070 secs]
   [Parallel Time: 105.1 ms, GC Workers: 18]
      [GC Worker Start (ms): Min: 495242.3, Avg: 495242.6, Max: 495242.8, Diff: 0.5]
      [Ext Root Scanning (ms): Min: 8.8, Avg: 10.8, Max: 32.4, Diff: 23.6, Sum: 194.4]
      [Update RS (ms): Min: 0.0, Avg: 9.8, Max: 12.7, Diff: 12.7, Sum: 176.8]
         [Processed Buffers: Min: 0, Avg: 39.7, Max: 67, Diff: 67, Sum: 715]
      [Scan RS (ms): Min: 0.0, Avg: 0.5, Max: 4.2, Diff: 4.1, Sum: 8.2]
      [Object Copy (ms): Min: 71.2, Avg: 82.7, Max: 84.5, Diff: 13.3, Sum: 1489.5]
      [Termination (ms): Min: 0.0, Avg: 0.0, Max: 0.0, Diff: 0.0, Sum: 0.1]
      [GC Worker Other (ms): Min: 0.0, Avg: 0.4, Max: 0.8, Diff: 0.8, Sum: 6.8]
      [GC Worker Total (ms): Min: 103.7, Avg: 104.2, Max: 104.7, Diff: 1.0, Sum: 1875.8]
      [GC Worker End (ms): Min: 495346.4, Avg: 495346.8, Max: 495347.2, Diff: 0.7]
   [Code Root Fixup: 0.0 ms]
   [Clear CT: 1.3 ms]
   [Other: 4.0 ms]
      [Choose CSet: 0.0 ms]
      [Ref Proc: 1.1 ms]
      [Ref Enq: 0.1 ms]
      [Free CSet: 1.1 ms]
   [Eden: 2984.0M(2984.0M)->0.0B(1576.0M) Survivors: 224.0M->392.0M Heap: 9352.6M(16.0G)->6536.6M(16.0G)]
 [Times: user=1.83 sys=0.00, real=0.11 secs] 
2014-04-23T23:32:47.014+0000: 497.878: [GC pause (young)
Desired survivor size 100663296 bytes, new threshold 1 (max 15)
- age   1:  198835056 bytes,  198835056 total
- age   2:   38162312 bytes,  236997368 total
- age   3:   32876656 bytes,  269874024 total
- age   4:   86583976 bytes,  356458000 total
, 0.1126010 secs]
   [Parallel Time: 103.3 ms, GC Workers: 18]
      [GC Worker Start (ms): Min: 497878.4, Avg: 497878.7, Max: 497878.9, Diff: 0.5]
      [Ext Root Scanning (ms): Min: 8.3, Avg: 9.7, Max: 19.6, Diff: 11.2, Sum: 174.6]
      [Update RS (ms): Min: 0.0, Avg: 6.1, Max: 9.3, Diff: 9.3, Sum: 110.6]
         [Processed Buffers: Min: 0, Avg: 34.8, Max: 56, Diff: 56, Sum: 626]
      [Scan RS (ms): Min: 0.0, Avg: 2.3, Max: 2.8, Diff: 2.8, Sum: 40.8]
      [Object Copy (ms): Min: 82.9, Avg: 84.3, Max: 84.9, Diff: 1.9, Sum: 1516.7]
      [Termination (ms): Min: 0.0, Avg: 0.1, Max: 0.1, Diff: 0.1, Sum: 1.6]
      [GC Worker Other (ms): Min: 0.0, Avg: 0.1, Max: 0.4, Diff: 0.3, Sum: 2.7]
      [GC Worker Total (ms): Min: 102.3, Avg: 102.6, Max: 102.9, Diff: 0.7, Sum: 1846.9]
      [GC Worker End (ms): Min: 497981.2, Avg: 497981.3, Max: 497981.5, Diff: 0.4]
   [Code Root Fixup: 0.0 ms]
   [Clear CT: 1.6 ms]
   [Other: 7.7 ms]
      [Choose CSet: 0.0 ms]
      [Ref Proc: 1.3 ms]
      [Ref Enq: 0.1 ms]
      [Free CSet: 1.1 ms]
   [Eden: 1152.0M(1128.0M)->0.0B(4928.0M) Survivors: 392.0M->96.0M Heap: 7696.6M(16.0G)->6483.0M(16.0G)]
 [Times: user=1.81 sys=0.01, real=0.11 secs] 
2014-04-23T23:32:56.252+0000: 507.115: [GC pause (young)
Desired survivor size 331350016 bytes, new threshold 15 (max 15)
- age   1:   56687216 bytes,   56687216 total
, 0.1148570 secs]
   [Parallel Time: 88.3 ms, GC Workers: 18]
      [GC Worker Start (ms): Min: 507116.8, Avg: 507117.2, Max: 507117.6, Diff: 0.8]
      [Ext Root Scanning (ms): Min: 9.5, Avg: 11.2, Max: 20.8, Diff: 11.3, Sum: 201.8]
      [Update RS (ms): Min: 3.8, Avg: 13.2, Max: 16.7, Diff: 12.8, Sum: 237.3]
         [Processed Buffers: Min: 30, Avg: 57.0, Max: 90, Diff: 60, Sum: 1026]
      [Scan RS (ms): Min: 0.4, Avg: 2.2, Max: 2.5, Diff: 2.0, Sum: 39.5]
      [Object Copy (ms): Min: 45.0, Avg: 45.5, Max: 46.7, Diff: 1.7, Sum: 819.6]
      [Termination (ms): Min: 0.0, Avg: 0.0, Max: 0.0, Diff: 0.0, Sum: 0.4]
      [GC Worker Other (ms): Min: 0.0, Avg: 6.4, Max: 13.9, Diff: 13.8, Sum: 116.0]
      [GC Worker Total (ms): Min: 72.1, Avg: 78.6, Max: 86.3, Diff: 14.2, Sum: 1414.6]
      [GC Worker End (ms): Min: 507189.4, Avg: 507195.8, Max: 507203.2, Diff: 13.8]
   [Code Root Fixup: 0.0 ms]
   [Clear CT: 2.3 ms]
   [Other: 24.2 ms]
      [Choose CSet: 0.0 ms]
      [Ref Proc: 19.6 ms]
      [Ref Enq: 0.3 ms]
      [Free CSet: 1.9 ms]
   [Eden: 4928.0M(4928.0M)->0.0B(952.0M) Survivors: 96.0M->192.0M Heap: 11.2G(16.0G)->6604.0M(16.0G)]
 [Times: user=1.34 sys=0.00, real=0.11 secs] 
2014-04-23T23:32:58.855+0000: 509.719: [GC pause (young)
Desired survivor size 75497472 bytes, new threshold 1 (max 15)
- age   1:  109022864 bytes,  109022864 total
- age   2:   49154904 bytes,  158177768 total
, 0.0740100 secs]
   [Parallel Time: 66.6 ms, GC Workers: 18]
      [GC Worker Start (ms): Min: 509719.3, Avg: 509719.6, Max: 509719.8, Diff: 0.6]
      [Ext Root Scanning (ms): Min: 8.8, Avg: 10.5, Max: 17.0, Diff: 8.2, Sum: 189.5]
      [Update RS (ms): Min: 1.8, Avg: 8.9, Max: 15.7, Diff: 13.9, Sum: 160.0]
         [Processed Buffers: Min: 1, Avg: 37.2, Max: 93, Diff: 92, Sum: 670]
      [Scan RS (ms): Min: 0.0, Avg: 0.1, Max: 0.1, Diff: 0.1, Sum: 1.4]
      [Object Copy (ms): Min: 38.1, Avg: 45.5, Max: 47.7, Diff: 9.6, Sum: 818.6]
      [Termination (ms): Min: 0.0, Avg: 0.2, Max: 0.3, Diff: 0.3, Sum: 4.2]
      [GC Worker Other (ms): Min: 0.0, Avg: 0.1, Max: 0.1, Diff: 0.1, Sum: 1.0]
      [GC Worker Total (ms): Min: 65.0, Avg: 65.3, Max: 65.6, Diff: 0.6, Sum: 1174.6]
      [GC Worker End (ms): Min: 509784.8, Avg: 509784.8, Max: 509784.9, Diff: 0.1]
   [Code Root Fixup: 0.0 ms]
   [Clear CT: 1.4 ms]
   [Other: 6.0 ms]
      [Choose CSet: 0.0 ms]
      [Ref Proc: 1.7 ms]
      [Ref Enq: 0.1 ms]
      [Free CSet: 0.5 ms]
   [Eden: 952.0M(952.0M)->0.0B(5192.0M) Survivors: 192.0M->80.0M Heap: 7560.0M(16.0G)->6675.0M(16.0G)]
 [Times: user=1.03 sys=0.01, real=0.07 secs] 
2014-04-23T23:33:09.157+0000: 520.021: [GC pause (young)
Desired survivor size 327155712 bytes, new threshold 15 (max 15)
- age   1:   28637976 bytes,   28637976 total
, 0.0610230 secs]
   [Parallel Time: 51.6 ms, GC Workers: 18]
      [GC Worker Start (ms): Min: 520021.8, Avg: 520022.2, Max: 520022.4, Diff: 0.6]
      [Ext Root Scanning (ms): Min: 7.7, Avg: 10.4, Max: 23.7, Diff: 16.0, Sum: 187.0]
      [Update RS (ms): Min: 0.0, Avg: 9.9, Max: 12.0, Diff: 12.0, Sum: 178.7]
         [Processed Buffers: Min: 0, Avg: 57.1, Max: 93, Diff: 93, Sum: 1028]
      [Scan RS (ms): Min: 0.0, Avg: 2.2, Max: 5.1, Diff: 5.0, Sum: 39.1]
      [Object Copy (ms): Min: 25.0, Avg: 27.9, Max: 29.0, Diff: 4.0, Sum: 501.8]
      [Termination (ms): Min: 0.0, Avg: 0.0, Max: 0.0, Diff: 0.0, Sum: 0.5]
      [GC Worker Other (ms): Min: 0.0, Avg: 0.2, Max: 0.5, Diff: 0.5, Sum: 4.1]
      [GC Worker Total (ms): Min: 50.3, Avg: 50.6, Max: 51.0, Diff: 0.7, Sum: 911.2]
      [GC Worker End (ms): Min: 520072.6, Avg: 520072.8, Max: 520073.0, Diff: 0.5]
   [Code Root Fixup: 0.0 ms]
   [Clear CT: 2.5 ms]
   [Other: 6.9 ms]
      [Choose CSet: 0.0 ms]
      [Ref Proc: 2.7 ms]
      [Ref Enq: 0.3 ms]
      [Free CSet: 2.1 ms]
   [Eden: 4872.0M(4872.0M)->0.0B(5088.0M) Survivors: 80.0M->152.0M Heap: 11.3G(16.0G)->6765.9M(16.0G)]
 [Times: user=0.90 sys=0.01, real=0.06 secs] 
2014-04-23T23:33:15.608+0000: 526.471: [GC pause (young)
Desired survivor size 285212672 bytes, new threshold 15 (max 15)
- age   1:   91737688 bytes,   91737688 total
- age   2:   16060072 bytes,  107797760 total
, 0.0748230 secs]
   [Parallel Time: 64.6 ms, GC Workers: 18]
      [GC Worker Start (ms): Min: 526472.5, Avg: 526472.9, Max: 526473.1, Diff: 0.6]
      [Ext Root Scanning (ms): Min: 11.6, Avg: 15.1, Max: 20.1, Diff: 8.5, Sum: 271.1]
      [Update RS (ms): Min: 2.1, Avg: 7.1, Max: 9.7, Diff: 7.6, Sum: 127.8]
         [Processed Buffers: Min: 18, Avg: 44.9, Max: 87, Diff: 69, Sum: 809]
      [Scan RS (ms): Min: 2.3, Avg: 3.5, Max: 6.4, Diff: 4.1, Sum: 63.4]
      [Object Copy (ms): Min: 34.8, Avg: 37.0, Max: 37.8, Diff: 2.9, Sum: 665.3]
      [Termination (ms): Min: 0.0, Avg: 0.0, Max: 0.0, Diff: 0.0, Sum: 0.4]
      [GC Worker Other (ms): Min: 0.0, Avg: 0.2, Max: 0.7, Diff: 0.7, Sum: 4.3]
      [GC Worker Total (ms): Min: 62.5, Avg: 62.9, Max: 63.5, Diff: 1.0, Sum: 1132.2]
      [GC Worker End (ms): Min: 526535.5, Avg: 526535.8, Max: 526536.2, Diff: 0.6]
   [Code Root Fixup: 0.0 ms]
   [Clear CT: 2.7 ms]
   [Other: 7.5 ms]
      [Choose CSet: 0.0 ms]
      [Ref Proc: 2.7 ms]
      [Ref Enq: 0.2 ms]
      [Free CSet: 2.4 ms]
   [Eden: 4848.0M(4200.0M)->0.0B(5800.0M) Survivors: 152.0M->176.0M Heap: 11.4G(16.0G)->6805.5M(16.0G)]
 [Times: user=1.02 sys=0.01, real=0.07 secs] 
2014-04-23T23:33:26.273+0000: 537.136: [GC pause (young)
Desired survivor size 318767104 bytes, new threshold 15 (max 15)
- age   1:   71041848 bytes,   71041848 total
- age   2:   70669840 bytes,  141711688 total
- age   3:   15187552 bytes,  156899240 total
, 0.0912530 secs]
   [Parallel Time: 80.5 ms, GC Workers: 18]
      [GC Worker Start (ms): Min: 537137.4, Avg: 537137.7, Max: 537138.0, Diff: 0.6]
      [Ext Root Scanning (ms): Min: 9.5, Avg: 10.9, Max: 20.2, Diff: 10.7, Sum: 195.7]
      [Update RS (ms): Min: 1.9, Avg: 11.5, Max: 16.2, Diff: 14.4, Sum: 207.3]
         [Processed Buffers: Min: 8, Avg: 51.8, Max: 102, Diff: 94, Sum: 932]
      [Scan RS (ms): Min: 0.2, Avg: 3.4, Max: 4.3, Diff: 4.1, Sum: 60.7]
      [Object Copy (ms): Min: 52.6, Avg: 53.1, Max: 54.4, Diff: 1.8, Sum: 954.9]
      [Termination (ms): Min: 0.0, Avg: 0.0, Max: 0.0, Diff: 0.0, Sum: 0.1]
      [GC Worker Other (ms): Min: 0.0, Avg: 0.2, Max: 0.6, Diff: 0.6, Sum: 4.5]
      [GC Worker Total (ms): Min: 78.6, Avg: 79.1, Max: 79.6, Diff: 1.0, Sum: 1423.2]
      [GC Worker End (ms): Min: 537216.5, Avg: 537216.7, Max: 537217.1, Diff: 0.6]
   [Code Root Fixup: 0.1 ms]
   [Clear CT: 2.6 ms]
   [Other: 8.1 ms]
      [Choose CSet: 0.0 ms]
      [Ref Proc: 2.8 ms]
      [Ref Enq: 0.3 ms]
      [Free CSet: 2.7 ms]
   [Eden: 4640.0M(4640.0M)->0.0B(4712.0M) Survivors: 176.0M->264.0M Heap: 11.2G(16.0G)->6906.3M(16.0G)]
 [Times: user=1.39 sys=0.01, real=0.09 secs] 
2014-04-23T23:33:35.735+0000: 546.598: [GC pause (young)
Desired survivor size 289406976 bytes, new threshold 15 (max 15)
- age   1:  101331512 bytes,  101331512 total
- age   2:   43396280 bytes,  144727792 total
- age   3:   64983736 bytes,  209711528 total
- age   4:   13792088 bytes,  223503616 total
, 0.1107680 secs]
   [Parallel Time: 97.2 ms, GC Workers: 18]
      [GC Worker Start (ms): Min: 546599.5, Avg: 546599.9, Max: 546600.2, Diff: 0.8]
      [Ext Root Scanning (ms): Min: 7.8, Avg: 9.5, Max: 20.8, Diff: 13.0, Sum: 170.3]
      [Update RS (ms): Min: 0.0, Avg: 9.0, Max: 13.1, Diff: 13.1, Sum: 161.5]
         [Processed Buffers: Min: 0, Avg: 48.5, Max: 94, Diff: 94, Sum: 873]
      [Scan RS (ms): Min: 1.4, Avg: 4.2, Max: 5.0, Diff: 3.6, Sum: 75.5]
      [Object Copy (ms): Min: 69.1, Avg: 69.7, Max: 72.9, Diff: 3.8, Sum: 1255.1]
      [Termination (ms): Min: 0.0, Avg: 3.3, Max: 3.5, Diff: 3.5, Sum: 59.2]
      [GC Worker Other (ms): Min: 0.0, Avg: 0.1, Max: 0.4, Diff: 0.4, Sum: 2.7]
      [GC Worker Total (ms): Min: 95.4, Avg: 95.8, Max: 96.2, Diff: 0.8, Sum: 1724.4]
      [GC Worker End (ms): Min: 546695.5, Avg: 546695.7, Max: 546695.9, Diff: 0.4]
   [Code Root Fixup: 0.0 ms]
   [Clear CT: 2.2 ms]
   [Other: 11.4 ms]
      [Choose CSet: 0.0 ms]
      [Ref Proc: 6.5 ms]
      [Ref Enq: 0.2 ms]
      [Free CSet: 1.9 ms]
   [Eden: 4136.0M(4136.0M)->0.0B(3656.0M) Survivors: 264.0M->296.0M Heap: 10.8G(16.0G)->6962.5M(16.0G)]
 [Times: user=1.73 sys=0.01, real=0.11 secs] 
2014-04-23T23:33:43.109+0000: 553.972: [GC pause (young)
Desired survivor size 260046848 bytes, new threshold 5 (max 15)
- age   1:   86755880 bytes,   86755880 total
- age   2:   65229656 bytes,  151985536 total
- age   3:   40690104 bytes,  192675640 total
- age   4:   61197096 bytes,  253872736 total
- age   5:   12809784 bytes,  266682520 total
, 0.1148400 secs]
   [Parallel Time: 107.1 ms, GC Workers: 18]
      [GC Worker Start (ms): Min: 553972.9, Avg: 553973.3, Max: 553973.6, Diff: 0.7]
      [Ext Root Scanning (ms): Min: 9.1, Avg: 10.7, Max: 19.4, Diff: 10.4, Sum: 192.9]
      [Update RS (ms): Min: 3.6, Avg: 12.3, Max: 13.7, Diff: 10.0, Sum: 221.5]
         [Processed Buffers: Min: 24, Avg: 53.2, Max: 83, Diff: 59, Sum: 957]
      [Scan RS (ms): Min: 0.0, Avg: 0.3, Max: 0.4, Diff: 0.3, Sum: 5.1]
      [Object Copy (ms): Min: 82.0, Avg: 82.6, Max: 83.3, Diff: 1.2, Sum: 1487.1]
      [Termination (ms): Min: 0.0, Avg: 0.0, Max: 0.0, Diff: 0.0, Sum: 0.4]
      [GC Worker Other (ms): Min: 0.0, Avg: 0.2, Max: 0.5, Diff: 0.5, Sum: 3.8]
      [GC Worker Total (ms): Min: 105.7, Avg: 106.2, Max: 106.7, Diff: 1.0, Sum: 1910.9]
      [GC Worker End (ms): Min: 554079.3, Avg: 554079.4, Max: 554079.8, Diff: 0.5]
   [Code Root Fixup: 0.1 ms]
   [Clear CT: 1.3 ms]
   [Other: 6.5 ms]
      [Choose CSet: 0.0 ms]
      [Ref Proc: 2.0 ms]
      [Ref Enq: 0.2 ms]
      [Free CSet: 1.2 ms]
   [Eden: 3656.0M(3656.0M)->0.0B(1752.0M) Survivors: 296.0M->320.0M Heap: 10.4G(16.0G)->7006.7M(16.0G)]
 [Times: user=1.88 sys=0.01, real=0.11 secs] 
2014-04-23T23:33:47.529+0000: 558.392: [GC pause (young)
Desired survivor size 138412032 bytes, new threshold 3 (max 15)
- age   1:   67714936 bytes,   67714936 total
- age   2:   64528496 bytes,  132243432 total
- age   3:   61837480 bytes,  194080912 total
- age   4:   39403600 bytes,  233484512 total
- age   5:   60069720 bytes,  293554232 total
, 0.1343990 secs]
   [Parallel Time: 124.8 ms, GC Workers: 18]
      [GC Worker Start (ms): Min: 558393.1, Avg: 558393.5, Max: 558393.9, Diff: 0.7]
      [Ext Root Scanning (ms): Min: 11.8, Avg: 13.5, Max: 19.7, Diff: 7.9, Sum: 243.0]
      [Update RS (ms): Min: 4.2, Avg: 12.6, Max: 33.1, Diff: 28.9, Sum: 226.1]
         [Processed Buffers: Min: 6, Avg: 40.5, Max: 96, Diff: 90, Sum: 729]
      [Scan RS (ms): Min: 0.1, Avg: 2.5, Max: 6.7, Diff: 6.7, Sum: 45.3]
      [Object Copy (ms): Min: 78.6, Avg: 95.4, Max: 98.2, Diff: 19.5, Sum: 1716.5]
      [Termination (ms): Min: 0.0, Avg: 0.0, Max: 0.0, Diff: 0.0, Sum: 0.1]
      [GC Worker Other (ms): Min: 0.0, Avg: 0.2, Max: 0.4, Diff: 0.4, Sum: 3.1]
      [GC Worker Total (ms): Min: 123.7, Avg: 124.1, Max: 124.6, Diff: 0.9, Sum: 2234.2]
      [GC Worker End (ms): Min: 558517.5, Avg: 558517.6, Max: 558517.9, Diff: 0.4]
   [Code Root Fixup: 0.1 ms]
   [Clear CT: 1.6 ms]
   [Other: 8.0 ms]
      [Choose CSet: 0.0 ms]
      [Ref Proc: 1.6 ms]
      [Ref Enq: 0.1 ms]
      [Free CSet: 1.1 ms]
   [Eden: 1752.0M(1752.0M)->0.0B(1656.0M) Survivors: 320.0M->192.0M Heap: 8766.7M(16.0G)->7049.4M(16.0G)]
 [Times: user=1.73 sys=0.01, real=0.13 secs] 
2014-04-23T23:33:49.824+0000: 560.688: [GC pause (young)
Desired survivor size 121634816 bytes, new threshold 3 (max 15)
- age   1:   46354528 bytes,   46354528 total
- age   2:   50302968 bytes,   96657496 total
- age   3:   61139056 bytes,  157796552 total
, 0.0804580 secs]
   [Parallel Time: 72.9 ms, GC Workers: 18]
      [GC Worker Start (ms): Min: 560688.6, Avg: 560689.0, Max: 560689.3, Diff: 0.6]
      [Ext Root Scanning (ms): Min: 8.1, Avg: 10.3, Max: 16.6, Diff: 8.6, Sum: 184.8]
      [Update RS (ms): Min: 5.5, Avg: 12.3, Max: 16.8, Diff: 11.3, Sum: 221.8]
         [Processed Buffers: Min: 5, Avg: 38.3, Max: 80, Diff: 75, Sum: 690]
      [Scan RS (ms): Min: 0.0, Avg: 1.8, Max: 2.4, Diff: 2.4, Sum: 32.1]
      [Object Copy (ms): Min: 46.2, Avg: 47.6, Max: 48.1, Diff: 1.9, Sum: 855.9]
      [Termination (ms): Min: 0.0, Avg: 0.0, Max: 0.0, Diff: 0.0, Sum: 0.0]
      [GC Worker Other (ms): Min: 0.0, Avg: 0.1, Max: 0.4, Diff: 0.3, Sum: 2.3]
      [GC Worker Total (ms): Min: 71.7, Avg: 72.0, Max: 72.6, Diff: 0.8, Sum: 1296.8]
      [GC Worker End (ms): Min: 560760.9, Avg: 560761.0, Max: 560761.3, Diff: 0.4]
   [Code Root Fixup: 0.0 ms]
   [Clear CT: 2.2 ms]
   [Other: 5.3 ms]
      [Choose CSet: 0.0 ms]
      [Ref Proc: 1.5 ms]
      [Ref Enq: 0.1 ms]
      [Free CSet: 1.0 ms]
   [Eden: 1656.0M(1656.0M)->0.0B(3448.0M) Survivors: 192.0M->184.0M Heap: 8709.4M(16.0G)->7132.0M(16.0G)]
 [Times: user=1.21 sys=0.01, real=0.08 secs] 
2014-04-23T23:33:54.367+0000: 565.230: [GC pause (young)
Desired survivor size 239075328 bytes, new threshold 15 (max 15)
- age   1:   51850560 bytes,   51850560 total
- age   2:   35646784 bytes,   87497344 total
- age   3:   47005792 bytes,  134503136 total
, 0.0922630 secs]
   [Parallel Time: 85.4 ms, GC Workers: 18]
      [GC Worker Start (ms): Min: 565231.1, Avg: 565231.4, Max: 565231.6, Diff: 0.5]
      [Ext Root Scanning (ms): Min: 8.6, Avg: 10.3, Max: 21.7, Diff: 13.1, Sum: 185.9]
      [Update RS (ms): Min: 4.9, Avg: 16.4, Max: 20.9, Diff: 16.1, Sum: 294.8]
         [Processed Buffers: Min: 9, Avg: 47.9, Max: 89, Diff: 80, Sum: 863]
      [Scan RS (ms): Min: 0.1, Avg: 1.6, Max: 2.0, Diff: 1.9, Sum: 28.6]
      [Object Copy (ms): Min: 51.2, Avg: 51.6, Max: 53.5, Diff: 2.4, Sum: 928.2]
      [Termination (ms): Min: 0.0, Avg: 3.4, Max: 5.0, Diff: 5.0, Sum: 61.7]
      [GC Worker Other (ms): Min: 0.0, Avg: 0.1, Max: 0.4, Diff: 0.4, Sum: 2.4]
      [GC Worker Total (ms): Min: 83.0, Avg: 83.4, Max: 84.5, Diff: 1.5, Sum: 1501.6]
      [GC Worker End (ms): Min: 565314.6, Avg: 565314.8, Max: 565316.1, Diff: 1.5]
   [Code Root Fixup: 0.0 ms]
   [Clear CT: 1.7 ms]
   [Other: 5.2 ms]
      [Choose CSet: 0.0 ms]
      [Ref Proc: 1.3 ms]
      [Ref Enq: 0.1 ms]
      [Free CSet: 1.7 ms]
   [Eden: 3448.0M(3448.0M)->0.0B(2424.0M) Survivors: 184.0M->248.0M Heap: 10.3G(16.0G)->7204.0M(16.0G)]
 [Times: user=1.44 sys=0.01, real=0.09 secs] 
2014-04-23T23:33:58.254+0000: 569.117: [GC pause (young)
Desired survivor size 146800640 bytes, new threshold 3 (max 15)
- age   1:   98731600 bytes,   98731600 total
- age   2:   31165616 bytes,  129897216 total
- age   3:   30237920 bytes,  160135136 total
- age   4:   44145000 bytes,  204280136 total
, 0.0896950 secs]
   [Parallel Time: 80.5 ms, GC Workers: 18]
      [GC Worker Start (ms): Min: 569118.2, Avg: 569118.7, Max: 569119.1, Diff: 0.9]
      [Ext Root Scanning (ms): Min: 9.1, Avg: 12.1, Max: 23.8, Diff: 14.6, Sum: 218.4]
      [Update RS (ms): Min: 0.0, Avg: 6.3, Max: 8.9, Diff: 8.9, Sum: 114.3]
         [Processed Buffers: Min: 0, Avg: 39.3, Max: 79, Diff: 79, Sum: 707]
      [Scan RS (ms): Min: 0.1, Avg: 2.4, Max: 2.8, Diff: 2.7, Sum: 43.0]
      [Object Copy (ms): Min: 54.5, Avg: 57.9, Max: 58.9, Diff: 4.3, Sum: 1042.2]
      [Termination (ms): Min: 0.0, Avg: 0.0, Max: 0.0, Diff: 0.0, Sum: 0.1]
      [GC Worker Other (ms): Min: 0.0, Avg: 0.3, Max: 0.7, Diff: 0.7, Sum: 5.0]
      [GC Worker Total (ms): Min: 78.4, Avg: 79.1, Max: 79.5, Diff: 1.1, Sum: 1423.0]
      [GC Worker End (ms): Min: 569197.5, Avg: 569197.8, Max: 569198.2, Diff: 0.7]
   [Code Root Fixup: 0.0 ms]
   [Clear CT: 2.0 ms]
   [Other: 7.3 ms]
      [Choose CSet: 0.0 ms]
      [Ref Proc: 2.5 ms]
      [Ref Enq: 0.1 ms]
      [Free CSet: 1.5 ms]
   [Eden: 1984.0M(1984.0M)->0.0B(3544.0M) Survivors: 248.0M->192.0M Heap: 9196.0M(16.0G)->7239.9M(16.0G)]
 [Times: user=1.32 sys=0.01, real=0.09 secs] 
2014-04-23T23:34:06.213+0000: 577.077: [GC pause (young)
Desired survivor size 197132288 bytes, new threshold 15 (max 15)
- age   1:   44290000 bytes,   44290000 total
- age   2:   83670520 bytes,  127960520 total
- age   3:   28776888 bytes,  156737408 total
, 0.0830580 secs]
   [Parallel Time: 75.2 ms, GC Workers: 18]
      [GC Worker Start (ms): Min: 577078.0, Avg: 577078.3, Max: 577078.7, Diff: 0.7]
      [Ext Root Scanning (ms): Min: 8.1, Avg: 9.9, Max: 20.5, Diff: 12.4, Sum: 178.4]
      [Update RS (ms): Min: 0.0, Avg: 7.6, Max: 11.4, Diff: 11.4, Sum: 137.0]
         [Processed Buffers: Min: 0, Avg: 47.8, Max: 98, Diff: 98, Sum: 860]
      [Scan RS (ms): Min: 0.0, Avg: 2.9, Max: 3.6, Diff: 3.5, Sum: 51.9]
      [Object Copy (ms): Min: 53.0, Avg: 53.4, Max: 54.0, Diff: 1.0, Sum: 961.0]
      [Termination (ms): Min: 0.0, Avg: 0.0, Max: 0.1, Diff: 0.1, Sum: 0.9]
      [GC Worker Other (ms): Min: 0.0, Avg: 0.2, Max: 0.4, Diff: 0.4, Sum: 3.0]
      [GC Worker Total (ms): Min: 73.7, Avg: 74.0, Max: 74.4, Diff: 0.7, Sum: 1332.3]
      [GC Worker End (ms): Min: 577152.2, Avg: 577152.4, Max: 577152.6, Diff: 0.4]
   [Code Root Fixup: 0.0 ms]
   [Clear CT: 2.1 ms]
   [Other: 5.8 ms]
      [Choose CSet: 0.0 ms]
      [Ref Proc: 2.1 ms]
      [Ref Enq: 0.2 ms]
      [Free CSet: 1.3 ms]
   [Eden: 2816.0M(2816.0M)->0.0B(3560.0M) Survivors: 192.0M->240.0M Heap: 10067.9M(16.0G)->7299.9M(16.0G)]
 [Times: user=1.29 sys=0.01, real=0.08 secs] 
2014-04-23T23:34:12.593+0000: 583.456: [GC pause (young)
Desired survivor size 197132288 bytes, new threshold 4 (max 15)
- age   1:   66889088 bytes,   66889088 total
- age   2:   30529656 bytes,   97418744 total
- age   3:   81431752 bytes,  178850496 total
- age   4:   27080280 bytes,  205930776 total
, 0.0956110 secs]
   [Parallel Time: 88.0 ms, GC Workers: 18]
      [GC Worker Start (ms): Min: 583456.9, Avg: 583457.2, Max: 583457.5, Diff: 0.7]
      [Ext Root Scanning (ms): Min: 7.5, Avg: 9.5, Max: 20.5, Diff: 13.0, Sum: 171.2]
      [Update RS (ms): Min: 0.0, Avg: 8.0, Max: 9.8, Diff: 9.8, Sum: 143.7]
         [Processed Buffers: Min: 0, Avg: 43.8, Max: 87, Diff: 87, Sum: 789]
      [Scan RS (ms): Min: 0.7, Avg: 3.0, Max: 3.5, Diff: 2.8, Sum: 54.5]
      [Object Copy (ms): Min: 59.6, Avg: 60.3, Max: 66.1, Diff: 6.5, Sum: 1086.1]
      [Termination (ms): Min: 0.0, Avg: 5.9, Max: 6.3, Diff: 6.3, Sum: 106.3]
      [GC Worker Other (ms): Min: 0.0, Avg: 0.2, Max: 0.4, Diff: 0.4, Sum: 3.4]
      [GC Worker Total (ms): Min: 86.5, Avg: 87.0, Max: 87.3, Diff: 0.8, Sum: 1565.3]
      [GC Worker End (ms): Min: 583544.0, Avg: 583544.1, Max: 583544.4, Diff: 0.4]
   [Code Root Fixup: 0.0 ms]
   [Clear CT: 2.2 ms]
   [Other: 5.3 ms]
      [Choose CSet: 0.0 ms]
      [Ref Proc: 1.3 ms]
      [Ref Enq: 0.1 ms]
      [Free CSet: 1.6 ms]
   [Eden: 2744.0M(2744.0M)->0.0B(4008.0M) Survivors: 240.0M->240.0M Heap: 10055.9M(16.0G)->7345.6M(16.0G)]
 [Times: user=1.50 sys=0.01, real=0.09 secs] 
2014-04-23T23:34:13.041+0000: 583.905: [GC pause (young) (initial-mark)
Desired survivor size 281018368 bytes, new threshold 15 (max 15)
- age   1:   48473072 bytes,   48473072 total
- age   2:   44727208 bytes,   93200280 total
- age   3:   28791680 bytes,  121991960 total
- age   4:   79617232 bytes,  201609192 total
, 0.0847730 secs]
   [Parallel Time: 79.7 ms, GC Workers: 18]
      [GC Worker Start (ms): Min: 583905.7, Avg: 583906.1, Max: 583906.6, Diff: 0.9]
      [Ext Root Scanning (ms): Min: 9.0, Avg: 12.4, Max: 21.9, Diff: 13.0, Sum: 223.6]
      [Update RS (ms): Min: 1.4, Avg: 10.2, Max: 14.2, Diff: 12.8, Sum: 184.3]
         [Processed Buffers: Min: 7, Avg: 23.8, Max: 50, Diff: 43, Sum: 429]
      [Scan RS (ms): Min: 0.0, Avg: 0.5, Max: 1.1, Diff: 1.1, Sum: 9.3]
      [Object Copy (ms): Min: 52.8, Avg: 55.3, Max: 57.3, Diff: 4.5, Sum: 996.0]
      [Termination (ms): Min: 0.0, Avg: 0.0, Max: 0.0, Diff: 0.0, Sum: 0.6]
      [GC Worker Other (ms): Min: 0.0, Avg: 0.0, Max: 0.1, Diff: 0.1, Sum: 0.9]
      [GC Worker Total (ms): Min: 78.1, Avg: 78.6, Max: 79.0, Diff: 0.9, Sum: 1414.6]
      [GC Worker End (ms): Min: 583984.7, Avg: 583984.7, Max: 583984.8, Diff: 0.1]
   [Code Root Fixup: 0.0 ms]
   [Clear CT: 1.7 ms]
   [Other: 3.4 ms]
      [Choose CSet: 0.0 ms]
      [Ref Proc: 0.8 ms]
      [Ref Enq: 0.0 ms]
      [Free CSet: 0.4 ms]
   [Eden: 192.0M(4008.0M)->0.0B(4208.0M) Survivors: 240.0M->248.0M Heap: 7531.8M(16.0G)->7357.3M(16.0G)]
 [Times: user=1.28 sys=0.00, real=0.09 secs] 
2014-04-23T23:34:13.127+0000: 583.990: [GC concurrent-root-region-scan-start]
2014-04-23T23:34:13.189+0000: 584.053: [GC concurrent-root-region-scan-end, 0.0627340 secs]
2014-04-23T23:34:13.189+0000: 584.053: [GC concurrent-mark-start]
2014-04-23T23:34:16.144+0000: 587.007: [GC concurrent-mark-end, 2.9543020 secs]
2014-04-23T23:34:16.152+0000: 587.015: [GC remark 2014-04-23T23:34:16.154+0000: 587.018: [GC ref-proc, 0.0607610 secs], 0.0883010 secs]
 [Times: user=0.18 sys=0.00, real=0.09 secs] 
2014-04-23T23:34:16.248+0000: 587.111: [GC cleanup 8272M->7960M(16G), 0.0159800 secs]
 [Times: user=0.17 sys=0.00, real=0.02 secs] 
2014-04-23T23:34:16.265+0000: 587.128: [GC concurrent-cleanup-start]
2014-04-23T23:34:16.265+0000: 587.129: [GC concurrent-cleanup-end, 0.0006150 secs]
2014-04-23T23:34:21.721+0000: 592.585: [GC pause (young)
Desired survivor size 197132288 bytes, new threshold 5 (max 15)
- age   1:   10248000 bytes,   10248000 total
- age   2:   42841456 bytes,   53089456 total
- age   3:   44643536 bytes,   97732992 total
- age   4:   28779512 bytes,  126512504 total
- age   5:   79596856 bytes,  206109360 total
, 0.0947530 secs]
   [Parallel Time: 84.0 ms, GC Workers: 18]
      [GC Worker Start (ms): Min: 592585.8, Avg: 592586.1, Max: 592586.4, Diff: 0.6]
      [Ext Root Scanning (ms): Min: 7.5, Avg: 11.0, Max: 25.3, Diff: 17.8, Sum: 197.4]
      [Update RS (ms): Min: 0.0, Avg: 9.0, Max: 14.4, Diff: 14.4, Sum: 162.5]
         [Processed Buffers: Min: 0, Avg: 47.3, Max: 93, Diff: 93, Sum: 852]
      [Scan RS (ms): Min: 0.0, Avg: 3.5, Max: 4.3, Diff: 4.3, Sum: 63.6]
      [Object Copy (ms): Min: 57.5, Avg: 59.0, Max: 60.1, Diff: 2.6, Sum: 1062.7]
      [Termination (ms): Min: 0.0, Avg: 0.1, Max: 0.1, Diff: 0.1, Sum: 1.6]
      [GC Worker Other (ms): Min: 0.0, Avg: 0.3, Max: 0.6, Diff: 0.5, Sum: 4.5]
      [GC Worker Total (ms): Min: 82.4, Avg: 82.9, Max: 83.3, Diff: 0.9, Sum: 1492.3]
      [GC Worker End (ms): Min: 592668.8, Avg: 592669.0, Max: 592669.3, Diff: 0.5]
   [Code Root Fixup: 0.0 ms]
   [Clear CT: 2.3 ms]
   [Other: 8.4 ms]
      [Choose CSet: 0.0 ms]
      [Ref Proc: 2.3 ms]
      [Ref Enq: 0.2 ms]
      [Free CSet: 2.4 ms]
   [Eden: 2760.0M(2760.0M)->0.0B(616.0M) Survivors: 248.0M->200.0M Heap: 9821.3M(16.0G)->7087.2M(16.0G)]
 [Times: user=1.45 sys=0.02, real=0.10 secs] 
2014-04-23T23:34:22.052+0000: 592.916: [GC pause (mixed)
Desired survivor size 54525952 bytes, new threshold 2 (max 15)
- age   1:   53992616 bytes,   53992616 total
- age   2:    1568016 bytes,   55560632 total
- age   3:   29342504 bytes,   84903136 total
- age   4:   40459000 bytes,  125362136 total
- age   5:   25990448 bytes,  151352584 total
, 0.1015690 secs]
   [Parallel Time: 92.5 ms, GC Workers: 18]
      [GC Worker Start (ms): Min: 592917.0, Avg: 592917.3, Max: 592917.6, Diff: 0.6]
      [Ext Root Scanning (ms): Min: 9.6, Avg: 11.2, Max: 22.7, Diff: 13.2, Sum: 201.5]
      [Update RS (ms): Min: 0.0, Avg: 11.2, Max: 14.5, Diff: 14.5, Sum: 201.1]
         [Processed Buffers: Min: 0, Avg: 28.6, Max: 73, Diff: 73, Sum: 515]
      [Scan RS (ms): Min: 14.4, Avg: 17.0, Max: 22.1, Diff: 7.8, Sum: 305.9]
      [Object Copy (ms): Min: 45.7, Avg: 52.0, Max: 56.2, Diff: 10.5, Sum: 936.1]
      [Termination (ms): Min: 0.0, Avg: 0.0, Max: 0.0, Diff: 0.0, Sum: 0.5]
      [GC Worker Other (ms): Min: 0.0, Avg: 0.1, Max: 0.2, Diff: 0.2, Sum: 1.4]
      [GC Worker Total (ms): Min: 91.2, Avg: 91.5, Max: 91.7, Diff: 0.6, Sum: 1646.5]
      [GC Worker End (ms): Min: 593008.7, Avg: 593008.8, Max: 593008.9, Diff: 0.2]
   [Code Root Fixup: 0.3 ms]
   [Clear CT: 2.2 ms]
   [Other: 6.5 ms]
      [Choose CSet: 0.3 ms]
      [Ref Proc: 0.7 ms]
      [Ref Enq: 0.0 ms]
      [Free CSet: 1.4 ms]
   [Eden: 616.0M(616.0M)->0.0B(712.0M) Survivors: 200.0M->104.0M Heap: 7707.2M(16.0G)->6752.0M(16.0G)]
 [Times: user=1.61 sys=0.01, real=0.10 secs] 
2014-04-23T23:34:23.181+0000: 594.045: [GC pause (mixed)
Desired survivor size 54525952 bytes, new threshold 1 (max 15)
- age   1:   70670296 bytes,   70670296 total
- age   2:   41049392 bytes,  111719688 total
, 0.1090410 secs]
   [Parallel Time: 97.2 ms, GC Workers: 18]
      [GC Worker Start (ms): Min: 594045.9, Avg: 594046.3, Max: 594046.7, Diff: 0.8]
      [Ext Root Scanning (ms): Min: 7.3, Avg: 9.3, Max: 23.6, Diff: 16.4, Sum: 167.3]
      [Update RS (ms): Min: 0.0, Avg: 11.8, Max: 14.7, Diff: 14.7, Sum: 211.9]
         [Processed Buffers: Min: 0, Avg: 34.7, Max: 98, Diff: 98, Sum: 625]
      [Scan RS (ms): Min: 15.8, Avg: 18.8, Max: 24.0, Diff: 8.2, Sum: 338.8]
      [Object Copy (ms): Min: 52.5, Avg: 56.4, Max: 57.7, Diff: 5.2, Sum: 1014.4]
      [Termination (ms): Min: 0.0, Avg: 0.0, Max: 0.0, Diff: 0.0, Sum: 0.2]
      [GC Worker Other (ms): Min: 0.0, Avg: 0.1, Max: 0.3, Diff: 0.3, Sum: 2.2]
      [GC Worker Total (ms): Min: 95.9, Avg: 96.4, Max: 96.8, Diff: 0.9, Sum: 1734.7]
      [GC Worker End (ms): Min: 594142.6, Avg: 594142.7, Max: 594142.9, Diff: 0.3]
   [Code Root Fixup: 1.1 ms]
   [Clear CT: 2.8 ms]
   [Other: 7.9 ms]
      [Choose CSet: 0.4 ms]
      [Ref Proc: 1.0 ms]
      [Ref Enq: 0.0 ms]
      [Free CSet: 2.2 ms]
   [Eden: 712.0M(712.0M)->0.0B(712.0M) Survivors: 104.0M->104.0M Heap: 7464.0M(16.0G)->6444.0M(16.0G)]
 [Times: user=1.73 sys=0.01, real=0.11 secs] 
2014-04-23T23:34:24.708+0000: 595.572: [GC pause (mixed)
Desired survivor size 54525952 bytes, new threshold 1 (max 15)
- age   1:   66028152 bytes,   66028152 total
, 0.0742470 secs]
   [Parallel Time: 66.2 ms, GC Workers: 18]
      [GC Worker Start (ms): Min: 595572.8, Avg: 595573.3, Max: 595573.6, Diff: 0.8]
      [Ext Root Scanning (ms): Min: 8.1, Avg: 9.9, Max: 20.9, Diff: 12.8, Sum: 178.0]
      [Update RS (ms): Min: 5.3, Avg: 16.5, Max: 20.4, Diff: 15.1, Sum: 297.9]
         [Processed Buffers: Min: 11, Avg: 35.1, Max: 70, Diff: 59, Sum: 631]
      [Scan RS (ms): Min: 0.4, Avg: 5.2, Max: 13.6, Diff: 13.2, Sum: 94.1]
      [Object Copy (ms): Min: 25.4, Avg: 33.4, Max: 36.2, Diff: 10.8, Sum: 601.0]
      [Termination (ms): Min: 0.0, Avg: 0.0, Max: 0.0, Diff: 0.0, Sum: 0.1]
      [GC Worker Other (ms): Min: 0.0, Avg: 0.1, Max: 0.3, Diff: 0.2, Sum: 1.5]
      [GC Worker Total (ms): Min: 64.9, Avg: 65.1, Max: 65.5, Diff: 0.7, Sum: 1172.4]
      [GC Worker End (ms): Min: 595638.3, Avg: 595638.4, Max: 595638.6, Diff: 0.2]
   [Code Root Fixup: 0.0 ms]
   [Clear CT: 2.4 ms]
   [Other: 5.6 ms]
      [Choose CSet: 0.0 ms]
      [Ref Proc: 2.3 ms]
      [Ref Enq: 0.0 ms]
      [Free CSet: 0.6 ms]
   [Eden: 712.0M(712.0M)->0.0B(8056.0M) Survivors: 104.0M->96.0M Heap: 7160.0M(16.0G)->6481.7M(16.0G)]
 [Times: user=1.16 sys=0.01, real=0.07 secs] 
2014-04-23T23:34:42.081+0000: 612.944: [GC pause (young)
Desired survivor size 536870912 bytes, new threshold 15 (max 15)
- age   1:   40681640 bytes,   40681640 total
, 0.0941770 secs]
   [Parallel Time: 80.9 ms, GC Workers: 18]
      [GC Worker Start (ms): Min: 612946.0, Avg: 612946.3, Max: 612946.6, Diff: 0.6]
      [Ext Root Scanning (ms): Min: 8.7, Avg: 10.9, Max: 25.4, Diff: 16.7, Sum: 195.6]
      [Update RS (ms): Min: 0.0, Avg: 11.7, Max: 13.3, Diff: 13.3, Sum: 210.0]
         [Processed Buffers: Min: 0, Avg: 51.8, Max: 108, Diff: 108, Sum: 933]
      [Scan RS (ms): Min: 1.3, Avg: 4.9, Max: 11.4, Diff: 10.1, Sum: 87.5]
      [Object Copy (ms): Min: 46.4, Avg: 52.5, Max: 54.5, Diff: 8.1, Sum: 945.5]
      [Termination (ms): Min: 0.0, Avg: 0.1, Max: 0.1, Diff: 0.1, Sum: 1.4]
      [GC Worker Other (ms): Min: 0.0, Avg: 0.2, Max: 0.5, Diff: 0.4, Sum: 3.7]
      [GC Worker Total (ms): Min: 79.9, Avg: 80.2, Max: 80.7, Diff: 0.7, Sum: 1443.8]
      [GC Worker End (ms): Min: 613026.3, Avg: 613026.5, Max: 613026.8, Diff: 0.5]
   [Code Root Fixup: 0.0 ms]
   [Clear CT: 3.6 ms]
   [Other: 9.7 ms]
      [Choose CSet: 0.0 ms]
      [Ref Proc: 3.1 ms]
      [Ref Enq: 0.5 ms]
      [Free CSet: 3.4 ms]
   [Eden: 8056.0M(8056.0M)->0.0B(3656.0M) Survivors: 96.0M->208.0M Heap: 14.2G(16.0G)->6635.6M(16.0G)]
 [Times: user=1.45 sys=0.01, real=0.09 secs] 
2014-04-23T23:34:48.443+0000: 619.306: [GC pause (young)
Desired survivor size 255852544 bytes, new threshold 15 (max 15)
- age   1:  182984344 bytes,  182984344 total
- age   2:    8203664 bytes,  191188008 total
, 0.1065450 secs]
   [Parallel Time: 97.2 ms, GC Workers: 18]
      [GC Worker Start (ms): Min: 619307.1, Avg: 619307.5, Max: 619307.9, Diff: 0.8]
      [Ext Root Scanning (ms): Min: 9.4, Avg: 10.9, Max: 22.3, Diff: 12.9, Sum: 196.7]
      [Update RS (ms): Min: 0.0, Avg: 9.6, Max: 11.9, Diff: 11.9, Sum: 173.1]
         [Processed Buffers: Min: 0, Avg: 48.2, Max: 121, Diff: 121, Sum: 868]
      [Scan RS (ms): Min: 2.5, Avg: 4.6, Max: 7.4, Diff: 4.9, Sum: 82.0]
      [Object Copy (ms): Min: 68.4, Avg: 70.9, Max: 71.7, Diff: 3.3, Sum: 1275.9]
      [Termination (ms): Min: 0.0, Avg: 0.0, Max: 0.0, Diff: 0.0, Sum: 0.1]
      [GC Worker Other (ms): Min: 0.0, Avg: 0.3, Max: 0.6, Diff: 0.5, Sum: 5.0]
      [GC Worker Total (ms): Min: 95.8, Avg: 96.3, Max: 96.8, Diff: 1.0, Sum: 1732.9]
      [GC Worker End (ms): Min: 619403.6, Avg: 619403.8, Max: 619404.1, Diff: 0.5]
   [Code Root Fixup: 0.0 ms]
   [Clear CT: 2.8 ms]
   [Other: 6.6 ms]
      [Choose CSet: 0.0 ms]
      [Ref Proc: 2.5 ms]
      [Ref Enq: 0.2 ms]
      [Free CSet: 1.8 ms]
   [Eden: 3656.0M(3656.0M)->0.0B(2304.0M) Survivors: 208.0M->296.0M Heap: 10.1G(16.0G)->6729.2M(16.0G)]
 [Times: user=1.72 sys=0.00, real=0.11 secs] 
2014-04-23T23:34:53.744+0000: 624.607: [GC pause (young)
Desired survivor size 171966464 bytes, new threshold 2 (max 15)
- age   1:   93745344 bytes,   93745344 total
- age   2:  153791088 bytes,  247536432 total
- age   3:    8046312 bytes,  255582744 total
, 0.1205380 secs]
   [Parallel Time: 108.5 ms, GC Workers: 18]
      [GC Worker Start (ms): Min: 624608.1, Avg: 624608.5, Max: 624608.8, Diff: 0.8]
      [Ext Root Scanning (ms): Min: 8.8, Avg: 10.6, Max: 24.1, Diff: 15.3, Sum: 191.6]
      [Update RS (ms): Min: 0.0, Avg: 8.1, Max: 10.1, Diff: 10.1, Sum: 145.7]
         [Processed Buffers: Min: 0, Avg: 41.6, Max: 84, Diff: 84, Sum: 748]
      [Scan RS (ms): Min: 0.0, Avg: 4.2, Max: 4.8, Diff: 4.7, Sum: 76.5]
      [Object Copy (ms): Min: 82.7, Avg: 83.8, Max: 84.5, Diff: 1.9, Sum: 1508.4]
      [Termination (ms): Min: 0.0, Avg: 0.3, Max: 0.3, Diff: 0.3, Sum: 4.8]
      [GC Worker Other (ms): Min: 0.0, Avg: 0.2, Max: 0.6, Diff: 0.6, Sum: 4.5]
      [GC Worker Total (ms): Min: 106.8, Avg: 107.3, Max: 108.1, Diff: 1.3, Sum: 1931.5]
      [GC Worker End (ms): Min: 624715.5, Avg: 624715.8, Max: 624716.2, Diff: 0.6]
   [Code Root Fixup: 0.0 ms]
   [Clear CT: 2.5 ms]
   [Other: 9.6 ms]
      [Choose CSet: 0.0 ms]
      [Ref Proc: 3.0 ms]
      [Ref Enq: 0.1 ms]
      [Free CSet: 1.7 ms]
   [Eden: 2304.0M(2304.0M)->0.0B(1896.0M) Survivors: 296.0M->192.0M Heap: 9045.2M(16.0G)->6792.9M(16.0G)]
 [Times: user=1.92 sys=0.00, real=0.12 secs] 
2014-04-23T23:34:59.106+0000: 629.970: [GC pause (young)
Desired survivor size 138412032 bytes, new threshold 2 (max 15)
- age   1:   74889648 bytes,   74889648 total
- age   2:   76815904 bytes,  151705552 total
, 0.0753150 secs]
   [Parallel Time: 66.3 ms, GC Workers: 18]
      [GC Worker Start (ms): Min: 629970.7, Avg: 629971.0, Max: 629971.2, Diff: 0.4]
      [Ext Root Scanning (ms): Min: 8.1, Avg: 9.9, Max: 20.8, Diff: 12.7, Sum: 177.9]
      [Update RS (ms): Min: 0.0, Avg: 7.7, Max: 10.8, Diff: 10.8, Sum: 138.0]
         [Processed Buffers: Min: 0, Avg: 39.2, Max: 73, Diff: 73, Sum: 705]
      [Scan RS (ms): Min: 0.0, Avg: 2.4, Max: 3.0, Diff: 2.9, Sum: 43.5]
      [Object Copy (ms): Min: 44.2, Avg: 45.3, Max: 45.9, Diff: 1.7, Sum: 815.7]
      [Termination (ms): Min: 0.0, Avg: 0.1, Max: 0.1, Diff: 0.1, Sum: 1.7]
      [GC Worker Other (ms): Min: 0.0, Avg: 0.2, Max: 0.5, Diff: 0.5, Sum: 3.6]
      [GC Worker Total (ms): Min: 65.2, Avg: 65.6, Max: 65.9, Diff: 0.7, Sum: 1180.5]
      [GC Worker End (ms): Min: 630036.4, Avg: 630036.6, Max: 630036.8, Diff: 0.5]
   [Code Root Fixup: 0.0 ms]
   [Clear CT: 2.4 ms]
   [Other: 6.5 ms]
      [Choose CSet: 0.0 ms]
      [Ref Proc: 1.7 ms]
      [Ref Enq: 0.2 ms]
      [Free CSet: 1.6 ms]
   [Eden: 1896.0M(1896.0M)->0.0B(6688.0M) Survivors: 192.0M->128.0M Heap: 8696.9M(16.0G)->6844.0M(16.0G)]
 [Times: user=1.10 sys=0.00, real=0.08 secs] 
2014-04-23T23:35:11.097+0000: 641.961: [GC pause (young)
Desired survivor size 394264576 bytes, new threshold 15 (max 15)
- age   1:   33968440 bytes,   33968440 total
- age   2:   56969040 bytes,   90937480 total
, 0.1011920 secs]
   [Parallel Time: 89.9 ms, GC Workers: 18]
      [GC Worker Start (ms): Min: 641962.2, Avg: 641962.6, Max: 641963.0, Diff: 0.7]
      [Ext Root Scanning (ms): Min: 9.6, Avg: 11.3, Max: 26.3, Diff: 16.7, Sum: 202.8]
      [Update RS (ms): Min: 0.0, Avg: 12.2, Max: 14.5, Diff: 14.5, Sum: 220.3]
         [Processed Buffers: Min: 0, Avg: 46.1, Max: 83, Diff: 83, Sum: 830]
      [Scan RS (ms): Min: 2.6, Avg: 5.5, Max: 10.9, Diff: 8.3, Sum: 99.8]
      [Object Copy (ms): Min: 54.4, Avg: 59.5, Max: 61.4, Diff: 7.0, Sum: 1070.4]
      [Termination (ms): Min: 0.0, Avg: 0.0, Max: 0.0, Diff: 0.0, Sum: 0.1]
      [GC Worker Other (ms): Min: 0.0, Avg: 0.3, Max: 0.8, Diff: 0.7, Sum: 6.3]
      [GC Worker Total (ms): Min: 88.3, Avg: 88.9, Max: 89.5, Diff: 1.2, Sum: 1599.6]
      [GC Worker End (ms): Min: 642051.2, Avg: 642051.5, Max: 642051.9, Diff: 0.7]
   [Code Root Fixup: 0.0 ms]
   [Clear CT: 2.8 ms]
   [Other: 8.5 ms]
      [Choose CSet: 0.0 ms]
      [Ref Proc: 2.7 ms]
      [Ref Enq: 0.3 ms]
      [Free CSet: 3.1 ms]
   [Eden: 5912.0M(5848.0M)->0.0B(2616.0M) Survivors: 128.0M->240.0M Heap: 12.5G(16.0G)->6984.0M(16.0G)]
 [Times: user=1.58 sys=0.01, real=0.10 secs] 
2014-04-23T23:35:17.099+0000: 647.962: [GC pause (young)
Desired survivor size 188743680 bytes, new threshold 3 (max 15)
- age   1:  136722696 bytes,  136722696 total
- age   2:   19021536 bytes,  155744232 total
- age   3:   51650632 bytes,  207394864 total
, 0.1069470 secs]
   [Parallel Time: 96.4 ms, GC Workers: 18]
      [GC Worker Start (ms): Min: 647963.1, Avg: 647963.4, Max: 647963.6, Diff: 0.6]
      [Ext Root Scanning (ms): Min: 7.4, Avg: 8.9, Max: 20.3, Diff: 12.9, Sum: 160.2]
      [Update RS (ms): Min: 0.0, Avg: 7.6, Max: 10.0, Diff: 10.0, Sum: 137.1]
         [Processed Buffers: Min: 0, Avg: 39.1, Max: 64, Diff: 64, Sum: 703]
      [Scan RS (ms): Min: 0.0, Avg: 3.3, Max: 3.8, Diff: 3.7, Sum: 59.1]
      [Object Copy (ms): Min: 74.1, Avg: 74.8, Max: 75.2, Diff: 1.1, Sum: 1347.0]
      [Termination (ms): Min: 0.0, Avg: 0.0, Max: 0.0, Diff: 0.0, Sum: 0.1]
      [GC Worker Other (ms): Min: 0.0, Avg: 0.2, Max: 0.6, Diff: 0.6, Sum: 4.4]
      [GC Worker Total (ms): Min: 94.4, Avg: 94.9, Max: 95.6, Diff: 1.1, Sum: 1707.9]
      [GC Worker End (ms): Min: 648058.1, Avg: 648058.3, Max: 648058.6, Diff: 0.6]
   [Code Root Fixup: 0.0 ms]
   [Clear CT: 2.6 ms]
   [Other: 7.9 ms]
      [Choose CSet: 0.0 ms]
      [Ref Proc: 3.0 ms]
      [Ref Enq: 0.2 ms]
      [Free CSet: 1.8 ms]
   [Eden: 2616.0M(2616.0M)->0.0B(1960.0M) Survivors: 240.0M->272.0M Heap: 9608.0M(16.0G)->7083.4M(16.0G)]
 [Times: user=1.66 sys=0.00, real=0.11 secs] 
2014-04-23T23:35:22.512+0000: 653.375: [GC pause (young)
Desired survivor size 146800640 bytes, new threshold 2 (max 15)
- age   1:  104598280 bytes,  104598280 total
- age   2:  110588728 bytes,  215187008 total
- age   3:   18368264 bytes,  233555272 total
, 0.1077080 secs]
   [Parallel Time: 98.2 ms, GC Workers: 18]
      [GC Worker Start (ms): Min: 653376.1, Avg: 653376.5, Max: 653376.7, Diff: 0.6]
      [Ext Root Scanning (ms): Min: 7.9, Avg: 9.4, Max: 17.6, Diff: 9.7, Sum: 168.9]
      [Update RS (ms): Min: 1.4, Avg: 9.2, Max: 18.6, Diff: 17.2, Sum: 165.6]
         [Processed Buffers: Min: 6, Avg: 40.3, Max: 82, Diff: 76, Sum: 725]
      [Scan RS (ms): Min: 0.0, Avg: 4.1, Max: 4.7, Diff: 4.7, Sum: 73.0]
      [Object Copy (ms): Min: 69.2, Avg: 73.8, Max: 75.1, Diff: 6.0, Sum: 1328.7]
      [Termination (ms): Min: 0.1, Avg: 0.4, Max: 0.5, Diff: 0.4, Sum: 7.7]
      [GC Worker Other (ms): Min: 0.0, Avg: 0.1, Max: 0.3, Diff: 0.3, Sum: 1.6]
      [GC Worker Total (ms): Min: 96.7, Avg: 97.0, Max: 97.5, Diff: 0.8, Sum: 1745.6]
      [GC Worker End (ms): Min: 653473.4, Avg: 653473.4, Max: 653473.6, Diff: 0.3]
   [Code Root Fixup: 0.0 ms]
   [Clear CT: 2.4 ms]
   [Other: 7.0 ms]
      [Choose CSet: 0.0 ms]
      [Ref Proc: 1.8 ms]
      [Ref Enq: 0.2 ms]
      [Free CSet: 1.5 ms]
   [Eden: 1960.0M(1960.0M)->0.0B(3576.0M) Survivors: 272.0M->160.0M Heap: 9055.4M(16.0G)->7154.3M(16.0G)]
 [Times: user=1.60 sys=0.01, real=0.11 secs] 
2014-04-23T23:35:28.281+0000: 659.144: [GC pause (young)
Desired survivor size 247463936 bytes, new threshold 15 (max 15)
- age   1:   35091336 bytes,   35091336 total
- age   2:   89495624 bytes,  124586960 total
, 0.1078950 secs]
   [Parallel Time: 99.2 ms, GC Workers: 18]
      [GC Worker Start (ms): Min: 659145.8, Avg: 659146.1, Max: 659146.4, Diff: 0.6]
      [Ext Root Scanning (ms): Min: 9.6, Avg: 11.4, Max: 25.2, Diff: 15.5, Sum: 205.3]
      [Update RS (ms): Min: 1.2, Avg: 15.2, Max: 18.1, Diff: 16.8, Sum: 273.5]
         [Processed Buffers: Min: 12, Avg: 53.4, Max: 111, Diff: 99, Sum: 961]
      [Scan RS (ms): Min: 1.8, Avg: 3.2, Max: 5.4, Diff: 3.6, Sum: 58.2]
      [Object Copy (ms): Min: 66.3, Avg: 68.2, Max: 69.1, Diff: 2.8, Sum: 1227.8]
      [Termination (ms): Min: 0.0, Avg: 0.0, Max: 0.0, Diff: 0.0, Sum: 0.1]
      [GC Worker Other (ms): Min: 0.0, Avg: 0.3, Max: 0.6, Diff: 0.6, Sum: 4.6]
      [GC Worker Total (ms): Min: 97.9, Avg: 98.3, Max: 98.7, Diff: 0.8, Sum: 1769.5]
      [GC Worker End (ms): Min: 659244.2, Avg: 659244.5, Max: 659244.8, Diff: 0.6]
   [Code Root Fixup: 0.0 ms]
   [Clear CT: 2.3 ms]
   [Other: 6.4 ms]
      [Choose CSet: 0.0 ms]
      [Ref Proc: 2.1 ms]
      [Ref Enq: 0.3 ms]
      [Free CSet: 1.8 ms]
   [Eden: 3576.0M(3576.0M)->0.0B(1536.0M) Survivors: 160.0M->288.0M Heap: 10.5G(16.0G)->7286.3M(16.0G)]
 [Times: user=1.76 sys=0.00, real=0.11 secs] 
2014-04-23T23:35:31.245+0000: 662.108: [GC pause (young)
Desired survivor size 121634816 bytes, new threshold 1 (max 15)
- age   1:  156344808 bytes,  156344808 total
- age   2:   21615408 bytes,  177960216 total
- age   3:   85690544 bytes,  263650760 total
, 0.1081170 secs]
   [Parallel Time: 100.2 ms, GC Workers: 18]
      [GC Worker Start (ms): Min: 662109.1, Avg: 662109.4, Max: 662109.7, Diff: 0.6]
      [Ext Root Scanning (ms): Min: 8.5, Avg: 9.7, Max: 17.8, Diff: 9.3, Sum: 174.4]
      [Update RS (ms): Min: 7.1, Avg: 15.0, Max: 32.2, Diff: 25.2, Sum: 270.8]
         [Processed Buffers: Min: 6, Avg: 39.6, Max: 75, Diff: 69, Sum: 712]
      [Scan RS (ms): Min: 0.0, Avg: 0.1, Max: 0.3, Diff: 0.2, Sum: 2.5]
      [Object Copy (ms): Min: 57.8, Avg: 74.1, Max: 76.4, Diff: 18.6, Sum: 1334.7]
      [Termination (ms): Min: 0.0, Avg: 0.2, Max: 0.3, Diff: 0.3, Sum: 4.2]
      [GC Worker Other (ms): Min: 0.0, Avg: 0.2, Max: 0.5, Diff: 0.5, Sum: 3.6]
      [GC Worker Total (ms): Min: 99.0, Avg: 99.5, Max: 100.0, Diff: 1.1, Sum: 1790.3]
      [GC Worker End (ms): Min: 662208.7, Avg: 662208.9, Max: 662209.2, Diff: 0.5]
   [Code Root Fixup: 0.0 ms]
   [Clear CT: 1.2 ms]
   [Other: 6.7 ms]
      [Choose CSet: 0.0 ms]
      [Ref Proc: 1.4 ms]
      [Ref Enq: 0.0 ms]
      [Free CSet: 0.9 ms]
   [Eden: 1536.0M(1536.0M)->0.0B(3632.0M) Survivors: 288.0M->104.0M Heap: 8830.3M(16.0G)->7341.4M(16.0G)]
 [Times: user=1.64 sys=0.01, real=0.10 secs] 
2014-04-23T23:35:33.525+0000: 664.388: [GC pause (young) (initial-mark)
Desired survivor size 247463936 bytes, new threshold 15 (max 15)
- age   1:   58374648 bytes,   58374648 total
, 0.0512280 secs]
   [Parallel Time: 43.9 ms, GC Workers: 18]
      [GC Worker Start (ms): Min: 664389.5, Avg: 664389.8, Max: 664390.1, Diff: 0.6]
      [Ext Root Scanning (ms): Min: 8.2, Avg: 9.4, Max: 18.7, Diff: 10.5, Sum: 169.6]
      [Update RS (ms): Min: 3.2, Avg: 11.9, Max: 14.4, Diff: 11.2, Sum: 215.1]
         [Processed Buffers: Min: 12, Avg: 42.9, Max: 79, Diff: 67, Sum: 772]
      [Scan RS (ms): Min: 0.1, Avg: 2.3, Max: 9.5, Diff: 9.5, Sum: 41.3]
      [Object Copy (ms): Min: 12.3, Avg: 19.1, Max: 20.2, Diff: 8.0, Sum: 344.4]
      [Termination (ms): Min: 0.0, Avg: 0.0, Max: 0.1, Diff: 0.1, Sum: 0.8]
      [GC Worker Other (ms): Min: 0.0, Avg: 0.1, Max: 0.4, Diff: 0.3, Sum: 2.6]
      [GC Worker Total (ms): Min: 42.7, Avg: 43.0, Max: 43.3, Diff: 0.6, Sum: 773.7]
      [GC Worker End (ms): Min: 664432.7, Avg: 664432.8, Max: 664433.0, Diff: 0.3]
   [Code Root Fixup: 0.0 ms]
   [Clear CT: 1.9 ms]
   [Other: 5.4 ms]
      [Choose CSet: 0.0 ms]
      [Ref Proc: 2.0 ms]
      [Ref Enq: 0.1 ms]
      [Free CSet: 0.9 ms]
   [Eden: 1328.0M(3632.0M)->0.0B(3408.0M) Survivors: 104.0M->88.0M Heap: 8668.5M(16.0G)->7327.4M(16.0G)]
 [Times: user=0.76 sys=0.00, real=0.06 secs] 
2014-04-23T23:35:33.576+0000: 664.440: [GC concurrent-root-region-scan-start]
2014-04-23T23:35:33.601+0000: 664.464: [GC concurrent-root-region-scan-end, 0.0243270 secs]
2014-04-23T23:35:33.601+0000: 664.464: [GC concurrent-mark-start]
2014-04-23T23:35:36.772+0000: 667.635: [GC concurrent-mark-end, 3.1714150 secs]
2014-04-23T23:35:36.780+0000: 667.643: [GC remark 2014-04-23T23:35:36.783+0000: 667.646: [GC ref-proc, 0.0589620 secs], 0.0886730 secs]
 [Times: user=0.19 sys=0.00, real=0.09 secs] 
2014-04-23T23:35:36.875+0000: 667.739: [GC cleanup 8529M->8377M(16G), 0.0162010 secs]
 [Times: user=0.15 sys=0.00, real=0.02 secs] 
2014-04-23T23:35:36.893+0000: 667.756: [GC concurrent-cleanup-start]
2014-04-23T23:35:36.893+0000: 667.756: [GC concurrent-cleanup-end, 0.0003100 secs]
2014-04-23T23:35:40.516+0000: 671.379: [GC pause (young)
Desired survivor size 213909504 bytes, new threshold 15 (max 15)
- age   1:   41841584 bytes,   41841584 total
- age   2:   25330360 bytes,   67171944 total
, 0.0901590 secs]
   [Parallel Time: 81.5 ms, GC Workers: 18]
      [GC Worker Start (ms): Min: 671380.2, Avg: 671380.6, Max: 671380.8, Diff: 0.6]
      [Ext Root Scanning (ms): Min: 8.9, Avg: 11.3, Max: 21.4, Diff: 12.5, Sum: 204.2]
      [Update RS (ms): Min: 1.9, Avg: 13.4, Max: 16.0, Diff: 14.1, Sum: 241.2]
         [Processed Buffers: Min: 6, Avg: 49.4, Max: 100, Diff: 94, Sum: 889]
      [Scan RS (ms): Min: 2.8, Avg: 3.3, Max: 3.5, Diff: 0.7, Sum: 59.8]
      [Object Copy (ms): Min: 50.9, Avg: 52.1, Max: 65.9, Diff: 15.1, Sum: 938.4]
      [Termination (ms): Min: 0.0, Avg: 0.3, Max: 0.3, Diff: 0.3, Sum: 4.9]
      [GC Worker Other (ms): Min: 0.0, Avg: 0.2, Max: 0.4, Diff: 0.4, Sum: 3.4]
      [GC Worker Total (ms): Min: 80.3, Avg: 80.7, Max: 81.2, Diff: 0.9, Sum: 1451.9]
      [GC Worker End (ms): Min: 671461.1, Avg: 671461.2, Max: 671461.5, Diff: 0.4]
   [Code Root Fixup: 0.0 ms]
   [Clear CT: 2.1 ms]
   [Other: 6.6 ms]
      [Choose CSet: 0.0 ms]
      [Ref Proc: 1.8 ms]
      [Ref Enq: 0.2 ms]
      [Free CSet: 2.2 ms]
   [Eden: 3168.0M(3168.0M)->0.0B(576.0M) Survivors: 88.0M->240.0M Heap: 10.1G(16.0G)->7337.0M(16.0G)]
 [Times: user=1.36 sys=0.01, real=0.08 secs] 
2014-04-23T23:35:40.968+0000: 671.832: [GC pause (mixed)
Desired survivor size 54525952 bytes, new threshold 1 (max 15)
- age   1:  138376304 bytes,  138376304 total
- age   2:   19507376 bytes,  157883680 total
- age   3:   17367152 bytes,  175250832 total
, 0.0974050 secs]
   [Parallel Time: 88.7 ms, GC Workers: 18]
      [GC Worker Start (ms): Min: 671832.6, Avg: 671839.8, Max: 671840.4, Diff: 7.8]
      [Ext Root Scanning (ms): Min: 3.5, Avg: 9.7, Max: 17.2, Diff: 13.7, Sum: 174.4]
      [Update RS (ms): Min: 1.6, Avg: 8.9, Max: 11.6, Diff: 10.0, Sum: 160.1]
         [Processed Buffers: Min: 7, Avg: 22.1, Max: 73, Diff: 66, Sum: 398]
      [Scan RS (ms): Min: 9.1, Avg: 12.3, Max: 16.5, Diff: 7.4, Sum: 222.2]
      [Object Copy (ms): Min: 45.4, Avg: 50.0, Max: 59.9, Diff: 14.5, Sum: 900.6]
      [Termination (ms): Min: 0.0, Avg: 0.0, Max: 0.1, Diff: 0.1, Sum: 0.9]
      [GC Worker Other (ms): Min: 0.0, Avg: 0.1, Max: 0.3, Diff: 0.3, Sum: 1.6]
      [GC Worker Total (ms): Min: 80.5, Avg: 81.1, Max: 88.4, Diff: 7.9, Sum: 1459.8]
      [GC Worker End (ms): Min: 671920.8, Avg: 671920.9, Max: 671921.1, Diff: 0.3]
   [Code Root Fixup: 0.1 ms]
   [Clear CT: 2.1 ms]
   [Other: 6.5 ms]
      [Choose CSet: 0.2 ms]
      [Ref Proc: 0.6 ms]
      [Ref Enq: 0.0 ms]
      [Free CSet: 1.6 ms]
   [Eden: 576.0M(576.0M)->0.0B(736.0M) Survivors: 240.0M->80.0M Heap: 7917.0M(16.0G)->6858.1M(16.0G)]
 [Times: user=1.42 sys=0.00, real=0.09 secs] 
2014-04-23T23:35:42.487+0000: 673.350: [GC pause (mixed)
Desired survivor size 54525952 bytes, new threshold 15 (max 15)
- age   1:   11778920 bytes,   11778920 total
, 0.0938090 secs]
   [Parallel Time: 83.4 ms, GC Workers: 18]
      [GC Worker Start (ms): Min: 673351.4, Avg: 673351.8, Max: 673352.1, Diff: 0.7]
      [Ext Root Scanning (ms): Min: 9.0, Avg: 11.2, Max: 24.8, Diff: 15.7, Sum: 201.8]
      [Update RS (ms): Min: 0.0, Avg: 10.2, Max: 12.1, Diff: 12.1, Sum: 183.8]
         [Processed Buffers: Min: 0, Avg: 33.3, Max: 73, Diff: 73, Sum: 599]
      [Scan RS (ms): Min: 14.3, Avg: 19.0, Max: 30.8, Diff: 16.5, Sum: 341.3]
      [Object Copy (ms): Min: 30.4, Avg: 42.0, Max: 44.2, Diff: 13.8, Sum: 755.4]
      [Termination (ms): Min: 0.0, Avg: 0.1, Max: 0.2, Diff: 0.2, Sum: 2.5]
      [GC Worker Other (ms): Min: 0.0, Avg: 0.1, Max: 0.4, Diff: 0.4, Sum: 2.1]
      [GC Worker Total (ms): Min: 82.2, Avg: 82.6, Max: 83.2, Diff: 1.0, Sum: 1486.9]
      [GC Worker End (ms): Min: 673434.3, Avg: 673434.4, Max: 673434.7, Diff: 0.4]
   [Code Root Fixup: 0.4 ms]
   [Clear CT: 2.5 ms]
   [Other: 7.4 ms]
      [Choose CSet: 0.4 ms]
      [Ref Proc: 1.6 ms]
      [Ref Enq: 0.0 ms]
      [Free CSet: 1.8 ms]
   [Eden: 736.0M(736.0M)->0.0B(3968.0M) Survivors: 80.0M->72.0M Heap: 7594.1M(16.0G)->6586.3M(16.0G)]
 [Times: user=1.45 sys=0.02, real=0.09 secs] 
2014-04-23T23:35:51.480+0000: 682.343: [GC pause (young)
Desired survivor size 268435456 bytes, new threshold 15 (max 15)
- age   1:   24588504 bytes,   24588504 total
- age   2:    9153352 bytes,   33741856 total
, 0.0796980 secs]
   [Parallel Time: 71.3 ms, GC Workers: 18]
      [GC Worker Start (ms): Min: 682344.1, Avg: 682344.5, Max: 682344.7, Diff: 0.6]
      [Ext Root Scanning (ms): Min: 8.9, Avg: 10.1, Max: 21.0, Diff: 12.1, Sum: 181.2]
      [Update RS (ms): Min: 0.0, Avg: 10.3, Max: 12.0, Diff: 12.0, Sum: 185.6]
         [Processed Buffers: Min: 0, Avg: 49.2, Max: 81, Diff: 81, Sum: 886]
      [Scan RS (ms): Min: 2.4, Avg: 3.0, Max: 3.3, Diff: 0.9, Sum: 54.8]
      [Object Copy (ms): Min: 45.5, Avg: 45.8, Max: 46.3, Diff: 0.8, Sum: 823.7]
      [Termination (ms): Min: 0.0, Avg: 0.9, Max: 0.9, Diff: 0.9, Sum: 15.5]
      [GC Worker Other (ms): Min: 0.0, Avg: 0.1, Max: 0.4, Diff: 0.4, Sum: 2.6]
      [GC Worker Total (ms): Min: 69.8, Avg: 70.2, Max: 70.6, Diff: 0.7, Sum: 1263.4]
      [GC Worker End (ms): Min: 682414.5, Avg: 682414.6, Max: 682414.9, Diff: 0.4]
   [Code Root Fixup: 0.0 ms]
   [Clear CT: 2.4 ms]
   [Other: 6.0 ms]
      [Choose CSet: 0.0 ms]
      [Ref Proc: 1.9 ms]
      [Ref Enq: 0.3 ms]
      [Free CSet: 1.9 ms]
   [Eden: 3968.0M(3968.0M)->0.0B(2888.0M) Survivors: 72.0M->176.0M Heap: 10.3G(16.0G)->6703.6M(16.0G)]
 [Times: user=1.19 sys=0.01, real=0.08 secs] 
2014-04-23T23:35:56.998+0000: 687.861: [GC pause (young)
Desired survivor size 201326592 bytes, new threshold 15 (max 15)
- age   1:  126607120 bytes,  126607120 total
- age   2:   16234608 bytes,  142841728 total
- age   3:    8576656 bytes,  151418384 total
, 0.0944290 secs]
   [Parallel Time: 85.5 ms, GC Workers: 18]
      [GC Worker Start (ms): Min: 687862.4, Avg: 687863.1, Max: 687863.6, Diff: 1.2]
      [Ext Root Scanning (ms): Min: 10.1, Avg: 11.8, Max: 26.3, Diff: 16.2, Sum: 212.0]
      [Update RS (ms): Min: 0.0, Avg: 7.5, Max: 10.1, Diff: 10.1, Sum: 135.0]
         [Processed Buffers: Min: 0, Avg: 39.4, Max: 86, Diff: 86, Sum: 710]
      [Scan RS (ms): Min: 0.1, Avg: 3.5, Max: 4.0, Diff: 3.9, Sum: 62.3]
      [Object Copy (ms): Min: 57.1, Avg: 60.5, Max: 61.9, Diff: 4.8, Sum: 1089.4]
      [Termination (ms): Min: 0.0, Avg: 0.1, Max: 0.1, Diff: 0.1, Sum: 1.8]
      [GC Worker Other (ms): Min: 0.0, Avg: 0.2, Max: 0.5, Diff: 0.5, Sum: 3.9]
      [GC Worker Total (ms): Min: 83.0, Avg: 83.6, Max: 84.3, Diff: 1.4, Sum: 1504.3]
      [GC Worker End (ms): Min: 687946.5, Avg: 687946.7, Max: 687947.0, Diff: 0.5]
   [Code Root Fixup: 0.0 ms]
   [Clear CT: 2.1 ms]
   [Other: 6.8 ms]
      [Choose CSet: 0.0 ms]
      [Ref Proc: 2.5 ms]
      [Ref Enq: 0.2 ms]
      [Free CSet: 1.9 ms]
   [Eden: 2888.0M(2888.0M)->0.0B(2424.0M) Survivors: 176.0M->256.0M Heap: 9603.6M(16.0G)->6801.5M(16.0G)]
 [Times: user=1.46 sys=0.00, real=0.10 secs] 
2014-04-23T23:36:03.667+0000: 694.531: [GC pause (young)
Desired survivor size 176160768 bytes, new threshold 2 (max 15)
- age   1:  116230424 bytes,  116230424 total
- age   2:   86440584 bytes,  202671008 total
- age   3:   15721536 bytes,  218392544 total
- age   4:    8530472 bytes,  226923016 total
, 0.1020360 secs]
   [Parallel Time: 92.1 ms, GC Workers: 18]
      [GC Worker Start (ms): Min: 694532.2, Avg: 694532.6, Max: 694532.9, Diff: 0.7]
      [Ext Root Scanning (ms): Min: 9.1, Avg: 10.9, Max: 19.2, Diff: 10.1, Sum: 196.5]
      [Update RS (ms): Min: 0.0, Avg: 7.3, Max: 10.1, Diff: 10.1, Sum: 131.5]
         [Processed Buffers: Min: 0, Avg: 44.4, Max: 99, Diff: 99, Sum: 799]
      [Scan RS (ms): Min: 3.3, Avg: 4.5, Max: 4.9, Diff: 1.5, Sum: 81.1]
      [Object Copy (ms): Min: 67.6, Avg: 68.0, Max: 68.8, Diff: 1.2, Sum: 1224.8]
      [Termination (ms): Min: 0.0, Avg: 0.0, Max: 0.0, Diff: 0.0, Sum: 0.2]
      [GC Worker Other (ms): Min: 0.0, Avg: 0.2, Max: 0.5, Diff: 0.4, Sum: 3.7]
      [GC Worker Total (ms): Min: 90.5, Avg: 91.0, Max: 91.5, Diff: 1.0, Sum: 1637.8]
      [GC Worker End (ms): Min: 694623.4, Avg: 694623.6, Max: 694623.9, Diff: 0.4]
   [Code Root Fixup: 0.0 ms]
   [Clear CT: 2.3 ms]
   [Other: 7.6 ms]
      [Choose CSet: 0.0 ms]
      [Ref Proc: 1.8 ms]
      [Ref Enq: 0.1 ms]
      [Free CSet: 1.7 ms]
   [Eden: 2424.0M(2424.0M)->0.0B(2536.0M) Survivors: 256.0M->184.0M Heap: 9237.5M(16.0G)->6849.3M(16.0G)]
 [Times: user=1.62 sys=0.01, real=0.11 secs] 
2014-04-23T23:36:08.894+0000: 699.757: [GC pause (young)
Desired survivor size 180355072 bytes, new threshold 15 (max 15)
- age   1:   47573280 bytes,   47573280 total
- age   2:   98031792 bytes,  145605072 total
, 0.0809700 secs]
   [Parallel Time: 73.0 ms, GC Workers: 18]
      [GC Worker Start (ms): Min: 699759.1, Avg: 699759.4, Max: 699759.8, Diff: 0.7]
      [Ext Root Scanning (ms): Min: 8.7, Avg: 10.5, Max: 24.9, Diff: 16.2, Sum: 189.8]
      [Update RS (ms): Min: 0.0, Avg: 9.5, Max: 11.8, Diff: 11.8, Sum: 171.3]
         [Processed Buffers: Min: 0, Avg: 44.4, Max: 94, Diff: 94, Sum: 799]
      [Scan RS (ms): Min: 0.1, Avg: 4.0, Max: 7.0, Diff: 6.8, Sum: 72.3]
      [Object Copy (ms): Min: 44.7, Avg: 47.5, Max: 48.3, Diff: 3.7, Sum: 854.3]
      [Termination (ms): Min: 0.0, Avg: 0.0, Max: 0.0, Diff: 0.0, Sum: 0.1]
      [GC Worker Other (ms): Min: 0.0, Avg: 0.2, Max: 0.4, Diff: 0.4, Sum: 3.0]
      [GC Worker Total (ms): Min: 71.3, Avg: 71.7, Max: 72.3, Diff: 0.9, Sum: 1290.8]
      [GC Worker End (ms): Min: 699831.0, Avg: 699831.2, Max: 699831.4, Diff: 0.4]
   [Code Root Fixup: 0.0 ms]
   [Clear CT: 1.7 ms]
   [Other: 6.3 ms]
      [Choose CSet: 0.0 ms]
      [Ref Proc: 1.9 ms]
      [Ref Enq: 0.1 ms]
      [Free CSet: 1.4 ms]
   [Eden: 2536.0M(2536.0M)->0.0B(2920.0M) Survivors: 184.0M->200.0M Heap: 9393.3M(16.0G)->6877.3M(16.0G)]
 [Times: user=1.27 sys=0.01, real=0.08 secs] 
2014-04-23T23:36:15.610+0000: 706.473: [GC pause (young)
Desired survivor size 205520896 bytes, new threshold 15 (max 15)
- age   1:   52890024 bytes,   52890024 total
- age   2:   26815096 bytes,   79705120 total
- age   3:   95471912 bytes,  175177032 total
, 0.0914300 secs]
   [Parallel Time: 83.8 ms, GC Workers: 18]
      [GC Worker Start (ms): Min: 706474.6, Avg: 706474.9, Max: 706475.1, Diff: 0.6]
      [Ext Root Scanning (ms): Min: 7.7, Avg: 12.6, Max: 28.6, Diff: 20.8, Sum: 226.3]
      [Update RS (ms): Min: 0.0, Avg: 8.1, Max: 13.7, Diff: 13.7, Sum: 146.4]
         [Processed Buffers: Min: 0, Avg: 45.0, Max: 102, Diff: 102, Sum: 810]
      [Scan RS (ms): Min: 0.1, Avg: 4.5, Max: 6.5, Diff: 6.5, Sum: 80.9]
      [Object Copy (ms): Min: 53.2, Avg: 56.8, Max: 58.4, Diff: 5.2, Sum: 1022.7]
      [Termination (ms): Min: 0.0, Avg: 0.1, Max: 0.1, Diff: 0.1, Sum: 1.9]
      [GC Worker Other (ms): Min: 0.0, Avg: 0.2, Max: 0.6, Diff: 0.6, Sum: 4.4]
      [GC Worker Total (ms): Min: 82.1, Avg: 82.4, Max: 82.9, Diff: 0.8, Sum: 1482.7]
      [GC Worker End (ms): Min: 706557.1, Avg: 706557.3, Max: 706557.6, Diff: 0.6]
   [Code Root Fixup: 0.0 ms]
   [Clear CT: 2.1 ms]
   [Other: 5.5 ms]
      [Choose CSet: 0.0 ms]
      [Ref Proc: 1.5 ms]
      [Ref Enq: 0.1 ms]
      [Free CSet: 1.5 ms]
   [Eden: 2920.0M(2920.0M)->0.0B(2832.0M) Survivors: 200.0M->248.0M Heap: 9809.3M(16.0G)->6933.3M(16.0G)]
 [Times: user=1.41 sys=0.00, real=0.10 secs] 
2014-04-23T23:36:20.341+0000: 711.204: [GC pause (young)
Desired survivor size 146800640 bytes, new threshold 4 (max 15)
- age   1:   69113296 bytes,   69113296 total
- age   2:   22522776 bytes,   91636072 total
- age   3:   25360008 bytes,  116996080 total
- age   4:   93639648 bytes,  210635728 total
, 0.1010470 secs]
   [Parallel Time: 91.5 ms, GC Workers: 18]
      [GC Worker Start (ms): Min: 711204.8, Avg: 711205.1, Max: 711205.5, Diff: 0.6]
      [Ext Root Scanning (ms): Min: 7.9, Avg: 9.7, Max: 25.9, Diff: 18.0, Sum: 175.0]
      [Update RS (ms): Min: 0.0, Avg: 9.5, Max: 12.8, Diff: 12.8, Sum: 171.0]
         [Processed Buffers: Min: 0, Avg: 38.7, Max: 75, Diff: 75, Sum: 697]
      [Scan RS (ms): Min: 0.0, Avg: 4.4, Max: 5.0, Diff: 5.0, Sum: 79.5]
      [Object Copy (ms): Min: 64.1, Avg: 66.6, Max: 68.3, Diff: 4.2, Sum: 1199.6]
      [Termination (ms): Min: 0.0, Avg: 0.2, Max: 0.2, Diff: 0.2, Sum: 3.3]
      [GC Worker Other (ms): Min: 0.0, Avg: 0.2, Max: 0.3, Diff: 0.3, Sum: 2.8]
      [GC Worker Total (ms): Min: 90.2, Avg: 90.6, Max: 91.0, Diff: 0.8, Sum: 1631.2]
      [GC Worker End (ms): Min: 711295.6, Avg: 711295.8, Max: 711296.0, Diff: 0.3]
   [Code Root Fixup: 0.0 ms]
   [Clear CT: 1.8 ms]
   [Other: 7.7 ms]
      [Choose CSet: 0.0 ms]
      [Ref Proc: 2.1 ms]
      [Ref Enq: 0.1 ms]
      [Free CSet: 1.5 ms]
   [Eden: 1992.0M(1992.0M)->0.0B(2920.0M) Survivors: 248.0M->192.0M Heap: 8933.3M(16.0G)->6978.6M(16.0G)]
 [Times: user=1.62 sys=0.00, real=0.10 secs] 
2014-04-23T23:36:25.349+0000: 716.212: [GC pause (young)
Desired survivor size 205520896 bytes, new threshold 15 (max 15)
- age   1:   66563504 bytes,   66563504 total
- age   2:   38366808 bytes,  104930312 total
- age   3:   21533848 bytes,  126464160 total
- age   4:   24625072 bytes,  151089232 total
, 0.0839370 secs]
   [Parallel Time: 69.4 ms, GC Workers: 18]
      [GC Worker Start (ms): Min: 716213.9, Avg: 716214.2, Max: 716214.4, Diff: 0.5]
      [Ext Root Scanning (ms): Min: 8.5, Avg: 10.2, Max: 21.3, Diff: 12.8, Sum: 183.1]
      [Update RS (ms): Min: 0.0, Avg: 8.3, Max: 10.9, Diff: 10.9, Sum: 148.6]
         [Processed Buffers: Min: 0, Avg: 45.1, Max: 98, Diff: 98, Sum: 811]
      [Scan RS (ms): Min: 2.1, Avg: 4.7, Max: 5.2, Diff: 3.2, Sum: 84.8]
      [Object Copy (ms): Min: 41.2, Avg: 41.6, Max: 42.5, Diff: 1.3, Sum: 748.0]
      [Termination (ms): Min: 0.0, Avg: 0.1, Max: 0.1, Diff: 0.1, Sum: 1.3]
      [GC Worker Other (ms): Min: 0.0, Avg: 2.1, Max: 4.3, Diff: 4.2, Sum: 38.2]
      [GC Worker Total (ms): Min: 64.6, Avg: 66.9, Max: 69.2, Diff: 4.6, Sum: 1204.0]
      [GC Worker End (ms): Min: 716279.0, Avg: 716281.1, Max: 716283.2, Diff: 4.2]
   [Code Root Fixup: 0.0 ms]
   [Clear CT: 1.8 ms]
   [Other: 12.6 ms]
      [Choose CSet: 0.0 ms]
      [Ref Proc: 7.8 ms]
      [Ref Enq: 0.2 ms]
      [Free CSet: 1.6 ms]
   [Eden: 2920.0M(2920.0M)->0.0B(3392.0M) Survivors: 192.0M->200.0M Heap: 9906.6M(16.0G)->6998.6M(16.0G)]
 [Times: user=1.22 sys=0.01, real=0.09 secs] 
2014-04-23T23:36:31.828+0000: 722.692: [GC pause (young)
Desired survivor size 239075328 bytes, new threshold 15 (max 15)
- age   1:   40772144 bytes,   40772144 total
- age   2:   47570248 bytes,   88342392 total
- age   3:   36602952 bytes,  124945344 total
- age   4:   20159000 bytes,  145104344 total
- age   5:   24165448 bytes,  169269792 total
, 0.1083210 secs]
   [Parallel Time: 100.6 ms, GC Workers: 18]
      [GC Worker Start (ms): Min: 722692.6, Avg: 722693.0, Max: 722693.3, Diff: 0.7]
      [Ext Root Scanning (ms): Min: 7.2, Avg: 8.8, Max: 19.9, Diff: 12.7, Sum: 158.2]
      [Update RS (ms): Min: 0.0, Avg: 10.6, Max: 14.9, Diff: 14.9, Sum: 190.7]
         [Processed Buffers: Min: 0, Avg: 48.2, Max: 97, Diff: 97, Sum: 868]
      [Scan RS (ms): Min: 0.4, Avg: 4.1, Max: 4.6, Diff: 4.3, Sum: 73.1]
      [Object Copy (ms): Min: 67.0, Avg: 67.8, Max: 76.2, Diff: 9.3, Sum: 1220.6]
      [Termination (ms): Min: 0.0, Avg: 8.2, Max: 8.8, Diff: 8.8, Sum: 148.5]
      [GC Worker Other (ms): Min: 0.0, Avg: 0.2, Max: 0.5, Diff: 0.5, Sum: 3.9]
      [GC Worker Total (ms): Min: 99.4, Avg: 99.7, Max: 100.2, Diff: 0.8, Sum: 1795.1]
      [GC Worker End (ms): Min: 722792.5, Avg: 722792.7, Max: 722793.0, Diff: 0.5]
   [Code Root Fixup: 0.0 ms]
   [Clear CT: 1.9 ms]
   [Other: 5.8 ms]
      [Choose CSet: 0.0 ms]
      [Ref Proc: 1.8 ms]
      [Ref Enq: 0.2 ms]
      [Free CSet: 1.5 ms]
   [Eden: 3392.0M(3392.0M)->0.0B(2752.0M) Survivors: 200.0M->304.0M Heap: 10.2G(16.0G)->7110.6M(16.0G)]
 [Times: user=1.75 sys=0.01, real=0.11 secs] 
2014-04-23T23:36:36.502+0000: 727.365: [GC pause (young)
Desired survivor size 201326592 bytes, new threshold 4 (max 15)
- age   1:  116376456 bytes,  116376456 total
- age   2:   21997296 bytes,  138373752 total
- age   3:   43115888 bytes,  181489640 total
- age   4:   34234664 bytes,  215724304 total
- age   5:   19125600 bytes,  234849904 total
- age   6:   22889176 bytes,  257739080 total
, 0.1124130 secs]
   [Parallel Time: 103.2 ms, GC Workers: 18]
      [GC Worker Start (ms): Min: 727366.2, Avg: 727366.4, Max: 727367.0, Diff: 0.9]
      [Ext Root Scanning (ms): Min: 9.3, Avg: 11.8, Max: 18.9, Diff: 9.6, Sum: 212.1]
      [Update RS (ms): Min: 4.6, Avg: 12.0, Max: 16.1, Diff: 11.5, Sum: 216.8]
         [Processed Buffers: Min: 1, Avg: 47.4, Max: 93, Diff: 92, Sum: 854]
      [Scan RS (ms): Min: 0.1, Avg: 4.2, Max: 12.9, Diff: 12.7, Sum: 75.2]
      [Object Copy (ms): Min: 58.3, Avg: 67.3, Max: 75.6, Diff: 17.3, Sum: 1211.0]
      [Termination (ms): Min: 0.1, Avg: 7.1, Max: 7.6, Diff: 7.5, Sum: 128.1]
      [GC Worker Other (ms): Min: 0.0, Avg: 0.1, Max: 0.4, Diff: 0.3, Sum: 2.5]
      [GC Worker Total (ms): Min: 101.9, Avg: 102.5, Max: 103.0, Diff: 1.1, Sum: 1845.6]
      [GC Worker End (ms): Min: 727468.8, Avg: 727468.9, Max: 727469.2, Diff: 0.3]
   [Code Root Fixup: 0.0 ms]
   [Clear CT: 2.2 ms]
   [Other: 7.0 ms]
      [Choose CSet: 0.0 ms]
      [Ref Proc: 1.8 ms]
      [Ref Enq: 0.1 ms]
      [Free CSet: 1.4 ms]
   [Eden: 2752.0M(2752.0M)->0.0B(2584.0M) Survivors: 304.0M->216.0M Heap: 9870.6M(16.0G)->7102.9M(16.0G)]
 [Times: user=1.64 sys=0.00, real=0.12 secs] 
2014-04-23T23:36:43.042+0000: 733.906: [GC pause (young)
Desired survivor size 184549376 bytes, new threshold 15 (max 15)
- age   1:   40160728 bytes,   40160728 total
- age   2:   79377944 bytes,  119538672 total
- age   3:   18889984 bytes,  138428656 total
- age   4:   41695624 bytes,  180124280 total
, 0.0998440 secs]
   [Parallel Time: 91.5 ms, GC Workers: 18]
      [GC Worker Start (ms): Min: 733907.0, Avg: 733907.4, Max: 733907.6, Diff: 0.6]
      [Ext Root Scanning (ms): Min: 7.5, Avg: 10.4, Max: 20.8, Diff: 13.4, Sum: 187.9]
      [Update RS (ms): Min: 0.0, Avg: 7.8, Max: 10.2, Diff: 10.2, Sum: 140.7]
         [Processed Buffers: Min: 0, Avg: 42.8, Max: 77, Diff: 77, Sum: 770]
      [Scan RS (ms): Min: 2.7, Avg: 5.0, Max: 7.9, Diff: 5.1, Sum: 89.4]
      [Object Copy (ms): Min: 64.5, Avg: 67.3, Max: 68.4, Diff: 3.9, Sum: 1210.6]
      [Termination (ms): Min: 0.0, Avg: 0.0, Max: 0.0, Diff: 0.0, Sum: 0.1]
      [GC Worker Other (ms): Min: 0.0, Avg: 0.2, Max: 0.4, Diff: 0.4, Sum: 3.4]
      [GC Worker Total (ms): Min: 90.3, Avg: 90.7, Max: 91.2, Diff: 0.9, Sum: 1632.1]
      [GC Worker End (ms): Min: 733997.9, Avg: 733998.0, Max: 733998.2, Diff: 0.4]
   [Code Root Fixup: 0.0 ms]
   [Clear CT: 2.3 ms]
   [Other: 6.0 ms]
      [Choose CSet: 0.0 ms]
      [Ref Proc: 2.4 ms]
      [Ref Enq: 0.1 ms]
      [Free CSet: 1.2 ms]
   [Eden: 2584.0M(2584.0M)->0.0B(2096.0M) Survivors: 216.0M->304.0M Heap: 9698.9M(16.0G)->7202.9M(16.0G)]
 [Times: user=1.59 sys=0.00, real=0.10 secs] 
2014-04-23T23:36:47.298+0000: 738.161: [GC pause (young)
Desired survivor size 159383552 bytes, new threshold 3 (max 15)
- age   1:  104902040 bytes,  104902040 total
- age   2:   24600088 bytes,  129502128 total
- age   3:   74512272 bytes,  204014400 total
- age   4:   17938480 bytes,  221952880 total
- age   5:   41191792 bytes,  263144672 total
, 0.1024070 secs]
   [Parallel Time: 92.1 ms, GC Workers: 18]
      [GC Worker Start (ms): Min: 738162.2, Avg: 738162.5, Max: 738162.8, Diff: 0.6]
      [Ext Root Scanning (ms): Min: 7.9, Avg: 9.7, Max: 21.6, Diff: 13.7, Sum: 174.2]
      [Update RS (ms): Min: 0.0, Avg: 11.5, Max: 14.3, Diff: 14.3, Sum: 207.5]
         [Processed Buffers: Min: 0, Avg: 46.8, Max: 79, Diff: 79, Sum: 843]
      [Scan RS (ms): Min: 1.8, Avg: 3.9, Max: 4.2, Diff: 2.4, Sum: 70.3]
      [Object Copy (ms): Min: 65.3, Avg: 65.5, Max: 66.0, Diff: 0.6, Sum: 1179.4]
      [Termination (ms): Min: 0.0, Avg: 0.1, Max: 0.1, Diff: 0.0, Sum: 1.2]
      [GC Worker Other (ms): Min: 0.0, Avg: 0.1, Max: 0.4, Diff: 0.4, Sum: 2.3]
      [GC Worker Total (ms): Min: 90.5, Avg: 90.8, Max: 91.3, Diff: 0.8, Sum: 1635.0]
      [GC Worker End (ms): Min: 738253.2, Avg: 738253.3, Max: 738253.6, Diff: 0.4]
   [Code Root Fixup: 0.0 ms]
   [Clear CT: 1.6 ms]
   [Other: 8.7 ms]
      [Choose CSet: 0.0 ms]
      [Ref Proc: 2.7 ms]
      [Ref Enq: 0.1 ms]
      [Free CSet: 1.7 ms]
   [Eden: 2096.0M(2096.0M)->0.0B(3376.0M) Survivors: 304.0M->160.0M Heap: 9306.9M(16.0G)->7204.7M(16.0G)]
 [Times: user=1.55 sys=0.00, real=0.10 secs] 
2014-04-23T23:36:53.847+0000: 744.710: [GC pause (young)
Desired survivor size 163577856 bytes, new threshold 15 (max 15)
- age   1:   55578280 bytes,   55578280 total
- age   2:   46709384 bytes,  102287664 total
- age   3:   23014832 bytes,  125302496 total
, 0.0728430 secs]
   [Parallel Time: 65.9 ms, GC Workers: 18]
      [GC Worker Start (ms): Min: 744711.1, Avg: 744711.6, Max: 744711.9, Diff: 0.8]
      [Ext Root Scanning (ms): Min: 9.2, Avg: 10.5, Max: 23.7, Diff: 14.5, Sum: 188.8]
      [Update RS (ms): Min: 0.0, Avg: 10.8, Max: 13.5, Diff: 13.4, Sum: 193.8]
         [Processed Buffers: Min: 0, Avg: 41.3, Max: 64, Diff: 64, Sum: 744]
      [Scan RS (ms): Min: 1.9, Avg: 4.1, Max: 4.6, Diff: 2.8, Sum: 73.5]
      [Object Copy (ms): Min: 38.5, Avg: 39.0, Max: 40.4, Diff: 1.9, Sum: 701.5]
      [Termination (ms): Min: 0.0, Avg: 0.1, Max: 0.1, Diff: 0.1, Sum: 2.3]
      [GC Worker Other (ms): Min: 0.0, Avg: 0.2, Max: 0.4, Diff: 0.4, Sum: 2.9]
      [GC Worker Total (ms): Min: 64.1, Avg: 64.6, Max: 65.2, Diff: 1.0, Sum: 1162.7]
      [GC Worker End (ms): Min: 744776.0, Avg: 744776.1, Max: 744776.4, Diff: 0.4]
   [Code Root Fixup: 0.0 ms]
   [Clear CT: 1.8 ms]
   [Other: 5.2 ms]
      [Choose CSet: 0.0 ms]
      [Ref Proc: 1.5 ms]
      [Ref Enq: 0.2 ms]
      [Free CSet: 1.5 ms]
   [Eden: 2312.0M(2312.0M)->0.0B(4256.0M) Survivors: 160.0M->176.0M Heap: 9528.7M(16.0G)->7244.0M(16.0G)]
 [Times: user=1.13 sys=0.01, real=0.08 secs] 
2014-04-23T23:37:02.967+0000: 753.831: [GC pause (young)
Desired survivor size 293601280 bytes, new threshold 15 (max 15)
- age   1:   38606136 bytes,   38606136 total
- age   2:   37658168 bytes,   76264304 total
- age   3:   44794656 bytes,  121058960 total
- age   4:   22051632 bytes,  143110592 total
, 0.1014530 secs]
   [Parallel Time: 91.8 ms, GC Workers: 18]
      [GC Worker Start (ms): Min: 753831.9, Avg: 753832.2, Max: 753832.5, Diff: 0.6]
      [Ext Root Scanning (ms): Min: 7.9, Avg: 9.7, Max: 19.5, Diff: 11.7, Sum: 174.7]
      [Update RS (ms): Min: 0.0, Avg: 9.7, Max: 12.5, Diff: 12.5, Sum: 174.5]
         [Processed Buffers: Min: 0, Avg: 46.2, Max: 106, Diff: 106, Sum: 831]
      [Scan RS (ms): Min: 2.5, Avg: 4.4, Max: 11.7, Diff: 9.3, Sum: 79.3]
      [Object Copy (ms): Min: 51.3, Avg: 58.8, Max: 67.3, Diff: 16.0, Sum: 1058.3]
      [Termination (ms): Min: 0.0, Avg: 8.1, Max: 8.6, Diff: 8.6, Sum: 145.1]
      [GC Worker Other (ms): Min: 0.0, Avg: 0.2, Max: 0.5, Diff: 0.5, Sum: 3.4]
      [GC Worker Total (ms): Min: 90.4, Avg: 90.8, Max: 91.4, Diff: 0.9, Sum: 1635.2]
      [GC Worker End (ms): Min: 753922.9, Avg: 753923.1, Max: 753923.4, Diff: 0.5]
   [Code Root Fixup: 0.0 ms]
   [Clear CT: 2.3 ms]
   [Other: 7.3 ms]
      [Choose CSet: 0.0 ms]
      [Ref Proc: 2.4 ms]
      [Ref Enq: 0.2 ms]
      [Free CSet: 2.7 ms]
   [Eden: 4256.0M(4256.0M)->0.0B(3176.0M) Survivors: 176.0M->240.0M Heap: 11.2G(16.0G)->7308.0M(16.0G)]
 [Times: user=1.47 sys=0.01, real=0.11 secs] 
2014-04-23T23:37:07.731+0000: 758.595: [GC pause (young)
Desired survivor size 226492416 bytes, new threshold 15 (max 15)
- age   1:   94855928 bytes,   94855928 total
- age   2:   21350608 bytes,  116206536 total
- age   3:   35429480 bytes,  151636016 total
- age   4:   42527760 bytes,  194163776 total
- age   5:   20121176 bytes,  214284952 total
, 0.1286140 secs]
   [Parallel Time: 120.7 ms, GC Workers: 18]
      [GC Worker Start (ms): Min: 758595.8, Avg: 758596.1, Max: 758596.4, Diff: 0.7]
      [Ext Root Scanning (ms): Min: 8.3, Avg: 9.7, Max: 21.7, Diff: 13.4, Sum: 175.1]
      [Update RS (ms): Min: 0.0, Avg: 9.1, Max: 15.8, Diff: 15.8, Sum: 163.4]
         [Processed Buffers: Min: 0, Avg: 43.8, Max: 90, Diff: 90, Sum: 789]
      [Scan RS (ms): Min: 0.0, Avg: 2.5, Max: 3.2, Diff: 3.1, Sum: 44.5]
      [Object Copy (ms): Min: 91.3, Avg: 95.6, Max: 98.7, Diff: 7.4, Sum: 1720.2]
      [Termination (ms): Min: 0.0, Avg: 2.8, Max: 3.0, Diff: 3.0, Sum: 51.1]
      [GC Worker Other (ms): Min: 0.0, Avg: 0.1, Max: 0.2, Diff: 0.2, Sum: 1.6]
      [GC Worker Total (ms): Min: 119.4, Avg: 119.8, Max: 120.1, Diff: 0.7, Sum: 2155.8]
      [GC Worker End (ms): Min: 758715.8, Avg: 758715.9, Max: 758716.1, Diff: 0.2]
   [Code Root Fixup: 0.0 ms]
   [Clear CT: 1.8 ms]
   [Other: 6.1 ms]
      [Choose CSet: 0.0 ms]
      [Ref Proc: 1.7 ms]
      [Ref Enq: 0.2 ms]
      [Free CSet: 1.8 ms]
   [Eden: 3176.0M(3176.0M)->0.0B(1480.0M) Survivors: 240.0M->392.0M Heap: 10.2G(16.0G)->7456.3M(16.0G)]
 [Times: user=2.09 sys=0.01, real=0.13 secs] 
2014-04-23T23:37:09.860+0000: 760.723: [GC pause (young)
Desired survivor size 125829120 bytes, new threshold 1 (max 15)
- age   1:  167778704 bytes,  167778704 total
- age   2:   79281264 bytes,  247059968 total
- age   3:   19723544 bytes,  266783512 total
- age   4:   34039672 bytes,  300823184 total
- age   5:   40786472 bytes,  341609656 total
- age   6:   18035344 bytes,  359645000 total
, 0.1542910 secs]
   [Parallel Time: 143.7 ms, GC Workers: 18]
      [GC Worker Start (ms): Min: 760724.0, Avg: 760724.5, Max: 760725.0, Diff: 1.0]
      [Ext Root Scanning (ms): Min: 9.0, Avg: 11.8, Max: 26.1, Diff: 17.1, Sum: 212.6]
      [Update RS (ms): Min: 0.0, Avg: 14.3, Max: 19.9, Diff: 19.9, Sum: 256.7]
         [Processed Buffers: Min: 0, Avg: 33.0, Max: 97, Diff: 97, Sum: 594]
      [Scan RS (ms): Min: 0.0, Avg: 0.1, Max: 0.3, Diff: 0.3, Sum: 2.3]
      [Object Copy (ms): Min: 113.4, Avg: 116.6, Max: 118.2, Diff: 4.8, Sum: 2098.6]
      [Termination (ms): Min: 0.0, Avg: 0.1, Max: 0.1, Diff: 0.1, Sum: 1.9]
      [GC Worker Other (ms): Min: 0.0, Avg: 0.1, Max: 0.2, Diff: 0.2, Sum: 1.4]
      [GC Worker Total (ms): Min: 142.5, Avg: 143.0, Max: 143.4, Diff: 1.0, Sum: 2573.6]
      [GC Worker End (ms): Min: 760867.4, Avg: 760867.5, Max: 760867.6, Diff: 0.2]
   [Code Root Fixup: 0.0 ms]
   [Clear CT: 1.0 ms]
   [Other: 9.6 ms]
      [Choose CSet: 0.0 ms]
      [Ref Proc: 1.3 ms]
      [Ref Enq: 0.1 ms]
      [Free CSet: 0.7 ms]
   [Eden: 1480.0M(1480.0M)->0.0B(1480.0M) Survivors: 392.0M->152.0M Heap: 8936.3M(16.0G)->7520.7M(16.0G)]
 [Times: user=2.35 sys=0.01, real=0.15 secs] 
2014-04-23T23:37:13.576+0000: 764.439: [GC pause (young) (initial-mark)
Desired survivor size 109051904 bytes, new threshold 1 (max 15)
- age   1:  112785080 bytes,  112785080 total
, 0.0456660 secs]
   [Parallel Time: 38.7 ms, GC Workers: 18]
      [GC Worker Start (ms): Min: 764440.4, Avg: 764440.8, Max: 764441.1, Diff: 0.7]
      [Ext Root Scanning (ms): Min: 8.9, Avg: 10.9, Max: 23.9, Diff: 15.0, Sum: 195.5]
      [Update RS (ms): Min: 0.0, Avg: 8.8, Max: 12.9, Diff: 12.9, Sum: 157.8]
         [Processed Buffers: Min: 0, Avg: 40.3, Max: 73, Diff: 73, Sum: 725]
      [Scan RS (ms): Min: 0.0, Avg: 1.1, Max: 1.5, Diff: 1.4, Sum: 19.6]
      [Object Copy (ms): Min: 14.0, Avg: 16.9, Max: 18.0, Diff: 4.0, Sum: 303.5]
      [Termination (ms): Min: 0.0, Avg: 0.1, Max: 0.1, Diff: 0.1, Sum: 1.6]
      [GC Worker Other (ms): Min: 0.0, Avg: 0.2, Max: 0.5, Diff: 0.5, Sum: 3.8]
      [GC Worker Total (ms): Min: 37.4, Avg: 37.9, Max: 38.5, Diff: 1.1, Sum: 681.8]
      [GC Worker End (ms): Min: 764478.5, Avg: 764478.6, Max: 764478.9, Diff: 0.5]
   [Code Root Fixup: 0.0 ms]
   [Clear CT: 1.5 ms]
   [Other: 5.5 ms]
      [Choose CSet: 0.0 ms]
      [Ref Proc: 1.7 ms]
      [Ref Enq: 0.1 ms]
      [Free CSet: 0.9 ms]
   [Eden: 1480.0M(1480.0M)->0.0B(6368.0M) Survivors: 152.0M->80.0M Heap: 9000.7M(16.0G)->7528.0M(16.0G)]
 [Times: user=0.65 sys=0.00, real=0.05 secs] 
2014-04-23T23:37:13.621+0000: 764.485: [GC concurrent-root-region-scan-start]
2014-04-23T23:37:13.636+0000: 764.500: [GC concurrent-root-region-scan-end, 0.0149120 secs]
2014-04-23T23:37:13.636+0000: 764.500: [GC concurrent-mark-start]
2014-04-23T23:37:16.796+0000: 767.660: [GC concurrent-mark-end, 3.1600430 secs]
2014-04-23T23:37:16.805+0000: 767.668: [GC remark 2014-04-23T23:37:16.807+0000: 767.670: [GC ref-proc, 0.0643600 secs], 0.0964600 secs]
 [Times: user=0.20 sys=0.00, real=0.10 secs] 
2014-04-23T23:37:16.909+0000: 767.772: [GC cleanup 9087M->8935M(16G), 0.0164180 secs]
 [Times: user=0.17 sys=0.01, real=0.02 secs] 
2014-04-23T23:37:16.926+0000: 767.790: [GC concurrent-cleanup-start]
2014-04-23T23:37:16.926+0000: 767.790: [GC concurrent-cleanup-end, 0.0002780 secs]
2014-04-23T23:37:30.225+0000: 781.088: [GC pause (young)
Desired survivor size 398458880 bytes, new threshold 15 (max 15)
- age   1:   37247944 bytes,   37247944 total
, 0.0824730 secs]
   [Parallel Time: 72.3 ms, GC Workers: 18]
      [GC Worker Start (ms): Min: 781089.8, Avg: 781090.2, Max: 781090.6, Diff: 0.8]
      [Ext Root Scanning (ms): Min: 10.4, Avg: 13.2, Max: 40.4, Diff: 30.0, Sum: 238.2]
      [Update RS (ms): Min: 0.0, Avg: 9.4, Max: 12.4, Diff: 12.4, Sum: 169.5]
         [Processed Buffers: Min: 0, Avg: 49.3, Max: 91, Diff: 91, Sum: 888]
      [Scan RS (ms): Min: 0.2, Avg: 2.6, Max: 2.9, Diff: 2.8, Sum: 46.3]
      [Object Copy (ms): Min: 30.1, Avg: 45.3, Max: 47.2, Diff: 17.1, Sum: 814.7]
      [Termination (ms): Min: 0.0, Avg: 0.1, Max: 0.1, Diff: 0.1, Sum: 1.1]
      [GC Worker Other (ms): Min: 0.0, Avg: 0.2, Max: 0.6, Diff: 0.6, Sum: 4.4]
      [GC Worker Total (ms): Min: 70.3, Avg: 70.8, Max: 71.3, Diff: 1.0, Sum: 1274.2]
      [GC Worker End (ms): Min: 781160.8, Avg: 781161.0, Max: 781161.4, Diff: 0.6]
   [Code Root Fixup: 0.0 ms]
   [Clear CT: 2.1 ms]
   [Other: 8.1 ms]
      [Choose CSet: 0.0 ms]
      [Ref Proc: 2.9 ms]
      [Ref Enq: 0.4 ms]
      [Free CSet: 2.3 ms]
   [Eden: 6280.0M(5968.0M)->0.0B(552.0M) Survivors: 80.0M->264.0M Heap: 13.3G(16.0G)->7572.5M(16.0G)]
 [Times: user=1.22 sys=0.00, real=0.08 secs] 
2014-04-23T23:37:31.750+0000: 782.614: [GC pause (mixed)
Desired survivor size 54525952 bytes, new threshold 1 (max 15)
- age   1:  158449072 bytes,  158449072 total
- age   2:   16264952 bytes,  174714024 total
, 0.1307560 secs]
   [Parallel Time: 117.0 ms, GC Workers: 18]
      [GC Worker Start (ms): Min: 782614.9, Avg: 782615.2, Max: 782615.5, Diff: 0.6]
      [Ext Root Scanning (ms): Min: 7.6, Avg: 9.5, Max: 18.3, Diff: 10.7, Sum: 171.4]
      [Update RS (ms): Min: 0.0, Avg: 6.0, Max: 8.4, Diff: 8.4, Sum: 108.7]
         [Processed Buffers: Min: 0, Avg: 27.3, Max: 60, Diff: 60, Sum: 492]
      [Scan RS (ms): Min: 10.1, Avg: 14.2, Max: 29.5, Diff: 19.4, Sum: 255.7]
      [Object Copy (ms): Min: 70.1, Avg: 85.9, Max: 87.5, Diff: 17.5, Sum: 1546.2]
      [Termination (ms): Min: 0.0, Avg: 0.4, Max: 0.5, Diff: 0.5, Sum: 7.6]
      [GC Worker Other (ms): Min: 0.0, Avg: 0.1, Max: 0.3, Diff: 0.3, Sum: 2.3]
      [GC Worker Total (ms): Min: 115.8, Avg: 116.2, Max: 116.5, Diff: 0.7, Sum: 2091.9]
      [GC Worker End (ms): Min: 782731.3, Avg: 782731.4, Max: 782731.5, Diff: 0.3]
   [Code Root Fixup: 0.5 ms]
   [Clear CT: 2.7 ms]
   [Other: 10.6 ms]
      [Choose CSet: 0.4 ms]
      [Ref Proc: 1.1 ms]
      [Ref Enq: 0.0 ms]
      [Free CSet: 1.9 ms]
   [Eden: 552.0M(552.0M)->0.0B(736.0M) Survivors: 264.0M->80.0M Heap: 8124.5M(16.0G)->7144.8M(16.0G)]
 [Times: user=2.05 sys=0.01, real=0.13 secs] 
2014-04-23T23:37:32.908+0000: 783.771: [GC pause (mixed)
Desired survivor size 54525952 bytes, new threshold 15 (max 15)
- age   1:   19725872 bytes,   19725872 total
, 0.1159320 secs]
   [Parallel Time: 103.0 ms, GC Workers: 18]
      [GC Worker Start (ms): Min: 783773.0, Avg: 783773.3, Max: 783773.5, Diff: 0.5]
      [Ext Root Scanning (ms): Min: 6.5, Avg: 9.6, Max: 23.3, Diff: 16.8, Sum: 172.6]
      [Update RS (ms): Min: 0.0, Avg: 8.8, Max: 15.0, Diff: 15.0, Sum: 158.7]
         [Processed Buffers: Min: 0, Avg: 34.2, Max: 61, Diff: 61, Sum: 615]
      [Scan RS (ms): Min: 12.7, Avg: 18.2, Max: 23.9, Diff: 11.2, Sum: 328.5]
      [Object Copy (ms): Min: 59.7, Avg: 65.2, Max: 66.5, Diff: 6.8, Sum: 1174.1]
      [Termination (ms): Min: 0.0, Avg: 0.1, Max: 0.1, Diff: 0.1, Sum: 0.9]
      [GC Worker Other (ms): Min: 0.0, Avg: 0.1, Max: 0.3, Diff: 0.3, Sum: 2.2]
      [GC Worker Total (ms): Min: 101.7, Avg: 102.1, Max: 102.5, Diff: 0.7, Sum: 1837.1]
      [GC Worker End (ms): Min: 783875.2, Avg: 783875.3, Max: 783875.5, Diff: 0.3]
   [Code Root Fixup: 0.3 ms]
   [Clear CT: 2.3 ms]
   [Other: 10.4 ms]
      [Choose CSet: 0.5 ms]
      [Ref Proc: 1.4 ms]
      [Ref Enq: 0.0 ms]
      [Free CSet: 2.6 ms]
   [Eden: 736.0M(736.0M)->0.0B(712.0M) Survivors: 80.0M->104.0M Heap: 7880.8M(16.0G)->6838.5M(16.0G)]
 [Times: user=1.79 sys=0.01, real=0.12 secs] 
2014-04-23T23:37:34.122+0000: 784.986: [GC pause (mixed)
Desired survivor size 54525952 bytes, new threshold 2 (max 15)
- age   1:   51531392 bytes,   51531392 total
- age   2:   10761752 bytes,   62293144 total
, 0.0516060 secs]
   [Parallel Time: 45.3 ms, GC Workers: 18]
      [GC Worker Start (ms): Min: 784986.7, Avg: 784987.0, Max: 784987.2, Diff: 0.6]
      [Ext Root Scanning (ms): Min: 7.7, Avg: 9.3, Max: 21.4, Diff: 13.7, Sum: 168.1]
      [Update RS (ms): Min: 5.2, Avg: 16.9, Max: 19.0, Diff: 13.8, Sum: 304.1]
         [Processed Buffers: Min: 8, Avg: 38.5, Max: 70, Diff: 62, Sum: 693]
      [Scan RS (ms): Min: 1.0, Avg: 3.2, Max: 17.6, Diff: 16.5, Sum: 57.2]
      [Object Copy (ms): Min: 0.4, Avg: 13.5, Max: 14.9, Diff: 14.5, Sum: 242.7]
      [Termination (ms): Min: 0.0, Avg: 1.2, Max: 1.3, Diff: 1.3, Sum: 21.4]
      [GC Worker Other (ms): Min: 0.0, Avg: 0.0, Max: 0.1, Diff: 0.1, Sum: 0.6]
      [GC Worker Total (ms): Min: 43.8, Avg: 44.1, Max: 44.4, Diff: 0.6, Sum: 794.0]
      [GC Worker End (ms): Min: 785031.1, Avg: 785031.1, Max: 785031.1, Diff: 0.1]
   [Code Root Fixup: 0.1 ms]
   [Clear CT: 2.0 ms]
   [Other: 4.2 ms]
      [Choose CSet: 0.1 ms]
      [Ref Proc: 1.6 ms]
      [Ref Enq: 0.0 ms]
      [Free CSet: 0.6 ms]
   [Eden: 712.0M(712.0M)->0.0B(7240.0M) Survivors: 104.0M->88.0M Heap: 7550.5M(16.0G)->6858.0M(16.0G)]
 [Times: user=0.80 sys=0.01, real=0.06 secs] 
2014-04-23T23:37:51.924+0000: 802.787: [GC pause (young)
Desired survivor size 482344960 bytes, new threshold 15 (max 15)
- age   1:   28149240 bytes,   28149240 total
- age   2:   13053624 bytes,   41202864 total
, 0.0762460 secs]
   [Parallel Time: 65.3 ms, GC Workers: 18]
      [GC Worker Start (ms): Min: 802789.0, Avg: 802789.4, Max: 802789.6, Diff: 0.6]
      [Ext Root Scanning (ms): Min: 8.4, Avg: 10.7, Max: 24.0, Diff: 15.7, Sum: 192.8]
      [Update RS (ms): Min: 0.0, Avg: 13.5, Max: 19.3, Diff: 19.3, Sum: 242.3]
         [Processed Buffers: Min: 0, Avg: 61.7, Max: 88, Diff: 88, Sum: 1111]
      [Scan RS (ms): Min: 0.1, Avg: 2.4, Max: 3.1, Diff: 3.0, Sum: 43.0]
      [Object Copy (ms): Min: 35.5, Avg: 37.4, Max: 38.2, Diff: 2.8, Sum: 673.5]
      [Termination (ms): Min: 0.0, Avg: 0.5, Max: 0.8, Diff: 0.7, Sum: 8.6]
      [GC Worker Other (ms): Min: 0.0, Avg: 0.1, Max: 0.3, Diff: 0.3, Sum: 2.5]
      [GC Worker Total (ms): Min: 64.3, Avg: 64.6, Max: 65.1, Diff: 0.8, Sum: 1162.8]
      [GC Worker End (ms): Min: 802853.8, Avg: 802854.0, Max: 802854.1, Diff: 0.3]
   [Code Root Fixup: 0.0 ms]
   [Clear CT: 2.7 ms]
   [Other: 8.3 ms]
      [Choose CSet: 0.0 ms]
      [Ref Proc: 2.9 ms]
      [Ref Enq: 0.5 ms]
      [Free CSet: 2.2 ms]
   [Eden: 7240.0M(7240.0M)->0.0B(5808.0M) Survivors: 88.0M->144.0M Heap: 13.8G(16.0G)->6921.0M(16.0G)]
 [Times: user=1.09 sys=0.01, real=0.08 secs] 
2014-04-23T23:38:06.701+0000: 817.565: [GC pause (young)
Desired survivor size 390070272 bytes, new threshold 15 (max 15)
- age   1:  120083840 bytes,  120083840 total
- age   2:    2907648 bytes,  122991488 total
- age   3:    9804656 bytes,  132796144 total
, 0.1032150 secs]
   [Parallel Time: 91.5 ms, GC Workers: 18]
      [GC Worker Start (ms): Min: 817566.1, Avg: 817566.4, Max: 817566.7, Diff: 0.7]
      [Ext Root Scanning (ms): Min: 8.3, Avg: 10.2, Max: 18.3, Diff: 10.0, Sum: 183.7]
      [Update RS (ms): Min: 2.2, Avg: 10.2, Max: 13.4, Diff: 11.2, Sum: 182.9]
         [Processed Buffers: Min: 13, Avg: 48.4, Max: 78, Diff: 65, Sum: 871]
      [Scan RS (ms): Min: 1.4, Avg: 3.0, Max: 3.3, Diff: 1.9, Sum: 54.5]
      [Object Copy (ms): Min: 66.6, Avg: 67.0, Max: 67.4, Diff: 0.8, Sum: 1205.4]
      [Termination (ms): Min: 0.0, Avg: 0.2, Max: 0.2, Diff: 0.2, Sum: 2.8]
      [GC Worker Other (ms): Min: 0.0, Avg: 0.2, Max: 0.5, Diff: 0.5, Sum: 4.2]
      [GC Worker Total (ms): Min: 90.4, Avg: 90.8, Max: 91.3, Diff: 0.9, Sum: 1633.5]
      [GC Worker End (ms): Min: 817657.0, Avg: 817657.2, Max: 817657.5, Diff: 0.5]
   [Code Root Fixup: 0.0 ms]
   [Clear CT: 3.0 ms]
   [Other: 8.7 ms]
      [Choose CSet: 0.0 ms]
      [Ref Proc: 3.3 ms]
      [Ref Enq: 0.3 ms]
      [Free CSet: 2.5 ms]
   [Eden: 5808.0M(5808.0M)->0.0B(3032.0M) Survivors: 144.0M->288.0M Heap: 12.4G(16.0G)->7067.3M(16.0G)]
 [Times: user=1.64 sys=0.00, real=0.10 secs] 
2014-04-23T23:38:12.075+0000: 822.938: [GC pause (young)
Desired survivor size 218103808 bytes, new threshold 2 (max 15)
- age   1:  167264768 bytes,  167264768 total
- age   2:   89339344 bytes,  256604112 total
- age   3:    2447024 bytes,  259051136 total
- age   4:    7418520 bytes,  266469656 total
, 0.1172840 secs]
   [Parallel Time: 107.5 ms, GC Workers: 18]
      [GC Worker Start (ms): Min: 822939.5, Avg: 822939.8, Max: 822940.1, Diff: 0.6]
      [Ext Root Scanning (ms): Min: 10.0, Avg: 11.0, Max: 19.3, Diff: 9.3, Sum: 197.2]
      [Update RS (ms): Min: 1.0, Avg: 9.3, Max: 12.9, Diff: 11.8, Sum: 167.9]
         [Processed Buffers: Min: 8, Avg: 47.2, Max: 89, Diff: 81, Sum: 850]
      [Scan RS (ms): Min: 0.0, Avg: 0.2, Max: 0.3, Diff: 0.3, Sum: 4.2]
      [Object Copy (ms): Min: 83.0, Avg: 85.2, Max: 85.9, Diff: 2.9, Sum: 1532.9]
      [Termination (ms): Min: 0.0, Avg: 0.0, Max: 0.0, Diff: 0.0, Sum: 0.1]
      [GC Worker Other (ms): Min: 0.0, Avg: 0.3, Max: 0.7, Diff: 0.6, Sum: 5.5]
      [GC Worker Total (ms): Min: 105.4, Avg: 106.0, Max: 106.4, Diff: 1.0, Sum: 1907.7]
      [GC Worker End (ms): Min: 823045.5, Avg: 823045.8, Max: 823046.1, Diff: 0.6]
   [Code Root Fixup: 0.0 ms]
   [Clear CT: 1.5 ms]
   [Other: 8.3 ms]
      [Choose CSet: 0.0 ms]
      [Ref Proc: 2.7 ms]
      [Ref Enq: 0.2 ms]
      [Free CSet: 1.4 ms]
   [Eden: 3032.0M(3032.0M)->0.0B(2104.0M) Survivors: 288.0M->264.0M Heap: 10099.3M(16.0G)->7136.8M(16.0G)]
 [Times: user=1.82 sys=0.01, real=0.12 secs] 
2014-04-23T23:38:18.014+0000: 828.877: [GC pause (young)
Desired survivor size 155189248 bytes, new threshold 2 (max 15)
- age   1:  107835240 bytes,  107835240 total
- age   2:  126954600 bytes,  234789840 total
, 0.0920730 secs]
   [Parallel Time: 82.6 ms, GC Workers: 18]
      [GC Worker Start (ms): Min: 828878.4, Avg: 828878.9, Max: 828879.3, Diff: 0.8]
      [Ext Root Scanning (ms): Min: 9.7, Avg: 11.6, Max: 25.0, Diff: 15.3, Sum: 209.0]
      [Update RS (ms): Min: 0.0, Avg: 9.4, Max: 12.2, Diff: 12.2, Sum: 168.9]
         [Processed Buffers: Min: 0, Avg: 49.1, Max: 85, Diff: 85, Sum: 883]
      [Scan RS (ms): Min: 0.0, Avg: 2.5, Max: 3.0, Diff: 3.0, Sum: 44.2]
      [Object Copy (ms): Min: 56.3, Avg: 58.0, Max: 58.4, Diff: 2.1, Sum: 1044.7]
      [Termination (ms): Min: 0.0, Avg: 0.0, Max: 0.0, Diff: 0.0, Sum: 0.7]
      [GC Worker Other (ms): Min: 0.0, Avg: 0.2, Max: 0.5, Diff: 0.5, Sum: 4.1]
      [GC Worker Total (ms): Min: 81.2, Avg: 81.8, Max: 82.4, Diff: 1.2, Sum: 1471.6]
      [GC Worker End (ms): Min: 828960.5, Avg: 828960.6, Max: 828960.9, Diff: 0.5]
   [Code Root Fixup: 0.0 ms]
   [Clear CT: 2.1 ms]
   [Other: 7.4 ms]
      [Choose CSet: 0.0 ms]
      [Ref Proc: 2.0 ms]
      [Ref Enq: 0.1 ms]
      [Free CSet: 1.2 ms]
   [Eden: 2104.0M(2104.0M)->0.0B(5152.0M) Survivors: 264.0M->128.0M Heap: 9240.8M(16.0G)->7159.7M(16.0G)]
 [Times: user=1.45 sys=0.01, real=0.09 secs] 
2014-04-23T23:38:31.067+0000: 841.931: [GC pause (young)
Desired survivor size 348127232 bytes, new threshold 15 (max 15)
- age   1:   36383712 bytes,   36383712 total
- age   2:   60757512 bytes,   97141224 total
, 0.0924180 secs]
   [Parallel Time: 82.9 ms, GC Workers: 18]
      [GC Worker Start (ms): Min: 841931.8, Avg: 841932.1, Max: 841932.3, Diff: 0.5]
      [Ext Root Scanning (ms): Min: 8.4, Avg: 9.8, Max: 20.2, Diff: 11.8, Sum: 176.1]
      [Update RS (ms): Min: 0.5, Avg: 11.2, Max: 16.0, Diff: 15.5, Sum: 201.3]
         [Processed Buffers: Min: 13, Avg: 50.8, Max: 77, Diff: 64, Sum: 915]
      [Scan RS (ms): Min: 0.2, Avg: 3.3, Max: 8.3, Diff: 8.2, Sum: 59.9]
      [Object Copy (ms): Min: 53.0, Avg: 56.7, Max: 57.6, Diff: 4.6, Sum: 1021.4]
      [Termination (ms): Min: 0.0, Avg: 0.5, Max: 0.6, Diff: 0.6, Sum: 8.8]
      [GC Worker Other (ms): Min: 0.0, Avg: 0.3, Max: 0.7, Diff: 0.6, Sum: 5.5]
      [GC Worker Total (ms): Min: 81.5, Avg: 81.8, Max: 82.3, Diff: 0.8, Sum: 1472.9]
      [GC Worker End (ms): Min: 842013.6, Avg: 842013.9, Max: 842014.3, Diff: 0.6]
   [Code Root Fixup: 0.0 ms]
   [Clear CT: 2.1 ms]
   [Other: 7.4 ms]
      [Choose CSet: 0.0 ms]
      [Ref Proc: 3.0 ms]
      [Ref Enq: 0.3 ms]
      [Free CSet: 1.7 ms]
   [Eden: 5152.0M(5152.0M)->0.0B(3064.0M) Survivors: 128.0M->232.0M Heap: 12.0G(16.0G)->7272.0M(16.0G)]
 [Times: user=1.45 sys=0.01, real=0.09 secs] 
2014-04-23T23:38:38.232+0000: 849.095: [GC pause (young)
Desired survivor size 218103808 bytes, new threshold 15 (max 15)
- age   1:  117530016 bytes,  117530016 total
- age   2:   19819504 bytes,  137349520 total
- age   3:   56683048 bytes,  194032568 total
, 0.0936850 secs]
   [Parallel Time: 85.6 ms, GC Workers: 18]
      [GC Worker Start (ms): Min: 849095.9, Avg: 849096.3, Max: 849096.6, Diff: 0.6]
      [Ext Root Scanning (ms): Min: 7.5, Avg: 10.0, Max: 22.2, Diff: 14.7, Sum: 180.5]
      [Update RS (ms): Min: 0.0, Avg: 10.1, Max: 13.6, Diff: 13.6, Sum: 182.2]
         [Processed Buffers: Min: 0, Avg: 46.5, Max: 92, Diff: 92, Sum: 837]
      [Scan RS (ms): Min: 0.1, Avg: 0.2, Max: 0.3, Diff: 0.3, Sum: 4.3]
      [Object Copy (ms): Min: 61.4, Avg: 63.5, Max: 64.7, Diff: 3.3, Sum: 1143.8]
      [Termination (ms): Min: 0.0, Avg: 0.0, Max: 0.0, Diff: 0.0, Sum: 0.4]
      [GC Worker Other (ms): Min: 0.0, Avg: 0.2, Max: 0.6, Diff: 0.6, Sum: 4.3]
      [GC Worker Total (ms): Min: 83.7, Avg: 84.2, Max: 84.8, Diff: 1.1, Sum: 1515.5]
      [GC Worker End (ms): Min: 849180.2, Avg: 849180.5, Max: 849180.9, Diff: 0.6]
   [Code Root Fixup: 0.0 ms]
   [Clear CT: 1.8 ms]
   [Other: 6.3 ms]
      [Choose CSet: 0.0 ms]
      [Ref Proc: 2.0 ms]
      [Ref Enq: 0.2 ms]
      [Free CSet: 1.2 ms]
   [Eden: 3064.0M(3064.0M)->0.0B(2784.0M) Survivors: 232.0M->264.0M Heap: 10.1G(16.0G)->7313.4M(16.0G)]
 [Times: user=1.48 sys=0.00, real=0.10 secs] 
2014-04-23T23:38:45.881+0000: 856.744: [GC pause (young)
Desired survivor size 201326592 bytes, new threshold 4 (max 15)
- age   1:   80863432 bytes,   80863432 total
- age   2:   89766096 bytes,  170629528 total
- age   3:   18406968 bytes,  189036496 total
- age   4:   55151664 bytes,  244188160 total
, 0.0969500 secs]
   [Parallel Time: 87.8 ms, GC Workers: 18]
      [GC Worker Start (ms): Min: 856745.1, Avg: 856745.6, Max: 856746.0, Diff: 0.9]
      [Ext Root Scanning (ms): Min: 8.0, Avg: 10.2, Max: 21.8, Diff: 13.8, Sum: 183.0]
      [Update RS (ms): Min: 0.0, Avg: 10.7, Max: 15.4, Diff: 15.4, Sum: 192.4]
         [Processed Buffers: Min: 0, Avg: 40.0, Max: 77, Diff: 77, Sum: 720]
      [Scan RS (ms): Min: 0.0, Avg: 0.2, Max: 0.4, Diff: 0.3, Sum: 4.3]
      [Object Copy (ms): Min: 61.4, Avg: 64.6, Max: 65.6, Diff: 4.2, Sum: 1162.4]
      [Termination (ms): Min: 0.0, Avg: 0.0, Max: 0.0, Diff: 0.0, Sum: 0.2]
      [GC Worker Other (ms): Min: 0.0, Avg: 0.3, Max: 0.7, Diff: 0.7, Sum: 5.3]
      [GC Worker Total (ms): Min: 85.5, Avg: 86.0, Max: 86.8, Diff: 1.3, Sum: 1547.6]
      [GC Worker End (ms): Min: 856831.3, Avg: 856831.6, Max: 856832.0, Diff: 0.7]
   [Code Root Fixup: 0.0 ms]
   [Clear CT: 1.5 ms]
   [Other: 7.7 ms]
      [Choose CSet: 0.0 ms]
      [Ref Proc: 2.5 ms]
      [Ref Enq: 0.2 ms]
      [Free CSet: 1.2 ms]
   [Eden: 2784.0M(2784.0M)->0.0B(3008.0M) Survivors: 264.0M->232.0M Heap: 10097.4M(16.0G)->7333.5M(16.0G)]
 [Times: user=1.48 sys=0.00, real=0.10 secs] 
2014-04-23T23:38:51.670+0000: 862.534: [GC pause (young)
Desired survivor size 213909504 bytes, new threshold 15 (max 15)
- age   1:   36641088 bytes,   36641088 total
- age   2:   53877384 bytes,   90518472 total
- age   3:   86437968 bytes,  176956440 total
- age   4:   16820400 bytes,  193776840 total
, 0.0956640 secs]
   [Parallel Time: 84.0 ms, GC Workers: 18]
      [GC Worker Start (ms): Min: 862534.8, Avg: 862535.1, Max: 862535.3, Diff: 0.5]
      [Ext Root Scanning (ms): Min: 8.2, Avg: 9.5, Max: 19.8, Diff: 11.7, Sum: 171.7]
      [Update RS (ms): Min: 0.0, Avg: 9.8, Max: 12.8, Diff: 12.8, Sum: 176.5]
         [Processed Buffers: Min: 0, Avg: 49.5, Max: 90, Diff: 90, Sum: 891]
      [Scan RS (ms): Min: 0.7, Avg: 2.7, Max: 5.2, Diff: 4.5, Sum: 48.6]
      [Object Copy (ms): Min: 58.1, Avg: 60.8, Max: 61.4, Diff: 3.3, Sum: 1094.5]
      [Termination (ms): Min: 0.0, Avg: 0.0, Max: 0.0, Diff: 0.0, Sum: 0.1]
      [GC Worker Other (ms): Min: 0.0, Avg: 0.2, Max: 0.3, Diff: 0.3, Sum: 2.8]
      [GC Worker Total (ms): Min: 82.7, Avg: 83.0, Max: 83.4, Diff: 0.7, Sum: 1494.1]
      [GC Worker End (ms): Min: 862617.9, Avg: 862618.1, Max: 862618.2, Diff: 0.3]
   [Code Root Fixup: 0.0 ms]
   [Clear CT: 2.4 ms]
   [Other: 9.3 ms]
      [Choose CSet: 0.0 ms]
      [Ref Proc: 5.0 ms]
      [Ref Enq: 0.2 ms]
      [Free CSet: 1.6 ms]
   [Eden: 3008.0M(3008.0M)->0.0B(2616.0M) Survivors: 232.0M->288.0M Heap: 10.1G(16.0G)->7389.5M(16.0G)]
 [Times: user=1.51 sys=0.00, real=0.10 secs] 
2014-04-23T23:38:58.747+0000: 869.611: [GC pause (young)
Desired survivor size 192937984 bytes, new threshold 4 (max 15)
- age   1:   73705352 bytes,   73705352 total
- age   2:   25390192 bytes,   99095544 total
- age   3:   51228720 bytes,  150324264 total
- age   4:   83387960 bytes,  233712224 total
- age   5:   15831504 bytes,  249543728 total
, 0.1069720 secs]
   [Parallel Time: 98.1 ms, GC Workers: 18]
      [GC Worker Start (ms): Min: 869611.8, Avg: 869612.2, Max: 869612.5, Diff: 0.8]
      [Ext Root Scanning (ms): Min: 9.5, Avg: 11.7, Max: 25.5, Diff: 16.1, Sum: 211.4]
      [Update RS (ms): Min: 0.0, Avg: 9.6, Max: 11.6, Diff: 11.6, Sum: 172.0]
         [Processed Buffers: Min: 0, Avg: 43.8, Max: 81, Diff: 81, Sum: 789]
      [Scan RS (ms): Min: 0.0, Avg: 0.2, Max: 0.3, Diff: 0.3, Sum: 3.6]
      [Object Copy (ms): Min: 69.6, Avg: 73.4, Max: 74.2, Diff: 4.6, Sum: 1320.5]
      [Termination (ms): Min: 0.0, Avg: 0.2, Max: 0.3, Diff: 0.3, Sum: 4.3]
      [GC Worker Other (ms): Min: 0.0, Avg: 1.4, Max: 2.0, Diff: 2.0, Sum: 25.4]
      [GC Worker Total (ms): Min: 95.0, Avg: 96.5, Max: 97.3, Diff: 2.3, Sum: 1737.2]
      [GC Worker End (ms): Min: 869707.3, Avg: 869708.7, Max: 869709.3, Diff: 2.0]
   [Code Root Fixup: 0.0 ms]
   [Clear CT: 1.3 ms]
   [Other: 7.6 ms]
      [Choose CSet: 0.0 ms]
      [Ref Proc: 2.2 ms]
      [Ref Enq: 0.1 ms]
      [Free CSet: 0.9 ms]
   [Eden: 2616.0M(2616.0M)->0.0B(2704.0M) Survivors: 288.0M->216.0M Heap: 10005.5M(16.0G)->7417.0M(16.0G)]
 [Times: user=1.67 sys=0.00, real=0.10 secs] 
2014-04-23T23:39:04.649+0000: 875.512: [GC pause (young)
Desired survivor size 159383552 bytes, new threshold 4 (max 15)
- age   1:   66502296 bytes,   66502296 total
- age   2:   43180256 bytes,  109682552 total
- age   3:   21595848 bytes,  131278400 total
- age   4:   48447352 bytes,  179725752 total
, 0.0770000 secs]
   [Parallel Time: 69.6 ms, GC Workers: 18]
      [GC Worker Start (ms): Min: 875513.6, Avg: 875513.8, Max: 875514.1, Diff: 0.5]
      [Ext Root Scanning (ms): Min: 7.7, Avg: 10.0, Max: 21.8, Diff: 14.1, Sum: 179.2]
      [Update RS (ms): Min: 0.1, Avg: 11.6, Max: 14.4, Diff: 14.3, Sum: 209.5]
         [Processed Buffers: Min: 7, Avg: 47.9, Max: 73, Diff: 66, Sum: 863]
      [Scan RS (ms): Min: 1.8, Avg: 3.0, Max: 3.3, Diff: 1.5, Sum: 53.1]
      [Object Copy (ms): Min: 43.8, Avg: 44.1, Max: 44.5, Diff: 0.7, Sum: 793.4]
      [Termination (ms): Min: 0.0, Avg: 0.0, Max: 0.0, Diff: 0.0, Sum: 0.4]
      [GC Worker Other (ms): Min: 0.0, Avg: 0.2, Max: 0.5, Diff: 0.5, Sum: 4.5]
      [GC Worker Total (ms): Min: 68.5, Avg: 68.9, Max: 69.4, Diff: 1.0, Sum: 1240.2]
      [GC Worker End (ms): Min: 875582.5, Avg: 875582.7, Max: 875583.0, Diff: 0.5]
   [Code Root Fixup: 0.0 ms]
   [Clear CT: 1.7 ms]
   [Other: 5.7 ms]
      [Choose CSet: 0.0 ms]
      [Ref Proc: 1.9 ms]
      [Ref Enq: 0.1 ms]
      [Free CSet: 0.9 ms]
   [Eden: 2208.0M(2208.0M)->0.0B(4328.0M) Survivors: 216.0M->160.0M Heap: 9625.0M(16.0G)->7451.9M(16.0G)]
 [Times: user=1.20 sys=0.01, real=0.12 secs] 
2014-04-23T23:39:14.567+0000: 885.431: [GC pause (young)
Desired survivor size 297795584 bytes, new threshold 15 (max 15)
- age   1:   32627168 bytes,   32627168 total
- age   2:   42079192 bytes,   74706360 total
- age   3:   37969216 bytes,  112675576 total
- age   4:   18876408 bytes,  131551984 total
, 0.0818430 secs]
   [Parallel Time: 73.3 ms, GC Workers: 18]
      [GC Worker Start (ms): Min: 885432.0, Avg: 885432.4, Max: 885432.7, Diff: 0.6]
      [Ext Root Scanning (ms): Min: 9.2, Avg: 11.5, Max: 27.3, Diff: 18.1, Sum: 206.1]
      [Update RS (ms): Min: 0.0, Avg: 11.3, Max: 13.9, Diff: 13.9, Sum: 203.8]
         [Processed Buffers: Min: 0, Avg: 50.1, Max: 89, Diff: 89, Sum: 902]
      [Scan RS (ms): Min: 0.0, Avg: 2.1, Max: 2.7, Diff: 2.6, Sum: 37.0]
      [Object Copy (ms): Min: 44.4, Avg: 47.1, Max: 48.0, Diff: 3.6, Sum: 847.4]
      [Termination (ms): Min: 0.0, Avg: 0.0, Max: 0.0, Diff: 0.0, Sum: 0.1]
      [GC Worker Other (ms): Min: 0.0, Avg: 0.2, Max: 0.5, Diff: 0.5, Sum: 4.0]
      [GC Worker Total (ms): Min: 71.7, Avg: 72.1, Max: 72.5, Diff: 0.8, Sum: 1298.4]
      [GC Worker End (ms): Min: 885504.3, Avg: 885504.5, Max: 885504.8, Diff: 0.4]
   [Code Root Fixup: 0.0 ms]
   [Clear CT: 2.1 ms]
   [Other: 6.4 ms]
      [Choose CSet: 0.0 ms]
      [Ref Proc: 2.3 ms]
      [Ref Enq: 0.3 ms]
      [Free CSet: 1.4 ms]
   [Eden: 4328.0M(4328.0M)->0.0B(3808.0M) Survivors: 160.0M->264.0M Heap: 11.5G(16.0G)->7559.8M(16.0G)]
 [Times: user=1.29 sys=0.01, real=0.09 secs] 
2014-04-23T23:39:22.518+0000: 893.381: [GC pause (young)
Desired survivor size 239075328 bytes, new threshold 15 (max 15)
- age   1:  110504624 bytes,  110504624 total
- age   2:   18558224 bytes,  129062848 total
- age   3:   37809736 bytes,  166872584 total
- age   4:   35435040 bytes,  202307624 total
- age   5:   15899128 bytes,  218206752 total
, 0.0936800 secs]
   [Parallel Time: 84.7 ms, GC Workers: 18]
      [GC Worker Start (ms): Min: 893382.5, Avg: 893382.8, Max: 893383.1, Diff: 0.6]
      [Ext Root Scanning (ms): Min: 7.3, Avg: 9.9, Max: 23.8, Diff: 16.5, Sum: 178.8]
      [Update RS (ms): Min: 0.0, Avg: 6.0, Max: 7.4, Diff: 7.4, Sum: 108.0]
         [Processed Buffers: Min: 0, Avg: 42.8, Max: 79, Diff: 79, Sum: 771]
      [Scan RS (ms): Min: 0.1, Avg: 2.3, Max: 2.7, Diff: 2.6, Sum: 40.9]
      [Object Copy (ms): Min: 57.9, Avg: 63.9, Max: 66.1, Diff: 8.2, Sum: 1149.6]
      [Termination (ms): Min: 0.0, Avg: 2.0, Max: 2.1, Diff: 2.1, Sum: 35.4]
      [GC Worker Other (ms): Min: 0.0, Avg: 0.1, Max: 0.2, Diff: 0.2, Sum: 2.0]
      [GC Worker Total (ms): Min: 83.8, Avg: 84.1, Max: 84.5, Diff: 0.7, Sum: 1514.6]
      [GC Worker End (ms): Min: 893466.8, Avg: 893466.9, Max: 893467.0, Diff: 0.2]
   [Code Root Fixup: 0.0 ms]
   [Clear CT: 1.9 ms]
   [Other: 7.1 ms]
      [Choose CSet: 0.0 ms]
      [Ref Proc: 2.3 ms]
      [Ref Enq: 0.3 ms]
      [Free CSet: 2.0 ms]
   [Eden: 3752.0M(3344.0M)->0.0B(3856.0M) Survivors: 264.0M->296.0M Heap: 11.0G(16.0G)->7596.3M(16.0G)]
 [Times: user=1.45 sys=0.01, real=0.10 secs] 
2014-04-23T23:39:31.324+0000: 902.187: [GC pause (young)
Desired survivor size 272629760 bytes, new threshold 15 (max 15)
- age   1:   99516800 bytes,   99516800 total
- age   2:   56046496 bytes,  155563296 total
- age   3:   16440648 bytes,  172003944 total
- age   4:   36605904 bytes,  208609848 total
- age   5:   33760392 bytes,  242370240 total
- age   6:   15090600 bytes,  257460840 total
, 0.1201630 secs]
   [Parallel Time: 112.3 ms, GC Workers: 18]
      [GC Worker Start (ms): Min: 902188.1, Avg: 902188.5, Max: 902188.8, Diff: 0.8]
      [Ext Root Scanning (ms): Min: 9.2, Avg: 11.0, Max: 22.3, Diff: 13.0, Sum: 197.9]
      [Update RS (ms): Min: 0.4, Avg: 11.7, Max: 14.4, Diff: 14.0, Sum: 210.2]
         [Processed Buffers: Min: 5, Avg: 47.2, Max: 82, Diff: 77, Sum: 849]
      [Scan RS (ms): Min: 0.1, Avg: 0.3, Max: 0.4, Diff: 0.3, Sum: 5.8]
      [Object Copy (ms): Min: 85.9, Avg: 87.6, Max: 87.9, Diff: 2.1, Sum: 1576.5]
      [Termination (ms): Min: 0.0, Avg: 0.2, Max: 0.3, Diff: 0.3, Sum: 3.2]
      [GC Worker Other (ms): Min: 0.0, Avg: 0.2, Max: 0.5, Diff: 0.5, Sum: 4.1]
      [GC Worker Total (ms): Min: 110.4, Avg: 111.0, Max: 111.5, Diff: 1.1, Sum: 1997.7]
      [GC Worker End (ms): Min: 902299.3, Avg: 902299.5, Max: 902299.7, Diff: 0.5]
   [Code Root Fixup: 0.0 ms]
   [Clear CT: 1.3 ms]
   [Other: 6.6 ms]
      [Choose CSet: 0.0 ms]
      [Ref Proc: 2.7 ms]
      [Ref Enq: 0.2 ms]
      [Free CSet: 1.1 ms]
   [Eden: 3856.0M(3856.0M)->0.0B(2536.0M) Survivors: 296.0M->344.0M Heap: 11.2G(16.0G)->7644.8M(16.0G)]
 [Times: user=1.81 sys=0.00, real=0.12 secs] 
2014-04-23T23:39:38.321+0000: 909.184: [GC pause (young)
Desired survivor size 188743680 bytes, new threshold 3 (max 15)
- age   1:   98436176 bytes,   98436176 total
- age   2:   70962472 bytes,  169398648 total
- age   3:   51617064 bytes,  221015712 total
- age   4:   13958608 bytes,  234974320 total
- age   5:   34362264 bytes,  269336584 total
- age   6:   33184688 bytes,  302521272 total
- age   7:   14685616 bytes,  317206888 total
, 0.1113170 secs]
   [Parallel Time: 101.6 ms, GC Workers: 18]
      [GC Worker Start (ms): Min: 909185.3, Avg: 909185.7, Max: 909185.9, Diff: 0.7]
      [Ext Root Scanning (ms): Min: 8.2, Avg: 10.6, Max: 21.7, Diff: 13.5, Sum: 191.1]
      [Update RS (ms): Min: 0.0, Avg: 10.1, Max: 12.4, Diff: 12.4, Sum: 182.7]
         [Processed Buffers: Min: 0, Avg: 41.8, Max: 77, Diff: 77, Sum: 753]
      [Scan RS (ms): Min: 0.0, Avg: 0.3, Max: 0.5, Diff: 0.5, Sum: 6.3]
      [Object Copy (ms): Min: 77.7, Avg: 78.7, Max: 79.3, Diff: 1.6, Sum: 1416.3]
      [Termination (ms): Min: 0.0, Avg: 0.1, Max: 0.1, Diff: 0.1, Sum: 1.1]
      [GC Worker Other (ms): Min: 0.0, Avg: 0.3, Max: 0.6, Diff: 0.5, Sum: 4.6]
      [GC Worker Total (ms): Min: 99.6, Avg: 100.1, Max: 100.6, Diff: 1.0, Sum: 1802.1]
      [GC Worker End (ms): Min: 909285.6, Avg: 909285.8, Max: 909286.1, Diff: 0.5]
   [Code Root Fixup: 0.0 ms]
   [Clear CT: 1.4 ms]
   [Other: 8.3 ms]
      [Choose CSet: 0.0 ms]
      [Ref Proc: 1.9 ms]
      [Ref Enq: 0.2 ms]
      [Free CSet: 0.9 ms]
   [Eden: 2536.0M(2536.0M)->0.0B(2496.0M) Survivors: 344.0M->224.0M Heap: 10180.8M(16.0G)->7656.1M(16.0G)]
 [Times: user=1.78 sys=0.00, real=0.11 secs] 
2014-04-23T23:39:41.678+0000: 912.542: [GC pause (young) (initial-mark)
Desired survivor size 100663296 bytes, new threshold 2 (max 15)
- age   1:   67325272 bytes,   67325272 total
- age   2:   54092848 bytes,  121418120 total
- age   3:   66490920 bytes,  187909040 total
, 0.0838840 secs]
   [Parallel Time: 74.0 ms, GC Workers: 18]
      [GC Worker Start (ms): Min: 912542.7, Avg: 912542.9, Max: 912543.1, Diff: 0.4]
      [Ext Root Scanning (ms): Min: 7.2, Avg: 8.7, Max: 16.7, Diff: 9.5, Sum: 157.3]
      [Update RS (ms): Min: 0.0, Avg: 6.1, Max: 9.7, Diff: 9.7, Sum: 109.5]
         [Processed Buffers: Min: 0, Avg: 36.2, Max: 62, Diff: 62, Sum: 651]
      [Scan RS (ms): Min: 0.9, Avg: 3.2, Max: 3.6, Diff: 2.6, Sum: 57.6]
      [Object Copy (ms): Min: 53.9, Avg: 54.7, Max: 55.8, Diff: 1.9, Sum: 985.2]
      [Termination (ms): Min: 0.0, Avg: 0.1, Max: 0.1, Diff: 0.1, Sum: 1.5]
      [GC Worker Other (ms): Min: 0.0, Avg: 0.1, Max: 0.3, Diff: 0.3, Sum: 1.9]
      [GC Worker Total (ms): Min: 72.7, Avg: 72.9, Max: 73.2, Diff: 0.5, Sum: 1313.0]
      [GC Worker End (ms): Min: 912615.8, Avg: 912615.8, Max: 912616.1, Diff: 0.3]
   [Code Root Fixup: 0.0 ms]
   [Clear CT: 2.1 ms]
   [Other: 7.8 ms]
      [Choose CSet: 0.0 ms]
      [Ref Proc: 2.2 ms]
      [Ref Enq: 0.1 ms]
      [Free CSet: 0.9 ms]
   [Eden: 1280.0M(1280.0M)->0.0B(6880.0M) Survivors: 224.0M->112.0M Heap: 8936.1M(16.0G)->7696.0M(16.0G)]
 [Times: user=1.25 sys=0.00, real=0.08 secs] 
2014-04-23T23:39:41.762+0000: 912.626: [GC concurrent-root-region-scan-start]
2014-04-23T23:39:41.801+0000: 912.664: [GC concurrent-root-region-scan-end, 0.0386190 secs]
2014-04-23T23:39:41.801+0000: 912.664: [GC concurrent-mark-start]
2014-04-23T23:39:45.078+0000: 915.942: [GC concurrent-mark-end, 3.2773600 secs]
2014-04-23T23:39:45.087+0000: 915.951: [GC remark 2014-04-23T23:39:45.090+0000: 915.953: [GC ref-proc, 0.0614970 secs], 0.0924460 secs]
 [Times: user=0.19 sys=0.00, real=0.09 secs] 
2014-04-23T23:39:45.188+0000: 916.051: [GC cleanup 8981M->8933M(16G), 0.0166190 secs]
 [Times: user=0.17 sys=0.00, real=0.02 secs] 
2014-04-23T23:39:45.205+0000: 916.069: [GC concurrent-cleanup-start]
2014-04-23T23:39:45.206+0000: 916.069: [GC concurrent-cleanup-end, 0.0000890 secs]
2014-04-23T23:39:57.139+0000: 928.003: [GC pause (young)
Desired survivor size 381681664 bytes, new threshold 15 (max 15)
- age   1:   39768408 bytes,   39768408 total
- age   2:   38492848 bytes,   78261256 total
, 0.0715130 secs]
   [Parallel Time: 60.1 ms, GC Workers: 18]
      [GC Worker Start (ms): Min: 928004.1, Avg: 928004.4, Max: 928004.7, Diff: 0.6]
      [Ext Root Scanning (ms): Min: 8.0, Avg: 10.1, Max: 27.5, Diff: 19.5, Sum: 181.8]
      [Update RS (ms): Min: 0.0, Avg: 8.3, Max: 10.4, Diff: 10.4, Sum: 150.0]
         [Processed Buffers: Min: 0, Avg: 52.4, Max: 91, Diff: 91, Sum: 943]
      [Scan RS (ms): Min: 0.2, Avg: 2.9, Max: 5.1, Diff: 4.9, Sum: 51.9]
      [Object Copy (ms): Min: 31.1, Avg: 37.2, Max: 38.0, Diff: 6.9, Sum: 670.4]
      [Termination (ms): Min: 0.0, Avg: 0.2, Max: 0.3, Diff: 0.3, Sum: 4.5]
      [GC Worker Other (ms): Min: 0.0, Avg: 0.3, Max: 0.6, Diff: 0.6, Sum: 5.3]
      [GC Worker Total (ms): Min: 58.7, Avg: 59.1, Max: 59.5, Diff: 0.8, Sum: 1063.9]
      [GC Worker End (ms): Min: 928063.2, Avg: 928063.5, Max: 928063.9, Diff: 0.6]
   [Code Root Fixup: 0.0 ms]
   [Clear CT: 3.0 ms]
   [Other: 8.4 ms]
      [Choose CSet: 0.0 ms]
      [Ref Proc: 2.8 ms]
      [Ref Enq: 0.4 ms]
      [Free CSet: 2.6 ms]
   [Eden: 5680.0M(5680.0M)->0.0B(624.0M) Survivors: 112.0M->192.0M Heap: 13.0G(16.0G)->7744.0M(16.0G)]
 [Times: user=1.06 sys=0.00, real=0.07 secs] 
2014-04-23T23:39:58.843+0000: 929.706: [GC pause (mixed)
Desired survivor size 54525952 bytes, new threshold 1 (max 15)
- age   1:  114024488 bytes,  114024488 total
- age   2:    9718736 bytes,  123743224 total
- age   3:   32745744 bytes,  156488968 total
, 0.0956380 secs]
   [Parallel Time: 84.8 ms, GC Workers: 18]
      [GC Worker Start (ms): Min: 929707.3, Avg: 929707.7, Max: 929708.1, Diff: 0.8]
      [Ext Root Scanning (ms): Min: 8.3, Avg: 11.3, Max: 25.1, Diff: 16.8, Sum: 203.8]
      [Update RS (ms): Min: 0.0, Avg: 6.0, Max: 7.6, Diff: 7.6, Sum: 107.7]
         [Processed Buffers: Min: 0, Avg: 26.1, Max: 45, Diff: 45, Sum: 470]
      [Scan RS (ms): Min: 5.7, Avg: 12.2, Max: 16.5, Diff: 10.8, Sum: 219.1]
      [Object Copy (ms): Min: 49.8, Avg: 53.8, Max: 56.8, Diff: 7.0, Sum: 968.2]
      [Termination (ms): Min: 0.0, Avg: 0.0, Max: 0.0, Diff: 0.0, Sum: 0.6]
      [GC Worker Other (ms): Min: 0.0, Avg: 0.1, Max: 0.3, Diff: 0.2, Sum: 1.6]
      [GC Worker Total (ms): Min: 82.9, Avg: 83.4, Max: 83.9, Diff: 0.9, Sum: 1501.0]
      [GC Worker End (ms): Min: 929791.0, Avg: 929791.1, Max: 929791.3, Diff: 0.2]
   [Code Root Fixup: 0.1 ms]
   [Clear CT: 2.5 ms]
   [Other: 8.3 ms]
      [Choose CSet: 0.3 ms]
      [Ref Proc: 1.0 ms]
      [Ref Enq: 0.1 ms]
      [Free CSet: 1.5 ms]
   [Eden: 624.0M(624.0M)->0.0B(728.0M) Survivors: 192.0M->88.0M Heap: 8368.0M(16.0G)->7271.0M(16.0G)]
 [Times: user=1.50 sys=0.01, real=0.10 secs] 
2014-04-23T23:39:59.453+0000: 930.316: [GC pause (mixed)
Desired survivor size 54525952 bytes, new threshold 15 (max 15)
- age   1:   25296848 bytes,   25296848 total
, 0.1050450 secs]
   [Parallel Time: 93.9 ms, GC Workers: 18]
      [GC Worker Start (ms): Min: 930317.6, Avg: 930318.0, Max: 930318.3, Diff: 0.7]
      [Ext Root Scanning (ms): Min: 8.4, Avg: 10.2, Max: 23.4, Diff: 15.0, Sum: 183.3]
      [Update RS (ms): Min: 0.0, Avg: 8.6, Max: 10.9, Diff: 10.9, Sum: 154.7]
         [Processed Buffers: Min: 0, Avg: 31.7, Max: 49, Diff: 49, Sum: 570]
      [Scan RS (ms): Min: 10.3, Avg: 14.7, Max: 16.3, Diff: 6.0, Sum: 264.3]
      [Object Copy (ms): Min: 58.2, Avg: 59.7, Max: 60.5, Diff: 2.3, Sum: 1074.6]
      [Termination (ms): Min: 0.0, Avg: 0.0, Max: 0.0, Diff: 0.0, Sum: 0.1]
      [GC Worker Other (ms): Min: 0.0, Avg: 0.1, Max: 0.3, Diff: 0.3, Sum: 1.8]
      [GC Worker Total (ms): Min: 92.9, Avg: 93.3, Max: 93.7, Diff: 0.8, Sum: 1678.8]
      [GC Worker End (ms): Min: 930411.2, Avg: 930411.3, Max: 930411.5, Diff: 0.3]
   [Code Root Fixup: 0.1 ms]
   [Clear CT: 2.3 ms]
   [Other: 8.7 ms]
      [Choose CSet: 0.4 ms]
      [Ref Proc: 1.2 ms]
      [Ref Enq: 0.1 ms]
      [Free CSet: 2.2 ms]
   [Eden: 728.0M(728.0M)->0.0B(736.0M) Survivors: 88.0M->80.0M Heap: 7999.0M(16.0G)->6880.5M(16.0G)]
 [Times: user=1.67 sys=0.01, real=0.11 secs] 
2014-04-23T23:40:01.284+0000: 932.148: [GC pause (mixed)
Desired survivor size 54525952 bytes, new threshold 15 (max 15)
- age   1:   32121160 bytes,   32121160 total
- age   2:   10203224 bytes,   42324384 total
, 0.0927320 secs]
   [Parallel Time: 82.5 ms, GC Workers: 18]
      [GC Worker Start (ms): Min: 932148.7, Avg: 932149.1, Max: 932149.5, Diff: 0.8]
      [Ext Root Scanning (ms): Min: 9.1, Avg: 11.2, Max: 26.9, Diff: 17.8, Sum: 201.2]
      [Update RS (ms): Min: 3.9, Avg: 19.1, Max: 22.8, Diff: 18.9, Sum: 344.3]
         [Processed Buffers: Min: 19, Avg: 38.5, Max: 54, Diff: 35, Sum: 693]
      [Scan RS (ms): Min: 5.5, Avg: 8.4, Max: 11.9, Diff: 6.4, Sum: 151.6]
      [Object Copy (ms): Min: 39.0, Avg: 42.6, Max: 44.0, Diff: 5.0, Sum: 767.5]
      [Termination (ms): Min: 0.0, Avg: 0.0, Max: 0.0, Diff: 0.0, Sum: 0.1]
      [GC Worker Other (ms): Min: 0.0, Avg: 0.1, Max: 0.3, Diff: 0.3, Sum: 1.9]
      [GC Worker Total (ms): Min: 81.0, Avg: 81.5, Max: 81.8, Diff: 0.8, Sum: 1466.6]
      [GC Worker End (ms): Min: 932230.5, Avg: 932230.6, Max: 932230.8, Diff: 0.3]
   [Code Root Fixup: 0.1 ms]
   [Clear CT: 2.7 ms]
   [Other: 7.4 ms]
      [Choose CSet: 0.2 ms]
      [Ref Proc: 1.7 ms]
      [Ref Enq: 0.1 ms]
      [Free CSet: 1.7 ms]
   [Eden: 736.0M(736.0M)->0.0B(7328.0M) Survivors: 80.0M->88.0M Heap: 7616.5M(16.0G)->6738.2M(16.0G)]
 [Times: user=1.44 sys=0.00, real=0.10 secs] 
2014-04-23T23:40:17.374+0000: 948.237: [GC pause (young)
Desired survivor size 486539264 bytes, new threshold 15 (max 15)
- age   1:   15149944 bytes,   15149944 total
- age   2:   24590712 bytes,   39740656 total
- age   3:    9169992 bytes,   48910648 total
, 0.0815920 secs]
   [Parallel Time: 70.5 ms, GC Workers: 18]
      [GC Worker Start (ms): Min: 948238.9, Avg: 948239.1, Max: 948239.4, Diff: 0.5]
      [Ext Root Scanning (ms): Min: 10.2, Avg: 12.2, Max: 25.9, Diff: 15.7, Sum: 219.6]
      [Update RS (ms): Min: 0.0, Avg: 9.4, Max: 11.5, Diff: 11.5, Sum: 169.5]
         [Processed Buffers: Min: 0, Avg: 50.2, Max: 80, Diff: 80, Sum: 903]
      [Scan RS (ms): Min: 0.1, Avg: 3.3, Max: 4.1, Diff: 4.0, Sum: 59.6]
      [Object Copy (ms): Min: 43.1, Avg: 44.4, Max: 45.0, Diff: 1.9, Sum: 799.1]
      [Termination (ms): Min: 0.0, Avg: 0.0, Max: 0.0, Diff: 0.0, Sum: 0.3]
      [GC Worker Other (ms): Min: 0.0, Avg: 0.3, Max: 0.6, Diff: 0.6, Sum: 5.4]
      [GC Worker Total (ms): Min: 69.2, Avg: 69.6, Max: 70.1, Diff: 0.9, Sum: 1253.5]
      [GC Worker End (ms): Min: 948308.5, Avg: 948308.8, Max: 948309.1, Diff: 0.6]
   [Code Root Fixup: 0.0 ms]
   [Clear CT: 2.9 ms]
   [Other: 8.2 ms]
      [Choose CSet: 0.0 ms]
      [Ref Proc: 2.8 ms]
      [Ref Enq: 0.4 ms]
      [Free CSet: 2.5 ms]
   [Eden: 7328.0M(7328.0M)->0.0B(5512.0M) Survivors: 88.0M->216.0M Heap: 13.7G(16.0G)->6874.5M(16.0G)]
 [Times: user=1.24 sys=0.01, real=0.08 secs] 
2014-04-23T23:40:27.962+0000: 958.825: [GC pause (young)
Desired survivor size 377487360 bytes, new threshold 15 (max 15)
- age   1:  145066976 bytes,  145066976 total
- age   2:    7844824 bytes,  152911800 total
- age   3:   21340952 bytes,  174252752 total
- age   4:    6961296 bytes,  181214048 total
, 0.0987330 secs]
   [Parallel Time: 89.4 ms, GC Workers: 18]
      [GC Worker Start (ms): Min: 958826.3, Avg: 958826.6, Max: 958827.0, Diff: 0.7]
      [Ext Root Scanning (ms): Min: 9.7, Avg: 11.8, Max: 21.5, Diff: 11.8, Sum: 212.0]
      [Update RS (ms): Min: 0.0, Avg: 9.2, Max: 11.3, Diff: 11.3, Sum: 165.7]
         [Processed Buffers: Min: 0, Avg: 51.6, Max: 80, Diff: 80, Sum: 929]
      [Scan RS (ms): Min: 2.4, Avg: 3.0, Max: 3.2, Diff: 0.8, Sum: 53.4]
      [Object Copy (ms): Min: 63.4, Avg: 63.7, Max: 64.5, Diff: 1.1, Sum: 1146.4]
      [Termination (ms): Min: 0.0, Avg: 0.0, Max: 0.0, Diff: 0.0, Sum: 0.1]
      [GC Worker Other (ms): Min: 0.0, Avg: 0.3, Max: 0.7, Diff: 0.6, Sum: 5.9]
      [GC Worker Total (ms): Min: 87.6, Avg: 88.0, Max: 88.5, Diff: 0.9, Sum: 1583.6]
      [GC Worker End (ms): Min: 958914.3, Avg: 958914.6, Max: 958915.0, Diff: 0.6]
   [Code Root Fixup: 0.0 ms]
   [Clear CT: 2.8 ms]
   [Other: 6.6 ms]
      [Choose CSet: 0.0 ms]
      [Ref Proc: 2.1 ms]
      [Ref Enq: 0.3 ms]
      [Free CSet: 1.9 ms]
   [Eden: 5520.0M(5512.0M)->0.0B(4040.0M) Survivors: 216.0M->288.0M Heap: 12.1G(16.0G)->6948.0M(16.0G)]
 [Times: user=1.53 sys=0.01, real=0.10 secs] 
2014-04-23T23:40:37.409+0000: 968.272: [GC pause (young)
Desired survivor size 285212672 bytes, new threshold 15 (max 15)
- age   1:  126882440 bytes,  126882440 total
- age   2:   99635696 bytes,  226518136 total
- age   3:    7629008 bytes,  234147144 total
- age   4:   20664160 bytes,  254811304 total
- age   5:    6635080 bytes,  261446384 total
, 0.1138610 secs]
   [Parallel Time: 105.8 ms, GC Workers: 18]
      [GC Worker Start (ms): Min: 968273.1, Avg: 968273.5, Max: 968273.7, Diff: 0.5]
      [Ext Root Scanning (ms): Min: 9.1, Avg: 10.9, Max: 19.4, Diff: 10.3, Sum: 197.1]
      [Update RS (ms): Min: 1.6, Avg: 10.6, Max: 19.1, Diff: 17.5, Sum: 190.1]
         [Processed Buffers: Min: 9, Avg: 44.3, Max: 67, Diff: 58, Sum: 797]
      [Scan RS (ms): Min: 0.0, Avg: 0.3, Max: 0.4, Diff: 0.4, Sum: 5.6]
      [Object Copy (ms): Min: 73.5, Avg: 82.8, Max: 84.0, Diff: 10.5, Sum: 1490.6]
      [Termination (ms): Min: 0.0, Avg: 0.0, Max: 0.0, Diff: 0.0, Sum: 0.3]
      [GC Worker Other (ms): Min: 0.0, Avg: 0.2, Max: 0.5, Diff: 0.5, Sum: 4.1]
      [GC Worker Total (ms): Min: 104.5, Avg: 104.9, Max: 105.5, Diff: 1.0, Sum: 1887.8]
      [GC Worker End (ms): Min: 968378.1, Avg: 968378.3, Max: 968378.7, Diff: 0.5]
   [Code Root Fixup: 0.0 ms]
   [Clear CT: 1.5 ms]
   [Other: 6.6 ms]
      [Choose CSet: 0.0 ms]
      [Ref Proc: 2.0 ms]
      [Ref Enq: 0.3 ms]
      [Free CSet: 1.5 ms]
   [Eden: 4040.0M(4040.0M)->0.0B(2104.0M) Survivors: 288.0M->368.0M Heap: 10.7G(16.0G)->7028.8M(16.0G)]
 [Times: user=1.75 sys=0.00, real=0.12 secs] 
2014-04-23T23:40:40.677+0000: 971.540: [GC pause (young)
Desired survivor size 163577856 bytes, new threshold 2 (max 15)
- age   1:  125412416 bytes,  125412416 total
- age   2:   86887608 bytes,  212300024 total
- age   3:   87770248 bytes,  300070272 total
- age   4:    6898048 bytes,  306968320 total
- age   5:   20197088 bytes,  327165408 total
- age   6:    6038440 bytes,  333203848 total
, 0.1201160 secs]
   [Parallel Time: 108.9 ms, GC Workers: 18]
      [GC Worker Start (ms): Min: 971541.3, Avg: 971541.7, Max: 971542.0, Diff: 0.7]
      [Ext Root Scanning (ms): Min: 9.4, Avg: 11.3, Max: 24.2, Diff: 14.8, Sum: 203.7]
      [Update RS (ms): Min: 0.0, Avg: 9.6, Max: 10.8, Diff: 10.8, Sum: 173.0]
         [Processed Buffers: Min: 0, Avg: 39.8, Max: 76, Diff: 76, Sum: 716]
      [Scan RS (ms): Min: 0.1, Avg: 0.2, Max: 0.3, Diff: 0.3, Sum: 4.1]
      [Object Copy (ms): Min: 83.4, Avg: 86.6, Max: 87.4, Diff: 4.1, Sum: 1559.4]
      [Termination (ms): Min: 0.0, Avg: 0.0, Max: 0.0, Diff: 0.0, Sum: 0.0]
      [GC Worker Other (ms): Min: 0.0, Avg: 0.2, Max: 0.4, Diff: 0.3, Sum: 3.2]
      [GC Worker Total (ms): Min: 107.6, Avg: 108.0, Max: 108.4, Diff: 0.8, Sum: 1943.5]
      [GC Worker End (ms): Min: 971649.5, Avg: 971649.7, Max: 971649.9, Diff: 0.3]
   [Code Root Fixup: 0.0 ms]
   [Clear CT: 1.7 ms]
   [Other: 9.5 ms]
      [Choose CSet: 0.0 ms]
      [Ref Proc: 1.9 ms]
      [Ref Enq: 0.1 ms]
      [Free CSet: 1.0 ms]
   [Eden: 2104.0M(2104.0M)->0.0B(1608.0M) Survivors: 368.0M->168.0M Heap: 9132.8M(16.0G)->7030.5M(16.0G)]
 [Times: user=1.89 sys=0.00, real=0.12 secs] 
2014-04-23T23:40:43.740+0000: 974.604: [GC pause (young)
Desired survivor size 117440512 bytes, new threshold 2 (max 15)
- age   1:   72303880 bytes,   72303880 total
- age   2:   55700040 bytes,  128003920 total
, 0.0565700 secs]
   [Parallel Time: 50.3 ms, GC Workers: 18]
      [GC Worker Start (ms): Min: 974604.6, Avg: 974604.9, Max: 974605.3, Diff: 0.7]
      [Ext Root Scanning (ms): Min: 8.1, Avg: 10.1, Max: 18.1, Diff: 10.0, Sum: 182.0]
      [Update RS (ms): Min: 0.0, Avg: 8.0, Max: 12.3, Diff: 12.3, Sum: 144.4]
         [Processed Buffers: Min: 0, Avg: 35.2, Max: 59, Diff: 59, Sum: 633]
      [Scan RS (ms): Min: 0.1, Avg: 2.3, Max: 5.0, Diff: 4.9, Sum: 41.8]
      [Object Copy (ms): Min: 25.4, Avg: 28.2, Max: 28.7, Diff: 3.3, Sum: 507.3]
      [Termination (ms): Min: 0.0, Avg: 0.1, Max: 0.1, Diff: 0.1, Sum: 1.4]
      [GC Worker Other (ms): Min: 0.0, Avg: 0.2, Max: 0.5, Diff: 0.5, Sum: 3.5]
      [GC Worker Total (ms): Min: 48.4, Avg: 48.9, Max: 49.6, Diff: 1.2, Sum: 880.5]
      [GC Worker End (ms): Min: 974653.7, Avg: 974653.8, Max: 974654.2, Diff: 0.5]
   [Code Root Fixup: 0.0 ms]
   [Clear CT: 2.1 ms]
   [Other: 4.2 ms]
      [Choose CSet: 0.0 ms]
      [Ref Proc: 1.1 ms]
      [Ref Enq: 0.1 ms]
      [Free CSet: 0.8 ms]
   [Eden: 1608.0M(1608.0M)->0.0B(6688.0M) Survivors: 168.0M->96.0M Heap: 8638.5M(16.0G)->7048.0M(16.0G)]
 [Times: user=0.83 sys=0.00, real=0.06 secs] 
2014-04-23T23:41:01.251+0000: 992.115: [GC pause (young)
Desired survivor size 444596224 bytes, new threshold 15 (max 15)
- age   1:   36924120 bytes,   36924120 total
- age   2:   27136320 bytes,   64060440 total
, 0.0766080 secs]
   [Parallel Time: 65.8 ms, GC Workers: 18]
      [GC Worker Start (ms): Min: 992116.0, Avg: 992116.3, Max: 992116.6, Diff: 0.7]
      [Ext Root Scanning (ms): Min: 7.8, Avg: 10.1, Max: 25.7, Diff: 17.9, Sum: 180.9]
      [Update RS (ms): Min: 0.0, Avg: 12.4, Max: 15.6, Diff: 15.6, Sum: 223.2]
         [Processed Buffers: Min: 0, Avg: 51.6, Max: 98, Diff: 98, Sum: 929]
      [Scan RS (ms): Min: 0.1, Avg: 2.4, Max: 3.0, Diff: 2.9, Sum: 43.5]
      [Object Copy (ms): Min: 38.6, Avg: 39.6, Max: 40.3, Diff: 1.7, Sum: 711.9]
      [Termination (ms): Min: 0.0, Avg: 0.1, Max: 0.2, Diff: 0.2, Sum: 2.2]
      [GC Worker Other (ms): Min: 0.0, Avg: 0.2, Max: 0.5, Diff: 0.5, Sum: 4.1]
      [GC Worker Total (ms): Min: 64.3, Avg: 64.8, Max: 65.3, Diff: 1.1, Sum: 1165.8]
      [GC Worker End (ms): Min: 992180.9, Avg: 992181.1, Max: 992181.4, Diff: 0.5]
   [Code Root Fixup: 0.0 ms]
   [Clear CT: 2.6 ms]
   [Other: 8.2 ms]
      [Choose CSet: 0.0 ms]
      [Ref Proc: 3.2 ms]
      [Ref Enq: 0.5 ms]
      [Free CSet: 2.4 ms]
   [Eden: 6688.0M(6688.0M)->0.0B(5680.0M) Survivors: 96.0M->176.0M Heap: 13.4G(16.0G)->7130.9M(16.0G)]
 [Times: user=1.14 sys=0.01, real=0.08 secs] 
2014-04-23T23:41:17.882+0000: 1008.746: [GC pause (young)
Desired survivor size 281018368 bytes, new threshold 15 (max 15)
- age   1:  120727704 bytes,  120727704 total
- age   2:   12010736 bytes,  132738440 total
- age   3:   20994968 bytes,  153733408 total
, 0.0951820 secs]
   [Parallel Time: 84.6 ms, GC Workers: 18]
      [GC Worker Start (ms): Min: 1008747.0, Avg: 1008747.4, Max: 1008747.7, Diff: 0.7]
      [Ext Root Scanning (ms): Min: 8.1, Avg: 9.8, Max: 22.1, Diff: 14.0, Sum: 177.2]
      [Update RS (ms): Min: 0.0, Avg: 7.9, Max: 11.2, Diff: 11.2, Sum: 142.4]
         [Processed Buffers: Min: 0, Avg: 48.5, Max: 89, Diff: 89, Sum: 873]
      [Scan RS (ms): Min: 0.1, Avg: 3.0, Max: 3.7, Diff: 3.7, Sum: 53.3]
      [Object Copy (ms): Min: 61.4, Avg: 62.6, Max: 63.0, Diff: 1.6, Sum: 1126.7]
      [Termination (ms): Min: 0.0, Avg: 0.0, Max: 0.0, Diff: 0.0, Sum: 0.4]
      [GC Worker Other (ms): Min: 0.0, Avg: 0.2, Max: 0.5, Diff: 0.5, Sum: 4.0]
      [GC Worker Total (ms): Min: 83.1, Avg: 83.6, Max: 84.2, Diff: 1.1, Sum: 1504.0]
      [GC Worker End (ms): Min: 1008830.7, Avg: 1008830.9, Max: 1008831.2, Diff: 0.5]
   [Code Root Fixup: 0.0 ms]
   [Clear CT: 2.1 ms]
   [Other: 8.5 ms]
      [Choose CSet: 0.0 ms]
      [Ref Proc: 2.9 ms]
      [Ref Enq: 0.4 ms]
      [Free CSet: 2.7 ms]
   [Eden: 5464.0M(4096.0M)->0.0B(3968.0M) Survivors: 176.0M->272.0M Heap: 12.3G(16.0G)->7222.9M(16.0G)]
 [Times: user=1.49 sys=0.00, real=0.10 secs] 
2014-04-23T23:41:28.054+0000: 1018.917: [GC pause (young)
Desired survivor size 281018368 bytes, new threshold 15 (max 15)
- age   1:  129675784 bytes,  129675784 total
- age   2:   89715968 bytes,  219391752 total
- age   3:   10291696 bytes,  229683448 total
- age   4:   18895544 bytes,  248578992 total
, 0.1085150 secs]
   [Parallel Time: 101.6 ms, GC Workers: 18]
      [GC Worker Start (ms): Min: 1018917.8, Avg: 1018918.1, Max: 1018918.8, Diff: 1.0]
      [Ext Root Scanning (ms): Min: 8.4, Avg: 10.1, Max: 20.0, Diff: 11.6, Sum: 181.0]
      [Update RS (ms): Min: 0.8, Avg: 11.1, Max: 12.9, Diff: 12.2, Sum: 199.5]
         [Processed Buffers: Min: 14, Avg: 47.0, Max: 87, Diff: 73, Sum: 846]
      [Scan RS (ms): Min: 0.0, Avg: 0.3, Max: 0.4, Diff: 0.4, Sum: 5.2]
      [Object Copy (ms): Min: 79.0, Avg: 79.4, Max: 80.0, Diff: 0.9, Sum: 1428.8]
      [Termination (ms): Min: 0.0, Avg: 0.0, Max: 0.0, Diff: 0.0, Sum: 0.1]
      [GC Worker Other (ms): Min: 0.0, Avg: 0.2, Max: 0.4, Diff: 0.4, Sum: 3.2]
      [GC Worker Total (ms): Min: 100.4, Avg: 101.0, Max: 101.3, Diff: 1.0, Sum: 1817.7]
      [GC Worker End (ms): Min: 1019019.0, Avg: 1019019.1, Max: 1019019.3, Diff: 0.4]
   [Code Root Fixup: 0.0 ms]
   [Clear CT: 1.3 ms]
   [Other: 5.7 ms]
      [Choose CSet: 0.0 ms]
      [Ref Proc: 2.1 ms]
      [Ref Enq: 0.1 ms]
      [Free CSet: 1.4 ms]
   [Eden: 3968.0M(3968.0M)->0.0B(2280.0M) Survivors: 272.0M->328.0M Heap: 10.9G(16.0G)->7283.7M(16.0G)]
 [Times: user=1.75 sys=0.01, real=0.11 secs] 
2014-04-23T23:41:32.904+0000: 1023.768: [GC pause (young)
Desired survivor size 171966464 bytes, new threshold 2 (max 15)
- age   1:   84700672 bytes,   84700672 total
- age   2:  101638208 bytes,  186338880 total
- age   3:   85327232 bytes,  271666112 total
- age   4:    9895832 bytes,  281561944 total
- age   5:   18460696 bytes,  300022640 total
, 0.1193660 secs]
   [Parallel Time: 109.5 ms, GC Workers: 18]
      [GC Worker Start (ms): Min: 1023768.7, Avg: 1023769.0, Max: 1023769.2, Diff: 0.5]
      [Ext Root Scanning (ms): Min: 7.3, Avg: 8.7, Max: 17.2, Diff: 9.9, Sum: 157.2]
      [Update RS (ms): Min: 1.3, Avg: 9.2, Max: 10.5, Diff: 9.2, Sum: 166.1]
         [Processed Buffers: Min: 4, Avg: 40.8, Max: 90, Diff: 86, Sum: 734]
      [Scan RS (ms): Min: 0.0, Avg: 0.2, Max: 0.2, Diff: 0.2, Sum: 3.2]
      [Object Copy (ms): Min: 89.4, Avg: 89.8, Max: 90.4, Diff: 1.0, Sum: 1616.1]
      [Termination (ms): Min: 0.0, Avg: 0.0, Max: 0.1, Diff: 0.1, Sum: 0.7]
      [GC Worker Other (ms): Min: 0.0, Avg: 0.2, Max: 0.5, Diff: 0.5, Sum: 4.4]
      [GC Worker Total (ms): Min: 107.8, Avg: 108.2, Max: 108.5, Diff: 0.7, Sum: 1947.6]
      [GC Worker End (ms): Min: 1023877.0, Avg: 1023877.2, Max: 1023877.5, Diff: 0.5]
   [Code Root Fixup: 0.0 ms]
   [Clear CT: 1.6 ms]
   [Other: 8.3 ms]
      [Choose CSet: 0.0 ms]
      [Ref Proc: 1.6 ms]
      [Ref Enq: 0.1 ms]
      [Free CSet: 1.1 ms]
   [Eden: 2280.0M(2280.0M)->0.0B(3720.0M) Survivors: 328.0M->160.0M Heap: 9563.7M(16.0G)->7316.1M(16.0G)]
 [Times: user=1.88 sys=0.01, real=0.12 secs] 
2014-04-23T23:41:43.424+0000: 1034.287: [GC pause (young)
Desired survivor size 255852544 bytes, new threshold 15 (max 15)
- age   1:   60697432 bytes,   60697432 total
- age   2:   64859520 bytes,  125556952 total
, 0.0947690 secs]
   [Parallel Time: 86.1 ms, GC Workers: 18]
      [GC Worker Start (ms): Min: 1034288.2, Avg: 1034289.4, Max: 1034291.0, Diff: 2.8]
      [Ext Root Scanning (ms): Min: 7.2, Avg: 10.8, Max: 26.1, Diff: 18.9, Sum: 193.8]
      [Update RS (ms): Min: 0.0, Avg: 11.6, Max: 15.5, Diff: 15.5, Sum: 209.2]
         [Processed Buffers: Min: 0, Avg: 49.6, Max: 90, Diff: 90, Sum: 892]
      [Scan RS (ms): Min: 0.0, Avg: 2.6, Max: 3.1, Diff: 3.1, Sum: 46.4]
      [Object Copy (ms): Min: 57.5, Avg: 58.5, Max: 59.6, Diff: 2.0, Sum: 1052.7]
      [Termination (ms): Min: 0.0, Avg: 0.0, Max: 0.0, Diff: 0.0, Sum: 0.5]
      [GC Worker Other (ms): Min: 0.0, Avg: 0.3, Max: 0.7, Diff: 0.6, Sum: 5.1]
      [GC Worker Total (ms): Min: 82.0, Avg: 83.8, Max: 85.1, Diff: 3.1, Sum: 1507.8]
      [GC Worker End (ms): Min: 1034372.9, Avg: 1034373.2, Max: 1034373.6, Diff: 0.6]
   [Code Root Fixup: 0.0 ms]
   [Clear CT: 2.3 ms]
   [Other: 6.3 ms]
      [Choose CSet: 0.0 ms]
      [Ref Proc: 2.5 ms]
      [Ref Enq: 0.3 ms]
      [Free CSet: 1.5 ms]
   [Eden: 3720.0M(3720.0M)->0.0B(1888.0M) Survivors: 160.0M->248.0M Heap: 10.8G(16.0G)->7408.0M(16.0G)]
 [Times: user=1.49 sys=0.01, real=0.09 secs] 
2014-04-23T23:41:46.104+0000: 1036.967: [GC pause (young)
Desired survivor size 142606336 bytes, new threshold 2 (max 15)
- age   1:  115450808 bytes,  115450808 total
- age   2:   42227320 bytes,  157678128 total
- age   3:   60305080 bytes,  217983208 total
, 0.0932260 secs]
   [Parallel Time: 85.5 ms, GC Workers: 18]
      [GC Worker Start (ms): Min: 1036968.4, Avg: 1036968.7, Max: 1036968.9, Diff: 0.6]
      [Ext Root Scanning (ms): Min: 7.1, Avg: 9.9, Max: 25.3, Diff: 18.2, Sum: 178.2]
      [Update RS (ms): Min: 0.0, Avg: 7.7, Max: 9.9, Diff: 9.9, Sum: 139.1]
         [Processed Buffers: Min: 0, Avg: 35.0, Max: 65, Diff: 65, Sum: 630]
      [Scan RS (ms): Min: 0.0, Avg: 0.2, Max: 0.2, Diff: 0.2, Sum: 3.0]
      [Object Copy (ms): Min: 59.0, Avg: 66.6, Max: 67.4, Diff: 8.5, Sum: 1198.0]
      [Termination (ms): Min: 0.0, Avg: 0.0, Max: 0.1, Diff: 0.1, Sum: 0.7]
      [GC Worker Other (ms): Min: 0.0, Avg: 0.2, Max: 0.5, Diff: 0.4, Sum: 3.3]
      [GC Worker Total (ms): Min: 84.2, Avg: 84.6, Max: 85.1, Diff: 0.9, Sum: 1522.3]
      [GC Worker End (ms): Min: 1037053.1, Avg: 1037053.3, Max: 1037053.5, Diff: 0.4]
   [Code Root Fixup: 0.0 ms]
   [Clear CT: 1.5 ms]
   [Other: 6.3 ms]
      [Choose CSet: 0.0 ms]
      [Ref Proc: 1.2 ms]
      [Ref Enq: 0.1 ms]
      [Free CSet: 1.1 ms]
   [Eden: 1888.0M(1888.0M)->0.0B(2832.0M) Survivors: 248.0M->184.0M Heap: 9296.0M(16.0G)->7461.8M(16.0G)]
 [Times: user=1.46 sys=0.01, real=0.09 secs] 
2014-04-23T23:41:49.821+0000: 1040.685: [GC pause (young)
Desired survivor size 155189248 bytes, new threshold 15 (max 15)
- age   1:   57293864 bytes,   57293864 total
- age   2:   90381656 bytes,  147675520 total
, 0.0697940 secs]
   [Parallel Time: 62.3 ms, GC Workers: 18]
      [GC Worker Start (ms): Min: 1040685.8, Avg: 1040686.2, Max: 1040686.6, Diff: 0.8]
      [Ext Root Scanning (ms): Min: 7.1, Avg: 10.2, Max: 26.2, Diff: 19.1, Sum: 183.2]
      [Update RS (ms): Min: 0.0, Avg: 6.9, Max: 8.3, Diff: 8.3, Sum: 123.9]
         [Processed Buffers: Min: 0, Avg: 40.9, Max: 60, Diff: 60, Sum: 737]
      [Scan RS (ms): Min: 0.1, Avg: 2.5, Max: 2.9, Diff: 2.8, Sum: 45.4]
      [Object Copy (ms): Min: 34.1, Avg: 40.9, Max: 42.2, Diff: 8.1, Sum: 736.7]
      [Termination (ms): Min: 0.0, Avg: 0.0, Max: 0.0, Diff: 0.0, Sum: 0.1]
      [GC Worker Other (ms): Min: 0.0, Avg: 0.2, Max: 0.5, Diff: 0.5, Sum: 3.3]
      [GC Worker Total (ms): Min: 60.4, Avg: 60.7, Max: 61.0, Diff: 0.6, Sum: 1092.7]
      [GC Worker End (ms): Min: 1040746.8, Avg: 1040746.9, Max: 1040747.2, Diff: 0.5]
   [Code Root Fixup: 0.0 ms]
   [Clear CT: 2.5 ms]
   [Other: 5.0 ms]
      [Choose CSet: 0.0 ms]
      [Ref Proc: 1.5 ms]
      [Ref Enq: 0.1 ms]
      [Free CSet: 1.4 ms]
   [Eden: 2160.0M(2160.0M)->0.0B(3480.0M) Survivors: 184.0M->192.0M Heap: 9637.8M(16.0G)->7485.8M(16.0G)]
 [Times: user=1.06 sys=0.00, real=0.07 secs] 
2014-04-23T23:41:59.048+0000: 1049.912: [GC pause (young)
Desired survivor size 243269632 bytes, new threshold 15 (max 15)
- age   1:   49137592 bytes,   49137592 total
- age   2:   37672120 bytes,   86809712 total
- age   3:   83271888 bytes,  170081600 total
, 0.0934710 secs]
   [Parallel Time: 85.4 ms, GC Workers: 18]
      [GC Worker Start (ms): Min: 1049912.9, Avg: 1049913.4, Max: 1049913.7, Diff: 0.7]
      [Ext Root Scanning (ms): Min: 9.2, Avg: 11.4, Max: 21.9, Diff: 12.7, Sum: 204.4]
      [Update RS (ms): Min: 0.7, Avg: 11.6, Max: 19.3, Diff: 18.6, Sum: 208.9]
         [Processed Buffers: Min: 3, Avg: 49.1, Max: 79, Diff: 76, Sum: 884]
      [Scan RS (ms): Min: 0.0, Avg: 0.3, Max: 0.4, Diff: 0.3, Sum: 5.1]
      [Object Copy (ms): Min: 54.0, Avg: 60.7, Max: 62.2, Diff: 8.2, Sum: 1092.8]
      [Termination (ms): Min: 0.0, Avg: 0.0, Max: 0.0, Diff: 0.0, Sum: 0.1]
      [GC Worker Other (ms): Min: 0.0, Avg: 0.2, Max: 0.4, Diff: 0.4, Sum: 3.5]
      [GC Worker Total (ms): Min: 83.7, Avg: 84.1, Max: 84.4, Diff: 0.7, Sum: 1514.7]
      [GC Worker End (ms): Min: 1049997.3, Avg: 1049997.5, Max: 1049997.8, Diff: 0.4]
   [Code Root Fixup: 0.0 ms]
   [Clear CT: 1.3 ms]
   [Other: 6.8 ms]
      [Choose CSet: 0.0 ms]
      [Ref Proc: 2.7 ms]
      [Ref Enq: 0.2 ms]
      [Free CSet: 1.6 ms]
   [Eden: 3480.0M(3480.0M)->0.0B(3280.0M) Survivors: 192.0M->272.0M Heap: 10.7G(16.0G)->7569.1M(16.0G)]
 [Times: user=1.43 sys=0.01, real=0.09 secs] 
2014-04-23T23:42:07.022+0000: 1057.885: [GC pause (young)
Desired survivor size 234881024 bytes, new threshold 4 (max 15)
- age   1:   86066600 bytes,   86066600 total
- age   2:   36360840 bytes,  122427440 total
- age   3:   32282096 bytes,  154709536 total
- age   4:   80390544 bytes,  235100080 total
, 0.1099100 secs]
   [Parallel Time: 99.2 ms, GC Workers: 18]
      [GC Worker Start (ms): Min: 1057886.5, Avg: 1057886.9, Max: 1057887.1, Diff: 0.6]
      [Ext Root Scanning (ms): Min: 7.9, Avg: 9.4, Max: 22.0, Diff: 14.1, Sum: 169.4]
      [Update RS (ms): Min: 0.0, Avg: 9.9, Max: 11.3, Diff: 11.3, Sum: 178.0]
         [Processed Buffers: Min: 0, Avg: 44.5, Max: 72, Diff: 72, Sum: 801]
      [Scan RS (ms): Min: 0.1, Avg: 0.3, Max: 0.3, Diff: 0.3, Sum: 4.6]
      [Object Copy (ms): Min: 76.4, Avg: 78.6, Max: 79.4, Diff: 2.9, Sum: 1415.1]
      [Termination (ms): Min: 0.0, Avg: 0.0, Max: 0.0, Diff: 0.0, Sum: 0.6]
      [GC Worker Other (ms): Min: 0.0, Avg: 0.2, Max: 0.4, Diff: 0.4, Sum: 3.2]
      [GC Worker Total (ms): Min: 98.0, Avg: 98.4, Max: 98.8, Diff: 0.9, Sum: 1770.9]
      [GC Worker End (ms): Min: 1057985.1, Avg: 1057985.2, Max: 1057985.5, Diff: 0.4]
   [Code Root Fixup: 0.0 ms]
   [Clear CT: 1.2 ms]
   [Other: 9.5 ms]
      [Choose CSet: 0.0 ms]
      [Ref Proc: 4.5 ms]
      [Ref Enq: 0.1 ms]
      [Free CSet: 1.5 ms]
   [Eden: 3280.0M(3280.0M)->0.0B(2680.0M) Survivors: 272.0M->256.0M Heap: 10.6G(16.0G)->7625.6M(16.0G)]
 [Times: user=1.75 sys=0.01, real=0.11 secs] 
2014-04-23T23:42:11.448+0000: 1062.312: [GC pause (young) (initial-mark)
Desired survivor size 192937984 bytes, new threshold 3 (max 15)
- age   1:  104141696 bytes,  104141696 total
- age   2:   61692216 bytes,  165833912 total
- age   3:   33773240 bytes,  199607152 total
- age   4:   30700664 bytes,  230307816 total
, 0.1236580 secs]
   [Parallel Time: 114.7 ms, GC Workers: 18]
      [GC Worker Start (ms): Min: 1062313.2, Avg: 1062313.6, Max: 1062313.9, Diff: 0.7]
      [Ext Root Scanning (ms): Min: 7.5, Avg: 9.9, Max: 21.1, Diff: 13.6, Sum: 178.3]
      [Update RS (ms): Min: 2.1, Avg: 12.8, Max: 17.5, Diff: 15.5, Sum: 229.7]
         [Processed Buffers: Min: 10, Avg: 45.8, Max: 87, Diff: 77, Sum: 825]
      [Scan RS (ms): Min: 0.0, Avg: 1.5, Max: 1.7, Diff: 1.7, Sum: 26.3]
      [Object Copy (ms): Min: 86.0, Avg: 89.0, Max: 90.9, Diff: 4.9, Sum: 1602.1]
      [Termination (ms): Min: 0.0, Avg: 0.5, Max: 0.6, Diff: 0.6, Sum: 8.1]
      [GC Worker Other (ms): Min: 0.0, Avg: 0.3, Max: 0.6, Diff: 0.6, Sum: 4.7]
      [GC Worker Total (ms): Min: 113.5, Avg: 113.8, Max: 114.3, Diff: 0.8, Sum: 2049.1]
      [GC Worker End (ms): Min: 1062427.2, Avg: 1062427.4, Max: 1062427.8, Diff: 0.6]
   [Code Root Fixup: 0.0 ms]
   [Clear CT: 1.9 ms]
   [Other: 7.1 ms]
      [Choose CSet: 0.0 ms]
      [Ref Proc: 2.4 ms]
      [Ref Enq: 0.1 ms]
      [Free CSet: 1.3 ms]
   [Eden: 2680.0M(2680.0M)->0.0B(1664.0M) Survivors: 256.0M->264.0M Heap: 10.1G(16.0G)->7746.2M(16.0G)]
 [Times: user=2.01 sys=0.01, real=0.12 secs] 
2014-04-23T23:42:11.572+0000: 1062.436: [GC concurrent-root-region-scan-start]
2014-04-23T23:42:11.657+0000: 1062.521: [GC concurrent-root-region-scan-end, 0.0850000 secs]
2014-04-23T23:42:11.657+0000: 1062.521: [GC concurrent-mark-start]
2014-04-23T23:42:14.567+0000: 1065.430: [GC concurrent-mark-end, 2.9091040 secs]
2014-04-23T23:42:14.575+0000: 1065.439: [GC remark 2014-04-23T23:42:14.578+0000: 1065.441: [GC ref-proc, 0.0573710 secs], 0.0884200 secs]
 [Times: user=0.19 sys=0.00, real=0.09 secs] 
2014-04-23T23:42:14.672+0000: 1065.536: [GC cleanup 8950M->8902M(16G), 0.0149490 secs]
 [Times: user=0.16 sys=0.00, real=0.02 secs] 
2014-04-23T23:42:14.688+0000: 1065.552: [GC concurrent-cleanup-start]
2014-04-23T23:42:14.688+0000: 1065.552: [GC concurrent-cleanup-end, 0.0000930 secs]
2014-04-23T23:42:15.617+0000: 1066.480: [GC pause (young)
Desired survivor size 130023424 bytes, new threshold 2 (max 15)
- age   1:  110190744 bytes,  110190744 total
- age   2:   66857880 bytes,  177048624 total
- age   3:   58369032 bytes,  235417656 total
, 0.1080550 secs]
   [Parallel Time: 100.2 ms, GC Workers: 18]
      [GC Worker Start (ms): Min: 1066480.9, Avg: 1066481.2, Max: 1066481.6, Diff: 0.7]
      [Ext Root Scanning (ms): Min: 7.9, Avg: 9.5, Max: 21.5, Diff: 13.6, Sum: 171.2]
      [Update RS (ms): Min: 3.5, Avg: 15.5, Max: 19.4, Diff: 15.9, Sum: 278.2]
         [Processed Buffers: Min: 13, Avg: 37.3, Max: 63, Diff: 50, Sum: 672]
      [Scan RS (ms): Min: 0.0, Avg: 0.7, Max: 1.0, Diff: 1.0, Sum: 13.3]
      [Object Copy (ms): Min: 71.2, Avg: 73.5, Max: 74.3, Diff: 3.1, Sum: 1322.7]
      [Termination (ms): Min: 0.0, Avg: 0.0, Max: 0.0, Diff: 0.0, Sum: 0.4]
      [GC Worker Other (ms): Min: 0.0, Avg: 0.2, Max: 0.4, Diff: 0.4, Sum: 3.0]
      [GC Worker Total (ms): Min: 98.9, Avg: 99.4, Max: 100.0, Diff: 1.1, Sum: 1788.7]
      [GC Worker End (ms): Min: 1066580.5, Avg: 1066580.6, Max: 1066580.9, Diff: 0.4]
   [Code Root Fixup: 0.0 ms]
   [Clear CT: 1.4 ms]
   [Other: 6.5 ms]
      [Choose CSet: 0.0 ms]
      [Ref Proc: 1.4 ms]
      [Ref Enq: 0.1 ms]
      [Free CSet: 0.9 ms]
   [Eden: 1664.0M(1664.0M)->0.0B(616.0M) Survivors: 264.0M->200.0M Heap: 9362.2M(16.0G)->7814.6M(16.0G)]
 [Times: user=1.72 sys=0.00, real=0.10 secs] 
2014-04-23T23:42:17.755+0000: 1068.618: [GC pause (mixed)
Desired survivor size 54525952 bytes, new threshold 1 (max 15)
- age   1:   81169216 bytes,   81169216 total
- age   2:   89453400 bytes,  170622616 total
, 0.1231390 secs]
   [Parallel Time: 109.4 ms, GC Workers: 18]
      [GC Worker Start (ms): Min: 1068619.3, Avg: 1068619.7, Max: 1068620.1, Diff: 0.8]
      [Ext Root Scanning (ms): Min: 9.1, Avg: 10.6, Max: 20.8, Diff: 11.6, Sum: 190.7]
      [Update RS (ms): Min: 1.0, Avg: 10.1, Max: 11.8, Diff: 10.8, Sum: 182.0]
         [Processed Buffers: Min: 17, Avg: 33.9, Max: 62, Diff: 45, Sum: 611]
      [Scan RS (ms): Min: 13.0, Avg: 15.3, Max: 18.8, Diff: 5.8, Sum: 276.0]
      [Object Copy (ms): Min: 68.0, Avg: 72.2, Max: 74.3, Diff: 6.3, Sum: 1299.2]
      [Termination (ms): Min: 0.0, Avg: 0.1, Max: 0.1, Diff: 0.1, Sum: 1.1]
      [GC Worker Other (ms): Min: 0.0, Avg: 0.1, Max: 0.3, Diff: 0.3, Sum: 2.0]
      [GC Worker Total (ms): Min: 107.9, Avg: 108.4, Max: 108.8, Diff: 1.0, Sum: 1950.9]
      [GC Worker End (ms): Min: 1068728.0, Avg: 1068728.1, Max: 1068728.3, Diff: 0.3]
   [Code Root Fixup: 0.1 ms]
   [Clear CT: 2.8 ms]
   [Other: 10.8 ms]
      [Choose CSet: 0.4 ms]
      [Ref Proc: 1.9 ms]
      [Ref Enq: 0.1 ms]
      [Free CSet: 2.2 ms]
   [Eden: 616.0M(616.0M)->0.0B(736.0M) Survivors: 200.0M->80.0M Heap: 8430.6M(16.0G)->7340.0M(16.0G)]
 [Times: user=1.95 sys=0.00, real=0.13 secs] 
2014-04-23T23:42:18.843+0000: 1069.706: [GC pause (mixed)
Desired survivor size 54525952 bytes, new threshold 15 (max 15)
- age   1:   18508480 bytes,   18508480 total
, 0.1254310 secs]
   [Parallel Time: 113.4 ms, GC Workers: 18]
      [GC Worker Start (ms): Min: 1069707.6, Avg: 1069708.0, Max: 1069708.4, Diff: 0.8]
      [Ext Root Scanning (ms): Min: 7.8, Avg: 10.9, Max: 24.5, Diff: 16.7, Sum: 196.7]
      [Update RS (ms): Min: 8.1, Avg: 19.1, Max: 21.5, Diff: 13.4, Sum: 344.4]
         [Processed Buffers: Min: 7, Avg: 29.8, Max: 53, Diff: 46, Sum: 537]
      [Scan RS (ms): Min: 12.4, Avg: 15.6, Max: 24.9, Diff: 12.5, Sum: 280.7]
      [Object Copy (ms): Min: 57.5, Avg: 66.3, Max: 67.6, Diff: 10.1, Sum: 1193.9]
      [Termination (ms): Min: 0.0, Avg: 0.1, Max: 0.1, Diff: 0.1, Sum: 1.2]
      [GC Worker Other (ms): Min: 0.0, Avg: 0.0, Max: 0.1, Diff: 0.1, Sum: 0.7]
      [GC Worker Total (ms): Min: 111.7, Avg: 112.1, Max: 112.5, Diff: 0.8, Sum: 2017.7]
      [GC Worker End (ms): Min: 1069820.1, Avg: 1069820.1, Max: 1069820.2, Diff: 0.1]
   [Code Root Fixup: 0.4 ms]
   [Clear CT: 2.6 ms]
   [Other: 9.0 ms]
      [Choose CSet: 0.4 ms]
      [Ref Proc: 1.0 ms]
      [Ref Enq: 0.0 ms]
      [Free CSet: 2.1 ms]
   [Eden: 736.0M(736.0M)->0.0B(712.0M) Survivors: 80.0M->104.0M Heap: 8076.0M(16.0G)->6979.7M(16.0G)]
 [Times: user=2.00 sys=0.00, real=0.13 secs] 
