0.064: [GC [PSYoungGen: 3069K->496K(3584K)] 3069K->592K(10432K), 0.0010590 secs]
0.068: [GC [PSYoungGen: 3562K->496K(6656K)] 3658K->1128K(13504K), 0.0013880 secs]
0.085: [GC [PSYoungGen: 6639K->496K(6656K)] 7271K->2200K(13504K), 0.0012580 secs]
0.095: [GC [PSYoungGen: 6635K->496K(12800K)] 8339K->3272K(19648K), 0.0030940 secs]
0.113: [GC [PSYoungGen: 12782K->496K(12800K)] 15558K->5408K(19648K), 0.0025720 secs]
0.116: [Full GC [PSYoungGen: 496K->0K(12800K)] [PSOldGen: 4912K->4822K(15424K)] 5408K->4822K(28224K) [PSPermGen: 2211K->2211K(21248K)], 0.0047460 secs]
0.135: [GC [PSYoungGen: 12288K->1937K(23808K)] 17110K->6760K(39232K), 0.0018660 secs]
0.166: [GC [PSYoungGen: 23761K->2874K(26560K)] 28584K->10425K(41984K), 0.0037440 secs]
0.200: [GC [PSYoungGen: 26554K->4712K(41600K)] 34105K->14319K(57024K), 0.0053980 secs]
0.247: [GC [PSYoungGen: 41576K->6460K(43328K)] 51183K->20531K(58752K), 0.0131320 secs]
0.260: [Full GC [PSYoungGen: 6460K->3363K(43328K)] [PSOldGen: 14070K->15423K(30208K)] 20531K->18786K(73536K) [PSPermGen: 2212K->2212K(21248K)], 0.0105610 secs]
0.310: [GC [PSYoungGen: 36864K->8832K(62720K)] 52287K->24255K(92928K), 0.0130590 secs]
0.394: [GC [PSYoungGen: 62144K->8346K(64064K)] 77567K->33697K(94272K), 0.0171600 secs]
0.411: [Full GC [PSYoungGen: 8346K->1732K(64064K)] [PSOldGen: 25351K->30206K(49600K)] 33697K->31939K(113664K) [PSPermGen: 2212K->2212K(21248K)], 0.0160850 secs]
0.486: [GC [PSYoungGen: 53312K->9888K(87168K)] 83518K->40094K(136768K), 0.0087650 secs]
0.579: [GC [PSYoungGen: 85408K->11848K(88448K)] 115614K->53166K(138048K), 0.0289870 secs]
0.608: [Full GC [PSYoungGen: 11848K->0K(88448K)] [PSOldGen: 41318K->48663K(73216K)] 53166K->48663K(161664K) [PSPermGen: 2212K->2211K(21248K)], 0.0307620 secs]
0.723: [GC [PSYoungGen: 75520K->11884K(118464K)] 124183K->60547K(191680K), 0.0110620 secs]
0.849: [GC [PSYoungGen: 116524K->16064K(120704K)] 165187K->78267K(193920K), 0.0695180 secs]
0.919: [Full GC [PSYoungGen: 16064K->3812K(120704K)] [PSOldGen: 62203K->73215K(102656K)] 78267K->77028K(223360K) [PSPermGen: 2211K->2211K(21248K)], 0.0254610 secs]
1.092: [GC [PSYoungGen: 104640K->20082K(169984K)] 177855K->93297K(272640K), 0.1707400 secs]
1.446: [GC [PSYoungGen: 166386K->22688K(172672K)] 239601K->118441K(275328K), 0.0784460 secs]
1.525: [Full GC [PSYoungGen: 22688K->12426K(172672K)] [PSOldGen: 95753K->102652K(139328K)] 118441K->115078K(312000K) [PSPermGen: 2211K->2211K(21248K)], 0.0286070 secs]
1.700: [GC [PSYoungGen: 146304K->29504K(213760K)] 248956K->137508K(353088K), 0.0876060 secs]
1.991: [GC [PSYoungGen: 213760K->29067K(220736K)] 321764K->170272K(361984K), 0.3078130 secs]
2.299: [Full GC [PSYoungGen: 29067K->21452K(220736K)] [PSOldGen: 141204K->141246K(186624K)] 170272K->162699K(407360K) [PSPermGen: 2211K->2211K(21248K)], 0.0605040 secs]
2.538: [GC [PSYoungGen: 184256K->39936K(212480K)] 325502K->190870K(399104K), 0.0371040 secs]
2.764: [GC [PSYoungGen: 212480K->27441K(200000K)] 363414K->223311K(396032K), 0.0678040 secs]
2.832: [Full GC [PSYoungGen: 27441K->7832K(200000K)] [PSOldGen: 195870K->196029K(253504K)] 223311K->203861K(453504K) [PSPermGen: 2211K->2211K(21248K)], 0.1054710 secs]
3.117: [GC [PSYoungGen: 172544K->34112K(217920K)] 368573K->230141K(471424K), 0.0718270 secs]
3.372: [GC [PSYoungGen: 201664K->26016K(220288K)] 397693K->260389K(473792K), 0.1307260 secs]
3.503: [Full GC [PSYoungGen: 26016K->4852K(220288K)] [PSOldGen: 234373K->253503K(319552K)] 260389K->258356K(539840K) [PSPermGen: 2211K->2211K(21248K)], 0.1278670 secs]
3.808: [GC [PSYoungGen: 167552K->30496K(219968K)] 421055K->283999K(539520K), 0.0347420 secs]
4.058: [GC [PSYoungGen: 199328K->27146K(220672K)] 452831K->314969K(540224K), 0.0682940 secs]
4.127: [Full GC [PSYoungGen: 27146K->0K(220672K)] [PSOldGen: 287823K->312931K(385152K)] 314969K->312931K(605824K) [PSPermGen: 2211K->2211K(21248K)], 0.0996410 secs]
4.430: [GC [PSYoungGen: 168832K->26272K(218560K)] 481763K->339203K(603712K), 0.0291860 secs]
