0.063: [GC 0.063: [DefNew: 2746K->320K(3072K), 0.0017620 secs] 2746K->490K(9920K), 0.0018110 secs]
0.068: [GC 0.068: [DefNew: 3068K->317K(3072K), 0.0007660 secs] 3239K->885K(9920K), 0.0007950 secs]
0.072: [GC 0.072: [DefNew: 3064K->318K(3072K), 0.0004290 secs] 3632K->1277K(9920K), 0.0004500 secs]
0.075: [GC 0.075: [DefNew: 3070K->317K(3072K), 0.0004230 secs] 4028K->1672K(9920K), 0.0004450 secs]
0.079: [GC 0.079: [DefNew: 3069K->318K(3072K), 0.0011210 secs] 4424K->2063K(9920K), 0.0011640 secs]
0.084: [GC 0.084: [DefNew: 3062K->319K(3072K), 0.0003620 secs] 4807K->2465K(9920K), 0.0003900 secs]
0.088: [GC 0.088: [DefNew: 3062K->318K(3072K), 0.0003820 secs] 5207K->2855K(9920K), 0.0004110 secs]
0.093: [GC 0.093: [DefNew: 3066K->318K(3072K), 0.0003640 secs] 5604K->3249K(9920K), 0.0003950 secs]
0.101: [GC 0.101: [DefNew: 3062K->317K(3072K), 0.0003990 secs] 5993K->3651K(9920K), 0.0004290 secs]
0.105: [GC 0.105: [DefNew: 3059K->318K(3072K), 0.0007380 secs] 6394K->4042K(9920K), 0.0007780 secs]
0.109: [GC 0.109: [DefNew: 3063K->318K(3072K), 0.0002710 secs] 6787K->4435K(9920K), 0.0002910 secs]
0.112: [GC 0.112: [DefNew: 3070K->318K(3072K), 0.0002300 secs] 7187K->4826K(9920K), 0.0002490 secs]
0.115: [GC 0.115: [DefNew: 3068K->318K(3072K), 0.0002640 secs] 7576K->5234K(9920K), 0.0002830 secs]
0.118: [GC 0.118: [DefNew: 3063K->318K(3072K), 0.0002370 secs] 7980K->5628K(9920K), 0.0002560 secs]
0.121: [GC 0.121: [DefNew: 3063K->318K(3072K), 0.0004730 secs] 8373K->6022K(9920K), 0.0005000 secs]
0.126: [GC 0.126: [DefNew: 3070K->318K(3072K), 0.0004990 secs] 8774K->6412K(9920K), 0.0005300 secs]
0.132: [GC 0.132: [DefNew: 3063K->318K(3072K), 0.0005010 secs] 9158K->6806K(9920K), 0.0005280 secs]
0.135: [GC 0.135: [DefNew: 3063K->318K(3072K), 0.0005040 secs]0.136: [Tenured: 6881K->7039K(7040K), 0.0038220 secs] 9551K->7200K(10112K), 0.0044190 secs]
0.146: [GC 0.146: [DefNew: 4733K->574K(5312K), 0.0028810 secs] 11773K->7876K(17048K), 0.0029350 secs]
0.155: [GC 0.155: [DefNew: 5303K->574K(5312K), 0.0017350 secs] 12605K->8552K(17048K), 0.0017910 secs]
0.164: [GC 0.164: [DefNew: 5303K->574K(5312K), 0.0007350 secs] 13281K->9228K(17048K), 0.0007680 secs]
0.170: [GC 0.170: [DefNew: 5303K->574K(5312K), 0.0006640 secs] 13957K->9904K(17048K), 0.0006950 secs]
0.176: [GC 0.176: [DefNew: 5303K->574K(5312K), 0.0012540 secs] 14633K->10580K(17048K), 0.0012980 secs]
0.184: [GC 0.184: [DefNew: 5303K->574K(5312K), 0.0007530 secs] 15309K->11256K(17048K), 0.0007890 secs]
0.191: [GC 0.191: [DefNew: 5307K->575K(5312K), 0.0009370 secs] 15990K->11966K(17048K), 0.0009740 secs]
0.198: [GC 0.198: [DefNew: 5304K->574K(5312K), 0.0010920 secs]0.199: [Tenured: 12068K->12117K(12120K), 0.0041110 secs] 16695K->12642K(17432K), 0.0053330 secs]
0.214: [GC 0.214: [DefNew: 8182K->958K(9152K), 0.0041580 secs] 20299K->13738K(29348K), 0.0042220 secs]
0.230: [GC 0.230: [DefNew: 9149K->958K(9152K), 0.0024590 secs] 21929K->14906K(29348K), 0.0025240 secs]
0.243: [GC 0.243: [DefNew: 9143K->958K(9152K), 0.0016910 secs] 23091K->16077K(29348K), 0.0017480 secs]
0.255: [GC 0.255: [DefNew: 9144K->958K(9152K), 0.0021680 secs] 24264K->17299K(29348K), 0.0022350 secs]
0.267: [GC 0.267: [DefNew: 9143K->958K(9152K), 0.0018980 secs] 25484K->18471K(29348K), 0.0019540 secs]
0.280: [GC 0.280: [DefNew: 9149K->958K(9152K), 0.0019420 secs] 26662K->19639K(29348K), 0.0020070 secs]
0.292: [GC 0.292: [DefNew: 9143K->958K(9152K), 0.0016070 secs] 27824K->20810K(29348K), 0.0016590 secs]
0.305: [GC 0.305: [DefNew: 9143K->958K(9152K), 0.0017490 secs]0.307: [Tenured: 21024K->21155K(21156K), 0.0048710 secs] 28995K->21982K(30308K), 0.0067830 secs]
0.329: [GC 0.329: [DefNew: 14206K->1725K(15936K), 0.0059790 secs] 35361K->23891K(51196K), 0.0060810 secs]
0.353: [GC 0.353: [DefNew: 15933K->1725K(15936K), 0.0027500 secs] 38099K->26000K(51196K), 0.0028560 secs]
0.373: [GC 0.373: [DefNew: 15933K->1725K(15936K), 0.0027520 secs] 40208K->28031K(51196K), 0.0028180 secs]
0.396: [GC 0.396: [DefNew: 15933K->1725K(15936K), 0.0031080 secs] 42239K->30062K(51196K), 0.0031770 secs]
0.418: [GC 0.418: [DefNew: 15933K->1725K(15936K), 0.0031570 secs] 44270K->32093K(51196K), 0.0032440 secs]
0.440: [GC 0.440: [DefNew: 15933K->1725K(15936K), 0.0029480 secs] 46301K->34124K(51196K), 0.0030170 secs]
0.462: [GC 0.462: [DefNew: 15933K->1725K(15936K), 0.0028820 secs] 48332K->36156K(51196K), 0.0029490 secs]
0.484: [GC 0.484: [DefNew: 15933K->1725K(15936K), 0.0031330 secs]0.487: [Tenured: 36461K->36601K(36604K), 0.0210160 secs] 50364K->38016K(52540K), 0.0243730 secs]
0.536: [GC 0.536: [DefNew: 24507K->3007K(27520K), 0.0084500 secs] 61108K->41436K(88524K), 0.0085240 secs]
0.578: [GC 0.578: [DefNew: 27510K->3005K(27520K), 0.0046070 secs] 65939K->44937K(88524K), 0.0046810 secs]
0.614: [GC 0.614: [DefNew: 27511K->3005K(27520K), 0.0043810 secs] 69443K->48442K(88524K), 0.0044550 secs]
0.650: [GC 0.650: [DefNew: 27508K->3005K(27520K), 0.0044880 secs] 72945K->51943K(88524K), 0.0045600 secs]
0.686: [GC 0.686: [DefNew: 27512K->3005K(27520K), 0.0042080 secs] 76450K->55447K(88524K), 0.0042790 secs]
0.721: [GC 0.721: [DefNew: 27517K->3006K(27520K), 0.0050830 secs] 79959K->59126K(88524K), 0.0051560 secs]
0.758: [GC 0.758: [DefNew: 27510K->3005K(27520K), 0.0049630 secs] 83630K->62627K(88524K), 0.0050360 secs]
0.798: [GC 0.798: [DefNew: 27512K->3005K(27520K), 0.0050990 secs]0.803: [Tenured: 63126K->63307K(63308K), 0.0105310 secs] 87135K->66132K(90828K), 0.0158930 secs]
0.863: [GC 0.863: [DefNew: 42299K->5246K(47552K), 0.0115180 secs] 105606K->71776K(153068K), 0.0115920 secs]
0.928: [GC 0.928: [DefNew: 47543K->5246K(47552K), 0.0064950 secs] 114072K->77820K(153068K), 0.0065650 secs]
0.988: [GC 0.988: [DefNew: 47550K->5246K(47552K), 0.0071200 secs] 120124K->83860K(153068K), 0.0071970 secs]
1.044: [GC 1.044: [DefNew: 47543K->5244K(47552K), 0.0073040 secs] 126157K->90162K(153068K), 0.0073750 secs]
1.099: [GC 1.099: [DefNew: 47548K->5246K(47552K), 0.0071030 secs] 132466K->96153K(153068K), 0.0071730 secs]
1.154: [GC 1.154: [DefNew: 47550K->5246K(47552K), 0.0063090 secs] 138457K->102197K(153068K), 0.0063780 secs]
1.209: [GC 1.209: [DefNew: 47550K->5246K(47552K), 0.0066030 secs] 144501K->108258K(153068K), 0.0066730 secs]
1.263: [GC 1.263: [DefNew: 47550K->5246K(47552K), 0.0083070 secs]1.271: [Tenured: 109013K->109163K(109164K), 0.0163600 secs] 150562K->114259K(156716K), 0.0250490 secs]
1.368: [GC 1.368: [DefNew: 72832K->9085K(81920K), 0.0202140 secs] 181995K->123972K(263860K), 0.0202790 secs]
1.468: [GC 1.468: [DefNew: 81917K->9086K(81920K), 0.0186300 secs] 196804K->134777K(263860K), 0.0186990 secs]
1.565: [GC 1.565: [DefNew: 81918K->9085K(81920K), 0.0147030 secs] 207609K->145212K(263860K), 0.0147710 secs]
1.659: [GC 1.659: [DefNew: 81917K->9085K(81920K), 0.0141960 secs] 218044K->155623K(263860K), 0.0142650 secs]
1.752: [GC 1.752: [DefNew: 81917K->9085K(81920K), 0.0143160 secs] 228455K->166074K(263860K), 0.0143860 secs]
1.849: [GC 1.849: [DefNew: 81917K->9085K(81920K), 0.0672210 secs] 238906K->176505K(263860K), 0.0672910 secs]
1.996: [GC 1.996: [DefNew: 81917K->9085K(81920K), 0.0145420 secs] 249337K->186952K(263860K), 0.0146110 secs]
2.089: [GC 2.089: [DefNew: 81917K->9086K(81920K), 0.0167790 secs]2.106: [Tenured: 188869K->189043K(189044K), 0.0299060 secs] 259784K->197955K(270964K), 0.0472730 secs]
2.278: [GC 2.278: [DefNew: 126080K->15743K(141824K), 0.0355030 secs] 315123K->214761K(456896K), 0.0355750 secs]
2.451: [GC 2.451: [DefNew: 141823K->15743K(141824K), 0.0287700 secs] 340841K->232812K(456896K), 0.0288390 secs]
2.618: [GC 2.618: [DefNew: 141823K->15743K(141824K), 0.0238430 secs] 358892K->250865K(456896K), 0.0239130 secs]
2.780: [GC 2.780: [DefNew: 141823K->15743K(141824K), 0.1376980 secs] 376945K->268958K(456896K), 0.1377720 secs]
3.084: [GC 3.084: [DefNew: 141823K->15743K(141824K), 0.0250280 secs] 395038K->287005K(456896K), 0.0250980 secs]
3.246: [GC 3.246: [DefNew: 141823K->15740K(141824K), 0.0261360 secs] 413085K->305942K(456896K), 0.0262050 secs]
3.409: [GC 3.409: [DefNew: 141820K->15743K(141824K), 0.0253190 secs] 432022K->323988K(456896K), 0.0253900 secs]
