Java HotSpot(TM) 64-Bit Server VM (25.25-b02) for linux-amd64 JRE (1.8.0_25-b17), built on Sep 17 2014 17:32:11 by "java_re" with gcc 4.3.0 20080428 (Red Hat 4.3.0-8)
Memory: 4k page, physical 8176256k(1108112k free), swap 0k(0k free)
CommandLine flags: -XX:InitialHeapSize=10485760 -XX:MaxHeapSize=838860800 -XX:MaxNewSize=279621632 -XX:MaxTenuringThreshold=6 -XX:OldPLABSize=16 -XX:+PrintGC -XX:+PrintGCDateStamps -XX:+PrintGCDetails -XX:+PrintGCTimeStamps -XX:-TraceClassUnloading -XX:+UseCompressedClassPointers -XX:+UseCompressedOops -XX:+UseConcMarkSweepGC -XX:+UseParNewGC 
2015-01-18T14:08:21.902+0100: 0,216: [GC (Allocation Failure) 0,216: [ParNew: 2742K->318K(3072K), 0,0172402 secs] 2742K->584K(9920K), 0,0173586 secs] [Times: user=0,01 sys=0,00, real=0,02 secs] 
2015-01-18T14:08:21.925+0100: 0,238: [GC (Allocation Failure) 0,238: [ParNew: 3070K->318K(3072K), 0,0182711 secs] 3336K->971K(9920K), 0,0183111 secs] [Times: user=0,00 sys=0,00, real=0,02 secs] 
2015-01-18T14:08:21.952+0100: 0,266: [GC (Allocation Failure) 0,266: [ParNew: 3070K->318K(3072K), 0,0147789 secs] 3723K->1361K(9920K), 0,0148129 secs] [Times: user=0,00 sys=0,00, real=0,02 secs] 
2015-01-18T14:08:22.007+0100: 0,321: [GC (Allocation Failure) 0,321: [ParNew: 3070K->319K(3072K), 0,0279792 secs] 4113K->1745K(9920K), 0,0280541 secs] [Times: user=0,02 sys=0,00, real=0,02 secs] 
2015-01-18T14:08:22.051+0100: 0,365: [GC (Allocation Failure) 0,365: [ParNew: 3069K->317K(3072K), 0,0119589 secs] 4494K->2139K(9920K), 0,0119949 secs] [Times: user=0,00 sys=0,00, real=0,01 secs] 
2015-01-18T14:08:22.067+0100: 0,381: [GC (Allocation Failure) 0,381: [ParNew: 3060K->317K(3072K), 0,0039896 secs] 4882K->2528K(9920K), 0,0040165 secs] [Times: user=0,00 sys=0,00, real=0,00 secs] 
2015-01-18T14:08:22.075+0100: 0,389: [GC (Allocation Failure) 0,389: [ParNew: 3069K->317K(3072K), 0,0079886 secs] 5280K->2921K(9920K), 0,0080156 secs] [Times: user=0,00 sys=0,00, real=0,01 secs] 
2015-01-18T14:08:22.084+0100: 0,397: [GC (Allocation Failure) 0,397: [ParNew: 3059K->319K(3072K), 0,0033455 secs] 5664K->3316K(9920K), 0,0033705 secs] [Times: user=0,00 sys=0,00, real=0,01 secs] 
2015-01-18T14:08:22.088+0100: 0,401: [GC (Allocation Failure) 0,401: [ParNew: 3062K->317K(3072K), 0,0113963 secs] 6059K->3705K(9920K), 0,0114377 secs] [Times: user=0,01 sys=0,00, real=0,01 secs] 
2015-01-18T14:08:22.100+0100: 0,413: [GC (Allocation Failure) 0,413: [ParNew: 3063K->317K(3072K), 0,0072907 secs] 6451K->4098K(9920K), 0,0073190 secs] [Times: user=0,00 sys=0,00, real=0,01 secs] 
2015-01-18T14:08:22.111+0100: 0,425: [GC (CMS Initial Mark) [1 CMS-initial-mark: 3780K(6848K)] 4172K(9920K), 0,0040058 secs] [Times: user=0,01 sys=0,00, real=0,00 secs] 
2015-01-18T14:08:22.115+0100: 0,429: [CMS-concurrent-mark-start]
2015-01-18T14:08:22.120+0100: 0,433: [CMS-concurrent-mark: 0,004/0,004 secs] [Times: user=0,00 sys=0,00, real=0,01 secs] 
2015-01-18T14:08:22.120+0100: 0,433: [CMS-concurrent-preclean-start]
2015-01-18T14:08:22.120+0100: 0,433: [CMS-concurrent-preclean: 0,000/0,000 secs] [Times: user=0,00 sys=0,00, real=0,00 secs] 
2015-01-18T14:08:22.121+0100: 0,434: [GC (Allocation Failure) 0,434: [ParNew: 3068K->318K(3072K), 0,0105865 secs] 6849K->4654K(9920K), 0,0106253 secs] [Times: user=0,00 sys=0,00, real=0,01 secs] 
2015-01-18T14:08:22.135+0100: 0,449: [GC (Allocation Failure) 0,449: [ParNew: 3065K->317K(3072K), 0,0119883 secs] 7401K->4890K(9920K), 0,0120543 secs] [Times: user=0,01 sys=0,00, real=0,02 secs] 
2015-01-18T14:08:22.148+0100: 0,462: [GC (Allocation Failure) 0,462: [ParNew: 3069K->317K(3072K), 0,0110257 secs] 7642K->5279K(9920K), 0,0110675 secs] [Times: user=0,00 sys=0,00, real=0,01 secs] 
2015-01-18T14:08:22.162+0100: 0,476: [GC (CMS Final Remark) [YG occupancy: 385 K (3072 K)]0,476: [Rescan (parallel) , 0,0169945 secs]0,493: [weak refs processing, 0,0000163 secs]0,493: [class unloading, 0,0005110 secs]0,493: [scrub symbol table, 0,0005683 secs]0,494: [scrub string table, 0,0002254 secs][1 CMS-remark: 4962K(6848K)] 5347K(9920K), 0,0184014 secs] [Times: user=0,01 sys=0,00, real=0,02 secs] 
2015-01-18T14:08:22.181+0100: 0,494: [CMS-concurrent-sweep-start]
2015-01-18T14:08:22.181+0100: 0,495: [CMS-concurrent-sweep: 0,000/0,000 secs] [Times: user=0,00 sys=0,00, real=0,00 secs] 
2015-01-18T14:08:22.181+0100: 0,495: [CMS-concurrent-reset-start]
2015-01-18T14:08:22.185+0100: 0,498: [CMS-concurrent-reset: 0,003/0,003 secs] [Times: user=0,00 sys=0,00, real=0,00 secs] 
2015-01-18T14:08:22.186+0100: 0,500: [GC (Allocation Failure) 0,500: [ParNew: 3063K->319K(3072K), 0,0170977 secs] 8021K->5663K(11336K), 0,0171730 secs] [Times: user=0,00 sys=0,01, real=0,02 secs] 
2015-01-18T14:08:22.205+0100: 0,518: [GC (Allocation Failure) 0,518: [ParNew: 3071K->317K(3072K), 0,0145765 secs] 8415K->6051K(11336K), 0,0146383 secs] [Times: user=0,00 sys=0,00, real=0,02 secs] 
2015-01-18T14:08:22.220+0100: 0,534: [GC (Allocation Failure) 0,534: [ParNew: 3062K->318K(3072K), 0,0149708 secs] 8795K->6451K(11336K), 0,0150309 secs] [Times: user=0,01 sys=0,00, real=0,01 secs] 
2015-01-18T14:08:22.237+0100: 0,550: [GC (Allocation Failure) 0,550: [ParNew: 3065K->317K(3072K), 0,0014792 secs] 9198K->6844K(11336K), 0,0015144 secs] [Times: user=0,00 sys=0,00, real=0,00 secs] 
2015-01-18T14:08:22.239+0100: 0,552: [GC (Allocation Failure) 0,552: [ParNew: 3060K->317K(3072K), 0,0015433 secs] 9587K->7234K(11336K), 0,0015731 secs] [Times: user=0,00 sys=0,00, real=0,01 secs] 
2015-01-18T14:08:22.241+0100: 0,555: [GC (Allocation Failure) 0,555: [ParNew: 3064K->317K(3072K), 0,0022175 secs] 9980K->7626K(11336K), 0,0022480 secs] [Times: user=0,00 sys=0,00, real=0,00 secs] 
2015-01-18T14:08:22.244+0100: 0,558: [GC (Allocation Failure) 0,558: [ParNew: 3069K->317K(3072K), 0,0150195 secs] 10378K->8016K(11336K), 0,0150540 secs] [Times: user=0,01 sys=0,00, real=0,02 secs] 
2015-01-18T14:08:22.267+0100: 0,581: [GC (Allocation Failure) 0,581: [ParNew: 3063K->317K(3072K), 0,0079695 secs] 10762K->8409K(11528K), 0,0080030 secs] [Times: user=0,00 sys=0,00, real=0,00 secs] 
2015-01-18T14:08:22.276+0100: 0,589: [GC (Allocation Failure) 0,589: [ParNew: 3064K->317K(3072K), 0,0192549 secs] 11156K->8802K(11912K), 0,0192897 secs] [Times: user=0,01 sys=0,00, real=0,02 secs] 
2015-01-18T14:08:22.311+0100: 0,625: [GC (Allocation Failure) 0,625: [ParNew: 3060K->317K(3072K), 0,0159740 secs] 11544K->9191K(12296K), 0,0160189 secs] [Times: user=0,02 sys=0,00, real=0,02 secs] 
2015-01-18T14:08:22.327+0100: 0,641: [GC (CMS Initial Mark) [1 CMS-initial-mark: 8874K(9224K)] 9269K(12296K), 0,0001117 secs] [Times: user=0,00 sys=0,00, real=0,00 secs] 
2015-01-18T14:08:22.328+0100: 0,641: [CMS-concurrent-mark-start]
2015-01-18T14:08:22.332+0100: 0,645: [CMS-concurrent-mark: 0,004/0,004 secs] [Times: user=0,00 sys=0,00, real=0,00 secs] 
2015-01-18T14:08:22.332+0100: 0,645: [CMS-concurrent-preclean-start]
2015-01-18T14:08:22.332+0100: 0,645: [CMS-concurrent-preclean: 0,000/0,000 secs] [Times: user=0,00 sys=0,00, real=0,00 secs] 
2015-01-18T14:08:22.335+0100: 0,649: [GC (CMS Final Remark) [YG occupancy: 1997 K (3072 K)]0,649: [Rescan (parallel) , 0,0079605 secs]0,657: [weak refs processing, 0,0000108 secs]0,657: [class unloading, 0,0003170 secs]0,657: [scrub symbol table, 0,0005401 secs]0,658: [scrub string table, 0,0002143 secs][1 CMS-remark: 8874K(9224K)] 10871K(12296K), 0,0091231 secs] [Times: user=0,01 sys=0,00, real=0,01 secs] 
2015-01-18T14:08:22.344+0100: 0,658: [CMS-concurrent-sweep-start]
2015-01-18T14:08:22.345+0100: 0,658: [CMS-concurrent-sweep: 0,000/0,000 secs] [Times: user=0,00 sys=0,00, real=0,00 secs] 
2015-01-18T14:08:22.345+0100: 0,658: [CMS-concurrent-reset-start]
2015-01-18T14:08:22.351+0100: 0,665: [GC (Allocation Failure) 0,665: [ParNew: 3067K->317K(3072K), 0,0079177 secs] 11929K->9584K(17844K), 0,0079753 secs] [Times: user=0,00 sys=0,00, real=0,01 secs] 
2015-01-18T14:08:22.363+0100: 0,677: [GC (Allocation Failure) 0,677: [ParNew: 3067K->317K(3072K), 0,0061455 secs] 12335K->9977K(17844K), 0,0062387 secs] [Times: user=0,01 sys=0,00, real=0,01 secs] 
2015-01-18T14:08:22.371+0100: 0,684: [GC (Allocation Failure) 0,684: [ParNew: 3069K->317K(3072K), 0,0127261 secs] 12729K->10367K(17844K), 0,0127665 secs] [Times: user=0,00 sys=0,00, real=0,01 secs] 
2015-01-18T14:08:22.385+0100: 0,699: [GC (Allocation Failure) 0,699: [ParNew: 3069K->317K(3072K), 0,0019233 secs] 13119K->10759K(17844K), 0,0019609 secs] [Times: user=0,01 sys=0,00, real=0,01 secs] 
2015-01-18T14:08:22.388+0100: 0,701: [CMS-concurrent-reset: 0,003/0,043 secs] [Times: user=0,02 sys=0,00, real=0,05 secs] 
2015-01-18T14:08:22.388+0100: 0,702: [GC (Allocation Failure) 0,702: [ParNew: 3063K->317K(3072K), 0,0147099 secs] 13505K->11152K(17844K), 0,0147558 secs] [Times: user=0,00 sys=0,00, real=0,01 secs] 
2015-01-18T14:08:22.404+0100: 0,718: [GC (CMS Initial Mark) [1 CMS-initial-mark: 10835K(14772K)] 13899K(17844K), 0,0001458 secs] [Times: user=0,00 sys=0,00, real=0,00 secs] 
2015-01-18T14:08:22.407+0100: 0,721: [CMS-concurrent-mark-start]
2015-01-18T14:08:22.407+0100: 0,721: [GC (Allocation Failure) 0,721: [ParNew: 3064K->317K(3072K), 0,0041714 secs] 13899K->11542K(17844K), 0,0042083 secs] [Times: user=0,00 sys=0,00, real=0,00 secs] 
2015-01-18T14:08:22.415+0100: 0,729: [GC (Allocation Failure) 0,729: [ParNew: 3064K->317K(3072K), 0,0052830 secs] 14289K->11935K(17844K), 0,0053427 secs] [Times: user=0,01 sys=0,00, real=0,01 secs] 
2015-01-18T14:08:22.424+0100: 0,738: [CMS-concurrent-mark: 0,005/0,017 secs] [Times: user=0,02 sys=0,00, real=0,01 secs] 
2015-01-18T14:08:22.424+0100: 0,738: [GC (Allocation Failure) 0,738: [ParNew: 3069K->317K(3072K), 0,0067498 secs] 14687K->12324K(17844K), 0,0067884 secs] [Times: user=0,00 sys=0,00, real=0,01 secs] 
2015-01-18T14:08:22.431+0100: 0,745: [CMS-concurrent-preclean-start]
2015-01-18T14:08:22.431+0100: 0,745: [CMS-concurrent-preclean: 0,000/0,000 secs] [Times: user=0,00 sys=0,00, real=0,00 secs] 
2015-01-18T14:08:22.439+0100: 0,753: [GC (CMS Final Remark) [YG occupancy: 395 K (3072 K)]0,753: [Rescan (parallel) , 0,0061845 secs]0,759: [weak refs processing, 0,0000090 secs]0,759: [class unloading, 0,0003092 secs]0,759: [scrub symbol table, 0,0005360 secs]0,760: [scrub string table, 0,0002049 secs][1 CMS-remark: 12007K(14772K)] 12402K(17844K), 0,0073136 secs] [Times: user=0,00 sys=0,00, real=0,00 secs] 
2015-01-18T14:08:22.447+0100: 0,760: [CMS-concurrent-sweep-start]
2015-01-18T14:08:22.447+0100: 0,761: [CMS-concurrent-sweep: 0,001/0,001 secs] [Times: user=0,00 sys=0,00, real=0,00 secs] 
2015-01-18T14:08:22.447+0100: 0,761: [CMS-concurrent-reset-start]
2015-01-18T14:08:22.449+0100: 0,762: [GC (Allocation Failure) 0,763: [ParNew: 3063K->317K(3072K), 0,0101912 secs] 15059K->12706K(23068K), 0,0102700 secs] [Times: user=0,01 sys=0,00, real=0,01 secs] 
2015-01-18T14:08:22.460+0100: 0,774: [CMS-concurrent-reset: 0,009/0,013 secs] [Times: user=0,01 sys=0,00, real=0,02 secs] 
2015-01-18T14:08:22.462+0100: 0,775: [GC (Allocation Failure) 0,775: [ParNew: 3069K->317K(3072K), 0,0127808 secs] 15458K->13099K(23068K), 0,0128296 secs] [Times: user=0,01 sys=0,00, real=0,01 secs] 
2015-01-18T14:08:22.475+0100: 0,789: [GC (Allocation Failure) 0,789: [ParNew: 3064K->317K(3072K), 0,0011031 secs] 15846K->13488K(23068K), 0,0011401 secs] [Times: user=0,00 sys=0,00, real=0,00 secs] 
2015-01-18T14:08:22.477+0100: 0,791: [GC (Allocation Failure) 0,791: [ParNew: 3064K->317K(3072K), 0,0060091 secs] 16235K->13881K(23068K), 0,0060612 secs] [Times: user=0,01 sys=0,00, real=0,01 secs] 
2015-01-18T14:08:22.487+0100: 0,801: [GC (Allocation Failure) 0,801: [ParNew: 3061K->319K(3072K), 0,0079576 secs] 16625K->14292K(23068K), 0,0079996 secs] [Times: user=0,00 sys=0,00, real=0,00 secs] 
2015-01-18T14:08:22.496+0100: 0,810: [GC (Allocation Failure) 0,810: [ParNew: 3065K->317K(3072K), 0,0032266 secs] 17038K->14685K(23068K), 0,0032606 secs] [Times: user=0,00 sys=0,00, real=0,01 secs] 
2015-01-18T14:08:22.500+0100: 0,814: [GC (Allocation Failure) 0,814: [ParNew: 3069K->317K(3072K), 0,0070672 secs] 17437K->15074K(23068K), 0,0070997 secs] [Times: user=0,00 sys=0,00, real=0,01 secs] 
2015-01-18T14:08:22.508+0100: 0,821: [GC (Allocation Failure) 0,821: [ParNew: 3063K->317K(3072K), 0,0032470 secs] 17820K->15467K(23068K), 0,0032763 secs] [Times: user=0,00 sys=0,00, real=0,00 secs] 
2015-01-18T14:08:22.512+0100: 0,825: [GC (Allocation Failure) 0,825: [ParNew: 3064K->317K(3072K), 0,0075028 secs] 18214K->15862K(23068K), 0,0075538 secs] [Times: user=0,01 sys=0,00, real=0,01 secs] 
2015-01-18T14:08:22.529+0100: 0,842: [GC (Allocation Failure) 0,842: [ParNew: 3060K->317K(3072K), 0,0143470 secs] 18605K->16251K(23068K), 0,0143752 secs] [Times: user=0,00 sys=0,00, real=0,01 secs] 
2015-01-18T14:08:22.547+0100: 0,861: [GC (Allocation Failure) 0,861: [ParNew: 3064K->317K(3072K), 0,0159916 secs] 18998K->16644K(23068K), 0,0160174 secs] [Times: user=0,01 sys=0,00, real=0,01 secs] 
2015-01-18T14:08:22.567+0100: 0,881: [GC (Allocation Failure) 0,881: [ParNew: 3069K->317K(3072K), 0,0199996 secs] 19396K->17034K(23068K), 0,0200244 secs] [Times: user=0,01 sys=0,00, real=0,02 secs] 
2015-01-18T14:08:22.591+0100: 0,905: [GC (Allocation Failure) 0,905: [ParNew: 3063K->317K(3072K), 0,0160413 secs] 19780K->17427K(23068K), 0,0160669 secs] [Times: user=0,00 sys=0,00, real=0,02 secs] 
2015-01-18T14:08:22.611+0100: 0,925: [GC (Allocation Failure) 0,925: [ParNew: 3069K->317K(3072K), 0,0239854 secs] 20179K->17819K(23068K), 0,0240100 secs] [Times: user=0,01 sys=0,00, real=0,02 secs] 
2015-01-18T14:08:22.643+0100: 0,957: [GC (Allocation Failure) 0,957: [ParNew: 3064K->317K(3072K), 0,0160170 secs] 20567K->18209K(23068K), 0,0160734 secs] [Times: user=0,00 sys=0,00, real=0,02 secs] 
2015-01-18T14:08:22.660+0100: 0,973: [GC (Allocation Failure) 0,973: [ParNew: 3064K->317K(3072K), 0,0112122 secs] 20956K->18602K(23068K), 0,0112468 secs] [Times: user=0,01 sys=0,00, real=0,01 secs] 
2015-01-18T14:08:22.672+0100: 0,985: [GC (Allocation Failure) 0,985: [ParNew: 3059K->317K(3072K), 0,0192447 secs] 21344K->18991K(23068K), 0,0192953 secs] [Times: user=0,00 sys=0,00, real=0,02 secs] 
2015-01-18T14:08:22.695+0100: 1,009: [GC (Allocation Failure) 1,009: [ParNew: 3068K->317K(3072K), 0,0119755 secs] 21742K->19384K(23068K), 0,0120023 secs] [Times: user=0,00 sys=0,00, real=0,02 secs] 
2015-01-18T14:08:22.711+0100: 1,025: [GC (Allocation Failure) 1,025: [ParNew: 3061K->317K(3072K), 0,0159761 secs] 22128K->19774K(23068K), 0,0160045 secs] [Times: user=0,00 sys=0,00, real=0,02 secs] 
2015-01-18T14:08:22.735+0100: 1,049: [GC (CMS Initial Mark) [1 CMS-initial-mark: 19456K(19996K)] 22525K(23068K), 0,0239798 secs] [Times: user=0,00 sys=0,00, real=0,03 secs] 
2015-01-18T14:08:22.763+0100: 1,077: [CMS-concurrent-mark-start]
2015-01-18T14:08:22.768+0100: 1,081: [CMS-concurrent-mark: 0,004/0,004 secs] [Times: user=0,01 sys=0,00, real=0,01 secs] 
2015-01-18T14:08:22.771+0100: 1,085: [GC (Allocation Failure) 1,085: [ParNew: 3068K->317K(3072K), 0,0159768 secs] 22525K->20167K(23260K), 0,0160129 secs] [Times: user=0,01 sys=0,00, real=0,02 secs] 
2015-01-18T14:08:22.787+0100: 1,101: [CMS-concurrent-preclean-start]
2015-01-18T14:08:22.787+0100: 1,101: [CMS-concurrent-preclean: 0,000/0,000 secs] [Times: user=0,00 sys=0,00, real=0,00 secs] 
2015-01-18T14:08:22.791+0100: 1,105: [GC (CMS Final Remark) [YG occupancy: 3060 K (3072 K)]1,105: [Rescan (parallel) , 0,0159638 secs]1,121: [weak refs processing, 0,0000146 secs]1,121: [class unloading, 0,0003620 secs]1,121: [scrub symbol table, 0,0005434 secs]1,122: [scrub string table, 0,0002155 secs][1 CMS-remark: 19849K(20188K)] 22910K(23260K), 0,0171926 secs] [Times: user=0,00 sys=0,00, real=0,02 secs] 
2015-01-18T14:08:22.809+0100: 1,122: [GC (Allocation Failure) 1,122: [ParNew2015-01-18T14:08:22.809+0100: 1,122: [CMS-concurrent-sweep-start]
: 3060K->317K(3072K), 0,0106497 secs] 22910K->20556K(23644K), 0,0106811 secs] [Times: user=0,01 sys=0,00, real=0,01 secs] 
2015-01-18T14:08:22.824+0100: 1,138: [CMS-concurrent-sweep: 0,015/0,015 secs] [Times: user=0,01 sys=0,00, real=0,01 secs] 
2015-01-18T14:08:22.824+0100: 1,138: [CMS-concurrent-reset-start]
2015-01-18T14:08:22.827+0100: 1,140: [CMS-concurrent-reset: 0,002/0,002 secs] [Times: user=0,00 sys=0,00, real=0,00 secs] 
2015-01-18T14:08:22.827+0100: 1,141: [GC (Allocation Failure) 1,141: [ParNew: 3064K->318K(3072K), 0,0199768 secs] 23287K->20963K(36780K), 0,0200048 secs] [Times: user=0,01 sys=0,00, real=0,02 secs] 
2015-01-18T14:08:22.851+0100: 1,165: [GC (Allocation Failure) 1,165: [ParNew: 3068K->317K(3072K), 0,0079938 secs] 23713K->21355K(36780K), 0,0080233 secs] [Times: user=0,01 sys=0,00, real=0,01 secs] 
2015-01-18T14:08:22.864+0100: 1,177: [GC (Allocation Failure) 1,177: [ParNew: 3069K->317K(3072K), 0,0153787 secs] 24107K->21745K(36780K), 0,0154127 secs] [Times: user=0,00 sys=0,00, real=0,02 secs] 
2015-01-18T14:08:22.887+0100: 1,201: [GC (Allocation Failure) 1,201: [ParNew: 3069K->317K(3072K), 0,0119968 secs] 24497K->22138K(36780K), 0,0120397 secs] [Times: user=0,00 sys=0,00, real=0,01 secs] 
2015-01-18T14:08:22.907+0100: 1,221: [GC (Allocation Failure) 1,221: [ParNew: 3063K->317K(3072K), 0,0159642 secs] 24884K->22531K(36780K), 0,0159940 secs] [Times: user=0,00 sys=0,00, real=0,01 secs] 
2015-01-18T14:08:22.931+0100: 1,245: [GC (Allocation Failure) 1,245: [ParNew: 3064K->317K(3072K), 0,0042422 secs] 25278K->22920K(36780K), 0,0042989 secs] [Times: user=0,00 sys=0,00, real=0,00 secs] 
2015-01-18T14:08:22.939+0100: 1,253: [GC (Allocation Failure) 1,253: [ParNew: 3064K->317K(3072K), 0,0082231 secs] 25667K->23313K(36780K), 0,0082661 secs] [Times: user=0,00 sys=0,00, real=0,01 secs] 
2015-01-18T14:08:22.951+0100: 1,265: [GC (Allocation Failure) 1,265: [ParNew: 3069K->317K(3072K), 0,0079725 secs] 26065K->23703K(36780K), 0,0079981 secs] [Times: user=0,00 sys=0,00, real=0,01 secs] 
2015-01-18T14:08:22.965+0100: 1,279: [GC (Allocation Failure) 1,279: [ParNew: 3063K->317K(3072K), 0,0139310 secs] 26448K->24095K(36780K), 0,0139851 secs] [Times: user=0,01 sys=0,00, real=0,02 secs] 
2015-01-18T14:08:22.987+0100: 1,301: [GC (Allocation Failure) 1,301: [ParNew: 3069K->317K(3072K), 0,0082212 secs] 26847K->24488K(36780K), 0,0082870 secs] [Times: user=0,00 sys=0,00, real=0,00 secs] 
2015-01-18T14:08:23.003+0100: 1,317: [GC (Allocation Failure) 1,317: [ParNew: 3064K->317K(3072K), 0,0079439 secs] 27235K->24878K(36780K), 0,0079844 secs] [Times: user=0,00 sys=0,00, real=0,01 secs] 
2015-01-18T14:08:23.019+0100: 1,333: [GC (Allocation Failure) 1,333: [ParNew: 3064K->317K(3072K), 0,0080345 secs] 27624K->25271K(36780K), 0,0080627 secs] [Times: user=0,00 sys=0,00, real=0,01 secs] 
2015-01-18T14:08:23.035+0100: 1,349: [GC (Allocation Failure) 1,349: [ParNew: 3059K->317K(3072K), 0,0079835 secs] 28013K->25660K(36780K), 0,0080090 secs] [Times: user=0,00 sys=0,00, real=0,01 secs] 
2015-01-18T14:08:23.051+0100: 1,365: [GC (Allocation Failure) 1,365: [ParNew: 3068K->317K(3072K), 0,0079807 secs] 28411K->26053K(36780K), 0,0080066 secs] [Times: user=0,01 sys=0,00, real=0,01 secs] 
2015-01-18T14:08:23.067+0100: 1,381: [GC (Allocation Failure) 1,381: [ParNew: 3061K->317K(3072K), 0,0079842 secs] 28796K->26442K(36780K), 0,0080095 secs] [Times: user=0,00 sys=0,00, real=0,00 secs] 
2015-01-18T14:08:23.080+0100: 1,393: [GC (Allocation Failure) 1,393: [ParNew: 3068K->317K(3072K), 0,0033641 secs] 29193K->26835K(36780K), 0,0033943 secs] [Times: user=0,00 sys=0,00, real=0,00 secs] 
2015-01-18T14:08:23.088+0100: 1,401: [GC (Allocation Failure) 1,401: [ParNew: 3060K->317K(3072K), 0,0034518 secs] 29578K->27225K(36780K), 0,0034772 secs] [Times: user=0,00 sys=0,00, real=0,00 secs] 
2015-01-18T14:08:23.096+0100: 1,409: [GC (Allocation Failure) 1,409: [ParNew: 3064K->317K(3072K), 0,0034571 secs] 29971K->27618K(36780K), 0,0034818 secs] [Times: user=0,00 sys=0,00, real=0,01 secs] 
2015-01-18T14:08:23.102+0100: 1,415: [GC (Allocation Failure) 1,415: [ParNew: 3069K->317K(3072K), 0,0054008 secs] 30370K->28007K(36780K), 0,0054262 secs] [Times: user=0,00 sys=0,00, real=0,01 secs] 
2015-01-18T14:08:23.112+0100: 1,425: [GC (Allocation Failure) 1,425: [ParNew: 3063K->317K(3072K), 0,0074639 secs] 30753K->28400K(36780K), 0,0074894 secs] [Times: user=0,00 sys=0,00, real=0,01 secs] 
2015-01-18T14:08:23.124+0100: 1,437: [GC (Allocation Failure) 1,437: [ParNew: 3069K->317K(3072K), 0,0033524 secs] 31152K->28793K(36780K), 0,0033819 secs] [Times: user=0,00 sys=0,00, real=0,01 secs] 
2015-01-18T14:08:23.132+0100: 1,445: [GC (Allocation Failure) 1,445: [ParNew: 3064K->317K(3072K), 0,0034456 secs] 31540K->29182K(36780K), 0,0034794 secs] [Times: user=0,00 sys=0,00, real=0,00 secs] 
2015-01-18T14:08:23.140+0100: 1,453: [GC (Allocation Failure) 1,453: [ParNew: 3064K->317K(3072K), 0,0072294 secs] 31929K->29575K(36780K), 0,0072605 secs] [Times: user=0,00 sys=0,00, real=0,01 secs] 
2015-01-18T14:08:23.148+0100: 1,461: [GC (Allocation Failure) 1,461: [ParNew: 3059K->317K(3072K), 0,0113140 secs] 32317K->29965K(36780K), 0,0113384 secs] [Times: user=0,01 sys=0,00, real=0,01 secs] 
2015-01-18T14:08:23.160+0100: 1,473: [GC (Allocation Failure) 1,473: [ParNew: 3068K->317K(3072K), 0,0113446 secs] 32715K->30357K(36780K), 0,0113689 secs] [Times: user=0,00 sys=0,00, real=0,01 secs] 
2015-01-18T14:08:23.172+0100: 1,485: [GC (Allocation Failure) 1,485: [ParNew: 3061K->317K(3072K), 0,0113433 secs] 33101K->30747K(36780K), 0,0113672 secs] [Times: user=0,01 sys=0,00, real=0,01 secs] 
2015-01-18T14:08:23.184+0100: 1,497: [GC (Allocation Failure) 1,497: [ParNew: 3069K->316K(3072K), 0,0114788 secs] 33499K->31185K(36780K), 0,0115096 secs] [Times: user=0,00 sys=0,00, real=0,01 secs] 
2015-01-18T14:08:23.197+0100: 1,511: [GC (Allocation Failure) 1,511: [ParNew: 3063K->317K(3072K), 0,0056130 secs] 33932K->31578K(36780K), 0,0056520 secs] [Times: user=0,01 sys=0,00, real=0,01 secs] 
2015-01-18T14:08:23.215+0100: 1,529: [GC (CMS Initial Mark) [1 CMS-initial-mark: 31260K(33708K)] 32061K(36780K), 0,0079885 secs] [Times: user=0,00 sys=0,00, real=0,01 secs] 
2015-01-18T14:08:23.227+0100: 1,541: [CMS-concurrent-mark-start]
2015-01-18T14:08:23.236+0100: 1,549: [CMS-concurrent-mark: 0,009/0,009 secs] [Times: user=0,00 sys=0,00, real=0,00 secs] 
2015-01-18T14:08:23.239+0100: 1,553: [GC (Allocation Failure) 1,553: [ParNew: 3063K->317K(3072K), 0,0079521 secs] 34324K->31970K(36780K), 0,0079888 secs] [Times: user=0,00 sys=0,00, real=0,01 secs] 
2015-01-18T14:08:23.248+0100: 1,562: [GC (Allocation Failure) 1,562: [ParNew: 3060K->317K(3072K), 0,0110982 secs] 34713K->32360K(36780K), 0,0111278 secs] [Times: user=0,01 sys=0,00, real=0,01 secs] 
2015-01-18T14:08:23.260+0100: 1,573: [GC (Allocation Failure) 1,573: [ParNew: 3063K->317K(3072K), 0,0112836 secs] 35106K->32753K(36780K), 0,0113080 secs] [Times: user=0,00 sys=0,00, real=0,01 secs] 
2015-01-18T14:08:23.272+0100: 1,585: [GC (Allocation Failure) 1,585: [ParNew: 3064K->317K(3072K), 0,0113560 secs] 35500K->33142K(36780K), 0,0113799 secs] [Times: user=0,01 sys=0,00, real=0,01 secs] 
2015-01-18T14:08:23.284+0100: 1,597: [GC (Allocation Failure) 1,597: [ParNew: 3067K->317K(3072K), 0,0113532 secs] 35893K->33535K(36780K), 0,0113773 secs] [Times: user=0,00 sys=0,00, real=0,01 secs] 
2015-01-18T14:08:23.296+0100: 1,609: [GC (Allocation Failure) 1,609: [ParNew: 3069K->317K(3072K), 0,0113556 secs] 36287K->33925K(36972K), 0,0113795 secs] [Times: user=0,01 sys=0,00, real=0,02 secs] 
2015-01-18T14:08:23.308+0100: 1,621: [GC (Allocation Failure) 1,621: [ParNew: 3068K->317K(3072K), 0,0113588 secs] 36675K->34318K(37356K), 0,0113822 secs] [Times: user=0,00 sys=0,00, real=0,01 secs] 
2015-01-18T14:08:23.320+0100: 1,633: [GC (Allocation Failure) 1,633: [ParNew: 3069K->317K(3072K), 0,0113619 secs] 37070K->34710K(37740K), 0,0113858 secs] [Times: user=0,01 sys=0,00, real=0,01 secs] 
2015-01-18T14:08:23.332+0100: 1,645: [GC (Allocation Failure) 1,645: [ParNew: 3060K->317K(3072K), 0,0033671 secs] 37453K->35100K(38124K), 0,0033907 secs] [Times: user=0,00 sys=0,00, real=0,00 secs] 
2015-01-18T14:08:23.336+0100: 1,649: [GC (Allocation Failure) 1,649: [ParNew: 3064K->317K(3072K), 0,0033719 secs] 37846K->35493K(38508K), 0,0033954 secs] [Times: user=0,00 sys=0,00, real=0,01 secs] 
2015-01-18T14:08:23.340+0100: 1,653: [GC (Allocation Failure) 1,653: [ParNew: 3069K->317K(3072K), 0,0033689 secs] 38245K->35882K(38892K), 0,0033925 secs] [Times: user=0,00 sys=0,00, real=0,00 secs] 
2015-01-18T14:08:23.344+0100: 1,657: [GC (Allocation Failure) 1,657: [ParNew: 3063K->317K(3072K), 0,0033693 secs] 38628K->36275K(39276K), 0,0033930 secs] [Times: user=0,00 sys=0,00, real=0,01 secs] 
2015-01-18T14:08:23.348+0100: 1,661: [GC (Allocation Failure) 1,661: [ParNew: 3064K->317K(3072K), 0,0033605 secs] 39022K->36668K(39852K), 0,0033924 secs] [Times: user=0,00 sys=0,00, real=0,00 secs] 
2015-01-18T14:08:23.352+0100: 1,665: [GC (Allocation Failure) 1,665: [ParNew: 3060K->317K(3072K), 0,0033735 secs] 39411K->37057K(40236K), 0,0033971 secs] [Times: user=0,00 sys=0,00, real=0,00 secs] 
2015-01-18T14:08:23.356+0100: 1,669: [GC (Allocation Failure) 1,669: [ParNew: 3064K->317K(3072K), 0,0033800 secs] 39804K->37450K(40620K), 0,0034031 secs] [Times: user=0,00 sys=0,00, real=0,01 secs] 
2015-01-18T14:08:23.360+0100: 1,673: [GC (Allocation Failure) 1,673: [ParNew: 3069K->317K(3072K), 0,0014296 secs] 40202K->37840K(41004K), 0,0014533 secs] [Times: user=0,00 sys=0,00, real=0,00 secs] 
2015-01-18T14:08:23.362+0100: 1,675: [GC (Allocation Failure) 1,675: [ParNew: 3063K->317K(3072K), 0,0053020 secs] 40586K->38233K(41388K), 0,0053257 secs] [Times: user=0,00 sys=0,00, real=0,01 secs] 
2015-01-18T14:08:23.368+0100: 1,681: [GC (Allocation Failure) 1,681: [ParNew: 3069K->317K(3072K), 0,0033568 secs] 40985K->38625K(41772K), 0,0033808 secs] [Times: user=0,00 sys=0,00, real=0,00 secs] 
2015-01-18T14:08:23.372+0100: 1,685: [GC (Allocation Failure) 1,685: [ParNew: 3064K->317K(3072K), 0,0113376 secs] 41373K->39015K(42156K), 0,0113616 secs] [Times: user=0,00 sys=0,00, real=0,01 secs] 
2015-01-18T14:08:23.384+0100: 1,697: [GC (Allocation Failure) 1,697: [ParNew: 3064K->317K(3072K), 0,0033644 secs] 41762K->39408K(42540K), 0,0033882 secs] [Times: user=0,00 sys=0,00, real=0,01 secs] 
2015-01-18T14:08:23.388+0100: 1,701: [GC (Allocation Failure) 1,701: [ParNew: 3059K->317K(3072K), 0,0073766 secs] 42150K->39797K(42924K), 0,0074002 secs] [Times: user=0,00 sys=0,00, real=0,00 secs] 
2015-01-18T14:08:23.397+0100: 1,711: [GC (Allocation Failure) 1,711: [ParNew: 3068K->317K(3072K), 0,0062519 secs] 42548K->40190K(43308K), 0,0062819 secs] [Times: user=0,00 sys=0,00, real=0,01 secs] 
2015-01-18T14:08:23.405+0100: 1,718: [GC (Allocation Failure) 1,719: [ParNew: 3061K->317K(3072K), 0,0101674 secs] 42934K->40580K(43692K), 0,0102061 secs] [Times: user=0,01 sys=0,00, real=0,01 secs] 
2015-01-18T14:08:23.416+0100: 1,730: [GC (Allocation Failure) 1,730: [ParNew: 3068K->317K(3072K), 0,0111642 secs] 43330K->40972K(44076K), 0,0111897 secs] [Times: user=0,00 sys=0,00, real=0,02 secs] 
2015-01-18T14:08:23.428+0100: 1,741: [GC (Allocation Failure) 1,741: [ParNew: 3060K->317K(3072K), 0,0073406 secs] 43715K->41362K(44460K), 0,0073666 secs] [Times: user=0,01 sys=0,00, real=0,00 secs] 
2015-01-18T14:08:23.436+0100: 1,749: [GC (Allocation Failure) 1,749: [ParNew: 3064K->317K(3072K), 0,0072503 secs] 44109K->41755K(44844K), 0,0072758 secs] [Times: user=0,00 sys=0,00, real=0,01 secs] 
2015-01-18T14:08:23.444+0100: 1,757: [GC (Allocation Failure) 1,757: [ParNew: 3069K->317K(3072K), 0,0042096 secs] 44507K->42144K(45228K), 0,0042342 secs] [Times: user=0,00 sys=0,00, real=0,01 secs] 
2015-01-18T14:08:23.449+0100: 1,762: [GC (Allocation Failure) 1,762: [ParNew: 3063K->317K(3072K), 0,0104861 secs] 44890K->42537K(45612K), 0,0105119 secs] [Times: user=0,00 sys=0,00, real=0,01 secs] 
2015-01-18T14:08:23.460+0100: 1,773: [GC (Allocation Failure) 1,773: [ParNew: 3069K->317K(3072K), 0,0053278 secs] 45289K->42930K(45996K), 0,0053525 secs] [Times: user=0,00 sys=0,00, real=0,00 secs] 
2015-01-18T14:08:23.466+0100: 1,779: [GC (Allocation Failure) 1,779: [ParNew: 3064K->317K(3072K), 0,0012431 secs] 45677K->43320K(46572K), 0,0012672 secs] [Times: user=0,00 sys=0,00, real=0,01 secs] 
2015-01-18T14:08:23.468+0100: 1,781: [GC (Allocation Failure) 1,781: [ParNew: 3064K->317K(3072K), 0,0113595 secs] 46066K->43712K(46956K), 0,0113833 secs] [Times: user=0,01 sys=0,00, real=0,01 secs] 
2015-01-18T14:08:23.480+0100: 1,793: [GC (Allocation Failure) 1,793: [ParNew: 3059K->317K(3072K), 0,0033559 secs] 46455K->44102K(47340K), 0,0033795 secs] [Times: user=0,00 sys=0,00, real=0,00 secs] 
2015-01-18T14:08:23.484+0100: 1,797: [GC (Allocation Failure) 1,797: [ParNew: 3068K->317K(3072K), 0,0033664 secs] 46852K->44495K(47724K), 0,0033898 secs] [Times: user=0,00 sys=0,00, real=0,01 secs] 
2015-01-18T14:08:23.488+0100: 1,801: [GC (Allocation Failure) 1,801: [ParNew: 3061K->317K(3072K), 0,0033683 secs] 47238K->44884K(48108K), 0,0033922 secs] [Times: user=0,00 sys=0,00, real=0,00 secs] 
2015-01-18T14:08:23.492+0100: 1,805: [GC (Allocation Failure) 1,805: [ParNew: 3068K->317K(3072K), 0,0033810 secs] 47635K->45277K(48492K), 0,0034051 secs] [Times: user=0,00 sys=0,00, real=0,00 secs] 
2015-01-18T14:08:23.496+0100: 1,809: [GC (Allocation Failure) 1,809: [ParNew: 3060K->317K(3072K), 0,0073588 secs] 48020K->45667K(48876K), 0,0073827 secs] [Times: user=0,00 sys=0,00, real=0,01 secs] 
2015-01-18T14:08:23.504+0100: 1,817: [GC (Allocation Failure) 1,817: [ParNew: 3064K->317K(3072K), 0,0033667 secs] 48413K->46059K(49260K), 0,0033901 secs] [Times: user=0,00 sys=0,00, real=0,01 secs] 
2015-01-18T14:08:23.508+0100: 1,821: [GC (Allocation Failure) 1,821: [ParNew: 3063K->318K(3072K), 0,0033360 secs] 48805K->46521K(49644K), 0,0033605 secs] [Times: user=0,00 sys=0,00, real=0,00 secs] 
2015-01-18T14:08:23.512+0100: 1,825: [GC (Allocation Failure) 1,825: [ParNew: 3069K->317K(3072K), 0,0033574 secs] 49273K->46911K(50028K), 0,0033811 secs] [Times: user=0,00 sys=0,00, real=0,00 secs] 
2015-01-18T14:08:23.516+0100: 1,829: [GC (Allocation Failure) 1,829: [ParNew: 3062K->317K(3072K), 0,0113572 secs] 49656K->47304K(50604K), 0,0113811 secs] [Times: user=0,00 sys=0,00, real=0,02 secs] 
2015-01-18T14:08:23.528+0100: 1,841: [GC (Allocation Failure) 1,841: [ParNew: 3062K->317K(3072K), 0,0113639 secs] 50049K->47697K(50988K), 0,0113878 secs] [Times: user=0,01 sys=0,00, real=0,01 secs] 
2015-01-18T14:08:23.540+0100: 1,853: [GC (Allocation Failure) 1,853: [ParNew: 3069K->317K(3072K), 0,0033595 secs] 50449K->48086K(51372K), 0,0033830 secs] [Times: user=0,00 sys=0,00, real=0,00 secs] 
2015-01-18T14:08:23.544+0100: 1,857: [GC (Allocation Failure) 1,857: [ParNew: 3063K->317K(3072K), 0,0033785 secs] 50832K->48479K(51756K), 0,0034023 secs] [Times: user=0,00 sys=0,00, real=0,01 secs] 
2015-01-18T14:08:23.548+0100: 1,861: [GC (Allocation Failure) 1,861: [ParNew: 3063K->317K(3072K), 0,0033697 secs] 51225K->48872K(52140K), 0,0033933 secs] [Times: user=0,00 sys=0,00, real=0,00 secs] 
2015-01-18T14:08:23.552+0100: 1,865: [GC (Allocation Failure) 1,865: [ParNew: 3059K->317K(3072K), 0,0033710 secs] 51614K->49261K(52524K), 0,0033945 secs] [Times: user=0,01 sys=0,00, real=0,00 secs] 
2015-01-18T14:08:23.556+0100: 1,869: [GC (Allocation Failure) 1,869: [ParNew: 3063K->317K(3072K), 0,0033809 secs] 52007K->49654K(52908K), 0,0034045 secs] [Times: user=0,00 sys=0,00, real=0,01 secs] 
2015-01-18T14:08:23.560+0100: 1,873: [GC (Allocation Failure) 1,873: [ParNew: 3060K->317K(3072K), 0,0033725 secs] 52397K->50044K(53292K), 0,0033961 secs] [Times: user=0,00 sys=0,00, real=0,00 secs] 
2015-01-18T14:08:23.564+0100: 1,877: [GC (Allocation Failure) 1,877: [ParNew: 3062K->317K(3072K), 0,0015572 secs] 52789K->50436K(53676K), 0,0015807 secs] [Times: user=0,00 sys=0,00, real=0,00 secs] 
2015-01-18T14:08:23.566+0100: 1,879: [GC (Allocation Failure) 1,879: [ParNew: 3059K->317K(3072K), 0,0051879 secs] 53179K->50826K(54060K), 0,0052115 secs] [Times: user=0,00 sys=0,00, real=0,01 secs] 
2015-01-18T14:08:23.572+0100: 1,885: [GC (Allocation Failure) 1,885: [ParNew: 3063K->317K(3072K), 0,0033752 secs] 53572K->51219K(54444K), 0,0033987 secs] [Times: user=0,00 sys=0,00, real=0,00 secs] 
2015-01-18T14:08:23.576+0100: 1,889: [GC (Allocation Failure) 1,889: [ParNew: 3060K->317K(3072K), 0,0033755 secs] 53961K->51608K(54828K), 0,0033987 secs] [Times: user=0,01 sys=0,00, real=0,01 secs] 
2015-01-18T14:08:23.580+0100: 1,893: [GC (Allocation Failure) 1,893: [ParNew: 3062K->317K(3072K), 0,0033732 secs] 54354K->52001K(55212K), 0,0033969 secs] [Times: user=0,00 sys=0,00, real=0,00 secs] 
2015-01-18T14:08:23.584+0100: 1,897: [GC (Allocation Failure) 1,897: [ParNew: 3069K->317K(3072K), 0,0033784 secs] 54753K->52391K(55596K), 0,0034019 secs] [Times: user=0,00 sys=0,00, real=0,01 secs] 
2015-01-18T14:08:23.588+0100: 1,901: [GC (Allocation Failure) 1,901: [ParNew: 3063K->317K(3072K), 0,0081640 secs] 55136K->52784K(55980K), 0,0081989 secs] [Times: user=0,00 sys=0,00, real=0,00 secs] 
2015-01-18T14:08:23.598+0100: 1,911: [GC (Allocation Failure) 1,911: [ParNew: 3063K->317K(3072K), 0,0093739 secs] 55529K->53176K(56364K), 0,0094167 secs] [Times: user=0,01 sys=0,00, real=0,02 secs] 
2015-01-18T14:08:23.608+0100: 1,922: [GC (Allocation Failure) 1,922: [ParNew: 3059K->317K(3072K), 0,0030558 secs] 55919K->53566K(56748K), 0,0030853 secs] [Times: user=0,00 sys=0,00, real=0,00 secs] 
2015-01-18T14:08:23.612+0100: 1,925: [GC (Allocation Failure) 1,925: [ParNew: 3063K->317K(3072K), 0,0033055 secs] 56312K->53959K(57324K), 0,0033303 secs] [Times: user=0,00 sys=0,00, real=0,00 secs] 
2015-01-18T14:08:23.616+0100: 1,929: [GC (Allocation Failure) 1,929: [ParNew: 3060K->317K(3072K), 0,0033504 secs] 56701K->54348K(57708K), 0,0033749 secs] [Times: user=0,00 sys=0,00, real=0,01 secs] 
2015-01-18T14:08:23.619+0100: 1,933: [CMS-concurrent-preclean-start]
2015-01-18T14:08:23.620+0100: 1,933: [GC (Allocation Failure) 1,933: [ParNew: 3062K->317K(3072K), 0,0032116 secs] 57094K->54741K(58092K), 0,0032418 secs] [Times: user=0,00 sys=0,00, real=0,00 secs] 
2015-01-18T14:08:23.628+0100: 1,942: [GC (Allocation Failure) 1,942: [ParNew: 3059K->317K(3072K), 0,0030912 secs] 57483K->55131K(58476K), 0,0031392 secs] [Times: user=0,00 sys=0,00, real=0,00 secs] 
2015-01-18T14:08:23.631+0100: 1,945: [CMS-concurrent-preclean: 0,004/0,012 secs] [Times: user=0,01 sys=0,00, real=0,01 secs] 
2015-01-18T14:08:23.643+0100: 1,957: [GC (CMS Final Remark) [YG occupancy: 414 K (3072 K)]1,957: [Rescan (parallel) , 0,0039819 secs]1,961: [weak refs processing, 0,0000089 secs]1,961: [class unloading, 0,0003316 secs]1,961: [scrub symbol table, 0,0005364 secs]1,962: [scrub string table, 0,0002157 secs][1 CMS-remark: 54813K(55404K)] 55228K(58476K), 0,0051450 secs] [Times: user=0,00 sys=0,00, real=0,01 secs] 
2015-01-18T14:08:23.648+0100: 1,962: [CMS-concurrent-sweep-start]
2015-01-18T14:08:23.650+0100: 1,963: [CMS-concurrent-sweep: 0,001/0,001 secs] [Times: user=0,00 sys=0,00, real=0,00 secs] 
2015-01-18T14:08:23.650+0100: 1,963: [CMS-concurrent-reset-start]
2015-01-18T14:08:23.653+0100: 1,966: [CMS-concurrent-reset: 0,003/0,003 secs] [Times: user=0,01 sys=0,00, real=0,00 secs] 
2015-01-18T14:08:23.659+0100: 1,973: [GC (Allocation Failure) 1,973: [ParNew: 3063K->317K(3072K), 0,0079095 secs] 57815K->55462K(94328K), 0,0079467 secs] [Times: user=0,00 sys=0,00, real=0,01 secs] 
2015-01-18T14:08:23.672+0100: 1,985: [GC (Allocation Failure) 1,985: [ParNew: 3060K->317K(3072K), 0,0072555 secs] 58205K->55852K(94328K), 0,0072831 secs] [Times: user=0,00 sys=0,00, real=0,01 secs] 
2015-01-18T14:08:23.684+0100: 1,997: [GC (Allocation Failure) 1,997: [ParNew: 3062K->317K(3072K), 0,0074219 secs] 58597K->56245K(94328K), 0,0074478 secs] [Times: user=0,01 sys=0,00, real=0,01 secs] 
2015-01-18T14:08:23.699+0100: 2,013: [GC (Allocation Failure) 2,013: [ParNew: 3069K->317K(3072K), 0,0079970 secs] 58997K->56634K(94328K), 0,0080222 secs] [Times: user=0,00 sys=0,00, real=0,01 secs] 
2015-01-18T14:08:23.712+0100: 2,025: [GC (Allocation Failure) 2,025: [ParNew: 3063K->317K(3072K), 0,0034492 secs] 59380K->57027K(94328K), 0,0034739 secs] [Times: user=0,00 sys=0,00, real=0,00 secs] 
2015-01-18T14:08:23.718+0100: 2,031: [GC (Allocation Failure) 2,031: [ParNew: 3063K->317K(3072K), 0,0054914 secs] 59773K->57420K(94328K), 0,0055170 secs] [Times: user=0,00 sys=0,00, real=0,01 secs] 
2015-01-18T14:08:23.730+0100: 2,044: [GC (Allocation Failure) 2,044: [ParNew: 3059K->317K(3072K), 0,0049542 secs] 60162K->57809K(94328K), 0,0050023 secs] [Times: user=0,00 sys=0,00, real=0,00 secs] 
2015-01-18T14:08:23.740+0100: 2,054: [GC (Allocation Failure) 2,054: [ParNew: 3063K->317K(3072K), 0,0231420 secs] 60555K->58202K(94328K), 0,0231785 secs] [Times: user=0,01 sys=0,00, real=0,02 secs] 
2015-01-18T14:08:23.768+0100: 2,081: [GC (Allocation Failure) 2,081: [ParNew: 3060K->317K(3072K), 0,0192886 secs] 60945K->58592K(94328K), 0,0193204 secs] [Times: user=0,00 sys=0,00, real=0,02 secs] 
2015-01-18T14:08:23.792+0100: 2,105: [GC (Allocation Failure) 2,105: [ParNew: 3062K->317K(3072K), 0,0074416 secs] 61337K->58985K(94328K), 0,0074672 secs] [Times: user=0,01 sys=0,00, real=0,01 secs] 
2015-01-18T14:08:23.800+0100: 2,113: [GC (Allocation Failure) 2,113: [ParNew: 3059K->317K(3072K), 0,0153113 secs] 61727K->59374K(94328K), 0,0153448 secs] [Times: user=0,00 sys=0,00, real=0,01 secs] 
2015-01-18T14:08:23.818+0100: 2,132: [GC (Allocation Failure) 2,132: [ParNew: 3063K->317K(3072K), 0,0130314 secs] 62120K->59767K(94328K), 0,0130602 secs] [Times: user=0,00 sys=0,00, real=0,02 secs] 
2015-01-18T14:08:23.836+0100: 2,149: [GC (Allocation Failure) 2,149: [ParNew: 3060K->317K(3072K), 0,0154544 secs] 62509K->60156K(94328K), 0,0154794 secs] [Times: user=0,01 sys=0,00, real=0,02 secs] 
2015-01-18T14:08:23.859+0100: 2,173: [GC (Allocation Failure) 2,173: [ParNew: 3062K->317K(3072K), 0,0319896 secs] 62902K->60549K(94328K), 0,0320165 secs] [Times: user=0,03 sys=0,00, real=0,03 secs] 
2015-01-18T14:08:23.896+0100: 2,209: [GC (Allocation Failure) 2,209: [ParNew: 3069K->317K(3072K), 0,0112507 secs] 63301K->60939K(94328K), 0,0112840 secs] [Times: user=0,01 sys=0,00, real=0,02 secs] 
2015-01-18T14:08:23.912+0100: 2,225: [GC (Allocation Failure) 2,225: [ParNew: 3063K->317K(3072K), 0,0074201 secs] 63684K->61332K(94328K), 0,0074455 secs] [Times: user=0,00 sys=0,00, real=0,01 secs] 
2015-01-18T14:08:23.922+0100: 2,235: [GC (Allocation Failure) 2,235: [ParNew: 3063K->317K(3072K), 0,0093982 secs] 64077K->61724K(94328K), 0,0094224 secs] [Times: user=0,00 sys=0,00, real=0,01 secs] 
2015-01-18T14:08:23.936+0100: 2,249: [GC (Allocation Failure) 2,249: [ParNew: 3059K->317K(3072K), 0,0154726 secs] 64467K->62114K(94328K), 0,0154968 secs] [Times: user=0,01 sys=0,00, real=0,02 secs] 
2015-01-18T14:08:23.956+0100: 2,269: [GC (Allocation Failure) 2,269: [ParNew: 3063K->317K(3072K), 0,0074606 secs] 64860K->62507K(94328K), 0,0074852 secs] [Times: user=0,00 sys=0,00, real=0,01 secs] 
2015-01-18T14:08:23.968+0100: 2,281: [GC (Allocation Failure) 2,281: [ParNew: 3060K->317K(3072K), 0,0194775 secs] 65249K->62896K(94328K), 0,0195037 secs] [Times: user=0,01 sys=0,00, real=0,02 secs] 
2015-01-18T14:08:23.995+0100: 2,309: [GC (Allocation Failure) 2,309: [ParNew: 3062K->317K(3072K), 0,0160053 secs] 65642K->63289K(94328K), 0,0160400 secs] [Times: user=0,00 sys=0,00, real=0,02 secs] 
2015-01-18T14:08:24.019+0100: 2,333: [GC (Allocation Failure) 2,333: [ParNew: 3059K->317K(3072K), 0,0199571 secs] 66031K->63679K(94328K), 0,0199904 secs] [Times: user=0,00 sys=0,00, real=0,02 secs] 
2015-01-18T14:08:24.044+0100: 2,357: [GC (Allocation Failure) 2,357: [ParNew: 3063K->317K(3072K), 0,0193245 secs] 66425K->64072K(94328K), 0,0193503 secs] [Times: user=0,01 sys=0,00, real=0,02 secs] 
2015-01-18T14:08:24.068+0100: 2,381: [GC (Allocation Failure) 2,381: [ParNew: 3060K->317K(3072K), 0,0114549 secs] 66814K->64461K(94328K), 0,0114792 secs] [Times: user=0,00 sys=0,00, real=0,01 secs] 
2015-01-18T14:08:24.084+0100: 2,397: [GC (Allocation Failure) 2,397: [ParNew: 3062K->317K(3072K), 0,0114618 secs] 67206K->64854K(94328K), 0,0114858 secs] [Times: user=0,00 sys=0,00, real=0,01 secs] 
2015-01-18T14:08:24.100+0100: 2,413: [GC (Allocation Failure) 2,413: [ParNew: 3069K->317K(3072K), 0,0074731 secs] 67606K->65243K(94328K), 0,0074986 secs] [Times: user=0,00 sys=0,00, real=0,01 secs] 
2015-01-18T14:08:24.112+0100: 2,425: [GC (Allocation Failure) 2,425: [ParNew: 3063K->317K(3072K), 0,0073581 secs] 67989K->65636K(94328K), 0,0073851 secs] [Times: user=0,00 sys=0,00, real=0,01 secs] 
2015-01-18T14:08:24.124+0100: 2,437: [GC (Allocation Failure) 2,437: [ParNew: 3063K->317K(3072K), 0,0074559 secs] 68382K->66029K(94328K), 0,0074947 secs] [Times: user=0,00 sys=0,00, real=0,01 secs] 
2015-01-18T14:08:24.139+0100: 2,453: [GC (Allocation Failure) 2,453: [ParNew: 3059K->317K(3072K), 0,0359107 secs] 68771K->66419K(94328K), 0,0359821 secs] [Times: user=0,00 sys=0,00, real=0,03 secs] 
2015-01-18T14:08:24.180+0100: 2,494: [GC (Allocation Failure) 2,494: [ParNew: 3063K->317K(3072K), 0,0151458 secs] 69164K->66811K(94328K), 0,0151905 secs] [Times: user=0,01 sys=0,00, real=0,01 secs] 
2015-01-18T14:08:24.196+0100: 2,509: [GC (Allocation Failure) 2,509: [ParNew: 3060K->317K(3072K), 0,0125099 secs] 69554K->67201K(94328K), 0,0125364 secs] [Times: user=0,01 sys=0,00, real=0,02 secs] 
2015-01-18T14:08:24.209+0100: 2,523: [GC (Allocation Failure) 2,523: [ParNew: 3062K->317K(3072K), 0,0022677 secs] 69946K->67594K(94328K), 0,0022936 secs] [Times: user=0,00 sys=0,00, real=0,00 secs] 
2015-01-18T14:08:24.213+0100: 2,527: [GC (Allocation Failure) 2,527: [ParNew: 3059K->317K(3072K), 0,0140671 secs] 70336K->67983K(94328K), 0,0141028 secs] [Times: user=0,01 sys=0,00, real=0,02 secs] 
2015-01-18T14:08:24.228+0100: 2,541: [GC (Allocation Failure) 2,541: [ParNew: 3063K->317K(3072K), 0,0153389 secs] 70729K->68376K(94328K), 0,0153670 secs] [Times: user=0,01 sys=0,00, real=0,01 secs] 
2015-01-18T14:08:24.244+0100: 2,557: [GC (Allocation Failure) 2,557: [ParNew: 3060K->317K(3072K), 0,0112289 secs] 71119K->68766K(94328K), 0,0112555 secs] [Times: user=0,00 sys=0,00, real=0,01 secs] 
2015-01-18T14:08:24.256+0100: 2,569: [GC (Allocation Failure) 2,569: [ParNew: 3062K->317K(3072K), 0,0113053 secs] 71511K->69158K(94328K), 0,0113298 secs] [Times: user=0,01 sys=0,00, real=0,02 secs] 
2015-01-18T14:08:24.268+0100: 2,581: [GC (Allocation Failure) 2,581: [ParNew: 3069K->319K(3072K), 0,0153163 secs] 71910K->69655K(94328K), 0,0153441 secs] [Times: user=0,01 sys=0,00, real=0,01 secs] 
2015-01-18T14:08:24.284+0100: 2,597: [GC (Allocation Failure) 2,597: [ParNew: 3065K->317K(3072K), 0,0152140 secs] 72401K->70048K(94328K), 0,0152395 secs] [Times: user=0,00 sys=0,00, real=0,02 secs] 
2015-01-18T14:08:24.300+0100: 2,613: [GC (Allocation Failure) 2,613: [ParNew: 3060K->317K(3072K), 0,0153444 secs] 72790K->70437K(94328K), 0,0153683 secs] [Times: user=0,01 sys=0,00, real=0,01 secs] 
2015-01-18T14:08:24.316+0100: 2,629: [GC (Allocation Failure) 2,629: [ParNew: 3062K->317K(3072K), 0,0125592 secs] 73183K->70830K(94328K), 0,0125851 secs] [Times: user=0,01 sys=0,00, real=0,02 secs] 
2015-01-18T14:08:24.329+0100: 2,643: [GC (Allocation Failure) 2,643: [ParNew: 3069K->317K(3072K), 0,0180874 secs] 73582K->71220K(94328K), 0,0181127 secs] [Times: user=0,01 sys=0,00, real=0,02 secs] 
2015-01-18T14:08:24.348+0100: 2,661: [GC (Allocation Failure) 2,661: [ParNew: 3063K->317K(3072K), 0,0353342 secs] 73965K->71613K(94328K), 0,0353579 secs] [Times: user=0,02 sys=0,00, real=0,03 secs] 
2015-01-18T14:08:24.384+0100: 2,697: [GC (Allocation Failure) 2,697: [ParNew: 3063K->317K(3072K), 0,0113586 secs] 74358K->72005K(94328K), 0,0113821 secs] [Times: user=0,01 sys=0,00, real=0,01 secs] 
2015-01-18T14:08:24.396+0100: 2,709: [GC (Allocation Failure) 2,709: [ParNew: 3059K->317K(3072K), 0,0273918 secs] 74748K->72395K(94328K), 0,0274343 secs] [Times: user=0,01 sys=0,00, real=0,03 secs] 
2015-01-18T14:08:24.424+0100: 2,738: [GC (Allocation Failure) 2,738: [ParNew: 3063K->317K(3072K), 0,0150116 secs] 75141K->72788K(94328K), 0,0150419 secs] [Times: user=0,00 sys=0,00, real=0,02 secs] 
2015-01-18T14:08:24.440+0100: 2,753: [GC (Allocation Failure) 2,753: [ParNew: 3060K->317K(3072K), 0,0126719 secs] 75530K->73177K(94328K), 0,0126972 secs] [Times: user=0,01 sys=0,00, real=0,01 secs] 
2015-01-18T14:08:24.453+0100: 2,767: [GC (Allocation Failure) 2,767: [ParNew: 3062K->317K(3072K), 0,0138870 secs] 75923K->73570K(94328K), 0,0139131 secs] [Times: user=0,01 sys=0,00, real=0,02 secs] 
2015-01-18T14:08:24.468+0100: 2,781: [GC (Allocation Failure) 2,781: [ParNew: 3059K->317K(3072K), 0,0192411 secs] 76312K->73960K(94328K), 0,0192741 secs] [Times: user=0,01 sys=0,00, real=0,02 secs] 
2015-01-18T14:08:24.488+0100: 2,802: [GC (Allocation Failure) 2,802: [ParNew: 3063K->317K(3072K), 0,0111478 secs] 76706K->74353K(94328K), 0,0111820 secs] [Times: user=0,00 sys=0,00, real=0,01 secs] 
2015-01-18T14:08:24.500+0100: 2,814: [GC (Allocation Failure) 2,814: [ParNew: 3060K->317K(3072K), 0,0351276 secs] 77095K->74742K(94328K), 0,0351555 secs] [Times: user=0,02 sys=0,00, real=0,03 secs] 
2015-01-18T14:08:24.536+0100: 2,849: [GC (Allocation Failure) 2,849: [ParNew: 3062K->317K(3072K), 0,0153182 secs] 77487K->75135K(94328K), 0,0153704 secs] [Times: user=0,00 sys=0,00, real=0,02 secs] 
2015-01-18T14:08:24.552+0100: 2,866: [GC (Allocation Failure) 2,866: [ParNew: 3069K->317K(3072K), 0,0109723 secs] 77887K->75524K(94328K), 0,0110050 secs] [Times: user=0,01 sys=0,00, real=0,01 secs] 
2015-01-18T14:08:24.564+0100: 2,877: [GC (Allocation Failure) 2,877: [ParNew: 3063K->317K(3072K), 0,0272748 secs] 78270K->75917K(94328K), 0,0272999 secs] [Times: user=0,01 sys=0,00, real=0,03 secs] 
2015-01-18T14:08:24.592+0100: 2,905: [GC (Allocation Failure) 2,905: [ParNew: 3063K->317K(3072K), 0,0234922 secs] 78663K->76310K(94328K), 0,0235281 secs] [Times: user=0,00 sys=0,00, real=0,02 secs] 
2015-01-18T14:08:24.617+0100: 2,931: [GC (Allocation Failure) 2,931: [ParNew: 3059K->317K(3072K), 0,0099238 secs] 79052K->76700K(94328K), 0,0099710 secs] [Times: user=0,01 sys=0,00, real=0,02 secs] 
2015-01-18T14:08:24.628+0100: 2,942: [GC (Allocation Failure) 2,942: [ParNew: 3063K->317K(3072K), 0,0190720 secs] 79445K->77092K(94328K), 0,0191013 secs] [Times: user=0,01 sys=0,00, real=0,02 secs] 
2015-01-18T14:08:24.648+0100: 2,961: [GC (Allocation Failure) 2,961: [ParNew: 3060K->317K(3072K), 0,0233139 secs] 79835K->77482K(94328K), 0,0233388 secs] [Times: user=0,01 sys=0,00, real=0,02 secs] 
2015-01-18T14:08:24.672+0100: 2,985: [GC (Allocation Failure) 2,985: [ParNew: 3062K->317K(3072K), 0,0293978 secs] 80227K->77875K(94328K), 0,0294297 secs] [Times: user=0,01 sys=0,00, real=0,03 secs] 
2015-01-18T14:08:24.702+0100: 3,016: [GC (Allocation Failure) 3,016: [ParNew: 3059K->317K(3072K), 0,0171214 secs] 80617K->78264K(94328K), 0,0171600 secs] [Times: user=0,01 sys=0,00, real=0,02 secs] 
2015-01-18T14:08:24.720+0100: 3,034: [GC (Allocation Failure) 3,034: [ParNew: 3063K->317K(3072K), 0,0111154 secs] 81010K->78657K(94328K), 0,0111526 secs] [Times: user=0,00 sys=0,00, real=0,01 secs] 
2015-01-18T14:08:24.732+0100: 3,046: [GC (Allocation Failure) 3,046: [ParNew: 3060K->317K(3072K), 0,0231689 secs] 81400K->79047K(94328K), 0,0232073 secs] [Times: user=0,02 sys=0,00, real=0,02 secs] 
2015-01-18T14:08:24.756+0100: 3,070: [GC (Allocation Failure) 3,070: [ParNew: 3062K->317K(3072K), 0,0111190 secs] 81792K->79439K(94328K), 0,0111680 secs] [Times: user=0,00 sys=0,00, real=0,02 secs] 
2015-01-18T14:08:24.768+0100: 3,082: [GC (Allocation Failure) 3,082: [ParNew: 3069K->317K(3072K), 0,0349916 secs] 82191K->79829K(94328K), 0,0350239 secs] [Times: user=0,01 sys=0,00, real=0,03 secs] 
2015-01-18T14:08:24.804+0100: 3,117: [GC (Allocation Failure) 3,117: [ParNew: 3063K->317K(3072K), 0,0113168 secs] 82575K->80222K(94328K), 0,0113440 secs] [Times: user=0,01 sys=0,00, real=0,01 secs] 
2015-01-18T14:08:24.817+0100: 3,131: [GC (Allocation Failure) 3,131: [ParNew: 3063K->317K(3072K), 0,0140561 secs] 82967K->80615K(94328K), 0,0140935 secs] [Times: user=0,00 sys=0,00, real=0,02 secs] 
2015-01-18T14:08:24.844+0100: 3,157: [GC (Allocation Failure) 3,157: [ParNew: 3059K->317K(3072K), 0,0192269 secs] 83357K->81004K(94328K), 0,0192610 secs] [Times: user=0,01 sys=0,00, real=0,02 secs] 
2015-01-18T14:08:24.868+0100: 3,181: [GC (Allocation Failure) 3,181: [ParNew: 3063K->317K(3072K), 0,0072838 secs] 83750K->81397K(94328K), 0,0073481 secs] [Times: user=0,00 sys=0,00, real=0,00 secs] 
2015-01-18T14:08:24.883+0100: 3,197: [GC (Allocation Failure) 3,197: [ParNew: 3060K->317K(3072K), 0,0039556 secs] 84139K->81786K(94328K), 0,0039905 secs] [Times: user=0,00 sys=0,00, real=0,01 secs] 
2015-01-18T14:08:24.895+0100: 3,209: [GC (Allocation Failure) 3,209: [ParNew: 3062K->317K(3072K), 0,0039728 secs] 84532K->82179K(94328K), 0,0040034 secs] [Times: user=0,00 sys=0,00, real=0,01 secs] 
2015-01-18T14:08:24.907+0100: 3,221: [GC (Allocation Failure) 3,221: [ParNew: 3059K->317K(3072K), 0,0079761 secs] 84922K->82569K(94328K), 0,0080061 secs] [Times: user=0,00 sys=0,00, real=0,00 secs] 
2015-01-18T14:08:24.923+0100: 3,237: [GC (Allocation Failure) 3,237: [ParNew: 3063K->317K(3072K), 0,0079830 secs] 85315K->82962K(94328K), 0,0080120 secs] [Times: user=0,01 sys=0,00, real=0,01 secs] 
2015-01-18T14:08:24.933+0100: 3,246: [GC (Allocation Failure) 3,246: [ParNew: 3060K->317K(3072K), 0,0145571 secs] 85704K->83351K(94328K), 0,0146005 secs] [Times: user=0,00 sys=0,00, real=0,02 secs] 
2015-01-18T14:08:24.949+0100: 3,262: [GC (Allocation Failure) 3,262: [ParNew: 3062K->317K(3072K), 0,0062406 secs] 86097K->83744K(94328K), 0,0062726 secs] [Times: user=0,01 sys=0,00, real=0,00 secs] 
2015-01-18T14:08:24.960+0100: 3,273: [GC (Allocation Failure) 3,273: [ParNew: 3069K->317K(3072K), 0,0154359 secs] 86496K->84134K(94328K), 0,0154684 secs] [Times: user=0,00 sys=0,00, real=0,01 secs] 
2015-01-18T14:08:24.983+0100: 3,297: [GC (Allocation Failure) 3,297: [ParNew: 3063K->317K(3072K), 0,0119855 secs] 86879K->84526K(94328K), 0,0120193 secs] [Times: user=0,00 sys=0,00, real=0,01 secs] 
2015-01-18T14:08:25.003+0100: 3,317: [GC (Allocation Failure) 3,317: [ParNew: 3063K->317K(3072K), 0,0239868 secs] 87272K->84919K(94328K), 0,0240227 secs] [Times: user=0,01 sys=0,00, real=0,03 secs] 
2015-01-18T14:08:25.031+0100: 3,345: [GC (Allocation Failure) 3,345: [ParNew: 3059K->317K(3072K), 0,0083215 secs] 87661K->85309K(94328K), 0,0083691 secs] [Times: user=0,01 sys=0,00, real=0,01 secs] 
2015-01-18T14:08:25.047+0100: 3,361: [GC (CMS Initial Mark) [1 CMS-initial-mark: 84991K(91256K)] 85527K(94328K), 0,0079773 secs] [Times: user=0,00 sys=0,00, real=0,00 secs] 
2015-01-18T14:08:25.059+0100: 3,373: [CMS-concurrent-mark-start]
2015-01-18T14:08:25.063+0100: 3,377: [GC (Allocation Failure) 3,377: [ParNew: 3063K->317K(3072K), 0,0119136 secs] 88055K->85702K(94328K), 0,0119481 secs] [Times: user=0,01 sys=0,00, real=0,01 secs] 
2015-01-18T14:08:25.082+0100: 3,396: [CMS-concurrent-mark: 0,007/0,023 secs] [Times: user=0,01 sys=0,00, real=0,02 secs] 
2015-01-18T14:08:25.082+0100: 3,396: [CMS-concurrent-preclean-start]
2015-01-18T14:08:25.082+0100: 3,396: [CMS-concurrent-preclean: 0,000/0,000 secs] [Times: user=0,00 sys=0,00, real=0,00 secs] 
2015-01-18T14:08:25.082+0100: 3,396: [CMS-concurrent-abortable-preclean-start]
2015-01-18T14:08:25.083+0100: 3,397: [GC (Allocation Failure) 3,397: [ParNew: 3060K->317K(3072K), 0,0041525 secs] 88444K->86091K(94328K), 0,0041826 secs] [Times: user=0,00 sys=0,00, real=0,01 secs] 
2015-01-18T14:08:25.095+0100: 3,409: [GC (Allocation Failure) 3,409: [ParNew: 3062K->317K(3072K), 0,0079877 secs] 88836K->86484K(94328K), 0,0080229 secs] [Times: user=0,01 sys=0,00, real=0,01 secs] 
2015-01-18T14:08:25.107+0100: 3,421: [CMS-concurrent-abortable-preclean: 0,001/0,025 secs] [Times: user=0,01 sys=0,00, real=0,03 secs] 
2015-01-18T14:08:25.111+0100: 3,425: [GC (CMS Final Remark) [YG occupancy: 3059 K (3072 K)]3,425: [Rescan (parallel) , 0,0039580 secs]3,429: [weak refs processing, 0,0000091 secs]3,429: [class unloading, 0,0003243 secs]3,429: [scrub symbol table, 0,0005408 secs]3,430: [scrub string table, 0,0002134 secs][1 CMS-remark: 86166K(91256K)] 89226K(94328K), 0,0051213 secs] [Times: user=0,00 sys=0,00, real=0,00 secs] 
2015-01-18T14:08:25.116+0100: 3,430: [CMS-concurrent-sweep-start]
2015-01-18T14:08:25.123+0100: 3,437: [GC (Allocation Failure) 3,437: [ParNew: 3059K->317K(3072K), 0,0079699 secs] 89089K->86736K(94328K), 0,0080066 secs] [Times: user=0,00 sys=0,00, real=0,01 secs] 
2015-01-18T14:08:25.132+0100: 3,445: [CMS-concurrent-sweep: 0,003/0,015 secs] [Times: user=0,01 sys=0,00, real=0,02 secs] 
2015-01-18T14:08:25.135+0100: 3,449: [CMS-concurrent-reset-start]
2015-01-18T14:08:25.147+0100: 3,461: [GC (Allocation Failure) 3,461: [ParNew: 3063K->317K(3072K), 0,0130819 secs] 89482K->87129K(147104K), 0,0131662 secs] [Times: user=0,00 sys=0,00, real=0,01 secs] 
2015-01-18T14:08:25.161+0100: 3,474: [CMS-concurrent-reset: 0,005/0,025 secs] [Times: user=0,00 sys=0,00, real=0,03 secs] 
2015-01-18T14:08:25.164+0100: 3,478: [GC (Allocation Failure) 3,478: [ParNew: 3060K->317K(3072K), 0,0071315 secs] 89871K->87518K(147104K), 0,0071895 secs] [Times: user=0,00 sys=0,00, real=0,01 secs] 
2015-01-18T14:08:25.172+0100: 3,486: [GC (Allocation Failure) 3,486: [ParNew: 3062K->317K(3072K), 0,0149345 secs] 90264K->87911K(147104K), 0,0149780 secs] [Times: user=0,01 sys=0,00, real=0,02 secs] 
2015-01-18T14:08:25.188+0100: 3,502: [GC (Allocation Failure) 3,502: [ParNew: 3069K->317K(3072K), 0,0151454 secs] 90663K->88301K(147104K), 0,0151823 secs] [Times: user=0,00 sys=0,00, real=0,01 secs] 
2015-01-18T14:08:25.204+0100: 3,517: [GC (Allocation Failure) 3,517: [ParNew: 3063K->317K(3072K), 0,0151917 secs] 91046K->88694K(147104K), 0,0152216 secs] [Times: user=0,01 sys=0,00, real=0,02 secs] 
2015-01-18T14:08:25.221+0100: 3,535: [GC (Allocation Failure) 3,535: [ParNew: 3063K->317K(3072K), 0,0179060 secs] 91439K->89086K(147104K), 0,0179446 secs] [Times: user=0,00 sys=0,00, real=0,02 secs] 
2015-01-18T14:08:25.240+0100: 3,554: [GC (Allocation Failure) 3,554: [ParNew: 3059K->317K(3072K), 0,0151029 secs] 91829K->89476K(147104K), 0,0151331 secs] [Times: user=0,00 sys=0,00, real=0,01 secs] 
2015-01-18T14:08:25.256+0100: 3,570: [GC (Allocation Failure) 3,570: [ParNew: 3063K->317K(3072K), 0,0151493 secs] 92222K->89869K(147104K), 0,0151770 secs] [Times: user=0,01 sys=0,00, real=0,02 secs] 
2015-01-18T14:08:25.272+0100: 3,585: [GC (Allocation Failure) 3,585: [ParNew: 3060K->317K(3072K), 0,0193075 secs] 92611K->90258K(147104K), 0,0193325 secs] [Times: user=0,01 sys=0,00, real=0,02 secs] 
2015-01-18T14:08:25.292+0100: 3,605: [GC (Allocation Failure) 3,605: [ParNew: 3062K->317K(3072K), 0,0153593 secs] 93004K->90651K(147104K), 0,0153917 secs] [Times: user=0,01 sys=0,00, real=0,02 secs] 
2015-01-18T14:08:25.308+0100: 3,621: [GC (Allocation Failure) 3,621: [ParNew: 3059K->317K(3072K), 0,0273402 secs] 93393K->91041K(147104K), 0,0273780 secs] [Times: user=0,01 sys=0,01, real=0,02 secs] 
2015-01-18T14:08:25.339+0100: 3,653: [GC (Allocation Failure) 3,653: [ParNew: 3063K->317K(3072K), 0,0158138 secs] 93787K->91434K(147104K), 0,0158637 secs] [Times: user=0,01 sys=0,00, real=0,01 secs] 
2015-01-18T14:08:25.356+0100: 3,670: [GC (Allocation Failure) 3,670: [ParNew: 3060K->317K(3072K), 0,0171922 secs] 94176K->91823K(147104K), 0,0172233 secs] [Times: user=0,01 sys=0,00, real=0,02 secs] 
2015-01-18T14:08:25.374+0100: 3,688: [GC (Allocation Failure) 3,688: [ParNew: 3062K->317K(3072K), 0,0290862 secs] 94568K->92216K(147104K), 0,0291146 secs] [Times: user=0,00 sys=0,00, real=0,03 secs] 
2015-01-18T14:08:25.404+0100: 3,717: [GC (Allocation Failure) 3,717: [ParNew: 3069K->317K(3072K), 0,0193224 secs] 94968K->92605K(147104K), 0,0193914 secs] [Times: user=0,01 sys=0,00, real=0,02 secs] 
2015-01-18T14:08:25.431+0100: 3,745: [GC (Allocation Failure) 3,745: [ParNew: 3063K->317K(3072K), 0,0199874 secs] 95351K->92998K(147104K), 0,0200402 secs] [Times: user=0,01 sys=0,00, real=0,02 secs] 
2015-01-18T14:08:25.456+0100: 3,769: [GC (Allocation Failure) 3,769: [ParNew: 3063K->317K(3072K), 0,0232179 secs] 95744K->93391K(147104K), 0,0232690 secs] [Times: user=0,01 sys=0,00, real=0,03 secs] 
2015-01-18T14:08:25.487+0100: 3,801: [GC (Allocation Failure) 3,801: [ParNew: 3059K->317K(3072K), 0,0119640 secs] 96133K->93781K(147104K), 0,0119929 secs] [Times: user=0,01 sys=0,00, real=0,01 secs] 
2015-01-18T14:08:25.507+0100: 3,821: [GC (Allocation Failure) 3,821: [ParNew: 3063K->317K(3072K), 0,0200036 secs] 96526K->94173K(147104K), 0,0200376 secs] [Times: user=0,00 sys=0,00, real=0,02 secs] 
2015-01-18T14:08:25.535+0100: 3,849: [GC (Allocation Failure) 3,849: [ParNew: 3060K->317K(3072K), 0,0239780 secs] 96916K->94563K(147104K), 0,0240035 secs] [Times: user=0,01 sys=0,00, real=0,03 secs] 
2015-01-18T14:08:25.567+0100: 3,881: [GC (Allocation Failure) 3,881: [ParNew: 3062K->317K(3072K), 0,0199830 secs] 97308K->94956K(147104K), 0,0200073 secs] [Times: user=0,00 sys=0,00, real=0,02 secs] 
2015-01-18T14:08:25.595+0100: 3,909: [GC (Allocation Failure) 3,909: [ParNew: 3059K->317K(3072K), 0,0199856 secs] 97698K->95345K(147104K), 0,0200095 secs] [Times: user=0,01 sys=0,00, real=0,02 secs] 
2015-01-18T14:08:25.623+0100: 3,937: [GC (Allocation Failure) 3,937: [ParNew: 3063K->317K(3072K), 0,0199836 secs] 98091K->95738K(147104K), 0,0200079 secs] [Times: user=0,01 sys=0,00, real=0,02 secs] 
2015-01-18T14:08:25.651+0100: 3,965: [GC (Allocation Failure) 3,965: [ParNew: 3060K->317K(3072K), 0,0239783 secs] 98481K->96128K(147104K), 0,0240026 secs] [Times: user=0,01 sys=0,00, real=0,02 secs] 
2015-01-18T14:08:25.683+0100: 3,997: [GC (Allocation Failure) 3,997: [ParNew: 3062K->317K(3072K), 0,0159884 secs] 98873K->96520K(147104K), 0,0160251 secs] [Times: user=0,01 sys=0,00, real=0,02 secs] 
2015-01-18T14:08:25.704+0100: 4,017: [GC (Allocation Failure) 4,017: [ParNew: 3069K->317K(3072K), 0,0114269 secs] 99272K->96910K(147104K), 0,0114594 secs] [Times: user=0,00 sys=0,00, real=0,01 secs] 
2015-01-18T14:08:25.720+0100: 4,033: [GC (Allocation Failure) 4,033: [ParNew: 3063K->317K(3072K), 0,0034930 secs] 99656K->97303K(147104K), 0,0035175 secs] [Times: user=0,00 sys=0,00, real=0,00 secs] 
2015-01-18T14:08:25.728+0100: 4,041: [GC (Allocation Failure) 4,041: [ParNew: 3063K->317K(3072K), 0,0073761 secs] 100048K->97696K(147104K), 0,0074324 secs] [Times: user=0,01 sys=0,00, real=0,00 secs] 
2015-01-18T14:08:25.740+0100: 4,053: [GC (Allocation Failure) 4,053: [ParNew: 3059K->317K(3072K), 0,0113946 secs] 100438K->98085K(147104K), 0,0114266 secs] [Times: user=0,00 sys=0,00, real=0,01 secs] 
2015-01-18T14:08:25.752+0100: 4,065: [GC (Allocation Failure) 4,065: [ParNew: 3063K->317K(3072K), 0,0273328 secs] 100831K->98478K(147104K), 0,0273671 secs] [Times: user=0,01 sys=0,00, real=0,03 secs] 
2015-01-18T14:08:25.780+0100: 4,094: [GC (Allocation Failure) 4,094: [ParNew: 3060K->317K(3072K), 0,0111035 secs] 101220K->98867K(147104K), 0,0111399 secs] [Times: user=0,01 sys=0,00, real=0,01 secs] 
2015-01-18T14:08:25.792+0100: 4,106: [GC (Allocation Failure) 4,106: [ParNew: 3062K->317K(3072K), 0,0231254 secs] 101613K->99260K(147104K), 0,0231545 secs] [Times: user=0,01 sys=0,00, real=0,02 secs] 
2015-01-18T14:08:25.816+0100: 4,129: [GC (Allocation Failure) 4,129: [ParNew: 3059K->317K(3072K), 0,0073165 secs] 102003K->99650K(147104K), 0,0073414 secs] [Times: user=0,00 sys=0,00, real=0,01 secs] 
2015-01-18T14:08:25.824+0100: 4,137: [GC (Allocation Failure) 4,137: [ParNew: 3063K->317K(3072K), 0,0113862 secs] 102396K->100043K(147104K), 0,0114201 secs] [Times: user=0,01 sys=0,00, real=0,01 secs] 
2015-01-18T14:08:25.836+0100: 4,150: [GC (Allocation Failure) 4,150: [ParNew: 3060K->317K(3072K), 0,0070846 secs] 102785K->100432K(147104K), 0,0071125 secs] [Times: user=0,00 sys=0,00, real=0,01 secs] 
2015-01-18T14:08:25.844+0100: 4,157: [GC (Allocation Failure) 4,157: [ParNew: 3062K->317K(3072K), 0,0113030 secs] 103178K->100825K(147104K), 0,0113276 secs] [Times: user=0,01 sys=0,00, real=0,01 secs] 
2015-01-18T14:08:25.856+0100: 4,169: [GC (Allocation Failure) 4,169: [ParNew: 3069K->317K(3072K), 0,0074559 secs] 103577K->101215K(147104K), 0,0074800 secs] [Times: user=0,00 sys=0,00, real=0,01 secs] 
2015-01-18T14:08:25.864+0100: 4,177: [GC (Allocation Failure) 4,177: [ParNew: 3063K->317K(3072K), 0,0152553 secs] 103960K->101607K(147104K), 0,0152794 secs] [Times: user=0,01 sys=0,00, real=0,02 secs] 
2015-01-18T14:08:25.880+0100: 4,193: [GC (Allocation Failure) 4,193: [ParNew: 3063K->317K(3072K), 0,0233043 secs] 104353K->102000K(147104K), 0,0233326 secs] [Times: user=0,01 sys=0,00, real=0,02 secs] 
2015-01-18T14:08:25.904+0100: 4,217: [GC (Allocation Failure) 4,218: [ParNew: 3059K->317K(3072K), 0,0151692 secs] 104742K->102390K(147104K), 0,0151956 secs] [Times: user=0,00 sys=0,00, real=0,02 secs] 
2015-01-18T14:08:25.920+0100: 4,233: [GC (Allocation Failure) 4,233: [ParNew: 3063K->317K(3072K), 0,0112911 secs] 105136K->102783K(147104K), 0,0113176 secs] [Times: user=0,01 sys=0,00, real=0,01 secs] 
2015-01-18T14:08:25.932+0100: 4,245: [GC (Allocation Failure) 4,245: [ParNew: 3060K->317K(3072K), 0,0103257 secs] 105525K->103172K(147104K), 0,0103511 secs] [Times: user=0,01 sys=0,00, real=0,01 secs] 
2015-01-18T14:08:25.943+0100: 4,256: [GC (Allocation Failure) 4,256: [ParNew: 3062K->317K(3072K), 0,0122736 secs] 105918K->103565K(147104K), 0,0122992 secs] [Times: user=0,01 sys=0,00, real=0,01 secs] 
2015-01-18T14:08:25.956+0100: 4,269: [GC (Allocation Failure) 4,269: [ParNew: 3062K->319K(3072K), 0,0112193 secs] 106310K->104114K(147104K), 0,0112544 secs] [Times: user=0,00 sys=0,00, real=0,02 secs] 
2015-01-18T14:08:25.968+0100: 4,281: [GC (Allocation Failure) 4,281: [ParNew: 3065K->317K(3072K), 0,0153181 secs] 106859K->104506K(147104K), 0,0153440 secs] [Times: user=0,01 sys=0,00, real=0,01 secs] 
2015-01-18T14:08:25.984+0100: 4,297: [GC (Allocation Failure) 4,297: [ParNew: 3059K->317K(3072K), 0,0152519 secs] 107249K->104896K(147104K), 0,0152783 secs] [Times: user=0,01 sys=0,00, real=0,02 secs] 
2015-01-18T14:08:26.000+0100: 4,313: [GC (Allocation Failure) 4,313: [ParNew: 3063K->317K(3072K), 0,0152436 secs] 107642K->105289K(147104K), 0,0152689 secs] [Times: user=0,01 sys=0,00, real=0,01 secs] 
2015-01-18T14:08:26.016+0100: 4,329: [GC (Allocation Failure) 4,329: [ParNew: 3060K->317K(3072K), 0,0113485 secs] 108031K->105678K(147104K), 0,0113728 secs] [Times: user=0,00 sys=0,00, real=0,02 secs] 
2015-01-18T14:08:26.028+0100: 4,341: [GC (Allocation Failure) 4,341: [ParNew: 3062K->317K(3072K), 0,0045891 secs] 108424K->106071K(147104K), 0,0046157 secs] [Times: user=0,00 sys=0,00, real=0,00 secs] 
2015-01-18T14:08:26.033+0100: 4,347: [GC (Allocation Failure) 4,347: [ParNew: 3059K->317K(3072K), 0,0061361 secs] 108813K->106461K(147104K), 0,0061696 secs] [Times: user=0,01 sys=0,00, real=0,01 secs] 
2015-01-18T14:08:26.040+0100: 4,354: [GC (Allocation Failure) 4,354: [ParNew: 3063K->317K(3072K), 0,0110250 secs] 109206K->106853K(147104K), 0,0110541 secs] [Times: user=0,00 sys=0,00, real=0,01 secs] 
2015-01-18T14:08:26.052+0100: 4,365: [GC (Allocation Failure) 4,365: [ParNew: 3060K->317K(3072K), 0,0075111 secs] 109596K->107243K(147104K), 0,0075352 secs] [Times: user=0,00 sys=0,00, real=0,01 secs] 
2015-01-18T14:08:26.060+0100: 4,373: [GC (Allocation Failure) 4,374: [ParNew: 3062K->317K(3072K), 0,0151619 secs] 109988K->107636K(147104K), 0,0151856 secs] [Times: user=0,01 sys=0,00, real=0,01 secs] 
2015-01-18T14:08:26.076+0100: 4,389: [GC (Allocation Failure) 4,389: [ParNew: 3069K->317K(3072K), 0,0313743 secs] 110388K->108025K(147104K), 0,0314036 secs] [Times: user=0,03 sys=0,00, real=0,04 secs] 
2015-01-18T14:08:26.108+0100: 4,422: [GC (Allocation Failure) 4,422: [ParNew: 3063K->317K(3072K), 0,0071451 secs] 110771K->108418K(147104K), 0,0071722 secs] [Times: user=0,00 sys=0,00, real=0,00 secs] 
2015-01-18T14:08:26.116+0100: 4,429: [GC (Allocation Failure) 4,429: [ParNew: 3063K->317K(3072K), 0,0073275 secs] 111164K->108811K(147104K), 0,0073515 secs] [Times: user=0,00 sys=0,00, real=0,01 secs] 
2015-01-18T14:08:26.124+0100: 4,437: [GC (Allocation Failure) 4,437: [ParNew: 3059K->317K(3072K), 0,0073693 secs] 111553K->109200K(147104K), 0,0073925 secs] [Times: user=0,01 sys=0,00, real=0,01 secs] 
2015-01-18T14:08:26.132+0100: 4,445: [GC (Allocation Failure) 4,445: [ParNew: 3063K->317K(3072K), 0,0394064 secs] 111946K->109593K(147104K), 0,0394617 secs] [Times: user=0,00 sys=0,00, real=0,04 secs] 
2015-01-18T14:08:26.172+0100: 4,486: [GC (Allocation Failure) 4,486: [ParNew: 3060K->317K(3072K), 0,0150108 secs] 112336K->109983K(147104K), 0,0150412 secs] [Times: user=0,01 sys=0,00, real=0,02 secs] 
2015-01-18T14:08:26.188+0100: 4,501: [GC (Allocation Failure) 4,501: [ParNew: 3062K->317K(3072K), 0,0272963 secs] 112728K->110376K(147104K), 0,0273231 secs] [Times: user=0,01 sys=0,00, real=0,02 secs] 
2015-01-18T14:08:26.216+0100: 4,529: [GC (Allocation Failure) 4,529: [ParNew: 3059K->317K(3072K), 0,0112148 secs] 113118K->110765K(147104K), 0,0112400 secs] [Times: user=0,00 sys=0,00, real=0,02 secs] 
2015-01-18T14:08:26.228+0100: 4,541: [GC (Allocation Failure) 4,541: [ParNew: 3063K->317K(3072K), 0,0214487 secs] 113511K->111158K(147104K), 0,0214885 secs] [Times: user=0,02 sys=0,00, real=0,02 secs] 
2015-01-18T14:08:26.250+0100: 4,564: [GC (Allocation Failure) 4,564: [ParNew: 3060K->317K(3072K), 0,0100435 secs] 113900K->111547K(147104K), 0,0100722 secs] [Times: user=0,00 sys=0,00, real=0,01 secs] 
2015-01-18T14:08:26.261+0100: 4,575: [GC (Allocation Failure) 4,575: [ParNew: 3062K->317K(3072K), 0,0141281 secs] 114293K->111940K(147104K), 0,0141636 secs] [Times: user=0,01 sys=0,00, real=0,01 secs] 
2015-01-18T14:08:26.276+0100: 4,589: [GC (Allocation Failure) 4,589: [ParNew: 3069K->317K(3072K), 0,0273088 secs] 114692K->112330K(147104K), 0,0273332 secs] [Times: user=0,02 sys=0,00, real=0,03 secs] 
2015-01-18T14:08:26.304+0100: 4,617: [GC (Allocation Failure) 4,617: [ParNew: 3063K->317K(3072K), 0,0113478 secs] 115075K->112723K(147104K), 0,0113730 secs] [Times: user=0,00 sys=0,00, real=0,01 secs] 
2015-01-18T14:08:26.316+0100: 4,629: [GC (Allocation Failure) 4,629: [ParNew: 3063K->317K(3072K), 0,0113045 secs] 115468K->113115K(147104K), 0,0113283 secs] [Times: user=0,00 sys=0,00, real=0,02 secs] 
2015-01-18T14:08:26.328+0100: 4,641: [GC (Allocation Failure) 4,641: [ParNew: 3059K->317K(3072K), 0,0153767 secs] 115858K->113505K(147104K), 0,0154018 secs] [Times: user=0,00 sys=0,00, real=0,01 secs] 
2015-01-18T14:08:26.344+0100: 4,657: [GC (Allocation Failure) 4,657: [ParNew: 3063K->317K(3072K), 0,0232446 secs] 116251K->113898K(147104K), 0,0232705 secs] [Times: user=0,01 sys=0,00, real=0,03 secs] 
2015-01-18T14:08:26.368+0100: 4,681: [GC (Allocation Failure) 4,681: [ParNew: 3060K->317K(3072K), 0,0073022 secs] 116640K->114287K(147104K), 0,0073282 secs] [Times: user=0,00 sys=0,00, real=0,00 secs] 
2015-01-18T14:08:26.376+0100: 4,689: [GC (Allocation Failure) 4,689: [ParNew: 3062K->317K(3072K), 0,0152652 secs] 117033K->114680K(147104K), 0,0152913 secs] [Times: user=0,01 sys=0,00, real=0,02 secs] 
2015-01-18T14:08:26.392+0100: 4,705: [GC (Allocation Failure) 4,705: [ParNew: 3059K->317K(3072K), 0,0133184 secs] 117422K->115070K(147104K), 0,0133439 secs] [Times: user=0,01 sys=0,00, real=0,01 secs] 
2015-01-18T14:08:26.406+0100: 4,719: [GC (Allocation Failure) 4,719: [ParNew: 3063K->317K(3072K), 0,0212801 secs] 117816K->115463K(147104K), 0,0213039 secs] [Times: user=0,01 sys=0,00, real=0,03 secs] 
2015-01-18T14:08:26.428+0100: 4,741: [GC (Allocation Failure) 4,741: [ParNew: 3060K->317K(3072K), 0,0136107 secs] 118205K->115852K(147104K), 0,0136370 secs] [Times: user=0,01 sys=0,00, real=0,01 secs] 
2015-01-18T14:08:26.447+0100: 4,761: [GC (Allocation Failure) 4,761: [ParNew: 3062K->317K(3072K), 0,0158306 secs] 118597K->116245K(147104K), 0,0158791 secs] [Times: user=0,00 sys=0,00, real=0,01 secs] 
2015-01-18T14:08:26.464+0100: 4,778: [GC (Allocation Failure) 4,778: [ParNew: 3069K->317K(3072K), 0,0110993 secs] 118997K->116634K(147104K), 0,0111265 secs] [Times: user=0,00 sys=0,00, real=0,01 secs] 
2015-01-18T14:08:26.476+0100: 4,789: [GC (Allocation Failure) 4,790: [ParNew: 3063K->317K(3072K), 0,0191683 secs] 119380K->117027K(147104K), 0,0191971 secs] [Times: user=0,00 sys=0,00, real=0,02 secs] 
2015-01-18T14:08:26.496+0100: 4,809: [GC (Allocation Failure) 4,809: [ParNew: 3063K->317K(3072K), 0,0095841 secs] 119773K->117420K(147104K), 0,0096112 secs] [Times: user=0,01 sys=0,00, real=0,01 secs] 
2015-01-18T14:08:26.506+0100: 4,820: [GC (Allocation Failure) 4,820: [ParNew: 3059K->317K(3072K), 0,0288945 secs] 120162K->117810K(147104K), 0,0289201 secs] [Times: user=0,02 sys=0,00, real=0,03 secs] 
2015-01-18T14:08:26.536+0100: 4,849: [GC (Allocation Failure) 4,849: [ParNew: 3063K->317K(3072K), 0,0113951 secs] 120555K->118202K(147104K), 0,0114394 secs] [Times: user=0,00 sys=0,00, real=0,02 secs] 
2015-01-18T14:08:26.548+0100: 4,862: [GC (Allocation Failure) 4,862: [ParNew: 3060K->317K(3072K), 0,0071924 secs] 120945K->118592K(147104K), 0,0072235 secs] [Times: user=0,00 sys=0,00, real=0,00 secs] 
2015-01-18T14:08:26.556+0100: 4,870: [GC (Allocation Failure) 4,870: [ParNew: 3062K->317K(3072K), 0,0149051 secs] 121337K->118985K(147104K), 0,0149297 secs] [Times: user=0,01 sys=0,00, real=0,02 secs] 
2015-01-18T14:08:26.572+0100: 4,885: [GC (Allocation Failure) 4,885: [ParNew: 3059K->317K(3072K), 0,0153139 secs] 121727K->119374K(147104K), 0,0153402 secs] [Times: user=0,01 sys=0,00, real=0,02 secs] 
2015-01-18T14:08:26.588+0100: 4,901: [GC (Allocation Failure) 4,901: [ParNew: 3063K->317K(3072K), 0,0152419 secs] 122120K->119767K(147104K), 0,0152674 secs] [Times: user=0,01 sys=0,00, real=0,01 secs] 
2015-01-18T14:08:26.604+0100: 4,917: [GC (Allocation Failure) 4,917: [ParNew: 3060K->317K(3072K), 0,0153401 secs] 122510K->120157K(147104K), 0,0153667 secs] [Times: user=0,00 sys=0,00, real=0,02 secs] 
2015-01-18T14:08:26.620+0100: 4,933: [GC (Allocation Failure) 4,933: [ParNew: 3062K->317K(3072K), 0,0072202 secs] 122902K->120549K(147104K), 0,0072466 secs] [Times: user=0,01 sys=0,00, real=0,01 secs] 
2015-01-18T14:08:26.628+0100: 4,941: [GC (Allocation Failure) 4,941: [ParNew: 3069K->317K(3072K), 0,0113189 secs] 123301K->120939K(147104K), 0,0113440 secs] [Times: user=0,00 sys=0,00, real=0,01 secs] 
2015-01-18T14:08:26.641+0100: 4,955: [GC (Allocation Failure) 4,955: [ParNew: 3063K->317K(3072K), 0,0101013 secs] 123685K->121332K(147104K), 0,0101385 secs] [Times: user=0,01 sys=0,00, real=0,01 secs] 
2015-01-18T14:08:26.652+0100: 4,966: [GC (Allocation Failure) 4,966: [ParNew: 3063K->317K(3072K), 0,0092203 secs] 124077K->121725K(147104K), 0,0092470 secs] [Times: user=0,00 sys=0,00, real=0,01 secs] 
2015-01-18T14:08:26.662+0100: 4,976: [GC (Allocation Failure) 4,976: [ParNew: 3059K->317K(3072K), 0,0131297 secs] 124467K->122114K(147104K), 0,0131560 secs] [Times: user=0,01 sys=0,00, real=0,01 secs] 
2015-01-18T14:08:26.676+0100: 4,989: [GC (Allocation Failure) 4,989: [ParNew: 3063K->317K(3072K), 0,0232663 secs] 124860K->122507K(147104K), 0,0232912 secs] [Times: user=0,00 sys=0,00, real=0,03 secs] 
2015-01-18T14:08:26.700+0100: 5,013: [GC (Allocation Failure) 5,013: [ParNew: 3060K->317K(3072K), 0,0233696 secs] 125249K->122896K(147104K), 0,0233973 secs] [Times: user=0,01 sys=0,00, real=0,02 secs] 
2015-01-18T14:08:26.724+0100: 5,037: [GC (Allocation Failure) 5,037: [ParNew: 3062K->317K(3072K), 0,0112070 secs] 125642K->123289K(147104K), 0,0112322 secs] [Times: user=0,00 sys=0,00, real=0,01 secs] 
2015-01-18T14:08:26.736+0100: 5,049: [GC (Allocation Failure) 5,049: [ParNew: 3059K->317K(3072K), 0,0113426 secs] 126032K->123679K(147104K), 0,0113667 secs] [Times: user=0,00 sys=0,00, real=0,02 secs] 
2015-01-18T14:08:26.748+0100: 5,061: [GC (Allocation Failure) 5,061: [ParNew: 3063K->317K(3072K), 0,0073638 secs] 126425K->124072K(147104K), 0,0073877 secs] [Times: user=0,00 sys=0,00, real=0,00 secs] 
2015-01-18T14:08:26.756+0100: 5,069: [GC (Allocation Failure) 5,069: [ParNew: 3060K->317K(3072K), 0,0153799 secs] 126814K->124461K(147104K), 0,0154049 secs] [Times: user=0,01 sys=0,00, real=0,02 secs] 
2015-01-18T14:08:26.772+0100: 5,085: [GC (Allocation Failure) 5,085: [ParNew: 3062K->317K(3072K), 0,0153060 secs] 127207K->124854K(147104K), 0,0153655 secs] [Times: user=0,01 sys=0,00, real=0,02 secs] 
2015-01-18T14:08:26.795+0100: 5,109: [GC (Allocation Failure) 5,109: [ParNew: 3069K->317K(3072K), 0,0079681 secs] 127606K->125244K(147104K), 0,0080032 secs] [Times: user=0,00 sys=0,00, real=0,01 secs] 
2015-01-18T14:08:26.808+0100: 5,121: [GC (Allocation Failure) 5,121: [ParNew: 3063K->317K(3072K), 0,0073745 secs] 127989K->125636K(147104K), 0,0074143 secs] [Times: user=0,00 sys=0,00, real=0,00 secs] 
2015-01-18T14:08:26.823+0100: 5,137: [GC (Allocation Failure) 5,137: [ParNew: 3063K->317K(3072K), 0,0091952 secs] 128382K->126029K(147104K), 0,0092272 secs] [Times: user=0,01 sys=0,00, real=0,01 secs] 
2015-01-18T14:08:26.836+0100: 5,149: [GC (Allocation Failure) 5,149: [ParNew: 3059K->317K(3072K), 0,0154836 secs] 128771K->126419K(147104K), 0,0155277 secs] [Times: user=0,01 sys=0,00, real=0,02 secs] 
2015-01-18T14:08:26.859+0100: 5,173: [GC (Allocation Failure) 5,173: [ParNew: 3063K->317K(3072K), 0,0041736 secs] 129165K->126812K(147104K), 0,0042067 secs] [Times: user=0,00 sys=0,00, real=0,00 secs] 
2015-01-18T14:08:26.871+0100: 5,185: [GC (Allocation Failure) 5,185: [ParNew: 3060K->317K(3072K), 0,0079752 secs] 129554K->127201K(147104K), 0,0080114 secs] [Times: user=0,00 sys=0,00, real=0,01 secs] 
2015-01-18T14:08:26.884+0100: 5,197: [GC (Allocation Failure) 5,197: [ParNew: 3062K->317K(3072K), 0,0353797 secs] 129947K->127594K(147104K), 0,0354382 secs] [Times: user=0,03 sys=0,00, real=0,04 secs] 
2015-01-18T14:08:26.920+0100: 5,234: [GC (Allocation Failure) 5,234: [ParNew: 3059K->317K(3072K), 0,0088176 secs] 130336K->127983K(147104K), 0,0088479 secs] [Times: user=0,00 sys=0,00, real=0,01 secs] 
2015-01-18T14:08:26.930+0100: 5,243: [GC (Allocation Failure) 5,243: [ParNew: 3063K->317K(3072K), 0,0126032 secs] 130729K->128376K(147104K), 0,0126295 secs] [Times: user=0,01 sys=0,00, real=0,01 secs] 
2015-01-18T14:08:26.943+0100: 5,256: [GC (Allocation Failure) 5,256: [ParNew: 3060K->317K(3072K), 0,0122610 secs] 131119K->128766K(147104K), 0,0122852 secs] [Times: user=0,01 sys=0,00, real=0,01 secs] 
2015-01-18T14:08:26.956+0100: 5,269: [GC (Allocation Failure) 5,269: [ParNew: 3062K->317K(3072K), 0,0313458 secs] 131511K->129159K(147104K), 0,0313741 secs] [Times: user=0,00 sys=0,00, real=0,04 secs] 
2015-01-18T14:08:26.988+0100: 5,301: [GC (Allocation Failure) 5,302: [ParNew: 3069K->317K(3072K), 0,0111651 secs] 131911K->129548K(147104K), 0,0111909 secs] [Times: user=0,00 sys=0,00, real=0,01 secs] 
2015-01-18T14:08:27.000+0100: 5,313: [GC (Allocation Failure) 5,313: [ParNew: 3063K->317K(3072K), 0,0153460 secs] 132294K->129941K(147104K), 0,0153698 secs] [Times: user=0,00 sys=0,00, real=0,01 secs] 
2015-01-18T14:08:27.016+0100: 5,329: [GC (Allocation Failure) 5,329: [ParNew: 3063K->317K(3072K), 0,0193633 secs] 132687K->130334K(147104K), 0,0193876 secs] [Times: user=0,00 sys=0,00, real=0,02 secs] 
2015-01-18T14:08:27.036+0100: 5,349: [GC (Allocation Failure) 5,349: [ParNew: 3059K->317K(3072K), 0,0078223 secs] 133076K->130723K(147104K), 0,0078470 secs] [Times: user=0,01 sys=0,00, real=0,01 secs] 
2015-01-18T14:08:27.045+0100: 5,359: [GC (Allocation Failure) 5,359: [ParNew: 3063K->317K(3072K), 0,0137660 secs] 133469K->131116K(147104K), 0,0138260 secs] [Times: user=0,00 sys=0,00, real=0,02 secs] 
2015-01-18T14:08:27.071+0100: 5,385: [GC (Allocation Failure) 5,385: [ParNew: 3060K->317K(3072K), 0,0041626 secs] 133859K->131506K(147104K), 0,0041969 secs] [Times: user=0,00 sys=0,00, real=0,00 secs] 
2015-01-18T14:08:27.083+0100: 5,397: [GC (Allocation Failure) 5,397: [ParNew: 3062K->317K(3072K), 0,0079823 secs] 134251K->131898K(147104K), 0,0080125 secs] [Times: user=0,01 sys=0,00, real=0,01 secs] 
2015-01-18T14:08:27.096+0100: 5,409: [GC (Allocation Failure) 5,409: [ParNew: 3059K->317K(3072K), 0,0036609 secs] 134641K->132288K(147104K), 0,0036918 secs] [Times: user=0,00 sys=0,00, real=0,01 secs] 
2015-01-18T14:08:27.107+0100: 5,421: [GC (Allocation Failure) 5,421: [ParNew: 3063K->317K(3072K), 0,0052085 secs] 135034K->132681K(147104K), 0,0052537 secs] [Times: user=0,00 sys=0,00, real=0,00 secs] 
2015-01-18T14:08:27.119+0100: 5,433: [GC (Allocation Failure) 5,433: [ParNew: 3060K->317K(3072K), 0,0119656 secs] 135423K->133070K(147104K), 0,0119970 secs] [Times: user=0,00 sys=0,00, real=0,01 secs] 
2015-01-18T14:08:27.136+0100: 5,450: [GC (Allocation Failure) 5,450: [ParNew: 3062K->317K(3072K), 0,0230693 secs] 135816K->133463K(147104K), 0,0231646 secs] [Times: user=0,01 sys=0,00, real=0,03 secs] 
2015-01-18T14:08:27.160+0100: 5,474: [GC (Allocation Failure) 5,474: [ParNew: 3069K->317K(3072K), 0,0149830 secs] 136215K->133853K(147104K), 0,0150273 secs] [Times: user=0,00 sys=0,00, real=0,01 secs] 
2015-01-18T14:08:27.176+0100: 5,490: [GC (Allocation Failure) 5,490: [ParNew: 3063K->317K(3072K), 0,0150078 secs] 136598K->134246K(147104K), 0,0150461 secs] [Times: user=0,01 sys=0,00, real=0,02 secs] 
2015-01-18T14:08:27.203+0100: 5,516: [GC (CMS Initial Mark) [1 CMS-initial-mark: 133928K(144032K)] 134313K(147104K), 0,0081814 secs] [Times: user=0,00 sys=0,00, real=0,01 secs] 
2015-01-18T14:08:27.211+0100: 5,525: [CMS-concurrent-mark-start]
2015-01-18T14:08:27.215+0100: 5,529: [GC (Allocation Failure) 5,529: [ParNew: 3063K->317K(3072K), 0,0079563 secs] 136991K->134638K(147104K), 0,0080064 secs] [Times: user=0,01 sys=0,00, real=0,01 secs] 
2015-01-18T14:08:27.225+0100: 5,538: [GC (Allocation Failure) 5,538: [ParNew: 3059K->317K(3072K), 0,0065850 secs] 137381K->135028K(147104K), 0,0066431 secs] [Times: user=0,00 sys=0,00, real=0,01 secs] 
2015-01-18T14:08:27.232+0100: 5,546: [GC (Allocation Failure) 5,546: [ParNew: 3063K->317K(3072K), 0,0110897 secs] 137774K->135421K(147104K), 0,0111261 secs] [Times: user=0,00 sys=0,00, real=0,01 secs] 
2015-01-18T14:08:27.245+0100: 5,559: [GC (Allocation Failure) 5,559: [ParNew: 3060K->317K(3072K), 0,0109051 secs] 138163K->135810K(147104K), 0,0109675 secs] [Times: user=0,01 sys=0,00, real=0,01 secs] 
2015-01-18T14:08:27.266+0100: 5,580: [CMS-concurrent-mark: 0,009/0,055 secs] [Times: user=0,03 sys=0,00, real=0,05 secs] 
2015-01-18T14:08:27.266+0100: 5,580: [CMS-concurrent-preclean-start]
2015-01-18T14:08:27.266+0100: 5,580: [CMS-concurrent-preclean: 0,000/0,000 secs] [Times: user=0,00 sys=0,00, real=0,00 secs] 
2015-01-18T14:08:27.275+0100: 5,589: [GC (CMS Final Remark) [YG occupancy: 3062 K (3072 K)]5,589: [Rescan (parallel) , 0,0082416 secs]5,597: [weak refs processing, 0,0000094 secs]5,597: [class unloading, 0,0003193 secs]5,597: [scrub symbol table, 0,0005407 secs]5,598: [scrub string table, 0,0002088 secs][1 CMS-remark: 135493K(144032K)] 138556K(147104K), 0,0094480 secs] [Times: user=0,00 sys=0,00, real=0,01 secs] 
2015-01-18T14:08:27.295+0100: 5,609: [GC (Allocation Failure) 5,609: [ParNew: 3062K->317K(3072K), 0,0014094 secs] 138556K->136203K(147104K), 0,0014454 secs] [Times: user=0,00 sys=0,00, real=0,00 secs] 
2015-01-18T14:08:27.299+0100: 5,613: [CMS-concurrent-sweep-start]
2015-01-18T14:08:27.307+0100: 5,621: [GC (Allocation Failure) 5,621: [ParNew: 3059K->317K(3072K), 0,0035900 secs] 138822K->136469K(147104K), 0,0036358 secs] [Times: user=0,00 sys=0,00, real=0,00 secs] 
2015-01-18T14:08:27.312+0100: 5,626: [CMS-concurrent-sweep: 0,005/0,013 secs] [Times: user=0,01 sys=0,00, real=0,01 secs] 
2015-01-18T14:08:27.312+0100: 5,626: [CMS-concurrent-reset-start]
2015-01-18T14:08:27.315+0100: 5,628: [CMS-concurrent-reset: 0,002/0,002 secs] [Times: user=0,00 sys=0,00, real=0,00 secs] 
2015-01-18T14:08:27.319+0100: 5,633: [GC (Allocation Failure) 5,633: [ParNew: 3063K->317K(3072K), 0,0021334 secs] 139215K->136862K(229996K), 0,0021694 secs] [Times: user=0,00 sys=0,00, real=0,00 secs] 
2015-01-18T14:08:27.324+0100: 5,638: [GC (Allocation Failure) 5,638: [ParNew: 3060K->317K(3072K), 0,0053095 secs] 139604K->137251K(229996K), 0,0053453 secs] [Times: user=0,00 sys=0,00, real=0,01 secs] 
2015-01-18T14:08:27.332+0100: 5,645: [GC (Allocation Failure) 5,645: [ParNew: 3062K->317K(3072K), 0,0042182 secs] 139997K->137644K(229996K), 0,0042504 secs] [Times: user=0,01 sys=0,00, real=0,00 secs] 
2015-01-18T14:08:27.340+0100: 5,653: [GC (Allocation Failure) 5,653: [ParNew: 3069K->317K(3072K), 0,0035792 secs] 140396K->138034K(229996K), 0,0036115 secs] [Times: user=0,00 sys=0,00, real=0,00 secs] 
2015-01-18T14:08:27.347+0100: 5,661: [GC (Allocation Failure) 5,661: [ParNew: 3063K->317K(3072K), 0,0048059 secs] 140779K->138427K(229996K), 0,0048455 secs] [Times: user=0,00 sys=0,00, real=0,01 secs] 
2015-01-18T14:08:27.353+0100: 5,667: [GC (Allocation Failure) 5,667: [ParNew: 3063K->317K(3072K), 0,0081664 secs] 141172K->138819K(229996K), 0,0082107 secs] [Times: user=0,01 sys=0,00, real=0,01 secs] 
2015-01-18T14:08:27.364+0100: 5,677: [GC (Allocation Failure) 5,677: [ParNew: 3059K->317K(3072K), 0,0051580 secs] 141562K->139209K(229996K), 0,0051913 secs] [Times: user=0,00 sys=0,00, real=0,01 secs] 
2015-01-18T14:08:27.372+0100: 5,685: [GC (Allocation Failure) 5,685: [ParNew: 3063K->317K(3072K), 0,0088807 secs] 141955K->139602K(229996K), 0,0089125 secs] [Times: user=0,00 sys=0,00, real=0,01 secs] 
2015-01-18T14:08:27.381+0100: 5,695: [GC (Allocation Failure) 5,695: [ParNew: 3060K->317K(3072K), 0,0071612 secs] 142344K->139991K(229996K), 0,0071916 secs] [Times: user=0,01 sys=0,00, real=0,01 secs] 
2015-01-18T14:08:27.392+0100: 5,705: [GC (Allocation Failure) 5,705: [ParNew: 3062K->317K(3072K), 0,0088478 secs] 142737K->140384K(229996K), 0,0088791 secs] [Times: user=0,00 sys=0,00, real=0,01 secs] 
2015-01-18T14:08:27.404+0100: 5,717: [GC (Allocation Failure) 5,717: [ParNew: 3059K->317K(3072K), 0,0086133 secs] 143126K->140774K(229996K), 0,0086581 secs] [Times: user=0,00 sys=0,00, real=0,01 secs] 
2015-01-18T14:08:27.416+0100: 5,729: [GC (Allocation Failure) 5,729: [ParNew: 3063K->317K(3072K), 0,0095966 secs] 143519K->141166K(229996K), 0,0096301 secs] [Times: user=0,01 sys=0,00, real=0,01 secs] 
2015-01-18T14:08:27.428+0100: 5,741: [GC (Allocation Failure) 5,741: [ParNew: 3060K->317K(3072K), 0,0015365 secs] 143909K->141556K(229996K), 0,0015655 secs] [Times: user=0,00 sys=0,00, real=0,00 secs] 
2015-01-18T14:08:27.431+0100: 5,745: [GC (Allocation Failure) 5,745: [ParNew: 3062K->317K(3072K), 0,0096368 secs] 144301K->141949K(229996K), 0,0096665 secs] [Times: user=0,00 sys=0,00, real=0,01 secs] 
2015-01-18T14:08:27.444+0100: 5,757: [GC (Allocation Failure) 5,757: [ParNew: 3069K->317K(3072K), 0,0015904 secs] 144701K->142338K(229996K), 0,0016205 secs] [Times: user=0,01 sys=0,00, real=0,00 secs] 
2015-01-18T14:08:27.446+0100: 5,760: [GC (Allocation Failure) 5,760: [ParNew: 3063K->317K(3072K), 0,0074607 secs] 145084K->142731K(229996K), 0,0075064 secs] [Times: user=0,00 sys=0,01, real=0,01 secs] 
2015-01-18T14:08:27.456+0100: 5,770: [GC (Allocation Failure) 5,770: [ParNew: 3063K->317K(3072K), 0,0087190 secs] 145477K->143124K(229996K), 0,0087533 secs] [Times: user=0,00 sys=0,00, real=0,01 secs] 
2015-01-18T14:08:27.465+0100: 5,779: [GC (Allocation Failure) 5,779: [ParNew: 3059K->317K(3072K), 0,0115356 secs] 145866K->143513K(229996K), 0,0115895 secs] [Times: user=0,00 sys=0,00, real=0,01 secs] 
2015-01-18T14:08:27.480+0100: 5,793: [GC (Allocation Failure) 5,793: [ParNew: 3063K->317K(3072K), 0,0073223 secs] 146259K->143906K(229996K), 0,0073619 secs] [Times: user=0,01 sys=0,00, real=0,01 secs] 
2015-01-18T14:08:27.492+0100: 5,805: [GC (Allocation Failure) 5,805: [ParNew: 3060K->317K(3072K), 0,0072331 secs] 146649K->144296K(229996K), 0,0072873 secs] [Times: user=0,00 sys=0,00, real=0,01 secs] 
2015-01-18T14:08:27.507+0100: 5,821: [GC (Allocation Failure) 5,821: [ParNew: 3062K->317K(3072K), 0,0079684 secs] 147041K->144689K(229996K), 0,0079947 secs] [Times: user=0,00 sys=0,00, real=0,00 secs] 
2015-01-18T14:08:27.520+0100: 5,834: [GC (Allocation Failure) 5,834: [ParNew: 3059K->317K(3072K), 0,0130850 secs] 147431K->145078K(229996K), 0,0131488 secs] [Times: user=0,01 sys=0,00, real=0,01 secs] 
2015-01-18T14:08:27.534+0100: 5,848: [GC (Allocation Failure) 5,848: [ParNew: 3063K->317K(3072K), 0,0131005 secs] 147824K->145471K(229996K), 0,0131449 secs] [Times: user=0,01 sys=0,00, real=0,02 secs] 
2015-01-18T14:08:27.548+0100: 5,862: [GC (Allocation Failure) 5,862: [ParNew: 3060K->317K(3072K), 0,0191031 secs] 148213K->145861K(229996K), 0,0191347 secs] [Times: user=0,00 sys=0,00, real=0,02 secs] 
2015-01-18T14:08:27.568+0100: 5,881: [GC (Allocation Failure) 5,881: [ParNew: 3062K->317K(3072K), 0,0272535 secs] 148606K->146253K(229996K), 0,0272823 secs] [Times: user=0,01 sys=0,00, real=0,02 secs] 
2015-01-18T14:08:27.596+0100: 5,909: [GC (Allocation Failure) 5,909: [ParNew: 3069K->317K(3072K), 0,0111964 secs] 149005K->146643K(229996K), 0,0112281 secs] [Times: user=0,00 sys=0,00, real=0,02 secs] 
2015-01-18T14:08:27.608+0100: 5,922: [GC (Allocation Failure) 5,922: [ParNew: 3063K->317K(3072K), 0,0151621 secs] 149388K->147036K(229996K), 0,0151897 secs] [Times: user=0,01 sys=0,00, real=0,01 secs] 
2015-01-18T14:08:27.624+0100: 5,937: [GC (Allocation Failure) 5,937: [ParNew: 3063K->317K(3072K), 0,0133561 secs] 149781K->147429K(229996K), 0,0133840 secs] [Times: user=0,01 sys=0,00, real=0,01 secs] 
2015-01-18T14:08:27.638+0100: 5,952: [GC (Allocation Failure) 5,952: [ParNew: 3059K->317K(3072K), 0,0132792 secs] 150171K->147818K(229996K), 0,0133093 secs] [Times: user=0,01 sys=0,00, real=0,02 secs] 
2015-01-18T14:08:27.652+0100: 5,966: [GC (Allocation Failure) 5,966: [ParNew: 3063K->317K(3072K), 0,0270680 secs] 150564K->148211K(229996K), 0,0271212 secs] [Times: user=0,01 sys=0,00, real=0,03 secs] 
2015-01-18T14:08:27.680+0100: 5,994: [GC (Allocation Failure) 5,994: [ParNew: 3060K->317K(3072K), 0,0110849 secs] 150953K->148600K(229996K), 0,0111314 secs] [Times: user=0,01 sys=0,00, real=0,01 secs] 
2015-01-18T14:08:27.692+0100: 6,006: [GC (Allocation Failure) 6,006: [ParNew: 3062K->317K(3072K), 0,0190390 secs] 151346K->148993K(229996K), 0,0190763 secs] [Times: user=0,01 sys=0,00, real=0,02 secs] 
2015-01-18T14:08:27.712+0100: 6,025: [GC (Allocation Failure) 6,025: [ParNew: 3059K->317K(3072K), 0,0192970 secs] 151735K->149383K(229996K), 0,0193229 secs] [Times: user=0,01 sys=0,00, real=0,02 secs] 
2015-01-18T14:08:27.732+0100: 6,045: [GC (Allocation Failure) 6,045: [ParNew: 3063K->317K(3072K), 0,0193566 secs] 152129K->149776K(229996K), 0,0193944 secs] [Times: user=0,00 sys=0,00, real=0,02 secs] 
2015-01-18T14:08:27.760+0100: 6,074: [GC (Allocation Failure) 6,074: [ParNew: 3060K->317K(3072K), 0,0232239 secs] 152518K->150165K(229996K), 0,0232985 secs] [Times: user=0,00 sys=0,00, real=0,02 secs] 
2015-01-18T14:08:27.791+0100: 6,105: [GC (Allocation Failure) 6,105: [ParNew: 3062K->317K(3072K), 0,0159627 secs] 152911K->150558K(229996K), 0,0159917 secs] [Times: user=0,00 sys=0,00, real=0,02 secs] 
2015-01-18T14:08:27.815+0100: 6,129: [GC (Allocation Failure) 6,129: [ParNew: 3069K->317K(3072K), 0,0200018 secs] 153310K->150947K(229996K), 0,0200517 secs] [Times: user=0,01 sys=0,00, real=0,02 secs] 
2015-01-18T14:08:27.840+0100: 6,153: [GC (Allocation Failure) 6,153: [ParNew: 3063K->317K(3072K), 0,0194164 secs] 153693K->151340K(229996K), 0,0194522 secs] [Times: user=0,01 sys=0,00, real=0,02 secs] 
2015-01-18T14:08:27.863+0100: 6,177: [GC (Allocation Failure) 6,177: [ParNew: 3063K->317K(3072K), 0,0199726 secs] 154086K->151733K(229996K), 0,0200051 secs] [Times: user=0,00 sys=0,00, real=0,02 secs] 
2015-01-18T14:08:27.891+0100: 6,205: [GC (Allocation Failure) 6,205: [ParNew: 3059K->317K(3072K), 0,0119719 secs] 154475K->152123K(229996K), 0,0120037 secs] [Times: user=0,01 sys=0,00, real=0,01 secs] 
2015-01-18T14:08:27.911+0100: 6,225: [GC (Allocation Failure) 6,225: [ParNew: 3063K->317K(3072K), 0,0159961 secs] 154868K->152515K(229996K), 0,0160392 secs] [Times: user=0,01 sys=0,00, real=0,02 secs] 
2015-01-18T14:08:27.931+0100: 6,245: [GC (Allocation Failure) 6,245: [ParNew: 3060K->317K(3072K), 0,0159763 secs] 155258K->152905K(229996K), 0,0160121 secs] [Times: user=0,01 sys=0,00, real=0,02 secs] 
2015-01-18T14:08:27.951+0100: 6,265: [GC (Allocation Failure) 6,265: [ParNew: 3062K->317K(3072K), 0,0199736 secs] 155650K->153298K(229996K), 0,0199989 secs] [Times: user=0,00 sys=0,00, real=0,02 secs] 
2015-01-18T14:08:27.979+0100: 6,293: [GC (Allocation Failure) 6,293: [ParNew: 3059K->317K(3072K), 0,0160029 secs] 156040K->153687K(229996K), 0,0160373 secs] [Times: user=0,01 sys=0,00, real=0,01 secs] 
2015-01-18T14:08:28.000+0100: 6,313: [GC (Allocation Failure) 6,313: [ParNew: 3063K->317K(3072K), 0,0072371 secs] 156433K->154080K(229996K), 0,0072963 secs] [Times: user=0,00 sys=0,00, real=0,01 secs] 
2015-01-18T14:08:28.008+0100: 6,321: [GC (Allocation Failure) 6,322: [ParNew: 3060K->317K(3072K), 0,0071690 secs] 156823K->154470K(229996K), 0,0072026 secs] [Times: user=0,00 sys=0,00, real=0,00 secs] 
2015-01-18T14:08:28.016+0100: 6,329: [GC (Allocation Failure) 6,329: [ParNew: 3062K->317K(3072K), 0,0072011 secs] 157215K->154862K(229996K), 0,0072316 secs] [Times: user=0,01 sys=0,00, real=0,01 secs] 
2015-01-18T14:08:28.024+0100: 6,337: [GC (Allocation Failure) 6,337: [ParNew: 3069K->317K(3072K), 0,0152320 secs] 157614K->155252K(229996K), 0,0152665 secs] [Times: user=0,00 sys=0,00, real=0,02 secs] 
2015-01-18T14:08:28.040+0100: 6,354: [GC (Allocation Failure) 6,354: [ParNew: 3063K->317K(3072K), 0,0064712 secs] 157998K->155645K(229996K), 0,0065058 secs] [Times: user=0,00 sys=0,00, real=0,00 secs] 
2015-01-18T14:08:28.049+0100: 6,362: [GC (Allocation Failure) 6,362: [ParNew: 3066K->317K(3072K), 0,0186439 secs] 158394K->156276K(229996K), 0,0186838 secs] [Times: user=0,00 sys=0,00, real=0,02 secs] 
2015-01-18T14:08:28.068+0100: 6,382: [GC (Allocation Failure) 6,382: [ParNew: 3059K->317K(3072K), 0,0190576 secs] 159019K->156666K(229996K), 0,0190852 secs] [Times: user=0,00 sys=0,00, real=0,02 secs] 
2015-01-18T14:08:28.088+0100: 6,401: [GC (Allocation Failure) 6,401: [ParNew: 3063K->317K(3072K), 0,0113467 secs] 159411K->157059K(229996K), 0,0113804 secs] [Times: user=0,00 sys=0,00, real=0,01 secs] 
2015-01-18T14:08:28.100+0100: 6,413: [GC (Allocation Failure) 6,413: [ParNew: 3059K->317K(3072K), 0,0073397 secs] 159801K->157448K(229996K), 0,0073769 secs] [Times: user=0,01 sys=0,00, real=0,01 secs] 
2015-01-18T14:08:28.108+0100: 6,422: [GC (Allocation Failure) 6,422: [ParNew: 3063K->317K(3072K), 0,0071213 secs] 160194K->157841K(229996K), 0,0071566 secs] [Times: user=0,00 sys=0,00, real=0,00 secs] 
2015-01-18T14:08:28.116+0100: 6,430: [GC (Allocation Failure) 6,430: [ParNew: 3060K->317K(3072K), 0,0071356 secs] 160583K->158231K(229996K), 0,0071675 secs] [Times: user=0,00 sys=0,00, real=0,01 secs] 
2015-01-18T14:08:28.124+0100: 6,438: [GC (Allocation Failure) 6,438: [ParNew: 3062K->317K(3072K), 0,0071654 secs] 160976K->158623K(229996K), 0,0072007 secs] [Times: user=0,01 sys=0,00, real=0,01 secs] 
2015-01-18T14:08:28.132+0100: 6,446: [GC (Allocation Failure) 6,446: [ParNew: 3069K->317K(3072K), 0,0151335 secs] 161375K->159013K(229996K), 0,0151845 secs] [Times: user=0,00 sys=0,00, real=0,02 secs] 
2015-01-18T14:08:28.148+0100: 6,462: [GC (Allocation Failure) 6,462: [ParNew: 3063K->317K(3072K), 0,0189751 secs] 161758K->159406K(229996K), 0,0190063 secs] [Times: user=0,00 sys=0,00, real=0,02 secs] 
2015-01-18T14:08:28.168+0100: 6,481: [GC (Allocation Failure) 6,481: [ParNew: 3063K->317K(3072K), 0,0113135 secs] 162151K->159798K(229996K), 0,0113477 secs] [Times: user=0,01 sys=0,00, real=0,01 secs] 
2015-01-18T14:08:28.180+0100: 6,494: [GC (Allocation Failure) 6,494: [ParNew: 3059K->317K(3072K), 0,0150874 secs] 162541K->160188K(229996K), 0,0151160 secs] [Times: user=0,00 sys=0,00, real=0,01 secs] 
2015-01-18T14:08:28.196+0100: 6,509: [GC (Allocation Failure) 6,509: [ParNew: 3063K->317K(3072K), 0,0073099 secs] 162934K->160581K(229996K), 0,0073468 secs] [Times: user=0,01 sys=0,00, real=0,01 secs] 
2015-01-18T14:08:28.204+0100: 6,518: [GC (Allocation Failure) 6,518: [ParNew: 3060K->317K(3072K), 0,0151495 secs] 163323K->160970K(229996K), 0,0151804 secs] [Times: user=0,00 sys=0,00, real=0,02 secs] 
2015-01-18T14:08:28.220+0100: 6,533: [GC (Allocation Failure) 6,533: [ParNew: 3062K->317K(3072K), 0,0152087 secs] 163716K->161363K(229996K), 0,0152357 secs] [Times: user=0,01 sys=0,00, real=0,01 secs] 
2015-01-18T14:08:28.236+0100: 6,549: [GC (Allocation Failure) 6,549: [ParNew: 3059K->317K(3072K), 0,0110367 secs] 164105K->161753K(229996K), 0,0110661 secs] [Times: user=0,00 sys=0,00, real=0,01 secs] 
2015-01-18T14:08:28.249+0100: 6,562: [GC (Allocation Failure) 6,562: [ParNew: 3063K->317K(3072K), 0,0084602 secs] 164499K->162146K(229996K), 0,0085100 secs] [Times: user=0,01 sys=0,00, real=0,00 secs] 
2015-01-18T14:08:28.258+0100: 6,572: [GC (Allocation Failure) 6,572: [ParNew: 3060K->317K(3072K), 0,0090134 secs] 164888K->162535K(229996K), 0,0090537 secs] [Times: user=0,00 sys=0,00, real=0,02 secs] 
2015-01-18T14:08:28.268+0100: 6,582: [GC (Allocation Failure) 6,582: [ParNew: 3062K->317K(3072K), 0,0110688 secs] 165281K->162928K(229996K), 0,0111103 secs] [Times: user=0,01 sys=0,00, real=0,01 secs] 
2015-01-18T14:08:28.280+0100: 6,594: [GC (Allocation Failure) 6,594: [ParNew: 3069K->317K(3072K), 0,0591467 secs] 165680K->163317K(229996K), 0,0592094 secs] [Times: user=0,01 sys=0,05, real=0,06 secs] 
2015-01-18T14:08:28.340+0100: 6,654: [GC (Allocation Failure) 6,654: [ParNew: 3063K->317K(3072K), 0,0149628 secs] 166063K->163710K(229996K), 0,0150019 secs] [Times: user=0,00 sys=0,00, real=0,01 secs] 
2015-01-18T14:08:28.356+0100: 6,670: [GC (Allocation Failure) 6,670: [ParNew: 3063K->317K(3072K), 0,0231363 secs] 166456K->164103K(229996K), 0,0231683 secs] [Times: user=0,02 sys=0,00, real=0,03 secs] 
2015-01-18T14:08:28.380+0100: 6,693: [GC (Allocation Failure) 6,694: [ParNew: 3059K->317K(3072K), 0,0111582 secs] 166845K->164493K(229996K), 0,0111872 secs] [Times: user=0,00 sys=0,00, real=0,01 secs] 
2015-01-18T14:08:28.392+0100: 6,705: [GC (Allocation Failure) 6,706: [ParNew: 3063K->317K(3072K), 0,0111638 secs] 167238K->164885K(229996K), 0,0112012 secs] [Times: user=0,01 sys=0,00, real=0,01 secs] 
2015-01-18T14:08:28.404+0100: 6,718: [GC (Allocation Failure) 6,718: [ParNew: 3060K->317K(3072K), 0,0230696 secs] 167628K->165275K(229996K), 0,0231044 secs] [Times: user=0,01 sys=0,00, real=0,03 secs] 
2015-01-18T14:08:28.428+0100: 6,742: [GC (Allocation Failure) 6,742: [ParNew: 3062K->317K(3072K), 0,0111592 secs] 168020K->165668K(229996K), 0,0111944 secs] [Times: user=0,00 sys=0,00, real=0,01 secs] 
2015-01-18T14:08:28.440+0100: 6,753: [GC (Allocation Failure) 6,753: [ParNew: 3059K->317K(3072K), 0,0072267 secs] 168410K->166057K(229996K), 0,0072584 secs] [Times: user=0,00 sys=0,00, real=0,01 secs] 
2015-01-18T14:08:28.449+0100: 6,763: [GC (Allocation Failure) 6,763: [ParNew: 3063K->317K(3072K), 0,0139679 secs] 168803K->166450K(229996K), 0,0140148 secs] [Times: user=0,00 sys=0,00, real=0,01 secs] 
2015-01-18T14:08:28.464+0100: 6,778: [GC (Allocation Failure) 6,778: [ParNew: 3060K->317K(3072K), 0,0110290 secs] 169193K->166840K(229996K), 0,0110577 secs] [Times: user=0,00 sys=0,00, real=0,01 secs] 
2015-01-18T14:08:28.476+0100: 6,789: [GC (Allocation Failure) 6,789: [ParNew: 3062K->317K(3072K), 0,0113157 secs] 169585K->167232K(229996K), 0,0113435 secs] [Times: user=0,00 sys=0,00, real=0,02 secs] 
2015-01-18T14:08:28.488+0100: 6,801: [GC (Allocation Failure) 6,801: [ParNew: 3069K->317K(3072K), 0,0113761 secs] 169984K->167622K(229996K), 0,0114120 secs] [Times: user=0,01 sys=0,00, real=0,01 secs] 
2015-01-18T14:08:28.500+0100: 6,814: [GC (Allocation Failure) 6,814: [ParNew: 3063K->317K(3072K), 0,0109486 secs] 170368K->168015K(229996K), 0,0109764 secs] [Times: user=0,01 sys=0,00, real=0,01 secs] 
2015-01-18T14:08:28.512+0100: 6,825: [GC (Allocation Failure) 6,825: [ParNew: 3063K->317K(3072K), 0,0153136 secs] 170760K->168408K(229996K), 0,0153383 secs] [Times: user=0,01 sys=0,00, real=0,02 secs] 
2015-01-18T14:08:28.528+0100: 6,841: [GC (Allocation Failure) 6,841: [ParNew: 3059K->317K(3072K), 0,0113438 secs] 171150K->168797K(229996K), 0,0113679 secs] [Times: user=0,00 sys=0,00, real=0,01 secs] 
2015-01-18T14:08:28.540+0100: 6,853: [GC (Allocation Failure) 6,853: [ParNew: 3063K->317K(3072K), 0,0033669 secs] 171543K->169190K(229996K), 0,0033905 secs] [Times: user=0,01 sys=0,00, real=0,00 secs] 
2015-01-18T14:08:28.544+0100: 6,857: [GC (Allocation Failure) 6,857: [ParNew: 3060K->317K(3072K), 0,0016248 secs] 171932K->169580K(229996K), 0,0016491 secs] [Times: user=0,00 sys=0,00, real=0,00 secs] 
2015-01-18T14:08:28.546+0100: 6,860: [GC (Allocation Failure) 6,860: [ParNew: 3062K->317K(3072K), 0,0131029 secs] 172325K->169972K(229996K), 0,0131266 secs] [Times: user=0,00 sys=0,00, real=0,02 secs] 
2015-01-18T14:08:28.560+0100: 6,873: [GC (Allocation Failure) 6,873: [ParNew: 3059K->317K(3072K), 0,0153650 secs] 172715K->170362K(229996K), 0,0153887 secs] [Times: user=0,01 sys=0,00, real=0,01 secs] 
2015-01-18T14:08:28.576+0100: 6,889: [GC (Allocation Failure) 6,889: [ParNew: 3063K->317K(3072K), 0,0033695 secs] 173108K->170755K(229996K), 0,0033930 secs] [Times: user=0,00 sys=0,00, real=0,01 secs] 
2015-01-18T14:08:28.580+0100: 6,893: [GC (Allocation Failure) 6,893: [ParNew: 3060K->317K(3072K), 0,0033732 secs] 173497K->171144K(229996K), 0,0033970 secs] [Times: user=0,00 sys=0,00, real=0,00 secs] 
2015-01-18T14:08:28.584+0100: 6,897: [GC (Allocation Failure) 6,897: [ParNew: 3062K->317K(3072K), 0,0034232 secs] 173890K->171537K(229996K), 0,0034471 secs] [Times: user=0,01 sys=0,00, real=0,01 secs] 
2015-01-18T14:08:28.588+0100: 6,901: [GC (Allocation Failure) 6,901: [ParNew: 3069K->317K(3072K), 0,0033365 secs] 174289K->171927K(229996K), 0,0033602 secs] [Times: user=0,00 sys=0,00, real=0,00 secs] 
2015-01-18T14:08:28.592+0100: 6,905: [GC (Allocation Failure) 6,905: [ParNew: 3063K->317K(3072K), 0,0033638 secs] 174672K->172319K(229996K), 0,0033871 secs] [Times: user=0,00 sys=0,00, real=0,00 secs] 
2015-01-18T14:08:28.596+0100: 6,909: [GC (Allocation Failure) 6,909: [ParNew: 3063K->317K(3072K), 0,0073887 secs] 175065K->172712K(229996K), 0,0074144 secs] [Times: user=0,00 sys=0,00, real=0,01 secs] 
2015-01-18T14:08:28.604+0100: 6,917: [GC (Allocation Failure) 6,917: [ParNew: 3059K->317K(3072K), 0,0032525 secs] 175455K->173102K(229996K), 0,0032777 secs] [Times: user=0,01 sys=0,00, real=0,01 secs] 
2015-01-18T14:08:28.608+0100: 6,921: [GC (Allocation Failure) 6,921: [ParNew: 3063K->317K(3072K), 0,0033641 secs] 175848K->173495K(229996K), 0,0033876 secs] [Times: user=0,00 sys=0,00, real=0,00 secs] 
2015-01-18T14:08:28.612+0100: 6,925: [GC (Allocation Failure) 6,925: [ParNew: 3060K->317K(3072K), 0,0193803 secs] 176237K->173884K(229996K), 0,0194076 secs] [Times: user=0,01 sys=0,00, real=0,02 secs] 
2015-01-18T14:08:28.632+0100: 6,945: [GC (Allocation Failure) 6,945: [ParNew: 3062K->317K(3072K), 0,0031988 secs] 176630K->174277K(229996K), 0,0032246 secs] [Times: user=0,00 sys=0,00, real=0,00 secs] 
2015-01-18T14:08:28.636+0100: 6,949: [GC (Allocation Failure) 6,949: [ParNew: 3059K->317K(3072K), 0,0033777 secs] 177019K->174666K(229996K), 0,0034011 secs] [Times: user=0,00 sys=0,00, real=0,01 secs] 
2015-01-18T14:08:28.640+0100: 6,953: [GC (Allocation Failure) 6,953: [ParNew: 3063K->317K(3072K), 0,0033489 secs] 177412K->175059K(229996K), 0,0033728 secs] [Times: user=0,01 sys=0,00, real=0,00 secs] 
2015-01-18T14:08:28.644+0100: 6,957: [GC (Allocation Failure) 6,957: [ParNew: 3060K->317K(3072K), 0,0033734 secs] 177802K->175449K(229996K), 0,0033975 secs] [Times: user=0,00 sys=0,00, real=0,01 secs] 
2015-01-18T14:08:28.649+0100: 6,963: [GC (Allocation Failure) 6,963: [ParNew: 3062K->317K(3072K), 0,0017365 secs] 178194K->175842K(229996K), 0,0017662 secs] [Times: user=0,00 sys=0,00, real=0,00 secs] 
2015-01-18T14:08:28.655+0100: 6,969: [GC (Allocation Failure) 6,969: [ParNew: 3069K->317K(3072K), 0,0078510 secs] 178594K->176231K(229996K), 0,0078930 secs] [Times: user=0,00 sys=0,00, real=0,01 secs] 
2015-01-18T14:08:28.664+0100: 6,978: [GC (Allocation Failure) 6,978: [ParNew: 3063K->317K(3072K), 0,0092172 secs] 178977K->176624K(229996K), 0,0092426 secs] [Times: user=0,01 sys=0,00, real=0,01 secs] 
2015-01-18T14:08:28.674+0100: 6,987: [GC (Allocation Failure) 6,987: [ParNew: 3063K->317K(3072K), 0,0092737 secs] 179370K->177017K(229996K), 0,0092994 secs] [Times: user=0,00 sys=0,00, real=0,01 secs] 
2015-01-18T14:08:28.684+0100: 6,997: [GC (Allocation Failure) 6,997: [ParNew: 3059K->317K(3072K), 0,0192830 secs] 179759K->177406K(229996K), 0,0193080 secs] [Times: user=0,01 sys=0,00, real=0,02 secs] 
2015-01-18T14:08:28.704+0100: 7,017: [GC (Allocation Failure) 7,017: [ParNew: 3063K->317K(3072K), 0,0033556 secs] 180152K->177799K(229996K), 0,0033789 secs] [Times: user=0,00 sys=0,00, real=0,01 secs] 
2015-01-18T14:08:28.708+0100: 7,021: [GC (Allocation Failure) 7,021: [ParNew: 3060K->317K(3072K), 0,0033799 secs] 180542K->178189K(229996K), 0,0034038 secs] [Times: user=0,00 sys=0,00, real=0,00 secs] 
2015-01-18T14:08:28.712+0100: 7,025: [GC (Allocation Failure) 7,025: [ParNew: 3062K->317K(3072K), 0,0033863 secs] 180934K->178581K(229996K), 0,0034101 secs] [Times: user=0,01 sys=0,00, real=0,00 secs] 
2015-01-18T14:08:28.716+0100: 7,029: [GC (Allocation Failure) 7,029: [ParNew: 3059K->317K(3072K), 0,0033603 secs] 181324K->178971K(229996K), 0,0033840 secs] [Times: user=0,00 sys=0,00, real=0,01 secs] 
2015-01-18T14:08:28.720+0100: 7,033: [GC (Allocation Failure) 7,033: [ParNew: 3063K->317K(3072K), 0,0033739 secs] 181717K->179364K(229996K), 0,0033980 secs] [Times: user=0,00 sys=0,00, real=0,00 secs] 
2015-01-18T14:08:28.724+0100: 7,037: [GC (Allocation Failure) 7,037: [ParNew: 3060K->317K(3072K), 0,0033431 secs] 182106K->179753K(229996K), 0,0033715 secs] [Times: user=0,00 sys=0,00, real=0,01 secs] 
2015-01-18T14:08:28.728+0100: 7,041: [GC (Allocation Failure) 7,041: [ParNew: 3062K->317K(3072K), 0,0031985 secs] 182499K->180146K(229996K), 0,0032249 secs] [Times: user=0,00 sys=0,00, real=0,00 secs] 
2015-01-18T14:08:28.732+0100: 7,045: [GC (Allocation Failure) 7,045: [ParNew: 3069K->317K(3072K), 0,0073370 secs] 182898K->180536K(229996K), 0,0073718 secs] [Times: user=0,00 sys=0,00, real=0,01 secs] 
2015-01-18T14:08:28.740+0100: 7,054: [GC (Allocation Failure) 7,054: [ParNew: 3063K->317K(3072K), 0,0071546 secs] 183281K->180929K(229996K), 0,0072030 secs] [Times: user=0,00 sys=0,00, real=0,01 secs] 
2015-01-18T14:08:28.748+0100: 7,062: [GC (Allocation Failure) 7,062: [ParNew: 3063K->317K(3072K), 0,0151198 secs] 183674K->181321K(229996K), 0,0151601 secs] [Times: user=0,01 sys=0,00, real=0,01 secs] 
2015-01-18T14:08:28.768+0100: 7,081: [GC (Allocation Failure) 7,081: [ParNew: 3059K->317K(3072K), 0,0152517 secs] 184064K->181711K(229996K), 0,0153146 secs] [Times: user=0,01 sys=0,00, real=0,01 secs] 
2015-01-18T14:08:28.788+0100: 7,101: [GC (Allocation Failure) 7,101: [ParNew: 3063K->317K(3072K), 0,0073854 secs] 184457K->182104K(229996K), 0,0074203 secs] [Times: user=0,00 sys=0,00, real=0,00 secs] 
2015-01-18T14:08:28.796+0100: 7,110: [GC (Allocation Failure) 7,110: [ParNew: 3060K->317K(3072K), 0,0110979 secs] 184846K->182493K(229996K), 0,0111367 secs] [Times: user=0,01 sys=0,00, real=0,02 secs] 
2015-01-18T14:08:28.808+0100: 7,121: [GC (Allocation Failure) 7,121: [ParNew: 3062K->317K(3072K), 0,0072054 secs] 185239K->182886K(229996K), 0,0072334 secs] [Times: user=0,00 sys=0,00, real=0,00 secs] 
2015-01-18T14:08:28.820+0100: 7,133: [GC (Allocation Failure) 7,133: [ParNew: 3059K->317K(3072K), 0,0073524 secs] 185628K->183276K(229996K), 0,0074052 secs] [Times: user=0,00 sys=0,00, real=0,01 secs] 
2015-01-18T14:08:28.828+0100: 7,141: [GC (Allocation Failure) 7,141: [ParNew: 3063K->317K(3072K), 0,0072350 secs] 186021K->183668K(229996K), 0,0072692 secs] [Times: user=0,01 sys=0,00, real=0,00 secs] 
2015-01-18T14:08:28.840+0100: 7,153: [GC (Allocation Failure) 7,153: [ParNew: 3060K->317K(3072K), 0,0073020 secs] 186411K->184058K(229996K), 0,0073429 secs] [Times: user=0,00 sys=0,00, real=0,01 secs] 
2015-01-18T14:08:28.852+0100: 7,166: [GC (Allocation Failure) 7,166: [ParNew: 3062K->317K(3072K), 0,0071665 secs] 186803K->184451K(229996K), 0,0072229 secs] [Times: user=0,00 sys=0,00, real=0,01 secs] 
2015-01-18T14:08:28.864+0100: 7,177: [GC (Allocation Failure) 7,177: [ParNew: 3069K->317K(3072K), 0,0072594 secs] 187203K->184840K(229996K), 0,0073099 secs] [Times: user=0,00 sys=0,00, real=0,01 secs] 
2015-01-18T14:08:28.875+0100: 7,189: [GC (Allocation Failure) 7,189: [ParNew: 3063K->317K(3072K), 0,0022935 secs] 187586K->185233K(229996K), 0,0023450 secs] [Times: user=0,00 sys=0,00, real=0,00 secs] 
2015-01-18T14:08:28.880+0100: 7,193: [GC (Allocation Failure) 7,193: [ParNew: 3063K->317K(3072K), 0,0114203 secs] 187979K->185626K(229996K), 0,0114636 secs] [Times: user=0,00 sys=0,00, real=0,01 secs] 
2015-01-18T14:08:28.892+0100: 7,206: [GC (Allocation Failure) 7,206: [ParNew: 3059K->317K(3072K), 0,0109314 secs] 188368K->186015K(229996K), 0,0109658 secs] [Times: user=0,01 sys=0,00, real=0,01 secs] 
2015-01-18T14:08:28.905+0100: 7,218: [GC (Allocation Failure) 7,218: [ParNew: 3063K->317K(3072K), 0,0104009 secs] 188761K->186408K(229996K), 0,0104315 secs] [Times: user=0,00 sys=0,00, real=0,01 secs] 
2015-01-18T14:08:28.916+0100: 7,229: [GC (Allocation Failure) 7,229: [ParNew: 3060K->317K(3072K), 0,0130391 secs] 189151K->186798K(229996K), 0,0130768 secs] [Times: user=0,01 sys=0,00, real=0,02 secs] 
2015-01-18T14:08:28.930+0100: 7,243: [GC (Allocation Failure) 7,243: [ParNew: 3062K->317K(3072K), 0,0095128 secs] 189543K->187191K(229996K), 0,0095682 secs] [Times: user=0,00 sys=0,00, real=0,01 secs] 
2015-01-18T14:08:28.944+0100: 7,257: [GC (Allocation Failure) 7,257: [ParNew: 3059K->317K(3072K), 0,0073357 secs] 189933K->187580K(229996K), 0,0073791 secs] [Times: user=0,01 sys=0,00, real=0,01 secs] 
2015-01-18T14:08:28.956+0100: 7,269: [GC (Allocation Failure) 7,269: [ParNew: 3063K->317K(3072K), 0,0112429 secs] 190326K->187973K(229996K), 0,0112859 secs] [Times: user=0,00 sys=0,00, real=0,02 secs] 
2015-01-18T14:08:28.968+0100: 7,282: [GC (Allocation Failure) 7,282: [ParNew: 3060K->317K(3072K), 0,0151462 secs] 190715K->188363K(229996K), 0,0151822 secs] [Times: user=0,01 sys=0,00, real=0,01 secs] 
2015-01-18T14:08:28.987+0100: 7,301: [GC (Allocation Failure) 7,301: [ParNew: 3062K->317K(3072K), 0,0120202 secs] 191108K->188755K(229996K), 0,0120939 secs] [Times: user=0,01 sys=0,00, real=0,01 secs] 
2015-01-18T14:08:29.000+0100: 7,313: [GC (Allocation Failure) 7,313: [ParNew: 3069K->317K(3072K), 0,0073284 secs] 191507K->189145K(229996K), 0,0073666 secs] [Times: user=0,00 sys=0,00, real=0,01 secs] 
2015-01-18T14:08:29.008+0100: 7,322: [GC (Allocation Failure) 7,322: [ParNew: 3063K->317K(3072K), 0,0109638 secs] 191890K->189538K(229996K), 0,0109972 secs] [Times: user=0,00 sys=0,00, real=0,01 secs] 
2015-01-18T14:08:29.023+0100: 7,337: [GC (Allocation Failure) 7,337: [ParNew: 3063K->317K(3072K), 0,0119823 secs] 192283K->189930K(229996K), 0,0120149 secs] [Times: user=0,01 sys=0,00, real=0,01 secs] 
2015-01-18T14:08:29.039+0100: 7,353: [GC (Allocation Failure) 7,353: [ParNew: 3059K->317K(3072K), 0,0160015 secs] 192673K->190320K(229996K), 0,0160406 secs] [Times: user=0,00 sys=0,00, real=0,01 secs] 
2015-01-18T14:08:29.056+0100: 7,370: [GC (Allocation Failure) 7,370: [ParNew: 3063K->317K(3072K), 0,0150720 secs] 193066K->190713K(229996K), 0,0151170 secs] [Times: user=0,01 sys=0,00, real=0,02 secs] 
2015-01-18T14:08:29.072+0100: 7,386: [GC (Allocation Failure) 7,386: [ParNew: 3060K->317K(3072K), 0,0111070 secs] 193455K->191102K(229996K), 0,0111529 secs] [Times: user=0,00 sys=0,00, real=0,01 secs] 
2015-01-18T14:08:29.084+0100: 7,398: [GC (Allocation Failure) 7,398: [ParNew: 3062K->317K(3072K), 0,0110410 secs] 193848K->191495K(229996K), 0,0110853 secs] [Times: user=0,00 sys=0,00, real=0,01 secs] 
2015-01-18T14:08:29.096+0100: 7,410: [GC (Allocation Failure) 7,410: [ParNew: 3059K->317K(3072K), 0,0111150 secs] 194237K->191885K(229996K), 0,0111551 secs] [Times: user=0,00 sys=0,00, real=0,02 secs] 
2015-01-18T14:08:29.108+0100: 7,422: [GC (Allocation Failure) 7,422: [ParNew: 3063K->317K(3072K), 0,0113809 secs] 194631K->192278K(229996K), 0,0114387 secs] [Times: user=0,01 sys=0,00, real=0,01 secs] 
2015-01-18T14:08:29.124+0100: 7,437: [GC (Allocation Failure) 7,437: [ParNew: 3060K->317K(3072K), 0,0553278 secs] 195020K->192667K(229996K), 0,0553845 secs] [Times: user=0,01 sys=0,00, real=0,06 secs] 
2015-01-18T14:08:29.187+0100: 7,501: [GC (Allocation Failure) 7,501: [ParNew: 3062K->317K(3072K), 0,0319861 secs] 195413K->193060K(229996K), 0,0320521 secs] [Times: user=0,02 sys=0,00, real=0,03 secs] 
2015-01-18T14:08:29.227+0100: 7,541: [GC (Allocation Failure) 7,541: [ParNew: 3069K->317K(3072K), 0,0119551 secs] 195812K->193449K(229996K), 0,0119863 secs] [Times: user=0,00 sys=0,00, real=0,01 secs] 
2015-01-18T14:08:29.247+0100: 7,561: [GC (Allocation Failure) 7,561: [ParNew: 3063K->317K(3072K), 0,0085882 secs] 196195K->193842K(229996K), 0,0086358 secs] [Times: user=0,00 sys=0,00, real=0,00 secs] 
2015-01-18T14:08:29.260+0100: 7,573: [GC (Allocation Failure) 7,574: [ParNew: 3063K->317K(3072K), 0,0111939 secs] 196588K->194235K(229996K), 0,0112444 secs] [Times: user=0,01 sys=0,00, real=0,01 secs] 
2015-01-18T14:08:29.276+0100: 7,589: [GC (Allocation Failure) 7,589: [ParNew: 3059K->317K(3072K), 0,0112490 secs] 196977K->194625K(229996K), 0,0113052 secs] [Times: user=0,00 sys=0,00, real=0,02 secs] 
2015-01-18T14:08:29.292+0100: 7,605: [GC (Allocation Failure) 7,605: [ParNew: 3063K->317K(3072K), 0,0084703 secs] 197370K->195017K(229996K), 0,0085255 secs] [Times: user=0,01 sys=0,00, real=0,01 secs] 
2015-01-18T14:08:29.307+0100: 7,621: [GC (Allocation Failure) 7,621: [ParNew: 3060K->317K(3072K), 0,0119694 secs] 197760K->195407K(229996K), 0,0120002 secs] [Times: user=0,00 sys=0,00, real=0,01 secs] 
2015-01-18T14:08:29.327+0100: 7,641: [GC (Allocation Failure) 7,641: [ParNew: 3062K->317K(3072K), 0,0119881 secs] 198152K->195800K(229996K), 0,0120174 secs] [Times: user=0,01 sys=0,00, real=0,01 secs] 
2015-01-18T14:08:29.344+0100: 7,657: [GC (Allocation Failure) 7,657: [ParNew: 3059K->317K(3072K), 0,0154365 secs] 198542K->196189K(229996K), 0,0154670 secs] [Times: user=0,01 sys=0,00, real=0,02 secs] 
2015-01-18T14:08:29.364+0100: 7,677: [GC (Allocation Failure) 7,677: [ParNew: 3063K->317K(3072K), 0,0035111 secs] 198935K->196582K(229996K), 0,0035502 secs] [Times: user=0,00 sys=0,00, real=0,01 secs] 
2015-01-18T14:08:29.372+0100: 7,685: [GC (Allocation Failure) 7,685: [ParNew: 3060K->317K(3072K), 0,0152577 secs] 199325K->196972K(229996K), 0,0152984 secs] [Times: user=0,01 sys=0,00, real=0,02 secs] 
2015-01-18T14:08:29.392+0100: 7,705: [GC (Allocation Failure) 7,705: [ParNew: 3062K->317K(3072K), 0,0072711 secs] 199717K->197364K(229996K), 0,0073150 secs] [Times: user=0,00 sys=0,00, real=0,01 secs] 
2015-01-18T14:08:29.407+0100: 7,721: [GC (Allocation Failure) 7,721: [ParNew: 3069K->317K(3072K), 0,0119724 secs] 200116K->197754K(229996K), 0,0120343 secs] [Times: user=0,00 sys=0,00, real=0,01 secs] 
2015-01-18T14:08:29.427+0100: 7,741: [GC (Allocation Failure) 7,741: [ParNew: 3063K->317K(3072K), 0,0080185 secs] 200500K->198147K(229996K), 0,0080744 secs] [Times: user=0,00 sys=0,00, real=0,00 secs] 
2015-01-18T14:08:29.443+0100: 7,757: [GC (Allocation Failure) 7,757: [ParNew: 3063K->317K(3072K), 0,0239705 secs] 200892K->198540K(229996K), 0,0240175 secs] [Times: user=0,01 sys=0,00, real=0,03 secs] 
2015-01-18T14:08:29.472+0100: 7,785: [GC (Allocation Failure) 7,786: [ParNew: 3059K->317K(3072K), 0,0112047 secs] 201282K->198929K(229996K), 0,0112663 secs] [Times: user=0,01 sys=0,00, real=0,01 secs] 
2015-01-18T14:08:29.487+0100: 7,801: [GC (Allocation Failure) 7,801: [ParNew: 3063K->317K(3072K), 0,0160186 secs] 201675K->199322K(229996K), 0,0160668 secs] [Times: user=0,01 sys=0,00, real=0,01 secs] 
2015-01-18T14:08:29.508+0100: 7,821: [GC (Allocation Failure) 7,821: [ParNew: 3060K->317K(3072K), 0,0037543 secs] 202064K->199712K(229996K), 0,0037952 secs] [Times: user=0,00 sys=0,00, real=0,00 secs] 
2015-01-18T14:08:29.515+0100: 7,829: [GC (Allocation Failure) 7,829: [ParNew: 3062K->317K(3072K), 0,0119868 secs] 202457K->200104K(229996K), 0,0120204 secs] [Times: user=0,01 sys=0,00, real=0,02 secs] 
2015-01-18T14:08:29.528+0100: 7,841: [GC (Allocation Failure) 7,841: [ParNew: 3059K->317K(3072K), 0,0112185 secs] 202847K->200494K(229996K), 0,0112713 secs] [Times: user=0,00 sys=0,00, real=0,01 secs] 
2015-01-18T14:08:29.540+0100: 7,854: [GC (Allocation Failure) 7,854: [ParNew: 3063K->317K(3072K), 0,0111747 secs] 203240K->200887K(229996K), 0,0112091 secs] [Times: user=0,00 sys=0,00, real=0,01 secs] 
2015-01-18T14:08:29.552+0100: 7,866: [GC (Allocation Failure) 7,866: [ParNew: 3060K->317K(3072K), 0,0071534 secs] 203629K->201276K(229996K), 0,0071856 secs] [Times: user=0,01 sys=0,00, real=0,01 secs] 
2015-01-18T14:08:29.560+0100: 7,873: [GC (Allocation Failure) 7,873: [ParNew: 3062K->317K(3072K), 0,0071911 secs] 204022K->201669K(229996K), 0,0072218 secs] [Times: user=0,00 sys=0,00, real=0,01 secs] 
2015-01-18T14:08:29.572+0100: 7,885: [GC (Allocation Failure) 7,885: [ParNew: 3069K->317K(3072K), 0,0073352 secs] 204421K->202059K(229996K), 0,0073750 secs] [Times: user=0,00 sys=0,00, real=0,01 secs] 
2015-01-18T14:08:29.584+0100: 7,897: [GC (Allocation Failure) 7,897: [ParNew: 3063K->317K(3072K), 0,0035041 secs] 204804K->202451K(229996K), 0,0035617 secs] [Times: user=0,00 sys=0,00, real=0,01 secs] 
2015-01-18T14:08:29.595+0100: 7,909: [GC (Allocation Failure) 7,909: [ParNew: 3063K->317K(3072K), 0,0159730 secs] 205197K->202844K(229996K), 0,0160077 secs] [Times: user=0,00 sys=0,00, real=0,02 secs] 
2015-01-18T14:08:29.616+0100: 7,929: [GC (Allocation Failure) 7,929: [ParNew: 3059K->317K(3072K), 0,0113239 secs] 205586K->203234K(229996K), 0,0113753 secs] [Times: user=0,01 sys=0,00, real=0,02 secs] 
2015-01-18T14:08:29.628+0100: 7,941: [GC (Allocation Failure) 7,941: [ParNew: 3063K->317K(3072K), 0,0112865 secs] 205980K->203627K(229996K), 0,0113211 secs] [Times: user=0,00 sys=0,00, real=0,01 secs] 
2015-01-18T14:08:29.644+0100: 7,957: [GC (Allocation Failure) 7,957: [ParNew: 3060K->317K(3072K), 0,0072898 secs] 206369K->204016K(229996K), 0,0073415 secs] [Times: user=0,00 sys=0,00, real=0,01 secs] 
2015-01-18T14:08:29.656+0100: 7,969: [GC (Allocation Failure) 7,970: [ParNew: 3062K->317K(3072K), 0,0032175 secs] 206762K->204409K(229996K), 0,0032756 secs] [Times: user=0,01 sys=0,00, real=0,01 secs] 
2015-01-18T14:08:29.660+0100: 7,974: [GC (Allocation Failure) 7,974: [ParNew: 3059K->317K(3072K), 0,0070038 secs] 207151K->204798K(229996K), 0,0070517 secs] [Times: user=0,00 sys=0,00, real=0,01 secs] 
2015-01-18T14:08:29.672+0100: 7,985: [GC (Allocation Failure) 7,985: [ParNew: 3063K->317K(3072K), 0,0072973 secs] 207544K->205191K(229996K), 0,0073330 secs] [Times: user=0,00 sys=0,00, real=0,01 secs] 
2015-01-18T14:08:29.684+0100: 7,998: [GC (Allocation Failure) 7,998: [ParNew: 3060K->317K(3072K), 0,0068159 secs] 207934K->205581K(229996K), 0,0068630 secs] [Times: user=0,01 sys=0,00, real=0,01 secs] 
2015-01-18T14:08:29.692+0100: 8,006: [GC (Allocation Failure) 8,006: [ParNew: 3062K->317K(3072K), 0,0075818 secs] 208326K->205974K(229996K), 0,0076216 secs] [Times: user=0,00 sys=0,00, real=0,01 secs] 
2015-01-18T14:08:29.703+0100: 8,017: [GC (Allocation Failure) 8,017: [ParNew: 3069K->317K(3072K), 0,0079723 secs] 208726K->206363K(229996K), 0,0079983 secs] [Times: user=0,00 sys=0,00, real=0,01 secs] 
2015-01-18T14:08:29.715+0100: 8,029: [GC (Allocation Failure) 8,029: [ParNew: 3063K->317K(3072K), 0,0079438 secs] 209109K->206756K(229996K), 0,0079694 secs] [Times: user=0,01 sys=0,00, real=0,01 secs] 
2015-01-18T14:08:29.725+0100: 8,038: [GC (Allocation Failure) 8,039: [ParNew: 3063K->317K(3072K), 0,0203908 secs] 209502K->207149K(229996K), 0,0204437 secs] [Times: user=0,01 sys=0,00, real=0,02 secs] 
2015-01-18T14:08:29.746+0100: 8,060: [GC (Allocation Failure) 8,060: [ParNew: 3059K->317K(3072K), 0,0169378 secs] 209891K->207538K(229996K), 0,0169854 secs] [Times: user=0,01 sys=0,00, real=0,02 secs] 
2015-01-18T14:08:29.779+0100: 8,093: [GC (Allocation Failure) 8,093: [ParNew: 3063K->317K(3072K), 0,0199673 secs] 210284K->207931K(229996K), 0,0199943 secs] [Times: user=0,01 sys=0,00, real=0,02 secs] 
2015-01-18T14:08:29.804+0100: 8,117: [GC (Allocation Failure) 8,117: [ParNew: 3060K->317K(3072K), 0,0152915 secs] 210674K->208321K(229996K), 0,0153185 secs] [Times: user=0,01 sys=0,00, real=0,02 secs] 
2015-01-18T14:08:29.827+0100: 8,141: [GC (Allocation Failure) 8,141: [ParNew: 3062K->317K(3072K), 0,0199865 secs] 211066K->208713K(229996K), 0,0200243 secs] [Times: user=0,01 sys=0,01, real=0,02 secs] 
2015-01-18T14:08:29.851+0100: 8,165: [GC (Allocation Failure) 8,165: [ParNew: 3059K->317K(3072K), 0,0199739 secs] 211456K->209103K(229996K), 0,0200026 secs] [Times: user=0,01 sys=0,00, real=0,02 secs] 
2015-01-18T14:08:29.875+0100: 8,189: [GC (Allocation Failure) 8,189: [ParNew: 3063K->317K(3072K), 0,0159812 secs] 211849K->209496K(229996K), 0,0160160 secs] [Times: user=0,00 sys=0,00, real=0,02 secs] 
2015-01-18T14:08:29.899+0100: 8,213: [GC (CMS Initial Mark) [1 CMS-initial-mark: 209178K(226924K)] 212238K(229996K), 0,0159689 secs] [Times: user=0,00 sys=0,00, real=0,01 secs] 
2015-01-18T14:08:29.919+0100: 8,233: [CMS-concurrent-mark-start]
2015-01-18T14:08:29.923+0100: 8,237: [GC (Allocation Failure) 8,237: [ParNew: 3060K->317K(3072K), 0,0117737 secs] 212238K->209885K(229996K), 0,0118357 secs] [Times: user=0,00 sys=0,00, real=0,01 secs] 
2015-01-18T14:08:29.936+0100: 8,250: [GC (Allocation Failure) 8,250: [ParNew: 3062K->317K(3072K), 0,0270699 secs] 212631K->210278K(229996K), 0,0270990 secs] [Times: user=0,02 sys=0,00, real=0,03 secs] 
2015-01-18T14:08:29.964+0100: 8,277: [GC (Allocation Failure) 8,277: [ParNew: 3069K->317K(3072K), 0,0352989 secs] 213030K->210668K(229996K), 0,0353270 secs] [Times: user=0,01 sys=0,00, real=0,04 secs] 
2015-01-18T14:08:30.003+0100: 8,317: [GC (Allocation Failure) 8,317: [ParNew: 3063K->317K(3072K), 0,0119137 secs] 213413K->211061K(229996K), 0,0119712 secs] [Times: user=0,00 sys=0,00, real=0,01 secs] 
2015-01-18T14:08:30.019+0100: 8,333: [GC (Allocation Failure) 8,333: [ParNew: 3063K->317K(3072K), 0,0279168 secs] 213806K->211453K(229996K), 0,0279677 secs] [Times: user=0,00 sys=0,00, real=0,03 secs] 
2015-01-18T14:08:30.048+0100: 8,361: [GC (Allocation Failure) 8,362: [ParNew: 3059K->317K(3072K), 0,0111816 secs] 214196K->211843K(229996K), 0,0112080 secs] [Times: user=0,01 sys=0,00, real=0,01 secs] 
2015-01-18T14:08:30.061+0100: 8,375: [GC (Allocation Failure) 8,375: [ParNew: 3063K->317K(3072K), 0,0139070 secs] 214589K->212236K(229996K), 0,0139672 secs] [Times: user=0,00 sys=0,00, real=0,01 secs] 
2015-01-18T14:08:30.076+0100: 8,390: [GC (Allocation Failure) 8,390: [ParNew: 3060K->317K(3072K), 0,0190266 secs] 214978K->212625K(229996K), 0,0190561 secs] [Times: user=0,01 sys=0,00, real=0,02 secs] 
2015-01-18T14:08:30.096+0100: 8,409: [GC (Allocation Failure) 8,409: [ParNew: 3062K->317K(3072K), 0,0353279 secs] 215371K->213018K(229996K), 0,0353559 secs] [Times: user=0,01 sys=0,00, real=0,04 secs] 
2015-01-18T14:08:30.132+0100: 8,445: [GC (Allocation Failure) 8,445: [ParNew: 3059K->317K(3072K), 0,0512603 secs] 215760K->213408K(229996K), 0,0513198 secs] [Times: user=0,01 sys=0,00, real=0,05 secs] 
2015-01-18T14:08:30.184+0100: 8,498: [GC (Allocation Failure) 8,498: [ParNew: 3063K->317K(3072K), 0,0229059 secs] 216153K->213800K(229996K), 0,0229496 secs] [Times: user=0,02 sys=0,00, real=0,03 secs] 
2015-01-18T14:08:30.209+0100: 8,523: [GC (Allocation Failure) 8,523: [ParNew: 3060K->317K(3072K), 0,0178887 secs] 216543K->214190K(229996K), 0,0179297 secs] [Times: user=0,02 sys=0,00, real=0,02 secs] 
2015-01-18T14:08:30.230+0100: 8,543: [CMS-concurrent-mark: 0,013/0,310 secs] [Times: user=0,14 sys=0,00, real=0,31 secs] 
2015-01-18T14:08:30.231+0100: 8,545: [GC (Allocation Failure) 8,545: [ParNew: 3062K->317K(3072K), 0,0119371 secs] 216935K->214583K(229996K), 0,0119761 secs] [Times: user=0,00 sys=0,00, real=0,01 secs] 
2015-01-18T14:08:30.243+0100: 8,557: [CMS-concurrent-preclean-start]
2015-01-18T14:08:30.244+0100: 8,557: [CMS-concurrent-preclean: 0,001/0,001 secs] [Times: user=0,00 sys=0,00, real=0,00 secs] 
2015-01-18T14:08:30.244+0100: 8,557: [GC (CMS Final Remark) [YG occupancy: 2186 K (3072 K)]8,557: [Rescan (parallel) , 0,0193842 secs]8,577: [weak refs processing, 0,0000094 secs]8,577: [class unloading, 0,0003355 secs]8,577: [scrub symbol table, 0,0005502 secs]8,578: [scrub string table, 0,0002130 secs][1 CMS-remark: 214265K(226924K)] 216452K(229996K), 0,0205625 secs] [Times: user=0,01 sys=0,00, real=0,02 secs] 
2015-01-18T14:08:30.266+0100: 8,579: [CMS-concurrent-sweep-start]
2015-01-18T14:08:30.271+0100: 8,585: [GC (Allocation Failure) 8,585: [ParNew: 3069K->317K(3072K), 0,0318168 secs] 217335K->214972K(229996K), 0,0318679 secs] [Times: user=0,01 sys=0,00, real=0,03 secs] 
2015-01-18T14:08:30.304+0100: 8,618: [GC (Allocation Failure) 8,618: [ParNew: 3063K->317K(3072K), 0,0190127 secs] 217718K->215365K(229996K), 0,0190428 secs] [Times: user=0,01 sys=0,00, real=0,02 secs] 
2015-01-18T14:08:30.327+0100: 8,641: [GC (Allocation Failure) 8,641: [ParNew: 3063K->317K(3072K), 0,0159468 secs] 218111K->215758K(229996K), 0,0159924 secs] [Times: user=0,01 sys=0,00, real=0,01 secs] 
2015-01-18T14:08:30.347+0100: 8,661: [GC (Allocation Failure) 8,661: [ParNew: 3059K->317K(3072K), 0,0159225 secs] 218500K->216147K(229996K), 0,0159731 secs] [Times: user=0,00 sys=0,00, real=0,01 secs] 
2015-01-18T14:08:30.364+0100: 8,677: [GC (Allocation Failure) 8,678: [ParNew: 3063K->317K(3072K), 0,0151807 secs] 218893K->216540K(229996K), 0,0152150 secs] [Times: user=0,02 sys=0,00, real=0,02 secs] 
2015-01-18T14:08:30.383+0100: 8,697: [GC (Allocation Failure) 8,697: [ParNew: 3060K->317K(3072K), 0,0319334 secs] 219283K->216930K(229996K), 0,0319907 secs] [Times: user=0,01 sys=0,00, real=0,03 secs] 
2015-01-18T14:08:30.419+0100: 8,733: [GC (Allocation Failure) 8,733: [ParNew: 3062K->317K(3072K), 0,0119052 secs] 219490K->217137K(229996K), 0,0119647 secs] [Times: user=0,00 sys=0,00, real=0,01 secs] 
2015-01-18T14:08:30.433+0100: 8,746: [GC (Allocation Failure) 8,746: [ParNew: 3059K->317K(3072K), 0,0144408 secs] 219880K->217527K(229996K), 0,0145207 secs] [Times: user=0,00 sys=0,00, real=0,02 secs] 
2015-01-18T14:08:30.450+0100: 8,763: [CMS-concurrent-sweep: 0,008/0,184 secs] [Times: user=0,09 sys=0,00, real=0,19 secs] 
2015-01-18T14:08:30.452+0100: 8,765: [CMS-concurrent-reset-start]
2015-01-18T14:08:30.454+0100: 8,768: [CMS-concurrent-reset: 0,003/0,003 secs] [Times: user=0,00 sys=0,00, real=0,00 secs] 
2015-01-18T14:08:30.455+0100: 8,769: [GC (Allocation Failure) 8,769: [ParNew: 3063K->317K(3072K), 0,0159590 secs] 220273K->217920K(365092K), 0,0159926 secs] [Times: user=0,01 sys=0,00, real=0,02 secs] 
2015-01-18T14:08:30.475+0100: 8,789: [GC (Allocation Failure) 8,789: [ParNew: 3060K->317K(3072K), 0,0239682 secs] 220662K->218309K(365092K), 0,0239937 secs] [Times: user=0,01 sys=0,00, real=0,03 secs] 
2015-01-18T14:08:30.507+0100: 8,821: [GC (Allocation Failure) 8,821: [ParNew: 3062K->317K(3072K), 0,0159972 secs] 221055K->218702K(365092K), 0,0160231 secs] [Times: user=0,00 sys=0,00, real=0,01 secs] 
2015-01-18T14:08:30.531+0100: 8,845: [GC (Allocation Failure) 8,845: [ParNew: 3069K->317K(3072K), 0,0159944 secs] 221454K->219092K(365092K), 0,0160332 secs] [Times: user=0,00 sys=0,00, real=0,02 secs] 
2015-01-18T14:08:30.555+0100: 8,869: [GC (Allocation Failure) 8,869: [ParNew: 3063K->317K(3072K), 0,0079783 secs] 221837K->219484K(365092K), 0,0080159 secs] [Times: user=0,00 sys=0,00, real=0,01 secs] 
2015-01-18T14:08:30.571+0100: 8,885: [GC (Allocation Failure) 8,885: [ParNew: 3063K->317K(3072K), 0,0119763 secs] 222230K->219877K(365092K), 0,0120147 secs] [Times: user=0,01 sys=0,00, real=0,01 secs] 
2015-01-18T14:08:30.591+0100: 8,905: [GC (Allocation Failure) 8,905: [ParNew: 3059K->317K(3072K), 0,0079827 secs] 222619K->220267K(365092K), 0,0080188 secs] [Times: user=0,00 sys=0,00, real=0,01 secs] 
2015-01-18T14:08:30.604+0100: 8,917: [GC (Allocation Failure) 8,917: [ParNew: 3063K->317K(3072K), 0,0073232 secs] 223013K->220660K(365092K), 0,0073787 secs] [Times: user=0,01 sys=0,00, real=0,01 secs] 
2015-01-18T14:08:30.612+0100: 8,925: [GC (Allocation Failure) 8,925: [ParNew: 3060K->317K(3072K), 0,0073047 secs] 223402K->221049K(365092K), 0,0073383 secs] [Times: user=0,00 sys=0,00, real=0,01 secs] 
2015-01-18T14:08:30.620+0100: 8,934: [GC (Allocation Failure) 8,934: [ParNew: 3062K->317K(3072K), 0,0151058 secs] 223795K->221442K(365092K), 0,0151492 secs] [Times: user=0,01 sys=0,00, real=0,01 secs] 
2015-01-18T14:08:30.636+0100: 8,950: [GC (Allocation Failure) 8,950: [ParNew: 3059K->317K(3072K), 0,0110547 secs] 224184K->221831K(365092K), 0,0110921 secs] [Times: user=0,00 sys=0,00, real=0,02 secs] 
2015-01-18T14:08:30.648+0100: 8,962: [GC (Allocation Failure) 8,962: [ParNew: 3063K->317K(3072K), 0,0471283 secs] 224577K->222224K(365092K), 0,0471713 secs] [Times: user=0,01 sys=0,00, real=0,04 secs] 
2015-01-18T14:08:30.696+0100: 9,010: [GC (Allocation Failure) 9,010: [ParNew: 3060K->317K(3072K), 0,0110296 secs] 224967K->222614K(365092K), 0,0110593 secs] [Times: user=0,00 sys=0,00, real=0,02 secs] 
2015-01-18T14:08:30.708+0100: 9,021: [GC (Allocation Failure) 9,021: [ParNew: 3062K->317K(3072K), 0,0153260 secs] 225359K->223007K(365092K), 0,0153519 secs] [Times: user=0,01 sys=0,00, real=0,01 secs] 
2015-01-18T14:08:30.724+0100: 9,037: [GC (Allocation Failure) 9,037: [ParNew: 3069K->317K(3072K), 0,0112654 secs] 225759K->223396K(365092K), 0,0112955 secs] [Times: user=0,01 sys=0,00, real=0,01 secs] 
2015-01-18T14:08:30.736+0100: 9,049: [GC (Allocation Failure) 9,050: [ParNew: 3063K->317K(3072K), 0,0112292 secs] 226142K->223789K(365092K), 0,0112574 secs] [Times: user=0,01 sys=0,00, real=0,02 secs] 
2015-01-18T14:08:30.748+0100: 9,061: [GC (Allocation Failure) 9,061: [ParNew: 3063K->317K(3072K), 0,0112485 secs] 226535K->224182K(365092K), 0,0112820 secs] [Times: user=0,00 sys=0,00, real=0,01 secs] 
2015-01-18T14:08:30.760+0100: 9,074: [GC (Allocation Failure) 9,074: [ParNew: 3059K->317K(3072K), 0,0111234 secs] 226924K->224571K(365092K), 0,0111672 secs] [Times: user=0,01 sys=0,00, real=0,01 secs] 
2015-01-18T14:08:30.772+0100: 9,086: [GC (Allocation Failure) 9,086: [ParNew: 3063K->317K(3072K), 0,0150979 secs] 227317K->224964K(365092K), 0,0151433 secs] [Times: user=0,00 sys=0,00, real=0,02 secs] 
2015-01-18T14:08:30.788+0100: 9,102: [GC (Allocation Failure) 9,102: [ParNew: 3060K->317K(3072K), 0,0111299 secs] 227707K->225354K(365092K), 0,0111584 secs] [Times: user=0,00 sys=0,00, real=0,01 secs] 
2015-01-18T14:08:30.800+0100: 9,113: [GC (Allocation Failure) 9,113: [ParNew: 3062K->317K(3072K), 0,0106194 secs] 228099K->225746K(365092K), 0,0106659 secs] [Times: user=0,00 sys=0,00, real=0,01 secs] 
2015-01-18T14:08:30.811+0100: 9,125: [GC (Allocation Failure) 9,125: [ParNew: 3059K->317K(3072K), 0,0118008 secs] 228489K->226136K(365092K), 0,0118377 secs] [Times: user=0,01 sys=0,00, real=0,01 secs] 
2015-01-18T14:08:30.824+0100: 9,138: [GC (Allocation Failure) 9,138: [ParNew: 3063K->317K(3072K), 0,0111128 secs] 228882K->226529K(365092K), 0,0111530 secs] [Times: user=0,00 sys=0,00, real=0,01 secs] 
2015-01-18T14:08:30.836+0100: 9,150: [GC (Allocation Failure) 9,150: [ParNew: 3060K->317K(3072K), 0,0111260 secs] 229271K->226918K(365092K), 0,0111730 secs] [Times: user=0,01 sys=0,00, real=0,02 secs] 
2015-01-18T14:08:30.848+0100: 9,162: [GC (Allocation Failure) 9,162: [ParNew: 3062K->317K(3072K), 0,0151175 secs] 229664K->227311K(365092K), 0,0151763 secs] [Times: user=0,01 sys=0,00, real=0,01 secs] 
2015-01-18T14:08:30.875+0100: 9,189: [GC (Allocation Failure) 9,189: [ParNew: 3069K->317K(3072K), 0,0119890 secs] 230063K->227701K(365092K), 0,0120484 secs] [Times: user=0,01 sys=0,00, real=0,02 secs] 
2015-01-18T14:08:30.888+0100: 9,202: [GC (Allocation Failure) 9,202: [ParNew: 3063K->317K(3072K), 0,0110535 secs] 230446K->228094K(365092K), 0,0110898 secs] [Times: user=0,00 sys=0,00, real=0,01 secs] 
2015-01-18T14:08:30.915+0100: 9,229: [GC (Allocation Failure) 9,229: [ParNew: 3063K->317K(3072K), 0,0159867 secs] 230839K->228486K(365092K), 0,0160124 secs] [Times: user=0,01 sys=0,00, real=0,02 secs] 
2015-01-18T14:08:30.935+0100: 9,249: [GC (Allocation Failure) 9,249: [ParNew: 3059K->317K(3072K), 0,0159860 secs] 231229K->228876K(365092K), 0,0160102 secs] [Times: user=0,00 sys=0,00, real=0,02 secs] 
2015-01-18T14:08:30.959+0100: 9,273: [GC (Allocation Failure) 9,273: [ParNew: 3063K->317K(3072K), 0,0159867 secs] 231622K->229269K(365092K), 0,0160114 secs] [Times: user=0,00 sys=0,00, real=0,01 secs] 
2015-01-18T14:08:30.983+0100: 9,297: [GC (Allocation Failure) 9,297: [ParNew: 3060K->317K(3072K), 0,0199939 secs] 232011K->229658K(365092K), 0,0200332 secs] [Times: user=0,02 sys=0,00, real=0,02 secs] 
2015-01-18T14:08:31.011+0100: 9,325: [GC (Allocation Failure) 9,325: [ParNew: 3062K->317K(3072K), 0,0079782 secs] 232404K->230051K(365092K), 0,0080159 secs] [Times: user=0,00 sys=0,00, real=0,01 secs] 
2015-01-18T14:08:31.023+0100: 9,337: [GC (Allocation Failure) 9,337: [ParNew: 3059K->317K(3072K), 0,0119856 secs] 232793K->230441K(365092K), 0,0120212 secs] [Times: user=0,01 sys=0,00, real=0,01 secs] 
2015-01-18T14:08:31.043+0100: 9,357: [GC (Allocation Failure) 9,357: [ParNew: 3063K->317K(3072K), 0,0119761 secs] 233186K->230833K(365092K), 0,0120012 secs] [Times: user=0,01 sys=0,00, real=0,01 secs] 
2015-01-18T14:08:31.063+0100: 9,377: [GC (Allocation Failure) 9,377: [ParNew: 3060K->317K(3072K), 0,0199907 secs] 233576K->231223K(365092K), 0,0200168 secs] [Times: user=0,01 sys=0,00, real=0,02 secs] 
2015-01-18T14:08:31.087+0100: 9,401: [GC (Allocation Failure) 9,401: [ParNew: 3062K->317K(3072K), 0,0159755 secs] 233968K->231616K(365092K), 0,0159999 secs] [Times: user=0,00 sys=0,00, real=0,01 secs] 
2015-01-18T14:08:31.107+0100: 9,421: [GC (Allocation Failure) 9,421: [ParNew: 3069K->317K(3072K), 0,0199861 secs] 234368K->232005K(365092K), 0,0200111 secs] [Times: user=0,01 sys=0,00, real=0,02 secs] 
2015-01-18T14:08:31.131+0100: 9,445: [GC (Allocation Failure) 9,445: [ParNew: 3063K->317K(3072K), 0,0240231 secs] 234751K->232398K(365092K), 0,0240685 secs] [Times: user=0,00 sys=0,00, real=0,02 secs] 
2015-01-18T14:08:31.160+0100: 9,473: [GC (Allocation Failure) 9,474: [ParNew: 3063K->317K(3072K), 0,0151754 secs] 235144K->232791K(365092K), 0,0152185 secs] [Times: user=0,01 sys=0,00, real=0,01 secs] 
2015-01-18T14:08:31.183+0100: 9,497: [GC (Allocation Failure) 9,497: [ParNew: 3059K->317K(3072K), 0,0079748 secs] 235533K->233180K(365092K), 0,0080103 secs] [Times: user=0,01 sys=0,00, real=0,01 secs] 
2015-01-18T14:08:31.199+0100: 9,513: [GC (Allocation Failure) 9,513: [ParNew: 3066K->317K(3072K), 0,0119788 secs] 235930K->233931K(365092K), 0,0120128 secs] [Times: user=0,00 sys=0,00, real=0,01 secs] 
2015-01-18T14:08:31.219+0100: 9,533: [GC (Allocation Failure) 9,533: [ParNew: 3059K->317K(3072K), 0,0119942 secs] 236674K->234321K(365092K), 0,0120192 secs] [Times: user=0,00 sys=0,00, real=0,01 secs] 
2015-01-18T14:08:31.236+0100: 9,549: [GC (Allocation Failure) 9,549: [ParNew: 3063K->317K(3072K), 0,0112351 secs] 237067K->234714K(365092K), 0,0112698 secs] [Times: user=0,01 sys=0,00, real=0,02 secs] 
2015-01-18T14:08:31.252+0100: 9,565: [GC (Allocation Failure) 9,566: [ParNew: 3059K->317K(3072K), 0,0111810 secs] 237456K->235103K(365092K), 0,0112511 secs] [Times: user=0,00 sys=0,00, real=0,01 secs] 
2015-01-18T14:08:31.264+0100: 9,578: [GC (Allocation Failure) 9,578: [ParNew: 3063K->317K(3072K), 0,0112694 secs] 237849K->235496K(365092K), 0,0113055 secs] [Times: user=0,01 sys=0,00, real=0,01 secs] 
2015-01-18T14:08:31.276+0100: 9,590: [GC (Allocation Failure) 9,590: [ParNew: 3060K->317K(3072K), 0,0130560 secs] 238238K->235885K(365092K), 0,0131024 secs] [Times: user=0,00 sys=0,00, real=0,02 secs] 
2015-01-18T14:08:31.290+0100: 9,604: [GC (Allocation Failure) 9,604: [ParNew: 3062K->317K(3072K), 0,0089312 secs] 238631K->236278K(365092K), 0,0089609 secs] [Times: user=0,01 sys=0,00, real=0,01 secs] 
2015-01-18T14:08:31.300+0100: 9,613: [GC (Allocation Failure) 9,613: [ParNew: 3069K->317K(3072K), 0,0193267 secs] 239030K->236668K(365092K), 0,0193530 secs] [Times: user=0,00 sys=0,00, real=0,02 secs] 
2015-01-18T14:08:31.320+0100: 9,633: [GC (Allocation Failure) 9,633: [ParNew: 3063K->317K(3072K), 0,0152669 secs] 239413K->237061K(365092K), 0,0152919 secs] [Times: user=0,01 sys=0,00, real=0,01 secs] 
2015-01-18T14:08:31.336+0100: 9,649: [GC (Allocation Failure) 9,649: [ParNew: 3063K->317K(3072K), 0,0113551 secs] 239806K->237453K(365092K), 0,0113813 secs] [Times: user=0,01 sys=0,00, real=0,02 secs] 
2015-01-18T14:08:31.348+0100: 9,661: [GC (Allocation Failure) 9,661: [ParNew: 3059K->317K(3072K), 0,0112946 secs] 240196K->237843K(365092K), 0,0113323 secs] [Times: user=0,01 sys=0,00, real=0,01 secs] 
2015-01-18T14:08:31.360+0100: 9,674: [GC (Allocation Failure) 9,674: [ParNew: 3063K->317K(3072K), 0,0150693 secs] 240589K->238236K(365092K), 0,0151111 secs] [Times: user=0,00 sys=0,00, real=0,01 secs] 
2015-01-18T14:08:31.376+0100: 9,690: [GC (Allocation Failure) 9,690: [ParNew: 3060K->317K(3072K), 0,0110724 secs] 240978K->238625K(365092K), 0,0111017 secs] [Times: user=0,01 sys=0,00, real=0,02 secs] 
2015-01-18T14:08:31.388+0100: 9,701: [GC (Allocation Failure) 9,701: [ParNew: 3062K->317K(3072K), 0,0113274 secs] 241371K->239018K(365092K), 0,0113655 secs] [Times: user=0,00 sys=0,00, real=0,01 secs] 
2015-01-18T14:08:31.400+0100: 9,714: [GC (Allocation Failure) 9,714: [ParNew: 3059K->317K(3072K), 0,0191279 secs] 241760K->239408K(365092K), 0,0191665 secs] [Times: user=0,01 sys=0,00, real=0,02 secs] 
2015-01-18T14:08:31.420+0100: 9,734: [GC (Allocation Failure) 9,734: [ParNew: 3063K->317K(3072K), 0,0151071 secs] 242153K->239800K(365092K), 0,0151472 secs] [Times: user=0,00 sys=0,00, real=0,01 secs] 
2015-01-18T14:08:31.436+0100: 9,750: [GC (Allocation Failure) 9,750: [ParNew: 3060K->317K(3072K), 0,0150516 secs] 242543K->240190K(365092K), 0,0150901 secs] [Times: user=0,00 sys=0,00, real=0,02 secs] 
2015-01-18T14:08:31.452+0100: 9,766: [GC (Allocation Failure) 9,766: [ParNew: 3062K->317K(3072K), 0,0071106 secs] 242935K->240583K(365092K), 0,0071534 secs] [Times: user=0,00 sys=0,00, real=0,01 secs] 
2015-01-18T14:08:31.460+0100: 9,774: [GC (Allocation Failure) 9,774: [ParNew: 3069K->317K(3072K), 0,0071210 secs] 243335K->240972K(365092K), 0,0071567 secs] [Times: user=0,00 sys=0,00, real=0,01 secs] 
2015-01-18T14:08:31.468+0100: 9,782: [GC (Allocation Failure) 9,782: [ParNew: 3063K->317K(3072K), 0,0072650 secs] 243718K->241365K(365092K), 0,0073005 secs] [Times: user=0,00 sys=0,00, real=0,00 secs] 
2015-01-18T14:08:31.477+0100: 9,791: [GC (Allocation Failure) 9,791: [ParNew: 3063K->317K(3072K), 0,0099133 secs] 244111K->241758K(365092K), 0,0099716 secs] [Times: user=0,01 sys=0,00, real=0,02 secs] 
2015-01-18T14:08:31.496+0100: 9,809: [GC (Allocation Failure) 9,809: [ParNew: 3059K->317K(3072K), 0,0112216 secs] 244500K->242148K(365092K), 0,0112668 secs] [Times: user=0,00 sys=0,00, real=0,02 secs] 
2015-01-18T14:08:31.512+0100: 9,826: [GC (Allocation Failure) 9,826: [ParNew: 3063K->317K(3072K), 0,0051948 secs] 244893K->242540K(365092K), 0,0052647 secs] [Times: user=0,00 sys=0,00, real=0,00 secs] 
2015-01-18T14:08:31.518+0100: 9,832: [GC (Allocation Failure) 9,832: [ParNew: 3060K->317K(3072K), 0,0086783 secs] 245283K->242930K(365092K), 0,0087180 secs] [Times: user=0,00 sys=0,00, real=0,01 secs] 
2015-01-18T14:08:31.528+0100: 9,841: [GC (Allocation Failure) 9,841: [ParNew: 3062K->317K(3072K), 0,0021993 secs] 245675K->243323K(365092K), 0,0022349 secs] [Times: user=0,00 sys=0,00, real=0,00 secs] 
2015-01-18T14:08:31.532+0100: 9,845: [GC (Allocation Failure) 9,845: [ParNew: 3059K->317K(3072K), 0,0107805 secs] 246065K->243712K(365092K), 0,0108185 secs] [Times: user=0,00 sys=0,00, real=0,01 secs] 
2015-01-18T14:08:31.544+0100: 9,857: [GC (Allocation Failure) 9,857: [ParNew: 3063K->317K(3072K), 0,0022716 secs] 246458K->244105K(365092K), 0,0023065 secs] [Times: user=0,01 sys=0,00, real=0,00 secs] 
2015-01-18T14:08:31.547+0100: 9,860: [GC (Allocation Failure) 9,860: [ParNew: 3060K->317K(3072K), 0,0115893 secs] 246848K->244495K(365092K), 0,0116243 secs] [Times: user=0,00 sys=0,00, real=0,01 secs] 
2015-01-18T14:08:31.560+0100: 9,873: [GC (Allocation Failure) 9,873: [ParNew: 3062K->317K(3072K), 0,0022038 secs] 247240K->244887K(365092K), 0,0022378 secs] [Times: user=0,01 sys=0,00, real=0,00 secs] 
2015-01-18T14:08:31.564+0100: 9,877: [GC (Allocation Failure) 9,877: [ParNew: 3069K->317K(3072K), 0,0069845 secs] 247639K->245277K(365092K), 0,0070257 secs] [Times: user=0,00 sys=0,00, real=0,01 secs] 
2015-01-18T14:08:31.572+0100: 9,885: [GC (Allocation Failure) 9,885: [ParNew: 3063K->317K(3072K), 0,0023673 secs] 248022K->245670K(365092K), 0,0024053 secs] [Times: user=0,01 sys=0,00, real=0,00 secs] 
2015-01-18T14:08:31.576+0100: 9,889: [GC (Allocation Failure) 9,889: [ParNew: 3063K->317K(3072K), 0,0122013 secs] 248415K->246063K(365092K), 0,0122458 secs] [Times: user=0,00 sys=0,00, real=0,02 secs] 
2015-01-18T14:08:31.592+0100: 9,905: [GC (Allocation Failure) 9,905: [ParNew: 3059K->317K(3072K), 0,0023926 secs] 248805K->246452K(365092K), 0,0024288 secs] [Times: user=0,01 sys=0,00, real=0,00 secs] 
2015-01-18T14:08:31.596+0100: 9,909: [GC (Allocation Failure) 9,909: [ParNew: 3063K->317K(3072K), 0,0107447 secs] 249198K->246845K(365092K), 0,0107817 secs] [Times: user=0,00 sys=0,00, real=0,01 secs] 
2015-01-18T14:08:31.608+0100: 9,921: [GC (Allocation Failure) 9,921: [ParNew: 3060K->317K(3072K), 0,0021742 secs] 249587K->247234K(365092K), 0,0022077 secs] [Times: user=0,01 sys=0,00, real=0,00 secs] 
2015-01-18T14:08:31.612+0100: 9,925: [GC (Allocation Failure) 9,925: [ParNew: 3062K->317K(3072K), 0,0087874 secs] 249980K->247627K(365092K), 0,0088223 secs] [Times: user=0,00 sys=0,00, real=0,01 secs] 
2015-01-18T14:08:31.624+0100: 9,937: [GC (Allocation Failure) 9,937: [ParNew: 3059K->317K(3072K), 0,0021789 secs] 250370K->248017K(365092K), 0,0022141 secs] [Times: user=0,00 sys=0,00, real=0,00 secs] 
2015-01-18T14:08:31.628+0100: 9,941: [GC (Allocation Failure) 9,941: [ParNew: 3063K->317K(3072K), 0,0076494 secs] 250763K->248410K(365092K), 0,0077032 secs] [Times: user=0,01 sys=0,00, real=0,00 secs] 
2015-01-18T14:08:31.643+0100: 9,957: [GC (Allocation Failure) 9,957: [ParNew: 3060K->317K(3072K), 0,0119514 secs] 251152K->248799K(365092K), 0,0119899 secs] [Times: user=0,00 sys=0,00, real=0,01 secs] 
2015-01-18T14:08:31.660+0100: 9,973: [GC (Allocation Failure) 9,973: [ParNew: 3062K->317K(3072K), 0,0073413 secs] 251545K->249192K(365092K), 0,0073772 secs] [Times: user=0,01 sys=0,00, real=0,01 secs] 
2015-01-18T14:08:31.672+0100: 9,985: [GC (Allocation Failure) 9,985: [ParNew: 3069K->317K(3072K), 0,0112889 secs] 251944K->249581K(365092K), 0,0113314 secs] [Times: user=0,00 sys=0,00, real=0,01 secs] 
2015-01-18T14:08:31.684+0100: 9,998: [GC (Allocation Failure) 9,998: [ParNew: 3063K->317K(3072K), 0,0150271 secs] 252327K->249974K(365092K), 0,0150932 secs] [Times: user=0,01 sys=0,00, real=0,02 secs] 
2015-01-18T14:08:31.702+0100: 10,015: [GC (Allocation Failure) 10,016: [ParNew: 3063K->317K(3072K), 0,0091946 secs] 252720K->250367K(365092K), 0,0092565 secs] [Times: user=0,00 sys=0,00, real=0,01 secs] 
2015-01-18T14:08:31.719+0100: 10,033: [GC (Allocation Failure) 10,033: [ParNew: 3059K->317K(3072K), 0,0079671 secs] 253109K->250757K(365092K), 0,0080067 secs] [Times: user=0,00 sys=0,00, real=0,01 secs] 
2015-01-18T14:08:31.732+0100: 10,045: [GC (Allocation Failure) 10,045: [ParNew: 3063K->317K(3072K), 0,0074336 secs] 253503K->251149K(365092K), 0,0074702 secs] [Times: user=0,00 sys=0,00, real=0,01 secs] 
2015-01-18T14:08:31.744+0100: 10,057: [GC (Allocation Failure) 10,057: [ParNew: 3060K->317K(3072K), 0,0072628 secs] 253892K->251539K(365092K), 0,0073179 secs] [Times: user=0,00 sys=0,00, real=0,01 secs] 
2015-01-18T14:08:31.756+0100: 10,069: [GC (Allocation Failure) 10,069: [ParNew: 3062K->317K(3072K), 0,0033622 secs] 254284K->251932K(365092K), 0,0034106 secs] [Times: user=0,00 sys=0,00, real=0,01 secs] 
2015-01-18T14:08:31.764+0100: 10,077: [GC (Allocation Failure) 10,078: [ParNew: 3059K->317K(3072K), 0,0111741 secs] 254674K->252321K(365092K), 0,0112319 secs] [Times: user=0,01 sys=0,00, real=0,01 secs] 
2015-01-18T14:08:31.783+0100: 10,097: [GC (Allocation Failure) 10,097: [ParNew: 3063K->317K(3072K), 0,0119574 secs] 255067K->252714K(365092K), 0,0119864 secs] [Times: user=0,00 sys=0,00, real=0,01 secs] 
2015-01-18T14:08:31.800+0100: 10,113: [GC (Allocation Failure) 10,113: [ParNew: 3060K->317K(3072K), 0,0076576 secs] 255457K->253104K(365092K), 0,0076950 secs] [Times: user=0,00 sys=0,00, real=0,01 secs] 
2015-01-18T14:08:31.812+0100: 10,125: [GC (Allocation Failure) 10,125: [ParNew: 3062K->317K(3072K), 0,0074089 secs] 255849K->253497K(365092K), 0,0074477 secs] [Times: user=0,00 sys=0,00, real=0,01 secs] 
2015-01-18T14:08:31.824+0100: 10,137: [GC (Allocation Failure) 10,137: [ParNew: 3069K->317K(3072K), 0,0073682 secs] 256249K->253886K(365092K), 0,0074050 secs] [Times: user=0,00 sys=0,00, real=0,01 secs] 
2015-01-18T14:08:31.836+0100: 10,149: [GC (Allocation Failure) 10,149: [ParNew: 3063K->317K(3072K), 0,0073629 secs] 256632K->254279K(365092K), 0,0074005 secs] [Times: user=0,01 sys=0,00, real=0,01 secs] 
2015-01-18T14:08:31.848+0100: 10,162: [GC (Allocation Failure) 10,162: [ParNew: 3063K->317K(3072K), 0,0091927 secs] 257024K->254672K(365092K), 0,0092614 secs] [Times: user=0,00 sys=0,00, real=0,00 secs] 
2015-01-18T14:08:31.858+0100: 10,172: [GC (Allocation Failure) 10,172: [ParNew: 3059K->317K(3072K), 0,0090122 secs] 257414K->255061K(365092K), 0,0090606 secs] [Times: user=0,01 sys=0,00, real=0,02 secs] 
2015-01-18T14:08:31.871+0100: 10,185: [GC (Allocation Failure) 10,185: [ParNew: 3063K->317K(3072K), 0,0079719 secs] 257807K->255454K(365092K), 0,0080186 secs] [Times: user=0,00 sys=0,00, real=0,01 secs] 
2015-01-18T14:08:31.883+0100: 10,197: [GC (Allocation Failure) 10,197: [ParNew: 3060K->317K(3072K), 0,0159026 secs] 258197K->255844K(365092K), 0,0159762 secs] [Times: user=0,01 sys=0,00, real=0,02 secs] 
2015-01-18T14:08:31.904+0100: 10,217: [GC (Allocation Failure) 10,217: [ParNew: 3062K->317K(3072K), 0,0112416 secs] 258589K->256236K(365092K), 0,0112917 secs] [Times: user=0,01 sys=0,00, real=0,01 secs] 
2015-01-18T14:08:31.923+0100: 10,237: [GC (Allocation Failure) 10,237: [ParNew: 3059K->317K(3072K), 0,0119568 secs] 258979K->256626K(365092K), 0,0120073 secs] [Times: user=0,00 sys=0,00, real=0,01 secs] 
2015-01-18T14:08:31.940+0100: 10,253: [GC (Allocation Failure) 10,253: [ParNew: 3063K->317K(3072K), 0,0272440 secs] 259372K->257019K(365092K), 0,0272930 secs] [Times: user=0,03 sys=0,00, real=0,03 secs] 
2015-01-18T14:08:31.968+0100: 10,282: [GC (Allocation Failure) 10,282: [ParNew: 3060K->317K(3072K), 0,0070989 secs] 259761K->257408K(365092K), 0,0071458 secs] [Times: user=0,00 sys=0,00, real=0,00 secs] 
2015-01-18T14:08:31.977+0100: 10,291: [GC (Allocation Failure) 10,291: [ParNew: 3062K->317K(3072K), 0,0179891 secs] 260154K->257801K(365092K), 0,0180568 secs] [Times: user=0,01 sys=0,00, real=0,02 secs] 
2015-01-18T14:08:31.996+0100: 10,310: [GC (Allocation Failure) 10,310: [ParNew: 3069K->317K(3072K), 0,0070409 secs] 260553K->258191K(365092K), 0,0070945 secs] [Times: user=0,00 sys=0,00, real=0,01 secs] 
2015-01-18T14:08:32.004+0100: 10,318: [GC (Allocation Failure) 10,318: [ParNew: 3063K->317K(3072K), 0,0042992 secs] 260936K->258583K(365092K), 0,0043459 secs] [Times: user=0,01 sys=0,00, real=0,01 secs] 
2015-01-18T14:08:32.009+0100: 10,323: [GC (Allocation Failure) 10,323: [ParNew: 3063K->317K(3072K), 0,0060648 secs] 261329K->258976K(365092K), 0,0061106 secs] [Times: user=0,00 sys=0,00, real=0,00 secs] 
2015-01-18T14:08:32.016+0100: 10,330: [GC (Allocation Failure) 10,330: [ParNew: 3059K->317K(3072K), 0,0071156 secs] 261719K->259366K(365092K), 0,0071626 secs] [Times: user=0,00 sys=0,00, real=0,01 secs] 
2015-01-18T14:08:32.024+0100: 10,338: [GC (Allocation Failure) 10,338: [ParNew: 3063K->317K(3072K), 0,0025853 secs] 262112K->259759K(365092K), 0,0026324 secs] [Times: user=0,00 sys=0,00, real=0,00 secs] 
2015-01-18T14:08:32.028+0100: 10,341: [GC (Allocation Failure) 10,341: [ParNew: 3060K->317K(3072K), 0,0075397 secs] 262501K->260148K(365092K), 0,0075849 secs] [Times: user=0,00 sys=0,00, real=0,00 secs] 
2015-01-18T14:08:32.036+0100: 10,350: [GC (Allocation Failure) 10,350: [ParNew: 3062K->317K(3072K), 0,0031380 secs] 262894K->260541K(365092K), 0,0031829 secs] [Times: user=0,01 sys=0,00, real=0,01 secs] 
2015-01-18T14:08:32.040+0100: 10,354: [GC (Allocation Failure) 10,354: [ParNew: 3059K->317K(3072K), 0,0071536 secs] 263283K->260930K(365092K), 0,0071970 secs] [Times: user=0,00 sys=0,02, real=0,01 secs] 
2015-01-18T14:08:32.048+0100: 10,362: [GC (Allocation Failure) 10,362: [ParNew: 3063K->317K(3072K), 0,0026646 secs] 263676K->261323K(365092K), 0,0027100 secs] [Times: user=0,00 sys=0,00, real=0,00 secs] 
2015-01-18T14:08:32.052+0100: 10,365: [GC (Allocation Failure) 10,365: [ParNew: 3060K->317K(3072K), 0,0065023 secs] 264066K->261713K(365092K), 0,0065458 secs] [Times: user=0,00 sys=0,00, real=0,00 secs] 
2015-01-18T14:08:32.059+0100: 10,373: [GC (Allocation Failure) 10,373: [ParNew: 3062K->317K(3072K), 0,0030253 secs] 264458K->262106K(365092K), 0,0030687 secs] [Times: user=0,01 sys=0,00, real=0,01 secs] 
2015-01-18T14:08:32.063+0100: 10,376: [GC (Allocation Failure) 10,376: [ParNew: 3069K->317K(3072K), 0,0063565 secs] 264858K->262495K(365092K), 0,0063996 secs] [Times: user=0,01 sys=0,00, real=0,01 secs] 
2015-01-18T14:08:32.070+0100: 10,384: [GC (Allocation Failure) 10,384: [ParNew: 3063K->317K(3072K), 0,0038609 secs] 265241K->262888K(365092K), 0,0039052 secs] [Times: user=0,00 sys=0,00, real=0,00 secs] 
2015-01-18T14:08:32.075+0100: 10,388: [GC (Allocation Failure) 10,388: [ParNew: 3063K->317K(3072K), 0,0026178 secs] 265634K->263281K(365092K), 0,0026606 secs] [Times: user=0,00 sys=0,00, real=0,00 secs] 
2015-01-18T14:08:32.078+0100: 10,392: [GC (Allocation Failure) 10,392: [ParNew: 3059K->317K(3072K), 0,0083845 secs] 266023K->263670K(365092K), 0,0084376 secs] [Times: user=0,01 sys=0,00, real=0,01 secs] 
2015-01-18T14:08:32.088+0100: 10,401: [GC (Allocation Failure) 10,401: [ParNew: 3063K->317K(3072K), 0,0027437 secs] 266416K->264063K(365092K), 0,0027871 secs] [Times: user=0,01 sys=0,00, real=0,00 secs] 
2015-01-18T14:08:32.091+0100: 10,405: [GC (Allocation Failure) 10,405: [ParNew: 3060K->317K(3072K), 0,0073574 secs] 266806K->264453K(365092K), 0,0074063 secs] [Times: user=0,00 sys=0,00, real=0,00 secs] 
2015-01-18T14:08:32.099+0100: 10,413: [GC (Allocation Failure) 10,413: [ParNew: 3062K->317K(3072K), 0,0027370 secs] 267198K->264846K(365092K), 0,0027842 secs] [Times: user=0,00 sys=0,00, real=0,00 secs] 
2015-01-18T14:08:32.103+0100: 10,417: [GC (Allocation Failure) 10,417: [ParNew: 3059K->317K(3072K), 0,0071739 secs] 267588K->265235K(365092K), 0,0072187 secs] [Times: user=0,01 sys=0,00, real=0,01 secs] 
2015-01-18T14:08:32.111+0100: 10,425: [GC (Allocation Failure) 10,425: [ParNew: 3063K->317K(3072K), 0,0027129 secs] 267981K->265628K(365092K), 0,0027728 secs] [Times: user=0,00 sys=0,00, real=0,00 secs] 
2015-01-18T14:08:32.115+0100: 10,428: [GC (Allocation Failure) 10,428: [ParNew: 3060K->317K(3072K), 0,0072147 secs] 268370K->266017K(365092K), 0,0072590 secs] [Times: user=0,01 sys=0,00, real=0,01 secs] 
2015-01-18T14:08:32.123+0100: 10,436: [GC (Allocation Failure) 10,436: [ParNew: 3062K->317K(3072K), 0,0026687 secs] 268763K->266410K(365092K), 0,0027126 secs] [Times: user=0,00 sys=0,00, real=0,00 secs] 
2015-01-18T14:08:32.126+0100: 10,440: [GC (Allocation Failure) 10,440: [ParNew: 3069K->317K(3072K), 0,0071451 secs] 269162K->266800K(365092K), 0,0071900 secs] [Times: user=0,01 sys=0,00, real=0,01 secs] 
2015-01-18T14:08:32.134+0100: 10,448: [GC (Allocation Failure) 10,448: [ParNew: 3063K->317K(3072K), 0,0050934 secs] 269545K->267193K(365092K), 0,0051646 secs] [Times: user=0,01 sys=0,00, real=0,01 secs] 
2015-01-18T14:08:32.141+0100: 10,454: [GC (Allocation Failure) 10,454: [ParNew: 3063K->317K(3072K), 0,0098085 secs] 269938K->267585K(365092K), 0,0098697 secs] [Times: user=0,01 sys=0,00, real=0,01 secs] 
2015-01-18T14:08:32.151+0100: 10,465: [GC (Allocation Failure) 10,465: [ParNew: 3059K->317K(3072K), 0,0031173 secs] 270328K->267975K(365092K), 0,0031698 secs] [Times: user=0,00 sys=0,00, real=0,00 secs] 
2015-01-18T14:08:32.156+0100: 10,469: [GC (Allocation Failure) 10,469: [ParNew: 3063K->317K(3072K), 0,0076498 secs] 270721K->268368K(365092K), 0,0076996 secs] [Times: user=0,01 sys=0,00, real=0,01 secs] 
2015-01-18T14:08:32.164+0100: 10,478: [GC (Allocation Failure) 10,478: [ParNew: 3060K->317K(3072K), 0,0029812 secs] 271110K->268757K(365092K), 0,0030679 secs] [Times: user=0,00 sys=0,00, real=0,01 secs] 
2015-01-18T14:08:32.168+0100: 10,482: [GC (Allocation Failure) 10,482: [ParNew: 3062K->317K(3072K), 0,0080877 secs] 271503K->269150K(365092K), 0,0081465 secs] [Times: user=0,01 sys=0,01, real=0,00 secs] 
2015-01-18T14:08:32.177+0100: 10,491: [GC (Allocation Failure) 10,491: [ParNew: 3059K->317K(3072K), 0,0085326 secs] 271892K->269540K(365092K), 0,0085861 secs] [Times: user=0,01 sys=0,00, real=0,01 secs] 
2015-01-18T14:08:32.187+0100: 10,500: [GC (Allocation Failure) 10,500: [ParNew: 3063K->317K(3072K), 0,0032972 secs] 272285K->269932K(365092K), 0,0033543 secs] [Times: user=0,00 sys=0,00, real=0,01 secs] 
2015-01-18T14:08:32.191+0100: 10,504: [GC (Allocation Failure) 10,504: [ParNew: 3060K->317K(3072K), 0,0030064 secs] 272675K->270322K(365092K), 0,0030509 secs] [Times: user=0,00 sys=0,00, real=0,00 secs] 
2015-01-18T14:08:32.195+0100: 10,508: [GC (Allocation Failure) 10,508: [ParNew: 3062K->317K(3072K), 0,0029931 secs] 273067K->270715K(365092K), 0,0030364 secs] [Times: user=0,01 sys=0,00, real=0,00 secs] 
2015-01-18T14:08:32.199+0100: 10,512: [GC (Allocation Failure) 10,512: [ParNew: 3069K->317K(3072K), 0,0027714 secs] 273467K->271104K(365092K), 0,0028190 secs] [Times: user=0,00 sys=0,00, real=0,01 secs] 
2015-01-18T14:08:32.202+0100: 10,516: [GC (Allocation Failure) 10,516: [ParNew: 3063K->317K(3072K), 0,0031759 secs] 273850K->271497K(365092K), 0,0032270 secs] [Times: user=0,01 sys=0,00, real=0,00 secs] 
2015-01-18T14:08:32.206+0100: 10,520: [GC (Allocation Failure) 10,520: [ParNew: 3063K->317K(3072K), 0,0026979 secs] 274243K->271890K(365092K), 0,0027421 secs] [Times: user=0,00 sys=0,00, real=0,01 secs] 
2015-01-18T14:08:32.210+0100: 10,523: [GC (Allocation Failure) 10,523: [ParNew: 3059K->317K(3072K), 0,0043712 secs] 274632K->272280K(365092K), 0,0044143 secs] [Times: user=0,01 sys=0,00, real=0,00 secs] 
2015-01-18T14:08:32.215+0100: 10,529: [GC (Allocation Failure) 10,529: [ParNew: 3063K->317K(3072K), 0,0026829 secs] 275025K->272672K(365092K), 0,0027493 secs] [Times: user=0,00 sys=0,01, real=0,00 secs] 
2015-01-18T14:08:32.219+0100: 10,532: [GC (Allocation Failure) 10,532: [ParNew: 3060K->317K(3072K), 0,0048060 secs] 275415K->273062K(365092K), 0,0048472 secs] [Times: user=0,00 sys=0,00, real=0,01 secs] 
2015-01-18T14:08:32.224+0100: 10,538: [GC (Allocation Failure) 10,538: [ParNew: 3062K->317K(3072K), 0,0035874 secs] 275807K->273455K(365092K), 0,0036403 secs] [Times: user=0,00 sys=0,00, real=0,01 secs] 
2015-01-18T14:08:32.229+0100: 10,542: [GC (Allocation Failure) 10,542: [ParNew: 3059K->317K(3072K), 0,0050004 secs] 276197K->273844K(365092K), 0,0050472 secs] [Times: user=0,01 sys=0,00, real=0,00 secs] 
2015-01-18T14:08:32.235+0100: 10,548: [GC (Allocation Failure) 10,548: [ParNew: 3063K->317K(3072K), 0,0050892 secs] 276590K->274237K(365092K), 0,0051333 secs] [Times: user=0,00 sys=0,00, real=0,01 secs] 
2015-01-18T14:08:32.241+0100: 10,554: [GC (Allocation Failure) 10,554: [ParNew: 3060K->317K(3072K), 0,0047332 secs] 276980K->274627K(365092K), 0,0047752 secs] [Times: user=0,00 sys=0,01, real=0,00 secs] 
2015-01-18T14:08:32.246+0100: 10,560: [GC (Allocation Failure) 10,560: [ParNew: 3062K->317K(3072K), 0,0048497 secs] 277372K->275019K(365092K), 0,0048926 secs] [Times: user=0,00 sys=0,01, real=0,01 secs] 
2015-01-18T14:08:32.252+0100: 10,566: [GC (Allocation Failure) 10,566: [ParNew: 3069K->317K(3072K), 0,0026099 secs] 277771K->275409K(365092K), 0,0026530 secs] [Times: user=0,00 sys=0,00, real=0,00 secs] 
2015-01-18T14:08:32.256+0100: 10,569: [GC (Allocation Failure) 10,569: [ParNew: 3063K->317K(3072K), 0,0049526 secs] 278154K->275802K(365092K), 0,0049946 secs] [Times: user=0,00 sys=0,00, real=0,01 secs] 
2015-01-18T14:08:32.261+0100: 10,575: [GC (Allocation Failure) 10,575: [ParNew: 3063K->317K(3072K), 0,0049064 secs] 278547K->276195K(365092K), 0,0049493 secs] [Times: user=0,01 sys=0,00, real=0,00 secs] 
2015-01-18T14:08:32.267+0100: 10,581: [GC (Allocation Failure) 10,581: [ParNew: 3059K->317K(3072K), 0,0032727 secs] 278937K->276584K(365092K), 0,0033179 secs] [Times: user=0,00 sys=0,00, real=0,00 secs] 
2015-01-18T14:08:32.271+0100: 10,585: [GC (Allocation Failure) 10,585: [ParNew: 3063K->317K(3072K), 0,0078136 secs] 279330K->276977K(365092K), 0,0078630 secs] [Times: user=0,01 sys=0,00, real=0,01 secs] 
2015-01-18T14:08:32.280+0100: 10,594: [GC (Allocation Failure) 10,594: [ParNew: 3060K->317K(3072K), 0,0151235 secs] 279719K->277366K(365092K), 0,0151791 secs] [Times: user=0,01 sys=0,00, real=0,01 secs] 
2015-01-18T14:08:32.296+0100: 10,610: [GC (Allocation Failure) 10,610: [ParNew: 3062K->317K(3072K), 0,0027899 secs] 280112K->277759K(365092K), 0,0028375 secs] [Times: user=0,00 sys=0,00, real=0,00 secs] 
2015-01-18T14:08:32.300+0100: 10,613: [GC (Allocation Failure) 10,613: [ParNew: 3059K->317K(3072K), 0,0074160 secs] 280501K->278149K(365092K), 0,0074608 secs] [Times: user=0,00 sys=0,01, real=0,01 secs] 
2015-01-18T14:08:32.308+0100: 10,622: [GC (Allocation Failure) 10,622: [ParNew: 3063K->317K(3072K), 0,0048233 secs] 280895K->278542K(365092K), 0,0048678 secs] [Times: user=0,01 sys=0,00, real=0,00 secs] 
2015-01-18T14:08:32.314+0100: 10,627: [GC (Allocation Failure) 10,627: [ParNew: 3060K->317K(3072K), 0,0027751 secs] 281284K->278931K(365092K), 0,0028177 secs] [Times: user=0,00 sys=0,00, real=0,00 secs] 
2015-01-18T14:08:32.317+0100: 10,631: [GC (Allocation Failure) 10,631: [ParNew: 3062K->317K(3072K), 0,0066754 secs] 281677K->279324K(365092K), 0,0067201 secs] [Times: user=0,01 sys=0,00, real=0,01 secs] 
2015-01-18T14:08:32.325+0100: 10,638: [GC (Allocation Failure) 10,638: [ParNew: 3069K->317K(3072K), 0,0026756 secs] 282076K->279713K(365092K), 0,0027196 secs] [Times: user=0,00 sys=0,00, real=0,01 secs] 
2015-01-18T14:08:32.328+0100: 10,642: [GC (Allocation Failure) 10,642: [ParNew: 3063K->317K(3072K), 0,0069830 secs] 282459K->280106K(365092K), 0,0070251 secs] [Times: user=0,01 sys=0,00, real=0,00 secs] 
2015-01-18T14:08:32.336+0100: 10,650: [GC (Allocation Failure) 10,650: [ParNew: 3063K->317K(3072K), 0,0026248 secs] 282852K->280499K(365092K), 0,0026664 secs] [Times: user=0,00 sys=0,00, real=0,00 secs] 
2015-01-18T14:08:32.340+0100: 10,653: [GC (Allocation Failure) 10,653: [ParNew: 3059K->317K(3072K), 0,0069498 secs] 283241K->280889K(365092K), 0,0069925 secs] [Times: user=0,01 sys=0,00, real=0,00 secs] 
2015-01-18T14:08:32.348+0100: 10,661: [GC (Allocation Failure) 10,661: [ParNew: 3063K->317K(3072K), 0,0026454 secs] 283635K->281281K(365092K), 0,0026879 secs] [Times: user=0,01 sys=0,00, real=0,00 secs] 
2015-01-18T14:08:32.351+0100: 10,665: [GC (Allocation Failure) 10,665: [ParNew: 3060K->317K(3072K), 0,0070878 secs] 284024K->281671K(365092K), 0,0071307 secs] [Times: user=0,01 sys=0,00, real=0,00 secs] 
2015-01-18T14:08:32.359+0100: 10,673: [GC (Allocation Failure) 10,673: [ParNew: 3062K->317K(3072K), 0,0028152 secs] 284416K->282064K(365092K), 0,0028596 secs] [Times: user=0,00 sys=0,00, real=0,01 secs] 
2015-01-18T14:08:32.363+0100: 10,676: [GC (Allocation Failure) 10,676: [ParNew: 3059K->317K(3072K), 0,0065793 secs] 284806K->282453K(365092K), 0,0066233 secs] [Times: user=0,00 sys=0,00, real=0,01 secs] 
2015-01-18T14:08:32.370+0100: 10,684: [GC (Allocation Failure) 10,684: [ParNew: 3063K->317K(3072K), 0,0038530 secs] 285199K->282846K(365092K), 0,0038992 secs] [Times: user=0,00 sys=0,00, real=0,00 secs] 
2015-01-18T14:08:32.375+0100: 10,688: [GC (Allocation Failure) 10,688: [ParNew: 3060K->317K(3072K), 0,0025568 secs] 285589K->283236K(365092K), 0,0026006 secs] [Times: user=0,01 sys=0,00, real=0,00 secs] 
2015-01-18T14:08:32.378+0100: 10,692: [GC (Allocation Failure) 10,692: [ParNew: 3062K->317K(3072K), 0,0056711 secs] 285981K->283629K(365092K), 0,0057145 secs] [Times: user=0,00 sys=0,00, real=0,01 secs] 
2015-01-18T14:08:32.385+0100: 10,698: [GC (Allocation Failure) 10,698: [ParNew: 3069K->317K(3072K), 0,0030425 secs] 286381K->284018K(365092K), 0,0030853 secs] [Times: user=0,01 sys=0,00, real=0,01 secs] 
2015-01-18T14:08:32.389+0100: 10,702: [GC (Allocation Failure) 10,702: [ParNew: 3063K->317K(3072K), 0,0061127 secs] 286764K->284411K(365092K), 0,0061561 secs] [Times: user=0,00 sys=0,01, real=0,00 secs] 
2015-01-18T14:08:32.396+0100: 10,709: [GC (Allocation Failure) 10,709: [ParNew: 3063K->317K(3072K), 0,0026487 secs] 287156K->284804K(365092K), 0,0026934 secs] [Times: user=0,00 sys=0,00, real=0,00 secs] 
2015-01-18T14:08:32.399+0100: 10,713: [GC (Allocation Failure) 10,713: [ParNew: 3059K->317K(3072K), 0,0118691 secs] 287546K->285193K(365092K), 0,0119146 secs] [Times: user=0,01 sys=0,00, real=0,01 secs] 
2015-01-18T14:08:32.412+0100: 10,726: [GC (Allocation Failure) 10,726: [ParNew: 3063K->317K(3072K), 0,0110676 secs] 287939K->285586K(365092K), 0,0111143 secs] [Times: user=0,01 sys=0,00, real=0,01 secs] 
2015-01-18T14:08:32.424+0100: 10,738: [GC (Allocation Failure) 10,738: [ParNew: 3060K->317K(3072K), 0,0032670 secs] 288329K->285976K(365092K), 0,0033103 secs] [Times: user=0,01 sys=0,00, real=0,01 secs] 
2015-01-18T14:08:32.428+0100: 10,742: [GC (Allocation Failure) 10,742: [ParNew: 3062K->317K(3072K), 0,0109895 secs] 288721K->286368K(365092K), 0,0110342 secs] [Times: user=0,01 sys=0,00, real=0,01 secs] 
2015-01-18T14:08:32.440+0100: 10,754: [GC (Allocation Failure) 10,754: [ParNew: 3059K->317K(3072K), 0,0071441 secs] 289111K->286758K(365092K), 0,0071907 secs] [Times: user=0,00 sys=0,00, real=0,01 secs] 
2015-01-18T14:08:32.448+0100: 10,762: [GC (Allocation Failure) 10,762: [ParNew: 3063K->317K(3072K), 0,0110873 secs] 289504K->287151K(365092K), 0,0111365 secs] [Times: user=0,01 sys=0,00, real=0,01 secs] 
2015-01-18T14:08:32.460+0100: 10,774: [GC (Allocation Failure) 10,774: [ParNew: 3060K->317K(3072K), 0,0110962 secs] 289893K->287540K(365092K), 0,0111433 secs] [Times: user=0,00 sys=0,00, real=0,01 secs] 
2015-01-18T14:08:32.472+0100: 10,786: [GC (Allocation Failure) 10,786: [ParNew: 3062K->317K(3072K), 0,0071350 secs] 290286K->287933K(365092K), 0,0071820 secs] [Times: user=0,00 sys=0,00, real=0,01 secs] 
2015-01-18T14:08:32.480+0100: 10,794: [GC (Allocation Failure) 10,794: [ParNew: 3069K->317K(3072K), 0,0111284 secs] 290685K->288323K(365092K), 0,0111891 secs] [Times: user=0,00 sys=0,00, real=0,01 secs] 
2015-01-18T14:08:32.492+0100: 10,806: [GC (Allocation Failure) 10,806: [ParNew: 3063K->317K(3072K), 0,0109994 secs] 291068K->288715K(365092K), 0,0110484 secs] [Times: user=0,00 sys=0,00, real=0,01 secs] 
2015-01-18T14:08:32.507+0100: 10,821: [GC (Allocation Failure) 10,821: [ParNew: 3063K->317K(3072K), 0,0079633 secs] 291461K->289108K(365092K), 0,0080200 secs] [Times: user=0,00 sys=0,00, real=0,00 secs] 
2015-01-18T14:08:32.519+0100: 10,833: [GC (Allocation Failure) 10,833: [ParNew: 3059K->317K(3072K), 0,0079728 secs] 291851K->289498K(365092K), 0,0080183 secs] [Times: user=0,00 sys=0,00, real=0,01 secs] 
2015-01-18T14:08:32.531+0100: 10,845: [GC (Allocation Failure) 10,845: [ParNew: 3063K->317K(3072K), 0,0041658 secs] 292244K->289891K(365092K), 0,0042120 secs] [Times: user=0,01 sys=0,00, real=0,00 secs] 
2015-01-18T14:08:32.536+0100: 10,850: [GC (Allocation Failure) 10,850: [ParNew: 3060K->317K(3072K), 0,0069691 secs] 292633K->290280K(365092K), 0,0070159 secs] [Times: user=0,01 sys=0,00, real=0,01 secs] 
2015-01-18T14:08:32.544+0100: 10,858: [GC (Allocation Failure) 10,858: [ParNew: 3062K->317K(3072K), 0,0110728 secs] 293026K->290673K(365092K), 0,0111199 secs] [Times: user=0,00 sys=0,00, real=0,01 secs] 
2015-01-18T14:08:32.556+0100: 10,870: [GC (Allocation Failure) 10,870: [ParNew: 3059K->317K(3072K), 0,0231051 secs] 293415K->291062K(365092K), 0,0231350 secs] [Times: user=0,01 sys=0,00, real=0,03 secs] 
2015-01-18T14:08:32.580+0100: 10,893: [GC (Allocation Failure) 10,893: [ParNew: 3063K->317K(3072K), 0,0193247 secs] 293808K->291455K(365092K), 0,0193500 secs] [Times: user=0,01 sys=0,00, real=0,02 secs] 
2015-01-18T14:08:32.600+0100: 10,913: [GC (Allocation Failure) 10,913: [ParNew: 3060K->317K(3072K), 0,0153822 secs] 294198K->291845K(365092K), 0,0154258 secs] [Times: user=0,01 sys=0,00, real=0,01 secs] 
2015-01-18T14:08:32.616+0100: 10,930: [GC (Allocation Failure) 10,930: [ParNew: 3062K->317K(3072K), 0,0151000 secs] 294590K->292238K(365092K), 0,0151291 secs] [Times: user=0,01 sys=0,00, real=0,02 secs] 
2015-01-18T14:08:32.632+0100: 10,945: [GC (Allocation Failure) 10,945: [ParNew: 3069K->317K(3072K), 0,0153670 secs] 294990K->292627K(365092K), 0,0154156 secs] [Times: user=0,00 sys=0,00, real=0,02 secs] 
2015-01-18T14:08:32.648+0100: 10,962: [GC (Allocation Failure) 10,962: [ParNew: 3063K->317K(3072K), 0,0190531 secs] 295373K->293020K(365092K), 0,0190853 secs] [Times: user=0,00 sys=0,00, real=0,02 secs] 
2015-01-18T14:08:32.668+0100: 10,981: [GC (Allocation Failure) 10,981: [ParNew: 3063K->317K(3072K), 0,0155819 secs] 295766K->293413K(365092K), 0,0156132 secs] [Times: user=0,00 sys=0,00, real=0,01 secs] 
2015-01-18T14:08:32.684+0100: 10,998: [GC (Allocation Failure) 10,998: [ParNew: 3059K->317K(3072K), 0,0148623 secs] 296155K->293802K(365092K), 0,0149090 secs] [Times: user=0,00 sys=0,00, real=0,02 secs] 
2015-01-18T14:08:32.704+0100: 11,017: [GC (Allocation Failure) 11,017: [ParNew: 3063K->317K(3072K), 0,0151904 secs] 296548K->294195K(365092K), 0,0152240 secs] [Times: user=0,01 sys=0,00, real=0,02 secs] 
2015-01-18T14:08:32.724+0100: 11,037: [GC (Allocation Failure) 11,037: [ParNew: 3060K->317K(3072K), 0,0113913 secs] 296938K->294585K(365092K), 0,0114181 secs] [Times: user=0,00 sys=0,00, real=0,01 secs] 
2015-01-18T14:08:32.736+0100: 11,049: [GC (Allocation Failure) 11,049: [ParNew: 3062K->317K(3072K), 0,0233279 secs] 297330K->294978K(365092K), 0,0233714 secs] [Times: user=0,01 sys=0,00, real=0,03 secs] 
2015-01-18T14:08:32.760+0100: 11,074: [GC (Allocation Failure) 11,074: [ParNew: 3059K->317K(3072K), 0,0191360 secs] 297720K->295367K(365092K), 0,0191832 secs] [Times: user=0,00 sys=0,00, real=0,02 secs] 
2015-01-18T14:08:32.780+0100: 11,094: [GC (Allocation Failure) 11,094: [ParNew: 3063K->317K(3072K), 0,0111181 secs] 298113K->295760K(365092K), 0,0111686 secs] [Times: user=0,01 sys=0,00, real=0,01 secs] 
2015-01-18T14:08:32.792+0100: 11,106: [GC (Allocation Failure) 11,106: [ParNew: 3060K->317K(3072K), 0,0150728 secs] 298502K->296149K(365092K), 0,0151254 secs] [Times: user=0,00 sys=0,00, real=0,02 secs] 
2015-01-18T14:08:32.808+0100: 11,122: [GC (Allocation Failure) 11,122: [ParNew: 3062K->317K(3072K), 0,3790983 secs] 298895K->296542K(365092K), 0,3791613 secs] [Times: user=0,20 sys=0,37, real=0,38 secs] 
2015-01-18T14:08:33.188+0100: 11,502: [GC (Allocation Failure) 11,502: [ParNew: 3069K->317K(3072K), 0,0149554 secs] 299294K->296932K(365092K), 0,0150236 secs] [Times: user=0,00 sys=0,00, real=0,01 secs] 
2015-01-18T14:08:33.207+0100: 11,521: [GC (Allocation Failure) 11,521: [ParNew: 3063K->317K(3072K), 0,0159717 secs] 299677K->297325K(365092K), 0,0160176 secs] [Times: user=0,01 sys=0,00, real=0,01 secs] 
2015-01-18T14:08:33.231+0100: 11,545: [GC (Allocation Failure) 11,545: [ParNew: 3063K->317K(3072K), 0,0119776 secs] 300070K->297717K(365092K), 0,0120176 secs] [Times: user=0,00 sys=0,00, real=0,01 secs] 
2015-01-18T14:08:33.251+0100: 11,565: [GC (Allocation Failure) 11,565: [ParNew: 3059K->317K(3072K), 0,0119806 secs] 300460K->298107K(365092K), 0,0120172 secs] [Times: user=0,00 sys=0,00, real=0,01 secs] 
2015-01-18T14:08:33.271+0100: 11,585: [GC (Allocation Failure) 11,585: [ParNew: 3063K->317K(3072K), 0,0043465 secs] 300853K->298500K(365092K), 0,0043843 secs] [Times: user=0,00 sys=0,00, real=0,00 secs] 
2015-01-18T14:08:33.279+0100: 11,593: [GC (Allocation Failure) 11,593: [ParNew: 3060K->317K(3072K), 0,0064815 secs] 301242K->298889K(365092K), 0,0065396 secs] [Times: user=0,00 sys=0,00, real=0,00 secs] 
2015-01-18T14:08:33.288+0100: 11,601: [GC (Allocation Failure) 11,601: [ParNew: 3062K->317K(3072K), 0,0160637 secs] 301635K->299282K(365092K), 0,0161088 secs] [Times: user=0,01 sys=0,00, real=0,01 secs] 
2015-01-18T14:08:33.307+0100: 11,621: [GC (Allocation Failure) 11,621: [ParNew: 3059K->317K(3072K), 0,0119965 secs] 302024K->299672K(365092K), 0,0120226 secs] [Times: user=0,00 sys=0,00, real=0,01 secs] 
2015-01-18T14:08:33.324+0100: 11,637: [GC (Allocation Failure) 11,637: [ParNew: 3063K->317K(3072K), 0,0105378 secs] 302417K->300064K(365092K), 0,0105818 secs] [Times: user=0,01 sys=0,00, real=0,01 secs] 
2015-01-18T14:08:33.340+0100: 11,653: [GC (Allocation Failure) 11,653: [ParNew: 3060K->317K(3072K), 0,0073895 secs] 302807K->300454K(365092K), 0,0074281 secs] [Times: user=0,00 sys=0,00, real=0,01 secs] 
2015-01-18T14:08:33.348+0100: 11,661: [GC (Allocation Failure) 11,661: [ParNew: 3062K->317K(3072K), 0,0071837 secs] 303199K->300847K(365092K), 0,0072219 secs] [Times: user=0,00 sys=0,00, real=0,00 secs] 
2015-01-18T14:08:33.356+0100: 11,669: [GC (Allocation Failure) 11,669: [ParNew: 3069K->317K(3072K), 0,0074756 secs] 303599K->301236K(365092K), 0,0075117 secs] [Times: user=0,00 sys=0,00, real=0,01 secs] 
2015-01-18T14:08:33.364+0100: 11,677: [GC (Allocation Failure) 11,677: [ParNew: 3063K->317K(3072K), 0,0034017 secs] 303982K->301629K(365092K), 0,0034376 secs] [Times: user=0,00 sys=0,00, real=0,01 secs] 
2015-01-18T14:08:33.368+0100: 11,682: [GC (Allocation Failure) 11,682: [ParNew: 3063K->317K(3072K), 0,0151500 secs] 304375K->302022K(365092K), 0,0151883 secs] [Times: user=0,01 sys=0,00, real=0,01 secs] 
2015-01-18T14:08:33.387+0100: 11,701: [GC (Allocation Failure) 11,701: [ParNew: 3059K->317K(3072K), 0,0040626 secs] 304764K->302411K(365092K), 0,0041256 secs] [Times: user=0,00 sys=0,00, real=0,00 secs] 
2015-01-18T14:08:33.392+0100: 11,706: [GC (Allocation Failure) 11,706: [ParNew: 3063K->317K(3072K), 0,0031388 secs] 305157K->302804K(365092K), 0,0031861 secs] [Times: user=0,00 sys=0,00, real=0,00 secs] 
2015-01-18T14:08:33.396+0100: 11,710: [GC (Allocation Failure) 11,710: [ParNew: 3060K->317K(3072K), 0,0070795 secs] 305547K->303194K(365092K), 0,0071268 secs] [Times: user=0,00 sys=0,00, real=0,01 secs] 
2015-01-18T14:08:33.404+0100: 11,718: [GC (Allocation Failure) 11,718: [ParNew: 3062K->317K(3072K), 0,0070718 secs] 305939K->303587K(365092K), 0,0071195 secs] [Times: user=0,01 sys=0,00, real=0,01 secs] 
2015-01-18T14:08:33.412+0100: 11,726: [GC (Allocation Failure) 11,726: [ParNew: 3059K->317K(3072K), 0,0071438 secs] 306329K->303976K(365092K), 0,0071815 secs] [Times: user=0,01 sys=0,00, real=0,01 secs] 
2015-01-18T14:08:33.420+0100: 11,734: [GC (Allocation Failure) 11,734: [ParNew: 3063K->317K(3072K), 0,0270463 secs] 306722K->304369K(365092K), 0,0270768 secs] [Times: user=0,01 sys=0,00, real=0,03 secs] 
2015-01-18T14:08:33.448+0100: 11,761: [GC (Allocation Failure) 11,761: [ParNew: 3060K->317K(3072K), 0,0113608 secs] 307112K->304759K(365092K), 0,0114154 secs] [Times: user=0,01 sys=0,00, real=0,01 secs] 
2015-01-18T14:08:33.463+0100: 11,777: [GC (Allocation Failure) 11,777: [ParNew: 3062K->317K(3072K), 0,0159592 secs] 307504K->305151K(365092K), 0,0159865 secs] [Times: user=0,01 sys=0,00, real=0,02 secs] 
2015-01-18T14:08:33.484+0100: 11,797: [GC (Allocation Failure) 11,797: [ParNew: 3069K->317K(3072K), 0,0073294 secs] 307903K->305541K(365092K), 0,0073672 secs] [Times: user=0,00 sys=0,00, real=0,01 secs] 
2015-01-18T14:08:33.496+0100: 11,810: [GC (Allocation Failure) 11,810: [ParNew: 3063K->317K(3072K), 0,0151647 secs] 308286K->305934K(365092K), 0,0151937 secs] [Times: user=0,01 sys=0,00, real=0,02 secs] 
2015-01-18T14:08:33.519+0100: 11,833: [GC (Allocation Failure) 11,833: [ParNew: 3063K->317K(3072K), 0,0121378 secs] 308679K->306327K(365092K), 0,0121635 secs] [Times: user=0,00 sys=0,00, real=0,01 secs] 
2015-01-18T14:08:33.539+0100: 11,853: [GC (Allocation Failure) 11,853: [ParNew: 3059K->317K(3072K), 0,0120091 secs] 309069K->306716K(365092K), 0,0120543 secs] [Times: user=0,01 sys=0,00, real=0,01 secs] 
2015-01-18T14:08:33.556+0100: 11,869: [GC (Allocation Failure) 11,869: [ParNew: 3063K->317K(3072K), 0,0038003 secs] 309462K->307109K(365092K), 0,0038402 secs] [Times: user=0,00 sys=0,00, real=0,01 secs] 
2015-01-18T14:08:33.564+0100: 11,877: [GC (Allocation Failure) 11,877: [ParNew: 3060K->317K(3072K), 0,0074504 secs] 309851K->307498K(365092K), 0,0074879 secs] [Times: user=0,00 sys=0,00, real=0,01 secs] 
2015-01-18T14:08:33.576+0100: 11,889: [GC (Allocation Failure) 11,889: [ParNew: 3062K->317K(3072K), 0,0074590 secs] 310244K->307891K(365092K), 0,0074969 secs] [Times: user=0,01 sys=0,00, real=0,01 secs] 
2015-01-18T14:08:33.588+0100: 11,901: [GC (Allocation Failure) 11,901: [ParNew: 3059K->317K(3072K), 0,0154518 secs] 310633K->308281K(365092K), 0,0154917 secs] [Times: user=0,00 sys=0,00, real=0,01 secs] 
2015-01-18T14:08:33.605+0100: 11,918: [GC (Allocation Failure) 11,918: [ParNew: 3063K->317K(3072K), 0,0066838 secs] 311027K->308674K(365092K), 0,0067299 secs] [Times: user=0,00 sys=0,00, real=0,01 secs] 
2015-01-18T14:08:33.612+0100: 11,926: [GC (Allocation Failure) 11,926: [ParNew: 3060K->317K(3072K), 0,0077570 secs] 311416K->309063K(365092K), 0,0078016 secs] [Times: user=0,01 sys=0,00, real=0,01 secs] 
2015-01-18T14:08:33.621+0100: 11,934: [GC (Allocation Failure) 11,934: [ParNew: 3062K->317K(3072K), 0,0026717 secs] 311809K->309456K(365092K), 0,0027161 secs] [Times: user=0,01 sys=0,00, real=0,00 secs] 
2015-01-18T14:08:33.624+0100: 11,938: [GC (Allocation Failure) 11,938: [ParNew: 3069K->317K(3072K), 0,0071337 secs] 312208K->309845K(365092K), 0,0071788 secs] [Times: user=0,01 sys=0,00, real=0,01 secs] 
2015-01-18T14:08:33.632+0100: 11,946: [GC (Allocation Failure) 11,946: [ParNew: 3063K->317K(3072K), 0,0026163 secs] 312591K->310238K(365092K), 0,0026609 secs] [Times: user=0,00 sys=0,00, real=0,00 secs] 
2015-01-18T14:08:33.636+0100: 11,949: [GC (Allocation Failure) 11,949: [ParNew: 3063K->317K(3072K), 0,0068473 secs] 312984K->310631K(365092K), 0,0068929 secs] [Times: user=0,01 sys=0,00, real=0,01 secs] 
2015-01-18T14:08:33.644+0100: 11,957: [GC (Allocation Failure) 11,957: [ParNew: 3059K->317K(3072K), 0,0028272 secs] 313373K->311021K(365092K), 0,0028758 secs] [Times: user=0,00 sys=0,00, real=0,00 secs] 
2015-01-18T14:08:33.647+0100: 11,961: [GC (Allocation Failure) 11,961: [ParNew: 3063K->317K(3072K), 0,0073782 secs] 313766K->311413K(365092K), 0,0074262 secs] [Times: user=0,01 sys=0,00, real=0,00 secs] 
2015-01-18T14:08:33.656+0100: 11,969: [GC (Allocation Failure) 11,969: [ParNew: 3060K->317K(3072K), 0,0026794 secs] 314156K->311803K(365092K), 0,0027264 secs] [Times: user=0,00 sys=0,00, real=0,00 secs] 
2015-01-18T14:08:33.659+0100: 11,973: [GC (Allocation Failure) 11,973: [ParNew: 3062K->317K(3072K), 0,0118593 secs] 314548K->312196K(365092K), 0,0119179 secs] [Times: user=0,02 sys=0,00, real=0,01 secs] 
2015-01-18T14:08:33.672+0100: 11,986: [GC (Allocation Failure) 11,986: [ParNew: 3059K->317K(3072K), 0,0068708 secs] 314938K->312585K(365092K), 0,0069054 secs] [Times: user=0,00 sys=0,00, real=0,01 secs] 
2015-01-18T14:08:33.680+0100: 11,994: [GC (Allocation Failure) 11,994: [ParNew: 3063K->317K(3072K), 0,0073740 secs] 315331K->312978K(365092K), 0,0074178 secs] [Times: user=0,00 sys=0,00, real=0,01 secs] 
2015-01-18T14:08:33.688+0100: 12,002: [GC (Allocation Failure) 12,002: [ParNew: 3060K->317K(3072K), 0,0107311 secs] 315721K->313368K(365092K), 0,0107862 secs] [Times: user=0,01 sys=0,00, real=0,01 secs] 
2015-01-18T14:08:33.700+0100: 12,014: [GC (Allocation Failure) 12,014: [ParNew: 3062K->317K(3072K), 0,0150564 secs] 316113K->313761K(365092K), 0,0150987 secs] [Times: user=0,00 sys=0,00, real=0,01 secs] 
2015-01-18T14:08:33.716+0100: 12,030: [GC (Allocation Failure) 12,030: [ParNew: 3069K->317K(3072K), 0,0111205 secs] 316512K->314150K(365092K), 0,0111667 secs] [Times: user=0,02 sys=0,00, real=0,02 secs] 
2015-01-18T14:08:33.728+0100: 12,042: [GC (Allocation Failure) 12,042: [ParNew: 3063K->317K(3072K), 0,0111189 secs] 316896K->314543K(365092K), 0,0111667 secs] [Times: user=0,00 sys=0,00, real=0,01 secs] 
2015-01-18T14:08:33.740+0100: 12,054: [GC (Allocation Failure) 12,054: [ParNew: 3063K->317K(3072K), 0,0191166 secs] 317288K->314936K(365092K), 0,0191737 secs] [Times: user=0,01 sys=0,00, real=0,02 secs] 
2015-01-18T14:08:33.763+0100: 12,077: [GC (Allocation Failure) 12,077: [ParNew: 3059K->317K(3072K), 0,0079570 secs] 317678K->315325K(365092K), 0,0079851 secs] [Times: user=0,00 sys=0,00, real=0,01 secs] 
2015-01-18T14:08:33.775+0100: 12,089: [GC (Allocation Failure) 12,089: [ParNew: 3063K->317K(3072K), 0,0101828 secs] 318071K->315718K(365092K), 0,0102072 secs] [Times: user=0,02 sys=0,00, real=0,01 secs] 
2015-01-18T14:08:33.788+0100: 12,101: [GC (Allocation Failure) 12,101: [ParNew: 3060K->317K(3072K), 0,0112487 secs] 318461K->316108K(365092K), 0,0113026 secs] [Times: user=0,00 sys=0,00, real=0,01 secs] 
2015-01-18T14:08:33.800+0100: 12,113: [GC (Allocation Failure) 12,113: [ParNew: 3062K->317K(3072K), 0,0028729 secs] 318853K->316500K(365092K), 0,0029191 secs] [Times: user=0,00 sys=0,00, real=0,00 secs] 
2015-01-18T14:08:33.804+0100: 12,117: [GC (Allocation Failure) 12,117: [ParNew: 3059K->317K(3072K), 0,0074789 secs] 319243K->316890K(365092K), 0,0075275 secs] [Times: user=0,01 sys=0,00, real=0,01 secs] 
2015-01-18T14:08:33.812+0100: 12,126: [GC (Allocation Failure) 12,126: [ParNew: 3063K->317K(3072K), 0,0191200 secs] 319636K->317283K(365092K), 0,0191753 secs] [Times: user=0,01 sys=0,00, real=0,02 secs] 
2015-01-18T14:08:33.835+0100: 12,149: [GC (Allocation Failure) 12,149: [ParNew: 3060K->317K(3072K), 0,0080504 secs] 320025K->317672K(365092K), 0,0080841 secs] [Times: user=0,00 sys=0,00, real=0,01 secs] 
2015-01-18T14:08:33.844+0100: 12,158: [GC (Allocation Failure) 12,158: [ParNew: 3062K->317K(3072K), 0,0033211 secs] 320418K->318065K(365092K), 0,0033788 secs] [Times: user=0,00 sys=0,00, real=0,01 secs] 
2015-01-18T14:08:33.848+0100: 12,162: [GC (Allocation Failure) 12,162: [ParNew: 3069K->317K(3072K), 0,0189237 secs] 320817K->318455K(365092K), 0,0189583 secs] [Times: user=0,03 sys=0,00, real=0,02 secs] 
2015-01-18T14:08:33.868+0100: 12,182: [GC (Allocation Failure) 12,182: [ParNew: 3063K->317K(3072K), 0,0111360 secs] 321200K->318847K(365092K), 0,0111738 secs] [Times: user=0,00 sys=0,00, real=0,01 secs] 
2015-01-18T14:08:33.883+0100: 12,197: [GC (Allocation Failure) 12,197: [ParNew: 3063K->317K(3072K), 0,0177905 secs] 321593K->319240K(365092K), 0,0178286 secs] [Times: user=0,00 sys=0,00, real=0,02 secs] 
2015-01-18T14:08:33.907+0100: 12,221: [GC (Allocation Failure) 12,221: [ParNew: 3059K->317K(3072K), 0,0119817 secs] 321983K->319630K(365092K), 0,0120256 secs] [Times: user=0,01 sys=0,00, real=0,01 secs] 
2015-01-18T14:08:33.927+0100: 12,241: [GC (Allocation Failure) 12,241: [ParNew: 3063K->317K(3072K), 0,0079842 secs] 322376K->320023K(365092K), 0,0080289 secs] [Times: user=0,00 sys=0,00, real=0,00 secs] 
2015-01-18T14:08:33.939+0100: 12,253: [GC (Allocation Failure) 12,253: [ParNew: 3060K->317K(3072K), 0,0079762 secs] 322765K->320412K(365092K), 0,0080144 secs] [Times: user=0,00 sys=0,00, real=0,01 secs] 
2015-01-18T14:08:33.955+0100: 12,269: [GC (Allocation Failure) 12,269: [ParNew: 3062K->317K(3072K), 0,0119911 secs] 323158K->320805K(365092K), 0,0120365 secs] [Times: user=0,00 sys=0,00, real=0,02 secs] 
2015-01-18T14:08:33.975+0100: 12,289: [GC (Allocation Failure) 12,289: [ParNew: 3059K->317K(3072K), 0,0079800 secs] 323547K->321194K(365092K), 0,0080198 secs] [Times: user=0,00 sys=0,00, real=0,01 secs] 
2015-01-18T14:08:33.991+0100: 12,305: [GC (Allocation Failure) 12,305: [ParNew: 3063K->317K(3072K), 0,0099801 secs] 323940K->321587K(365092K), 0,0100261 secs] [Times: user=0,00 sys=0,00, real=0,01 secs] 
2015-01-18T14:08:34.003+0100: 12,317: [GC (Allocation Failure) 12,317: [ParNew: 3060K->317K(3072K), 0,0119684 secs] 324330K->321977K(365092K), 0,0120082 secs] [Times: user=0,01 sys=0,00, real=0,01 secs] 
2015-01-18T14:08:34.020+0100: 12,333: [GC (Allocation Failure) 12,333: [ParNew: 3062K->317K(3072K), 0,0113273 secs] 324722K->322370K(365092K), 0,0113854 secs] [Times: user=0,00 sys=0,00, real=0,01 secs] 
2015-01-18T14:08:34.032+0100: 12,345: [GC (Allocation Failure) 12,345: [ParNew: 3069K->317K(3072K), 0,0192371 secs] 325122K->322759K(365092K), 0,0192643 secs] [Times: user=0,01 sys=0,00, real=0,02 secs] 
2015-01-18T14:08:34.052+0100: 12,365: [GC (Allocation Failure) 12,365: [ParNew: 3063K->317K(3072K), 0,0033146 secs] 325505K->323152K(365092K), 0,0033393 secs] [Times: user=0,00 sys=0,00, real=0,00 secs] 
2015-01-18T14:08:34.056+0100: 12,369: [GC (Allocation Failure) 12,369: [ParNew: 3063K->317K(3072K), 0,0033675 secs] 325898K->323545K(365092K), 0,0033920 secs] [Times: user=0,00 sys=0,00, real=0,01 secs] 
2015-01-18T14:08:34.060+0100: 12,373: [GC (Allocation Failure) 12,373: [ParNew: 3059K->317K(3072K), 0,0033795 secs] 326287K->323934K(365092K), 0,0034035 secs] [Times: user=0,00 sys=0,00, real=0,00 secs] 
2015-01-18T14:08:34.064+0100: 12,377: [GC (Allocation Failure) 12,377: [ParNew: 3063K->317K(3072K), 0,0113694 secs] 326680K->324327K(365092K), 0,0113940 secs] [Times: user=0,00 sys=0,00, real=0,01 secs] 
2015-01-18T14:08:34.076+0100: 12,389: [GC (Allocation Failure) 12,389: [ParNew: 3060K->317K(3072K), 0,0113702 secs] 327070K->324717K(365092K), 0,0113947 secs] [Times: user=0,00 sys=0,00, real=0,02 secs] 
2015-01-18T14:08:34.088+0100: 12,401: [GC (Allocation Failure) 12,401: [ParNew: 3062K->317K(3072K), 0,0113876 secs] 327462K->325110K(365092K), 0,0114147 secs] [Times: user=0,01 sys=0,00, real=0,01 secs] 
2015-01-18T14:08:34.100+0100: 12,414: [GC (Allocation Failure) 12,414: [ParNew: 3059K->317K(3072K), 0,0110226 secs] 327852K->325499K(365092K), 0,0110637 secs] [Times: user=0,00 sys=0,00, real=0,01 secs] 
2015-01-18T14:08:34.112+0100: 12,425: [GC (Allocation Failure) 12,425: [ParNew: 3063K->317K(3072K), 0,0152063 secs] 328245K->325892K(365092K), 0,0152348 secs] [Times: user=0,01 sys=0,00, real=0,02 secs] 
2015-01-18T14:08:34.128+0100: 12,441: [GC (Allocation Failure) 12,441: [ParNew: 3060K->317K(3072K), 0,0032400 secs] 328634K->326281K(365092K), 0,0032659 secs] [Times: user=0,00 sys=0,00, real=0,00 secs] 
2015-01-18T14:08:34.132+0100: 12,445: [GC (Allocation Failure) 12,445: [ParNew: 3062K->317K(3072K), 0,0033718 secs] 329027K->326674K(365092K), 0,0033966 secs] [Times: user=0,00 sys=0,00, real=0,00 secs] 
2015-01-18T14:08:34.140+0100: 12,453: [GC (Allocation Failure) 12,453: [ParNew: 3069K->317K(3072K), 0,0272697 secs] 329426K->327064K(365092K), 0,0273239 secs] [Times: user=0,00 sys=0,00, real=0,03 secs] 
2015-01-18T14:08:34.168+0100: 12,481: [GC (Allocation Failure) 12,481: [ParNew: 3063K->317K(3072K), 0,0112256 secs] 329809K->327457K(365092K), 0,0112554 secs] [Times: user=0,00 sys=0,00, real=0,01 secs] 
2015-01-18T14:08:34.180+0100: 12,493: [GC (Allocation Failure) 12,493: [ParNew: 3063K->317K(3072K), 0,0192395 secs] 330202K->327849K(365092K), 0,0192666 secs] [Times: user=0,02 sys=0,00, real=0,02 secs] 
2015-01-18T14:08:34.200+0100: 12,513: [GC (Allocation Failure) 12,513: [ParNew: 3059K->317K(3072K), 0,0113471 secs] 330592K->328239K(365092K), 0,0113730 secs] [Times: user=0,00 sys=0,00, real=0,01 secs] 
Heap
 par new generation   total 3072K, used 855K [0x00000000ce000000, 0x00000000ce350000, 0x00000000deaa0000)
  eden space 2752K,  19% used [0x00000000ce000000, 0x00000000ce086610, 0x00000000ce2b0000)
  from space 320K,  99% used [0x00000000ce300000, 0x00000000ce34f618, 0x00000000ce350000)
  to   space 320K,   0% used [0x00000000ce2b0000, 0x00000000ce2b0000, 0x00000000ce300000)
 concurrent mark-sweep generation total 362020K, used 327921K [0x00000000deaa0000, 0x00000000f4c29000, 0x0000000100000000)
 Metaspace       used 2437K, capacity 4486K, committed 4864K, reserved 1056768K
  class space    used 261K, capacity 386K, committed 512K, reserved 1048576K
