Java HotSpot(TM) 64-Bit Server VM (25.25-b02) for linux-amd64 JRE (1.8.0_25-b17), built on Sep 17 2014 17:32:11 by "java_re" with gcc 4.3.0 20080428 (Red Hat 4.3.0-8)
Memory: 4k page, physical 8176256k(1107484k free), swap 0k(0k free)
CommandLine flags: -XX:InitialHeapSize=10485760 -XX:MaxHeapSize=838860800 -XX:MaxNewSize=279621632 -XX:MaxTenuringThreshold=6 -XX:OldPLABSize=16 -XX:+PrintGC -XX:+PrintGCDateStamps -XX:+PrintGCDetails -XX:+PrintGCTimeStamps -XX:-TraceClassUnloading -XX:+UseCompressedClassPointers -XX:+UseCompressedOops -XX:+UseConcMarkSweepGC -XX:+UseParNewGC 
2015-01-18T14:08:34.441+0100: 0,174: [GC (Allocation Failure) 0,174: [ParNew: 2743K->320K(3072K), 0,0101343 secs] 2743K->1068K(9920K), 0,0102536 secs] [Times: user=0,00 sys=0,00, real=0,01 secs] 
2015-01-18T14:08:34.473+0100: 0,205: [GC (Allocation Failure) 0,205: [ParNew: 3065K->246K(3072K), 0,0266969 secs] 3814K->1986K(9920K), 0,0267535 secs] [Times: user=0,01 sys=0,00, real=0,03 secs] 
2015-01-18T14:08:34.503+0100: 0,236: [GC (Allocation Failure) 0,236: [ParNew: 2936K->305K(3072K), 0,0079543 secs] 4676K->2827K(9920K), 0,0079839 secs] [Times: user=0,00 sys=0,00, real=0,01 secs] 
2015-01-18T14:08:34.515+0100: 0,248: [GC (Allocation Failure) 0,248: [ParNew: 2996K->296K(3072K), 0,0119172 secs] 5517K->3696K(9920K), 0,0119410 secs] [Times: user=0,00 sys=0,00, real=0,02 secs] 
2015-01-18T14:08:34.531+0100: 0,264: [GC (Allocation Failure) 0,264: [ParNew: 2986K->293K(3072K), 0,0041023 secs] 6387K->4573K(9920K), 0,0041350 secs] [Times: user=0,00 sys=0,00, real=0,00 secs] 
2015-01-18T14:08:34.539+0100: 0,272: [GC (CMS Initial Mark) [1 CMS-initial-mark: 4279K(6848K)] 7263K(9920K), 0,0079874 secs] [Times: user=0,00 sys=0,00, real=0,01 secs] 
2015-01-18T14:08:34.551+0100: 0,284: [CMS-concurrent-mark-start]
2015-01-18T14:08:34.555+0100: 0,288: [CMS-concurrent-mark: 0,004/0,004 secs] [Times: user=0,01 sys=0,00, real=0,00 secs] 
2015-01-18T14:08:34.555+0100: 0,288: [CMS-concurrent-preclean-start]
2015-01-18T14:08:34.555+0100: 0,288: [CMS-concurrent-preclean: 0,000/0,000 secs] [Times: user=0,00 sys=0,00, real=0,00 secs] 
2015-01-18T14:08:34.555+0100: 0,288: [CMS-concurrent-abortable-preclean-start]
2015-01-18T14:08:34.559+0100: 0,292: [GC (Allocation Failure) 0,292: [ParNew: 2983K->293K(3072K), 0,0051117 secs] 7263K->5647K(9920K), 0,0051436 secs] [Times: user=0,00 sys=0,00, real=0,00 secs] 
2015-01-18T14:08:34.565+0100: 0,298: [GC (Allocation Failure) 0,298: [ParNew: 2984K->293K(3072K), 0,0140745 secs] 8338K->6331K(9920K), 0,0141102 secs] [Times: user=0,01 sys=0,00, real=0,02 secs] 
2015-01-18T14:08:34.580+0100: 0,312: [GC (Allocation Failure) 0,312: [ParNew: 2983K->293K(3072K), 0,0072566 secs] 9022K->7210K(10304K), 0,0072817 secs] [Times: user=0,00 sys=0,00, real=0,01 secs] 
2015-01-18T14:08:34.592+0100: 0,325: [GC (Allocation Failure) 0,325: [ParNew: 2984K->293K(3072K), 0,0112516 secs] 9901K->8285K(11456K), 0,0112822 secs] [Times: user=0,00 sys=0,00, real=0,01 secs] 
2015-01-18T14:08:34.608+0100: 0,341: [GC (Allocation Failure) 0,341: [ParNew: 2984K->293K(3072K), 0,0071848 secs] 10976K->8968K(12032K), 0,0072128 secs] [Times: user=0,00 sys=0,00, real=0,00 secs] 
2015-01-18T14:08:34.620+0100: 0,352: [GC (Allocation Failure) 0,352: [ParNew: 2984K->293K(3072K), 0,0073431 secs] 11660K->9848K(12992K), 0,0073679 secs] [Times: user=0,01 sys=0,00, real=0,01 secs] 
2015-01-18T14:08:34.632+0100: 0,364: [GC (Allocation Failure) 0,364: [ParNew: 2984K->293K(3072K), 0,0074738 secs] 12539K->10727K(13952K), 0,0075412 secs] [Times: user=0,00 sys=0,00, real=0,01 secs] 
2015-01-18T14:08:34.640+0100: 0,373: [GC (Allocation Failure) 0,373: [ParNew: 2984K->293K(3072K), 0,0029749 secs] 13418K->11606K(14720K), 0,0030311 secs] [Times: user=0,00 sys=0,00, real=0,00 secs] 
2015-01-18T14:08:34.644+0100: 0,376: [GC (Allocation Failure) 0,376: [ParNew: 2984K->293K(3072K), 0,0018531 secs] 14297K->12485K(15680K), 0,0018881 secs] [Times: user=0,00 sys=0,00, real=0,00 secs] 
2015-01-18T14:08:34.646+0100: 0,379: [GC (Allocation Failure) 0,379: [ParNew: 2984K->293K(3072K), 0,0012795 secs] 15176K->13364K(16448K), 0,0013160 secs] [Times: user=0,00 sys=0,01, real=0,01 secs] 
2015-01-18T14:08:34.648+0100: 0,381: [GC (Allocation Failure) 0,381: [ParNew: 2984K->293K(3072K), 0,0029760 secs] 16055K->14243K(17408K), 0,0030114 secs] [Times: user=0,00 sys=0,00, real=0,00 secs] 
2015-01-18T14:08:34.652+0100: 0,385: [GC (Allocation Failure) 0,385: [ParNew: 2984K->293K(3072K), 0,0013652 secs] 16935K->15122K(18368K), 0,0013989 secs] [Times: user=0,00 sys=0,00, real=0,00 secs] 
2015-01-18T14:08:34.654+0100: 0,387: [GC (Allocation Failure) 0,387: [ParNew: 2984K->293K(3072K), 0,0013153 secs] 17814K->16002K(19136K), 0,0013494 secs] [Times: user=0,00 sys=0,00, real=0,00 secs] 
2015-01-18T14:08:34.656+0100: 0,389: [GC (Allocation Failure) 0,389: [ParNew: 2984K->293K(3072K), 0,0013743 secs] 18693K->16882K(20096K), 0,0014109 secs] [Times: user=0,00 sys=0,00, real=0,00 secs] 
2015-01-18T14:08:34.658+0100: 0,391: [GC (Allocation Failure) 0,391: [ParNew: 2985K->293K(3072K), 0,0024815 secs] 19573K->17761K(20864K), 0,0025184 secs] [Times: user=0,00 sys=0,00, real=0,01 secs] 
2015-01-18T14:08:34.661+0100: 0,394: [GC (Allocation Failure) 0,394: [ParNew: 2984K->293K(3072K), 0,0069030 secs] 20452K->18640K(21824K), 0,0069412 secs] [Times: user=0,01 sys=0,00, real=0,01 secs] 
2015-01-18T14:08:34.669+0100: 0,402: [GC (Allocation Failure) 0,402: [ParNew: 2984K->293K(3072K), 0,0013185 secs] 21331K->19519K(22592K), 0,0013555 secs] [Times: user=0,00 sys=0,00, real=0,00 secs] 
2015-01-18T14:08:34.671+0100: 0,404: [GC (Allocation Failure) 0,404: [ParNew: 2984K->293K(3072K), 0,0050180 secs] 22210K->20398K(23552K), 0,0050543 secs] [Times: user=0,00 sys=0,00, real=0,00 secs] 
2015-01-18T14:08:34.677+0100: 0,409: [GC (Allocation Failure) 0,409: [ParNew: 2984K->293K(3072K), 0,0013410 secs] 23089K->21277K(24512K), 0,0013758 secs] [Times: user=0,00 sys=0,00, real=0,00 secs] 
2015-01-18T14:08:34.679+0100: 0,411: [GC (Allocation Failure) 0,411: [ParNew: 2984K->293K(3072K), 0,0053427 secs] 23968K->22156K(25280K), 0,0053803 secs] [Times: user=0,00 sys=0,01, real=0,01 secs] 
2015-01-18T14:08:34.685+0100: 0,417: [GC (Allocation Failure) 0,417: [ParNew: 2984K->293K(3072K), 0,0014370 secs] 24847K->23035K(26240K), 0,0014781 secs] [Times: user=0,00 sys=0,00, real=0,00 secs] 
2015-01-18T14:08:34.687+0100: 0,420: [GC (Allocation Failure) 0,420: [ParNew: 2984K->293K(3072K), 0,0063274 secs] 25726K->23914K(27008K), 0,0063672 secs] [Times: user=0,01 sys=0,00, real=0,01 secs] 
2015-01-18T14:08:34.694+0100: 0,427: [GC (Allocation Failure) 0,427: [ParNew: 2984K->294K(3072K), 0,0013976 secs] 26605K->24794K(27968K), 0,0014357 secs] [Times: user=0,00 sys=0,00, real=0,00 secs] 
2015-01-18T14:08:34.696+0100: 0,429: [GC (Allocation Failure) 0,429: [ParNew: 2985K->293K(3072K), 0,0050298 secs] 27485K->25673K(28928K), 0,0050686 secs] [Times: user=0,00 sys=0,00, real=0,01 secs] 
2015-01-18T14:08:34.704+0100: 0,437: [GC (Allocation Failure) 0,437: [ParNew: 2984K->293K(3072K), 0,0024767 secs] 28365K->26553K(29696K), 0,0025223 secs] [Times: user=0,00 sys=0,00, real=0,00 secs] 
2015-01-18T14:08:34.711+0100: 0,444: [GC (Allocation Failure) 0,444: [ParNew: 2984K->293K(3072K), 0,0032682 secs] 29244K->27432K(30656K), 0,0033285 secs] [Times: user=0,00 sys=0,00, real=0,00 secs] 
2015-01-18T14:08:34.715+0100: 0,448: [CMS-concurrent-abortable-preclean: 0,001/0,160 secs] [Times: user=0,07 sys=0,02, real=0,16 secs] 
2015-01-18T14:08:34.719+0100: 0,452: [GC (CMS Final Remark) [YG occupancy: 2984 K (3072 K)]0,452: [Rescan (parallel) , 0,0005890 secs]0,452: [weak refs processing, 0,0000099 secs]0,452: [class unloading, 0,0003685 secs]0,453: [scrub symbol table, 0,0005386 secs]0,453: [scrub string table, 0,0002157 secs][1 CMS-remark: 27139K(27584K)] 30123K(30656K), 0,0018029 secs] [Times: user=0,01 sys=0,00, real=0,00 secs] 
2015-01-18T14:08:34.727+0100: 0,460: [GC (Allocation Failure) 0,460: [ParNew: 2984K->293K(3072K), 0,0013858 secs] 30123K->28311K(31424K), 0,0014239 secs] [Times: user=0,00 sys=0,00, real=0,00 secs] 
2015-01-18T14:08:34.729+0100: 0,462: [GC (Allocation Failure) 0,462: [ParNew: 2984K->293K(3072K), 0,0049121 secs] 31002K->29190K(32384K), 0,0049575 secs] [Times: user=0,00 sys=0,00, real=0,00 secs] 
2015-01-18T14:08:34.735+0100: 0,467: [CMS-concurrent-sweep-start]
2015-01-18T14:08:34.735+0100: 0,468: [CMS-concurrent-sweep: 0,000/0,000 secs] [Times: user=0,00 sys=0,00, real=0,00 secs] 
2015-01-18T14:08:34.735+0100: 0,468: [CMS-concurrent-reset-start]
2015-01-18T14:08:34.738+0100: 0,471: [CMS-concurrent-reset: 0,003/0,003 secs] [Times: user=0,00 sys=0,00, real=0,00 secs] 
2015-01-18T14:08:34.739+0100: 0,472: [GC (Allocation Failure) 0,472: [ParNew: 2984K->293K(3072K), 0,0024150 secs] 31879K->30067K(51232K), 0,0024773 secs] [Times: user=0,01 sys=0,00, real=0,00 secs] 
2015-01-18T14:08:34.743+0100: 0,475: [GC (Allocation Failure) 0,475: [ParNew: 2984K->293K(3072K), 0,0091926 secs] 32758K->30946K(51232K), 0,0092344 secs] [Times: user=0,01 sys=0,00, real=0,01 secs] 
2015-01-18T14:08:34.753+0100: 0,485: [GC (Allocation Failure) 0,485: [ParNew: 2984K->293K(3072K), 0,0011373 secs] 33637K->31825K(51232K), 0,0011725 secs] [Times: user=0,00 sys=0,00, real=0,00 secs] 
2015-01-18T14:08:34.755+0100: 0,487: [GC (Allocation Failure) 0,487: [ParNew: 2984K->293K(3072K), 0,0030824 secs] 34516K->32704K(51232K), 0,0031285 secs] [Times: user=0,00 sys=0,00, real=0,00 secs] 
2015-01-18T14:08:34.758+0100: 0,491: [GC (Allocation Failure) 0,491: [ParNew: 2984K->293K(3072K), 0,0470690 secs] 35395K->33583K(51232K), 0,0471168 secs] [Times: user=0,03 sys=0,00, real=0,05 secs] 
2015-01-18T14:08:34.806+0100: 0,539: [GC (Allocation Failure) 0,539: [ParNew: 2984K->293K(3072K), 0,0034393 secs] 36274K->34462K(51232K), 0,0034900 secs] [Times: user=0,00 sys=0,01, real=0,01 secs] 
2015-01-18T14:08:34.811+0100: 0,543: [GC (Allocation Failure) 0,543: [ParNew: 2984K->293K(3072K), 0,0017222 secs] 37153K->35341K(51232K), 0,0017603 secs] [Times: user=0,00 sys=0,00, real=0,00 secs] 
2015-01-18T14:08:34.813+0100: 0,546: [GC (Allocation Failure) 0,546: [ParNew: 2984K->295K(3072K), 0,0099982 secs] 38032K->36222K(51232K), 0,0100514 secs] [Times: user=0,00 sys=0,00, real=0,01 secs] 
2015-01-18T14:08:34.831+0100: 0,564: [GC (CMS Initial Mark) [1 CMS-initial-mark: 35927K(48160K)] 36320K(51232K), 0,0011985 secs] [Times: user=0,00 sys=0,00, real=0,00 secs] 
2015-01-18T14:08:34.832+0100: 0,565: [CMS-concurrent-mark-start]
2015-01-18T14:08:34.836+0100: 0,569: [CMS-concurrent-mark: 0,004/0,004 secs] [Times: user=0,01 sys=0,00, real=0,00 secs] 
2015-01-18T14:08:34.839+0100: 0,572: [GC (Allocation Failure) 0,572: [ParNew: 2986K->293K(3072K), 0,0039450 secs] 38914K->37101K(51232K), 0,0039868 secs] [Times: user=0,00 sys=0,00, real=0,00 secs] 
2015-01-18T14:08:34.843+0100: 0,576: [CMS-concurrent-preclean-start]
2015-01-18T14:08:34.843+0100: 0,576: [CMS-concurrent-preclean: 0,000/0,000 secs] [Times: user=0,00 sys=0,00, real=0,00 secs] 
2015-01-18T14:08:34.844+0100: 0,577: [GC (Allocation Failure) 0,577: [ParNew: 2984K->293K(3072K), 0,0072129 secs] 39793K->37981K(51232K), 0,0072494 secs] [Times: user=0,00 sys=0,00, real=0,01 secs] 
2015-01-18T14:08:34.852+0100: 0,584: [GC (Allocation Failure) 0,584: [ParNew: 2984K->293K(3072K), 0,0033451 secs] 40672K->38860K(51232K), 0,0033919 secs] [Times: user=0,00 sys=0,00, real=0,00 secs] 
2015-01-18T14:08:34.856+0100: 0,589: [GC (Allocation Failure) 0,589: [ParNew: 2984K->293K(3072K), 0,0111081 secs] 41551K->39739K(51232K), 0,0111476 secs] [Times: user=0,00 sys=0,00, real=0,02 secs] 
2015-01-18T14:08:34.868+0100: 0,600: [GC (Allocation Failure) 0,600: [ParNew: 2984K->293K(3072K), 0,0113277 secs] 42430K->40618K(51232K), 0,0113814 secs] [Times: user=0,01 sys=0,00, real=0,01 secs] 
2015-01-18T14:08:34.883+0100: 0,616: [GC (Allocation Failure) 0,616: [ParNew: 2984K->293K(3072K), 0,0159463 secs] 43309K->41497K(51232K), 0,0159889 secs] [Times: user=0,00 sys=0,00, real=0,02 secs] 
2015-01-18T14:08:34.900+0100: 0,632: [GC (Allocation Failure) 0,632: [ParNew: 2984K->293K(3072K), 0,0152885 secs] 44188K->42376K(51232K), 0,0153302 secs] [Times: user=0,01 sys=0,00, real=0,01 secs] 
2015-01-18T14:08:34.916+0100: 0,649: [GC (Allocation Failure) 0,649: [ParNew: 2984K->293K(3072K), 0,0189291 secs] 45067K->43255K(51232K), 0,0189609 secs] [Times: user=0,00 sys=0,00, real=0,02 secs] 
2015-01-18T14:08:34.939+0100: 0,672: [GC (Allocation Failure) 0,672: [ParNew: 2984K->293K(3072K), 0,0159755 secs] 45946K->44134K(51232K), 0,0160137 secs] [Times: user=0,01 sys=0,00, real=0,01 secs] 
2015-01-18T14:08:34.963+0100: 0,696: [GC (Allocation Failure) 0,696: [ParNew: 2984K->293K(3072K), 0,0159763 secs] 46825K->45013K(51232K), 0,0160289 secs] [Times: user=0,01 sys=0,00, real=0,02 secs] 
2015-01-18T14:08:34.983+0100: 0,716: [GC (Allocation Failure) 0,716: [ParNew: 2984K->293K(3072K), 0,0119594 secs] 47704K->45892K(51232K), 0,0120018 secs] [Times: user=0,01 sys=0,00, real=0,01 secs] 
2015-01-18T14:08:34.999+0100: 0,732: [GC (Allocation Failure) 0,732: [ParNew: 2984K->293K(3072K), 0,0200133 secs] 48583K->46771K(51232K), 0,0200864 secs] [Times: user=0,01 sys=0,00, real=0,02 secs] 
2015-01-18T14:08:35.027+0100: 0,760: [GC (Allocation Failure) 0,760: [ParNew: 2984K->293K(3072K), 0,0199436 secs] 49462K->47650K(51232K), 0,0199710 secs] [Times: user=0,00 sys=0,00, real=0,02 secs] 
2015-01-18T14:08:35.052+0100: 0,784: [GC (Allocation Failure) 0,784: [ParNew: 2984K->293K(3072K), 0,0192906 secs] 50341K->48529K(51808K), 0,0193615 secs] [Times: user=0,01 sys=0,00, real=0,02 secs] 
2015-01-18T14:08:35.072+0100: 0,805: [GC (Allocation Failure) 0,805: [ParNew: 2984K->293K(3072K), 0,0152463 secs] 51220K->49408K(52576K), 0,0152928 secs] [Times: user=0,01 sys=0,00, real=0,02 secs] 
2015-01-18T14:08:35.088+0100: 0,821: [GC (Allocation Failure) 0,821: [ParNew: 2984K->293K(3072K), 0,0151558 secs] 52099K->50287K(53536K), 0,0151996 secs] [Times: user=0,01 sys=0,00, real=0,01 secs] 
2015-01-18T14:08:35.104+0100: 0,837: [GC (Allocation Failure) 0,837: [ParNew: 2984K->293K(3072K), 0,0152626 secs] 52978K->51166K(54304K), 0,0153165 secs] [Times: user=0,01 sys=0,00, real=0,02 secs] 
2015-01-18T14:08:35.120+0100: 0,853: [GC (Allocation Failure) 0,853: [ParNew: 2984K->293K(3072K), 0,0541180 secs] 53857K->52045K(55264K), 0,0541838 secs] [Times: user=0,01 sys=0,00, real=0,05 secs] 
2015-01-18T14:08:35.176+0100: 0,908: [GC (Allocation Failure) 0,908: [ParNew: 2984K->293K(3072K), 0,0168176 secs] 54736K->52924K(56032K), 0,0168818 secs] [Times: user=0,01 sys=0,00, real=0,02 secs] 
2015-01-18T14:08:35.194+0100: 0,926: [GC (Allocation Failure) 0,926: [ParNew: 2984K->293K(3072K), 0,0017795 secs] 55615K->53803K(56992K), 0,0018258 secs] [Times: user=0,00 sys=0,00, real=0,00 secs] 
2015-01-18T14:08:35.196+0100: 0,929: [GC (Allocation Failure) 0,929: [ParNew: 2984K->296K(3072K), 0,0073595 secs] 56494K->54686K(57952K), 0,0074003 secs] [Times: user=0,00 sys=0,00, real=0,01 secs] 
2015-01-18T14:08:35.204+0100: 0,937: [GC (Allocation Failure) 0,937: [ParNew: 2987K->293K(3072K), 0,0014581 secs] 57377K->55565K(58720K), 0,0014961 secs] [Times: user=0,00 sys=0,00, real=0,00 secs] 
2015-01-18T14:08:35.206+0100: 0,939: [GC (Allocation Failure) 0,939: [ParNew: 2984K->293K(3072K), 0,0029761 secs] 58256K->56444K(59680K), 0,0030124 secs] [Times: user=0,00 sys=0,01, real=0,01 secs] 
2015-01-18T14:08:35.210+0100: 0,943: [GC (Allocation Failure) 0,943: [ParNew: 2984K->293K(3072K), 0,0059374 secs] 59135K->57323K(60448K), 0,0059774 secs] [Times: user=0,00 sys=0,00, real=0,00 secs] 
2015-01-18T14:08:35.217+0100: 0,949: [GC (Allocation Failure) 0,949: [ParNew: 2984K->293K(3072K), 0,0029788 secs] 60014K->58202K(61408K), 0,0030157 secs] [Times: user=0,00 sys=0,00, real=0,01 secs] 
2015-01-18T14:08:35.220+0100: 0,953: [GC (Allocation Failure) 0,953: [ParNew: 2984K->293K(3072K), 0,0069975 secs] 60893K->59081K(62368K), 0,0070367 secs] [Times: user=0,00 sys=0,00, real=0,01 secs] 
2015-01-18T14:08:35.228+0100: 0,961: [GC (Allocation Failure) 0,961: [ParNew: 2984K->293K(3072K), 0,0029572 secs] 61772K->59960K(63136K), 0,0029926 secs] [Times: user=0,01 sys=0,00, real=0,00 secs] 
2015-01-18T14:08:35.232+0100: 0,964: [GC (Allocation Failure) 0,964: [ParNew: 2984K->293K(3072K), 0,0020663 secs] 62651K->60839K(64096K), 0,0021031 secs] [Times: user=0,00 sys=0,00, real=0,00 secs] 
2015-01-18T14:08:35.235+0100: 0,967: [GC (Allocation Failure) 0,967: [ParNew: 2984K->293K(3072K), 0,0045971 secs] 63530K->61718K(64864K), 0,0046545 secs] [Times: user=0,00 sys=0,00, real=0,01 secs] 
2015-01-18T14:08:35.240+0100: 0,972: [GC (Allocation Failure) 0,972: [ParNew: 2984K->293K(3072K), 0,0081608 secs] 64409K->62597K(65824K), 0,0082040 secs] [Times: user=0,00 sys=0,00, real=0,01 secs] 
2015-01-18T14:08:35.249+0100: 0,981: [GC (Allocation Failure) 0,981: [ParNew: 2984K->293K(3072K), 0,0030864 secs] 65288K->63476K(66784K), 0,0031262 secs] [Times: user=0,00 sys=0,00, real=0,00 secs] 
2015-01-18T14:08:35.253+0100: 0,985: [GC (Allocation Failure) 0,985: [ParNew: 2984K->293K(3072K), 0,0022390 secs] 66167K->64355K(67552K), 0,0022759 secs] [Times: user=0,00 sys=0,00, real=0,00 secs] 
2015-01-18T14:08:35.259+0100: 0,992: [GC (CMS Final Remark) [YG occupancy: 2984 K (3072 K)]0,992: [Rescan (parallel) , 0,0039938 secs]0,996: [weak refs processing, 0,0000097 secs]0,996: [class unloading, 0,0004063 secs]0,996: [scrub symbol table, 0,0005558 secs]0,997: [scrub string table, 0,0002149 secs][1 CMS-remark: 64062K(64480K)] 67046K(67552K), 0,0052599 secs] [Times: user=0,01 sys=0,00, real=0,00 secs] 
2015-01-18T14:08:35.267+0100: 1,000: [CMS-concurrent-sweep-start]
2015-01-18T14:08:35.267+0100: 1,000: [GC (Allocation Failure) 1,000: [ParNew: 2984K->293K(3072K), 0,0015609 secs] 67046K->65234K(68512K), 0,0016016 secs] [Times: user=0,00 sys=0,00, real=0,00 secs] 
2015-01-18T14:08:35.270+0100: 1,002: [GC (Allocation Failure) 1,002: [ParNew: 2984K->293K(3072K), 0,0081633 secs] 67925K->66113K(69280K), 0,0082048 secs] [Times: user=0,00 sys=0,00, real=0,00 secs] 
2015-01-18T14:08:35.278+0100: 1,011: [GC (Allocation Failure) 1,011: [ParNew: 2984K->293K(3072K), 0,0015316 secs] 68804K->66992K(70240K), 0,0015708 secs] [Times: user=0,00 sys=0,01, real=0,01 secs] 
2015-01-18T14:08:35.281+0100: 1,013: [GC (Allocation Failure) 1,013: [ParNew: 2984K->293K(3072K), 0,0038138 secs] 69683K->67871K(71008K), 0,0038515 secs] [Times: user=0,00 sys=0,00, real=0,00 secs] 
2015-01-18T14:08:35.285+0100: 1,018: [GC (Allocation Failure) 1,018: [ParNew: 2984K->293K(3072K), 0,0014996 secs] 70562K->68750K(71968K), 0,0015357 secs] [Times: user=0,00 sys=0,00, real=0,00 secs] 
2015-01-18T14:08:35.287+0100: 1,020: [GC (Allocation Failure) 1,020: [ParNew: 2984K->293K(3072K), 0,0076945 secs] 71438K->69626K(72928K), 0,0077392 secs] [Times: user=0,00 sys=0,00, real=0,00 secs] 
2015-01-18T14:08:35.295+0100: 1,028: [CMS-concurrent-sweep: 0,020/0,028 secs] [Times: user=0,01 sys=0,01, real=0,02 secs] 
2015-01-18T14:08:35.296+0100: 1,028: [CMS-concurrent-reset-start]
2015-01-18T14:08:35.299+0100: 1,031: [CMS-concurrent-reset: 0,003/0,003 secs] [Times: user=0,00 sys=0,00, real=0,00 secs] 
2015-01-18T14:08:35.299+0100: 1,031: [GC (Allocation Failure) 1,031: [ParNew: 2984K->293K(3072K), 0,0044075 secs] 72317K->70505K(118628K), 0,0044603 secs] [Times: user=0,01 sys=0,00, real=0,01 secs] 
2015-01-18T14:08:35.304+0100: 1,037: [GC (Allocation Failure) 1,037: [ParNew: 2984K->293K(3072K), 0,0070456 secs] 73196K->71384K(118628K), 0,0071058 secs] [Times: user=0,00 sys=0,00, real=0,01 secs] 
2015-01-18T14:08:35.315+0100: 1,048: [GC (Allocation Failure) 1,048: [ParNew: 2984K->293K(3072K), 0,0016170 secs] 74075K->72263K(118628K), 0,0016617 secs] [Times: user=0,00 sys=0,00, real=0,00 secs] 
2015-01-18T14:08:35.323+0100: 1,056: [GC (Allocation Failure) 1,056: [ParNew: 2984K->293K(3072K), 0,0039910 secs] 74954K->73142K(118628K), 0,0040459 secs] [Times: user=0,00 sys=0,00, real=0,01 secs] 
2015-01-18T14:08:35.331+0100: 1,064: [GC (Allocation Failure) 1,064: [ParNew: 2984K->293K(3072K), 0,0039584 secs] 75833K->74021K(118628K), 0,0040041 secs] [Times: user=0,01 sys=0,00, real=0,00 secs] 
2015-01-18T14:08:35.339+0100: 1,072: [GC (Allocation Failure) 1,072: [ParNew: 2984K->293K(3072K), 0,0039663 secs] 76712K->74900K(118628K), 0,0040063 secs] [Times: user=0,00 sys=0,00, real=0,00 secs] 
2015-01-18T14:08:35.344+0100: 1,076: [GC (Allocation Failure) 1,076: [ParNew: 2984K->293K(3072K), 0,0072886 secs] 77591K->75779K(118628K), 0,0073504 secs] [Times: user=0,00 sys=0,00, real=0,01 secs] 
2015-01-18T14:08:35.352+0100: 1,085: [GC (Allocation Failure) 1,085: [ParNew: 2984K->293K(3072K), 0,0150848 secs] 78470K->76658K(118628K), 0,0151284 secs] [Times: user=0,01 sys=0,00, real=0,02 secs] 
2015-01-18T14:08:35.368+0100: 1,100: [GC (Allocation Failure) 1,100: [ParNew: 2984K->293K(3072K), 0,0019934 secs] 79349K->77537K(118628K), 0,0020465 secs] [Times: user=0,00 sys=0,00, real=0,00 secs] 
2015-01-18T14:08:35.371+0100: 1,103: [GC (Allocation Failure) 1,103: [ParNew: 2984K->293K(3072K), 0,0043549 secs] 80228K->78416K(118628K), 0,0043982 secs] [Times: user=0,00 sys=0,00, real=0,00 secs] 
2015-01-18T14:08:35.376+0100: 1,108: [GC (Allocation Failure) 1,108: [ParNew: 2984K->293K(3072K), 0,0033055 secs] 81107K->79295K(118628K), 0,0033622 secs] [Times: user=0,00 sys=0,00, real=0,01 secs] 
2015-01-18T14:08:35.380+0100: 1,113: [GC (Allocation Failure) 1,113: [ParNew: 2984K->293K(3072K), 0,0030111 secs] 81986K->80174K(118628K), 0,0030566 secs] [Times: user=0,00 sys=0,00, real=0,00 secs] 
2015-01-18T14:08:35.387+0100: 1,120: [GC (Allocation Failure) 1,120: [ParNew: 2984K->297K(3072K), 0,0039880 secs] 82865K->81058K(118628K), 0,0040374 secs] [Times: user=0,00 sys=0,00, real=0,00 secs] 
2015-01-18T14:08:35.395+0100: 1,128: [GC (CMS Initial Mark) [1 CMS-initial-mark: 80760K(115556K)] 81156K(118628K), 0,0039797 secs] [Times: user=0,00 sys=0,00, real=0,01 secs] 
2015-01-18T14:08:35.399+0100: 1,132: [CMS-concurrent-mark-start]
2015-01-18T14:08:35.403+0100: 1,136: [CMS-concurrent-mark: 0,004/0,004 secs] [Times: user=0,01 sys=0,00, real=0,00 secs] 
2015-01-18T14:08:35.403+0100: 1,136: [CMS-concurrent-preclean-start]
2015-01-18T14:08:35.404+0100: 1,136: [CMS-concurrent-preclean: 0,000/0,000 secs] [Times: user=0,00 sys=0,00, real=0,00 secs] 
2015-01-18T14:08:35.404+0100: 1,136: [CMS-concurrent-abortable-preclean-start]
2015-01-18T14:08:35.404+0100: 1,136: [GC (Allocation Failure) 1,136: [ParNew: 2988K->293K(3072K), 0,0073356 secs] 83749K->81937K(118628K), 0,0073876 secs] [Times: user=0,00 sys=0,00, real=0,01 secs] 
2015-01-18T14:08:35.415+0100: 1,148: [GC (Allocation Failure) 1,148: [ParNew: 2984K->293K(3072K), 0,0039593 secs] 84628K->82816K(118628K), 0,0040062 secs] [Times: user=0,00 sys=0,00, real=0,01 secs] 
2015-01-18T14:08:35.423+0100: 1,156: [GC (Allocation Failure) 1,156: [ParNew: 2984K->293K(3072K), 0,0039857 secs] 85507K->83695K(118628K), 0,0040429 secs] [Times: user=0,00 sys=0,00, real=0,01 secs] 
2015-01-18T14:08:35.431+0100: 1,164: [GC (Allocation Failure) 1,164: [ParNew: 2984K->293K(3072K), 0,0039400 secs] 86386K->84574K(118628K), 0,0039875 secs] [Times: user=0,00 sys=0,00, real=0,00 secs] 
2015-01-18T14:08:35.437+0100: 1,170: [GC (Allocation Failure) 1,170: [ParNew: 2984K->293K(3072K), 0,0058315 secs] 87265K->85453K(118628K), 0,0058917 secs] [Times: user=0,00 sys=0,00, real=0,01 secs] 
2015-01-18T14:08:35.447+0100: 1,180: [GC (Allocation Failure) 1,180: [ParNew: 2984K->293K(3072K), 0,0039488 secs] 88144K->86332K(118628K), 0,0039980 secs] [Times: user=0,00 sys=0,00, real=0,00 secs] 
2015-01-18T14:08:35.455+0100: 1,188: [GC (Allocation Failure) 1,188: [ParNew: 2984K->293K(3072K), 0,0039633 secs] 89023K->87211K(118628K), 0,0040060 secs] [Times: user=0,01 sys=0,01, real=0,01 secs] 
2015-01-18T14:08:35.463+0100: 1,196: [GC (Allocation Failure) 1,196: [ParNew: 2984K->293K(3072K), 0,0079771 secs] 89902K->88090K(118628K), 0,0080327 secs] [Times: user=0,00 sys=0,00, real=0,01 secs] 
2015-01-18T14:08:35.475+0100: 1,208: [GC (Allocation Failure) 1,208: [ParNew: 2984K->293K(3072K), 0,0079510 secs] 90782K->88969K(118628K), 0,0079970 secs] [Times: user=0,00 sys=0,00, real=0,01 secs] 
2015-01-18T14:08:35.487+0100: 1,220: [GC (Allocation Failure) 1,220: [ParNew: 2984K->293K(3072K), 0,0199752 secs] 91661K->89849K(118628K), 0,0200300 secs] [Times: user=0,01 sys=0,00, real=0,02 secs] 
2015-01-18T14:08:35.511+0100: 1,244: [GC (Allocation Failure) 1,244: [ParNew: 2984K->293K(3072K), 0,0078857 secs] 92540K->90728K(118628K), 0,0079414 secs] [Times: user=0,00 sys=0,00, real=0,01 secs] 
2015-01-18T14:08:35.523+0100: 1,256: [GC (Allocation Failure) 1,256: [ParNew: 2984K->293K(3072K), 0,0200126 secs] 93419K->91607K(118628K), 0,0200716 secs] [Times: user=0,01 sys=0,00, real=0,02 secs] 
2015-01-18T14:08:35.547+0100: 1,280: [GC (Allocation Failure) 1,280: [ParNew: 2984K->293K(3072K), 0,0159460 secs] 94298K->92486K(118628K), 0,0159740 secs] [Times: user=0,01 sys=0,00, real=0,01 secs] 
2015-01-18T14:08:35.571+0100: 1,304: [GC (Allocation Failure) 1,304: [ParNew: 2984K->293K(3072K), 0,0120058 secs] 95177K->93365K(118628K), 0,0120507 secs] [Times: user=0,00 sys=0,00, real=0,01 secs] 
2015-01-18T14:08:35.591+0100: 1,324: [GC (Allocation Failure) 1,324: [ParNew: 2984K->293K(3072K), 0,0020872 secs] 96056K->94244K(118628K), 0,0021317 secs] [Times: user=0,01 sys=0,00, real=0,00 secs] 
2015-01-18T14:08:35.600+0100: 1,332: [GC (Allocation Failure) 1,332: [ParNew: 2984K->293K(3072K), 0,0113710 secs] 96935K->95123K(118628K), 0,0113971 secs] [Times: user=0,00 sys=0,00, real=0,01 secs] 
2015-01-18T14:08:35.616+0100: 1,348: [GC (Allocation Failure) 1,348: [ParNew: 2984K->293K(3072K), 0,0075850 secs] 97814K->96002K(118628K), 0,0076288 secs] [Times: user=0,01 sys=0,00, real=0,01 secs] 
2015-01-18T14:08:35.628+0100: 1,360: [GC (Allocation Failure) 1,360: [ParNew: 2984K->293K(3072K), 0,0114194 secs] 98693K->96881K(118628K), 0,0114466 secs] [Times: user=0,00 sys=0,00, real=0,01 secs] 
2015-01-18T14:08:35.640+0100: 1,372: [GC (Allocation Failure) 1,372: [ParNew2015-01-18T14:08:35.643+0100: 1,376: [CMS-concurrent-abortable-preclean: 0,004/0,240 secs] [Times: user=0,08 sys=0,01, real=0,24 secs] 
: 2984K->293K(3072K), 0,0075191 secs] 99572K->97760K(118628K), 0,0075682 secs] [Times: user=0,00 sys=0,00, real=0,01 secs] 
2015-01-18T14:08:35.648+0100: 1,381: [GC (Allocation Failure) 1,381: [ParNew: 2984K->293K(3072K), 0,0151133 secs] 100451K->98639K(118628K), 0,0151486 secs] [Times: user=0,00 sys=0,00, real=0,01 secs] 
2015-01-18T14:08:35.664+0100: 1,396: [GC (Allocation Failure) 1,396: [ParNew: 2984K->293K(3072K), 0,0078749 secs] 101330K->99518K(118628K), 0,0079134 secs] [Times: user=0,01 sys=0,00, real=0,01 secs] 
2015-01-18T14:08:35.672+0100: 1,405: [GC (Allocation Failure) 1,405: [ParNew: 2984K->293K(3072K), 0,0070076 secs] 102209K->100397K(118628K), 0,0070644 secs] [Times: user=0,00 sys=0,00, real=0,01 secs] 
2015-01-18T14:08:35.680+0100: 1,413: [GC (Allocation Failure) 1,413: [ParNew: 2984K->293K(3072K), 0,0030585 secs] 103088K->101276K(118628K), 0,0031036 secs] [Times: user=0,00 sys=0,00, real=0,00 secs] 
2015-01-18T14:08:35.684+0100: 1,417: [GC (Allocation Failure) 1,417: [ParNew: 2984K->293K(3072K), 0,0191227 secs] 103967K->102155K(118628K), 0,0191808 secs] [Times: user=0,01 sys=0,00, real=0,02 secs] 
2015-01-18T14:08:35.704+0100: 1,437: [GC (Allocation Failure) 1,437: [ParNew: 2984K->293K(3072K), 0,0074128 secs] 104846K->103034K(118628K), 0,0074698 secs] [Times: user=0,00 sys=0,00, real=0,01 secs] 
2015-01-18T14:08:35.712+0100: 1,445: [GC (Allocation Failure) 1,445: [ParNew: 2984K->293K(3072K), 0,0147445 secs] 105725K->103913K(118628K), 0,0147927 secs] [Times: user=0,01 sys=0,00, real=0,02 secs] 
2015-01-18T14:08:35.735+0100: 1,468: [GC (Allocation Failure) 1,468: [ParNew: 2984K->293K(3072K), 0,0041713 secs] 106604K->104792K(118628K), 0,0041995 secs] [Times: user=0,00 sys=0,00, real=0,01 secs] 
2015-01-18T14:08:35.747+0100: 1,480: [GC (CMS Final Remark) [YG occupancy: 2984 K (3072 K)]1,480: [Rescan (parallel) , 0,0159659 secs]1,496: [weak refs processing, 0,0000091 secs]1,496: [class unloading, 0,0003316 secs]1,496: [scrub symbol table, 0,0005380 secs]1,497: [scrub string table, 0,0002146 secs][1 CMS-remark: 104499K(115556K)] 107483K(118628K), 0,0171275 secs] [Times: user=0,01 sys=0,00, real=0,01 secs] 
2015-01-18T14:08:35.767+0100: 1,500: [CMS-concurrent-sweep-start]
2015-01-18T14:08:35.768+0100: 1,500: [CMS-concurrent-sweep: 0,000/0,000 secs] [Times: user=0,00 sys=0,00, real=0,00 secs] 
2015-01-18T14:08:35.768+0100: 1,500: [CMS-concurrent-reset-start]
2015-01-18T14:08:35.770+0100: 1,503: [CMS-concurrent-reset: 0,002/0,002 secs] [Times: user=0,00 sys=0,00, real=0,00 secs] 
2015-01-18T14:08:35.775+0100: 1,508: [GC (Allocation Failure) 1,508: [ParNew: 2984K->293K(3072K), 0,0081624 secs] 107478K->105666K(177232K), 0,0081924 secs] [Times: user=0,00 sys=0,00, real=0,01 secs] 
2015-01-18T14:08:35.791+0100: 1,524: [GC (Allocation Failure) 1,524: [ParNew: 2984K->293K(3072K), 0,0119676 secs] 108357K->106545K(177232K), 0,0119938 secs] [Times: user=0,00 sys=0,00, real=0,01 secs] 
2015-01-18T14:08:35.808+0100: 1,541: [GC (Allocation Failure) 1,541: [ParNew: 2984K->293K(3072K), 0,0072467 secs] 109236K->107424K(177232K), 0,0072844 secs] [Times: user=0,00 sys=0,00, real=0,00 secs] 
2015-01-18T14:08:35.823+0100: 1,556: [GC (Allocation Failure) 1,556: [ParNew: 2984K->293K(3072K), 0,0017895 secs] 110115K->108303K(177232K), 0,0018336 secs] [Times: user=0,01 sys=0,00, real=0,00 secs] 
2015-01-18T14:08:35.828+0100: 1,560: [GC (Allocation Failure) 1,560: [ParNew: 2984K->293K(3072K), 0,0113569 secs] 110994K->109182K(177232K), 0,0113970 secs] [Times: user=0,00 sys=0,00, real=0,01 secs] 
2015-01-18T14:08:35.847+0100: 1,580: [GC (Allocation Failure) 1,580: [ParNew: 2984K->293K(3072K), 0,0119914 secs] 111873K->110061K(177232K), 0,0120454 secs] [Times: user=0,00 sys=0,00, real=0,01 secs] 
2015-01-18T14:08:35.867+0100: 1,600: [GC (Allocation Failure) 1,600: [ParNew: 2984K->293K(3072K), 0,0079833 secs] 112752K->110940K(177232K), 0,0080458 secs] [Times: user=0,01 sys=0,00, real=0,00 secs] 
2015-01-18T14:08:35.876+0100: 1,608: [GC (Allocation Failure) 1,609: [ParNew: 2984K->293K(3072K), 0,0112593 secs] 113631K->111819K(177232K), 0,0113065 secs] [Times: user=0,00 sys=0,00, real=0,02 secs] 
2015-01-18T14:08:35.888+0100: 1,621: [GC (Allocation Failure) 1,621: [ParNew: 2984K->293K(3072K), 0,0112328 secs] 114510K->112698K(177232K), 0,0112865 secs] [Times: user=0,00 sys=0,00, real=0,01 secs] 
2015-01-18T14:08:35.900+0100: 1,633: [GC (Allocation Failure) 1,633: [ParNew: 2984K->293K(3072K), 0,0070981 secs] 115389K->113577K(177232K), 0,0071449 secs] [Times: user=0,00 sys=0,00, real=0,01 secs] 
2015-01-18T14:08:35.908+0100: 1,641: [GC (Allocation Failure) 1,641: [ParNew: 2984K->293K(3072K), 0,0152329 secs] 116268K->114456K(177232K), 0,0152808 secs] [Times: user=0,00 sys=0,00, real=0,01 secs] 
2015-01-18T14:08:35.927+0100: 1,660: [GC (Allocation Failure) 1,660: [ParNew: 2984K->293K(3072K), 0,0119532 secs] 117148K->115336K(177232K), 0,0119788 secs] [Times: user=0,00 sys=0,00, real=0,01 secs] 
2015-01-18T14:08:35.943+0100: 1,676: [GC (Allocation Failure) 1,676: [ParNew: 2984K->293K(3072K), 0,0040079 secs] 118027K->116215K(177232K), 0,0040324 secs] [Times: user=0,01 sys=0,00, real=0,01 secs] 
2015-01-18T14:08:35.952+0100: 1,685: [GC (Allocation Failure) 1,685: [ParNew: 2984K->293K(3072K), 0,0073579 secs] 118906K->117094K(177232K), 0,0073925 secs] [Times: user=0,00 sys=0,00, real=0,01 secs] 
2015-01-18T14:08:35.964+0100: 1,696: [GC (Allocation Failure) 1,696: [ParNew: 2984K->293K(3072K), 0,0083385 secs] 119785K->117973K(177232K), 0,0083722 secs] [Times: user=0,00 sys=0,00, real=0,01 secs] 
2015-01-18T14:08:35.973+0100: 1,705: [GC (Allocation Failure) 1,705: [ParNew: 2984K->293K(3072K), 0,0038159 secs] 120664K->118852K(177232K), 0,0038779 secs] [Times: user=0,00 sys=0,00, real=0,00 secs] 
2015-01-18T14:08:35.978+0100: 1,710: [GC (Allocation Failure) 1,710: [ParNew: 2984K->293K(3072K), 0,0018847 secs] 121543K->119731K(177232K), 0,0019295 secs] [Times: user=0,00 sys=0,00, real=0,01 secs] 
2015-01-18T14:08:35.980+0100: 1,713: [GC (Allocation Failure) 1,713: [ParNew: 2984K->293K(3072K), 0,0031781 secs] 122422K->120610K(177232K), 0,0032071 secs] [Times: user=0,00 sys=0,00, real=0,00 secs] 
2015-01-18T14:08:35.984+0100: 1,717: [GC (Allocation Failure) 1,717: [ParNew: 2984K->300K(3072K), 0,0071174 secs] 123301K->121496K(177232K), 0,0071493 secs] [Times: user=0,01 sys=0,00, real=0,01 secs] 
2015-01-18T14:08:35.992+0100: 1,724: [GC (Allocation Failure) 1,725: [ParNew: 2991K->293K(3072K), 0,0033954 secs] 124187K->122375K(177232K), 0,0034234 secs] [Times: user=0,00 sys=0,00, real=0,00 secs] 
2015-01-18T14:08:35.996+0100: 1,729: [GC (Allocation Failure) 1,729: [ParNew: 2984K->293K(3072K), 0,0126629 secs] 125066K->123254K(177232K), 0,0127074 secs] [Times: user=0,02 sys=0,00, real=0,02 secs] 
2015-01-18T14:08:36.009+0100: 1,742: [GC (Allocation Failure) 1,742: [ParNew: 2984K->293K(3072K), 0,0058308 secs] 125945K->124133K(177232K), 0,0058738 secs] [Times: user=0,00 sys=0,00, real=0,00 secs] 
2015-01-18T14:08:36.016+0100: 1,749: [GC (Allocation Failure) 1,749: [ParNew: 2984K->293K(3072K), 0,0031843 secs] 126824K->125012K(177232K), 0,0032397 secs] [Times: user=0,00 sys=0,00, real=0,01 secs] 
2015-01-18T14:08:36.020+0100: 1,753: [GC (Allocation Failure) 1,753: [ParNew: 2984K->293K(3072K), 0,0150331 secs] 127703K->125891K(177232K), 0,0150788 secs] [Times: user=0,01 sys=0,00, real=0,01 secs] 
2015-01-18T14:08:36.036+0100: 1,768: [GC (Allocation Failure) 1,769: [ParNew: 2984K->293K(3072K), 0,0070488 secs] 128582K->126770K(177232K), 0,0071033 secs] [Times: user=0,00 sys=0,01, real=0,01 secs] 
2015-01-18T14:08:36.044+0100: 1,776: [GC (Allocation Failure) 1,776: [ParNew: 2984K->293K(3072K), 0,0034947 secs] 129461K->127649K(177232K), 0,0035386 secs] [Times: user=0,01 sys=0,00, real=0,01 secs] 
2015-01-18T14:08:36.048+0100: 1,781: [GC (Allocation Failure) 1,781: [ParNew: 2984K->293K(3072K), 0,0150500 secs] 130340K->128528K(177232K), 0,0150807 secs] [Times: user=0,00 sys=0,00, real=0,01 secs] 
2015-01-18T14:08:36.064+0100: 1,796: [GC (Allocation Failure) 1,796: [ParNew: 2984K->293K(3072K), 0,0112815 secs] 131220K->129408K(177232K), 0,0113221 secs] [Times: user=0,00 sys=0,00, real=0,01 secs] 
2015-01-18T14:08:36.076+0100: 1,808: [GC (Allocation Failure) 1,808: [ParNew: 2984K->293K(3072K), 0,0112800 secs] 132099K->130287K(177232K), 0,0113239 secs] [Times: user=0,01 sys=0,00, real=0,02 secs] 
2015-01-18T14:08:36.088+0100: 1,820: [GC (Allocation Failure) 1,820: [ParNew: 2984K->293K(3072K), 0,0112803 secs] 132978K->131166K(177232K), 0,0113326 secs] [Times: user=0,00 sys=0,00, real=0,01 secs] 
2015-01-18T14:08:36.100+0100: 1,833: [GC (Allocation Failure) 1,833: [ParNew: 2984K->293K(3072K), 0,0091098 secs] 133857K->132045K(177232K), 0,0091581 secs] [Times: user=0,01 sys=0,00, real=0,01 secs] 
2015-01-18T14:08:36.110+0100: 1,842: [GC (Allocation Failure) 1,842: [ParNew: 2984K->293K(3072K), 0,0093043 secs] 134736K->132924K(177232K), 0,0093631 secs] [Times: user=0,00 sys=0,00, real=0,01 secs] 
2015-01-18T14:08:36.120+0100: 1,853: [GC (Allocation Failure) 1,853: [ParNew: 2984K->293K(3072K), 0,0071062 secs] 135615K->133803K(177232K), 0,0071566 secs] [Times: user=0,00 sys=0,00, real=0,01 secs] 
2015-01-18T14:08:36.128+0100: 1,861: [GC (Allocation Failure) 1,861: [ParNew: 2984K->293K(3072K), 0,0075893 secs] 136494K->134682K(177232K), 0,0076595 secs] [Times: user=0,01 sys=0,00, real=0,00 secs] 
2015-01-18T14:08:36.139+0100: 1,871: [GC (Allocation Failure) 1,871: [ParNew: 2984K->293K(3072K), 0,0203254 secs] 137373K->135561K(177232K), 0,0203921 secs] [Times: user=0,00 sys=0,00, real=0,03 secs] 
2015-01-18T14:08:36.167+0100: 1,900: [GC (Allocation Failure) 1,900: [ParNew: 2984K->293K(3072K), 0,0119628 secs] 138252K->136440K(177232K), 0,0120307 secs] [Times: user=0,00 sys=0,00, real=0,01 secs] 
2015-01-18T14:08:36.180+0100: 1,913: [GC (Allocation Failure) 1,913: [ParNew: 2984K->293K(3072K), 0,0031895 secs] 139131K->137319K(177232K), 0,0032413 secs] [Times: user=0,00 sys=0,00, real=0,00 secs] 
2015-01-18T14:08:36.184+0100: 1,917: [GC (Allocation Failure) 1,917: [ParNew: 2984K->293K(3072K), 0,0072278 secs] 140010K->138198K(177232K), 0,0072802 secs] [Times: user=0,00 sys=0,00, real=0,01 secs] 
2015-01-18T14:08:36.192+0100: 1,925: [GC (Allocation Failure) 1,925: [ParNew: 2984K->293K(3072K), 0,0037168 secs] 140889K->139077K(177232K), 0,0037679 secs] [Times: user=0,00 sys=0,00, real=0,00 secs] 
2015-01-18T14:08:36.197+0100: 1,929: [GC (Allocation Failure) 1,929: [ParNew: 2984K->293K(3072K), 0,0071222 secs] 141768K->139956K(177232K), 0,0071676 secs] [Times: user=0,00 sys=0,00, real=0,01 secs] 
2015-01-18T14:08:36.205+0100: 1,937: [GC (Allocation Failure) 1,937: [ParNew: 2984K->293K(3072K), 0,0032584 secs] 142647K->140835K(177232K), 0,0033193 secs] [Times: user=0,01 sys=0,00, real=0,01 secs] 
2015-01-18T14:08:36.209+0100: 1,941: [GC (Allocation Failure) 1,942: [ParNew: 2984K->293K(3072K), 0,0070503 secs] 143526K->141714K(177232K), 0,0070965 secs] [Times: user=0,00 sys=0,00, real=0,00 secs] 
2015-01-18T14:08:36.217+0100: 1,949: [GC (Allocation Failure) 1,949: [ParNew: 2984K->293K(3072K), 0,0027676 secs] 144405K->142593K(177232K), 0,0028095 secs] [Times: user=0,01 sys=0,00, real=0,01 secs] 
2015-01-18T14:08:36.220+0100: 1,953: [GC (Allocation Failure) 1,953: [ParNew: 2984K->293K(3072K), 0,0086435 secs] 145284K->143472K(177232K), 0,0086952 secs] [Times: user=0,00 sys=0,00, real=0,01 secs] 
2015-01-18T14:08:36.230+0100: 1,962: [GC (Allocation Failure) 1,962: [ParNew: 2984K->293K(3072K), 0,0036379 secs] 146163K->144351K(177232K), 0,0036806 secs] [Times: user=0,00 sys=0,00, real=0,00 secs] 
2015-01-18T14:08:36.234+0100: 1,967: [GC (Allocation Failure) 1,967: [ParNew: 2984K->293K(3072K), 0,0082423 secs] 147042K->145230K(177232K), 0,0082997 secs] [Times: user=0,01 sys=0,00, real=0,01 secs] 
2015-01-18T14:08:36.247+0100: 1,980: [GC (CMS Initial Mark) [1 CMS-initial-mark: 144937K(174160K)] 147433K(177232K), 0,0039705 secs] [Times: user=0,00 sys=0,00, real=0,00 secs] 
2015-01-18T14:08:36.251+0100: 1,984: [CMS-concurrent-mark-start]
2015-01-18T14:08:36.255+0100: 1,988: [CMS-concurrent-mark: 0,004/0,004 secs] [Times: user=0,01 sys=0,00, real=0,00 secs] 
2015-01-18T14:08:36.255+0100: 1,988: [CMS-concurrent-preclean-start]
2015-01-18T14:08:36.256+0100: 1,988: [CMS-concurrent-preclean: 0,000/0,000 secs] [Times: user=0,00 sys=0,00, real=0,00 secs] 
2015-01-18T14:08:36.256+0100: 1,988: [CMS-concurrent-abortable-preclean-start]
2015-01-18T14:08:36.256+0100: 1,989: [GC (Allocation Failure) 1,989: [ParNew: 2984K->293K(3072K), 0,0070558 secs] 147921K->146109K(177232K), 0,0071007 secs] [Times: user=0,00 sys=0,00, real=0,01 secs] 
2015-01-18T14:08:36.267+0100: 2,000: [GC (Allocation Failure) 2,000: [ParNew: 2984K->293K(3072K), 0,0079730 secs] 148800K->146988K(177232K), 0,0080292 secs] [Times: user=0,00 sys=0,00, real=0,00 secs] 
2015-01-18T14:08:36.279+0100: 2,012: [GC (Allocation Failure) 2,012: [ParNew: 2984K->293K(3072K), 0,0079537 secs] 149680K->147867K(177232K), 0,0080020 secs] [Times: user=0,00 sys=0,00, real=0,01 secs] 
2015-01-18T14:08:36.291+0100: 2,024: [GC (Allocation Failure) 2,024: [ParNew: 2984K->293K(3072K), 0,0079628 secs] 150559K->148747K(177232K), 0,0080072 secs] [Times: user=0,00 sys=0,00, real=0,01 secs] 
2015-01-18T14:08:36.303+0100: 2,036: [GC (Allocation Failure) 2,036: [ParNew: 2984K->293K(3072K), 0,0039872 secs] 151438K->149626K(177232K), 0,0040468 secs] [Times: user=0,00 sys=0,00, real=0,01 secs] 
2015-01-18T14:08:36.308+0100: 2,041: [GC (Allocation Failure) 2,041: [ParNew: 2984K->293K(3072K), 0,0070443 secs] 152317K->150505K(177232K), 0,0071014 secs] [Times: user=0,00 sys=0,00, real=0,00 secs] 
2015-01-18T14:08:36.316+0100: 2,049: [GC (Allocation Failure) 2,049: [ParNew: 2984K->293K(3072K), 0,0071533 secs] 153196K->151384K(177232K), 0,0072065 secs] [Times: user=0,01 sys=0,00, real=0,01 secs] 
2015-01-18T14:08:36.324+0100: 2,057: [GC (Allocation Failure) 2,057: [ParNew: 2984K->293K(3072K), 0,0191134 secs] 154075K->152263K(177232K), 0,0191620 secs] [Times: user=0,01 sys=0,00, real=0,02 secs] 
2015-01-18T14:08:36.344+0100: 2,077: [GC (Allocation Failure) 2,077: [ParNew: 2984K->293K(3072K), 0,0072243 secs] 154954K->153142K(177232K), 0,0072793 secs] [Times: user=0,00 sys=0,00, real=0,01 secs] 
2015-01-18T14:08:36.352+0100: 2,085: [GC (Allocation Failure) 2,085: [ParNew: 2984K->293K(3072K), 0,0110552 secs] 155833K->154021K(177232K), 0,0110928 secs] [Times: user=0,00 sys=0,00, real=0,01 secs] 
2015-01-18T14:08:36.364+0100: 2,097: [GC (Allocation Failure) 2,097: [ParNew: 2984K->293K(3072K), 0,0151564 secs] 156712K->154900K(177232K), 0,0151869 secs] [Times: user=0,01 sys=0,00, real=0,02 secs] 
2015-01-18T14:08:36.380+0100: 2,113: [GC (Allocation Failure) 2,113: [ParNew: 2984K->293K(3072K), 0,0108792 secs] 157591K->155779K(177232K), 0,0109386 secs] [Times: user=0,00 sys=0,00, real=0,01 secs] 
2015-01-18T14:08:36.392+0100: 2,125: [CMS-concurrent-abortable-preclean: 0,002/0,136 secs] [Times: user=0,04 sys=0,00, real=0,14 secs] 
2015-01-18T14:08:36.392+0100: 2,125: [GC (Allocation Failure) 2,125: [ParNew: 2984K->293K(3072K), 0,0109714 secs] 158470K->156658K(177232K), 0,0110042 secs] [Times: user=0,01 sys=0,00, real=0,01 secs] 
2015-01-18T14:08:36.403+0100: 2,136: [GC (CMS Final Remark) [YG occupancy: 390 K (3072 K)]2,136: [Rescan (parallel) , 0,0197428 secs]2,156: [weak refs processing, 0,0000097 secs]2,156: [class unloading, 0,0003503 secs]2,156: [scrub symbol table, 0,0005412 secs]2,157: [scrub string table, 0,0002083 secs][1 CMS-remark: 156365K(174160K)] 156756K(177232K), 0,0209223 secs] [Times: user=0,00 sys=0,01, real=0,02 secs] 
2015-01-18T14:08:36.424+0100: 2,157: [CMS-concurrent-sweep-start]
2015-01-18T14:08:36.425+0100: 2,157: [CMS-concurrent-sweep: 0,000/0,000 secs] [Times: user=0,00 sys=0,00, real=0,00 secs] 
2015-01-18T14:08:36.425+0100: 2,158: [CMS-concurrent-reset-start]
2015-01-18T14:08:36.427+0100: 2,160: [CMS-concurrent-reset: 0,002/0,002 secs] [Times: user=0,00 sys=0,00, real=0,00 secs] 
2015-01-18T14:08:36.429+0100: 2,161: [GC (Allocation Failure) 2,161: [ParNew: 2984K->293K(3072K), 0,0146335 secs] 159344K->157532K(263676K), 0,0146759 secs] [Times: user=0,00 sys=0,00, real=0,01 secs] 
2015-01-18T14:08:36.444+0100: 2,176: [GC (Allocation Failure) 2,176: [ParNew: 2984K->293K(3072K), 0,0112907 secs] 160223K->158411K(263676K), 0,0113234 secs] [Times: user=0,00 sys=0,00, real=0,01 secs] 
2015-01-18T14:08:36.456+0100: 2,189: [GC (Allocation Failure) 2,189: [ParNew: 2984K->293K(3072K), 0,0152051 secs] 161102K->159290K(263676K), 0,0152589 secs] [Times: user=0,01 sys=0,00, real=0,02 secs] 
2015-01-18T14:08:36.472+0100: 2,205: [GC (Allocation Failure) 2,205: [ParNew: 2984K->293K(3072K), 0,0150451 secs] 161981K->160169K(263676K), 0,0150949 secs] [Times: user=0,01 sys=0,00, real=0,02 secs] 
2015-01-18T14:08:36.488+0100: 2,221: [GC (Allocation Failure) 2,221: [ParNew: 2984K->293K(3072K), 0,0151941 secs] 162860K->161048K(263676K), 0,0152252 secs] [Times: user=0,01 sys=0,00, real=0,01 secs] 
2015-01-18T14:08:36.504+0100: 2,236: [GC (Allocation Failure) 2,236: [ParNew: 2984K->293K(3072K), 0,0152850 secs] 163739K->161927K(263676K), 0,0153391 secs] [Times: user=0,01 sys=0,00, real=0,02 secs] 
2015-01-18T14:08:36.520+0100: 2,253: [GC (Allocation Failure) 2,253: [ParNew: 2984K->293K(3072K), 0,0189961 secs] 164618K->162806K(263676K), 0,0190337 secs] [Times: user=0,01 sys=0,00, real=0,02 secs] 
2015-01-18T14:08:36.540+0100: 2,273: [GC (Allocation Failure) 2,273: [ParNew: 2984K->293K(3072K), 0,0073031 secs] 165498K->163685K(263676K), 0,0073342 secs] [Times: user=0,00 sys=0,00, real=0,01 secs] 
2015-01-18T14:08:36.548+0100: 2,281: [GC (Allocation Failure) 2,281: [ParNew: 2984K->293K(3072K), 0,0151007 secs] 166377K->164565K(263676K), 0,0151571 secs] [Times: user=0,00 sys=0,00, real=0,01 secs] 
2015-01-18T14:08:36.572+0100: 2,304: [GC (Allocation Failure) 2,304: [ParNew: 2984K->293K(3072K), 0,0113318 secs] 167256K->165444K(263676K), 0,0113881 secs] [Times: user=0,00 sys=0,00, real=0,01 secs] 
2015-01-18T14:08:36.588+0100: 2,320: [GC (Allocation Failure) 2,320: [ParNew: 2984K->293K(3072K), 0,0114169 secs] 168135K->166323K(263676K), 0,0114634 secs] [Times: user=0,00 sys=0,00, real=0,01 secs] 
2015-01-18T14:08:36.604+0100: 2,336: [GC (Allocation Failure) 2,336: [ParNew: 2984K->293K(3072K), 0,0066562 secs] 169014K->167202K(263676K), 0,0067061 secs] [Times: user=0,00 sys=0,01, real=0,01 secs] 
2015-01-18T14:08:36.612+0100: 2,344: [GC (Allocation Failure) 2,344: [ParNew: 2984K->293K(3072K), 0,0113751 secs] 169893K->168081K(263676K), 0,0114294 secs] [Times: user=0,01 sys=0,00, real=0,01 secs] 
2015-01-18T14:08:36.628+0100: 2,360: [GC (Allocation Failure) 2,360: [ParNew: 2984K->293K(3072K), 0,0072739 secs] 170772K->168960K(263676K), 0,0073229 secs] [Times: user=0,00 sys=0,00, real=0,00 secs] 
2015-01-18T14:08:36.640+0100: 2,372: [GC (Allocation Failure) 2,372: [ParNew: 2984K->293K(3072K), 0,0073774 secs] 171651K->169839K(263676K), 0,0074428 secs] [Times: user=0,00 sys=0,00, real=0,01 secs] 
2015-01-18T14:08:36.652+0100: 2,385: [GC (Allocation Failure) 2,385: [ParNew: 2984K->293K(3072K), 0,0071664 secs] 172530K->170718K(263676K), 0,0072248 secs] [Times: user=0,01 sys=0,00, real=0,01 secs] 
2015-01-18T14:08:36.664+0100: 2,396: [GC (Allocation Failure) 2,396: [ParNew: 2984K->293K(3072K), 0,0113469 secs] 173409K->171597K(263676K), 0,0114054 secs] [Times: user=0,00 sys=0,00, real=0,01 secs] 
2015-01-18T14:08:36.680+0100: 2,413: [GC (Allocation Failure) 2,413: [ParNew: 2984K->293K(3072K), 0,0112772 secs] 174288K->172476K(263676K), 0,0113186 secs] [Times: user=0,00 sys=0,00, real=0,01 secs] 
2015-01-18T14:08:36.696+0100: 2,428: [GC (Allocation Failure) 2,428: [ParNew: 2984K->293K(3072K), 0,0078688 secs] 175167K->173355K(263676K), 0,0079021 secs] [Times: user=0,00 sys=0,00, real=0,01 secs] 
2015-01-18T14:08:36.708+0100: 2,440: [GC (Allocation Failure) 2,440: [ParNew: 2984K->293K(3072K), 0,0113454 secs] 176046K->174234K(263676K), 0,0113905 secs] [Times: user=0,00 sys=0,00, real=0,01 secs] 
2015-01-18T14:08:36.724+0100: 2,456: [GC (Allocation Failure) 2,457: [ParNew: 2984K->293K(3072K), 0,0072666 secs] 176925K->175113K(263676K), 0,0073155 secs] [Times: user=0,01 sys=0,00, real=0,01 secs] 
2015-01-18T14:08:36.736+0100: 2,468: [GC (Allocation Failure) 2,468: [ParNew: 2984K->293K(3072K), 0,0113656 secs] 177804K->175992K(263676K), 0,0114218 secs] [Times: user=0,00 sys=0,00, real=0,02 secs] 
2015-01-18T14:08:36.752+0100: 2,485: [GC (Allocation Failure) 2,485: [ParNew: 2984K->293K(3072K), 0,0110271 secs] 178683K->176871K(263676K), 0,0110879 secs] [Times: user=0,00 sys=0,00, real=0,01 secs] 
2015-01-18T14:08:36.767+0100: 2,500: [GC (Allocation Failure) 2,500: [ParNew: 2984K->293K(3072K), 0,0081412 secs] 179562K->177750K(263676K), 0,0082020 secs] [Times: user=0,01 sys=0,00, real=0,00 secs] 
2015-01-18T14:08:36.779+0100: 2,512: [GC (Allocation Failure) 2,512: [ParNew: 2984K->293K(3072K), 0,0159502 secs] 180441K->178629K(263676K), 0,0159789 secs] [Times: user=0,00 sys=0,01, real=0,01 secs] 
2015-01-18T14:08:36.798+0100: 2,531: [GC (Allocation Failure) 2,531: [ParNew: 2984K->293K(3072K), 0,0091300 secs] 181320K->179508K(263676K), 0,0091546 secs] [Times: user=0,00 sys=0,01, real=0,02 secs] 
2015-01-18T14:08:36.812+0100: 2,544: [GC (Allocation Failure) 2,544: [ParNew: 2984K->293K(3072K), 0,0114730 secs] 182199K->180387K(263676K), 0,0115064 secs] [Times: user=0,00 sys=0,00, real=0,01 secs] 
2015-01-18T14:08:36.828+0100: 2,560: [GC (Allocation Failure) 2,560: [ParNew: 2984K->303K(3072K), 0,0112763 secs] 183078K->181473K(263676K), 0,0113200 secs] [Times: user=0,00 sys=0,00, real=0,01 secs] 
2015-01-18T14:08:36.844+0100: 2,576: [GC (Allocation Failure) 2,576: [ParNew: 2994K->293K(3072K), 0,0073276 secs] 184164K->182156K(263676K), 0,0073873 secs] [Times: user=0,01 sys=0,00, real=0,01 secs] 
2015-01-18T14:08:36.852+0100: 2,585: [GC (Allocation Failure) 2,585: [ParNew: 2984K->293K(3072K), 0,0152036 secs] 184847K->183035K(263676K), 0,0152536 secs] [Times: user=0,00 sys=0,00, real=0,02 secs] 
2015-01-18T14:08:36.872+0100: 2,604: [GC (Allocation Failure) 2,604: [ParNew: 2984K->293K(3072K), 0,0153977 secs] 185727K->183914K(263676K), 0,0154507 secs] [Times: user=0,01 sys=0,00, real=0,02 secs] 
2015-01-18T14:08:36.892+0100: 2,624: [GC (Allocation Failure) 2,624: [ParNew: 2984K->293K(3072K), 0,0074345 secs] 186606K->184793K(263676K), 0,0074695 secs] [Times: user=0,00 sys=0,00, real=0,01 secs] 
2015-01-18T14:08:36.901+0100: 2,633: [GC (Allocation Failure) 2,633: [ParNew: 2984K->293K(3072K), 0,0065036 secs] 187485K->185673K(263676K), 0,0065515 secs] [Times: user=0,01 sys=0,00, real=0,01 secs] 
2015-01-18T14:08:36.908+0100: 2,641: [GC (Allocation Failure) 2,641: [ParNew: 2984K->293K(3072K), 0,0056239 secs] 188364K->186552K(263676K), 0,0056936 secs] [Times: user=0,00 sys=0,00, real=0,00 secs] 
2015-01-18T14:08:36.919+0100: 2,652: [GC (Allocation Failure) 2,652: [ParNew: 2984K->293K(3072K), 0,0026969 secs] 189243K->187431K(263676K), 0,0027480 secs] [Times: user=0,00 sys=0,00, real=0,00 secs] 
2015-01-18T14:08:36.924+0100: 2,656: [GC (Allocation Failure) 2,656: [ParNew: 2984K->293K(3072K), 0,0076791 secs] 190122K->188310K(263676K), 0,0077237 secs] [Times: user=0,00 sys=0,00, real=0,01 secs] 
2015-01-18T14:08:36.936+0100: 2,668: [GC (Allocation Failure) 2,668: [ParNew: 2984K->293K(3072K), 0,0115000 secs] 191001K->189189K(263676K), 0,0115442 secs] [Times: user=0,01 sys=0,00, real=0,02 secs] 
2015-01-18T14:08:36.952+0100: 2,684: [GC (Allocation Failure) 2,684: [ParNew: 2984K->293K(3072K), 0,0074024 secs] 191880K->190068K(263676K), 0,0074479 secs] [Times: user=0,00 sys=0,00, real=0,01 secs] 
2015-01-18T14:08:36.967+0100: 2,700: [GC (Allocation Failure) 2,700: [ParNew: 2984K->293K(3072K), 0,0159819 secs] 192759K->190947K(263676K), 0,0160279 secs] [Times: user=0,01 sys=0,00, real=0,01 secs] 
2015-01-18T14:08:36.988+0100: 2,720: [GC (Allocation Failure) 2,720: [ParNew: 2984K->293K(3072K), 0,0154680 secs] 193638K->191826K(263676K), 0,0155132 secs] [Times: user=0,00 sys=0,00, real=0,01 secs] 
2015-01-18T14:08:37.008+0100: 2,740: [GC (Allocation Failure) 2,740: [ParNew: 2984K->293K(3072K), 0,0047504 secs] 194517K->192705K(263676K), 0,0047938 secs] [Times: user=0,00 sys=0,00, real=0,00 secs] 
2015-01-18T14:08:37.015+0100: 2,748: [GC (Allocation Failure) 2,748: [ParNew: 2984K->293K(3072K), 0,0050962 secs] 195396K->193584K(263676K), 0,0051362 secs] [Times: user=0,01 sys=0,00, real=0,01 secs] 
2015-01-18T14:08:37.021+0100: 2,754: [GC (Allocation Failure) 2,754: [ParNew: 2984K->293K(3072K), 0,0140925 secs] 196275K->194463K(263676K), 0,0141473 secs] [Times: user=0,01 sys=0,00, real=0,01 secs] 
2015-01-18T14:08:37.036+0100: 2,768: [GC (Allocation Failure) 2,768: [ParNew: 2984K->293K(3072K), 0,0153305 secs] 197154K->195342K(263676K), 0,0153558 secs] [Times: user=0,00 sys=0,00, real=0,02 secs] 
2015-01-18T14:08:37.052+0100: 2,784: [GC (Allocation Failure) 2,784: [ParNew: 2984K->293K(3072K), 0,0113687 secs] 198033K->196221K(263676K), 0,0113930 secs] [Times: user=0,00 sys=0,00, real=0,01 secs] 
2015-01-18T14:08:37.064+0100: 2,796: [GC (Allocation Failure) 2,796: [ParNew: 2984K->293K(3072K), 0,0113808 secs] 198912K->197100K(263676K), 0,0114043 secs] [Times: user=0,01 sys=0,00, real=0,01 secs] 
2015-01-18T14:08:37.076+0100: 2,808: [GC (Allocation Failure) 2,808: [ParNew: 2984K->293K(3072K), 0,0113853 secs] 199791K->197979K(263676K), 0,0114089 secs] [Times: user=0,00 sys=0,00, real=0,02 secs] 
2015-01-18T14:08:37.088+0100: 2,820: [GC (Allocation Failure) 2,820: [ParNew: 2984K->293K(3072K), 0,0193930 secs] 200670K->198858K(263676K), 0,0194203 secs] [Times: user=0,01 sys=0,00, real=0,02 secs] 
2015-01-18T14:08:37.108+0100: 2,840: [GC (Allocation Failure) 2,840: [ParNew: 2984K->293K(3072K), 0,0113021 secs] 201549K->199737K(263676K), 0,0113416 secs] [Times: user=0,00 sys=0,00, real=0,01 secs] 
2015-01-18T14:08:37.120+0100: 2,853: [GC (Allocation Failure) 2,853: [ParNew: 2984K->293K(3072K), 0,0159872 secs] 202428K->200616K(263676K), 0,0160217 secs] [Times: user=0,01 sys=0,00, real=0,01 secs] 
2015-01-18T14:08:37.138+0100: 2,870: [GC (Allocation Failure) 2,870: [ParNew: 2984K->293K(3072K), 0,0332943 secs] 203307K->201495K(263676K), 0,0333338 secs] [Times: user=0,00 sys=0,00, real=0,04 secs] 
2015-01-18T14:08:37.172+0100: 2,904: [GC (Allocation Failure) 2,904: [ParNew: 2984K->293K(3072K), 0,0152429 secs] 204186K->202374K(263676K), 0,0152693 secs] [Times: user=0,01 sys=0,00, real=0,02 secs] 
2015-01-18T14:08:37.188+0100: 2,920: [GC (Allocation Failure) 2,920: [ParNew: 2984K->293K(3072K), 0,0193594 secs] 205065K->203253K(263676K), 0,0193835 secs] [Times: user=0,01 sys=0,00, real=0,02 secs] 
2015-01-18T14:08:37.208+0100: 2,940: [GC (Allocation Failure) 2,940: [ParNew: 2984K->293K(3072K), 0,0113754 secs] 205945K->204133K(263676K), 0,0114019 secs] [Times: user=0,00 sys=0,00, real=0,01 secs] 
2015-01-18T14:08:37.220+0100: 2,952: [GC (Allocation Failure) 2,952: [ParNew: 2984K->293K(3072K), 0,0232913 secs] 206824K->205012K(263676K), 0,0233265 secs] [Times: user=0,02 sys=0,00, real=0,02 secs] 
2015-01-18T14:08:37.245+0100: 2,977: [GC (Allocation Failure) 2,977: [ParNew: 2984K->293K(3072K), 0,0263866 secs] 207703K->205891K(263676K), 0,0264175 secs] [Times: user=0,01 sys=0,00, real=0,03 secs] 
2015-01-18T14:08:37.272+0100: 3,004: [GC (Allocation Failure) 3,004: [ParNew: 2984K->293K(3072K), 0,0076304 secs] 208582K->206770K(263676K), 0,0076555 secs] [Times: user=0,00 sys=0,00, real=0,01 secs] 
2015-01-18T14:08:37.280+0100: 3,013: [GC (Allocation Failure) 3,013: [ParNew: 2984K->293K(3072K), 0,0110481 secs] 209461K->207649K(263676K), 0,0110735 secs] [Times: user=0,01 sys=0,00, real=0,01 secs] 
2015-01-18T14:08:37.292+0100: 3,024: [GC (Allocation Failure) 3,024: [ParNew: 2984K->293K(3072K), 0,0153454 secs] 210340K->208528K(263676K), 0,0153700 secs] [Times: user=0,00 sys=0,00, real=0,02 secs] 
2015-01-18T14:08:37.308+0100: 3,040: [GC (Allocation Failure) 3,040: [ParNew: 2984K->293K(3072K), 0,0113921 secs] 211219K->209407K(263676K), 0,0114190 secs] [Times: user=0,01 sys=0,00, real=0,01 secs] 
2015-01-18T14:08:37.320+0100: 3,053: [GC (Allocation Failure) 3,053: [ParNew: 2984K->293K(3072K), 0,0110606 secs] 212098K->210286K(263676K), 0,0111025 secs] [Times: user=0,00 sys=0,00, real=0,01 secs] 
2015-01-18T14:08:37.332+0100: 3,065: [GC (Allocation Failure) 3,065: [ParNew: 2984K->293K(3072K), 0,0151772 secs] 212977K->211165K(263676K), 0,0152075 secs] [Times: user=0,01 sys=0,00, real=0,02 secs] 
2015-01-18T14:08:37.348+0100: 3,080: [GC (Allocation Failure) 3,080: [ParNew: 2984K->293K(3072K), 0,0152697 secs] 213856K->212044K(263676K), 0,0152957 secs] [Times: user=0,01 sys=0,00, real=0,01 secs] 
2015-01-18T14:08:37.364+0100: 3,096: [GC (Allocation Failure) 3,096: [ParNew: 2984K->293K(3072K), 0,0113389 secs] 214735K->212923K(263676K), 0,0113633 secs] [Times: user=0,00 sys=0,00, real=0,01 secs] 
2015-01-18T14:08:37.376+0100: 3,108: [GC (Allocation Failure) 3,108: [ParNew: 2984K->293K(3072K), 0,0153821 secs] 215614K->213802K(263676K), 0,0154070 secs] [Times: user=0,01 sys=0,00, real=0,02 secs] 
2015-01-18T14:08:37.392+0100: 3,124: [GC (Allocation Failure) 3,124: [ParNew: 2984K->293K(3072K), 0,0153655 secs] 216493K->214681K(263676K), 0,0153897 secs] [Times: user=0,01 sys=0,00, real=0,02 secs] 
2015-01-18T14:08:37.408+0100: 3,140: [GC (Allocation Failure) 3,140: [ParNew: 2984K->293K(3072K), 0,0113917 secs] 217372K->215560K(263676K), 0,0114157 secs] [Times: user=0,01 sys=0,00, real=0,01 secs] 
2015-01-18T14:08:37.420+0100: 3,152: [GC (Allocation Failure) 3,152: [ParNew: 2984K->293K(3072K), 0,0113874 secs] 218251K->216439K(263676K), 0,0114112 secs] [Times: user=0,00 sys=0,00, real=0,01 secs] 
2015-01-18T14:08:37.432+0100: 3,164: [GC (Allocation Failure) 3,164: [ParNew: 2984K->293K(3072K), 0,0113900 secs] 219130K->217318K(263676K), 0,0114136 secs] [Times: user=0,01 sys=0,00, real=0,01 secs] 
2015-01-18T14:08:37.444+0100: 3,176: [GC (Allocation Failure) 3,176: [ParNew: 2984K->293K(3072K), 0,0153931 secs] 220009K->218197K(263676K), 0,0154169 secs] [Times: user=0,01 sys=0,00, real=0,02 secs] 
2015-01-18T14:08:37.460+0100: 3,192: [GC (Allocation Failure) 3,192: [ParNew: 2984K->293K(3072K), 0,0113888 secs] 220888K->219076K(263676K), 0,0114127 secs] [Times: user=0,01 sys=0,00, real=0,01 secs] 
2015-01-18T14:08:37.472+0100: 3,204: [GC (Allocation Failure) 3,204: [ParNew: 2984K->293K(3072K), 0,0073905 secs] 221767K->219955K(263676K), 0,0074150 secs] [Times: user=0,00 sys=0,00, real=0,01 secs] 
2015-01-18T14:08:37.480+0100: 3,212: [GC (Allocation Failure) 3,212: [ParNew: 2984K->293K(3072K), 0,0153140 secs] 222646K->220834K(263676K), 0,0153396 secs] [Times: user=0,01 sys=0,00, real=0,01 secs] 
2015-01-18T14:08:37.496+0100: 3,228: [GC (Allocation Failure) 3,228: [ParNew: 2984K->293K(3072K), 0,0113594 secs] 223525K->221713K(263676K), 0,0113838 secs] [Times: user=0,01 sys=0,00, real=0,02 secs] 
2015-01-18T14:08:37.508+0100: 3,240: [GC (Allocation Failure) 3,240: [ParNew: 2984K->293K(3072K), 0,0113824 secs] 224405K->222592K(263676K), 0,0114132 secs] [Times: user=0,01 sys=0,00, real=0,01 secs] 
2015-01-18T14:08:37.520+0100: 3,253: [GC (Allocation Failure) 3,253: [ParNew: 2984K->293K(3072K), 0,0229499 secs] 225284K->223472K(263676K), 0,0229883 secs] [Times: user=0,02 sys=0,00, real=0,02 secs] 
2015-01-18T14:08:37.544+0100: 3,276: [GC (Allocation Failure) 3,277: [ParNew: 2984K->293K(3072K), 0,0152339 secs] 226163K->224351K(263676K), 0,0152606 secs] [Times: user=0,00 sys=0,00, real=0,02 secs] 
2015-01-18T14:08:37.560+0100: 3,292: [GC (Allocation Failure) 3,292: [ParNew: 2984K->293K(3072K), 0,0074301 secs] 227042K->225230K(263676K), 0,0074883 secs] [Times: user=0,00 sys=0,00, real=0,01 secs] 
2015-01-18T14:08:37.576+0100: 3,308: [GC (Allocation Failure) 3,308: [ParNew: 2984K->293K(3072K), 0,0114593 secs] 227921K->226109K(263676K), 0,0115072 secs] [Times: user=0,01 sys=0,00, real=0,02 secs] 
2015-01-18T14:08:37.595+0100: 3,328: [GC (Allocation Failure) 3,328: [ParNew: 2984K->293K(3072K), 0,0079795 secs] 228800K->226988K(263676K), 0,0080234 secs] [Times: user=0,00 sys=0,00, real=0,01 secs] 
2015-01-18T14:08:37.608+0100: 3,340: [GC (Allocation Failure) 3,340: [ParNew: 2984K->293K(3072K), 0,0078542 secs] 229679K->227867K(263676K), 0,0078939 secs] [Times: user=0,01 sys=0,00, real=0,00 secs] 
2015-01-18T14:08:37.620+0100: 3,352: [GC (Allocation Failure) 3,352: [ParNew: 2984K->293K(3072K), 0,0114268 secs] 230558K->228746K(263676K), 0,0114780 secs] [Times: user=0,00 sys=0,00, real=0,01 secs] 
2015-01-18T14:08:37.636+0100: 3,368: [GC (Allocation Failure) 3,368: [ParNew: 2984K->293K(3072K), 0,0035224 secs] 231437K->229625K(263676K), 0,0035657 secs] [Times: user=0,01 sys=0,00, real=0,01 secs] 
2015-01-18T14:08:37.647+0100: 3,380: [GC (Allocation Failure) 3,380: [ParNew: 2984K->293K(3072K), 0,0070752 secs] 232316K->230504K(263676K), 0,0071178 secs] [Times: user=0,00 sys=0,00, real=0,00 secs] 
2015-01-18T14:08:37.656+0100: 3,388: [GC (Allocation Failure) 3,388: [ParNew: 2984K->293K(3072K), 0,0067761 secs] 233195K->231383K(263676K), 0,0068176 secs] [Times: user=0,01 sys=0,00, real=0,01 secs] 
2015-01-18T14:08:37.664+0100: 3,396: [GC (Allocation Failure) 3,396: [ParNew: 2984K->293K(3072K), 0,0047308 secs] 234074K->232262K(263676K), 0,0047717 secs] [Times: user=0,00 sys=0,00, real=0,01 secs] 
2015-01-18T14:08:37.675+0100: 3,408: [GC (CMS Initial Mark) [1 CMS-initial-mark: 231969K(260604K)] 234953K(263676K), 0,0079619 secs] [Times: user=0,00 sys=0,00, real=0,01 secs] 
2015-01-18T14:08:37.687+0100: 3,420: [CMS-concurrent-mark-start]
2015-01-18T14:08:37.692+0100: 3,424: [CMS-concurrent-mark: 0,004/0,004 secs] [Times: user=0,01 sys=0,00, real=0,00 secs] 
2015-01-18T14:08:37.692+0100: 3,424: [CMS-concurrent-preclean-start]
2015-01-18T14:08:37.692+0100: 3,425: [CMS-concurrent-preclean: 0,000/0,000 secs] [Times: user=0,00 sys=0,00, real=0,00 secs] 
2015-01-18T14:08:37.692+0100: 3,425: [CMS-concurrent-abortable-preclean-start]
2015-01-18T14:08:37.695+0100: 3,428: [GC (Allocation Failure) 3,428: [ParNew: 2984K->293K(3072K), 0,0079949 secs] 234953K->233141K(263676K), 0,0080389 secs] [Times: user=0,00 sys=0,00, real=0,01 secs] 
2015-01-18T14:08:37.711+0100: 3,444: [GC (Allocation Failure) 3,444: [ParNew: 2984K->293K(3072K), 0,0062694 secs] 235832K->234020K(263676K), 0,0063153 secs] [Times: user=0,01 sys=0,00, real=0,00 secs] 
2015-01-18T14:08:37.719+0100: 3,451: [GC (Allocation Failure) 3,451: [ParNew: 2984K->293K(3072K), 0,0046201 secs] 236711K->234899K(263676K), 0,0046641 secs] [Times: user=0,00 sys=0,00, real=0,01 secs] 
2015-01-18T14:08:37.731+0100: 3,464: [GC (Allocation Failure) 3,464: [ParNew: 2984K->293K(3072K), 0,0119679 secs] 237590K->235778K(263676K), 0,0120088 secs] [Times: user=0,01 sys=0,00, real=0,01 secs] 
2015-01-18T14:08:37.751+0100: 3,484: [GC (Allocation Failure) 3,484: [ParNew: 2984K->293K(3072K), 0,0279929 secs] 238469K->236657K(263676K), 0,0280408 secs] [Times: user=0,02 sys=0,00, real=0,03 secs] 
2015-01-18T14:08:37.780+0100: 3,513: [GC (Allocation Failure) 3,513: [ParNew: 2984K->293K(3072K), 0,0107361 secs] 239348K->237536K(263676K), 0,0107788 secs] [Times: user=0,00 sys=0,00, real=0,01 secs] 
2015-01-18T14:08:37.792+0100: 3,525: [GC (Allocation Failure) 3,525: [ParNew: 2984K->293K(3072K), 0,0069083 secs] 240227K->238415K(263676K), 0,0069506 secs] [Times: user=0,01 sys=0,00, real=0,01 secs] 
2015-01-18T14:08:37.804+0100: 3,537: [GC (Allocation Failure) 3,537: [ParNew: 2984K->293K(3072K), 0,0070588 secs] 241106K->239294K(263676K), 0,0071053 secs] [Times: user=0,00 sys=0,00, real=0,01 secs] 
2015-01-18T14:08:37.816+0100: 3,549: [GC (Allocation Failure) 3,549: [ParNew: 2984K->293K(3072K), 0,0150473 secs] 241985K->240173K(263676K), 0,0150941 secs] [Times: user=0,01 sys=0,00, real=0,02 secs] 
2015-01-18T14:08:37.835+0100: 3,568: [GC (Allocation Failure) 3,568: [ParNew: 2984K->293K(3072K), 0,0199710 secs] 242865K->241052K(263676K), 0,0200099 secs] [Times: user=0,01 sys=0,00, real=0,02 secs] 
2015-01-18T14:08:37.859+0100: 3,592: [GC (Allocation Failure) 3,592: [ParNew: 2984K->293K(3072K), 0,0199844 secs] 243744K->241932K(263676K), 0,0200256 secs] [Times: user=0,01 sys=0,00, real=0,02 secs] 
2015-01-18T14:08:37.883+0100: 3,616: [GC (Allocation Failure) 3,616: [ParNew: 2984K->293K(3072K), 0,0079834 secs] 244623K->242811K(263676K), 0,0080255 secs] [Times: user=0,00 sys=0,00, real=0,01 secs] 
2015-01-18T14:08:37.895+0100: 3,628: [GC (Allocation Failure) 3,628: [ParNew: 2984K->293K(3072K), 0,0159817 secs] 245502K->243690K(263676K), 0,0160252 secs] [Times: user=0,01 sys=0,00, real=0,02 secs] 
2015-01-18T14:08:37.919+0100: 3,652: [GC (Allocation Failure) 3,652: [ParNew: 2984K->293K(3072K), 0,0079962 secs] 246381K->244569K(263676K), 0,0080531 secs] [Times: user=0,00 sys=0,00, real=0,01 secs] 
2015-01-18T14:08:37.931+0100: 3,664: [GC (Allocation Failure) 3,664: [ParNew: 2984K->293K(3072K), 0,0199805 secs] 247260K->245448K(263676K), 0,0200369 secs] [Times: user=0,01 sys=0,00, real=0,02 secs] 
2015-01-18T14:08:37.953+0100: 3,685: [GC (Allocation Failure) 3,685: [ParNew: 2984K->293K(3072K), 0,0186479 secs] 248139K->246327K(263676K), 0,0187051 secs] [Times: user=0,01 sys=0,00, real=0,02 secs] 
2015-01-18T14:08:37.987+0100: 3,720: [GC (Allocation Failure) 3,720: [ParNew: 2984K->293K(3072K), 0,0159535 secs] 249018K->247206K(263676K), 0,0159808 secs] [Times: user=0,01 sys=0,00, real=0,01 secs] 
2015-01-18T14:08:38.007+0100: 3,740: [GC (Allocation Failure) 3,740: [ParNew: 2984K->293K(3072K), 0,0199825 secs] 249897K->248085K(263676K), 0,0200137 secs] [Times: user=0,00 sys=0,00, real=0,02 secs] 
2015-01-18T14:08:38.031+0100: 3,764: [GC (Allocation Failure) 3,764: [ParNew: 2984K->293K(3072K), 0,0159991 secs] 250776K->248964K(263676K), 0,0160554 secs] [Times: user=0,01 sys=0,00, real=0,02 secs] 
2015-01-18T14:08:38.048+0100: 3,781: [GC (Allocation Failure) 3,781: [ParNew: 2984K->293K(3072K), 0,0147883 secs] 251655K->249843K(263676K), 0,0148428 secs] [Times: user=0,01 sys=0,00, real=0,01 secs] 
2015-01-18T14:08:38.064+0100: 3,797: [GC (Allocation Failure) 3,797: [ParNew: 2984K->293K(3072K), 0,0068144 secs] 252534K->250722K(263676K), 0,0068479 secs] [Times: user=0,01 sys=0,00, real=0,01 secs] 
2015-01-18T14:08:38.072+0100: 3,805: [GC (Allocation Failure) 3,805: [ParNew: 2984K->293K(3072K), 0,0147818 secs] 253413K->251601K(263676K), 0,0148390 secs] [Times: user=0,01 sys=0,00, real=0,02 secs] 
2015-01-18T14:08:38.091+0100: 3,824: [GC (Allocation Failure) 3,824: [ParNew: 2984K->293K(3072K), 0,0199471 secs] 254292K->252480K(263676K), 0,0199752 secs] [Times: user=0,01 sys=0,00, real=0,02 secs] 
2015-01-18T14:08:38.115+0100: 3,848: [GC (Allocation Failure) 3,848: [ParNew: 2984K->293K(3072K), 0,0202843 secs] 255171K->253359K(263676K), 0,0203384 secs] [Times: user=0,01 sys=0,00, real=0,02 secs] 
2015-01-18T14:08:38.159+0100: 3,892: [GC (Allocation Failure) 3,892: [ParNew: 2984K->293K(3072K), 0,0239087 secs] 256050K->254238K(263676K), 0,0239919 secs] [Times: user=0,01 sys=0,00, real=0,02 secs] 
2015-01-18T14:08:38.183+0100: 3,916: [CMS-concurrent-abortable-preclean: 0,011/0,491 secs] [Times: user=0,20 sys=0,00, real=0,49 secs] 
2015-01-18T14:08:38.184+0100: 3,917: [GC (Allocation Failure) 3,917: [ParNew: 2984K->293K(3072K), 0,0151389 secs] 256929K->255117K(263676K), 0,0152048 secs] [Times: user=0,01 sys=0,00, real=0,02 secs] 
2015-01-18T14:08:38.200+0100: 3,933: [GC (Allocation Failure) 3,933: [ParNew: 2984K->293K(3072K), 0,0111382 secs] 257808K->255996K(263676K), 0,0111952 secs] [Times: user=0,00 sys=0,00, real=0,01 secs] 
2015-01-18T14:08:38.212+0100: 3,945: [GC (Allocation Failure) 3,945: [ParNew: 2984K->293K(3072K), 0,0151663 secs] 258687K->256875K(263676K), 0,0152201 secs] [Times: user=0,01 sys=0,00, real=0,02 secs] 
2015-01-18T14:08:38.228+0100: 3,960: [GC (Allocation Failure) 3,960: [ParNew: 2984K->293K(3072K), 0,0192907 secs] 259566K->257754K(263676K), 0,0193442 secs] [Times: user=0,01 sys=0,00, real=0,02 secs] 
2015-01-18T14:08:38.251+0100: 3,984: [GC (Allocation Failure) 3,984: [ParNew: 2984K->293K(3072K), 0,0239676 secs] 260445K->258633K(263676K), 0,0240169 secs] [Times: user=0,01 sys=0,00, real=0,02 secs] 
2015-01-18T14:08:38.279+0100: 4,012: [GC (Allocation Failure) 4,012: [ParNew: 2984K->293K(3072K), 0,0119968 secs] 261324K->259512K(263676K), 0,0120563 secs] [Times: user=0,01 sys=0,00, real=0,01 secs] 
2015-01-18T14:08:38.292+0100: 4,025: [GC (Allocation Failure) 4,025: [ParNew: 2984K->293K(3072K), 0,0191366 secs] 262204K->260392K(263676K), 0,0191864 secs] [Times: user=0,01 sys=0,00, real=0,02 secs] 
2015-01-18T14:08:38.315+0100: 4,048: [GC (Allocation Failure) 4,048: [ParNew: 2984K->293K(3072K), 0,0199532 secs] 263083K->261271K(264444K), 0,0199793 secs] [Times: user=0,01 sys=0,00, real=0,02 secs] 
2015-01-18T14:08:38.343+0100: 4,076: [GC (Allocation Failure) 4,076: [ParNew: 2984K->293K(3072K), 0,0120073 secs] 263962K->262150K(265404K), 0,0120620 secs] [Times: user=0,01 sys=0,00, real=0,01 secs] 
2015-01-18T14:08:38.356+0100: 4,088: [GC (Allocation Failure) 4,089: [ParNew: 2984K->293K(3072K), 0,0112639 secs] 264841K->263029K(266364K), 0,0113058 secs] [Times: user=0,00 sys=0,00, real=0,02 secs] 
2015-01-18T14:08:38.368+0100: 4,101: [GC (Allocation Failure) 4,101: [ParNew: 2984K->293K(3072K), 0,0191557 secs] 265720K->263908K(267132K), 0,0192138 secs] [Times: user=0,00 sys=0,00, real=0,02 secs] 
2015-01-18T14:08:38.392+0100: 4,124: [GC (Allocation Failure) 4,124: [ParNew: 2984K->293K(3072K), 0,0073696 secs] 266599K->264787K(268092K), 0,0074187 secs] [Times: user=0,00 sys=0,00, real=0,01 secs] 
2015-01-18T14:08:38.407+0100: 4,140: [GC (Allocation Failure) 4,140: [ParNew: 2984K->293K(3072K), 0,0199422 secs] 267478K->265666K(268860K), 0,0199692 secs] [Times: user=0,01 sys=0,00, real=0,02 secs] 
2015-01-18T14:08:38.432+0100: 4,164: [GC (Allocation Failure) 4,164: [ParNew: 2984K->293K(3072K), 0,0193215 secs] 268357K->266545K(269820K), 0,0193455 secs] [Times: user=0,01 sys=0,00, real=0,02 secs] 
2015-01-18T14:08:38.459+0100: 4,192: [GC (Allocation Failure) 4,192: [ParNew: 2984K->293K(3072K), 0,0159812 secs] 269236K->267424K(270780K), 0,0160252 secs] [Times: user=0,01 sys=0,00, real=0,01 secs] 
2015-01-18T14:08:38.483+0100: 4,216: [GC (Allocation Failure) 4,216: [ParNew: 2984K->293K(3072K), 0,0159778 secs] 270115K->268303K(271548K), 0,0160198 secs] [Times: user=0,01 sys=0,00, real=0,02 secs] 
2015-01-18T14:08:38.507+0100: 4,240: [GC (Allocation Failure) 4,240: [ParNew: 2984K->293K(3072K), 0,0091223 secs] 270994K->269182K(272508K), 0,0091546 secs] [Times: user=0,00 sys=0,00, real=0,00 secs] 
2015-01-18T14:08:38.523+0100: 4,256: [GC (Allocation Failure) 4,256: [ParNew: 2984K->293K(3072K), 0,0239836 secs] 271873K->270061K(273276K), 0,0240424 secs] [Times: user=0,01 sys=0,00, real=0,03 secs] 
2015-01-18T14:08:38.555+0100: 4,288: [GC (Allocation Failure) 4,288: [ParNew: 2984K->293K(3072K), 0,0081411 secs] 272752K->270940K(274236K), 0,0081877 secs] [Times: user=0,01 sys=0,00, real=0,01 secs] 
2015-01-18T14:08:38.567+0100: 4,300: [GC (Allocation Failure) 4,300: [ParNew: 2984K->309K(3072K), 0,0080508 secs] 273631K->271835K(275196K), 0,0080964 secs] [Times: user=0,00 sys=0,00, real=0,00 secs] 
2015-01-18T14:08:38.577+0100: 4,309: [GC (Allocation Failure) 4,309: [ParNew: 3000K->293K(3072K), 0,0106125 secs] 274526K->272714K(275964K), 0,0106637 secs] [Times: user=0,00 sys=0,00, real=0,02 secs] 
2015-01-18T14:08:38.588+0100: 4,321: [GC (Allocation Failure) 4,321: [ParNew: 2984K->293K(3072K), 0,0034105 secs] 275406K->273593K(276924K), 0,0034582 secs] [Times: user=0,00 sys=0,02, real=0,00 secs] 
2015-01-18T14:08:38.592+0100: 4,325: [GC (Allocation Failure) 4,325: [ParNew: 2984K->293K(3072K), 0,0072507 secs] 276285K->274473K(277692K), 0,0072993 secs] [Times: user=0,00 sys=0,00, real=0,01 secs] 
2015-01-18T14:08:38.600+0100: 4,333: [GC (Allocation Failure) 4,333: [ParNew: 2984K->293K(3072K), 0,0069958 secs] 277164K->275352K(278652K), 0,0070417 secs] [Times: user=0,00 sys=0,00, real=0,01 secs] 
2015-01-18T14:08:38.608+0100: 4,341: [GC (Allocation Failure) 4,341: [ParNew: 2984K->293K(3072K), 0,0111776 secs] 278043K->276231K(279612K), 0,0112289 secs] [Times: user=0,01 sys=0,00, real=0,01 secs] 
2015-01-18T14:08:38.620+0100: 4,353: [GC (Allocation Failure) 4,353: [ParNew: 2984K->293K(3072K), 0,0111229 secs] 278922K->277110K(280380K), 0,0111728 secs] [Times: user=0,00 sys=0,00, real=0,01 secs] 
2015-01-18T14:08:38.632+0100: 4,365: [GC (Allocation Failure) 4,365: [ParNew: 2984K->293K(3072K), 0,0112835 secs] 279801K->277989K(281340K), 0,0113349 secs] [Times: user=0,01 sys=0,00, real=0,01 secs] 
2015-01-18T14:08:38.647+0100: 4,380: [GC (Allocation Failure) 4,380: [ParNew: 2984K->293K(3072K), 0,0080312 secs] 280680K->278868K(282108K), 0,0080860 secs] [Times: user=0,01 sys=0,00, real=0,00 secs] 
2015-01-18T14:08:38.656+0100: 4,389: [GC (Allocation Failure) 4,389: [ParNew: 2984K->293K(3072K), 0,0069781 secs] 281559K->279747K(283068K), 0,0070289 secs] [Times: user=0,00 sys=0,00, real=0,01 secs] 
2015-01-18T14:08:38.664+0100: 4,396: [GC (Allocation Failure) 4,396: [ParNew: 2984K->293K(3072K), 0,0075531 secs] 282438K->280626K(284028K), 0,0076016 secs] [Times: user=0,01 sys=0,00, real=0,01 secs] 
2015-01-18T14:08:38.672+0100: 4,405: [GC (Allocation Failure) 4,405: [ParNew: 2984K->293K(3072K), 0,0071209 secs] 283317K->281505K(284796K), 0,0071679 secs] [Times: user=0,00 sys=0,00, real=0,01 secs] 
2015-01-18T14:08:38.680+0100: 4,413: [GC (Allocation Failure) 4,413: [ParNew: 2984K->293K(3072K), 0,0112462 secs] 284196K->282384K(285756K), 0,0112933 secs] [Times: user=0,00 sys=0,00, real=0,01 secs] 
2015-01-18T14:08:38.696+0100: 4,428: [GC (Allocation Failure) 4,428: [ParNew: 2984K->293K(3072K), 0,0035737 secs] 285075K->283263K(286524K), 0,0036247 secs] [Times: user=0,01 sys=0,00, real=0,01 secs] 
2015-01-18T14:08:38.704+0100: 4,436: [GC (Allocation Failure) 4,436: [ParNew: 2984K->293K(3072K), 0,0153919 secs] 285954K->284142K(287484K), 0,0154451 secs] [Times: user=0,01 sys=0,00, real=0,02 secs] 
2015-01-18T14:08:38.724+0100: 4,456: [GC (Allocation Failure) 4,456: [ParNew: 2984K->293K(3072K), 0,0074621 secs] 286833K->285021K(288444K), 0,0075134 secs] [Times: user=0,00 sys=0,00, real=0,01 secs] 
2015-01-18T14:08:38.736+0100: 4,468: [GC (Allocation Failure) 4,468: [ParNew: 2984K->293K(3072K), 0,0074908 secs] 287712K->285900K(289212K), 0,0075512 secs] [Times: user=0,00 sys=0,00, real=0,01 secs] 
2015-01-18T14:08:38.748+0100: 4,480: [GC (Allocation Failure) 4,480: [ParNew: 2984K->293K(3072K), 0,0027949 secs] 288591K->286779K(290172K), 0,0028471 secs] [Times: user=0,01 sys=0,00, real=0,00 secs] 
2015-01-18T14:08:38.752+0100: 4,484: [GC (Allocation Failure) 4,484: [ParNew: 2984K->293K(3072K), 0,0114191 secs] 289470K->287658K(290940K), 0,0114714 secs] [Times: user=0,01 sys=0,00, real=0,01 secs] 
2015-01-18T14:08:38.768+0100: 4,500: [GC (Allocation Failure) 4,500: [ParNew: 2984K->293K(3072K), 0,0029518 secs] 290349K->288537K(291900K), 0,0030050 secs] [Times: user=0,00 sys=0,00, real=0,00 secs] 
2015-01-18T14:08:38.779+0100: 4,512: [GC (CMS Final Remark) [YG occupancy: 2984 K (3072 K)]4,512: [Rescan (parallel) , 0,0129736 secs]4,525: [weak refs processing, 0,0000106 secs]4,525: [class unloading, 0,0003708 secs]4,525: [scrub symbol table, 0,0005474 secs]4,526: [scrub string table, 0,0002147 secs][1 CMS-remark: 288244K(288828K)] 291228K(291900K), 0,0142002 secs] [Times: user=0,01 sys=0,00, real=0,01 secs] 
2015-01-18T14:08:38.799+0100: 4,532: [GC (Allocation Failure) 4,532: [ParNew: 2984K->293K(3072K), 0,0027022 secs] 291228K->289416K(292860K), 0,0027500 secs] [Times: user=0,00 sys=0,00, real=0,00 secs] 
2015-01-18T14:08:38.803+0100: 4,536: [CMS-concurrent-sweep-start]
2015-01-18T14:08:38.804+0100: 4,536: [CMS-concurrent-sweep: 0,001/0,001 secs] [Times: user=0,00 sys=0,00, real=0,00 secs] 
2015-01-18T14:08:38.804+0100: 4,537: [CMS-concurrent-reset-start]
2015-01-18T14:08:38.806+0100: 4,539: [CMS-concurrent-reset: 0,002/0,002 secs] [Times: user=0,01 sys=0,00, real=0,00 secs] 
2015-01-18T14:08:38.807+0100: 4,540: [GC (Allocation Failure) 4,540: [ParNew: 2984K->293K(3072K), 0,0124654 secs] 292100K->290288K(484936K), 0,0125242 secs] [Times: user=0,00 sys=0,00, real=0,01 secs] 
2015-01-18T14:08:38.824+0100: 4,556: [GC (Allocation Failure) 4,556: [ParNew: 2984K->293K(3072K), 0,0152910 secs] 292979K->291167K(484936K), 0,0153461 secs] [Times: user=0,02 sys=0,00, real=0,02 secs] 
2015-01-18T14:08:38.840+0100: 4,573: [GC (Allocation Failure) 4,573: [ParNew: 2984K->293K(3072K), 0,0071617 secs] 293858K->292046K(484936K), 0,0072144 secs] [Times: user=0,00 sys=0,00, real=0,01 secs] 
2015-01-18T14:08:38.848+0100: 4,581: [GC (Allocation Failure) 4,581: [ParNew: 2984K->293K(3072K), 0,0151835 secs] 294737K->292925K(484936K), 0,0152301 secs] [Times: user=0,01 sys=0,00, real=0,01 secs] 
2015-01-18T14:08:38.868+0100: 4,601: [GC (Allocation Failure) 4,601: [ParNew: 2984K->293K(3072K), 0,0106919 secs] 295616K->293804K(484936K), 0,0107416 secs] [Times: user=0,01 sys=0,00, real=0,01 secs] 
2015-01-18T14:08:38.880+0100: 4,613: [GC (Allocation Failure) 4,613: [ParNew: 2984K->293K(3072K), 0,0231131 secs] 296495K->294683K(484936K), 0,0231704 secs] [Times: user=0,01 sys=0,01, real=0,02 secs] 
2015-01-18T14:08:38.907+0100: 4,640: [GC (Allocation Failure) 4,640: [ParNew: 2984K->293K(3072K), 0,0117634 secs] 297374K->295562K(484936K), 0,0118055 secs] [Times: user=0,01 sys=0,00, real=0,00 secs] 
2015-01-18T14:08:38.920+0100: 4,652: [GC (Allocation Failure) 4,652: [ParNew: 2984K->293K(3072K), 0,0074680 secs] 298253K->296441K(484936K), 0,0075248 secs] [Times: user=0,00 sys=0,00, real=0,01 secs] 
2015-01-18T14:08:38.928+0100: 4,660: [GC (Allocation Failure) 4,661: [ParNew: 2984K->293K(3072K), 0,0152649 secs] 299133K->297321K(484936K), 0,0153213 secs] [Times: user=0,01 sys=0,00, real=0,01 secs] 
2015-01-18T14:08:38.947+0100: 4,680: [GC (Allocation Failure) 4,680: [ParNew: 2984K->293K(3072K), 0,0159487 secs] 300012K->298200K(484936K), 0,0159779 secs] [Times: user=0,01 sys=0,00, real=0,01 secs] 
2015-01-18T14:08:38.971+0100: 4,704: [GC (Allocation Failure) 4,704: [ParNew: 2984K->293K(3072K), 0,0160052 secs] 300891K->299079K(484936K), 0,0160535 secs] [Times: user=0,01 sys=0,00, real=0,02 secs] 
2015-01-18T14:08:38.992+0100: 4,724: [GC (Allocation Failure) 4,724: [ParNew: 2984K->293K(3072K), 0,0194667 secs] 301770K->299958K(484936K), 0,0195161 secs] [Times: user=0,01 sys=0,00, real=0,02 secs] 
2015-01-18T14:08:39.019+0100: 4,752: [GC (Allocation Failure) 4,752: [ParNew: 2984K->293K(3072K), 0,0159843 secs] 302649K->300837K(484936K), 0,0160385 secs] [Times: user=0,01 sys=0,00, real=0,01 secs] 
2015-01-18T14:08:39.043+0100: 4,776: [GC (Allocation Failure) 4,776: [ParNew: 2984K->293K(3072K), 0,0159780 secs] 303528K->301716K(484936K), 0,0160265 secs] [Times: user=0,01 sys=0,00, real=0,02 secs] 
2015-01-18T14:08:39.063+0100: 4,796: [GC (Allocation Failure) 4,796: [ParNew: 2984K->293K(3072K), 0,0159818 secs] 304407K->302595K(484936K), 0,0160310 secs] [Times: user=0,01 sys=0,00, real=0,02 secs] 
2015-01-18T14:08:39.087+0100: 4,820: [GC (Allocation Failure) 4,820: [ParNew: 2984K->293K(3072K), 0,0159837 secs] 305286K->303474K(484936K), 0,0160312 secs] [Times: user=0,00 sys=0,00, real=0,01 secs] 
2015-01-18T14:08:39.107+0100: 4,840: [GC (Allocation Failure) 4,840: [ParNew: 2984K->293K(3072K), 0,0120042 secs] 306165K->304353K(484936K), 0,0120540 secs] [Times: user=0,01 sys=0,00, real=0,01 secs] 
2015-01-18T14:08:39.127+0100: 4,860: [GC (Allocation Failure) 4,860: [ParNew: 2984K->293K(3072K), 0,0113466 secs] 307044K->305232K(484936K), 0,0114026 secs] [Times: user=0,01 sys=0,00, real=0,00 secs] 
2015-01-18T14:08:39.143+0100: 4,876: [GC (Allocation Failure) 4,876: [ParNew: 2984K->293K(3072K), 0,0586366 secs] 307923K->306111K(484936K), 0,0586912 secs] [Times: user=0,00 sys=0,00, real=0,06 secs] 
2015-01-18T14:08:39.203+0100: 4,935: [GC (Allocation Failure) 4,935: [ParNew: 2984K->293K(3072K), 0,2844945 secs] 308802K->306990K(484936K), 0,2845552 secs] [Times: user=0,15 sys=0,19, real=0,29 secs] 
2015-01-18T14:08:39.488+0100: 5,221: [GC (Allocation Failure) 5,221: [ParNew: 2984K->293K(3072K), 0,0151653 secs] 309681K->307869K(484936K), 0,0152126 secs] [Times: user=0,01 sys=0,01, real=0,01 secs] 
2015-01-18T14:08:39.507+0100: 5,240: [GC (Allocation Failure) 5,240: [ParNew: 2984K->293K(3072K), 0,0121829 secs] 310560K->308748K(484936K), 0,0122361 secs] [Times: user=0,01 sys=0,00, real=0,01 secs] 
2015-01-18T14:08:39.520+0100: 5,253: [GC (Allocation Failure) 5,253: [ParNew: 2984K->293K(3072K), 0,0251131 secs] 311439K->309627K(484936K), 0,0251650 secs] [Times: user=0,00 sys=0,00, real=0,02 secs] 
2015-01-18T14:08:39.551+0100: 5,284: [GC (Allocation Failure) 5,284: [ParNew: 2984K->293K(3072K), 0,0239866 secs] 312318K->310506K(484936K), 0,0240451 secs] [Times: user=0,02 sys=0,00, real=0,02 secs] 
2015-01-18T14:08:39.583+0100: 5,316: [GC (Allocation Failure) 5,316: [ParNew: 2984K->293K(3072K), 0,0159465 secs] 313197K->311385K(484936K), 0,0159734 secs] [Times: user=0,01 sys=0,00, real=0,02 secs] 
2015-01-18T14:08:39.607+0100: 5,340: [GC (Allocation Failure) 5,340: [ParNew: 2984K->293K(3072K), 0,0079523 secs] 314076K->312264K(484936K), 0,0080136 secs] [Times: user=0,01 sys=0,00, real=0,00 secs] 
2015-01-18T14:08:39.616+0100: 5,348: [GC (Allocation Failure) 5,348: [ParNew: 2984K->293K(3072K), 0,0108262 secs] 314955K->313143K(484936K), 0,0108794 secs] [Times: user=0,01 sys=0,00, real=0,01 secs] 
2015-01-18T14:08:39.628+0100: 5,360: [GC (Allocation Failure) 5,360: [ParNew: 2984K->293K(3072K), 0,0168455 secs] 315834K->314022K(484936K), 0,0169004 secs] [Times: user=0,03 sys=0,00, real=0,01 secs] 
2015-01-18T14:08:39.646+0100: 5,379: [GC (Allocation Failure) 5,379: [ParNew: 2984K->293K(3072K), 0,0088956 secs] 316713K->314901K(484936K), 0,0089452 secs] [Times: user=0,00 sys=0,00, real=0,01 secs] 
2015-01-18T14:08:39.660+0100: 5,392: [GC (Allocation Failure) 5,392: [ParNew: 2984K->293K(3072K), 0,0075583 secs] 317593K->315780K(484936K), 0,0076146 secs] [Times: user=0,01 sys=0,00, real=0,01 secs] 
2015-01-18T14:08:39.668+0100: 5,401: [GC (Allocation Failure) 5,401: [ParNew: 2984K->293K(3072K), 0,0073037 secs] 318472K->316660K(484936K), 0,0073435 secs] [Times: user=0,01 sys=0,00, real=0,00 secs] 
2015-01-18T14:08:39.676+0100: 5,409: [GC (Allocation Failure) 5,409: [ParNew: 2984K->293K(3072K), 0,0150011 secs] 319351K->317539K(484936K), 0,0150407 secs] [Times: user=0,01 sys=0,00, real=0,02 secs] 
2015-01-18T14:08:39.692+0100: 5,425: [GC (Allocation Failure) 5,425: [ParNew: 2984K->293K(3072K), 0,0111870 secs] 320230K->318418K(484936K), 0,0112254 secs] [Times: user=0,01 sys=0,00, real=0,01 secs] 
2015-01-18T14:08:39.704+0100: 5,437: [GC (Allocation Failure) 5,437: [ParNew: 2984K->293K(3072K), 0,0072238 secs] 321109K->319297K(484936K), 0,0072736 secs] [Times: user=0,01 sys=0,00, real=0,01 secs] 
2015-01-18T14:08:39.712+0100: 5,445: [GC (Allocation Failure) 5,445: [ParNew: 2984K->293K(3072K), 0,0113175 secs] 321988K->320176K(484936K), 0,0113591 secs] [Times: user=0,00 sys=0,00, real=0,01 secs] 
2015-01-18T14:08:39.724+0100: 5,457: [GC (Allocation Failure) 5,457: [ParNew: 2984K->293K(3072K), 0,0190473 secs] 322867K->321055K(484936K), 0,0191009 secs] [Times: user=0,00 sys=0,00, real=0,02 secs] 
2015-01-18T14:08:39.744+0100: 5,477: [GC (Allocation Failure) 5,477: [ParNew: 2984K->293K(3072K), 0,0231962 secs] 323746K->321934K(484936K), 0,0232519 secs] [Times: user=0,01 sys=0,01, real=0,03 secs] 
2015-01-18T14:08:39.768+0100: 5,501: [GC (Allocation Failure) 5,501: [ParNew: 2984K->293K(3072K), 0,0109809 secs] 324625K->322813K(484936K), 0,0110121 secs] [Times: user=0,01 sys=0,00, real=0,01 secs] 
2015-01-18T14:08:39.780+0100: 5,512: [GC (Allocation Failure) 5,512: [ParNew: 2984K->293K(3072K), 0,0166502 secs] 325504K->323692K(484936K), 0,0167034 secs] [Times: user=0,01 sys=0,00, real=0,01 secs] 
2015-01-18T14:08:39.803+0100: 5,536: [GC (Allocation Failure) 5,536: [ParNew: 2984K->293K(3072K), 0,0159506 secs] 326383K->324571K(484936K), 0,0159769 secs] [Times: user=0,00 sys=0,00, real=0,02 secs] 
2015-01-18T14:08:39.827+0100: 5,560: [GC (Allocation Failure) 5,560: [ParNew: 2984K->293K(3072K), 0,0159812 secs] 327262K->325450K(484936K), 0,0160061 secs] [Times: user=0,01 sys=0,00, real=0,01 secs] 
2015-01-18T14:08:39.848+0100: 5,580: [GC (Allocation Failure) 5,580: [ParNew: 2984K->293K(3072K), 0,0114862 secs] 328141K->326329K(484936K), 0,0115448 secs] [Times: user=0,00 sys=0,00, real=0,01 secs] 
2015-01-18T14:08:39.860+0100: 5,593: [GC (Allocation Failure) 5,593: [ParNew: 2984K->293K(3072K), 0,0109484 secs] 329020K->327208K(484936K), 0,0110012 secs] [Times: user=0,01 sys=0,00, real=0,01 secs] 
2015-01-18T14:08:39.872+0100: 5,605: [GC (Allocation Failure) 5,605: [ParNew: 2984K->293K(3072K), 0,0111931 secs] 329899K->328087K(484936K), 0,0112370 secs] [Times: user=0,01 sys=0,00, real=0,01 secs] 
2015-01-18T14:08:39.884+0100: 5,617: [GC (Allocation Failure) 5,617: [ParNew: 2984K->293K(3072K), 0,0111766 secs] 330778K->328966K(484936K), 0,0112348 secs] [Times: user=0,01 sys=0,00, real=0,01 secs] 
2015-01-18T14:08:39.900+0100: 5,632: [GC (Allocation Failure) 5,632: [ParNew: 2984K->293K(3072K), 0,0113061 secs] 331657K->329845K(484936K), 0,0113560 secs] [Times: user=0,01 sys=0,00, real=0,01 secs] 
2015-01-18T14:08:39.916+0100: 5,648: [GC (Allocation Failure) 5,648: [ParNew: 2984K->293K(3072K), 0,0194832 secs] 332536K->330724K(484936K), 0,0195300 secs] [Times: user=0,00 sys=0,00, real=0,02 secs] 
2015-01-18T14:08:39.940+0100: 5,672: [GC (Allocation Failure) 5,672: [ParNew: 2984K->293K(3072K), 0,0076235 secs] 333415K->331603K(484936K), 0,0076737 secs] [Times: user=0,01 sys=0,00, real=0,01 secs] 
2015-01-18T14:08:39.948+0100: 5,681: [GC (Allocation Failure) 5,681: [ParNew: 2984K->293K(3072K), 0,0191711 secs] 334294K->332482K(484936K), 0,0192239 secs] [Times: user=0,02 sys=0,00, real=0,02 secs] 
2015-01-18T14:08:39.968+0100: 5,701: [GC (Allocation Failure) 5,701: [ParNew: 2984K->293K(3072K), 0,0111678 secs] 335173K->333361K(484936K), 0,0112092 secs] [Times: user=0,00 sys=0,00, real=0,01 secs] 
2015-01-18T14:08:39.980+0100: 5,713: [GC (Allocation Failure) 5,713: [ParNew: 2984K->293K(3072K), 0,0111711 secs] 336053K->334240K(484936K), 0,0112199 secs] [Times: user=0,01 sys=0,00, real=0,01 secs] 
2015-01-18T14:08:39.992+0100: 5,725: [GC (Allocation Failure) 5,725: [ParNew: 2984K->293K(3072K), 0,0070902 secs] 336932K->335120K(484936K), 0,0071197 secs] [Times: user=0,01 sys=0,00, real=0,01 secs] 
2015-01-18T14:08:40.000+0100: 5,732: [GC (Allocation Failure) 5,732: [ParNew: 2984K->293K(3072K), 0,0033675 secs] 337811K->335999K(484936K), 0,0033917 secs] [Times: user=0,00 sys=0,00, real=0,00 secs] 
2015-01-18T14:08:40.004+0100: 5,736: [GC (Allocation Failure) 5,736: [ParNew: 2984K->293K(3072K), 0,0114036 secs] 338690K->336878K(484936K), 0,0114271 secs] [Times: user=0,00 sys=0,00, real=0,01 secs] 
2015-01-18T14:08:40.016+0100: 5,748: [GC (Allocation Failure) 5,748: [ParNew: 2984K->293K(3072K), 0,0074069 secs] 339569K->337757K(484936K), 0,0074299 secs] [Times: user=0,01 sys=0,00, real=0,01 secs] 
2015-01-18T14:08:40.024+0100: 5,756: [GC (Allocation Failure) 5,756: [ParNew: 2984K->293K(3072K), 0,0194339 secs] 340448K->338636K(484936K), 0,0194597 secs] [Times: user=0,01 sys=0,00, real=0,02 secs] 
2015-01-18T14:08:40.044+0100: 5,776: [GC (Allocation Failure) 5,776: [ParNew: 2984K->293K(3072K), 0,0112599 secs] 341327K->339515K(484936K), 0,0112850 secs] [Times: user=0,00 sys=0,00, real=0,01 secs] 
2015-01-18T14:08:40.056+0100: 5,788: [GC (Allocation Failure) 5,788: [ParNew: 2984K->293K(3072K), 0,0114056 secs] 342206K->340394K(484936K), 0,0114291 secs] [Times: user=0,00 sys=0,00, real=0,02 secs] 
2015-01-18T14:08:40.068+0100: 5,800: [GC (Allocation Failure) 5,800: [ParNew: 2984K->293K(3072K), 0,0113918 secs] 343085K->341273K(484936K), 0,0114161 secs] [Times: user=0,00 sys=0,00, real=0,01 secs] 
2015-01-18T14:08:40.080+0100: 5,812: [GC (Allocation Failure) 5,812: [ParNew: 2984K->293K(3072K), 0,0112724 secs] 343964K->342152K(484936K), 0,0113000 secs] [Times: user=0,00 sys=0,00, real=0,01 secs] 
2015-01-18T14:08:40.092+0100: 5,824: [GC (Allocation Failure) 5,824: [ParNew: 2984K->293K(3072K), 0,0073568 secs] 344843K->343031K(484936K), 0,0073802 secs] [Times: user=0,01 sys=0,00, real=0,01 secs] 
2015-01-18T14:08:40.100+0100: 5,832: [GC (Allocation Failure) 5,832: [ParNew: 2984K->293K(3072K), 0,0314704 secs] 345722K->343910K(484936K), 0,0315337 secs] [Times: user=0,02 sys=0,00, real=0,03 secs] 
2015-01-18T14:08:40.143+0100: 5,876: [GC (Allocation Failure) 5,876: [ParNew: 2984K->293K(3072K), 0,0159681 secs] 346601K->344789K(484936K), 0,0160260 secs] [Times: user=0,01 sys=0,00, real=0,02 secs] 
2015-01-18T14:08:40.167+0100: 5,900: [GC (Allocation Failure) 5,900: [ParNew: 2984K->293K(3072K), 0,0359744 secs] 347480K->345668K(484936K), 0,0360267 secs] [Times: user=0,02 sys=0,00, real=0,03 secs] 
2015-01-18T14:08:40.208+0100: 5,940: [GC (Allocation Failure) 5,940: [ParNew: 2984K->293K(3072K), 0,0193671 secs] 348359K->346547K(484936K), 0,0194167 secs] [Times: user=0,01 sys=0,00, real=0,02 secs] 
2015-01-18T14:08:40.232+0100: 5,964: [GC (Allocation Failure) 5,964: [ParNew: 2984K->293K(3072K), 0,0075660 secs] 349238K->347426K(484936K), 0,0076135 secs] [Times: user=0,00 sys=0,01, real=0,01 secs] 
2015-01-18T14:08:40.247+0100: 5,980: [GC (Allocation Failure) 5,980: [ParNew: 2984K->293K(3072K), 0,0119774 secs] 350117K->348305K(484936K), 0,0120233 secs] [Times: user=0,00 sys=0,00, real=0,01 secs] 
2015-01-18T14:08:40.264+0100: 5,996: [GC (Allocation Failure) 5,996: [ParNew: 2984K->293K(3072K), 0,0073915 secs] 350996K->349184K(484936K), 0,0074467 secs] [Times: user=0,00 sys=0,00, real=0,01 secs] 
2015-01-18T14:08:40.272+0100: 6,004: [GC (Allocation Failure) 6,004: [ParNew: 2984K->293K(3072K), 0,0113508 secs] 351875K->350063K(484936K), 0,0113769 secs] [Times: user=0,00 sys=0,00, real=0,01 secs] 
2015-01-18T14:08:40.284+0100: 6,016: [GC (Allocation Failure) 6,016: [ParNew: 2984K->293K(3072K), 0,0113666 secs] 352754K->350942K(484936K), 0,0113917 secs] [Times: user=0,01 sys=0,00, real=0,01 secs] 
2015-01-18T14:08:40.296+0100: 6,028: [GC (Allocation Failure) 6,028: [ParNew: 2984K->293K(3072K), 0,0113610 secs] 353633K->351821K(484936K), 0,0113856 secs] [Times: user=0,00 sys=0,00, real=0,02 secs] 
2015-01-18T14:08:40.308+0100: 6,040: [GC (Allocation Failure) 6,040: [ParNew: 2984K->293K(3072K), 0,0113804 secs] 354512K->352700K(484936K), 0,0114045 secs] [Times: user=0,00 sys=0,00, real=0,01 secs] 
2015-01-18T14:08:40.320+0100: 6,052: [GC (Allocation Failure) 6,052: [ParNew: 2984K->293K(3072K), 0,0113514 secs] 355392K->353580K(484936K), 0,0113772 secs] [Times: user=0,00 sys=0,00, real=0,01 secs] 
2015-01-18T14:08:40.332+0100: 6,064: [GC (Allocation Failure) 6,064: [ParNew: 2984K->293K(3072K), 0,0113429 secs] 356271K->354459K(484936K), 0,0113685 secs] [Times: user=0,00 sys=0,00, real=0,01 secs] 
2015-01-18T14:08:40.344+0100: 6,076: [GC (Allocation Failure) 6,076: [ParNew: 2984K->293K(3072K), 0,0113151 secs] 357150K->355338K(484936K), 0,0113400 secs] [Times: user=0,01 sys=0,00, real=0,01 secs] 
2015-01-18T14:08:40.356+0100: 6,088: [GC (Allocation Failure) 6,088: [ParNew: 2984K->293K(3072K), 0,0114134 secs] 358029K->356217K(484936K), 0,0114481 secs] [Times: user=0,00 sys=0,00, real=0,02 secs] 
2015-01-18T14:08:40.368+0100: 6,101: [GC (Allocation Failure) 6,101: [ParNew: 2984K->293K(3072K), 0,0150263 secs] 358908K->357096K(484936K), 0,0150584 secs] [Times: user=0,01 sys=0,00, real=0,01 secs] 
2015-01-18T14:08:40.384+0100: 6,116: [GC (Allocation Failure) 6,116: [ParNew: 2984K->293K(3072K), 0,0193370 secs] 359787K->357975K(484936K), 0,0193610 secs] [Times: user=0,02 sys=0,00, real=0,02 secs] 
2015-01-18T14:08:40.404+0100: 6,136: [GC (Allocation Failure) 6,136: [ParNew: 2984K->293K(3072K), 0,0113813 secs] 360666K->358854K(484936K), 0,0114134 secs] [Times: user=0,00 sys=0,00, real=0,01 secs] 
2015-01-18T14:08:40.416+0100: 6,148: [GC (Allocation Failure) 6,148: [ParNew: 2984K->293K(3072K), 0,0113962 secs] 361545K->359733K(484936K), 0,0114196 secs] [Times: user=0,00 sys=0,00, real=0,02 secs] 
2015-01-18T14:08:40.428+0100: 6,160: [GC (Allocation Failure) 6,160: [ParNew: 2984K->293K(3072K), 0,0114040 secs] 362424K->360612K(484936K), 0,0114274 secs] [Times: user=0,01 sys=0,00, real=0,01 secs] 
2015-01-18T14:08:40.440+0100: 6,172: [GC (Allocation Failure) 6,172: [ParNew: 2984K->293K(3072K), 0,0113875 secs] 363303K->361491K(484936K), 0,0114119 secs] [Times: user=0,00 sys=0,00, real=0,01 secs] 
2015-01-18T14:08:40.452+0100: 6,184: [GC (Allocation Failure) 6,184: [ParNew: 2984K->293K(3072K), 0,0112542 secs] 364182K->362370K(484936K), 0,0112825 secs] [Times: user=0,01 sys=0,00, real=0,01 secs] 
2015-01-18T14:08:40.464+0100: 6,196: [GC (Allocation Failure) 6,196: [ParNew: 2984K->293K(3072K), 0,0112460 secs] 365061K->363249K(484936K), 0,0112719 secs] [Times: user=0,01 sys=0,00, real=0,01 secs] 
2015-01-18T14:08:40.476+0100: 6,208: [GC (Allocation Failure) 6,208: [ParNew: 2984K->293K(3072K), 0,0113682 secs] 365940K->364128K(484936K), 0,0113917 secs] [Times: user=0,00 sys=0,00, real=0,02 secs] 
2015-01-18T14:08:40.488+0100: 6,220: [GC (Allocation Failure) 6,220: [ParNew: 2984K->293K(3072K), 0,0114040 secs] 366819K->365007K(484936K), 0,0114300 secs] [Times: user=0,00 sys=0,00, real=0,01 secs] 
2015-01-18T14:08:40.500+0100: 6,232: [GC (Allocation Failure) 6,232: [ParNew: 2984K->293K(3072K), 0,0192923 secs] 367698K->365886K(484936K), 0,0193179 secs] [Times: user=0,01 sys=0,00, real=0,02 secs] 
2015-01-18T14:08:40.520+0100: 6,252: [GC (Allocation Failure) 6,252: [ParNew: 2984K->293K(3072K), 0,0153771 secs] 368577K->366765K(484936K), 0,0154062 secs] [Times: user=0,01 sys=0,00, real=0,01 secs] 
2015-01-18T14:08:40.536+0100: 6,269: [GC (Allocation Failure) 6,269: [ParNew: 2984K->293K(3072K), 0,0232002 secs] 369456K->367644K(484936K), 0,0232288 secs] [Times: user=0,02 sys=0,00, real=0,03 secs] 
2015-01-18T14:08:40.560+0100: 6,292: [GC (Allocation Failure) 6,292: [ParNew: 2984K->293K(3072K), 0,0113098 secs] 370335K->368523K(484936K), 0,0113349 secs] [Times: user=0,01 sys=0,00, real=0,01 secs] 
2015-01-18T14:08:40.572+0100: 6,304: [GC (Allocation Failure) 6,304: [ParNew: 2984K->293K(3072K), 0,0153795 secs] 371214K->369402K(484936K), 0,0154032 secs] [Times: user=0,00 sys=0,00, real=0,02 secs] 
2015-01-18T14:08:40.588+0100: 6,320: [GC (Allocation Failure) 6,320: [ParNew: 2984K->293K(3072K), 0,0273180 secs] 372093K->370281K(484936K), 0,0273569 secs] [Times: user=0,03 sys=0,00, real=0,02 secs] 
2015-01-18T14:08:40.616+0100: 6,349: [GC (Allocation Failure) 6,349: [ParNew: 2984K->293K(3072K), 0,0111188 secs] 372972K->371160K(484936K), 0,0111596 secs] [Times: user=0,01 sys=0,00, real=0,02 secs] 
2015-01-18T14:08:40.628+0100: 6,361: [GC (Allocation Failure) 6,361: [ParNew: 2984K->293K(3072K), 0,0079250 secs] 373852K->372039K(484936K), 0,0079618 secs] [Times: user=0,01 sys=0,00, real=0,00 secs] 
2015-01-18T14:08:40.637+0100: 6,369: [GC (Allocation Failure) 6,369: [ParNew: 2984K->293K(3072K), 0,0066386 secs] 374731K->372919K(484936K), 0,0066801 secs] [Times: user=0,00 sys=0,01, real=0,01 secs] 
2015-01-18T14:08:40.644+0100: 6,377: [GC (Allocation Failure) 6,377: [ParNew: 2984K->293K(3072K), 0,0109786 secs] 375610K->373798K(484936K), 0,0110373 secs] [Times: user=0,00 sys=0,00, real=0,01 secs] 
2015-01-18T14:08:40.656+0100: 6,389: [GC (Allocation Failure) 6,389: [ParNew: 2984K->293K(3072K), 0,0110850 secs] 376489K->374677K(484936K), 0,0111130 secs] [Times: user=0,01 sys=0,00, real=0,02 secs] 
2015-01-18T14:08:40.672+0100: 6,404: [GC (Allocation Failure) 6,404: [ParNew: 2984K->293K(3072K), 0,0153344 secs] 377368K->375556K(484936K), 0,0153828 secs] [Times: user=0,01 sys=0,00, real=0,02 secs] 
2015-01-18T14:08:40.695+0100: 6,428: [GC (Allocation Failure) 6,428: [ParNew: 2984K->293K(3072K), 0,0199901 secs] 378247K->376435K(484936K), 0,0200484 secs] [Times: user=0,01 sys=0,00, real=0,02 secs] 
2015-01-18T14:08:40.720+0100: 6,453: [GC (Allocation Failure) 6,453: [ParNew: 2984K->293K(3072K), 0,0231953 secs] 379126K->377314K(484936K), 0,0232223 secs] [Times: user=0,01 sys=0,00, real=0,02 secs] 
2015-01-18T14:08:40.751+0100: 6,484: [GC (Allocation Failure) 6,484: [ParNew: 2984K->293K(3072K), 0,0160093 secs] 380005K->378193K(484936K), 0,0160617 secs] [Times: user=0,00 sys=0,00, real=0,02 secs] 
2015-01-18T14:08:40.775+0100: 6,508: [GC (Allocation Failure) 6,508: [ParNew: 2984K->293K(3072K), 0,0199756 secs] 380884K->379072K(484936K), 0,0200298 secs] [Times: user=0,01 sys=0,00, real=0,02 secs] 
2015-01-18T14:08:40.803+0100: 6,536: [GC (Allocation Failure) 6,536: [ParNew: 2984K->293K(3072K), 0,0162821 secs] 381763K->379951K(484936K), 0,0163289 secs] [Times: user=0,01 sys=0,00, real=0,02 secs] 
2015-01-18T14:08:40.827+0100: 6,560: [GC (Allocation Failure) 6,560: [ParNew: 2984K->293K(3072K), 0,0119536 secs] 382642K->380830K(484936K), 0,0119817 secs] [Times: user=0,00 sys=0,01, real=0,01 secs] 
2015-01-18T14:08:40.847+0100: 6,580: [GC (Allocation Failure) 6,580: [ParNew: 2984K->293K(3072K), 0,0159949 secs] 383521K->381709K(484936K), 0,0160428 secs] [Times: user=0,01 sys=0,00, real=0,01 secs] 
2015-01-18T14:08:40.871+0100: 6,604: [GC (Allocation Failure) 6,604: [ParNew: 2984K->293K(3072K), 0,0199585 secs] 384400K->382588K(484936K), 0,0199848 secs] [Times: user=0,01 sys=0,00, real=0,02 secs] 
2015-01-18T14:08:40.899+0100: 6,632: [GC (Allocation Failure) 6,632: [ParNew: 2984K->293K(3072K), 0,0080028 secs] 385279K->383467K(484936K), 0,0080495 secs] [Times: user=0,01 sys=0,00, real=0,01 secs] 
2015-01-18T14:08:40.911+0100: 6,644: [GC (Allocation Failure) 6,644: [ParNew: 2984K->293K(3072K), 0,0119729 secs] 386158K->384346K(484936K), 0,0120216 secs] [Times: user=0,00 sys=0,00, real=0,01 secs] 
2015-01-18T14:08:40.931+0100: 6,664: [GC (Allocation Failure) 6,664: [ParNew: 2984K->293K(3072K), 0,0161544 secs] 387037K->385225K(484936K), 0,0162030 secs] [Times: user=0,02 sys=0,00, real=0,02 secs] 
2015-01-18T14:08:40.955+0100: 6,688: [GC (Allocation Failure) 6,688: [ParNew: 2984K->293K(3072K), 0,0120086 secs] 387916K->386104K(484936K), 0,0120709 secs] [Times: user=0,01 sys=0,00, real=0,02 secs] 
2015-01-18T14:08:40.975+0100: 6,708: [GC (Allocation Failure) 6,708: [ParNew: 2984K->293K(3072K), 0,0159460 secs] 388795K->386983K(484936K), 0,0159739 secs] [Times: user=0,00 sys=0,00, real=0,02 secs] 
2015-01-18T14:08:40.999+0100: 6,732: [GC (Allocation Failure) 6,732: [ParNew: 2984K->293K(3072K), 0,0159846 secs] 389674K->387862K(484936K), 0,0160209 secs] [Times: user=0,01 sys=0,00, real=0,01 secs] 
2015-01-18T14:08:41.023+0100: 6,756: [GC (Allocation Failure) 6,756: [ParNew: 2984K->293K(3072K), 0,0159893 secs] 390553K->388741K(484936K), 0,0160342 secs] [Times: user=0,01 sys=0,00, real=0,02 secs] 
2015-01-18T14:08:41.040+0100: 6,773: [GC (Allocation Failure) 6,773: [ParNew: 2984K->293K(3072K), 0,0149412 secs] 391432K->389620K(484936K), 0,0149966 secs] [Times: user=0,01 sys=0,00, real=0,01 secs] 
2015-01-18T14:08:41.056+0100: 6,789: [GC (Allocation Failure) 6,789: [ParNew: 2984K->293K(3072K), 0,0191629 secs] 392312K->390499K(484936K), 0,0191927 secs] [Times: user=0,01 sys=0,00, real=0,02 secs] 
2015-01-18T14:08:41.076+0100: 6,808: [GC (Allocation Failure) 6,808: [ParNew: 2984K->293K(3072K), 0,0193490 secs] 393191K->391379K(484936K), 0,0193761 secs] [Times: user=0,00 sys=0,00, real=0,02 secs] 
2015-01-18T14:08:41.096+0100: 6,828: [GC (Allocation Failure) 6,828: [ParNew: 2984K->293K(3072K), 0,0173591 secs] 394070K->392258K(484936K), 0,0173841 secs] [Times: user=0,01 sys=0,00, real=0,02 secs] 
2015-01-18T14:08:41.114+0100: 6,846: [GC (Allocation Failure) 6,846: [ParNew: 2984K->293K(3072K), 0,0133956 secs] 394949K->393137K(484936K), 0,0134196 secs] [Times: user=0,00 sys=0,00, real=0,02 secs] 
2015-01-18T14:08:41.128+0100: 6,860: [GC (Allocation Failure) 6,860: [ParNew: 2984K->293K(3072K), 0,0152934 secs] 395828K->394016K(484936K), 0,0153247 secs] [Times: user=0,00 sys=0,00, real=0,01 secs] 
2015-01-18T14:08:41.144+0100: 6,877: [GC (Allocation Failure) 6,877: [ParNew: 2984K->293K(3072K), 0,0193061 secs] 396707K->394895K(484936K), 0,0193388 secs] [Times: user=0,01 sys=0,01, real=0,02 secs] 
2015-01-18T14:08:41.171+0100: 6,904: [GC (Allocation Failure) 6,904: [ParNew: 2984K->293K(3072K), 0,0239329 secs] 397586K->395774K(484936K), 0,0239823 secs] [Times: user=0,00 sys=0,00, real=0,02 secs] 
2015-01-18T14:08:41.196+0100: 6,929: [GC (Allocation Failure) 6,929: [ParNew: 2984K->293K(3072K), 0,0231868 secs] 398465K->396653K(484936K), 0,0232394 secs] [Times: user=0,02 sys=0,00, real=0,03 secs] 
2015-01-18T14:08:41.220+0100: 6,953: [GC (Allocation Failure) 6,953: [ParNew: 2984K->293K(3072K), 0,0191313 secs] 399344K->397532K(484936K), 0,0191615 secs] [Times: user=0,01 sys=0,00, real=0,02 secs] 
2015-01-18T14:08:41.240+0100: 6,972: [GC (Allocation Failure) 6,972: [ParNew: 2984K->293K(3072K), 0,0153344 secs] 400223K->398411K(484936K), 0,0153592 secs] [Times: user=0,01 sys=0,00, real=0,01 secs] 
2015-01-18T14:08:41.256+0100: 6,988: [GC (Allocation Failure) 6,988: [ParNew: 2984K->293K(3072K), 0,0193819 secs] 401102K->399290K(484936K), 0,0194059 secs] [Times: user=0,01 sys=0,00, real=0,02 secs] 
2015-01-18T14:08:41.276+0100: 7,008: [GC (Allocation Failure) 7,008: [ParNew: 2984K->293K(3072K), 0,0113697 secs] 401981K->400169K(484936K), 0,0113940 secs] [Times: user=0,00 sys=0,00, real=0,02 secs] 
2015-01-18T14:08:41.288+0100: 7,020: [GC (Allocation Failure) 7,020: [ParNew: 2984K->293K(3072K), 0,0153999 secs] 402860K->401048K(484936K), 0,0154519 secs] [Times: user=0,01 sys=0,00, real=0,01 secs] 
2015-01-18T14:08:41.304+0100: 7,037: [GC (Allocation Failure) 7,037: [ParNew: 2984K->293K(3072K), 0,0151401 secs] 403739K->401927K(484936K), 0,0151713 secs] [Times: user=0,01 sys=0,00, real=0,02 secs] 
2015-01-18T14:08:41.320+0100: 7,052: [GC (Allocation Failure) 7,052: [ParNew: 2984K->293K(3072K), 0,0193023 secs] 404618K->402806K(484936K), 0,0193496 secs] [Times: user=0,01 sys=0,00, real=0,02 secs] 
2015-01-18T14:08:41.340+0100: 7,073: [GC (Allocation Failure) 7,073: [ParNew: 2984K->293K(3072K), 0,0111648 secs] 405497K->403685K(484936K), 0,0111948 secs] [Times: user=0,00 sys=0,00, real=0,01 secs] 
2015-01-18T14:08:41.352+0100: 7,084: [GC (Allocation Failure) 7,084: [ParNew: 2984K->293K(3072K), 0,0174103 secs] 406376K->404564K(484936K), 0,0174530 secs] [Times: user=0,01 sys=0,00, real=0,02 secs] 
2015-01-18T14:08:41.370+0100: 7,103: [GC (Allocation Failure) 7,103: [ParNew: 2984K->293K(3072K), 0,0130432 secs] 407255K->405443K(484936K), 0,0130965 secs] [Times: user=0,01 sys=0,00, real=0,01 secs] 
2015-01-18T14:08:41.384+0100: 7,117: [GC (Allocation Failure) 7,117: [ParNew: 2984K->293K(3072K), 0,0111804 secs] 408134K->406322K(484936K), 0,0112337 secs] [Times: user=0,00 sys=0,00, real=0,01 secs] 
2015-01-18T14:08:41.396+0100: 7,129: [GC (Allocation Failure) 7,129: [ParNew: 2984K->317K(3072K), 0,0231305 secs] 409013K->407226K(484936K), 0,0231756 secs] [Times: user=0,01 sys=0,01, real=0,03 secs] 
2015-01-18T14:08:41.420+0100: 7,153: [GC (Allocation Failure) 7,153: [ParNew: 3008K->293K(3072K), 0,0151383 secs] 409917K->408105K(484936K), 0,0151804 secs] [Times: user=0,01 sys=0,00, real=0,01 secs] 
2015-01-18T14:08:41.436+0100: 7,169: [GC (Allocation Failure) 7,169: [ParNew: 2984K->293K(3072K), 0,0151225 secs] 410796K->408984K(484936K), 0,0151711 secs] [Times: user=0,00 sys=0,00, real=0,02 secs] 
2015-01-18T14:08:41.452+0100: 7,185: [GC (Allocation Failure) 7,185: [ParNew: 2984K->293K(3072K), 0,0151947 secs] 411675K->409863K(484936K), 0,0152409 secs] [Times: user=0,01 sys=0,00, real=0,02 secs] 
2015-01-18T14:08:41.468+0100: 7,201: [GC (Allocation Failure) 7,201: [ParNew: 2984K->293K(3072K), 0,0152141 secs] 412554K->410742K(484936K), 0,0152542 secs] [Times: user=0,01 sys=0,00, real=0,01 secs] 
2015-01-18T14:08:41.484+0100: 7,217: [GC (Allocation Failure) 7,217: [ParNew: 2984K->293K(3072K), 0,0151301 secs] 413433K->411621K(484936K), 0,0151780 secs] [Times: user=0,00 sys=0,00, real=0,02 secs] 
2015-01-18T14:08:41.500+0100: 7,233: [GC (Allocation Failure) 7,233: [ParNew: 2984K->293K(3072K), 0,0152276 secs] 414312K->412500K(484936K), 0,0152845 secs] [Times: user=0,01 sys=0,00, real=0,01 secs] 
2015-01-18T14:08:41.516+0100: 7,249: [GC (Allocation Failure) 7,249: [ParNew: 2984K->293K(3072K), 0,0123289 secs] 415191K->413379K(484936K), 0,0123764 secs] [Times: user=0,00 sys=0,00, real=0,02 secs] 
2015-01-18T14:08:41.529+0100: 7,262: [GC (Allocation Failure) 7,262: [ParNew: 2984K->293K(3072K), 0,0139305 secs] 416070K->414258K(484936K), 0,0139802 secs] [Times: user=0,01 sys=0,00, real=0,01 secs] 
2015-01-18T14:08:41.544+0100: 7,277: [GC (Allocation Failure) 7,277: [ParNew: 2984K->293K(3072K), 0,0132861 secs] 416949K->415137K(484936K), 0,0133314 secs] [Times: user=0,00 sys=0,00, real=0,01 secs] 
2015-01-18T14:08:41.558+0100: 7,291: [GC (Allocation Failure) 7,291: [ParNew: 2984K->293K(3072K), 0,0129379 secs] 417828K->416016K(484936K), 0,0129953 secs] [Times: user=0,01 sys=0,00, real=0,02 secs] 
2015-01-18T14:08:41.572+0100: 7,305: [GC (Allocation Failure) 7,305: [ParNew: 2984K->293K(3072K), 0,0231393 secs] 418707K->416895K(484936K), 0,0231946 secs] [Times: user=0,02 sys=0,00, real=0,02 secs] 
2015-01-18T14:08:41.596+0100: 7,329: [GC (Allocation Failure) 7,329: [ParNew: 2984K->293K(3072K), 0,0072297 secs] 419586K->417774K(484936K), 0,0072819 secs] [Times: user=0,01 sys=0,00, real=0,01 secs] 
2015-01-18T14:08:41.604+0100: 7,337: [GC (Allocation Failure) 7,337: [ParNew: 2984K->293K(3072K), 0,0158678 secs] 420465K->418653K(484936K), 0,0159238 secs] [Times: user=0,01 sys=0,00, real=0,02 secs] 
2015-01-18T14:08:41.621+0100: 7,353: [GC (Allocation Failure) 7,353: [ParNew: 2984K->293K(3072K), 0,0120376 secs] 421344K->419532K(484936K), 0,0120916 secs] [Times: user=0,02 sys=0,00, real=0,01 secs] 
2015-01-18T14:08:41.634+0100: 7,366: [GC (Allocation Failure) 7,366: [ParNew: 2984K->293K(3072K), 0,0062241 secs] 422224K->420411K(484936K), 0,0062774 secs] [Times: user=0,00 sys=0,00, real=0,01 secs] 
2015-01-18T14:08:41.641+0100: 7,373: [GC (Allocation Failure) 7,373: [ParNew: 2984K->293K(3072K), 0,0051864 secs] 423103K->421291K(484936K), 0,0052392 secs] [Times: user=0,00 sys=0,00, real=0,00 secs] 
2015-01-18T14:08:41.647+0100: 7,379: [GC (Allocation Failure) 7,379: [ParNew: 2984K->293K(3072K), 0,0133084 secs] 423982K->422170K(484936K), 0,0133646 secs] [Times: user=0,01 sys=0,00, real=0,02 secs] 
2015-01-18T14:08:41.661+0100: 7,393: [GC (Allocation Failure) 7,393: [ParNew: 2984K->293K(3072K), 0,0040902 secs] 424861K->423049K(484936K), 0,0041508 secs] [Times: user=0,00 sys=0,00, real=0,00 secs] 
2015-01-18T14:08:41.666+0100: 7,398: [GC (Allocation Failure) 7,399: [ParNew: 2984K->293K(3072K), 0,0152720 secs] 425740K->423928K(484936K), 0,0153306 secs] [Times: user=0,02 sys=0,00, real=0,02 secs] 
2015-01-18T14:08:41.682+0100: 7,415: [GC (Allocation Failure) 7,415: [ParNew: 2984K->293K(3072K), 0,0047622 secs] 426619K->424807K(484936K), 0,0048183 secs] [Times: user=0,00 sys=0,00, real=0,00 secs] 
2015-01-18T14:08:41.688+0100: 7,420: [GC (Allocation Failure) 7,420: [ParNew: 2984K->293K(3072K), 0,0036974 secs] 427498K->425686K(484936K), 0,0037510 secs] [Times: user=0,01 sys=0,00, real=0,00 secs] 
2015-01-18T14:08:41.692+0100: 7,425: [GC (Allocation Failure) 7,425: [ParNew: 2984K->293K(3072K), 0,0074929 secs] 428377K->426565K(484936K), 0,0075455 secs] [Times: user=0,00 sys=0,00, real=0,01 secs] 
2015-01-18T14:08:41.700+0100: 7,433: [GC (Allocation Failure) 7,433: [ParNew: 2984K->293K(3072K), 0,0070337 secs] 429256K->427444K(484936K), 0,0070873 secs] [Times: user=0,01 sys=0,00, real=0,01 secs] 
2015-01-18T14:08:41.708+0100: 7,441: [GC (Allocation Failure) 7,441: [ParNew: 2984K->293K(3072K), 0,0111319 secs] 430135K->428323K(484936K), 0,0111862 secs] [Times: user=0,00 sys=0,00, real=0,01 secs] 
2015-01-18T14:08:41.720+0100: 7,453: [GC (Allocation Failure) 7,453: [ParNew: 2984K->293K(3072K), 0,0158904 secs] 431014K->429202K(484936K), 0,0159450 secs] [Times: user=0,01 sys=0,00, real=0,01 secs] 
2015-01-18T14:08:41.737+0100: 7,470: [GC (Allocation Failure) 7,470: [ParNew: 2984K->293K(3072K), 0,0064190 secs] 431893K->430081K(484936K), 0,0064815 secs] [Times: user=0,00 sys=0,00, real=0,01 secs] 
2015-01-18T14:08:41.744+0100: 7,477: [GC (Allocation Failure) 7,477: [ParNew: 2984K->293K(3072K), 0,0151689 secs] 432772K->430960K(484936K), 0,0152236 secs] [Times: user=0,01 sys=0,00, real=0,02 secs] 
2015-01-18T14:08:41.760+0100: 7,493: [GC (Allocation Failure) 7,493: [ParNew: 2984K->293K(3072K), 0,0084501 secs] 433651K->431839K(484936K), 0,0085085 secs] [Times: user=0,01 sys=0,00, real=0,01 secs] 
2015-01-18T14:08:41.770+0100: 7,502: [GC (Allocation Failure) 7,502: [ParNew: 2984K->293K(3072K), 0,0042126 secs] 434530K->432718K(484936K), 0,0042674 secs] [Times: user=0,00 sys=0,00, real=0,00 secs] 
2015-01-18T14:08:41.775+0100: 7,507: [GC (Allocation Failure) 7,507: [ParNew: 2984K->293K(3072K), 0,0123061 secs] 435409K->433597K(484936K), 0,0123608 secs] [Times: user=0,00 sys=0,00, real=0,01 secs] 
2015-01-18T14:08:41.788+0100: 7,520: [GC (Allocation Failure) 7,520: [ParNew: 2984K->293K(3072K), 0,0103653 secs] 436288K->434476K(484936K), 0,0104213 secs] [Times: user=0,01 sys=0,00, real=0,00 secs] 
2015-01-18T14:08:41.799+0100: 7,532: [GC (Allocation Failure) 7,532: [ParNew: 2984K->293K(3072K), 0,0082492 secs] 437167K->435355K(484936K), 0,0083048 secs] [Times: user=0,01 sys=0,00, real=0,02 secs] 
2015-01-18T14:08:41.808+0100: 7,541: [GC (Allocation Failure) 7,541: [ParNew: 2984K->293K(3072K), 0,0044798 secs] 438046K->436234K(484936K), 0,0045557 secs] [Times: user=0,01 sys=0,00, real=0,00 secs] 
2015-01-18T14:08:41.813+0100: 7,546: [GC (Allocation Failure) 7,546: [ParNew: 2984K->293K(3072K), 0,0045068 secs] 438925K->437113K(484936K), 0,0045618 secs] [Times: user=0,00 sys=0,01, real=0,00 secs] 
2015-01-18T14:08:41.819+0100: 7,551: [GC (Allocation Failure) 7,551: [ParNew: 2984K->293K(3072K), 0,2096219 secs] 439804K->437992K(484936K), 0,2096846 secs] [Times: user=0,11 sys=0,18, real=0,22 secs] 
2015-01-18T14:08:42.029+0100: 7,762: [GC (Allocation Failure) 7,762: [ParNew: 2984K->293K(3072K), 0,0033065 secs] 440683K->438871K(484936K), 0,0033597 secs] [Times: user=0,00 sys=0,00, real=0,00 secs] 
2015-01-18T14:08:42.033+0100: 7,766: [GC (Allocation Failure) 7,766: [ParNew: 2984K->293K(3072K), 0,0038349 secs] 441563K->439751K(484936K), 0,0038909 secs] [Times: user=0,01 sys=0,00, real=0,00 secs] 
2015-01-18T14:08:42.038+0100: 7,771: [GC (Allocation Failure) 7,771: [ParNew: 2984K->293K(3072K), 0,0092230 secs] 442442K->440630K(484936K), 0,0092771 secs] [Times: user=0,00 sys=0,00, real=0,02 secs] 
2015-01-18T14:08:42.048+0100: 7,781: [GC (Allocation Failure) 7,781: [ParNew: 2984K->293K(3072K), 0,0042938 secs] 443321K->441509K(484936K), 0,0043482 secs] [Times: user=0,01 sys=0,00, real=0,00 secs] 
2015-01-18T14:08:42.053+0100: 7,786: [GC (Allocation Failure) 7,786: [ParNew: 2984K->293K(3072K), 0,0320126 secs] 444200K->442388K(484936K), 0,0320671 secs] [Times: user=0,03 sys=0,00, real=0,03 secs] 
2015-01-18T14:08:42.086+0100: 7,819: [GC (Allocation Failure) 7,819: [ParNew: 2984K->293K(3072K), 0,0039655 secs] 445079K->443267K(484936K), 0,0040226 secs] [Times: user=0,01 sys=0,00, real=0,01 secs] 
2015-01-18T14:08:42.091+0100: 7,823: [GC (Allocation Failure) 7,823: [ParNew: 2984K->293K(3072K), 0,0108637 secs] 445958K->444146K(484936K), 0,0109211 secs] [Times: user=0,01 sys=0,00, real=0,01 secs] 
2015-01-18T14:08:42.102+0100: 7,835: [GC (Allocation Failure) 7,835: [ParNew: 2984K->293K(3072K), 0,0052133 secs] 446837K->445025K(484936K), 0,0052694 secs] [Times: user=0,01 sys=0,00, real=0,01 secs] 
2015-01-18T14:08:42.109+0100: 7,841: [GC (Allocation Failure) 7,841: [ParNew: 2984K->293K(3072K), 0,0037235 secs] 447716K->445904K(484936K), 0,0037773 secs] [Times: user=0,00 sys=0,00, real=0,00 secs] 
2015-01-18T14:08:42.113+0100: 7,846: [GC (Allocation Failure) 7,846: [ParNew: 2984K->293K(3072K), 0,0285577 secs] 448595K->446783K(484936K), 0,0286159 secs] [Times: user=0,03 sys=0,00, real=0,03 secs] 
2015-01-18T14:08:42.143+0100: 7,875: [GC (Allocation Failure) 7,875: [ParNew: 2984K->293K(3072K), 0,0040983 secs] 449474K->447662K(484936K), 0,0041545 secs] [Times: user=0,00 sys=0,00, real=0,00 secs] 
2015-01-18T14:08:42.148+0100: 7,880: [GC (Allocation Failure) 7,880: [ParNew: 2984K->293K(3072K), 0,0113161 secs] 450353K->448541K(484936K), 0,0113717 secs] [Times: user=0,02 sys=0,00, real=0,00 secs] 
2015-01-18T14:08:42.160+0100: 7,892: [GC (Allocation Failure) 7,892: [ParNew: 2984K->293K(3072K), 0,0140074 secs] 451232K->449420K(484936K), 0,0140669 secs] [Times: user=0,02 sys=0,00, real=0,01 secs] 
2015-01-18T14:08:42.179+0100: 7,912: [GC (CMS Initial Mark) [1 CMS-initial-mark: 449127K(481864K)] 449518K(484936K), 0,0001870 secs] [Times: user=0,00 sys=0,00, real=0,00 secs] 
2015-01-18T14:08:42.183+0100: 7,916: [CMS-concurrent-mark-start]
2015-01-18T14:08:42.183+0100: 7,916: [GC (Allocation Failure) 7,916: [ParNew: 2984K->293K(3072K), 0,0199730 secs] 452111K->450299K(484936K), 0,0200352 secs] [Times: user=0,02 sys=0,00, real=0,02 secs] 
2015-01-18T14:08:42.210+0100: 7,943: [GC (Allocation Failure) 7,943: [ParNew: 2984K->293K(3072K), 0,0091201 secs] 452990K->451178K(484936K), 0,0091817 secs] [Times: user=0,00 sys=0,00, real=0,01 secs] 
2015-01-18T14:08:42.220+0100: 7,953: [GC (Allocation Failure) 7,953: [ParNew: 2984K->293K(3072K), 0,0110106 secs] 453869K->452057K(484936K), 0,0110574 secs] [Times: user=0,01 sys=0,00, real=0,01 secs] 
2015-01-18T14:08:42.232+0100: 7,965: [GC (Allocation Failure) 7,965: [ParNew: 2984K->293K(3072K), 0,0156285 secs] 454748K->452936K(484936K), 0,0156603 secs] [Times: user=0,01 sys=0,00, real=0,02 secs] 
2015-01-18T14:08:42.248+0100: 7,981: [GC (Allocation Failure) 7,981: [ParNew: 2984K->293K(3072K), 0,0192028 secs] 455627K->453815K(484936K), 0,0192301 secs] [Times: user=0,02 sys=0,00, real=0,02 secs] 
2015-01-18T14:08:42.268+0100: 8,001: [GC (Allocation Failure) 8,001: [ParNew: 2984K->293K(3072K), 0,0149661 secs] 456506K->454694K(484936K), 0,0150195 secs] [Times: user=0,00 sys=0,00, real=0,01 secs] 
2015-01-18T14:08:42.291+0100: 8,024: [GC (Allocation Failure) 8,024: [ParNew: 2984K->293K(3072K), 0,0239625 secs] 457385K->455573K(484936K), 0,0239937 secs] [Times: user=0,03 sys=0,00, real=0,02 secs] 
2015-01-18T14:08:42.320+0100: 8,053: [GC (Allocation Failure) 8,053: [ParNew: 2984K->293K(3072K), 0,0110710 secs] 458264K->456452K(484936K), 0,0111272 secs] [Times: user=0,01 sys=0,00, real=0,01 secs] 
2015-01-18T14:08:42.332+0100: 8,065: [GC (Allocation Failure) 8,065: [ParNew: 2984K->293K(3072K), 0,0151254 secs] 459143K->457331K(484936K), 0,0151812 secs] [Times: user=0,00 sys=0,00, real=0,02 secs] 
2015-01-18T14:08:42.351+0100: 8,084: [GC (Allocation Failure) 8,084: [ParNew: 2984K->293K(3072K), 0,0119100 secs] 460023K->458211K(484936K), 0,0119870 secs] [Times: user=0,02 sys=0,00, real=0,01 secs] 
2015-01-18T14:08:42.365+0100: 8,097: [GC (Allocation Failure) 8,097: [ParNew: 2984K->293K(3072K), 0,0143336 secs] 460902K->459090K(484936K), 0,0143948 secs] [Times: user=0,00 sys=0,00, real=0,02 secs] 
2015-01-18T14:08:42.380+0100: 8,113: [CMS-concurrent-mark: 0,006/0,197 secs] [Times: user=0,12 sys=0,00, real=0,20 secs] 
2015-01-18T14:08:42.380+0100: 8,113: [CMS-concurrent-preclean-start]
2015-01-18T14:08:42.380+0100: 8,113: [GC (Allocation Failure) 8,113: [ParNew: 2984K->293K(3072K), 0,0148881 secs] 461781K->459969K(484936K), 0,0149343 secs] [Times: user=0,01 sys=0,00, real=0,01 secs] 
2015-01-18T14:08:42.396+0100: 8,129: [CMS-concurrent-preclean: 0,001/0,016 secs] [Times: user=0,01 sys=0,00, real=0,01 secs] 
2015-01-18T14:08:42.396+0100: 8,129: [GC (Allocation Failure) 8,129: [ParNew2015-01-18T14:08:42.396+0100: 8,129: [CMS-concurrent-abortable-preclean-start]
: 2984K->293K(3072K), 0,0110321 secs] 462660K->460848K(484936K), 0,0110791 secs] [Times: user=0,00 sys=0,00, real=0,02 secs] 
2015-01-18T14:08:42.408+0100: 8,141: [GC (Allocation Failure) 8,141: [ParNew: 2984K->293K(3072K), 0,0110575 secs] 463539K->461727K(484936K), 0,0111032 secs] [Times: user=0,01 sys=0,00, real=0,01 secs] 
2015-01-18T14:08:42.427+0100: 8,160: [GC (Allocation Failure) 8,160: [ParNew: 2984K->293K(3072K), 0,0159712 secs] 464418K->462606K(484936K), 0,0160235 secs] [Times: user=0,00 sys=0,00, real=0,01 secs] 
2015-01-18T14:08:42.444+0100: 8,177: [GC (Allocation Failure) 8,177: [ParNew: 2984K->293K(3072K), 0,0150486 secs] 465297K->463485K(484936K), 0,0151025 secs] [Times: user=0,01 sys=0,00, real=0,02 secs] 
2015-01-18T14:08:42.463+0100: 8,196: [GC (Allocation Failure) 8,196: [ParNew: 2984K->293K(3072K), 0,0159677 secs] 466176K->464364K(484936K), 0,0160111 secs] [Times: user=0,00 sys=0,00, real=0,02 secs] 
2015-01-18T14:08:42.480+0100: 8,213: [GC (Allocation Failure) 8,213: [ParNew: 2984K->293K(3072K), 0,0149853 secs] 467055K->465243K(484936K), 0,0150354 secs] [Times: user=0,01 sys=0,00, real=0,01 secs] 
2015-01-18T14:08:42.495+0100: 8,228: [CMS-concurrent-abortable-preclean: 0,003/0,099 secs] [Times: user=0,04 sys=0,00, real=0,10 secs] 
2015-01-18T14:08:42.507+0100: 8,240: [GC (Allocation Failure) 8,240: [ParNew: 2984K->293K(3072K), 0,0159882 secs] 467934K->466122K(484936K), 0,0160494 secs] [Times: user=0,01 sys=0,00, real=0,01 secs] 
2015-01-18T14:08:42.531+0100: 8,264: [GC (CMS Final Remark) [YG occupancy: 2984 K (3072 K)]8,264: [Rescan (parallel) , 0,0119391 secs]8,276: [weak refs processing, 0,0000103 secs]8,276: [class unloading, 0,0003562 secs]8,276: [scrub symbol table, 0,0005542 secs]8,277: [scrub string table, 0,0002153 secs][1 CMS-remark: 465829K(481864K)] 468813K(484936K), 0,0131550 secs] [Times: user=0,01 sys=0,00, real=0,01 secs] 
2015-01-18T14:08:42.551+0100: 8,284: [GC (Allocation Failure) 8,284: [ParNew2015-01-18T14:08:42.551+0100: 8,284: [CMS-concurrent-sweep-start]
: 2984K->293K(3072K), 0,0119766 secs] 468813K->467001K(484936K), 0,0120297 secs] [Times: user=0,00 sys=0,00, real=0,01 secs] 
2015-01-18T14:08:42.565+0100: 8,298: [CMS-concurrent-sweep: 0,014/0,014 secs] [Times: user=0,00 sys=0,00, real=0,01 secs] 
2015-01-18T14:08:42.568+0100: 8,300: [CMS-concurrent-reset-start]
2015-01-18T14:08:42.571+0100: 8,304: [GC (Allocation Failure) 8,304: [ParNew: 2984K->293K(3072K), 0,0118466 secs] 469665K->467853K(549248K), 0,0119422 secs] [Times: user=0,01 sys=0,00, real=0,01 secs] 
2015-01-18T14:08:42.587+0100: 8,320: [GC (Allocation Failure) 8,320: [ParNew: 2984K->293K(3072K), 0,0198476 secs] 470544K->468732K(549248K), 0,0199344 secs] [Times: user=0,02 sys=0,00, real=0,02 secs] 
2015-01-18T14:08:42.608+0100: 8,341: [GC (Allocation Failure) 8,341: [ParNew: 2984K->293K(3072K), 0,0151496 secs] 471423K->469611K(549248K), 0,0152133 secs] [Times: user=0,01 sys=0,00, real=0,01 secs] 
2015-01-18T14:08:42.624+0100: 8,357: [GC (Allocation Failure) 8,357: [ParNew: 2984K->293K(3072K), 0,0042942 secs] 472302K->470490K(549248K), 0,0043509 secs] [Times: user=0,00 sys=0,00, real=0,01 secs] 
2015-01-18T14:08:42.629+0100: 8,362: [GC (Allocation Failure) 8,362: [ParNew: 2984K->293K(3072K), 0,0088185 secs] 473181K->471369K(549248K), 0,0088728 secs] [Times: user=0,01 sys=0,00, real=0,00 secs] 
2015-01-18T14:08:42.639+0100: 8,371: [GC (Allocation Failure) 8,371: [ParNew: 2984K->293K(3072K), 0,0085856 secs] 474060K->472248K(549248K), 0,0086406 secs] [Times: user=0,01 sys=0,00, real=0,02 secs] 
2015-01-18T14:08:42.648+0100: 8,381: [GC (Allocation Failure) 8,381: [ParNew: 2984K->293K(3072K), 0,0116182 secs] 474939K->473127K(549248K), 0,0116705 secs] [Times: user=0,01 sys=0,00, real=0,01 secs] 
2015-01-18T14:08:42.661+0100: 8,393: [CMS-concurrent-reset: 0,003/0,093 secs] [Times: user=0,07 sys=0,00, real=0,09 secs] 
2015-01-18T14:08:42.661+0100: 8,394: [GC (Allocation Failure) 8,394: [ParNew: 2984K->293K(3072K), 0,0062946 secs] 475818K->474006K(549248K), 0,0063542 secs] [Times: user=0,01 sys=0,00, real=0,01 secs] 
2015-01-18T14:08:42.668+0100: 8,401: [GC (Allocation Failure) 8,401: [ParNew: 2984K->293K(3072K), 0,0150840 secs] 476697K->474885K(549248K), 0,0151403 secs] [Times: user=0,01 sys=0,00, real=0,01 secs] 
2015-01-18T14:08:42.684+0100: 8,417: [GC (Allocation Failure) 8,417: [ParNew: 2984K->293K(3072K), 0,0070846 secs] 477576K->475764K(549248K), 0,0071436 secs] [Times: user=0,00 sys=0,00, real=0,01 secs] 
2015-01-18T14:08:42.692+0100: 8,425: [GC (Allocation Failure) 8,425: [ParNew: 2984K->293K(3072K), 0,0157472 secs] 478455K->476643K(549248K), 0,0158041 secs] [Times: user=0,01 sys=0,00, real=0,02 secs] 
2015-01-18T14:08:42.709+0100: 8,441: [GC (Allocation Failure) 8,441: [ParNew: 2984K->293K(3072K), 0,0044103 secs] 479334K->477522K(549248K), 0,0044653 secs] [Times: user=0,00 sys=0,00, real=0,00 secs] 
2015-01-18T14:08:42.714+0100: 8,447: [GC (Allocation Failure) 8,447: [ParNew: 2984K->293K(3072K), 0,0143992 secs] 480213K->478401K(549248K), 0,0144573 secs] [Times: user=0,02 sys=0,00, real=0,02 secs] 
2015-01-18T14:08:42.729+0100: 8,462: [GC (Allocation Failure) 8,462: [ParNew: 2984K->293K(3072K), 0,0044127 secs] 481093K->479280K(549248K), 0,0044701 secs] [Times: user=0,00 sys=0,00, real=0,00 secs] 
2015-01-18T14:08:42.735+0100: 8,467: [GC (Allocation Failure) 8,467: [ParNew: 2984K->293K(3072K), 0,0180081 secs] 481972K->480160K(549248K), 0,0180638 secs] [Times: user=0,02 sys=0,00, real=0,02 secs] 
2015-01-18T14:08:42.754+0100: 8,486: [GC (Allocation Failure) 8,486: [ParNew: 2984K->293K(3072K), 0,0042738 secs] 482851K->481039K(549248K), 0,0043315 secs] [Times: user=0,00 sys=0,00, real=0,00 secs] 
2015-01-18T14:08:42.759+0100: 8,491: [GC (Allocation Failure) 8,491: [ParNew: 2984K->293K(3072K), 0,0047490 secs] 483730K->481918K(549248K), 0,0048055 secs] [Times: user=0,02 sys=0,00, real=0,01 secs] 
2015-01-18T14:08:42.767+0100: 8,500: [GC (Allocation Failure) 8,500: [ParNew: 2984K->293K(3072K), 0,0119436 secs] 484609K->482797K(549248K), 0,0119738 secs] [Times: user=0,00 sys=0,00, real=0,01 secs] 
2015-01-18T14:08:42.780+0100: 8,513: [GC (Allocation Failure) 8,513: [ParNew: 2984K->293K(3072K), 0,0113046 secs] 485488K->483676K(549248K), 0,0113549 secs] [Times: user=0,01 sys=0,00, real=0,01 secs] 
2015-01-18T14:08:42.792+0100: 8,525: [GC (Allocation Failure) 8,525: [ParNew: 2984K->293K(3072K), 0,0190411 secs] 486367K->484555K(549248K), 0,0191016 secs] [Times: user=0,02 sys=0,00, real=0,02 secs] 
2015-01-18T14:08:42.812+0100: 8,545: [GC (Allocation Failure) 8,545: [ParNew: 2984K->293K(3072K), 0,0151360 secs] 487246K->485434K(549248K), 0,0151812 secs] [Times: user=0,00 sys=0,00, real=0,02 secs] 
2015-01-18T14:08:42.831+0100: 8,564: [GC (Allocation Failure) 8,564: [ParNew: 2984K->293K(3072K), 0,0079847 secs] 488125K->486313K(549248K), 0,0080205 secs] [Times: user=0,01 sys=0,00, real=0,01 secs] 
2015-01-18T14:08:42.844+0100: 8,576: [GC (Allocation Failure) 8,576: [ParNew: 2984K->293K(3072K), 0,0074458 secs] 489004K->487192K(549248K), 0,0075087 secs] [Times: user=0,00 sys=0,00, real=0,01 secs] 
2015-01-18T14:08:42.852+0100: 8,585: [GC (Allocation Failure) 8,585: [ParNew: 2984K->293K(3072K), 0,0112292 secs] 489883K->488071K(549248K), 0,0112853 secs] [Times: user=0,02 sys=0,00, real=0,01 secs] 
2015-01-18T14:08:42.867+0100: 8,600: [GC (Allocation Failure) 8,600: [ParNew: 2984K->293K(3072K), 0,0159873 secs] 490762K->488950K(549248K), 0,0160323 secs] [Times: user=0,00 sys=0,00, real=0,01 secs] 
2015-01-18T14:08:42.888+0100: 8,620: [GC (Allocation Failure) 8,620: [ParNew: 2984K->293K(3072K), 0,0074464 secs] 491641K->489829K(549248K), 0,0074837 secs] [Times: user=0,01 sys=0,00, real=0,00 secs] 
2015-01-18T14:08:42.896+0100: 8,629: [GC (Allocation Failure) 8,629: [ParNew: 2984K->293K(3072K), 0,0112614 secs] 492520K->490708K(549248K), 0,0112956 secs] [Times: user=0,00 sys=0,00, real=0,02 secs] 
2015-01-18T14:08:42.911+0100: 8,644: [GC (Allocation Failure) 8,644: [ParNew: 2984K->293K(3072K), 0,0159643 secs] 493399K->491587K(549248K), 0,0159893 secs] [Times: user=0,01 sys=0,00, real=0,02 secs] 
2015-01-18T14:08:42.932+0100: 8,664: [GC (Allocation Failure) 8,664: [ParNew: 2984K->293K(3072K), 0,0153153 secs] 494278K->492466K(549248K), 0,0153397 secs] [Times: user=0,00 sys=0,00, real=0,02 secs] 
2015-01-18T14:08:42.952+0100: 8,684: [GC (Allocation Failure) 8,684: [ParNew: 2984K->293K(3072K), 0,0114656 secs] 495157K->493345K(549248K), 0,0115055 secs] [Times: user=0,02 sys=0,00, real=0,01 secs] 
2015-01-18T14:08:42.964+0100: 8,697: [GC (Allocation Failure) 8,697: [ParNew: 2984K->293K(3072K), 0,0112134 secs] 496036K->494224K(549248K), 0,0112685 secs] [Times: user=0,00 sys=0,00, real=0,01 secs] 
2015-01-18T14:08:42.976+0100: 8,709: [GC (Allocation Failure) 8,709: [ParNew: 2984K->293K(3072K), 0,0178114 secs] 496915K->495103K(549248K), 0,0178685 secs] [Times: user=0,02 sys=0,00, real=0,02 secs] 
2015-01-18T14:08:42.995+0100: 8,727: [GC (Allocation Failure) 8,727: [ParNew: 2984K->293K(3072K), 0,0203921 secs] 497794K->495982K(549248K), 0,0204494 secs] [Times: user=0,03 sys=0,00, real=0,02 secs] 
2015-01-18T14:08:43.016+0100: 8,749: [GC (Allocation Failure) 8,749: [ParNew: 2984K->293K(3072K), 0,0072330 secs] 498673K->496861K(549248K), 0,0072728 secs] [Times: user=0,00 sys=0,00, real=0,01 secs] 
2015-01-18T14:08:43.024+0100: 8,757: [GC (Allocation Failure) 8,757: [ParNew: 2984K->293K(3072K), 0,0070659 secs] 499552K->497740K(549248K), 0,0070994 secs] [Times: user=0,01 sys=0,00, real=0,01 secs] 
2015-01-18T14:08:43.032+0100: 8,764: [GC (Allocation Failure) 8,764: [ParNew: 2984K->293K(3072K), 0,0080112 secs] 500432K->498620K(549248K), 0,0080429 secs] [Times: user=0,00 sys=0,00, real=0,01 secs] 
2015-01-18T14:08:43.041+0100: 8,773: [GC (Allocation Failure) 8,773: [ParNew: 2984K->293K(3072K), 0,0067200 secs] 501311K->499499K(549248K), 0,0067691 secs] [Times: user=0,01 sys=0,00, real=0,01 secs] 
2015-01-18T14:08:43.048+0100: 8,781: [GC (Allocation Failure) 8,781: [ParNew: 2984K->293K(3072K), 0,0309747 secs] 502190K->500378K(549248K), 0,0310293 secs] [Times: user=0,03 sys=0,00, real=0,03 secs] 
2015-01-18T14:08:43.084+0100: 8,816: [GC (Allocation Failure) 8,816: [ParNew: 2984K->297K(3072K), 0,0114800 secs] 503069K->501261K(549248K), 0,0115240 secs] [Times: user=0,00 sys=0,00, real=0,01 secs] 
2015-01-18T14:08:43.111+0100: 8,844: [GC (Allocation Failure) 8,844: [ParNew: 2988K->293K(3072K), 0,0120151 secs] 503952K->502136K(549248K), 0,0120686 secs] [Times: user=0,00 sys=0,00, real=0,01 secs] 
2015-01-18T14:08:43.131+0100: 8,864: [GC (Allocation Failure) 8,864: [ParNew: 2984K->293K(3072K), 0,0319923 secs] 504827K->503015K(549248K), 0,0320493 secs] [Times: user=0,01 sys=0,00, real=0,03 secs] 
2015-01-18T14:08:43.164+0100: 8,897: [GC (Allocation Failure) 8,897: [ParNew: 2984K->293K(3072K), 0,0311469 secs] 505706K->503894K(549248K), 0,0312043 secs] [Times: user=0,01 sys=0,00, real=0,03 secs] 
2015-01-18T14:08:43.196+0100: 8,929: [GC (Allocation Failure) 8,929: [ParNew: 2984K->293K(3072K), 0,0310888 secs] 506585K->504773K(549248K), 0,0311474 secs] [Times: user=0,02 sys=0,00, real=0,04 secs] 
2015-01-18T14:08:43.228+0100: 8,961: [GC (Allocation Failure) 8,961: [ParNew: 2984K->293K(3072K), 0,0151136 secs] 507464K->505652K(549248K), 0,0151448 secs] [Times: user=0,00 sys=0,00, real=0,01 secs] 
2015-01-18T14:08:43.244+0100: 8,976: [GC (Allocation Failure) 8,976: [ParNew: 2984K->293K(3072K), 0,0113874 secs] 508343K->506531K(549248K), 0,0114445 secs] [Times: user=0,01 sys=0,00, real=0,01 secs] 
2015-01-18T14:08:43.263+0100: 8,996: [GC (Allocation Failure) 8,996: [ParNew: 2984K->293K(3072K), 0,0119863 secs] 509222K->507410K(549248K), 0,0120447 secs] [Times: user=0,00 sys=0,00, real=0,01 secs] 
2015-01-18T14:08:43.276+0100: 9,008: [GC (Allocation Failure) 9,009: [ParNew: 2984K->293K(3072K), 0,0112883 secs] 510102K->508290K(549248K), 0,0113470 secs] [Times: user=0,02 sys=0,00, real=0,02 secs] 
2015-01-18T14:08:43.288+0100: 9,021: [GC (Allocation Failure) 9,021: [ParNew: 2984K->293K(3072K), 0,0151574 secs] 510981K->509169K(549248K), 0,0152175 secs] [Times: user=0,01 sys=0,00, real=0,01 secs] 
2015-01-18T14:08:43.304+0100: 9,037: [GC (Allocation Failure) 9,037: [ParNew: 2984K->293K(3072K), 0,0191289 secs] 511860K->510048K(549248K), 0,0191861 secs] [Times: user=0,01 sys=0,00, real=0,02 secs] 
2015-01-18T14:08:43.328+0100: 9,060: [GC (Allocation Failure) 9,060: [ParNew: 2984K->293K(3072K), 0,0193296 secs] 512739K->510927K(549248K), 0,0193720 secs] [Times: user=0,01 sys=0,00, real=0,02 secs] 
2015-01-18T14:08:43.352+0100: 9,084: [GC (Allocation Failure) 9,084: [ParNew: 2984K->293K(3072K), 0,0073520 secs] 513618K->511806K(549248K), 0,0074171 secs] [Times: user=0,00 sys=0,00, real=0,01 secs] 
2015-01-18T14:08:43.360+0100: 9,093: [GC (Allocation Failure) 9,093: [ParNew: 2984K->293K(3072K), 0,0075293 secs] 514497K->512685K(549248K), 0,0075807 secs] [Times: user=0,01 sys=0,00, real=0,01 secs] 
2015-01-18T14:08:43.368+0100: 9,101: [GC (Allocation Failure) 9,101: [ParNew: 2984K->293K(3072K), 0,0148693 secs] 515376K->513564K(549248K), 0,0149083 secs] [Times: user=0,00 sys=0,00, real=0,01 secs] 
2015-01-18T14:08:43.384+0100: 9,117: [GC (Allocation Failure) 9,117: [ParNew: 2984K->293K(3072K), 0,0112183 secs] 516255K->514443K(549248K), 0,0112738 secs] [Times: user=0,02 sys=0,00, real=0,01 secs] 
2015-01-18T14:08:43.396+0100: 9,129: [GC (Allocation Failure) 9,129: [ParNew: 2984K->293K(3072K), 0,0191671 secs] 517134K->515322K(549248K), 0,0192258 secs] [Times: user=0,01 sys=0,00, real=0,02 secs] 
2015-01-18T14:08:43.419+0100: 9,152: [GC (Allocation Failure) 9,152: [ParNew: 2984K->293K(3072K), 0,0119724 secs] 518013K->516201K(549248K), 0,0120190 secs] [Times: user=0,01 sys=0,00, real=0,01 secs] 
2015-01-18T14:08:43.439+0100: 9,172: [GC (Allocation Failure) 9,172: [ParNew: 2984K->293K(3072K), 0,0159742 secs] 518892K->517080K(549248K), 0,0160153 secs] [Times: user=0,01 sys=0,00, real=0,01 secs] 
2015-01-18T14:08:43.459+0100: 9,192: [GC (Allocation Failure) 9,192: [ParNew: 2984K->293K(3072K), 0,0081229 secs] 519771K->517959K(549248K), 0,0081556 secs] [Times: user=0,01 sys=0,00, real=0,01 secs] 
2015-01-18T14:08:43.468+0100: 9,201: [GC (Allocation Failure) 9,201: [ParNew: 2984K->293K(3072K), 0,0231240 secs] 520650K->518838K(549248K), 0,0231494 secs] [Times: user=0,02 sys=0,00, real=0,02 secs] 
2015-01-18T14:08:43.495+0100: 9,228: [GC (Allocation Failure) 9,228: [ParNew: 2984K->293K(3072K), 0,0119895 secs] 521529K->519717K(549248K), 0,0120261 secs] [Times: user=0,00 sys=0,00, real=0,02 secs] 
2015-01-18T14:08:43.511+0100: 9,244: [GC (Allocation Failure) 9,244: [ParNew: 2984K->293K(3072K), 0,0159806 secs] 522408K->520596K(549248K), 0,0160145 secs] [Times: user=0,02 sys=0,00, real=0,02 secs] 
2015-01-18T14:08:43.528+0100: 9,260: [GC (Allocation Failure) 9,260: [ParNew: 2984K->293K(3072K), 0,0074447 secs] 523287K->521475K(549248K), 0,0074927 secs] [Times: user=0,01 sys=0,00, real=0,00 secs] 
2015-01-18T14:08:43.536+0100: 9,269: [GC (Allocation Failure) 9,269: [ParNew: 2984K->293K(3072K), 0,0109062 secs] 524166K->522354K(549248K), 0,0109327 secs] [Times: user=0,00 sys=0,00, real=0,02 secs] 
2015-01-18T14:08:43.551+0100: 9,284: [GC (Allocation Failure) 9,284: [ParNew: 2984K->293K(3072K), 0,0121784 secs] 525045K->523233K(549248K), 0,0122378 secs] [Times: user=0,01 sys=0,00, real=0,01 secs] 
2015-01-18T14:08:43.564+0100: 9,297: [GC (Allocation Failure) 9,297: [ParNew: 2984K->293K(3072K), 0,0150095 secs] 525924K->524112K(549248K), 0,0150690 secs] [Times: user=0,01 sys=0,00, real=0,02 secs] 
2015-01-18T14:08:43.580+0100: 9,313: [GC (Allocation Failure) 9,313: [ParNew: 2984K->293K(3072K), 0,0071402 secs] 526803K->524991K(549248K), 0,0071984 secs] [Times: user=0,01 sys=0,00, real=0,01 secs] 
2015-01-18T14:08:43.595+0100: 9,328: [GC (Allocation Failure) 9,328: [ParNew: 2984K->293K(3072K), 0,0092462 secs] 527682K->525870K(549248K), 0,0093052 secs] [Times: user=0,01 sys=0,00, real=0,01 secs] 
2015-01-18T14:08:43.605+0100: 9,338: [GC (Allocation Failure) 9,338: [ParNew: 2984K->293K(3072K), 0,0179493 secs] 528562K->526750K(549248K), 0,0180057 secs] [Times: user=0,01 sys=0,00, real=0,02 secs] 
2015-01-18T14:08:43.627+0100: 9,360: [GC (Allocation Failure) 9,360: [ParNew: 2984K->293K(3072K), 0,0085128 secs] 529441K->527629K(549248K), 0,0085405 secs] [Times: user=0,00 sys=0,00, real=0,00 secs] 
2015-01-18T14:08:43.643+0100: 9,376: [GC (Allocation Failure) 9,376: [ParNew: 2984K->293K(3072K), 0,0041292 secs] 530320K->528508K(549248K), 0,0041830 secs] [Times: user=0,01 sys=0,00, real=0,01 secs] 
2015-01-18T14:08:43.655+0100: 9,388: [GC (CMS Initial Mark) [1 CMS-initial-mark: 528215K(546176K)] 531199K(549248K), 0,0002088 secs] [Times: user=0,00 sys=0,00, real=0,00 secs] 
2015-01-18T14:08:43.655+0100: 9,388: [CMS-concurrent-mark-start]
2015-01-18T14:08:43.659+0100: 9,392: [GC (Allocation Failure) 9,392: [ParNew: 2984K->293K(3072K), 0,0153241 secs] 531199K->529387K(549248K), 0,0154248 secs] [Times: user=0,02 sys=0,00, real=0,01 secs] 
2015-01-18T14:08:43.676+0100: 9,408: [GC (Allocation Failure) 9,408: [ParNew: 2984K->293K(3072K), 0,0047158 secs] 532078K->530266K(549248K), 0,0047736 secs] [Times: user=0,00 sys=0,00, real=0,01 secs] 
2015-01-18T14:08:43.682+0100: 9,414: [CMS-concurrent-mark: 0,005/0,026 secs] [Times: user=0,02 sys=0,00, real=0,03 secs] 
2015-01-18T14:08:43.682+0100: 9,414: [CMS-concurrent-preclean-start]
2015-01-18T14:08:43.683+0100: 9,415: [CMS-concurrent-preclean: 0,001/0,001 secs] [Times: user=0,00 sys=0,00, real=0,00 secs] 
2015-01-18T14:08:43.687+0100: 9,420: [GC (CMS Final Remark) [YG occupancy: 2984 K (3072 K)]9,420: [Rescan (parallel) , 0,0220915 secs]9,442: [weak refs processing, 0,0000121 secs]9,442: [class unloading, 0,0003361 secs]9,442: [scrub symbol table, 0,0005417 secs]9,443: [scrub string table, 0,0002153 secs][1 CMS-remark: 529973K(546176K)] 532957K(549248K), 0,0232901 secs] [Times: user=0,02 sys=0,00, real=0,02 secs] 
2015-01-18T14:08:43.711+0100: 9,443: [CMS-concurrent-sweep-start]
2015-01-18T14:08:43.712+0100: 9,444: [CMS-concurrent-sweep: 0,001/0,001 secs] [Times: user=0,00 sys=0,00, real=0,00 secs] 
2015-01-18T14:08:43.712+0100: 9,444: [GC (Allocation Failure) 9,444: [ParNew: 2984K->293K(3072K), 0,0040245 secs] 532957K->531145K(549248K), 0,0040804 secs] [Times: user=0,00 sys=0,00, real=0,00 secs] 
2015-01-18T14:08:43.719+0100: 9,452: [CMS-concurrent-reset-start]
2015-01-18T14:08:43.723+0100: 9,456: [GC (Allocation Failure) 9,456: [ParNew: 2984K->293K(3072K), 0,0198613 secs] 533836K->532024K(549248K), 0,0199512 secs] [Times: user=0,01 sys=0,00, real=0,02 secs] 
2015-01-18T14:08:43.747+0100: 9,480: [GC (Allocation Failure) 9,480: [ParNew: 2984K->293K(3072K), 0,0278511 secs] 534715K->532903K(549248K), 0,0279243 secs] [Times: user=0,01 sys=0,00, real=0,02 secs] 
2015-01-18T14:08:43.776+0100: 9,509: [GC (Allocation Failure) 9,509: [ParNew: 2984K->293K(3072K), 0,0310135 secs] 535594K->533782K(549248K), 0,0310421 secs] [Times: user=0,02 sys=0,00, real=0,04 secs] 
2015-01-18T14:08:43.808+0100: 9,540: [GC (Allocation Failure) 9,540: [ParNew: 2984K->293K(3072K), 0,0193682 secs] 536473K->534661K(549248K), 0,0194205 secs] [Times: user=0,00 sys=0,00, real=0,02 secs] 
2015-01-18T14:08:43.828+0100: 9,561: [GC (Allocation Failure) 9,561: [ParNew: 2984K->293K(3072K), 0,0151091 secs] 537352K->535540K(549248K), 0,0151403 secs] [Times: user=0,01 sys=0,00, real=0,01 secs] 
2015-01-18T14:08:43.844+0100: 9,576: [GC (Allocation Failure) 9,576: [ParNew: 2984K->293K(3072K), 0,0193848 secs] 538231K->536419K(549248K), 0,0194307 secs] [Times: user=0,01 sys=0,00, real=0,02 secs] 
2015-01-18T14:08:43.864+0100: 9,597: [GC (Allocation Failure) 9,597: [ParNew: 2984K->293K(3072K), 0,0111703 secs] 539110K->537298K(549248K), 0,0112264 secs] [Times: user=0,00 sys=0,00, real=0,01 secs] 
2015-01-18T14:08:43.876+0100: 9,609: [GC (Allocation Failure) 9,609: [ParNew: 2984K->293K(3072K), 0,0151651 secs] 539989K->538177K(549248K), 0,0152238 secs] [Times: user=0,00 sys=0,00, real=0,02 secs] 
2015-01-18T14:08:43.895+0100: 9,628: [GC (Allocation Failure) 9,628: [ParNew: 2984K->293K(3072K), 0,0160495 secs] 540868K->539056K(549248K), 0,0161000 secs] [Times: user=0,01 sys=0,00, real=0,02 secs] 
2015-01-18T14:08:43.912+0100: 9,644: [CMS-concurrent-reset: 0,003/0,192 secs] [Times: user=0,09 sys=0,00, real=0,19 secs] 
2015-01-18T14:08:43.916+0100: 9,649: [GC (Allocation Failure) 9,649: [ParNew: 2984K->293K(3072K), 0,0192208 secs] 541747K->539935K(549248K), 0,0192636 secs] [Times: user=0,02 sys=0,00, real=0,02 secs] 
2015-01-18T14:08:43.943+0100: 9,676: [GC (Allocation Failure) 9,676: [ParNew: 2984K->293K(3072K), 0,0120081 secs] 542626K->540814K(549248K), 0,0120682 secs] [Times: user=0,01 sys=0,00, real=0,01 secs] 
2015-01-18T14:08:43.960+0100: 9,692: [GC (Allocation Failure) 9,692: [ParNew: 2984K->293K(3072K), 0,0154253 secs] 543505K->541693K(549248K), 0,0154763 secs] [Times: user=0,01 sys=0,00, real=0,01 secs] 
2015-01-18T14:08:43.976+0100: 9,709: [GC (Allocation Failure) 9,709: [ParNew: 2984K->293K(3072K), 0,0151164 secs] 544384K->542572K(549248K), 0,0151737 secs] [Times: user=0,00 sys=0,00, real=0,02 secs] 
2015-01-18T14:08:43.992+0100: 9,725: [GC (CMS Initial Mark) [1 CMS-initial-mark: 542279K(546176K)] 545263K(549248K), 0,0310165 secs] [Times: user=0,00 sys=0,00, real=0,03 secs] 
2015-01-18T14:08:44.023+0100: 9,756: [CMS-concurrent-mark-start]
2015-01-18T14:08:44.027+0100: 9,760: [GC (Allocation Failure) 9,760: [ParNew: 2984K->293K(3072K), 0,0238533 secs] 545263K->543451K(549248K), 0,0239363 secs] [Times: user=0,02 sys=0,00, real=0,02 secs] 
2015-01-18T14:08:44.056+0100: 9,789: [CMS-concurrent-mark: 0,005/0,033 secs] [Times: user=0,02 sys=0,00, real=0,03 secs] 
2015-01-18T14:08:44.056+0100: 9,789: [CMS-concurrent-preclean-start]
2015-01-18T14:08:44.057+0100: 9,790: [CMS-concurrent-preclean: 0,001/0,001 secs] [Times: user=0,00 sys=0,00, real=0,00 secs] 
2015-01-18T14:08:44.057+0100: 9,790: [CMS-concurrent-abortable-preclean-start]
2015-01-18T14:08:44.059+0100: 9,792: [GC (Allocation Failure) 9,792: [ParNew: 2984K->293K(3072K), 0,0159416 secs] 546142K->544330K(549248K), 0,0159710 secs] [Times: user=0,01 sys=0,00, real=0,01 secs] 
2015-01-18T14:08:44.083+0100: 9,816: [GC (Allocation Failure) 9,816: [ParNew: 2984K->293K(3072K), 0,0199759 secs] 547022K->545209K(549248K), 0,0200011 secs] [Times: user=0,00 sys=0,00, real=0,02 secs] 
2015-01-18T14:08:44.108+0100: 9,841: [GC (Allocation Failure) 9,841: [ParNew (promotion failed): 2984K->2984K(3072K), 0,0111625 secs]9,852: [CMS2015-01-18T14:08:44.123+0100: 9,856: [CMS-concurrent-abortable-preclean: 0,003/0,066 secs] [Times: user=0,02 sys=0,00, real=0,07 secs] 
 (concurrent mode failure): 545600K->546078K(546176K), 0,4410306 secs] 547901K->546078K(549248K), [Metaspace: 2428K->2428K(1056768K)], 0,4526152 secs] [Times: user=0,30 sys=0,00, real=0,45 secs] 
2015-01-18T14:08:44.901+0100: 10,634: [GC (Allocation Failure) 10,634: [ParNew: 218415K->218415K(245760K), 0,0000276 secs]10,634: [CMS: 546078K->546152K(546176K), 0,1120241 secs] 764494K->618758K(791936K), [Metaspace: 2428K->2428K(1056768K)], 0,1121909 secs] [Times: user=0,02 sys=0,00, real=0,11 secs] 
2015-01-18T14:08:45.031+0100: 10,764: [GC (CMS Initial Mark) [1 CMS-initial-mark: 546152K(546176K)] 660741K(791936K), 0,0047025 secs] [Times: user=0,00 sys=0,00, real=0,00 secs] 
2015-01-18T14:08:45.036+0100: 10,769: [CMS-concurrent-mark-start]
2015-01-18T14:08:45.041+0100: 10,774: [CMS-concurrent-mark: 0,005/0,005 secs] [Times: user=0,00 sys=0,00, real=0,01 secs] 
2015-01-18T14:08:45.042+0100: 10,774: [CMS-concurrent-preclean-start]
2015-01-18T14:08:45.044+0100: 10,777: [CMS-concurrent-preclean: 0,003/0,003 secs] [Times: user=0,00 sys=0,00, real=0,00 secs] 
2015-01-18T14:08:45.044+0100: 10,777: [CMS-concurrent-abortable-preclean-start]
2015-01-18T14:08:45.044+0100: 10,777: [CMS-concurrent-abortable-preclean: 0,000/0,000 secs] [Times: user=0,00 sys=0,00, real=0,00 secs] 
2015-01-18T14:08:45.044+0100: 10,777: [GC (CMS Final Remark) [YG occupancy: 114589 K (245760 K)]10,777: [Rescan (parallel) , 0,0108332 secs]10,788: [weak refs processing, 0,0000116 secs]10,788: [class unloading, 0,0003115 secs]10,788: [scrub symbol table, 0,0005367 secs]10,789: [scrub string table, 0,0002147 secs][1 CMS-remark: 546152K(546176K)] 660741K(791936K), 0,0119863 secs] [Times: user=0,00 sys=0,00, real=0,01 secs] 
2015-01-18T14:08:45.056+0100: 10,789: [CMS-concurrent-sweep-start]
2015-01-18T14:08:45.057+0100: 10,790: [CMS-concurrent-sweep: 0,001/0,001 secs] [Times: user=0,00 sys=0,00, real=0,00 secs] 
2015-01-18T14:08:45.057+0100: 10,790: [CMS-concurrent-reset-start]
2015-01-18T14:08:45.059+0100: 10,792: [CMS-concurrent-reset: 0,002/0,002 secs] [Times: user=0,00 sys=0,00, real=0,01 secs] 
2015-01-18T14:08:45.164+0100: 10,897: [GC (Allocation Failure) 10,897: [ParNew: 245729K->245729K(245760K), 0,0000245 secs]10,897: [CMS: 546152K->546152K(546176K), 0,0770148 secs] 791881K->676385K(791936K), [Metaspace: 2428K->2428K(1056768K)], 0,0771698 secs] [Times: user=0,04 sys=0,00, real=0,08 secs] 
2015-01-18T14:08:45.271+0100: 11,004: [GC (CMS Initial Mark) [1 CMS-initial-mark: 546152K(546176K)] 717689K(791936K), 0,0156681 secs] [Times: user=0,00 sys=0,00, real=0,02 secs] 
2015-01-18T14:08:45.287+0100: 11,020: [CMS-concurrent-mark-start]
2015-01-18T14:08:45.293+0100: 11,025: [CMS-concurrent-mark: 0,005/0,005 secs] [Times: user=0,00 sys=0,00, real=0,00 secs] 
2015-01-18T14:08:45.293+0100: 11,025: [CMS-concurrent-preclean-start]
2015-01-18T14:08:45.295+0100: 11,028: [CMS-concurrent-preclean: 0,003/0,003 secs] [Times: user=0,00 sys=0,00, real=0,00 secs] 
2015-01-18T14:08:45.295+0100: 11,028: [CMS-concurrent-abortable-preclean-start]
2015-01-18T14:08:45.295+0100: 11,028: [CMS-concurrent-abortable-preclean: 0,000/0,000 secs] [Times: user=0,00 sys=0,00, real=0,00 secs] 
2015-01-18T14:08:45.296+0100: 11,028: [GC (CMS Final Remark) [YG occupancy: 171537 K (245760 K)]11,028: [Rescan (parallel) , 0,0116518 secs]11,040: [weak refs processing, 0,0000122 secs]11,040: [class unloading, 0,0003105 secs]11,040: [scrub symbol table, 0,0005378 secs]11,041: [scrub string table, 0,0002141 secs][1 CMS-remark: 546152K(546176K)] 717689K(791936K), 0,0128168 secs] [Times: user=0,01 sys=0,00, real=0,02 secs] 
2015-01-18T14:08:45.308+0100: 11,041: [CMS-concurrent-sweep-start]
2015-01-18T14:08:45.310+0100: 11,042: [CMS-concurrent-sweep: 0,001/0,001 secs] [Times: user=0,00 sys=0,00, real=0,00 secs] 
2015-01-18T14:08:45.310+0100: 11,042: [CMS-concurrent-reset-start]
2015-01-18T14:08:45.312+0100: 11,044: [CMS-concurrent-reset: 0,002/0,002 secs] [Times: user=0,00 sys=0,00, real=0,00 secs] 
2015-01-18T14:08:45.376+0100: 11,108: [GC (Allocation Failure) 11,108: [ParNew: 245746K->245746K(245760K), 0,0000311 secs]11,108: [CMS: 546152K->546152K(546176K), 0,0314102 secs] 791898K->714672K(791936K), [Metaspace: 2428K->2428K(1056768K)], 0,0315984 secs] [Times: user=0,03 sys=0,00, real=0,03 secs] 
2015-01-18T14:08:45.420+0100: 11,153: [GC (CMS Initial Mark) [1 CMS-initial-mark: 546152K(546176K)] 742914K(791936K), 0,0070563 secs] [Times: user=0,00 sys=0,00, real=0,01 secs] 
2015-01-18T14:08:45.427+0100: 11,160: [CMS-concurrent-mark-start]
2015-01-18T14:08:45.433+0100: 11,165: [CMS-concurrent-mark: 0,005/0,005 secs] [Times: user=0,00 sys=0,00, real=0,00 secs] 
2015-01-18T14:08:45.433+0100: 11,165: [CMS-concurrent-preclean-start]
2015-01-18T14:08:45.439+0100: 11,172: [CMS-concurrent-preclean: 0,007/0,007 secs] [Times: user=0,00 sys=0,00, real=0,01 secs] 
2015-01-18T14:08:45.439+0100: 11,172: [CMS-concurrent-abortable-preclean-start]
2015-01-18T14:08:45.439+0100: 11,172: [CMS-concurrent-abortable-preclean: 0,000/0,000 secs] [Times: user=0,00 sys=0,00, real=0,00 secs] 
2015-01-18T14:08:45.439+0100: 11,172: [GC (CMS Final Remark) [YG occupancy: 196762 K (245760 K)]11,172: [Rescan (parallel) , 0,0077566 secs]11,180: [weak refs processing, 0,0000115 secs]11,180: [class unloading, 0,0003118 secs]11,180: [scrub symbol table, 0,0005352 secs]11,181: [scrub string table, 0,0002149 secs][1 CMS-remark: 546152K(546176K)] 742914K(791936K), 0,0089101 secs] [Times: user=0,01 sys=0,00, real=0,01 secs] 
2015-01-18T14:08:45.448+0100: 11,181: [CMS-concurrent-sweep-start]
2015-01-18T14:08:45.449+0100: 11,182: [CMS-concurrent-sweep: 0,001/0,001 secs] [Times: user=0,00 sys=0,00, real=0,00 secs] 
2015-01-18T14:08:45.449+0100: 11,182: [CMS-concurrent-reset-start]
2015-01-18T14:08:45.452+0100: 11,184: [CMS-concurrent-reset: 0,002/0,002 secs] [Times: user=0,00 sys=0,00, real=0,00 secs] 
2015-01-18T14:08:45.491+0100: 11,223: [GC (Allocation Failure) 11,223: [ParNew: 245746K->245746K(245760K), 0,0000284 secs]11,223: [CMS: 546152K->546152K(546176K), 0,0294097 secs] 791898K->740458K(791936K), [Metaspace: 2428K->2428K(1056768K)], 0,0295746 secs] [Times: user=0,03 sys=0,00, real=0,03 secs] 
2015-01-18T14:08:45.523+0100: 11,256: [GC (CMS Initial Mark) [1 CMS-initial-mark: 546152K(546176K)] 740555K(791936K), 0,0050784 secs] [Times: user=0,00 sys=0,00, real=0,01 secs] 
2015-01-18T14:08:45.528+0100: 11,261: [CMS-concurrent-mark-start]
2015-01-18T14:08:45.535+0100: 11,267: [CMS-concurrent-mark: 0,006/0,006 secs] [Times: user=0,01 sys=0,00, real=0,00 secs] 
2015-01-18T14:08:45.535+0100: 11,268: [CMS-concurrent-preclean-start]
2015-01-18T14:08:45.544+0100: 11,276: [CMS-concurrent-preclean: 0,009/0,009 secs] [Times: user=0,00 sys=0,00, real=0,01 secs] 
2015-01-18T14:08:45.544+0100: 11,276: [CMS-concurrent-abortable-preclean-start]
2015-01-18T14:08:45.544+0100: 11,276: [CMS-concurrent-abortable-preclean: 0,000/0,000 secs] [Times: user=0,00 sys=0,00, real=0,00 secs] 
2015-01-18T14:08:45.544+0100: 11,277: [GC (CMS Final Remark) [YG occupancy: 217291 K (245760 K)]11,277: [Rescan (parallel) , 0,0038547 secs]11,281: [weak refs processing, 0,0000120 secs]11,281: [class unloading, 0,0003996 secs]11,281: [scrub symbol table, 0,0005462 secs]11,282: [scrub string table, 0,0002152 secs][1 CMS-remark: 546152K(546176K)] 763443K(791936K), 0,0051132 secs] [Times: user=0,00 sys=0,00, real=0,01 secs] 
2015-01-18T14:08:45.549+0100: 11,282: [CMS-concurrent-sweep-start]
2015-01-18T14:08:45.551+0100: 11,283: [CMS-concurrent-sweep: 0,001/0,001 secs] [Times: user=0,00 sys=0,00, real=0,00 secs] 
2015-01-18T14:08:45.551+0100: 11,283: [CMS-concurrent-reset-start]
2015-01-18T14:08:45.555+0100: 11,287: [CMS-concurrent-reset: 0,004/0,004 secs] [Times: user=0,01 sys=0,00, real=0,00 secs] 
2015-01-18T14:08:45.577+0100: 11,310: [GC (Allocation Failure) 11,310: [ParNew: 245746K->245746K(245760K), 0,0000272 secs]11,310: [CMS: 546152K->546152K(546176K), 0,0170786 secs] 791898K->757452K(791936K), [Metaspace: 2428K->2428K(1056768K)], 0,0172474 secs] [Times: user=0,03 sys=0,00, real=0,02 secs] 
2015-01-18T14:08:45.595+0100: 11,327: [GC (CMS Initial Mark) [1 CMS-initial-mark: 546152K(546176K)] 757550K(791936K), 0,0012528 secs] [Times: user=0,00 sys=0,00, real=0,00 secs] 
2015-01-18T14:08:45.598+0100: 11,330: [CMS-concurrent-mark-start]
2015-01-18T14:08:45.603+0100: 11,336: [CMS-concurrent-mark: 0,005/0,005 secs] [Times: user=0,00 sys=0,00, real=0,01 secs] 
2015-01-18T14:08:45.603+0100: 11,336: [CMS-concurrent-preclean-start]
2015-01-18T14:08:45.606+0100: 11,338: [CMS-concurrent-preclean: 0,003/0,003 secs] [Times: user=0,00 sys=0,00, real=0,00 secs] 
2015-01-18T14:08:45.606+0100: 11,338: [CMS-concurrent-abortable-preclean-start]
2015-01-18T14:08:45.606+0100: 11,338: [CMS-concurrent-abortable-preclean: 0,000/0,000 secs] [Times: user=0,00 sys=0,00, real=0,00 secs] 
2015-01-18T14:08:45.606+0100: 11,339: [GC (CMS Final Remark) [YG occupancy: 218496 K (245760 K)]11,339: [Rescan (parallel) , 0,0070470 secs]11,346: [weak refs processing, 0,0000111 secs]11,346: [class unloading, 0,0003005 secs]11,346: [scrub symbol table, 0,0005363 secs]11,346: [scrub string table, 0,0002142 secs][1 CMS-remark: 546152K(546176K)] 764648K(791936K), 0,0081944 secs] [Times: user=0,03 sys=0,00, real=0,01 secs] 
2015-01-18T14:08:45.614+0100: 11,347: [CMS-concurrent-sweep-start]
2015-01-18T14:08:45.615+0100: 11,348: [CMS-concurrent-sweep: 0,001/0,001 secs] [Times: user=0,00 sys=0,00, real=0,00 secs] 
2015-01-18T14:08:45.615+0100: 11,348: [CMS-concurrent-reset-start]
2015-01-18T14:08:45.617+0100: 11,350: [CMS-concurrent-reset: 0,002/0,002 secs] [Times: user=0,00 sys=0,00, real=0,00 secs] 
2015-01-18T14:08:45.629+0100: 11,362: [GC (Allocation Failure) 11,362: [ParNew: 245746K->245746K(245760K), 0,0000278 secs]11,362: [CMS: 546152K->546152K(546176K), 0,0142519 secs] 791898K->768978K(791936K), [Metaspace: 2428K->2428K(1056768K)], 0,0144157 secs] [Times: user=0,03 sys=0,00, real=0,01 secs] 
2015-01-18T14:08:45.644+0100: 11,377: [GC (CMS Initial Mark) [1 CMS-initial-mark: 546152K(546176K)] 769075K(791936K), 0,0011898 secs] [Times: user=0,00 sys=0,00, real=0,00 secs] 
2015-01-18T14:08:45.645+0100: 11,378: [CMS-concurrent-mark-start]
2015-01-18T14:08:45.651+0100: 11,383: [CMS-concurrent-mark: 0,005/0,005 secs] [Times: user=0,00 sys=0,00, real=0,01 secs] 
2015-01-18T14:08:45.651+0100: 11,383: [CMS-concurrent-preclean-start]
2015-01-18T14:08:45.653+0100: 11,386: [CMS-concurrent-preclean: 0,003/0,003 secs] [Times: user=0,00 sys=0,00, real=0,00 secs] 
2015-01-18T14:08:45.653+0100: 11,386: [CMS-concurrent-abortable-preclean-start]
2015-01-18T14:08:45.653+0100: 11,386: [CMS-concurrent-abortable-preclean: 0,000/0,000 secs] [Times: user=0,00 sys=0,00, real=0,00 secs] 
2015-01-18T14:08:45.662+0100: 11,395: [Full GC (Allocation Failure) 11,395: [CMS (concurrent mode failure): 546152K->546152K(546176K), 0,0122078 secs] 791833K->776596K(791936K), [Metaspace: 2428K->2428K(1056768K)], 0,0123363 secs] [Times: user=0,03 sys=0,00, real=0,01 secs] 
2015-01-18T14:08:45.681+0100: 11,414: [Full GC (Allocation Failure) 11,414: [CMS: 546152K->546152K(546176K), 0,0113386 secs] 791833K->781675K(791936K), [Metaspace: 2428K->2428K(1056768K)], 0,0114589 secs] [Times: user=0,00 sys=0,00, real=0,01 secs] 
2015-01-18T14:08:45.698+0100: 11,430: [Full GC (Allocation Failure) 11,430: [CMS: 546152K->546152K(546176K), 0,0103271 secs] 791833K->784996K(791936K), [Metaspace: 2428K->2428K(1056768K)], 0,0104472 secs] [Times: user=0,00 sys=0,00, real=0,02 secs] 
2015-01-18T14:08:45.711+0100: 11,444: [Full GC (Allocation Failure) 11,444: [CMS: 546152K->546152K(546176K), 0,0097124 secs] 791833K->787340K(791936K), [Metaspace: 2428K->2428K(1056768K)], 0,0098324 secs] [Times: user=0,00 sys=0,00, real=0,01 secs] 
2015-01-18T14:08:45.723+0100: 11,456: [Full GC (Allocation Failure) 11,456: [CMS: 546152K->546152K(546176K), 0,0093973 secs] 791833K->788805K(791936K), [Metaspace: 2428K->2428K(1056768K)], 0,0095041 secs] [Times: user=0,00 sys=0,00, real=0,01 secs] 
2015-01-18T14:08:45.734+0100: 11,467: [Full GC (Allocation Failure) 11,467: [CMS: 546152K->546152K(546176K), 0,0090604 secs] 791833K->789782K(791936K), [Metaspace: 2428K->2428K(1056768K)], 0,0092191 secs] [Times: user=0,00 sys=0,00, real=0,01 secs] 
2015-01-18T14:08:45.744+0100: 11,477: [Full GC (Allocation Failure) 11,477: [CMS: 546152K->546152K(546176K), 0,0088524 secs] 791833K->790466K(791936K), [Metaspace: 2428K->2428K(1056768K)], 0,0089448 secs] [Times: user=0,02 sys=0,00, real=0,01 secs] 
2015-01-18T14:08:45.754+0100: 11,487: [Full GC (Allocation Failure) 11,487: [CMS: 546152K->546152K(546176K), 0,0087800 secs] 791833K->790954K(791936K), [Metaspace: 2428K->2428K(1056768K)], 0,0088723 secs] [Times: user=0,00 sys=0,00, real=0,01 secs] 
2015-01-18T14:08:45.763+0100: 11,496: [GC (CMS Initial Mark) [1 CMS-initial-mark: 546152K(546176K)] 791149K(791936K), 0,0012357 secs] [Times: user=0,00 sys=0,00, real=0,00 secs] 
2015-01-18T14:08:45.765+0100: 11,497: [CMS-concurrent-mark-start]
2015-01-18T14:08:45.770+0100: 11,502: [CMS-concurrent-mark: 0,005/0,005 secs] [Times: user=0,00 sys=0,00, real=0,01 secs] 
2015-01-18T14:08:45.770+0100: 11,503: [CMS-concurrent-preclean-start]
2015-01-18T14:08:45.773+0100: 11,505: [CMS-concurrent-preclean: 0,003/0,003 secs] [Times: user=0,00 sys=0,00, real=0,00 secs] 
2015-01-18T14:08:45.773+0100: 11,506: [CMS-concurrent-abortable-preclean-start]
2015-01-18T14:08:45.773+0100: 11,506: [CMS-concurrent-abortable-preclean: 0,000/0,000 secs] [Times: user=0,00 sys=0,00, real=0,00 secs] 
2015-01-18T14:08:45.779+0100: 11,512: [Full GC (Allocation Failure) 11,512: [CMS (concurrent mode failure): 546152K->546152K(546176K), 0,0075456 secs] 791833K->791247K(791936K), [Metaspace: 2428K->2428K(1056768K)], 0,0076406 secs] [Times: user=0,03 sys=0,00, real=0,00 secs] 
2015-01-18T14:08:45.787+0100: 11,520: [Full GC (Allocation Failure) 11,520: [CMS: 546152K->546152K(546176K), 0,0086400 secs] 791833K->791442K(791936K), [Metaspace: 2428K->2428K(1056768K)], 0,0087256 secs] [Times: user=0,00 sys=0,00, real=0,00 secs] 
2015-01-18T14:08:45.797+0100: 11,529: [Full GC (Allocation Failure) 11,529: [CMS: 546152K->546152K(546176K), 0,0126218 secs] 791833K->791540K(791936K), [Metaspace: 2428K->2428K(1056768K)], 0,0127108 secs] [Times: user=0,00 sys=0,00, real=0,02 secs] 
2015-01-18T14:08:45.810+0100: 11,542: [Full GC (Allocation Failure) 11,542: [CMS: 546152K->546152K(546176K), 0,0126941 secs] 791833K->791638K(791936K), [Metaspace: 2428K->2428K(1056768K)], 0,0127858 secs] [Times: user=0,03 sys=0,00, real=0,01 secs] 
2015-01-18T14:08:45.823+0100: 11,555: [Full GC (Allocation Failure) 11,555: [CMS: 546152K->546152K(546176K), 0,0085318 secs] 791833K->791735K(791936K), [Metaspace: 2428K->2428K(1056768K)], 0,0086326 secs] [Times: user=0,00 sys=0,00, real=0,01 secs] 
2015-01-18T14:08:45.832+0100: 11,564: [Full GC (Allocation Failure) 11,564: [CMS: 546152K->546152K(546176K), 0,0165989 secs] 791833K->791735K(791936K), [Metaspace: 2428K->2428K(1056768K)], 0,0166869 secs] [Times: user=0,00 sys=0,00, real=0,02 secs] 
2015-01-18T14:08:45.849+0100: 11,581: [Full GC (Allocation Failure) 11,581: [CMS: 546152K->546152K(546176K), 0,0084848 secs] 791833K->791833K(791936K), [Metaspace: 2428K->2428K(1056768K)], 0,0085725 secs] [Times: user=0,00 sys=0,00, real=0,00 secs] 
2015-01-18T14:08:45.857+0100: 11,590: [Full GC (Allocation Failure) 11,590: [CMS: 546152K->546129K(546176K), 0,2808710 secs] 791833K->791810K(791936K), [Metaspace: 2428K->2428K(1056768K)], 0,2809642 secs] [Times: user=0,30 sys=0,00, real=0,28 secs] 
Heap
 par new generation   total 245760K, used 245747K [0x00000000ce000000, 0x00000000deaa0000, 0x00000000deaa0000)
  eden space 218496K, 100% used [0x00000000ce000000, 0x00000000db560000, 0x00000000db560000)
  from space 27264K,  99% used [0x00000000db560000, 0x00000000dcffcd78, 0x00000000dd000000)
  to   space 27264K,   0% used [0x00000000dd000000, 0x00000000dd000000, 0x00000000deaa0000)
 concurrent mark-sweep generation total 546176K, used 546129K [0x00000000deaa0000, 0x0000000100000000, 0x0000000100000000)
 Metaspace       used 2460K, capacity 4486K, committed 4864K, reserved 1056768K
  class space    used 264K, capacity 386K, committed 512K, reserved 1048576K
2015-01-18T14:08:46.141+0100: 11,874: [GC (CMS Initial Mark) [1 CMS-initial-mark: 546129K(546176K)] 791876K(791936K), 0,0015407 secs] [Times: user=0,00 sys=0,00, real=0,00 secs] 
2015-01-18T14:08:46.143+0100: 11,876: [CMS-concurrent-mark-start]
2015-01-18T14:08:46.151+0100: 11,884: [CMS-concurrent-mark: 0,008/0,008 secs] [Times: user=0,00 sys=0,00, real=0,01 secs] 
2015-01-18T14:08:46.151+0100: 11,884: [CMS-concurrent-preclean-start]
2015-01-18T14:08:46.154+0100: 11,886: [CMS-concurrent-preclean: 0,003/0,003 secs] [Times: user=0,00 sys=0,00, real=0,00 secs] 
2015-01-18T14:08:46.154+0100: 11,886: [CMS-concurrent-abortable-preclean-start]
2015-01-18T14:08:46.154+0100: 11,886: [CMS-concurrent-abortable-preclean: 0,000/0,000 secs] [Times: user=0,00 sys=0,00, real=0,00 secs] 
