Java HotSpot(TM) 64-Bit Server VM (25.25-b02) for linux-amd64 JRE (1.8.0_25-b17), built on Sep 17 2014 17:32:11 by "java_re" with gcc 4.3.0 20080428 (Red Hat 4.3.0-8)
Memory: 4k page, physical 8176256k(1104904k free), swap 0k(0k free)
CommandLine flags: -XX:InitialHeapSize=10485760 -XX:MaxHeapSize=838860800 -XX:MaxNewSize=279621632 -XX:MaxTenuringThreshold=6 -XX:OldPLABSize=16 -XX:+PrintGC -XX:+PrintGCDateStamps -XX:+PrintGCDetails -XX:+PrintGCTimeStamps -XX:-TraceClassUnloading -XX:+UseCompressedClassPointers -XX:+UseCompressedOops -XX:+UseConcMarkSweepGC -XX:+UseParNewGC 
2015-01-18T14:07:56.836+0100: 0.164: [GC (Allocation Failure) 0.164: [ParNew: 2748K->318K(3072K), 0.0274658 secs] 2748K->587K(9920K), 0.0275790 secs] [Times: user=0.01 sys=0.00, real=0.03 secs] 
2015-01-18T14:07:56.867+0100: 0.196: [GC (Allocation Failure) 0.196: [ParNew: 3070K->318K(3072K), 0.0120136 secs] 3339K->983K(9920K), 0.0120788 secs] [Times: user=0.00 sys=0.00, real=0.01 secs] 
2015-01-18T14:07:56.883+0100: 0.212: [GC (Allocation Failure) 0.212: [ParNew: 3063K->318K(3072K), 0.0239616 secs] 3728K->1373K(9920K), 0.0239981 secs] [Times: user=0.01 sys=0.01, real=0.03 secs] 
2015-01-18T14:07:56.915+0100: 0.244: [GC (Allocation Failure) 0.244: [ParNew: 3068K->319K(3072K), 0.0082719 secs] 4123K->1766K(9920K), 0.0083018 secs] [Times: user=0.01 sys=0.00, real=0.01 secs] 
2015-01-18T14:07:56.931+0100: 0.260: [GC (Allocation Failure) 0.260: [ParNew: 3071K->317K(3072K), 0.0159929 secs] 4518K->2157K(9920K), 0.0160185 secs] [Times: user=0.00 sys=0.00, real=0.02 secs] 
2015-01-18T14:07:56.955+0100: 0.284: [GC (Allocation Failure) 0.284: [ParNew: 3063K->317K(3072K), 0.0120424 secs] 4903K->2550K(9920K), 0.0120984 secs] [Times: user=0.01 sys=0.00, real=0.02 secs] 
2015-01-18T14:07:56.969+0100: 0.297: [GC (Allocation Failure) 0.297: [ParNew: 3060K->317K(3072K), 0.0185233 secs] 5293K->2939K(9920K), 0.0185736 secs] [Times: user=0.00 sys=0.00, real=0.02 secs] 
2015-01-18T14:07:56.999+0100: 0.328: [GC (Allocation Failure) 0.328: [ParNew: 3068K->319K(3072K), 0.0165341 secs] 5691K->3337K(9920K), 0.0165719 secs] [Times: user=0.02 sys=0.00, real=0.01 secs] 
2015-01-18T14:07:57.017+0100: 0.346: [GC (Allocation Failure) 0.346: [ParNew: 3062K->317K(3072K), 0.0141248 secs] 6081K->3726K(9920K), 0.0141536 secs] [Times: user=0.01 sys=0.00, real=0.02 secs] 
2015-01-18T14:07:57.032+0100: 0.360: [GC (Allocation Failure) 0.360: [ParNew: 3069K->317K(3072K), 0.0153020 secs] 6478K->4119K(9920K), 0.0153266 secs] [Times: user=0.00 sys=0.00, real=0.02 secs] 
2015-01-18T14:07:57.048+0100: 0.376: [GC (Allocation Failure) 0.376: [ParNew: 3067K->318K(3072K), 0.0073715 secs] 6869K->4649K(9920K), 0.0074284 secs] [Times: user=0.01 sys=0.00, real=0.00 secs] 
2015-01-18T14:07:57.060+0100: 0.388: [GC (Allocation Failure) 0.388: [ParNew: 3064K->317K(3072K), 0.0073167 secs] 7396K->4911K(9920K), 0.0073453 secs] [Times: user=0.00 sys=0.00, real=0.01 secs] 
2015-01-18T14:07:57.072+0100: 0.400: [GC (Allocation Failure) 0.400: [ParNew: 3069K->317K(3072K), 0.0113672 secs] 7663K->5300K(9920K), 0.0113932 secs] [Times: user=0.00 sys=0.00, real=0.01 secs] 
2015-01-18T14:07:57.091+0100: 0.420: [GC (CMS Initial Mark) [1 CMS-initial-mark: 4983K(6848K)] 8046K(9920K), 0.0159833 secs] [Times: user=0.00 sys=0.00, real=0.02 secs] 
2015-01-18T14:07:57.111+0100: 0.440: [CMS-concurrent-mark-start]
2015-01-18T14:07:57.115+0100: 0.444: [CMS-concurrent-mark: 0.004/0.004 secs] [Times: user=0.01 sys=0.00, real=0.00 secs] 
2015-01-18T14:07:57.119+0100: 0.448: [GC (Allocation Failure) 0.448: [ParNew: 3063K->317K(3072K), 0.0119287 secs] 8046K->5693K(9920K), 0.0119762 secs] [Times: user=0.00 sys=0.00, real=0.01 secs] 
2015-01-18T14:07:57.135+0100: 0.464: [CMS-concurrent-preclean-start]
2015-01-18T14:07:57.135+0100: 0.464: [CMS-concurrent-preclean: 0.000/0.000 secs] [Times: user=0.00 sys=0.00, real=0.00 secs] 
2015-01-18T14:07:57.139+0100: 0.468: [GC (Allocation Failure) 0.468: [ParNew: 3064K->317K(3072K), 0.0119677 secs] 8441K->6086K(9920K), 0.0120407 secs] [Times: user=0.00 sys=0.00, real=0.01 secs] 
2015-01-18T14:07:57.152+0100: 0.481: [GC (Allocation Failure) 0.481: [ParNew: 3061K->318K(3072K), 0.0310573 secs] 8830K->6486K(9920K), 0.0310969 secs] [Times: user=0.01 sys=0.00, real=0.03 secs] 
2015-01-18T14:07:57.184+0100: 0.512: [GC (Allocation Failure) 0.512: [ParNew: 3062K->317K(3072K), 0.0115111 secs] 9230K->6876K(9920K), 0.0115403 secs] [Times: user=0.00 sys=0.00, real=0.01 secs] 
2015-01-18T14:07:57.196+0100: 0.525: [GC (Allocation Failure) 0.525: [ParNew: 3068K->317K(3072K), 0.0058074 secs] 9626K->7269K(10304K), 0.0058470 secs] [Times: user=0.00 sys=0.00, real=0.01 secs] 
2015-01-18T14:07:57.207+0100: 0.536: [GC (CMS Final Remark) [YG occupancy: 3069 K (3072 K)]0.536: [Rescan (parallel) , 0.0006590 secs]0.536: [weak refs processing, 0.0000147 secs]0.536: [class unloading, 0.0003702 secs]0.537: [scrub symbol table, 0.0005347 secs]0.537: [scrub string table, 0.0002173 secs][1 CMS-remark: 6951K(7232K)] 10021K(10304K), 0.0018848 secs] [Times: user=0.00 sys=0.00, real=0.00 secs] 
2015-01-18T14:07:57.211+0100: 0.540: [CMS-concurrent-sweep-start]
2015-01-18T14:07:57.212+0100: 0.540: [CMS-concurrent-sweep: 0.000/0.000 secs] [Times: user=0.00 sys=0.00, real=0.00 secs] 
2015-01-18T14:07:57.212+0100: 0.540: [CMS-concurrent-reset-start]
2015-01-18T14:07:57.214+0100: 0.543: [CMS-concurrent-reset: 0.003/0.003 secs] [Times: user=0.01 sys=0.00, real=0.00 secs] 
2015-01-18T14:07:57.219+0100: 0.548: [GC (Allocation Failure) 0.548: [ParNew: 3069K->319K(3072K), 0.0019459 secs] 10012K->7651K(14644K), 0.0020002 secs] [Times: user=0.00 sys=0.00, real=0.00 secs] 
2015-01-18T14:07:57.222+0100: 0.551: [GC (Allocation Failure) 0.551: [ParNew: 3071K->317K(3072K), 0.0011209 secs] 10403K->8042K(14644K), 0.0011575 secs] [Times: user=0.00 sys=0.00, real=0.00 secs] 
2015-01-18T14:07:57.224+0100: 0.553: [GC (Allocation Failure) 0.553: [ParNew: 3063K->317K(3072K), 0.0009168 secs] 10788K->8435K(14644K), 0.0009454 secs] [Times: user=0.00 sys=0.00, real=0.00 secs] 
2015-01-18T14:07:57.226+0100: 0.555: [GC (Allocation Failure) 0.555: [ParNew: 3064K->317K(3072K), 0.0054032 secs] 11182K->8825K(14644K), 0.0054329 secs] [Times: user=0.00 sys=0.00, real=0.01 secs] 
2015-01-18T14:07:57.232+0100: 0.561: [GC (Allocation Failure) 0.561: [ParNew: 3064K->317K(3072K), 0.0008452 secs] 11572K->9217K(14644K), 0.0008730 secs] [Times: user=0.00 sys=0.00, real=0.00 secs] 
2015-01-18T14:07:57.234+0100: 0.562: [GC (Allocation Failure) 0.562: [ParNew: 3069K->317K(3072K), 0.0008564 secs] 11969K->9623K(14644K), 0.0008842 secs] [Times: user=0.00 sys=0.00, real=0.00 secs] 
2015-01-18T14:07:57.235+0100: 0.564: [GC (CMS Initial Mark) [1 CMS-initial-mark: 9306K(11572K)] 12164K(14644K), 0.0002581 secs] [Times: user=0.00 sys=0.00, real=0.00 secs] 
2015-01-18T14:07:57.239+0100: 0.568: [CMS-concurrent-mark-start]
2015-01-18T14:07:57.243+0100: 0.572: [CMS-concurrent-mark: 0.004/0.004 secs] [Times: user=0.00 sys=0.00, real=0.00 secs] 
2015-01-18T14:07:57.247+0100: 0.576: [GC (Allocation Failure) 0.576: [ParNew: 3060K->317K(3072K), 0.0012299 secs] 12366K->10013K(14644K), 0.0012672 secs] [Times: user=0.00 sys=0.00, real=0.00 secs] 
2015-01-18T14:07:57.249+0100: 0.578: [GC (Allocation Failure) 0.578: [ParNew: 3063K->317K(3072K), 0.0010034 secs] 12759K->10406K(14644K), 0.0010344 secs] [Times: user=0.00 sys=0.00, real=0.00 secs] 
2015-01-18T14:07:57.251+0100: 0.580: [GC (Allocation Failure) 0.580: [ParNew: 3064K->317K(3072K), 0.0009901 secs] 13153K->10795K(14644K), 0.0010180 secs] [Times: user=0.00 sys=0.00, real=0.00 secs] 
2015-01-18T14:07:57.253+0100: 0.581: [GC (Allocation Failure) 0.581: [ParNew: 3068K->317K(3072K), 0.0009843 secs] 13546K->11188K(14644K), 0.0010134 secs] [Times: user=0.00 sys=0.00, real=0.00 secs] 
2015-01-18T14:07:57.255+0100: 0.583: [GC (Allocation Failure) 0.583: [ParNew: 3069K->317K(3072K), 0.0009895 secs] 13940K->11577K(14644K), 0.0010180 secs] [Times: user=0.00 sys=0.00, real=0.00 secs] 
2015-01-18T14:07:57.256+0100: 0.585: [GC (Allocation Failure) 0.585: [ParNew: 3068K->317K(3072K), 0.0031610 secs] 14328K->11970K(15028K), 0.0031920 secs] [Times: user=0.00 sys=0.00, real=0.01 secs] 
2015-01-18T14:07:57.260+0100: 0.589: [GC (Allocation Failure) 0.589: [ParNew: 3069K->317K(3072K), 0.0010201 secs] 14722K->12363K(15412K), 0.0010589 secs] [Times: user=0.01 sys=0.00, real=0.00 secs] 
2015-01-18T14:07:57.262+0100: 0.590: [GC (Allocation Failure) 0.591: [ParNew: 3060K->317K(3072K), 0.0054621 secs] 15106K->12753K(15796K), 0.0054933 secs] [Times: user=0.00 sys=0.00, real=0.01 secs] 
2015-01-18T14:07:57.268+0100: 0.597: [GC (Allocation Failure) 0.597: [ParNew: 3064K->317K(3072K), 0.0010104 secs] 15499K->13145K(16180K), 0.0010395 secs] [Times: user=0.00 sys=0.00, real=0.00 secs] 
2015-01-18T14:07:57.270+0100: 0.598: [GC (Allocation Failure) 0.598: [ParNew: 3069K->317K(3072K), 0.0009817 secs] 15897K->13535K(16564K), 0.0010085 secs] [Times: user=0.00 sys=0.00, real=0.00 secs] 
2015-01-18T14:07:57.271+0100: 0.600: [CMS-concurrent-preclean-start]
2015-01-18T14:07:57.272+0100: 0.600: [GC (Allocation Failure) 0.600: [ParNew: 3063K->317K(3072K), 0.0010599 secs] 16281K->13928K(16948K), 0.0010921 secs] [Times: user=0.00 sys=0.00, real=0.00 secs] 
2015-01-18T14:07:57.274+0100: 0.602: [GC (Allocation Failure) 0.602: [ParNew: 3066K->319K(3072K), 0.0058216 secs] 16677K->14342K(17524K), 0.0058527 secs] [Times: user=0.00 sys=0.00, real=0.01 secs] 
2015-01-18T14:07:57.280+0100: 0.609: [GC (Allocation Failure) 0.609: [ParNew: 3062K->317K(3072K), 0.0010655 secs] 17085K->14731K(17908K), 0.0010944 secs] [Times: user=0.00 sys=0.00, real=0.00 secs] 
2015-01-18T14:07:57.282+0100: 0.611: [GC (Allocation Failure) 0.611: [ParNew: 3064K->317K(3072K), 0.0009932 secs] 17478K->15124K(18292K), 0.0010209 secs] [Times: user=0.00 sys=0.00, real=0.00 secs] 
2015-01-18T14:07:57.284+0100: 0.612: [GC (Allocation Failure) 0.612: [ParNew: 3069K->317K(3072K), 0.0034621 secs] 17876K->15514K(18676K), 0.0035036 secs] [Times: user=0.00 sys=0.00, real=0.01 secs] 
2015-01-18T14:07:57.288+0100: 0.616: [CMS-concurrent-preclean: 0.001/0.017 secs] [Times: user=0.01 sys=0.00, real=0.02 secs] 
2015-01-18T14:07:57.291+0100: 0.620: [GC (CMS Final Remark) [YG occupancy: 2476 K (3072 K)]0.620: [Rescan (parallel) , 0.0039684 secs]0.624: [weak refs processing, 0.0000098 secs]0.624: [class unloading, 0.0003734 secs]0.624: [scrub symbol table, 0.0005464 secs]0.625: [scrub string table, 0.0002166 secs][1 CMS-remark: 15196K(15604K)] 17673K(18676K), 0.0051891 secs] [Times: user=0.00 sys=0.00, real=0.00 secs] 
2015-01-18T14:07:57.297+0100: 0.625: [CMS-concurrent-sweep-start]
2015-01-18T14:07:57.297+0100: 0.626: [CMS-concurrent-sweep: 0.001/0.001 secs] [Times: user=0.00 sys=0.00, real=0.00 secs] 
2015-01-18T14:07:57.297+0100: 0.626: [CMS-concurrent-reset-start]
2015-01-18T14:07:57.300+0100: 0.628: [GC (Allocation Failure) 0.628: [ParNew: 3063K->317K(3072K), 0.0075021 secs] 18241K->15888K(28372K), 0.0075892 secs] [Times: user=0.00 sys=0.00, real=0.01 secs] 
2015-01-18T14:07:57.308+0100: 0.637: [GC (Allocation Failure) 0.637: [ParNew: 3069K->317K(3072K), 0.0041622 secs] 18640K->16281K(28372K), 0.0042046 secs] [Times: user=0.00 sys=0.00, real=0.00 secs] 
2015-01-18T14:07:57.313+0100: 0.642: [GC (Allocation Failure) 0.642: [ParNew: 3064K->317K(3072K), 0.0098177 secs] 19028K->16670K(28372K), 0.0098508 secs] [Times: user=0.01 sys=0.00, real=0.01 secs] 
2015-01-18T14:07:57.324+0100: 0.653: [GC (Allocation Failure) 0.653: [ParNew: 3064K->317K(3072K), 0.0008850 secs] 19417K->17063K(28372K), 0.0009133 secs] [Times: user=0.00 sys=0.00, real=0.00 secs] 
2015-01-18T14:07:57.327+0100: 0.656: [CMS-concurrent-reset: 0.002/0.030 secs] [Times: user=0.02 sys=0.00, real=0.04 secs] 
2015-01-18T14:07:57.328+0100: 0.656: [GC (Allocation Failure) 0.656: [ParNew: 3062K->319K(3072K), 0.0010566 secs] 19807K->17454K(28372K), 0.0010887 secs] [Times: user=0.00 sys=0.00, real=0.00 secs] 
2015-01-18T14:07:57.330+0100: 0.658: [GC (Allocation Failure) 0.658: [ParNew: 3065K->317K(3072K), 0.0008764 secs] 20201K->17846K(28372K), 0.0009038 secs] [Times: user=0.00 sys=0.00, real=0.00 secs] 
2015-01-18T14:07:57.331+0100: 0.660: [GC (Allocation Failure) 0.660: [ParNew: 3064K->317K(3072K), 0.0014533 secs] 20593K->18235K(28372K), 0.0014937 secs] [Times: user=0.00 sys=0.00, real=0.00 secs] 
2015-01-18T14:07:57.334+0100: 0.662: [GC (Allocation Failure) 0.662: [ParNew: 3068K->317K(3072K), 0.0009550 secs] 20986K->18628K(28372K), 0.0009864 secs] [Times: user=0.00 sys=0.00, real=0.00 secs] 
2015-01-18T14:07:57.335+0100: 0.664: [GC (Allocation Failure) 0.664: [ParNew: 3069K->317K(3072K), 0.0040780 secs] 21380K->19018K(28372K), 0.0041085 secs] [Times: user=0.00 sys=0.00, real=0.01 secs] 
2015-01-18T14:07:57.340+0100: 0.668: [GC (CMS Initial Mark) [1 CMS-initial-mark: 18700K(25300K)] 19021K(28372K), 0.0001333 secs] [Times: user=0.00 sys=0.00, real=0.00 secs] 
2015-01-18T14:07:57.340+0100: 0.668: [CMS-concurrent-mark-start]
2015-01-18T14:07:57.345+0100: 0.673: [CMS-concurrent-mark: 0.005/0.005 secs] [Times: user=0.01 sys=0.00, real=0.00 secs] 
2015-01-18T14:07:57.345+0100: 0.673: [CMS-concurrent-preclean-start]
2015-01-18T14:07:57.345+0100: 0.674: [CMS-concurrent-preclean: 0.000/0.000 secs] [Times: user=0.00 sys=0.00, real=0.00 secs] 
2015-01-18T14:07:57.345+0100: 0.674: [CMS-concurrent-abortable-preclean-start]
2015-01-18T14:07:57.345+0100: 0.674: [GC (Allocation Failure) 0.674: [ParNew: 3068K->317K(3072K), 0.0010417 secs] 21768K->19410K(28372K), 0.0010759 secs] [Times: user=0.00 sys=0.00, real=0.00 secs] 
2015-01-18T14:07:57.347+0100: 0.676: [GC (Allocation Failure) 0.676: [ParNew: 3069K->317K(3072K), 0.0008861 secs] 22162K->19803K(28372K), 0.0009300 secs] [Times: user=0.00 sys=0.00, real=0.01 secs] 
2015-01-18T14:07:57.349+0100: 0.678: [CMS-concurrent-abortable-preclean: 0.000/0.004 secs] [Times: user=0.00 sys=0.00, real=0.01 secs] 
2015-01-18T14:07:57.349+0100: 0.678: [GC (Allocation Failure) 0.678: [ParNew: 3060K->317K(3072K), 0.0014152 secs] 22546K->20193K(28372K), 0.0014534 secs] [Times: user=0.00 sys=0.00, real=0.00 secs] 
2015-01-18T14:07:57.351+0100: 0.679: [GC (CMS Final Remark) [YG occupancy: 327 K (3072 K)]0.679: [Rescan (parallel) , 0.0004244 secs]0.680: [weak refs processing, 0.0000089 secs]0.680: [class unloading, 0.0004614 secs]0.680: [scrub symbol table, 0.0005595 secs]0.681: [scrub string table, 0.0002144 secs][1 CMS-remark: 19875K(25300K)] 20203K(28372K), 0.0017398 secs] [Times: user=0.00 sys=0.00, real=0.00 secs] 
2015-01-18T14:07:57.353+0100: 0.681: [CMS-concurrent-sweep-start]
2015-01-18T14:07:57.354+0100: 0.683: [CMS-concurrent-sweep: 0.002/0.002 secs] [Times: user=0.01 sys=0.00, real=0.00 secs] 
2015-01-18T14:07:57.354+0100: 0.683: [GC (Allocation Failure) 0.683: [ParNew: 3064K->317K(3072K), 0.0049852 secs] 22923K->20569K(28372K), 0.0050190 secs] [Times: user=0.00 sys=0.00, real=0.01 secs] 
2015-01-18T14:07:57.360+0100: 0.688: [CMS-concurrent-reset-start]
2015-01-18T14:07:57.362+0100: 0.691: [CMS-concurrent-reset: 0.002/0.002 secs] [Times: user=0.00 sys=0.00, real=0.00 secs] 
2015-01-18T14:07:57.363+0100: 0.692: [GC (Allocation Failure) 0.692: [ParNew: 3063K->318K(3072K), 0.0014279 secs] 23315K->20992K(36828K), 0.0014703 secs] [Times: user=0.00 sys=0.00, real=0.00 secs] 
2015-01-18T14:07:57.366+0100: 0.694: [GC (Allocation Failure) 0.694: [ParNew: 3060K->317K(3072K), 0.0010141 secs] 23735K->21382K(36828K), 0.0010445 secs] [Times: user=0.00 sys=0.00, real=0.00 secs] 
2015-01-18T14:07:57.367+0100: 0.696: [GC (Allocation Failure) 0.696: [ParNew: 3064K->317K(3072K), 0.0009270 secs] 24129K->21775K(36828K), 0.0009553 secs] [Times: user=0.00 sys=0.00, real=0.00 secs] 
2015-01-18T14:07:57.369+0100: 0.698: [GC (Allocation Failure) 0.698: [ParNew: 3060K->317K(3072K), 0.0015047 secs] 24517K->22164K(36828K), 0.0015469 secs] [Times: user=0.00 sys=0.00, real=0.00 secs] 
2015-01-18T14:07:57.372+0100: 0.700: [GC (Allocation Failure) 0.700: [ParNew: 3064K->317K(3072K), 0.0037317 secs] 24911K->22557K(36828K), 0.0037663 secs] [Times: user=0.00 sys=0.00, real=0.00 secs] 
2015-01-18T14:07:57.376+0100: 0.705: [GC (Allocation Failure) 0.705: [ParNew: 3069K->317K(3072K), 0.0009064 secs] 25309K->22946K(36828K), 0.0009358 secs] [Times: user=0.00 sys=0.00, real=0.00 secs] 
2015-01-18T14:07:57.378+0100: 0.706: [GC (Allocation Failure) 0.706: [ParNew: 3063K->317K(3072K), 0.0008800 secs] 25692K->23339K(36828K), 0.0009077 secs] [Times: user=0.00 sys=0.00, real=0.00 secs] 
2015-01-18T14:07:57.391+0100: 0.720: [GC (CMS Initial Mark) [1 CMS-initial-mark: 23022K(33756K)] 25398K(36828K), 0.0001554 secs] [Times: user=0.01 sys=0.00, real=0.00 secs] 
2015-01-18T14:07:57.391+0100: 0.720: [CMS-concurrent-mark-start]
2015-01-18T14:07:57.398+0100: 0.727: [CMS-concurrent-mark: 0.007/0.007 secs] [Times: user=0.00 sys=0.00, real=0.00 secs] 
2015-01-18T14:07:57.398+0100: 0.727: [CMS-concurrent-preclean-start]
2015-01-18T14:07:57.398+0100: 0.727: [CMS-concurrent-preclean: 0.000/0.000 secs] [Times: user=0.00 sys=0.00, real=0.00 secs] 
2015-01-18T14:07:57.398+0100: 0.727: [CMS-concurrent-abortable-preclean-start]
2015-01-18T14:07:57.399+0100: 0.727: [GC (Allocation Failure) 0.727: [ParNew: 3069K->317K(3072K), 0.0010343 secs] 26091K->23732K(36828K), 0.0010669 secs] [Times: user=0.00 sys=0.00, real=0.01 secs] 
2015-01-18T14:07:57.401+0100: 0.729: [GC (Allocation Failure) 0.729: [ParNew: 3064K->317K(3072K), 0.0014169 secs] 26479K->24122K(36828K), 0.0014613 secs] [Times: user=0.00 sys=0.00, real=0.00 secs] 
2015-01-18T14:07:57.403+0100: 0.732: [GC (Allocation Failure) 0.732: [ParNew: 3064K->317K(3072K), 0.0010489 secs] 26868K->24514K(36828K), 0.0010844 secs] [Times: user=0.00 sys=0.00, real=0.00 secs] 
2015-01-18T14:07:57.405+0100: 0.734: [CMS-concurrent-abortable-preclean: 0.002/0.007 secs] [Times: user=0.01 sys=0.00, real=0.01 secs] 
2015-01-18T14:07:57.405+0100: 0.734: [GC (Allocation Failure) 0.734: [ParNew: 3059K->317K(3072K), 0.0008826 secs] 27257K->24904K(36828K), 0.0009094 secs] [Times: user=0.00 sys=0.00, real=0.00 secs] 
2015-01-18T14:07:57.406+0100: 0.735: [GC (CMS Final Remark) [YG occupancy: 327 K (3072 K)]0.735: [Rescan (parallel) , 0.0003901 secs]0.735: [weak refs processing, 0.0000089 secs]0.735: [class unloading, 0.0004797 secs]0.736: [scrub symbol table, 0.0005549 secs]0.737: [scrub string table, 0.0002071 secs][1 CMS-remark: 24586K(33756K)] 24914K(36828K), 0.0017111 secs] [Times: user=0.00 sys=0.00, real=0.01 secs] 
2015-01-18T14:07:57.408+0100: 0.737: [CMS-concurrent-sweep-start]
2015-01-18T14:07:57.409+0100: 0.738: [CMS-concurrent-sweep: 0.001/0.001 secs] [Times: user=0.00 sys=0.00, real=0.00 secs] 
2015-01-18T14:07:57.409+0100: 0.738: [CMS-concurrent-reset-start]
2015-01-18T14:07:57.411+0100: 0.740: [CMS-concurrent-reset: 0.002/0.002 secs] [Times: user=0.00 sys=0.00, real=0.00 secs] 
2015-01-18T14:07:57.413+0100: 0.741: [GC (Allocation Failure) 0.741: [ParNew: 3068K->317K(3072K), 0.0026187 secs] 27630K->25272K(44012K), 0.0026637 secs] [Times: user=0.00 sys=0.00, real=0.00 secs] 
2015-01-18T14:07:57.416+0100: 0.745: [GC (Allocation Failure) 0.745: [ParNew: 3061K->317K(3072K), 0.0009638 secs] 28016K->25662K(44012K), 0.0009942 secs] [Times: user=0.00 sys=0.00, real=0.00 secs] 
2015-01-18T14:07:57.418+0100: 0.746: [GC (Allocation Failure) 0.747: [ParNew: 3068K->317K(3072K), 0.0054677 secs] 28413K->26055K(44012K), 0.0055037 secs] [Times: user=0.00 sys=0.00, real=0.01 secs] 
2015-01-18T14:07:57.424+0100: 0.753: [GC (Allocation Failure) 0.753: [ParNew: 3060K->317K(3072K), 0.0015072 secs] 28798K->26444K(44012K), 0.0015498 secs] [Times: user=0.00 sys=0.00, real=0.00 secs] 
2015-01-18T14:07:57.427+0100: 0.755: [GC (Allocation Failure) 0.755: [ParNew: 3064K->317K(3072K), 0.0010406 secs] 29191K->26837K(44012K), 0.0010732 secs] [Times: user=0.00 sys=0.00, real=0.01 secs] 
2015-01-18T14:07:57.429+0100: 0.757: [GC (Allocation Failure) 0.757: [ParNew: 3069K->317K(3072K), 0.0008946 secs] 29589K->27227K(44012K), 0.0009240 secs] [Times: user=0.01 sys=0.00, real=0.00 secs] 
2015-01-18T14:07:57.430+0100: 0.759: [GC (Allocation Failure) 0.759: [ParNew: 3063K->317K(3072K), 0.0008821 secs] 29972K->27619K(44012K), 0.0009097 secs] [Times: user=0.00 sys=0.00, real=0.00 secs] 
2015-01-18T14:07:57.432+0100: 0.760: [GC (Allocation Failure) 0.760: [ParNew: 3069K->317K(3072K), 0.0008901 secs] 30371K->28012K(44012K), 0.0009185 secs] [Times: user=0.00 sys=0.00, real=0.00 secs] 
2015-01-18T14:07:57.433+0100: 0.762: [GC (Allocation Failure) 0.762: [ParNew: 3064K->317K(3072K), 0.0015006 secs] 30759K->28402K(44012K), 0.0015540 secs] [Times: user=0.00 sys=0.00, real=0.00 secs] 
2015-01-18T14:07:57.435+0100: 0.764: [GC (CMS Initial Mark) [1 CMS-initial-mark: 28084K(40940K)] 28412K(44012K), 0.0001727 secs] [Times: user=0.00 sys=0.00, real=0.00 secs] 
2015-01-18T14:07:57.435+0100: 0.764: [CMS-concurrent-mark-start]
2015-01-18T14:07:57.441+0100: 0.769: [CMS-concurrent-mark: 0.006/0.006 secs] [Times: user=0.00 sys=0.01, real=0.01 secs] 
2015-01-18T14:07:57.441+0100: 0.769: [CMS-concurrent-preclean-start]
2015-01-18T14:07:57.441+0100: 0.770: [CMS-concurrent-preclean: 0.000/0.000 secs] [Times: user=0.00 sys=0.00, real=0.00 secs] 
2015-01-18T14:07:57.441+0100: 0.770: [CMS-concurrent-abortable-preclean-start]
2015-01-18T14:07:57.441+0100: 0.770: [GC (Allocation Failure) 0.770: [ParNew: 3064K->317K(3072K), 0.0061408 secs] 31148K->28795K(44012K), 0.0061800 secs] [Times: user=0.00 sys=0.00, real=0.01 secs] 
2015-01-18T14:07:57.448+0100: 0.777: [GC (Allocation Failure) 0.777: [ParNew: 3059K->317K(3072K), 0.0009635 secs] 31537K->29184K(44012K), 0.0009953 secs] [Times: user=0.00 sys=0.00, real=0.00 secs] 
2015-01-18T14:07:57.450+0100: 0.779: [CMS-concurrent-abortable-preclean: 0.000/0.009 secs] [Times: user=0.01 sys=0.00, real=0.01 secs] 
2015-01-18T14:07:57.450+0100: 0.779: [GC (Allocation Failure) 0.779: [ParNew: 3068K->317K(3072K), 0.0009529 secs] 31935K->29577K(44012K), 0.0009823 secs] [Times: user=0.00 sys=0.00, real=0.00 secs] 
2015-01-18T14:07:57.451+0100: 0.780: [GC (CMS Final Remark) [YG occupancy: 327 K (3072 K)]0.780: [Rescan (parallel) , 0.0004122 secs]0.780: [weak refs processing, 0.0000084 secs]0.780: [class unloading, 0.0004127 secs]0.781: [scrub symbol table, 0.0005514 secs]0.781: [scrub string table, 0.0002065 secs][1 CMS-remark: 29259K(40940K)] 29587K(44012K), 0.0016607 secs] [Times: user=0.00 sys=0.00, real=0.00 secs] 
2015-01-18T14:07:57.453+0100: 0.782: [CMS-concurrent-sweep-start]
2015-01-18T14:07:57.455+0100: 0.784: [CMS-concurrent-sweep: 0.002/0.002 secs] [Times: user=0.00 sys=0.00, real=0.00 secs] 
2015-01-18T14:07:57.455+0100: 0.784: [GC (Allocation Failure) 0.784: [ParNew: 3061K->317K(3072K), 0.0011074 secs] 32320K->29966K(44012K), 0.0011430 secs] [Times: user=0.00 sys=0.00, real=0.00 secs] 
2015-01-18T14:07:57.457+0100: 0.786: [GC (Allocation Failure) 0.786: [ParNew: 3068K->317K(3072K), 0.0062733 secs] 32717K->30359K(44012K), 0.0063221 secs] [Times: user=0.00 sys=0.00, real=0.01 secs] 
2015-01-18T14:07:57.464+0100: 0.793: [GC (Allocation Failure) 0.793: [ParNew: 3060K->317K(3072K), 0.0010485 secs] 33102K->30749K(44012K), 0.0010834 secs] [Times: user=0.00 sys=0.00, real=0.00 secs] 
2015-01-18T14:07:57.466+0100: 0.795: [GC (Allocation Failure) 0.795: [ParNew: 3060K->316K(3072K), 0.0010605 secs] 33492K->31187K(44012K), 0.0010912 secs] [Times: user=0.00 sys=0.00, real=0.01 secs] 
2015-01-18T14:07:57.468+0100: 0.797: [GC (Allocation Failure) 0.797: [ParNew: 3067K->317K(3072K), 0.0010121 secs] 33937K->31579K(44012K), 0.0010410 secs] [Times: user=0.00 sys=0.00, real=0.00 secs] 
2015-01-18T14:07:57.470+0100: 0.798: [GC (Allocation Failure) 0.798: [ParNew: 3069K->317K(3072K), 0.0009151 secs] 34331K->31969K(44012K), 0.0009434 secs] [Times: user=0.00 sys=0.00, real=0.00 secs] 
2015-01-18T14:07:57.471+0100: 0.800: [GC (Allocation Failure) 0.800: [ParNew: 3069K->317K(3072K), 0.0015505 secs] 34721K->32362K(44012K), 0.0015912 secs] [Times: user=0.00 sys=0.00, real=0.00 secs] 
2015-01-18T14:07:57.473+0100: 0.802: [CMS-concurrent-reset-start]
2015-01-18T14:07:57.476+0100: 0.805: [CMS-concurrent-reset: 0.003/0.003 secs] [Times: user=0.01 sys=0.00, real=0.00 secs] 
2015-01-18T14:07:57.477+0100: 0.806: [GC (Allocation Failure) 0.806: [ParNew: 3063K->317K(3072K), 0.0059515 secs] 35108K->32755K(56484K), 0.0059963 secs] [Times: user=0.00 sys=0.00, real=0.01 secs] 
2015-01-18T14:07:57.484+0100: 0.813: [GC (Allocation Failure) 0.813: [ParNew: 3064K->317K(3072K), 0.0010546 secs] 35502K->33144K(56484K), 0.0010861 secs] [Times: user=0.00 sys=0.00, real=0.00 secs] 
2015-01-18T14:07:57.486+0100: 0.815: [GC (Allocation Failure) 0.815: [ParNew: 3064K->317K(3072K), 0.0009910 secs] 35891K->33537K(56484K), 0.0010193 secs] [Times: user=0.00 sys=0.00, real=0.00 secs] 
2015-01-18T14:07:57.488+0100: 0.816: [GC (Allocation Failure) 0.816: [ParNew: 3069K->317K(3072K), 0.0009695 secs] 36289K->33927K(56484K), 0.0009978 secs] [Times: user=0.01 sys=0.00, real=0.00 secs] 
2015-01-18T14:07:57.490+0100: 0.818: [GC (Allocation Failure) 0.818: [ParNew: 3063K->317K(3072K), 0.0015359 secs] 36673K->34319K(56484K), 0.0015796 secs] [Times: user=0.00 sys=0.00, real=0.00 secs] 
2015-01-18T14:07:57.492+0100: 0.821: [GC (Allocation Failure) 0.821: [ParNew: 3069K->317K(3072K), 0.0013448 secs] 37071K->34712K(56484K), 0.0013850 secs] [Times: user=0.00 sys=0.00, real=0.00 secs] 
2015-01-18T14:07:57.494+0100: 0.823: [GC (Allocation Failure) 0.823: [ParNew: 3064K->317K(3072K), 0.0049404 secs] 37459K->35102K(56484K), 0.0049772 secs] [Times: user=0.00 sys=0.00, real=0.01 secs] 
2015-01-18T14:07:57.500+0100: 0.829: [GC (Allocation Failure) 0.829: [ParNew: 3064K->317K(3072K), 0.0010188 secs] 37848K->35495K(56484K), 0.0010496 secs] [Times: user=0.00 sys=0.00, real=0.00 secs] 
2015-01-18T14:07:57.502+0100: 0.830: [GC (Allocation Failure) 0.830: [ParNew: 3059K->317K(3072K), 0.0009760 secs] 38237K->35884K(56484K), 0.0010054 secs] [Times: user=0.00 sys=0.00, real=0.00 secs] 
2015-01-18T14:07:57.504+0100: 0.832: [GC (Allocation Failure) 0.832: [ParNew: 3068K->317K(3072K), 0.0009901 secs] 38635K->36277K(56484K), 0.0010199 secs] [Times: user=0.00 sys=0.00, real=0.00 secs] 
2015-01-18T14:07:57.505+0100: 0.834: [GC (Allocation Failure) 0.834: [ParNew: 3061K->317K(3072K), 0.0015359 secs] 39020K->36666K(56484K), 0.0015793 secs] [Times: user=0.00 sys=0.00, real=0.00 secs] 
2015-01-18T14:07:57.508+0100: 0.837: [GC (Allocation Failure) 0.837: [ParNew: 3068K->317K(3072K), 0.0010783 secs] 39417K->37059K(56484K), 0.0011120 secs] [Times: user=0.00 sys=0.00, real=0.00 secs] 
2015-01-18T14:07:57.510+0100: 0.838: [GC (Allocation Failure) 0.838: [ParNew: 3060K->317K(3072K), 0.0009686 secs] 39802K->37449K(56484K), 0.0009980 secs] [Times: user=0.00 sys=0.00, real=0.00 secs] 
2015-01-18T14:07:57.512+0100: 0.840: [GC (Allocation Failure) 0.840: [ParNew: 3064K->317K(3072K), 0.0009789 secs] 40195K->37842K(56484K), 0.0010078 secs] [Times: user=0.00 sys=0.00, real=0.00 secs] 
2015-01-18T14:07:57.513+0100: 0.842: [GC (Allocation Failure) 0.842: [ParNew: 3069K->317K(3072K), 0.0061492 secs] 40594K->38231K(56484K), 0.0061793 secs] [Times: user=0.00 sys=0.00, real=0.01 secs] 
2015-01-18T14:07:57.520+0100: 0.849: [GC (Allocation Failure) 0.849: [ParNew: 3063K->317K(3072K), 0.0015683 secs] 40977K->38624K(56484K), 0.0016128 secs] [Times: user=0.00 sys=0.00, real=0.00 secs] 
2015-01-18T14:07:57.523+0100: 0.851: [GC (Allocation Failure) 0.851: [ParNew: 3069K->317K(3072K), 0.0011406 secs] 41376K->39017K(56484K), 0.0011750 secs] [Times: user=0.01 sys=0.00, real=0.00 secs] 
2015-01-18T14:07:57.525+0100: 0.853: [GC (Allocation Failure) 0.853: [ParNew: 3064K->317K(3072K), 0.0009514 secs] 41764K->39406K(56484K), 0.0009805 secs] [Times: user=0.00 sys=0.00, real=0.00 secs] 
2015-01-18T14:07:57.526+0100: 0.855: [GC (Allocation Failure) 0.855: [ParNew: 3064K->317K(3072K), 0.0009586 secs] 42153K->39799K(56484K), 0.0009876 secs] [Times: user=0.00 sys=0.00, real=0.01 secs] 
2015-01-18T14:07:57.528+0100: 0.857: [GC (Allocation Failure) 0.857: [ParNew: 3059K->317K(3072K), 0.0009717 secs] 42541K->40189K(56484K), 0.0010001 secs] [Times: user=0.00 sys=0.00, real=0.00 secs] 
2015-01-18T14:07:57.530+0100: 0.858: [GC (Allocation Failure) 0.858: [ParNew: 3068K->317K(3072K), 0.0015882 secs] 42939K->40581K(56484K), 0.0016354 secs] [Times: user=0.00 sys=0.00, real=0.00 secs] 
2015-01-18T14:07:57.532+0100: 0.861: [GC (Allocation Failure) 0.861: [ParNew: 3061K->317K(3072K), 0.0030700 secs] 43325K->40971K(56484K), 0.0031063 secs] [Times: user=0.01 sys=0.00, real=0.00 secs] 
2015-01-18T14:07:57.536+0100: 0.865: [GC (Allocation Failure) 0.865: [ParNew: 3068K->317K(3072K), 0.0009839 secs] 43722K->41364K(56484K), 0.0010257 secs] [Times: user=0.00 sys=0.00, real=0.00 secs] 
2015-01-18T14:07:57.538+0100: 0.866: [GC (Allocation Failure) 0.866: [ParNew: 3060K->317K(3072K), 0.0009451 secs] 44107K->41753K(56484K), 0.0009737 secs] [Times: user=0.00 sys=0.00, real=0.00 secs] 
2015-01-18T14:07:57.540+0100: 0.868: [GC (Allocation Failure) 0.868: [ParNew: 3064K->317K(3072K), 0.0009525 secs] 44500K->42146K(56484K), 0.0009826 secs] [Times: user=0.00 sys=0.00, real=0.00 secs] 
2015-01-18T14:07:57.541+0100: 0.870: [GC (Allocation Failure) 0.870: [ParNew: 3069K->317K(3072K), 0.0100267 secs] 44898K->42536K(56484K), 0.0100722 secs] [Times: user=0.00 sys=0.00, real=0.01 secs] 
2015-01-18T14:07:57.551+0100: 0.880: [GC (CMS Initial Mark) [1 CMS-initial-mark: 42218K(53412K)] 42539K(56484K), 0.0002208 secs] [Times: user=0.00 sys=0.00, real=0.00 secs] 
2015-01-18T14:07:57.552+0100: 0.880: [CMS-concurrent-mark-start]
2015-01-18T14:07:57.557+0100: 0.886: [CMS-concurrent-mark: 0.005/0.005 secs] [Times: user=0.01 sys=0.00, real=0.00 secs] 
2015-01-18T14:07:57.557+0100: 0.886: [CMS-concurrent-preclean-start]
2015-01-18T14:07:57.557+0100: 0.886: [CMS-concurrent-preclean: 0.000/0.000 secs] [Times: user=0.00 sys=0.00, real=0.00 secs] 
2015-01-18T14:07:57.557+0100: 0.886: [GC (CMS Final Remark) [YG occupancy: 320 K (3072 K)]0.886: [Rescan (parallel) , 0.0057712 secs]0.892: [weak refs processing, 0.0000138 secs]0.892: [class unloading, 0.0003035 secs]0.892: [scrub symbol table, 0.0005384 secs]0.893: [scrub string table, 0.0002158 secs][1 CMS-remark: 42218K(53412K)] 42539K(56484K), 0.0069497 secs] [Times: user=0.00 sys=0.00, real=0.01 secs] 
2015-01-18T14:07:57.564+0100: 0.893: [CMS-concurrent-sweep-start]
2015-01-18T14:07:57.566+0100: 0.895: [CMS-concurrent-sweep: 0.002/0.002 secs] [Times: user=0.00 sys=0.00, real=0.00 secs] 
2015-01-18T14:07:57.566+0100: 0.895: [CMS-concurrent-reset-start]
2015-01-18T14:07:57.568+0100: 0.897: [CMS-concurrent-reset: 0.002/0.002 secs] [Times: user=0.00 sys=0.00, real=0.01 secs] 
2015-01-18T14:07:57.569+0100: 0.898: [GC (Allocation Failure) 0.898: [ParNew: 3063K->317K(3072K), 0.0138408 secs] 45245K->42892K(73376K), 0.0138759 secs] [Times: user=0.00 sys=0.00, real=0.01 secs] 
2015-01-18T14:07:57.584+0100: 0.913: [GC (Allocation Failure) 0.913: [ParNew: 3069K->317K(3072K), 0.0111845 secs] 45644K->43285K(73376K), 0.0112173 secs] [Times: user=0.00 sys=0.00, real=0.01 secs] 
2015-01-18T14:07:57.596+0100: 0.925: [GC (Allocation Failure) 0.925: [ParNew: 3064K->317K(3072K), 0.0112659 secs] 46032K->43674K(73376K), 0.0113318 secs] [Times: user=0.00 sys=0.01, real=0.02 secs] 
2015-01-18T14:07:57.611+0100: 0.940: [GC (Allocation Failure) 0.940: [ParNew: 3064K->317K(3072K), 0.0119741 secs] 46421K->44067K(73376K), 0.0120044 secs] [Times: user=0.00 sys=0.00, real=0.01 secs] 
2015-01-18T14:07:57.631+0100: 0.960: [GC (Allocation Failure) 0.960: [ParNew: 3059K->317K(3072K), 0.0159771 secs] 46809K->44457K(73376K), 0.0160086 secs] [Times: user=0.00 sys=0.00, real=0.02 secs] 
2015-01-18T14:07:57.655+0100: 0.984: [GC (Allocation Failure) 0.984: [ParNew: 3068K->317K(3072K), 0.0120044 secs] 47207K->44849K(73376K), 0.0120340 secs] [Times: user=0.00 sys=0.00, real=0.02 secs] 
2015-01-18T14:07:57.671+0100: 1.000: [GC (Allocation Failure) 1.000: [ParNew: 3061K->317K(3072K), 0.0280131 secs] 47593K->45239K(73376K), 0.0280724 secs] [Times: user=0.03 sys=0.00, real=0.03 secs] 
2015-01-18T14:07:57.700+0100: 1.029: [GC (Allocation Failure) 1.029: [ParNew: 3068K->317K(3072K), 0.0070813 secs] 47990K->45632K(73376K), 0.0071109 secs] [Times: user=0.00 sys=0.00, real=0.01 secs] 
2015-01-18T14:07:57.710+0100: 1.038: [GC (Allocation Failure) 1.038: [ParNew: 3060K->317K(3072K), 0.0093161 secs] 48375K->46021K(73376K), 0.0093638 secs] [Times: user=0.01 sys=0.00, real=0.01 secs] 
2015-01-18T14:07:57.720+0100: 1.049: [GC (Allocation Failure) 1.049: [ParNew: 3065K->318K(3072K), 0.0112322 secs] 48769K->46483K(73376K), 0.0112653 secs] [Times: user=0.00 sys=0.00, real=0.01 secs] 
2015-01-18T14:07:57.736+0100: 1.064: [GC (Allocation Failure) 1.064: [ParNew: 3068K->317K(3072K), 0.0073458 secs] 49234K->46876K(73376K), 0.0074030 secs] [Times: user=0.00 sys=0.00, real=0.01 secs] 
2015-01-18T14:07:57.748+0100: 1.077: [GC (Allocation Failure) 1.077: [ParNew: 3069K->317K(3072K), 0.0071461 secs] 49628K->47266K(73376K), 0.0072040 secs] [Times: user=0.01 sys=0.00, real=0.00 secs] 
2015-01-18T14:07:57.760+0100: 1.088: [GC (Allocation Failure) 1.088: [ParNew: 3069K->317K(3072K), 0.0035558 secs] 50018K->47659K(73376K), 0.0035944 secs] [Times: user=0.00 sys=0.00, real=0.00 secs] 
2015-01-18T14:07:57.768+0100: 1.096: [GC (Allocation Failure) 1.096: [ParNew: 3063K->317K(3072K), 0.0064481 secs] 50404K->48051K(73376K), 0.0064794 secs] [Times: user=0.00 sys=0.00, real=0.00 secs] 
2015-01-18T14:07:57.776+0100: 1.104: [GC (Allocation Failure) 1.104: [ParNew: 3064K->317K(3072K), 0.0073355 secs] 50799K->48441K(73376K), 0.0073690 secs] [Times: user=0.00 sys=0.00, real=0.01 secs] 
2015-01-18T14:07:57.788+0100: 1.116: [GC (Allocation Failure) 1.116: [ParNew: 3064K->317K(3072K), 0.0113831 secs] 51188K->48834K(73376K), 0.0114397 secs] [Times: user=0.00 sys=0.00, real=0.01 secs] 
2015-01-18T14:07:57.801+0100: 1.130: [GC (Allocation Failure) 1.130: [ParNew: 3069K->317K(3072K), 0.0059758 secs] 51586K->49223K(73376K), 0.0060059 secs] [Times: user=0.00 sys=0.00, real=0.01 secs] 
2015-01-18T14:07:57.809+0100: 1.138: [GC (Allocation Failure) 1.138: [ParNew: 3063K->317K(3072K), 0.0060916 secs] 51969K->49616K(73376K), 0.0061209 secs] [Times: user=0.00 sys=0.00, real=0.00 secs] 
2015-01-18T14:07:57.820+0100: 1.148: [GC (Allocation Failure) 1.148: [ParNew: 3069K->317K(3072K), 0.0042869 secs] 52368K->50009K(73376K), 0.0043136 secs] [Times: user=0.00 sys=0.00, real=0.00 secs] 
2015-01-18T14:07:57.828+0100: 1.156: [GC (Allocation Failure) 1.156: [ParNew: 3064K->317K(3072K), 0.0034198 secs] 52756K->50398K(73376K), 0.0034469 secs] [Times: user=0.00 sys=0.00, real=0.00 secs] 
2015-01-18T14:07:57.836+0100: 1.164: [GC (Allocation Failure) 1.164: [ParNew: 3064K->317K(3072K), 0.0114500 secs] 53145K->50791K(73376K), 0.0114899 secs] [Times: user=0.00 sys=0.00, real=0.02 secs] 
2015-01-18T14:07:57.852+0100: 1.180: [GC (Allocation Failure) 1.180: [ParNew: 3059K->317K(3072K), 0.0073168 secs] 53534K->51181K(73376K), 0.0073481 secs] [Times: user=0.00 sys=0.00, real=0.01 secs] 
2015-01-18T14:07:57.862+0100: 1.190: [GC (Allocation Failure) 1.190: [ParNew: 3068K->317K(3072K), 0.0052860 secs] 53931K->51574K(73376K), 0.0053153 secs] [Times: user=0.00 sys=0.00, real=0.01 secs] 
2015-01-18T14:07:57.869+0100: 1.197: [GC (Allocation Failure) 1.197: [ParNew: 3061K->317K(3072K), 0.0033980 secs] 54317K->51963K(73376K), 0.0034270 secs] [Times: user=0.01 sys=0.00, real=0.00 secs] 
2015-01-18T14:07:57.873+0100: 1.201: [GC (Allocation Failure) 1.201: [ParNew: 3068K->317K(3072K), 0.0065756 secs] 54714K->52356K(73376K), 0.0066089 secs] [Times: user=0.00 sys=0.00, real=0.01 secs] 
2015-01-18T14:07:57.880+0100: 1.209: [GC (Allocation Failure) 1.209: [ParNew: 3060K->317K(3072K), 0.0071185 secs] 55099K->52745K(73376K), 0.0071810 secs] [Times: user=0.00 sys=0.00, real=0.01 secs] 
2015-01-18T14:07:57.888+0100: 1.217: [GC (Allocation Failure) 1.217: [ParNew: 3064K->317K(3072K), 0.0111547 secs] 55492K->53138K(73376K), 0.0111938 secs] [Times: user=0.01 sys=0.00, real=0.01 secs] 
2015-01-18T14:07:57.900+0100: 1.228: [GC (Allocation Failure) 1.228: [ParNew: 3069K->317K(3072K), 0.0152938 secs] 55890K->53528K(73376K), 0.0153294 secs] [Times: user=0.01 sys=0.00, real=0.01 secs] 
2015-01-18T14:07:57.916+0100: 1.245: [GC (Allocation Failure) 1.245: [ParNew: 3063K->317K(3072K), 0.0033878 secs] 56274K->53921K(73376K), 0.0034160 secs] [Times: user=0.00 sys=0.00, real=0.01 secs] 
2015-01-18T14:07:57.920+0100: 1.249: [GC (Allocation Failure) 1.249: [ParNew: 3069K->317K(3072K), 0.0030712 secs] 56673K->54313K(73376K), 0.0030977 secs] [Times: user=0.00 sys=0.00, real=0.00 secs] 
2015-01-18T14:07:57.924+0100: 1.252: [GC (Allocation Failure) 1.253: [ParNew: 3064K->317K(3072K), 0.0072791 secs] 57061K->54703K(73376K), 0.0073038 secs] [Times: user=0.00 sys=0.00, real=0.01 secs] 
2015-01-18T14:07:57.932+0100: 1.260: [GC (Allocation Failure) 1.260: [ParNew: 3064K->317K(3072K), 0.0073333 secs] 57450K->55096K(73376K), 0.0073574 secs] [Times: user=0.00 sys=0.00, real=0.01 secs] 
2015-01-18T14:07:57.940+0100: 1.268: [GC (Allocation Failure) 1.268: [ParNew: 3059K->317K(3072K), 0.0073613 secs] 57838K->55485K(73376K), 0.0073868 secs] [Times: user=0.00 sys=0.00, real=0.01 secs] 
2015-01-18T14:07:57.948+0100: 1.277: [GC (Allocation Failure) 1.277: [ParNew: 3068K->317K(3072K), 0.0192663 secs] 58236K->55878K(73376K), 0.0193242 secs] [Times: user=0.01 sys=0.00, real=0.02 secs] 
2015-01-18T14:07:57.968+0100: 1.297: [GC (Allocation Failure) 1.297: [ParNew: 3061K->317K(3072K), 0.0110890 secs] 58622K->56268K(73376K), 0.0111157 secs] [Times: user=0.00 sys=0.00, real=0.01 secs] 
2015-01-18T14:07:57.980+0100: 1.308: [GC (Allocation Failure) 1.308: [ParNew: 3068K->317K(3072K), 0.0113109 secs] 59018K->56660K(73376K), 0.0113346 secs] [Times: user=0.00 sys=0.00, real=0.01 secs] 
2015-01-18T14:07:57.993+0100: 1.321: [GC (Allocation Failure) 1.321: [ParNew: 3060K->317K(3072K), 0.0066709 secs] 59403K->57050K(73376K), 0.0067049 secs] [Times: user=0.00 sys=0.00, real=0.01 secs] 
2015-01-18T14:07:58.000+0100: 1.329: [GC (Allocation Failure) 1.329: [ParNew: 3064K->317K(3072K), 0.0072218 secs] 59797K->57443K(73376K), 0.0072524 secs] [Times: user=0.00 sys=0.00, real=0.01 secs] 
2015-01-18T14:07:58.008+0100: 1.337: [GC (Allocation Failure) 1.337: [ParNew: 3069K->317K(3072K), 0.0108968 secs] 60195K->57832K(73376K), 0.0109625 secs] [Times: user=0.00 sys=0.00, real=0.01 secs] 
2015-01-18T14:07:58.024+0100: 1.353: [GC (Allocation Failure) 1.353: [ParNew: 3063K->317K(3072K), 0.0103058 secs] 60578K->58225K(73376K), 0.0103372 secs] [Times: user=0.01 sys=0.00, real=0.01 secs] 
2015-01-18T14:07:58.040+0100: 1.368: [GC (Allocation Failure) 1.368: [ParNew: 3069K->317K(3072K), 0.0043242 secs] 60977K->58618K(73376K), 0.0043505 secs] [Times: user=0.01 sys=0.00, real=0.00 secs] 
2015-01-18T14:07:58.048+0100: 1.376: [GC (Allocation Failure) 1.376: [ParNew: 3064K->317K(3072K), 0.0114300 secs] 61365K->59008K(73376K), 0.0114691 secs] [Times: user=0.00 sys=0.00, real=0.01 secs] 
2015-01-18T14:07:58.060+0100: 1.389: [GC (Allocation Failure) 1.389: [ParNew: 3064K->317K(3072K), 0.0112330 secs] 61754K->59400K(73376K), 0.0112621 secs] [Times: user=0.00 sys=0.01, real=0.01 secs] 
2015-01-18T14:07:58.072+0100: 1.400: [GC (Allocation Failure) 1.400: [ParNew: 3059K->317K(3072K), 0.0041409 secs] 62143K->59790K(73376K), 0.0041668 secs] [Times: user=0.00 sys=0.00, real=0.00 secs] 
2015-01-18T14:07:58.077+0100: 1.405: [GC (Allocation Failure) 1.405: [ParNew: 3068K->317K(3072K), 0.0064885 secs] 62540K->60183K(73376K), 0.0065145 secs] [Times: user=0.00 sys=0.00, real=0.01 secs] 
2015-01-18T14:07:58.084+0100: 1.412: [GC (Allocation Failure) 1.412: [ParNew: 3061K->317K(3072K), 0.0073270 secs] 62926K->60572K(73376K), 0.0073543 secs] [Times: user=0.00 sys=0.00, real=0.01 secs] 
2015-01-18T14:07:58.092+0100: 1.420: [GC (Allocation Failure) 1.420: [ParNew: 3068K->317K(3072K), 0.0073238 secs] 63323K->60965K(73376K), 0.0073701 secs] [Times: user=0.00 sys=0.00, real=0.01 secs] 
2015-01-18T14:07:58.100+0100: 1.428: [GC (Allocation Failure) 1.428: [ParNew: 3060K->317K(3072K), 0.0041830 secs] 63708K->61355K(73376K), 0.0042148 secs] [Times: user=0.01 sys=0.00, real=0.00 secs] 
2015-01-18T14:07:58.105+0100: 1.433: [GC (Allocation Failure) 1.433: [ParNew: 3064K->317K(3072K), 0.0032803 secs] 64101K->61747K(73376K), 0.0033105 secs] [Times: user=0.00 sys=0.00, real=0.01 secs] 
2015-01-18T14:07:58.109+0100: 1.437: [GC (Allocation Failure) 1.437: [ParNew: 3069K->317K(3072K), 0.0065032 secs] 64499K->62137K(73376K), 0.0065321 secs] [Times: user=0.00 sys=0.00, real=0.00 secs] 
2015-01-18T14:07:58.116+0100: 1.444: [GC (Allocation Failure) 1.444: [ParNew: 3063K->317K(3072K), 0.0073664 secs] 64883K->62530K(73376K), 0.0073946 secs] [Times: user=0.00 sys=0.00, real=0.01 secs] 
2015-01-18T14:07:58.127+0100: 1.456: [GC (Allocation Failure) 1.456: [ParNew: 3069K->317K(3072K), 0.0080777 secs] 65282K->62923K(73376K), 0.0081336 secs] [Times: user=0.00 sys=0.00, real=0.00 secs] 
2015-01-18T14:07:58.147+0100: 1.476: [GC (Allocation Failure) 1.476: [ParNew: 3064K->317K(3072K), 0.0238539 secs] 65670K->63312K(73376K), 0.0239344 secs] [Times: user=0.01 sys=0.00, real=0.02 secs] 
2015-01-18T14:07:58.172+0100: 1.501: [GC (Allocation Failure) 1.501: [ParNew: 3064K->317K(3072K), 0.0111668 secs] 66059K->63705K(73376K), 0.0111946 secs] [Times: user=0.01 sys=0.00, real=0.01 secs] 
2015-01-18T14:07:58.184+0100: 1.512: [GC (Allocation Failure) 1.512: [ParNew: 3059K->317K(3072K), 0.0193189 secs] 66447K->64094K(73376K), 0.0193755 secs] [Times: user=0.00 sys=0.00, real=0.02 secs] 
2015-01-18T14:07:58.219+0100: 1.548: [GC (Allocation Failure) 1.548: [ParNew: 3068K->317K(3072K), 0.0119754 secs] 66845K->64487K(73376K), 0.0120262 secs] [Times: user=0.01 sys=0.00, real=0.01 secs] 
2015-01-18T14:07:58.232+0100: 1.561: [GC (Allocation Failure) 1.561: [ParNew: 3061K->317K(3072K), 0.0074706 secs] 67231K->64877K(73376K), 0.0074981 secs] [Times: user=0.00 sys=0.00, real=0.01 secs] 
2015-01-18T14:07:58.240+0100: 1.569: [GC (Allocation Failure) 1.569: [ParNew: 3068K->317K(3072K), 0.0110916 secs] 67628K->65270K(73376K), 0.0111162 secs] [Times: user=0.00 sys=0.00, real=0.01 secs] 
2015-01-18T14:07:58.251+0100: 1.580: [GC (CMS Initial Mark) [1 CMS-initial-mark: 64952K(70304K)] 65279K(73376K), 0.0078372 secs] [Times: user=0.00 sys=0.00, real=0.01 secs] 
2015-01-18T14:07:58.259+0100: 1.588: [CMS-concurrent-mark-start]
2015-01-18T14:07:58.265+0100: 1.594: [CMS-concurrent-mark: 0.006/0.006 secs] [Times: user=0.01 sys=0.00, real=0.00 secs] 
2015-01-18T14:07:58.265+0100: 1.594: [CMS-concurrent-preclean-start]
2015-01-18T14:07:58.266+0100: 1.594: [CMS-concurrent-preclean: 0.000/0.000 secs] [Times: user=0.00 sys=0.00, real=0.00 secs] 
2015-01-18T14:07:58.266+0100: 1.595: [GC (Allocation Failure) 1.595: [ParNew: 3060K->317K(3072K), 0.0091845 secs] 68013K->65659K(73376K), 0.0092455 secs] [Times: user=0.01 sys=0.00, real=0.01 secs] 
2015-01-18T14:07:58.279+0100: 1.608: [GC (Allocation Failure) 1.608: [ParNew: 3064K->317K(3072K), 0.0040781 secs] 68406K->66052K(73376K), 0.0041141 secs] [Times: user=0.00 sys=0.00, real=0.00 secs] 
2015-01-18T14:07:58.291+0100: 1.620: [GC (Allocation Failure) 1.620: [ParNew: 3069K->317K(3072K), 0.0159667 secs] 68804K->66442K(73376K), 0.0159918 secs] [Times: user=0.01 sys=0.00, real=0.02 secs] 
2015-01-18T14:07:58.315+0100: 1.644: [GC (Allocation Failure) 1.644: [ParNew: 3063K->317K(3072K), 0.0159882 secs] 69187K->66834K(73376K), 0.0160168 secs] [Times: user=0.00 sys=0.00, real=0.02 secs] 
2015-01-18T14:07:58.339+0100: 1.668: [GC (Allocation Failure) 1.668: [ParNew: 3069K->317K(3072K), 0.0159846 secs] 69586K->67227K(73376K), 0.0160097 secs] [Times: user=0.01 sys=0.00, real=0.01 secs] 
2015-01-18T14:07:58.360+0100: 1.689: [GC (Allocation Failure) 1.689: [ParNew: 3064K->317K(3072K), 0.0031719 secs] 69974K->67617K(73376K), 0.0032012 secs] [Times: user=0.00 sys=0.00, real=0.00 secs] 
2015-01-18T14:07:58.368+0100: 1.696: [GC (Allocation Failure) 1.696: [ParNew: 3064K->317K(3072K), 0.0154034 secs] 70363K->68009K(73376K), 0.0154330 secs] [Times: user=0.01 sys=0.00, real=0.01 secs] 
2015-01-18T14:07:58.391+0100: 1.720: [GC (Allocation Failure) 1.720: [ParNew: 3059K->317K(3072K), 0.0119860 secs] 70752K->68399K(73376K), 0.0120166 secs] [Times: user=0.00 sys=0.00, real=0.01 secs] 
2015-01-18T14:07:58.408+0100: 1.736: [GC (Allocation Failure) 1.736: [ParNew: 3068K->317K(3072K), 0.0112781 secs] 71150K->68792K(73376K), 0.0113154 secs] [Times: user=0.01 sys=0.00, real=0.01 secs] 
2015-01-18T14:07:58.427+0100: 1.756: [GC (Allocation Failure) 1.756: [ParNew: 3061K->317K(3072K), 0.0159718 secs] 71535K->69181K(73376K), 0.0159969 secs] [Times: user=0.01 sys=0.00, real=0.01 secs] 
2015-01-18T14:07:58.451+0100: 1.780: [GC (Allocation Failure) 1.780: [ParNew: 3069K->319K(3072K), 0.0239829 secs] 71933K->69678K(73376K), 0.0240142 secs] [Times: user=0.00 sys=0.00, real=0.02 secs] 
2015-01-18T14:07:58.483+0100: 1.812: [GC (Allocation Failure) 1.812: [ParNew: 3066K->317K(3072K), 0.0199786 secs] 72424K->70071K(73376K), 0.0200184 secs] [Times: user=0.02 sys=0.00, real=0.02 secs] 
2015-01-18T14:07:58.515+0100: 1.844: [GC (CMS Final Remark) [YG occupancy: 414 K (3072 K)]1.844: [Rescan (parallel) , 0.0134998 secs]1.857: [weak refs processing, 0.0000097 secs]1.857: [class unloading, 0.0003312 secs]1.858: [scrub symbol table, 0.0005388 secs]1.858: [scrub string table, 0.0002150 secs][1 CMS-remark: 69753K(70304K)] 70168K(73376K), 0.0146735 secs] [Times: user=0.01 sys=0.00, real=0.02 secs] 
2015-01-18T14:07:58.531+0100: 1.860: [CMS-concurrent-sweep-start]
2015-01-18T14:07:58.534+0100: 1.862: [CMS-concurrent-sweep: 0.003/0.003 secs] [Times: user=0.00 sys=0.00, real=0.00 secs] 
2015-01-18T14:07:58.534+0100: 1.863: [CMS-concurrent-reset-start]
2015-01-18T14:07:58.543+0100: 1.872: [GC (Allocation Failure) 1.872: [ParNew: 3064K->317K(3072K), 0.0079146 secs] 72763K->70409K(119240K), 0.0079568 secs] [Times: user=0.01 sys=0.00, real=0.01 secs] 
2015-01-18T14:07:58.557+0100: 1.886: [CMS-concurrent-reset: 0.011/0.023 secs] [Times: user=0.01 sys=0.00, real=0.02 secs] 
2015-01-18T14:07:58.557+0100: 1.886: [GC (Allocation Failure) 1.886: [ParNew: 3069K->317K(3072K), 0.0138388 secs] 73160K->70798K(119240K), 0.0138712 secs] [Times: user=0.01 sys=0.00, real=0.02 secs] 
2015-01-18T14:07:58.573+0100: 1.901: [GC (Allocation Failure) 1.901: [ParNew: 3069K->317K(3072K), 0.0106997 secs] 73550K->71191K(119240K), 0.0107433 secs] [Times: user=0.00 sys=0.00, real=0.01 secs] 
2015-01-18T14:07:58.584+0100: 1.913: [GC (Allocation Failure) 1.913: [ParNew: 3063K->317K(3072K), 0.0040859 secs] 73937K->71584K(119240K), 0.0041391 secs] [Times: user=0.00 sys=0.00, real=0.01 secs] 
2015-01-18T14:07:58.595+0100: 1.924: [GC (Allocation Failure) 1.924: [ParNew: 3061K->317K(3072K), 0.0041797 secs] 74328K->71973K(119240K), 0.0042061 secs] [Times: user=0.00 sys=0.00, real=0.01 secs] 
2015-01-18T14:07:58.603+0100: 1.932: [GC (Allocation Failure) 1.932: [ParNew: 3068K->317K(3072K), 0.0017178 secs] 74724K->72366K(119240K), 0.0017468 secs] [Times: user=0.00 sys=0.00, real=0.00 secs] 
2015-01-18T14:07:58.608+0100: 1.936: [GC (Allocation Failure) 1.936: [ParNew: 3069K->317K(3072K), 0.0023642 secs] 75118K->72756K(119240K), 0.0023925 secs] [Times: user=0.00 sys=0.00, real=0.00 secs] 
2015-01-18T14:07:58.612+0100: 1.940: [GC (Allocation Failure) 1.940: [ParNew: 3069K->317K(3072K), 0.0011135 secs] 75508K->73149K(119240K), 0.0011402 secs] [Times: user=0.00 sys=0.00, real=0.00 secs] 
2015-01-18T14:07:58.616+0100: 1.944: [GC (Allocation Failure) 1.944: [ParNew: 3063K->317K(3072K), 0.0083679 secs] 75895K->73541K(119240K), 0.0084164 secs] [Times: user=0.00 sys=0.00, real=0.01 secs] 
2015-01-18T14:07:58.625+0100: 1.954: [GC (Allocation Failure) 1.954: [ParNew: 3064K->317K(3072K), 0.0012797 secs] 76289K->73931K(119240K), 0.0013092 secs] [Times: user=0.00 sys=0.00, real=0.00 secs] 
2015-01-18T14:07:58.628+0100: 1.956: [GC (Allocation Failure) 1.956: [ParNew: 3064K->317K(3072K), 0.0022751 secs] 76678K->74324K(119240K), 0.0023022 secs] [Times: user=0.00 sys=0.00, real=0.00 secs] 
2015-01-18T14:07:58.632+0100: 1.960: [GC (Allocation Failure) 1.960: [ParNew: 3069K->317K(3072K), 0.0011343 secs] 77075K->74713K(119240K), 0.0011605 secs] [Times: user=0.00 sys=0.00, real=0.00 secs] 
2015-01-18T14:07:58.636+0100: 1.964: [GC (Allocation Failure) 1.964: [ParNew: 3069K->317K(3072K), 0.0021507 secs] 77465K->75106K(119240K), 0.0021794 secs] [Times: user=0.00 sys=0.00, real=0.00 secs] 
2015-01-18T14:07:58.640+0100: 1.968: [GC (Allocation Failure) 1.968: [ParNew: 3063K->317K(3072K), 0.0021662 secs] 77852K->75499K(119240K), 0.0022056 secs] [Times: user=0.01 sys=0.00, real=0.00 secs] 
2015-01-18T14:07:58.644+0100: 1.972: [GC (Allocation Failure) 1.972: [ParNew: 3061K->317K(3072K), 0.0077264 secs] 78243K->75889K(119240K), 0.0077571 secs] [Times: user=0.00 sys=0.00, real=0.01 secs] 
2015-01-18T14:07:58.656+0100: 1.985: [GC (Allocation Failure) 1.985: [ParNew: 3068K->317K(3072K), 0.0014552 secs] 78639K->76281K(119240K), 0.0014824 secs] [Times: user=0.00 sys=0.00, real=0.00 secs] 
2015-01-18T14:07:58.660+0100: 1.988: [GC (Allocation Failure) 1.988: [ParNew: 3069K->317K(3072K), 0.0023294 secs] 79033K->76671K(119240K), 0.0023558 secs] [Times: user=0.01 sys=0.00, real=0.00 secs] 
2015-01-18T14:07:58.664+0100: 1.992: [GC (Allocation Failure) 1.992: [ParNew: 3069K->317K(3072K), 0.0014383 secs] 79423K->77064K(119240K), 0.0014653 secs] [Times: user=0.00 sys=0.00, real=0.00 secs] 
2015-01-18T14:07:58.668+0100: 1.996: [GC (Allocation Failure) 1.996: [ParNew: 3063K->317K(3072K), 0.0027906 secs] 79810K->77457K(119240K), 0.0028302 secs] [Times: user=0.00 sys=0.00, real=0.00 secs] 
2015-01-18T14:07:58.672+0100: 2.000: [GC (Allocation Failure) 2.000: [ParNew: 3064K->317K(3072K), 0.0022877 secs] 80204K->77846K(119240K), 0.0023167 secs] [Times: user=0.00 sys=0.00, real=0.00 secs] 
2015-01-18T14:07:58.675+0100: 2.003: [GC (Allocation Failure) 2.003: [ParNew: 3064K->317K(3072K), 0.0047226 secs] 80593K->78239K(119240K), 0.0047503 secs] [Times: user=0.01 sys=0.00, real=0.01 secs] 
2015-01-18T14:07:58.684+0100: 2.012: [GC (Allocation Failure) 2.012: [ParNew: 3069K->317K(3072K), 0.0020268 secs] 80991K->78628K(119240K), 0.0020541 secs] [Times: user=0.00 sys=0.00, real=0.00 secs] 
2015-01-18T14:07:58.688+0100: 2.016: [GC (Allocation Failure) 2.016: [ParNew: 3063K->317K(3072K), 0.0015662 secs] 81374K->79021K(119240K), 0.0015929 secs] [Times: user=0.00 sys=0.00, real=0.00 secs] 
2015-01-18T14:07:58.692+0100: 2.020: [GC (Allocation Failure) 2.020: [ParNew: 3069K->317K(3072K), 0.0015918 secs] 81773K->79414K(119240K), 0.0016322 secs] [Times: user=0.00 sys=0.00, real=0.00 secs] 
2015-01-18T14:07:58.696+0100: 2.024: [GC (Allocation Failure) 2.024: [ParNew: 3064K->317K(3072K), 0.0046209 secs] 82161K->79804K(119240K), 0.0046518 secs] [Times: user=0.01 sys=0.00, real=0.01 secs] 
2015-01-18T14:07:58.701+0100: 2.030: [GC (Allocation Failure) 2.030: [ParNew: 3064K->317K(3072K), 0.0011222 secs] 82550K->80196K(119240K), 0.0011496 secs] [Times: user=0.00 sys=0.00, real=0.00 secs] 
2015-01-18T14:07:58.708+0100: 2.036: [GC (Allocation Failure) 2.036: [ParNew: 3059K->317K(3072K), 0.0024723 secs] 82939K->80586K(119240K), 0.0024986 secs] [Times: user=0.00 sys=0.00, real=0.00 secs] 
2015-01-18T14:07:58.712+0100: 2.040: [GC (Allocation Failure) 2.040: [ParNew: 3068K->317K(3072K), 0.0012808 secs] 83336K->80979K(119240K), 0.0013075 secs] [Times: user=0.00 sys=0.00, real=0.00 secs] 
2015-01-18T14:07:58.716+0100: 2.044: [GC (Allocation Failure) 2.044: [ParNew: 3061K->317K(3072K), 0.0027896 secs] 83722K->81368K(119240K), 0.0028290 secs] [Times: user=0.01 sys=0.00, real=0.00 secs] 
2015-01-18T14:07:58.720+0100: 2.048: [GC (Allocation Failure) 2.048: [ParNew: 3068K->317K(3072K), 0.0023315 secs] 84119K->81761K(119240K), 0.0023611 secs] [Times: user=0.00 sys=0.00, real=0.00 secs] 
2015-01-18T14:07:58.724+0100: 2.052: [GC (Allocation Failure) 2.052: [ParNew: 3060K->317K(3072K), 0.0018955 secs] 84504K->82151K(119240K), 0.0019223 secs] [Times: user=0.00 sys=0.00, real=0.00 secs] 
2015-01-18T14:07:58.728+0100: 2.056: [GC (Allocation Failure) 2.056: [ParNew: 3064K->317K(3072K), 0.0019202 secs] 84897K->82543K(119240K), 0.0019476 secs] [Times: user=0.00 sys=0.00, real=0.00 secs] 
2015-01-18T14:07:58.732+0100: 2.060: [GC (Allocation Failure) 2.060: [ParNew: 3069K->317K(3072K), 0.0019970 secs] 85295K->82933K(119240K), 0.0020281 secs] [Times: user=0.01 sys=0.00, real=0.00 secs] 
2015-01-18T14:07:58.736+0100: 2.064: [GC (Allocation Failure) 2.064: [ParNew: 3063K->317K(3072K), 0.0020733 secs] 85679K->83326K(119240K), 0.0021014 secs] [Times: user=0.00 sys=0.00, real=0.00 secs] 
2015-01-18T14:07:58.740+0100: 2.068: [GC (Allocation Failure) 2.068: [ParNew: 3069K->317K(3072K), 0.0022506 secs] 86078K->83719K(119240K), 0.0022925 secs] [Times: user=0.00 sys=0.00, real=0.00 secs] 
2015-01-18T14:07:58.744+0100: 2.072: [GC (Allocation Failure) 2.072: [ParNew: 3064K->317K(3072K), 0.0037203 secs] 86466K->84108K(119240K), 0.0037502 secs] [Times: user=0.01 sys=0.01, real=0.01 secs] 
2015-01-18T14:07:58.752+0100: 2.080: [GC (Allocation Failure) 2.080: [ParNew: 3064K->317K(3072K), 0.0011483 secs] 86855K->84501K(119240K), 0.0011831 secs] [Times: user=0.00 sys=0.00, real=0.00 secs] 
2015-01-18T14:07:58.756+0100: 2.084: [GC (Allocation Failure) 2.084: [ParNew: 3059K->317K(3072K), 0.0026987 secs] 87243K->84890K(119240K), 0.0027256 secs] [Times: user=0.00 sys=0.00, real=0.00 secs] 
2015-01-18T14:07:58.760+0100: 2.088: [GC (Allocation Failure) 2.088: [ParNew: 3068K->317K(3072K), 0.0011211 secs] 87641K->85283K(119240K), 0.0011488 secs] [Times: user=0.00 sys=0.00, real=0.00 secs] 
2015-01-18T14:07:58.764+0100: 2.092: [GC (Allocation Failure) 2.092: [ParNew: 3061K->317K(3072K), 0.0030799 secs] 88027K->85673K(119240K), 0.0031213 secs] [Times: user=0.01 sys=0.00, real=0.00 secs] 
2015-01-18T14:07:58.768+0100: 2.096: [GC (Allocation Failure) 2.096: [ParNew: 3068K->317K(3072K), 0.0019709 secs] 88424K->86066K(119240K), 0.0019993 secs] [Times: user=0.00 sys=0.00, real=0.00 secs] 
2015-01-18T14:07:58.772+0100: 2.100: [GC (Allocation Failure) 2.100: [ParNew: 3060K->317K(3072K), 0.0011346 secs] 88809K->86455K(119240K), 0.0011617 secs] [Times: user=0.00 sys=0.00, real=0.00 secs] 
2015-01-18T14:07:58.776+0100: 2.104: [GC (Allocation Failure) 2.104: [ParNew: 3064K->317K(3072K), 0.0019360 secs] 89202K->86848K(119240K), 0.0019631 secs] [Times: user=0.00 sys=0.00, real=0.00 secs] 
2015-01-18T14:07:58.780+0100: 2.108: [GC (Allocation Failure) 2.108: [ParNew: 3069K->317K(3072K), 0.0011276 secs] 89600K->87238K(119240K), 0.0011542 secs] [Times: user=0.00 sys=0.00, real=0.00 secs] 
2015-01-18T14:07:58.784+0100: 2.112: [GC (Allocation Failure) 2.112: [ParNew: 3063K->317K(3072K), 0.0025422 secs] 89983K->87630K(119240K), 0.0025852 secs] [Times: user=0.01 sys=0.00, real=0.00 secs] 
2015-01-18T14:07:58.788+0100: 2.116: [GC (Allocation Failure) 2.116: [ParNew: 3069K->317K(3072K), 0.0027668 secs] 90382K->88023K(119240K), 0.0027951 secs] [Times: user=0.00 sys=0.00, real=0.00 secs] 
2015-01-18T14:07:58.792+0100: 2.120: [GC (Allocation Failure) 2.120: [ParNew: 3064K->317K(3072K), 0.0013635 secs] 90770K->88413K(119240K), 0.0013899 secs] [Times: user=0.00 sys=0.00, real=0.00 secs] 
2015-01-18T14:07:58.796+0100: 2.124: [GC (Allocation Failure) 2.124: [ParNew: 3064K->317K(3072K), 0.0011248 secs] 91159K->88806K(119240K), 0.0011514 secs] [Times: user=0.00 sys=0.00, real=0.00 secs] 
2015-01-18T14:07:58.800+0100: 2.128: [GC (Allocation Failure) 2.128: [ParNew: 3059K->317K(3072K), 0.0016485 secs] 91548K->89195K(119240K), 0.0016748 secs] [Times: user=0.01 sys=0.00, real=0.00 secs] 
2015-01-18T14:07:58.804+0100: 2.132: [GC (Allocation Failure) 2.132: [ParNew: 3068K->317K(3072K), 0.0015563 secs] 91946K->89588K(119240K), 0.0015975 secs] [Times: user=0.00 sys=0.00, real=0.00 secs] 
2015-01-18T14:07:58.808+0100: 2.136: [GC (Allocation Failure) 2.136: [ParNew: 3061K->317K(3072K), 0.0026007 secs] 92331K->89977K(119240K), 0.0026295 secs] [Times: user=0.00 sys=0.00, real=0.00 secs] 
2015-01-18T14:07:58.812+0100: 2.140: [GC (Allocation Failure) 2.140: [ParNew: 3068K->317K(3072K), 0.0014209 secs] 92728K->90370K(119240K), 0.0014475 secs] [Times: user=0.00 sys=0.00, real=0.00 secs] 
2015-01-18T14:07:58.816+0100: 2.144: [GC (Allocation Failure) 2.144: [ParNew: 3060K->317K(3072K), 0.0021605 secs] 93113K->90760K(119240K), 0.0021874 secs] [Times: user=0.00 sys=0.00, real=0.00 secs] 
2015-01-18T14:07:58.820+0100: 2.148: [GC (Allocation Failure) 2.148: [ParNew: 3064K->317K(3072K), 0.0016003 secs] 93506K->91153K(119240K), 0.0016276 secs] [Times: user=0.00 sys=0.00, real=0.00 secs] 
2015-01-18T14:07:58.824+0100: 2.152: [GC (Allocation Failure) 2.152: [ParNew: 3069K->317K(3072K), 0.0021748 secs] 93905K->91542K(119240K), 0.0022013 secs] [Times: user=0.00 sys=0.00, real=0.00 secs] 
2015-01-18T14:07:58.828+0100: 2.156: [GC (Allocation Failure) 2.156: [ParNew: 3063K->317K(3072K), 0.0018713 secs] 94288K->91935K(119240K), 0.0019105 secs] [Times: user=0.00 sys=0.00, real=0.00 secs] 
2015-01-18T14:07:58.830+0100: 2.159: [GC (Allocation Failure) 2.159: [ParNew: 3069K->317K(3072K), 0.0014284 secs] 94687K->92328K(119240K), 0.0014587 secs] [Times: user=0.00 sys=0.00, real=0.00 secs] 
2015-01-18T14:07:58.836+0100: 2.164: [GC (Allocation Failure) 2.164: [ParNew: 3064K->317K(3072K), 0.0075025 secs] 95075K->92717K(119240K), 0.0075314 secs] [Times: user=0.00 sys=0.00, real=0.01 secs] 
2015-01-18T14:07:58.848+0100: 2.176: [GC (Allocation Failure) 2.176: [ParNew: 3064K->317K(3072K), 0.0011309 secs] 95464K->93110K(119240K), 0.0011576 secs] [Times: user=0.00 sys=0.00, real=0.00 secs] 
2015-01-18T14:07:58.852+0100: 2.180: [GC (Allocation Failure) 2.180: [ParNew: 3059K->317K(3072K), 0.0013374 secs] 95852K->93500K(119240K), 0.0013691 secs] [Times: user=0.00 sys=0.00, real=0.00 secs] 
2015-01-18T14:07:58.856+0100: 2.184: [GC (Allocation Failure) 2.184: [ParNew: 3068K->317K(3072K), 0.0084491 secs] 96250K->93892K(119240K), 0.0084925 secs] [Times: user=0.00 sys=0.00, real=0.01 secs] 
2015-01-18T14:07:58.868+0100: 2.196: [GC (Allocation Failure) 2.196: [ParNew: 3061K->317K(3072K), 0.0079855 secs] 96636K->94282K(119240K), 0.0080172 secs] [Times: user=0.01 sys=0.00, real=0.00 secs] 
2015-01-18T14:07:58.880+0100: 2.208: [GC (Allocation Failure) 2.208: [ParNew: 3068K->317K(3072K), 0.0018373 secs] 97033K->94675K(119240K), 0.0018677 secs] [Times: user=0.00 sys=0.00, real=0.00 secs] 
2015-01-18T14:07:58.884+0100: 2.212: [GC (Allocation Failure) 2.212: [ParNew: 3060K->317K(3072K), 0.0114574 secs] 97418K->95064K(119240K), 0.0114924 secs] [Times: user=0.00 sys=0.00, real=0.01 secs] 
2015-01-18T14:07:58.903+0100: 2.232: [GC (Allocation Failure) 2.232: [ParNew: 3064K->317K(3072K), 0.0079732 secs] 97811K->95457K(119240K), 0.0080058 secs] [Times: user=0.00 sys=0.00, real=0.01 secs] 
2015-01-18T14:07:58.919+0100: 2.248: [GC (Allocation Failure) 2.248: [ParNew: 3069K->317K(3072K), 0.0119852 secs] 98209K->95847K(119240K), 0.0120317 secs] [Times: user=0.01 sys=0.00, real=0.01 secs] 
2015-01-18T14:07:58.939+0100: 2.268: [GC (Allocation Failure) 2.268: [ParNew: 3063K->317K(3072K), 0.0113536 secs] 98593K->96239K(119240K), 0.0113884 secs] [Times: user=0.00 sys=0.00, real=0.01 secs] 
2015-01-18T14:07:58.952+0100: 2.280: [GC (Allocation Failure) 2.280: [ParNew: 3069K->317K(3072K), 0.0114415 secs] 98991K->96632K(119240K), 0.0114733 secs] [Times: user=0.01 sys=0.00, real=0.01 secs] 
2015-01-18T14:07:58.968+0100: 2.296: [GC (Allocation Failure) 2.296: [ParNew: 3064K->317K(3072K), 0.0073828 secs] 99380K->97022K(119240K), 0.0074108 secs] [Times: user=0.00 sys=0.00, real=0.00 secs] 
2015-01-18T14:07:58.980+0100: 2.308: [GC (Allocation Failure) 2.308: [ParNew: 3064K->317K(3072K), 0.0114417 secs] 99768K->97415K(119240K), 0.0114690 secs] [Times: user=0.01 sys=0.00, real=0.01 secs] 
2015-01-18T14:07:58.996+0100: 2.324: [GC (Allocation Failure) 2.324: [ParNew: 3059K->317K(3072K), 0.0074480 secs] 100157K->97804K(119240K), 0.0074916 secs] [Times: user=0.00 sys=0.00, real=0.01 secs] 
2015-01-18T14:07:59.011+0100: 2.340: [GC (Allocation Failure) 2.340: [ParNew: 3068K->317K(3072K), 0.0083863 secs] 100555K->98197K(119240K), 0.0084231 secs] [Times: user=0.00 sys=0.00, real=0.01 secs] 
2015-01-18T14:07:59.027+0100: 2.356: [GC (Allocation Failure) 2.356: [ParNew: 3061K->317K(3072K), 0.0119872 secs] 100941K->98587K(119240K), 0.0120256 secs] [Times: user=0.01 sys=0.00, real=0.01 secs] 
2015-01-18T14:07:59.047+0100: 2.376: [GC (Allocation Failure) 2.376: [ParNew: 3068K->317K(3072K), 0.0159617 secs] 101337K->98979K(119240K), 0.0159976 secs] [Times: user=0.00 sys=0.01, real=0.01 secs] 
2015-01-18T14:07:59.071+0100: 2.400: [GC (Allocation Failure) 2.400: [ParNew: 3060K->317K(3072K), 0.0119851 secs] 101722K->99369K(119240K), 0.0120136 secs] [Times: user=0.00 sys=0.00, real=0.01 secs] 
2015-01-18T14:07:59.091+0100: 2.420: [GC (Allocation Failure) 2.420: [ParNew: 3064K->317K(3072K), 0.0119757 secs] 102116K->99762K(119240K), 0.0120046 secs] [Times: user=0.01 sys=0.00, real=0.01 secs] 
2015-01-18T14:07:59.111+0100: 2.440: [GC (Allocation Failure) 2.440: [ParNew: 3069K->317K(3072K), 0.0199965 secs] 102514K->100151K(119240K), 0.0200393 secs] [Times: user=0.01 sys=0.00, real=0.02 secs] 
2015-01-18T14:07:59.132+0100: 2.461: [GC (Allocation Failure) 2.461: [ParNew: 3063K->317K(3072K), 0.0512330 secs] 102897K->100544K(119240K), 0.0513025 secs] [Times: user=0.01 sys=0.00, real=0.05 secs] 
2015-01-18T14:07:59.188+0100: 2.517: [GC (Allocation Failure) 2.517: [ParNew: 3069K->317K(3072K), 0.0191288 secs] 103296K->100937K(119240K), 0.0191865 secs] [Times: user=0.01 sys=0.00, real=0.02 secs] 
2015-01-18T14:07:59.208+0100: 2.536: [GC (Allocation Failure) 2.537: [ParNew: 3064K->317K(3072K), 0.0152612 secs] 103684K->101326K(119240K), 0.0152878 secs] [Times: user=0.00 sys=0.00, real=0.01 secs] 
2015-01-18T14:07:59.224+0100: 2.552: [GC (Allocation Failure) 2.552: [ParNew: 3064K->317K(3072K), 0.0153537 secs] 104073K->101719K(119240K), 0.0153890 secs] [Times: user=0.01 sys=0.00, real=0.02 secs] 
2015-01-18T14:07:59.240+0100: 2.569: [GC (Allocation Failure) 2.569: [ParNew: 3059K->317K(3072K), 0.0110568 secs] 104462K->102109K(119240K), 0.0110859 secs] [Times: user=0.01 sys=0.00, real=0.01 secs] 
2015-01-18T14:07:59.252+0100: 2.580: [GC (Allocation Failure) 2.580: [ParNew: 3068K->317K(3072K), 0.0153062 secs] 104859K->102502K(119240K), 0.0153312 secs] [Times: user=0.01 sys=0.00, real=0.02 secs] 
2015-01-18T14:07:59.268+0100: 2.596: [GC (Allocation Failure) 2.596: [ParNew: 3061K->317K(3072K), 0.0153466 secs] 105245K->102891K(119240K), 0.0153706 secs] [Times: user=0.01 sys=0.00, real=0.01 secs] 
2015-01-18T14:07:59.284+0100: 2.612: [GC (Allocation Failure) 2.612: [ParNew: 3068K->317K(3072K), 0.0153575 secs] 105642K->103284K(119240K), 0.0154147 secs] [Times: user=0.01 sys=0.00, real=0.02 secs] 
2015-01-18T14:07:59.315+0100: 2.644: [GC (Allocation Failure) 2.644: [ParNew: 3060K->317K(3072K), 0.0079604 secs] 106027K->103676K(119240K), 0.0079960 secs] [Times: user=0.00 sys=0.00, real=0.01 secs] 
2015-01-18T14:07:59.331+0100: 2.660: [GC (Allocation Failure) 2.660: [ParNew: 3064K->319K(3072K), 0.0119924 secs] 106423K->104296K(119240K), 0.0120354 secs] [Times: user=0.00 sys=0.00, real=0.01 secs] 
2015-01-18T14:07:59.351+0100: 2.680: [GC (Allocation Failure) 2.680: [ParNew: 3071K->317K(3072K), 0.0119720 secs] 107048K->104617K(119240K), 0.0120043 secs] [Times: user=0.00 sys=0.00, real=0.01 secs] 
2015-01-18T14:07:59.368+0100: 2.696: [GC (Allocation Failure) 2.696: [ParNew: 3069K->317K(3072K), 0.0114396 secs] 107369K->105010K(119240K), 0.0114707 secs] [Times: user=0.01 sys=0.00, real=0.01 secs] 
2015-01-18T14:07:59.384+0100: 2.712: [GC (Allocation Failure) 2.712: [ParNew: 3063K->317K(3072K), 0.0037172 secs] 107756K->105403K(119240K), 0.0037474 secs] [Times: user=0.00 sys=0.00, real=0.01 secs] 
2015-01-18T14:07:59.395+0100: 2.724: [GC (Allocation Failure) 2.724: [ParNew: 3061K->317K(3072K), 0.0079765 secs] 108146K->105792K(119240K), 0.0080075 secs] [Times: user=0.00 sys=0.00, real=0.01 secs] 
2015-01-18T14:07:59.408+0100: 2.736: [GC (Allocation Failure) 2.736: [ParNew: 3068K->317K(3072K), 0.0114666 secs] 108543K->106185K(119240K), 0.0115136 secs] [Times: user=0.01 sys=0.00, real=0.01 secs] 
2015-01-18T14:07:59.420+0100: 2.748: [GC (Allocation Failure) 2.748: [ParNew: 3069K->317K(3072K), 0.0042369 secs] 108937K->106574K(119240K), 0.0042693 secs] [Times: user=0.00 sys=0.00, real=0.00 secs] 
2015-01-18T14:07:59.428+0100: 2.756: [GC (Allocation Failure) 2.756: [ParNew: 3069K->317K(3072K), 0.0114445 secs] 109326K->106967K(119240K), 0.0114747 secs] [Times: user=0.00 sys=0.00, real=0.01 secs] 
2015-01-18T14:07:59.447+0100: 2.776: [GC (Allocation Failure) 2.776: [ParNew: 3063K->317K(3072K), 0.0159915 secs] 109713K->107360K(119240K), 0.0160298 secs] [Times: user=0.02 sys=0.00, real=0.01 secs] 
2015-01-18T14:07:59.471+0100: 2.800: [GC (CMS Initial Mark) [1 CMS-initial-mark: 107043K(116168K)] 107434K(119240K), 0.0040739 secs] [Times: user=0.00 sys=0.00, real=0.00 secs] 
2015-01-18T14:07:59.479+0100: 2.808: [CMS-concurrent-mark-start]
2015-01-18T14:07:59.486+0100: 2.814: [CMS-concurrent-mark: 0.007/0.007 secs] [Times: user=0.00 sys=0.00, real=0.00 secs] 
2015-01-18T14:07:59.486+0100: 2.814: [CMS-concurrent-preclean-start]
2015-01-18T14:07:59.486+0100: 2.815: [CMS-concurrent-preclean: 0.000/0.000 secs] [Times: user=0.00 sys=0.00, real=0.00 secs] 
2015-01-18T14:07:59.487+0100: 2.816: [GC (Allocation Failure) 2.816: [ParNew: 3064K->317K(3072K), 0.0081756 secs] 110107K->107750K(119240K), 0.0082166 secs] [Times: user=0.00 sys=0.00, real=0.01 secs] 
2015-01-18T14:07:59.503+0100: 2.832: [GC (CMS Final Remark) [YG occupancy: 434 K (3072 K)]2.832: [Rescan (parallel) , 0.0079635 secs]2.840: [weak refs processing, 0.0000094 secs]2.840: [class unloading, 0.0003200 secs]2.840: [scrub symbol table, 0.0005416 secs]2.841: [scrub string table, 0.0002102 secs][1 CMS-remark: 107432K(116168K)] 107866K(119240K), 0.0091184 secs] [Times: user=0.00 sys=0.00, real=0.01 secs] 
2015-01-18T14:07:59.515+0100: 2.844: [CMS-concurrent-sweep-start]
2015-01-18T14:07:59.519+0100: 2.847: [CMS-concurrent-sweep: 0.004/0.004 secs] [Times: user=0.00 sys=0.00, real=0.00 secs] 
2015-01-18T14:07:59.519+0100: 2.848: [GC (Allocation Failure) 2.848: [ParNew: 3064K->317K(3072K), 0.0039664 secs] 110291K->107937K(119240K), 0.0040041 secs] [Times: user=0.01 sys=0.00, real=0.00 secs] 
2015-01-18T14:07:59.528+0100: 2.857: [GC (Allocation Failure) 2.857: [ParNew: 3069K->317K(3072K), 0.0071973 secs] 110688K->108326K(119240K), 0.0072407 secs] [Times: user=0.00 sys=0.00, real=0.00 secs] 
2015-01-18T14:07:59.540+0100: 2.868: [GC (Allocation Failure) 2.868: [ParNew: 3069K->317K(3072K), 0.0035893 secs] 111078K->108719K(119240K), 0.0036214 secs] [Times: user=0.00 sys=0.00, real=0.00 secs] 
2015-01-18T14:07:59.548+0100: 2.876: [GC (Allocation Failure) 2.876: [ParNew: 3063K->317K(3072K), 0.0072716 secs] 111465K->109112K(119240K), 0.0073006 secs] [Times: user=0.00 sys=0.00, real=0.00 secs] 
2015-01-18T14:07:59.560+0100: 2.888: [GC (Allocation Failure) 2.888: [ParNew: 3061K->317K(3072K), 0.0073598 secs] 111855K->109501K(119240K), 0.0073872 secs] [Times: user=0.00 sys=0.00, real=0.01 secs] 
2015-01-18T14:07:59.572+0100: 2.900: [GC (Allocation Failure) 2.900: [ParNew: 3068K->317K(3072K), 0.0074560 secs] 112252K->109894K(119240K), 0.0074843 secs] [Times: user=0.00 sys=0.00, real=0.01 secs] 
2015-01-18T14:07:59.583+0100: 2.912: [CMS-concurrent-reset-start]
2015-01-18T14:07:59.584+0100: 2.913: [GC (Allocation Failure) 2.913: [ParNew: 3069K->317K(3072K), 0.0070862 secs] 112646K->110284K(185704K), 0.0071360 secs] [Times: user=0.00 sys=0.00, real=0.01 secs] 
2015-01-18T14:07:59.597+0100: 2.926: [GC (Allocation Failure) 2.926: [ParNew: 3069K->317K(3072K), 0.0022257 secs] 113036K->110676K(185704K), 0.0022646 secs] [Times: user=0.01 sys=0.00, real=0.01 secs] 
2015-01-18T14:07:59.604+0100: 2.933: [CMS-concurrent-reset: 0.004/0.021 secs] [Times: user=0.01 sys=0.00, real=0.02 secs] 
2015-01-18T14:07:59.607+0100: 2.936: [GC (Allocation Failure) 2.936: [ParNew: 3063K->317K(3072K), 0.0079682 secs] 113422K->111069K(185704K), 0.0080004 secs] [Times: user=0.00 sys=0.00, real=0.00 secs] 
2015-01-18T14:07:59.621+0100: 2.950: [GC (Allocation Failure) 2.950: [ParNew: 3064K->317K(3072K), 0.0101312 secs] 113816K->111459K(185704K), 0.0101681 secs] [Times: user=0.00 sys=0.00, real=0.01 secs] 
2015-01-18T14:07:59.639+0100: 2.968: [GC (Allocation Failure) 2.968: [ParNew: 3064K->317K(3072K), 0.0079715 secs] 114206K->111852K(185704K), 0.0080026 secs] [Times: user=0.01 sys=0.00, real=0.01 secs] 
2015-01-18T14:07:59.655+0100: 2.984: [GC (Allocation Failure) 2.984: [ParNew: 3069K->317K(3072K), 0.0159975 secs] 114604K->112241K(185704K), 0.0160462 secs] [Times: user=0.00 sys=0.00, real=0.02 secs] 
2015-01-18T14:07:59.676+0100: 3.004: [GC (Allocation Failure) 3.004: [ParNew: 3063K->317K(3072K), 0.0072881 secs] 114987K->112634K(185704K), 0.0073293 secs] [Times: user=0.01 sys=0.00, real=0.01 secs] 
2015-01-18T14:07:59.688+0100: 3.016: [GC (Allocation Failure) 3.016: [ParNew: 3069K->317K(3072K), 0.0074591 secs] 115386K->113027K(185704K), 0.0074893 secs] [Times: user=0.00 sys=0.00, real=0.00 secs] 
2015-01-18T14:07:59.703+0100: 3.032: [GC (Allocation Failure) 3.032: [ParNew: 3064K->317K(3072K), 0.0079883 secs] 115774K->113416K(185704K), 0.0080175 secs] [Times: user=0.00 sys=0.00, real=0.01 secs] 
2015-01-18T14:07:59.716+0100: 3.044: [GC (Allocation Failure) 3.044: [ParNew: 3064K->317K(3072K), 0.0074743 secs] 116163K->113809K(185704K), 0.0075029 secs] [Times: user=0.00 sys=0.00, real=0.01 secs] 
2015-01-18T14:07:59.728+0100: 3.056: [GC (Allocation Failure) 3.056: [ParNew: 3059K->317K(3072K), 0.0194917 secs] 116551K->114199K(185704K), 0.0195366 secs] [Times: user=0.01 sys=0.00, real=0.02 secs] 
2015-01-18T14:07:59.752+0100: 3.080: [GC (Allocation Failure) 3.080: [ParNew: 3068K->317K(3072K), 0.0193634 secs] 116949K->114591K(185704K), 0.0194028 secs] [Times: user=0.02 sys=0.00, real=0.02 secs] 
2015-01-18T14:07:59.776+0100: 3.104: [GC (Allocation Failure) 3.104: [ParNew: 3061K->317K(3072K), 0.0043385 secs] 117335K->114981K(185704K), 0.0043721 secs] [Times: user=0.01 sys=0.00, real=0.01 secs] 
2015-01-18T14:07:59.784+0100: 3.113: [GC (Allocation Failure) 3.113: [ParNew: 3068K->317K(3072K), 0.0067057 secs] 117732K->115374K(185704K), 0.0067363 secs] [Times: user=0.00 sys=0.01, real=0.01 secs] 
2015-01-18T14:07:59.799+0100: 3.128: [GC (Allocation Failure) 3.128: [ParNew: 3060K->317K(3072K), 0.0040022 secs] 118117K->115763K(185704K), 0.0040313 secs] [Times: user=0.00 sys=0.00, real=0.00 secs] 
2015-01-18T14:07:59.811+0100: 3.140: [GC (Allocation Failure) 3.140: [ParNew: 3064K->317K(3072K), 0.0119768 secs] 118510K->116156K(185704K), 0.0120051 secs] [Times: user=0.00 sys=0.00, real=0.01 secs] 
2015-01-18T14:07:59.831+0100: 3.160: [GC (Allocation Failure) 3.160: [ParNew: 3069K->317K(3072K), 0.0079998 secs] 118908K->116546K(185704K), 0.0080439 secs] [Times: user=0.00 sys=0.00, real=0.01 secs] 
2015-01-18T14:07:59.847+0100: 3.176: [GC (Allocation Failure) 3.176: [ParNew: 3063K->317K(3072K), 0.0040509 secs] 119292K->116939K(185704K), 0.0040865 secs] [Times: user=0.01 sys=0.00, real=0.00 secs] 
2015-01-18T14:07:59.852+0100: 3.181: [GC (Allocation Failure) 3.181: [ParNew: 3069K->317K(3072K), 0.0112547 secs] 119691K->117331K(185704K), 0.0112910 secs] [Times: user=0.00 sys=0.00, real=0.01 secs] 
2015-01-18T14:07:59.868+0100: 3.196: [GC (Allocation Failure) 3.196: [ParNew: 3064K->317K(3072K), 0.0074480 secs] 120079K->117721K(185704K), 0.0074804 secs] [Times: user=0.00 sys=0.00, real=0.00 secs] 
2015-01-18T14:07:59.880+0100: 3.208: [GC (Allocation Failure) 3.208: [ParNew: 3064K->317K(3072K), 0.0083573 secs] 120467K->118114K(185704K), 0.0083890 secs] [Times: user=0.01 sys=0.00, real=0.01 secs] 
2015-01-18T14:07:59.890+0100: 3.218: [GC (Allocation Failure) 3.218: [ParNew: 3059K->317K(3072K), 0.0053567 secs] 120856K->118503K(185704K), 0.0054120 secs] [Times: user=0.00 sys=0.00, real=0.00 secs] 
2015-01-18T14:07:59.896+0100: 3.225: [GC (Allocation Failure) 3.225: [ParNew: 3068K->317K(3072K), 0.0069596 secs] 121254K->118896K(185704K), 0.0070023 secs] [Times: user=0.00 sys=0.00, real=0.01 secs] 
2015-01-18T14:07:59.904+0100: 3.233: [GC (Allocation Failure) 3.233: [ParNew: 3061K->317K(3072K), 0.0071699 secs] 121640K->119286K(185704K), 0.0072128 secs] [Times: user=0.01 sys=0.00, real=0.01 secs] 
2015-01-18T14:07:59.912+0100: 3.241: [GC (Allocation Failure) 3.241: [ParNew: 3068K->317K(3072K), 0.0110917 secs] 122036K->119678K(185704K), 0.0111320 secs] [Times: user=0.00 sys=0.00, real=0.01 secs] 
2015-01-18T14:07:59.924+0100: 3.253: [GC (Allocation Failure) 3.253: [ParNew: 3060K->317K(3072K), 0.0110864 secs] 122421K->120068K(185704K), 0.0111303 secs] [Times: user=0.01 sys=0.00, real=0.01 secs] 
2015-01-18T14:07:59.936+0100: 3.265: [GC (Allocation Failure) 3.265: [ParNew: 3064K->317K(3072K), 0.0072768 secs] 122815K->120461K(185704K), 0.0073306 secs] [Times: user=0.00 sys=0.00, real=0.01 secs] 
2015-01-18T14:07:59.944+0100: 3.273: [GC (Allocation Failure) 3.273: [ParNew: 3069K->317K(3072K), 0.0108102 secs] 123213K->120850K(185704K), 0.0108581 secs] [Times: user=0.01 sys=0.00, real=0.01 secs] 
2015-01-18T14:07:59.956+0100: 3.285: [GC (Allocation Failure) 3.285: [ParNew: 3063K->317K(3072K), 0.0032429 secs] 123596K->121243K(185704K), 0.0032816 secs] [Times: user=0.00 sys=0.00, real=0.01 secs] 
2015-01-18T14:07:59.960+0100: 3.289: [GC (Allocation Failure) 3.289: [ParNew: 3069K->317K(3072K), 0.0071650 secs] 123995K->121636K(185704K), 0.0072127 secs] [Times: user=0.00 sys=0.00, real=0.01 secs] 
2015-01-18T14:07:59.968+0100: 3.297: [GC (Allocation Failure) 3.297: [ParNew: 3064K->317K(3072K), 0.0066584 secs] 124383K->122025K(185704K), 0.0066942 secs] [Times: user=0.01 sys=0.00, real=0.00 secs] 
2015-01-18T14:07:59.976+0100: 3.304: [GC (Allocation Failure) 3.304: [ParNew: 3064K->317K(3072K), 0.0076438 secs] 124772K->122418K(185704K), 0.0076945 secs] [Times: user=0.00 sys=0.00, real=0.01 secs] 
2015-01-18T14:07:59.984+0100: 3.313: [GC (Allocation Failure) 3.313: [ParNew: 3059K->317K(3072K), 0.0030724 secs] 125161K->122808K(185704K), 0.0031130 secs] [Times: user=0.00 sys=0.00, real=0.01 secs] 
2015-01-18T14:07:59.988+0100: 3.317: [GC (Allocation Failure) 3.317: [ParNew: 3068K->317K(3072K), 0.0071834 secs] 125558K->123201K(185704K), 0.0072197 secs] [Times: user=0.00 sys=0.00, real=0.00 secs] 
2015-01-18T14:07:59.996+0100: 3.325: [GC (Allocation Failure) 3.325: [ParNew: 3061K->317K(3072K), 0.0034596 secs] 125944K->123590K(185704K), 0.0034961 secs] [Times: user=0.01 sys=0.00, real=0.01 secs] 
2015-01-18T14:08:00.000+0100: 3.329: [GC (Allocation Failure) 3.329: [ParNew: 3068K->317K(3072K), 0.0068013 secs] 126341K->123983K(185704K), 0.0068402 secs] [Times: user=0.00 sys=0.00, real=0.01 secs] 
2015-01-18T14:08:00.012+0100: 3.340: [GC (Allocation Failure) 3.340: [ParNew: 3060K->317K(3072K), 0.0113234 secs] 126726K->124373K(185704K), 0.0113801 secs] [Times: user=0.00 sys=0.00, real=0.01 secs] 
2015-01-18T14:08:00.025+0100: 3.353: [GC (Allocation Failure) 3.353: [ParNew: 3064K->317K(3072K), 0.0065576 secs] 127119K->124765K(185704K), 0.0066062 secs] [Times: user=0.00 sys=0.00, real=0.01 secs] 
2015-01-18T14:08:00.032+0100: 3.361: [GC (Allocation Failure) 3.361: [ParNew: 3069K->317K(3072K), 0.0071284 secs] 127517K->125155K(185704K), 0.0071691 secs] [Times: user=0.00 sys=0.00, real=0.01 secs] 
2015-01-18T14:08:00.040+0100: 3.369: [GC (Allocation Failure) 3.369: [ParNew: 3063K->317K(3072K), 0.0030371 secs] 127901K->125548K(185704K), 0.0030794 secs] [Times: user=0.00 sys=0.00, real=0.00 secs] 
2015-01-18T14:08:00.047+0100: 3.376: [GC (Allocation Failure) 3.376: [ParNew: 3069K->317K(3072K), 0.0119696 secs] 128300K->125940K(185704K), 0.0120097 secs] [Times: user=0.01 sys=0.00, real=0.01 secs] 
2015-01-18T14:08:00.063+0100: 3.392: [GC (Allocation Failure) 3.392: [ParNew: 3064K->317K(3072K), 0.0039802 secs] 128688K->126330K(185704K), 0.0040180 secs] [Times: user=0.00 sys=0.00, real=0.01 secs] 
2015-01-18T14:08:00.072+0100: 3.400: [GC (Allocation Failure) 3.400: [ParNew: 3064K->317K(3072K), 0.0114352 secs] 129077K->126723K(185704K), 0.0114844 secs] [Times: user=0.01 sys=0.00, real=0.01 secs] 
2015-01-18T14:08:00.084+0100: 3.413: [GC (Allocation Failure) 3.413: [ParNew: 3059K->317K(3072K), 0.0108823 secs] 129465K->127112K(185704K), 0.0109279 secs] [Times: user=0.00 sys=0.00, real=0.01 secs] 
2015-01-18T14:08:00.096+0100: 3.425: [GC (Allocation Failure) 3.425: [ParNew: 3068K->317K(3072K), 0.0070748 secs] 129863K->127505K(185704K), 0.0071169 secs] [Times: user=0.01 sys=0.00, real=0.01 secs] 
2015-01-18T14:08:00.104+0100: 3.433: [GC (Allocation Failure) 3.433: [ParNew: 3061K->317K(3072K), 0.0151620 secs] 130249K->127895K(185704K), 0.0151996 secs] [Times: user=0.01 sys=0.00, real=0.02 secs] 
2015-01-18T14:08:00.124+0100: 3.452: [GC (Allocation Failure) 3.452: [ParNew: 3068K->317K(3072K), 0.0072940 secs] 130646K->128288K(185704K), 0.0073313 secs] [Times: user=0.00 sys=0.00, real=0.01 secs] 
2015-01-18T14:08:00.175+0100: 3.504: [GC (Allocation Failure) 3.504: [ParNew: 3060K->317K(3072K), 0.0199316 secs] 131031K->128677K(185704K), 0.0200242 secs] [Times: user=0.01 sys=0.00, real=0.02 secs] 
2015-01-18T14:08:00.199+0100: 3.528: [GC (Allocation Failure) 3.528: [ParNew: 3064K->317K(3072K), 0.0159528 secs] 131424K->129070K(185704K), 0.0160028 secs] [Times: user=0.01 sys=0.00, real=0.01 secs] 
2015-01-18T14:08:00.219+0100: 3.548: [GC (Allocation Failure) 3.548: [ParNew: 3069K->317K(3072K), 0.0119601 secs] 131822K->129459K(185704K), 0.0120137 secs] [Times: user=0.00 sys=0.00, real=0.01 secs] 
2015-01-18T14:08:00.232+0100: 3.561: [GC (Allocation Failure) 3.561: [ParNew: 3063K->317K(3072K), 0.0151447 secs] 132205K->129852K(185704K), 0.0151864 secs] [Times: user=0.00 sys=0.00, real=0.02 secs] 
2015-01-18T14:08:00.255+0100: 3.584: [GC (Allocation Failure) 3.584: [ParNew: 3069K->317K(3072K), 0.0079585 secs] 132604K->130245K(185704K), 0.0080026 secs] [Times: user=0.01 sys=0.00, real=0.01 secs] 
2015-01-18T14:08:00.267+0100: 3.596: [GC (Allocation Failure) 3.596: [ParNew: 3064K->317K(3072K), 0.0064241 secs] 132992K->130635K(185704K), 0.0064785 secs] [Times: user=0.00 sys=0.00, real=0.00 secs] 
2015-01-18T14:08:00.279+0100: 3.608: [GC (Allocation Failure) 3.608: [ParNew: 3064K->317K(3072K), 0.0079671 secs] 133381K->131027K(185704K), 0.0080193 secs] [Times: user=0.01 sys=0.01, real=0.01 secs] 
2015-01-18T14:08:00.295+0100: 3.624: [GC (Allocation Failure) 3.624: [ParNew: 3059K->317K(3072K), 0.0080787 secs] 133770K->131417K(185704K), 0.0081279 secs] [Times: user=0.00 sys=0.00, real=0.01 secs] 
2015-01-18T14:08:00.307+0100: 3.636: [GC (Allocation Failure) 3.636: [ParNew: 3068K->317K(3072K), 0.0079613 secs] 134167K->131810K(185704K), 0.0079997 secs] [Times: user=0.01 sys=0.00, real=0.00 secs] 
2015-01-18T14:08:00.319+0100: 3.648: [GC (Allocation Failure) 3.648: [ParNew: 3061K->317K(3072K), 0.0039728 secs] 134553K->132199K(185704K), 0.0040096 secs] [Times: user=0.00 sys=0.00, real=0.00 secs] 
2015-01-18T14:08:00.324+0100: 3.653: [GC (Allocation Failure) 3.653: [ParNew: 3068K->317K(3072K), 0.0073651 secs] 134950K->132592K(185704K), 0.0074225 secs] [Times: user=0.00 sys=0.00, real=0.01 secs] 
2015-01-18T14:08:00.332+0100: 3.661: [GC (Allocation Failure) 3.661: [ParNew: 3060K->317K(3072K), 0.0029397 secs] 135335K->132982K(185704K), 0.0029826 secs] [Times: user=0.00 sys=0.00, real=0.00 secs] 
2015-01-18T14:08:00.336+0100: 3.665: [GC (Allocation Failure) 3.665: [ParNew: 3064K->317K(3072K), 0.0150443 secs] 135728K->133374K(185704K), 0.0150817 secs] [Times: user=0.00 sys=0.00, real=0.02 secs] 
2015-01-18T14:08:00.353+0100: 3.682: [GC (Allocation Failure) 3.682: [ParNew: 3069K->317K(3072K), 0.0061922 secs] 136126K->133764K(185704K), 0.0062311 secs] [Times: user=0.00 sys=0.00, real=0.01 secs] 
2015-01-18T14:08:00.364+0100: 3.692: [GC (Allocation Failure) 3.692: [ParNew: 3063K->317K(3072K), 0.0038662 secs] 136510K->134157K(185704K), 0.0039030 secs] [Times: user=0.00 sys=0.01, real=0.01 secs] 
2015-01-18T14:08:00.369+0100: 3.697: [GC (Allocation Failure) 3.697: [ParNew: 3069K->317K(3072K), 0.0027647 secs] 136909K->134550K(185704K), 0.0028020 secs] [Times: user=0.00 sys=0.00, real=0.00 secs] 
2015-01-18T14:08:00.372+0100: 3.701: [GC (Allocation Failure) 3.701: [ParNew: 3064K->317K(3072K), 0.0070187 secs] 137297K->134939K(185704K), 0.0070704 secs] [Times: user=0.01 sys=0.00, real=0.01 secs] 
2015-01-18T14:08:00.380+0100: 3.709: [GC (Allocation Failure) 3.709: [ParNew: 3064K->317K(3072K), 0.0068816 secs] 137686K->135332K(185704K), 0.0069243 secs] [Times: user=0.00 sys=0.00, real=0.01 secs] 
2015-01-18T14:08:00.388+0100: 3.717: [GC (Allocation Failure) 3.717: [ParNew: 3059K->317K(3072K), 0.0033133 secs] 138074K->135722K(185704K), 0.0033540 secs] [Times: user=0.01 sys=0.00, real=0.00 secs] 
2015-01-18T14:08:00.392+0100: 3.721: [GC (Allocation Failure) 3.721: [ParNew: 3068K->317K(3072K), 0.0071288 secs] 138472K->136114K(185704K), 0.0071672 secs] [Times: user=0.00 sys=0.00, real=0.01 secs] 
2015-01-18T14:08:00.400+0100: 3.729: [GC (Allocation Failure) 3.729: [ParNew: 3061K->317K(3072K), 0.0036512 secs] 138858K->136504K(185704K), 0.0036870 secs] [Times: user=0.00 sys=0.00, real=0.00 secs] 
2015-01-18T14:08:00.405+0100: 3.733: [GC (Allocation Failure) 3.733: [ParNew: 3068K->317K(3072K), 0.0027897 secs] 139255K->136897K(185704K), 0.0028398 secs] [Times: user=0.00 sys=0.00, real=0.01 secs] 
2015-01-18T14:08:00.408+0100: 3.737: [GC (Allocation Failure) 3.737: [ParNew: 3060K->317K(3072K), 0.0069824 secs] 139640K->137286K(185704K), 0.0070320 secs] [Times: user=0.01 sys=0.00, real=0.00 secs] 
2015-01-18T14:08:00.416+0100: 3.745: [GC (Allocation Failure) 3.745: [ParNew: 3064K->317K(3072K), 0.0070387 secs] 140033K->137679K(185704K), 0.0070814 secs] [Times: user=0.00 sys=0.00, real=0.01 secs] 
2015-01-18T14:08:00.424+0100: 3.753: [GC (Allocation Failure) 3.753: [ParNew: 3069K->317K(3072K), 0.0030916 secs] 140431K->138069K(185704K), 0.0031293 secs] [Times: user=0.00 sys=0.00, real=0.01 secs] 
2015-01-18T14:08:00.428+0100: 3.757: [GC (Allocation Failure) 3.757: [ParNew: 3063K->317K(3072K), 0.0032248 secs] 140814K->138461K(185704K), 0.0032610 secs] [Times: user=0.00 sys=0.00, real=0.00 secs] 
2015-01-18T14:08:00.432+0100: 3.761: [GC (Allocation Failure) 3.761: [ParNew: 3069K->317K(3072K), 0.0032242 secs] 141213K->138854K(185704K), 0.0032754 secs] [Times: user=0.01 sys=0.00, real=0.00 secs] 
2015-01-18T14:08:00.436+0100: 3.765: [GC (Allocation Failure) 3.765: [ParNew: 3064K->317K(3072K), 0.0029575 secs] 141601K->139244K(185704K), 0.0029974 secs] [Times: user=0.00 sys=0.00, real=0.01 secs] 
2015-01-18T14:08:00.440+0100: 3.769: [GC (Allocation Failure) 3.769: [ParNew: 3064K->317K(3072K), 0.0031467 secs] 141990K->139637K(185704K), 0.0031812 secs] [Times: user=0.00 sys=0.00, real=0.00 secs] 
2015-01-18T14:08:00.444+0100: 3.773: [GC (Allocation Failure) 3.773: [ParNew: 3059K->317K(3072K), 0.0032006 secs] 142379K->140026K(185704K), 0.0032360 secs] [Times: user=0.00 sys=0.00, real=0.01 secs] 
2015-01-18T14:08:00.448+0100: 3.777: [GC (Allocation Failure) 3.777: [ParNew: 3068K->317K(3072K), 0.0043685 secs] 142777K->140419K(185704K), 0.0044145 secs] [Times: user=0.00 sys=0.00, real=0.00 secs] 
2015-01-18T14:08:00.453+0100: 3.782: [GC (Allocation Failure) 3.782: [ParNew: 3061K->317K(3072K), 0.0297550 secs] 143162K->140808K(185704K), 0.0298102 secs] [Times: user=0.03 sys=0.00, real=0.03 secs] 
2015-01-18T14:08:00.484+0100: 3.813: [GC (Allocation Failure) 3.813: [ParNew: 3068K->317K(3072K), 0.0109070 secs] 143559K->141201K(185704K), 0.0109505 secs] [Times: user=0.00 sys=0.00, real=0.01 secs] 
2015-01-18T14:08:00.496+0100: 3.825: [GC (Allocation Failure) 3.825: [ParNew: 3060K->317K(3072K), 0.0071661 secs] 143944K->141591K(185704K), 0.0072051 secs] [Times: user=0.01 sys=0.00, real=0.01 secs] 
2015-01-18T14:08:00.507+0100: 3.836: [GC (Allocation Failure) 3.836: [ParNew: 3064K->317K(3072K), 0.0079615 secs] 144338K->141984K(185704K), 0.0079978 secs] [Times: user=0.00 sys=0.00, real=0.00 secs] 
2015-01-18T14:08:00.519+0100: 3.848: [GC (Allocation Failure) 3.848: [ParNew: 3069K->317K(3072K), 0.0047483 secs] 144736K->142373K(185704K), 0.0047859 secs] [Times: user=0.00 sys=0.00, real=0.00 secs] 
2015-01-18T14:08:00.525+0100: 3.854: [GC (Allocation Failure) 3.854: [ParNew: 3063K->317K(3072K), 0.0101413 secs] 145119K->142766K(185704K), 0.0101850 secs] [Times: user=0.00 sys=0.00, real=0.01 secs] 
2015-01-18T14:08:00.536+0100: 3.865: [GC (Allocation Failure) 3.865: [ParNew: 3069K->317K(3072K), 0.0032920 secs] 145518K->143159K(185704K), 0.0033412 secs] [Times: user=0.01 sys=0.00, real=0.01 secs] 
2015-01-18T14:08:00.543+0100: 3.872: [GC (Allocation Failure) 3.872: [ParNew: 3064K->317K(3072K), 0.0119701 secs] 145906K->143548K(185704K), 0.0120194 secs] [Times: user=0.00 sys=0.00, real=0.01 secs] 
2015-01-18T14:08:00.560+0100: 3.889: [GC (Allocation Failure) 3.889: [ParNew: 3064K->317K(3072K), 0.0112021 secs] 146295K->143941K(185704K), 0.0112469 secs] [Times: user=0.01 sys=0.00, real=0.01 secs] 
2015-01-18T14:08:00.572+0100: 3.901: [GC (Allocation Failure) 3.901: [ParNew: 3059K->317K(3072K), 0.0015411 secs] 146683K->144331K(185704K), 0.0015761 secs] [Times: user=0.00 sys=0.00, real=0.00 secs] 
2015-01-18T14:08:00.575+0100: 3.903: [GC (Allocation Failure) 3.903: [ParNew: 3068K->317K(3072K), 0.0246877 secs] 147081K->144723K(185704K), 0.0247372 secs] [Times: user=0.01 sys=0.00, real=0.03 secs] 
2015-01-18T14:08:00.600+0100: 3.929: [GC (Allocation Failure) 3.929: [ParNew: 3061K->317K(3072K), 0.0070876 secs] 147467K->145113K(185704K), 0.0071373 secs] [Times: user=0.00 sys=0.00, real=0.01 secs] 
2015-01-18T14:08:00.608+0100: 3.937: [GC (Allocation Failure) 3.937: [ParNew: 3068K->317K(3072K), 0.0069995 secs] 147864K->145506K(185704K), 0.0070504 secs] [Times: user=0.01 sys=0.00, real=0.00 secs] 
2015-01-18T14:08:00.616+0100: 3.945: [GC (Allocation Failure) 3.945: [ParNew: 3060K->317K(3072K), 0.0032734 secs] 148249K->145895K(185704K), 0.0033096 secs] [Times: user=0.00 sys=0.00, real=0.01 secs] 
2015-01-18T14:08:00.620+0100: 3.949: [GC (Allocation Failure) 3.949: [ParNew: 3064K->317K(3072K), 0.0071010 secs] 148642K->146288K(185704K), 0.0071381 secs] [Times: user=0.01 sys=0.00, real=0.01 secs] 
2015-01-18T14:08:00.628+0100: 3.957: [GC (Allocation Failure) 3.957: [ParNew: 3069K->317K(3072K), 0.0033270 secs] 149040K->146678K(185704K), 0.0033639 secs] [Times: user=0.00 sys=0.00, real=0.00 secs] 
2015-01-18T14:08:00.632+0100: 3.961: [GC (Allocation Failure) 3.961: [ParNew: 3063K->317K(3072K), 0.0071183 secs] 149424K->147071K(185704K), 0.0071699 secs] [Times: user=0.00 sys=0.00, real=0.01 secs] 
2015-01-18T14:08:00.640+0100: 3.969: [GC (Allocation Failure) 3.969: [ParNew: 3069K->317K(3072K), 0.0016945 secs] 149823K->147463K(185704K), 0.0017325 secs] [Times: user=0.00 sys=0.00, real=0.00 secs] 
2015-01-18T14:08:00.643+0100: 3.971: [GC (Allocation Failure) 3.971: [ParNew: 3064K->317K(3072K), 0.0045443 secs] 150211K->147853K(185704K), 0.0045797 secs] [Times: user=0.01 sys=0.00, real=0.01 secs] 
2015-01-18T14:08:00.648+0100: 3.977: [GC (Allocation Failure) 3.977: [ParNew: 3064K->317K(3072K), 0.0073232 secs] 150599K->148246K(185704K), 0.0073709 secs] [Times: user=0.00 sys=0.00, real=0.00 secs] 
2015-01-18T14:08:00.656+0100: 3.985: [GC (Allocation Failure) 3.985: [ParNew: 3059K->317K(3072K), 0.0029321 secs] 150988K->148635K(185704K), 0.0029737 secs] [Times: user=0.01 sys=0.00, real=0.01 secs] 
2015-01-18T14:08:00.663+0100: 3.992: [GC (Allocation Failure) 3.992: [ParNew: 3068K->317K(3072K), 0.0079815 secs] 151386K->149028K(185704K), 0.0080366 secs] [Times: user=0.00 sys=0.00, real=0.01 secs] 
2015-01-18T14:08:00.676+0100: 4.005: [GC (Allocation Failure) 4.005: [ParNew: 3061K->317K(3072K), 0.0110975 secs] 151772K->149418K(185704K), 0.0111413 secs] [Times: user=0.00 sys=0.00, real=0.02 secs] 
2015-01-18T14:08:00.695+0100: 4.024: [GC (Allocation Failure) 4.024: [ParNew: 3068K->317K(3072K), 0.0039997 secs] 152168K->149810K(185704K), 0.0040380 secs] [Times: user=0.01 sys=0.00, real=0.01 secs] 
2015-01-18T14:08:00.703+0100: 4.032: [GC (Allocation Failure) 4.032: [ParNew: 3060K->317K(3072K), 0.0079750 secs] 152553K->150200K(185704K), 0.0080115 secs] [Times: user=0.01 sys=0.00, real=0.01 secs] 
2015-01-18T14:08:00.716+0100: 4.044: [GC (Allocation Failure) 4.045: [ParNew: 3064K->317K(3072K), 0.0072654 secs] 152947K->150593K(185704K), 0.0073057 secs] [Times: user=0.00 sys=0.00, real=0.01 secs] 
2015-01-18T14:08:00.728+0100: 4.056: [GC (Allocation Failure) 4.056: [ParNew: 3069K->317K(3072K), 0.0034074 secs] 153345K->150982K(185704K), 0.0034452 secs] [Times: user=0.00 sys=0.00, real=0.00 secs] 
2015-01-18T14:08:00.732+0100: 4.061: [GC (Allocation Failure) 4.061: [ParNew: 3063K->317K(3072K), 0.0072063 secs] 153728K->151375K(185704K), 0.0072435 secs] [Times: user=0.01 sys=0.00, real=0.01 secs] 
2015-01-18T14:08:00.740+0100: 4.069: [GC (Allocation Failure) 4.069: [ParNew: 3069K->317K(3072K), 0.0084134 secs] 154127K->151768K(185704K), 0.0084505 secs] [Times: user=0.00 sys=0.00, real=0.01 secs] 
2015-01-18T14:08:00.749+0100: 4.078: [GC (Allocation Failure) 4.078: [ParNew: 3064K->317K(3072K), 0.0084518 secs] 154515K->152157K(185704K), 0.0111577 secs] [Times: user=0.01 sys=0.00, real=0.01 secs] 
2015-01-18T14:08:00.764+0100: 4.093: [GC (Allocation Failure) 4.093: [ParNew: 3064K->317K(3072K), 0.0017935 secs] 154904K->152550K(185704K), 0.0018324 secs] [Times: user=0.00 sys=0.00, real=0.00 secs] 
2015-01-18T14:08:00.768+0100: 4.097: [GC (Allocation Failure) 4.097: [ParNew: 3059K->317K(3072K), 0.0087804 secs] 155293K->152940K(185704K), 0.0088275 secs] [Times: user=0.01 sys=0.00, real=0.00 secs] 
2015-01-18T14:08:00.780+0100: 4.108: [GC (Allocation Failure) 4.109: [ParNew: 3068K->317K(3072K), 0.0019131 secs] 155690K->153333K(185704K), 0.0019564 secs] [Times: user=0.00 sys=0.00, real=0.00 secs] 
2015-01-18T14:08:00.784+0100: 4.112: [GC (Allocation Failure) 4.112: [ParNew: 3061K->317K(3072K), 0.0074276 secs] 156076K->153722K(185704K), 0.0074720 secs] [Times: user=0.00 sys=0.00, real=0.01 secs] 
2015-01-18T14:08:00.796+0100: 4.125: [GC (Allocation Failure) 4.125: [ParNew: 3068K->317K(3072K), 0.0017731 secs] 156473K->154115K(185704K), 0.0018115 secs] [Times: user=0.01 sys=0.00, real=0.00 secs] 
2015-01-18T14:08:00.800+0100: 4.129: [GC (Allocation Failure) 4.129: [ParNew: 3060K->317K(3072K), 0.0094289 secs] 156858K->154505K(185704K), 0.0094766 secs] [Times: user=0.00 sys=0.00, real=0.01 secs] 
2015-01-18T14:08:00.812+0100: 4.140: [GC (Allocation Failure) 4.141: [ParNew: 3064K->317K(3072K), 0.0017468 secs] 157251K->154897K(185704K), 0.0017863 secs] [Times: user=0.00 sys=0.00, real=0.00 secs] 
2015-01-18T14:08:00.816+0100: 4.144: [GC (Allocation Failure) 4.144: [ParNew: 3069K->317K(3072K), 0.0095980 secs] 157649K->155287K(185704K), 0.0096515 secs] [Times: user=0.01 sys=0.00, real=0.01 secs] 
2015-01-18T14:08:00.828+0100: 4.157: [GC (Allocation Failure) 4.157: [ParNew: 3063K->317K(3072K), 0.0017381 secs] 158033K->155680K(185704K), 0.0017805 secs] [Times: user=0.00 sys=0.00, real=0.00 secs] 
2015-01-18T14:08:00.832+0100: 4.161: [GC (Allocation Failure) 4.161: [ParNew: 3067K->317K(3072K), 0.0074891 secs] 158429K->156311K(185704K), 0.0075323 secs] [Times: user=0.01 sys=0.00, real=0.01 secs] 
2015-01-18T14:08:00.844+0100: 4.172: [GC (Allocation Failure) 4.172: [ParNew: 3060K->317K(3072K), 0.0035037 secs] 159054K->156701K(185704K), 0.0035426 secs] [Times: user=0.00 sys=0.00, real=0.01 secs] 
2015-01-18T14:08:00.852+0100: 4.180: [GC (Allocation Failure) 4.180: [ParNew: 3064K->317K(3072K), 0.0080445 secs] 159447K->157093K(185704K), 0.0080815 secs] [Times: user=0.00 sys=0.00, real=0.01 secs] 
2015-01-18T14:08:00.864+0100: 4.193: [GC (Allocation Failure) 4.193: [ParNew: 3069K->317K(3072K), 0.0017560 secs] 159845K->157483K(185704K), 0.0017954 secs] [Times: user=0.01 sys=0.00, real=0.00 secs] 
2015-01-18T14:08:00.868+0100: 4.196: [GC (Allocation Failure) 4.197: [ParNew: 3063K->317K(3072K), 0.0056302 secs] 160229K->157876K(185704K), 0.0056744 secs] [Times: user=0.00 sys=0.00, real=0.00 secs] 
2015-01-18T14:08:00.875+0100: 4.203: [GC (Allocation Failure) 4.203: [ParNew: 3069K->317K(3072K), 0.0048306 secs] 160628K->158269K(185704K), 0.0048758 secs] [Times: user=0.00 sys=0.00, real=0.01 secs] 
2015-01-18T14:08:00.884+0100: 4.213: [GC (Allocation Failure) 4.213: [ParNew: 3064K->317K(3072K), 0.0097628 secs] 161016K->158658K(185704K), 0.0098102 secs] [Times: user=0.00 sys=0.00, real=0.01 secs] 
2015-01-18T14:08:00.896+0100: 4.225: [GC (Allocation Failure) 4.225: [ParNew: 3064K->317K(3072K), 0.0074410 secs] 161405K->159051K(185704K), 0.0074812 secs] [Times: user=0.00 sys=0.00, real=0.01 secs] 
2015-01-18T14:08:00.908+0100: 4.236: [GC (Allocation Failure) 4.236: [ParNew: 3059K->317K(3072K), 0.0099459 secs] 161793K->159441K(185704K), 0.0099909 secs] [Times: user=0.01 sys=0.00, real=0.00 secs] 
2015-01-18T14:08:00.920+0100: 4.249: [GC (Allocation Failure) 4.249: [ParNew: 3068K->317K(3072K), 0.0074522 secs] 162191K->159833K(185704K), 0.0074924 secs] [Times: user=0.00 sys=0.00, real=0.01 secs] 
2015-01-18T14:08:00.932+0100: 4.260: [GC (Allocation Failure) 4.261: [ParNew: 3061K->317K(3072K), 0.0097718 secs] 162577K->160223K(185704K), 0.0098122 secs] [Times: user=0.00 sys=0.00, real=0.01 secs] 
2015-01-18T14:08:00.944+0100: 4.272: [GC (Allocation Failure) 4.272: [ParNew: 3068K->317K(3072K), 0.0017190 secs] 162974K->160616K(185704K), 0.0017578 secs] [Times: user=0.00 sys=0.00, real=0.00 secs] 
2015-01-18T14:08:00.948+0100: 4.276: [GC (Allocation Failure) 4.276: [ParNew: 3060K->317K(3072K), 0.0089421 secs] 163359K->161005K(185704K), 0.0089873 secs] [Times: user=0.00 sys=0.00, real=0.00 secs] 
2015-01-18T14:08:00.960+0100: 4.289: [GC (Allocation Failure) 4.289: [ParNew: 3064K->317K(3072K), 0.0018080 secs] 163752K->161398K(185704K), 0.0018487 secs] [Times: user=0.00 sys=0.00, real=0.00 secs] 
2015-01-18T14:08:00.964+0100: 4.293: [GC (Allocation Failure) 4.293: [ParNew: 3069K->317K(3072K), 0.0085899 secs] 164150K->161788K(185704K), 0.0086335 secs] [Times: user=0.00 sys=0.00, real=0.01 secs] 
2015-01-18T14:08:00.976+0100: 4.304: [GC (Allocation Failure) 4.305: [ParNew: 3063K->317K(3072K), 0.0017449 secs] 164533K->162180K(185704K), 0.0017859 secs] [Times: user=0.00 sys=0.00, real=0.00 secs] 
2015-01-18T14:08:00.980+0100: 4.308: [GC (Allocation Failure) 4.308: [ParNew: 3069K->317K(3072K), 0.0086147 secs] 164932K->162573K(185704K), 0.0086605 secs] [Times: user=0.01 sys=0.00, real=0.01 secs] 
2015-01-18T14:08:00.992+0100: 4.321: [GC (Allocation Failure) 4.321: [ParNew: 3064K->317K(3072K), 0.0018241 secs] 165320K->162963K(185704K), 0.0018670 secs] [Times: user=0.00 sys=0.00, real=0.00 secs] 
2015-01-18T14:08:00.996+0100: 4.324: [GC (Allocation Failure) 4.324: [ParNew: 3064K->317K(3072K), 0.0112743 secs] 165709K->163356K(185704K), 0.0113158 secs] [Times: user=0.01 sys=0.00, real=0.02 secs] 
2015-01-18T14:08:01.008+0100: 4.337: [GC (Allocation Failure) 4.337: [ParNew: 3059K->317K(3072K), 0.0111356 secs] 166098K->163745K(185704K), 0.0111759 secs] [Times: user=0.00 sys=0.00, real=0.01 secs] 
2015-01-18T14:08:01.020+0100: 4.349: [GC (Allocation Failure) 4.349: [ParNew: 3068K->317K(3072K), 0.0053593 secs] 166496K->164138K(185704K), 0.0054028 secs] [Times: user=0.00 sys=0.00, real=0.00 secs] 
2015-01-18T14:08:01.026+0100: 4.355: [GC (Allocation Failure) 4.355: [ParNew: 3061K->317K(3072K), 0.0049134 secs] 166881K->164527K(185704K), 0.0049527 secs] [Times: user=0.01 sys=0.00, real=0.01 secs] 
2015-01-18T14:08:01.032+0100: 4.361: [GC (Allocation Failure) 4.361: [ParNew: 3068K->317K(3072K), 0.0071744 secs] 167278K->164920K(185704K), 0.0072146 secs] [Times: user=0.00 sys=0.00, real=0.01 secs] 
2015-01-18T14:08:01.040+0100: 4.369: [GC (Allocation Failure) 4.369: [ParNew: 3060K->317K(3072K), 0.0111419 secs] 167663K->165310K(185704K), 0.0111838 secs] [Times: user=0.00 sys=0.00, real=0.01 secs] 
2015-01-18T14:08:01.052+0100: 4.381: [GC (Allocation Failure) 4.381: [ParNew: 3064K->317K(3072K), 0.0191421 secs] 168057K->165703K(185704K), 0.0191848 secs] [Times: user=0.01 sys=0.00, real=0.02 secs] 
2015-01-18T14:08:01.076+0100: 4.405: [GC (Allocation Failure) 4.405: [ParNew: 3069K->317K(3072K), 0.0112424 secs] 168455K->166092K(185704K), 0.0112844 secs] [Times: user=0.00 sys=0.00, real=0.02 secs] 
2015-01-18T14:08:01.088+0100: 4.417: [GC (Allocation Failure) 4.417: [ParNew: 3063K->317K(3072K), 0.0071457 secs] 168838K->166485K(185704K), 0.0071848 secs] [Times: user=0.01 sys=0.00, real=0.00 secs] 
2015-01-18T14:08:01.096+0100: 4.425: [GC (Allocation Failure) 4.425: [ParNew: 3069K->317K(3072K), 0.0071646 secs] 169237K->166878K(185704K), 0.0072029 secs] [Times: user=0.00 sys=0.00, real=0.01 secs] 
2015-01-18T14:08:01.104+0100: 4.433: [GC (Allocation Failure) 4.433: [ParNew: 3064K->317K(3072K), 0.0271711 secs] 169625K->167267K(185704K), 0.0272171 secs] [Times: user=0.03 sys=0.00, real=0.03 secs] 
2015-01-18T14:08:01.139+0100: 4.467: [GC (Allocation Failure) 4.467: [ParNew: 3064K->317K(3072K), 0.0324000 secs] 170014K->167660K(185704K), 0.0324780 secs] [Times: user=0.02 sys=0.00, real=0.04 secs] 
2015-01-18T14:08:01.179+0100: 4.508: [GC (Allocation Failure) 4.508: [ParNew: 3059K->317K(3072K), 0.0119586 secs] 170402K->168050K(185704K), 0.0120035 secs] [Times: user=0.00 sys=0.00, real=0.01 secs] 
2015-01-18T14:08:01.192+0100: 4.521: [GC (Allocation Failure) 4.521: [ParNew: 3068K->317K(3072K), 0.0032683 secs] 170800K->168442K(185704K), 0.0033069 secs] [Times: user=0.00 sys=0.00, real=0.00 secs] 
2015-01-18T14:08:01.196+0100: 4.525: [GC (Allocation Failure) 4.525: [ParNew: 3061K->317K(3072K), 0.0070685 secs] 171186K->168832K(185704K), 0.0071137 secs] [Times: user=0.01 sys=0.00, real=0.01 secs] 
2015-01-18T14:08:01.207+0100: 4.536: [GC (Allocation Failure) 4.536: [ParNew: 3068K->317K(3072K), 0.0079575 secs] 171583K->169225K(185704K), 0.0079995 secs] [Times: user=0.00 sys=0.00, real=0.00 secs] 
2015-01-18T14:08:01.219+0100: 4.548: [GC (Allocation Failure) 4.548: [ParNew: 3060K->317K(3072K), 0.0079654 secs] 171968K->169614K(185704K), 0.0080084 secs] [Times: user=0.01 sys=0.00, real=0.01 secs] 
2015-01-18T14:08:01.228+0100: 4.557: [GC (Allocation Failure) 4.557: [ParNew: 3064K->317K(3072K), 0.0111671 secs] 172361K->170007K(185704K), 0.0112063 secs] [Times: user=0.00 sys=0.00, real=0.01 secs] 
2015-01-18T14:08:01.244+0100: 4.572: [GC (Allocation Failure) 4.572: [ParNew: 3069K->317K(3072K), 0.0072803 secs] 172759K->170397K(185704K), 0.0073190 secs] [Times: user=0.00 sys=0.00, real=0.01 secs] 
2015-01-18T14:08:01.256+0100: 4.584: [GC (Allocation Failure) 4.584: [ParNew: 3063K->317K(3072K), 0.0072810 secs] 173143K->170790K(185704K), 0.0073228 secs] [Times: user=0.01 sys=0.00, real=0.01 secs] 
2015-01-18T14:08:01.267+0100: 4.596: [GC (Allocation Failure) 4.596: [ParNew: 3069K->317K(3072K), 0.0119522 secs] 173542K->171182K(185704K), 0.0119965 secs] [Times: user=0.00 sys=0.00, real=0.01 secs] 
2015-01-18T14:08:01.284+0100: 4.612: [GC (Allocation Failure) 4.613: [ParNew: 3064K->317K(3072K), 0.0041347 secs] 173930K->171572K(185704K), 0.0041782 secs] [Times: user=0.00 sys=0.00, real=0.01 secs] 
2015-01-18T14:08:01.295+0100: 4.624: [GC (Allocation Failure) 4.624: [ParNew: 3064K->317K(3072K), 0.0039770 secs] 174318K->171965K(185704K), 0.0040204 secs] [Times: user=0.01 sys=0.00, real=0.01 secs] 
2015-01-18T14:08:01.304+0100: 4.632: [GC (Allocation Failure) 4.632: [ParNew: 3059K->317K(3072K), 0.0074901 secs] 174707K->172354K(185704K), 0.0075297 secs] [Times: user=0.00 sys=0.00, real=0.01 secs] 
2015-01-18T14:08:01.319+0100: 4.648: [GC (Allocation Failure) 4.648: [ParNew: 3068K->317K(3072K), 0.0079744 secs] 175105K->172747K(185704K), 0.0080191 secs] [Times: user=0.01 sys=0.00, real=0.01 secs] 
2015-01-18T14:08:01.332+0100: 4.661: [GC (Allocation Failure) 4.661: [ParNew: 3061K->317K(3072K), 0.0152504 secs] 175491K->173137K(185704K), 0.0152991 secs] [Times: user=0.01 sys=0.00, real=0.02 secs] 
2015-01-18T14:08:01.352+0100: 4.681: [GC (Allocation Failure) 4.681: [ParNew: 3068K->317K(3072K), 0.0128883 secs] 175887K->173529K(185704K), 0.0129325 secs] [Times: user=0.00 sys=0.00, real=0.01 secs] 
2015-01-18T14:08:01.368+0100: 4.697: [GC (Allocation Failure) 4.697: [ParNew: 3060K->317K(3072K), 0.0112502 secs] 176272K->173919K(185704K), 0.0112954 secs] [Times: user=0.01 sys=0.00, real=0.01 secs] 
2015-01-18T14:08:01.384+0100: 4.713: [GC (Allocation Failure) 4.713: [ParNew: 3064K->317K(3072K), 0.0081896 secs] 176666K->174312K(185704K), 0.0082352 secs] [Times: user=0.00 sys=0.00, real=0.01 secs] 
2015-01-18T14:08:01.396+0100: 4.725: [GC (Allocation Failure) 4.725: [ParNew: 3069K->317K(3072K), 0.0055447 secs] 177064K->174701K(185704K), 0.0055838 secs] [Times: user=0.01 sys=0.00, real=0.01 secs] 
2015-01-18T14:08:01.402+0100: 4.731: [GC (Allocation Failure) 4.731: [ParNew: 3063K->317K(3072K), 0.0050185 secs] 177447K->175094K(185704K), 0.0050585 secs] [Times: user=0.00 sys=0.01, real=0.01 secs] 
2015-01-18T14:08:01.408+0100: 4.737: [GC (Allocation Failure) 4.737: [ParNew: 3069K->317K(3072K), 0.0152294 secs] 177846K->175487K(185704K), 0.0152728 secs] [Times: user=0.00 sys=0.00, real=0.01 secs] 
2015-01-18T14:08:01.424+0100: 4.753: [GC (Allocation Failure) 4.753: [ParNew: 3064K->317K(3072K), 0.0068783 secs] 178234K->175876K(185704K), 0.0069169 secs] [Times: user=0.00 sys=0.00, real=0.01 secs] 
2015-01-18T14:08:01.432+0100: 4.761: [GC (Allocation Failure) 4.761: [ParNew: 3064K->317K(3072K), 0.0031927 secs] 178623K->176269K(185704K), 0.0032310 secs] [Times: user=0.01 sys=0.00, real=0.00 secs] 
2015-01-18T14:08:01.436+0100: 4.765: [GC (Allocation Failure) 4.765: [ParNew: 3059K->317K(3072K), 0.0071787 secs] 179012K->176659K(185704K), 0.0072165 secs] [Times: user=0.00 sys=0.00, real=0.01 secs] 
2015-01-18T14:08:01.444+0100: 4.773: [GC (Allocation Failure) 4.773: [ParNew: 3068K->317K(3072K), 0.0032166 secs] 179409K->177052K(185704K), 0.0032553 secs] [Times: user=0.00 sys=0.00, real=0.01 secs] 
2015-01-18T14:08:01.448+0100: 4.777: [GC (Allocation Failure) 4.777: [ParNew: 3061K->317K(3072K), 0.0042397 secs] 179795K->177441K(185704K), 0.0042875 secs] [Times: user=0.00 sys=0.00, real=0.00 secs] 
2015-01-18T14:08:01.453+0100: 4.782: [GC (Allocation Failure) 4.782: [ParNew: 3068K->317K(3072K), 0.0061182 secs] 180192K->177834K(185704K), 0.0061549 secs] [Times: user=0.00 sys=0.00, real=0.01 secs] 
2015-01-18T14:08:01.460+0100: 4.789: [GC (Allocation Failure) 4.789: [ParNew: 3060K->317K(3072K), 0.0072113 secs] 180577K->178223K(185704K), 0.0072620 secs] [Times: user=0.00 sys=0.00, real=0.01 secs] 
2015-01-18T14:08:01.468+0100: 4.797: [GC (Allocation Failure) 4.797: [ParNew: 3064K->317K(3072K), 0.0069654 secs] 180970K->178616K(185704K), 0.0070079 secs] [Times: user=0.00 sys=0.00, real=0.00 secs] 
2015-01-18T14:08:01.480+0100: 4.809: [GC (Allocation Failure) 4.809: [ParNew: 3069K->317K(3072K), 0.0072466 secs] 181368K->179006K(185704K), 0.0072886 secs] [Times: user=0.01 sys=0.00, real=0.01 secs] 
2015-01-18T14:08:01.495+0100: 4.824: [GC (CMS Initial Mark) [1 CMS-initial-mark: 178688K(182632K)] 179364K(185704K), 0.0043750 secs] [Times: user=0.00 sys=0.00, real=0.01 secs] 
2015-01-18T14:08:01.503+0100: 4.832: [CMS-concurrent-mark-start]
2015-01-18T14:08:01.511+0100: 4.840: [GC (Allocation Failure) 4.840: [ParNew: 3063K->317K(3072K), 0.0162704 secs] 181752K->179399K(185704K), 0.0163176 secs] [Times: user=0.02 sys=0.00, real=0.02 secs] 
2015-01-18T14:08:01.532+0100: 4.861: [GC (Allocation Failure) 4.861: [ParNew: 3069K->317K(3072K), 0.0069847 secs] 182151K->179791K(185704K), 0.0070258 secs] [Times: user=0.00 sys=0.00, real=0.01 secs] 
2015-01-18T14:08:01.544+0100: 4.873: [GC (Allocation Failure) 4.873: [ParNew: 3064K->317K(3072K), 0.0070121 secs] 182539K->180181K(185704K), 0.0070545 secs] [Times: user=0.00 sys=0.00, real=0.01 secs] 
2015-01-18T14:08:01.556+0100: 4.885: [GC (Allocation Failure) 4.885: [ParNew: 3064K->317K(3072K), 0.0033443 secs] 182928K->180574K(185704K), 0.0033846 secs] [Times: user=0.00 sys=0.00, real=0.01 secs] 
2015-01-18T14:08:01.560+0100: 4.889: [GC (Allocation Failure) 4.889: [ParNew: 3059K->317K(3072K), 0.0070520 secs] 183316K->180963K(185704K), 0.0070920 secs] [Times: user=0.00 sys=0.00, real=0.01 secs] 
2015-01-18T14:08:01.568+0100: 4.897: [GC (Allocation Failure) 4.897: [ParNew: 3068K->317K(3072K), 0.0068658 secs] 183714K->181356K(185704K), 0.0069065 secs] [Times: user=0.00 sys=0.00, real=0.00 secs] 
2015-01-18T14:08:01.576+0100: 4.905: [GC (Allocation Failure) 4.905: [ParNew: 3061K->317K(3072K), 0.0033881 secs] 184100K->181746K(185704K), 0.0034259 secs] [Times: user=0.00 sys=0.00, real=0.01 secs] 
2015-01-18T14:08:01.580+0100: 4.909: [GC (Allocation Failure) 4.909: [ParNew: 3068K->317K(3072K), 0.0149937 secs] 184497K->182139K(185704K), 0.0150332 secs] [Times: user=0.00 sys=0.00, real=0.01 secs] 
2015-01-18T14:08:01.600+0100: 4.929: [GC (Allocation Failure) 4.929: [ParNew: 3060K->317K(3072K), 0.0032430 secs] 184882K->182528K(185704K), 0.0032826 secs] [Times: user=0.00 sys=0.00, real=0.00 secs] 
2015-01-18T14:08:01.610+0100: 4.938: [CMS-concurrent-mark: 0.010/0.107 secs] [Times: user=0.05 sys=0.00, real=0.11 secs] 
2015-01-18T14:08:01.610+0100: 4.938: [GC (Allocation Failure) 4.938: [ParNew: 3064K->317K(3072K), 0.0053127 secs] 185275K->182921K(186088K), 0.0053561 secs] [Times: user=0.00 sys=0.00, real=0.00 secs] 
2015-01-18T14:08:01.619+0100: 4.948: [CMS-concurrent-preclean-start]
2015-01-18T14:08:01.620+0100: 4.948: [CMS-concurrent-preclean: 0.000/0.000 secs] [Times: user=0.00 sys=0.00, real=0.00 secs] 
2015-01-18T14:08:01.620+0100: 4.949: [GC (Allocation Failure) 4.949: [ParNew: 3069K->317K(3072K), 0.0072517 secs] 185673K->183310K(186472K), 0.0073001 secs] [Times: user=0.00 sys=0.00, real=0.01 secs] 
2015-01-18T14:08:01.635+0100: 4.964: [GC (CMS Final Remark) [YG occupancy: 3063 K (3072 K)]4.964: [Rescan (parallel) , 0.0079071 secs]4.972: [weak refs processing, 0.0000103 secs]4.972: [class unloading, 0.0003766 secs]4.972: [scrub symbol table, 0.0005473 secs]4.973: [scrub string table, 0.0002161 secs][1 CMS-remark: 182993K(183400K)] 186056K(186472K), 0.0091432 secs] [Times: user=0.01 sys=0.01, real=0.01 secs] 
2015-01-18T14:08:01.655+0100: 4.984: [CMS-concurrent-sweep-start]
2015-01-18T14:08:01.655+0100: 4.984: [GC (Allocation Failure) 4.984: [ParNew: 3063K->317K(3072K), 0.0040190 secs] 186056K->183703K(186856K), 0.0040614 secs] [Times: user=0.00 sys=0.00, real=0.01 secs] 
2015-01-18T14:08:01.660+0100: 4.989: [GC (Allocation Failure) 4.989: [ParNew: 3069K->317K(3072K), 0.0230121 secs] 186455K->184096K(187240K), 0.0230639 secs] [Times: user=0.01 sys=0.00, real=0.02 secs] 
2015-01-18T14:08:01.688+0100: 5.017: [GC (Allocation Failure) 5.017: [ParNew: 3064K->317K(3072K), 0.0189441 secs] 186658K->184300K(187432K), 0.0190016 secs] [Times: user=0.01 sys=0.00, real=0.02 secs] 
2015-01-18T14:08:01.709+0100: 5.037: [CMS-concurrent-sweep: 0.035/0.054 secs] [Times: user=0.03 sys=0.00, real=0.06 secs] 
2015-01-18T14:08:01.712+0100: 5.040: [CMS-concurrent-reset-start]
2015-01-18T14:08:01.712+0100: 5.041: [GC (Allocation Failure) 5.041: [ParNew: 3064K->317K(3072K), 0.0150584 secs] 187047K->184693K(309712K), 0.0151237 secs] [Times: user=0.01 sys=0.00, real=0.02 secs] 
2015-01-18T14:08:01.729+0100: 5.057: [CMS-concurrent-reset: 0.013/0.017 secs] [Times: user=0.01 sys=0.00, real=0.02 secs] 
2015-01-18T14:08:01.735+0100: 5.064: [GC (Allocation Failure) 5.064: [ParNew: 3059K->317K(3072K), 0.0159687 secs] 187435K->185083K(309712K), 0.0160122 secs] [Times: user=0.01 sys=0.00, real=0.02 secs] 
2015-01-18T14:08:01.759+0100: 5.088: [GC (Allocation Failure) 5.088: [ParNew: 3068K->317K(3072K), 0.0159681 secs] 187833K->185475K(309712K), 0.0160049 secs] [Times: user=0.01 sys=0.00, real=0.01 secs] 
2015-01-18T14:08:01.779+0100: 5.108: [GC (Allocation Failure) 5.108: [ParNew: 3061K->317K(3072K), 0.0159774 secs] 188219K->185865K(309712K), 0.0160084 secs] [Times: user=0.00 sys=0.00, real=0.01 secs] 
2015-01-18T14:08:01.803+0100: 5.132: [GC (Allocation Failure) 5.132: [ParNew: 3068K->317K(3072K), 0.0160003 secs] 188616K->186258K(309712K), 0.0160428 secs] [Times: user=0.01 sys=0.00, real=0.02 secs] 
2015-01-18T14:08:01.827+0100: 5.156: [GC (Allocation Failure) 5.156: [ParNew: 3060K->317K(3072K), 0.0239820 secs] 189001K->186647K(309712K), 0.0240316 secs] [Times: user=0.02 sys=0.00, real=0.02 secs] 
2015-01-18T14:08:01.859+0100: 5.188: [GC (Allocation Failure) 5.188: [ParNew: 3064K->317K(3072K), 0.0150799 secs] 189394K->187040K(309712K), 0.0151154 secs] [Times: user=0.01 sys=0.00, real=0.01 secs] 
2015-01-18T14:08:01.879+0100: 5.208: [GC (Allocation Failure) 5.208: [ParNew: 3069K->317K(3072K), 0.0159833 secs] 189792K->187430K(309712K), 0.0160118 secs] [Times: user=0.01 sys=0.00, real=0.01 secs] 
2015-01-18T14:08:01.899+0100: 5.228: [GC (Allocation Failure) 5.228: [ParNew: 3063K->317K(3072K), 0.0132173 secs] 190176K->187823K(309712K), 0.0132682 secs] [Times: user=0.01 sys=0.00, real=0.01 secs] 
2015-01-18T14:08:01.915+0100: 5.244: [GC (Allocation Failure) 5.244: [ParNew: 3069K->317K(3072K), 0.0119672 secs] 190575K->188215K(309712K), 0.0120138 secs] [Times: user=0.00 sys=0.00, real=0.02 secs] 
2015-01-18T14:08:01.932+0100: 5.261: [GC (Allocation Failure) 5.261: [ParNew: 3064K->317K(3072K), 0.0152405 secs] 190963K->188605K(309712K), 0.0152812 secs] [Times: user=0.01 sys=0.00, real=0.02 secs] 
2015-01-18T14:08:01.952+0100: 5.280: [GC (Allocation Failure) 5.280: [ParNew: 3064K->317K(3072K), 0.0193248 secs] 191351K->188998K(309712K), 0.0193738 secs] [Times: user=0.01 sys=0.00, real=0.02 secs] 
2015-01-18T14:08:01.975+0100: 5.304: [GC (Allocation Failure) 5.304: [ParNew: 3059K->317K(3072K), 0.0199568 secs] 191740K->189387K(309712K), 0.0200031 secs] [Times: user=0.00 sys=0.00, real=0.02 secs] 
2015-01-18T14:08:01.996+0100: 5.325: [GC (Allocation Failure) 5.325: [ParNew: 3068K->317K(3072K), 0.0151160 secs] 192138K->189780K(309712K), 0.0151574 secs] [Times: user=0.01 sys=0.00, real=0.02 secs] 
2015-01-18T14:08:02.013+0100: 5.342: [GC (Allocation Failure) 5.342: [ParNew: 3061K->317K(3072K), 0.0126132 secs] 192524K->190170K(309712K), 0.0126718 secs] [Times: user=0.01 sys=0.00, real=0.01 secs] 
2015-01-18T14:08:02.028+0100: 5.357: [GC (Allocation Failure) 5.357: [ParNew: 3068K->317K(3072K), 0.0151925 secs] 192920K->190562K(309712K), 0.0152263 secs] [Times: user=0.01 sys=0.00, real=0.01 secs] 
2015-01-18T14:08:02.048+0100: 5.377: [GC (Allocation Failure) 5.377: [ParNew: 3060K->317K(3072K), 0.0232407 secs] 193305K->190952K(309712K), 0.0232662 secs] [Times: user=0.01 sys=0.00, real=0.02 secs] 
2015-01-18T14:08:02.072+0100: 5.401: [GC (Allocation Failure) 5.401: [ParNew: 3064K->317K(3072K), 0.0188248 secs] 193699K->191345K(309712K), 0.0188820 secs] [Times: user=0.00 sys=0.00, real=0.02 secs] 
2015-01-18T14:08:02.092+0100: 5.420: [GC (Allocation Failure) 5.421: [ParNew: 3069K->317K(3072K), 0.0232695 secs] 194097K->191734K(309712K), 0.0233021 secs] [Times: user=0.01 sys=0.00, real=0.02 secs] 
2015-01-18T14:08:02.116+0100: 5.445: [GC (Allocation Failure) 5.445: [ParNew: 3063K->317K(3072K), 0.0151853 secs] 194480K->192127K(309712K), 0.0152417 secs] [Times: user=0.01 sys=0.00, real=0.02 secs] 
2015-01-18T14:08:02.147+0100: 5.476: [GC (Allocation Failure) 5.476: [ParNew: 3069K->317K(3072K), 0.0438580 secs] 194879K->192520K(309712K), 0.0439273 secs] [Times: user=0.01 sys=0.00, real=0.04 secs] 
2015-01-18T14:08:02.192+0100: 5.521: [GC (Allocation Failure) 5.521: [ParNew: 3064K->317K(3072K), 0.0150483 secs] 195267K->192909K(309712K), 0.0150913 secs] [Times: user=0.00 sys=0.00, real=0.02 secs] 
2015-01-18T14:08:02.208+0100: 5.537: [GC (Allocation Failure) 5.537: [ParNew: 3064K->317K(3072K), 0.0032339 secs] 195656K->193302K(309712K), 0.0032731 secs] [Times: user=0.01 sys=0.00, real=0.00 secs] 
2015-01-18T14:08:02.212+0100: 5.541: [GC (Allocation Failure) 5.541: [ParNew: 3059K->317K(3072K), 0.0150157 secs] 196045K->193692K(309712K), 0.0150564 secs] [Times: user=0.00 sys=0.00, real=0.02 secs] 
2015-01-18T14:08:02.228+0100: 5.557: [GC (Allocation Failure) 5.557: [ParNew: 3068K->317K(3072K), 0.0711786 secs] 196442K->194085K(309712K), 0.0712264 secs] [Times: user=0.01 sys=0.07, real=0.07 secs] 
2015-01-18T14:08:02.300+0100: 5.629: [GC (Allocation Failure) 5.629: [ParNew: 3061K->317K(3072K), 0.0025637 secs] 196828K->194474K(309712K), 0.0026063 secs] [Times: user=0.00 sys=0.00, real=0.00 secs] 
2015-01-18T14:08:02.304+0100: 5.632: [GC (Allocation Failure) 5.632: [ParNew: 3068K->317K(3072K), 0.0023962 secs] 197225K->194867K(309712K), 0.0024337 secs] [Times: user=0.00 sys=0.00, real=0.00 secs] 
2015-01-18T14:08:02.307+0100: 5.635: [GC (Allocation Failure) 5.635: [ParNew: 3060K->317K(3072K), 0.0127677 secs] 197610K->195256K(309712K), 0.0128062 secs] [Times: user=0.01 sys=0.00, real=0.02 secs] 
2015-01-18T14:08:02.321+0100: 5.649: [GC (Allocation Failure) 5.649: [ParNew: 3064K->317K(3072K), 0.0024353 secs] 198003K->195649K(309712K), 0.0024732 secs] [Times: user=0.00 sys=0.00, real=0.00 secs] 
2015-01-18T14:08:02.324+0100: 5.652: [GC (Allocation Failure) 5.652: [ParNew: 3069K->317K(3072K), 0.0063798 secs] 198401K->196039K(309712K), 0.0064187 secs] [Times: user=0.01 sys=0.00, real=0.01 secs] 
2015-01-18T14:08:02.331+0100: 5.660: [GC (Allocation Failure) 5.660: [ParNew: 3063K->317K(3072K), 0.0023689 secs] 198785K->196432K(309712K), 0.0024069 secs] [Times: user=0.00 sys=0.00, real=0.00 secs] 
2015-01-18T14:08:02.334+0100: 5.663: [GC (Allocation Failure) 5.663: [ParNew: 3069K->317K(3072K), 0.0062852 secs] 199184K->196824K(309712K), 0.0063243 secs] [Times: user=0.00 sys=0.00, real=0.01 secs] 
2015-01-18T14:08:02.341+0100: 5.670: [GC (Allocation Failure) 5.670: [ParNew: 3064K->317K(3072K), 0.0023595 secs] 199572K->197214K(309712K), 0.0023982 secs] [Times: user=0.00 sys=0.00, real=0.00 secs] 
2015-01-18T14:08:02.345+0100: 5.673: [GC (Allocation Failure) 5.673: [ParNew: 3064K->317K(3072K), 0.0061268 secs] 199961K->197607K(309712K), 0.0061646 secs] [Times: user=0.01 sys=0.00, real=0.01 secs] 
2015-01-18T14:08:02.352+0100: 5.680: [GC (Allocation Failure) 5.680: [ParNew: 3059K->317K(3072K), 0.0023032 secs] 200349K->197996K(309712K), 0.0023410 secs] [Times: user=0.00 sys=0.00, real=0.00 secs] 
2015-01-18T14:08:02.355+0100: 5.683: [GC (Allocation Failure) 5.683: [ParNew: 3068K->317K(3072K), 0.0060601 secs] 200747K->198389K(309712K), 0.0060985 secs] [Times: user=0.02 sys=0.00, real=0.01 secs] 
2015-01-18T14:08:02.362+0100: 5.690: [GC (Allocation Failure) 5.690: [ParNew: 3061K->317K(3072K), 0.0023051 secs] 201133K->198779K(309712K), 0.0023428 secs] [Times: user=0.00 sys=0.00, real=0.00 secs] 
2015-01-18T14:08:02.365+0100: 5.693: [GC (Allocation Failure) 5.693: [ParNew: 3068K->317K(3072K), 0.0060337 secs] 201530K->199172K(309712K), 0.0060724 secs] [Times: user=0.01 sys=0.00, real=0.01 secs] 
2015-01-18T14:08:02.372+0100: 5.700: [GC (Allocation Failure) 5.700: [ParNew: 3060K->317K(3072K), 0.0023059 secs] 201915K->199561K(309712K), 0.0023439 secs] [Times: user=0.00 sys=0.00, real=0.00 secs] 
2015-01-18T14:08:02.375+0100: 5.703: [GC (Allocation Failure) 5.703: [ParNew: 3064K->317K(3072K), 0.0060449 secs] 202308K->199954K(309712K), 0.0060844 secs] [Times: user=0.01 sys=0.00, real=0.01 secs] 
2015-01-18T14:08:02.382+0100: 5.710: [GC (Allocation Failure) 5.710: [ParNew: 3069K->317K(3072K), 0.0061718 secs] 202706K->200343K(309712K), 0.0062109 secs] [Times: user=0.00 sys=0.00, real=0.01 secs] 
2015-01-18T14:08:02.389+0100: 5.717: [GC (Allocation Failure) 5.717: [ParNew: 3063K->317K(3072K), 0.0023160 secs] 203089K->200736K(309712K), 0.0023560 secs] [Times: user=0.01 sys=0.00, real=0.00 secs] 
2015-01-18T14:08:02.392+0100: 5.720: [GC (Allocation Failure) 5.720: [ParNew: 3069K->317K(3072K), 0.0062787 secs] 203488K->201129K(309712K), 0.0063225 secs] [Times: user=0.00 sys=0.00, real=0.00 secs] 
2015-01-18T14:08:02.399+0100: 5.728: [GC (Allocation Failure) 5.728: [ParNew: 3064K->317K(3072K), 0.0026290 secs] 203876K->201519K(309712K), 0.0026693 secs] [Times: user=0.01 sys=0.00, real=0.01 secs] 
2015-01-18T14:08:02.402+0100: 5.731: [GC (Allocation Failure) 5.731: [ParNew: 3064K->317K(3072K), 0.0087862 secs] 204265K->201911K(309712K), 0.0088434 secs] [Times: user=0.00 sys=0.00, real=0.01 secs] 
2015-01-18T14:08:02.413+0100: 5.741: [GC (Allocation Failure) 5.741: [ParNew: 3059K->317K(3072K), 0.0105696 secs] 204654K->202301K(309712K), 0.0106041 secs] [Times: user=0.00 sys=0.00, real=0.01 secs] 
2015-01-18T14:08:02.424+0100: 5.753: [GC (Allocation Failure) 5.753: [ParNew: 3068K->317K(3072K), 0.0152469 secs] 205051K->202694K(309712K), 0.0152753 secs] [Times: user=0.02 sys=0.00, real=0.02 secs] 
2015-01-18T14:08:02.440+0100: 5.769: [GC (Allocation Failure) 5.769: [ParNew: 3061K->317K(3072K), 0.0032581 secs] 205437K->203083K(309712K), 0.0032834 secs] [Times: user=0.00 sys=0.00, real=0.00 secs] 
2015-01-18T14:08:02.444+0100: 5.772: [GC (Allocation Failure) 5.772: [ParNew: 3068K->317K(3072K), 0.0033588 secs] 205834K->203476K(309712K), 0.0033826 secs] [Times: user=0.00 sys=0.00, real=0.01 secs] 
2015-01-18T14:08:02.448+0100: 5.776: [GC (Allocation Failure) 5.776: [ParNew: 3060K->317K(3072K), 0.0033839 secs] 206219K->203866K(309712K), 0.0034077 secs] [Times: user=0.00 sys=0.00, real=0.00 secs] 
2015-01-18T14:08:02.452+0100: 5.781: [GC (Allocation Failure) 5.781: [ParNew: 3064K->317K(3072K), 0.0030560 secs] 206612K->204258K(309712K), 0.0030833 secs] [Times: user=0.00 sys=0.00, real=0.00 secs] 
2015-01-18T14:08:02.456+0100: 5.785: [GC (Allocation Failure) 5.785: [ParNew: 3069K->317K(3072K), 0.0032429 secs] 207010K->204648K(309712K), 0.0032683 secs] [Times: user=0.02 sys=0.00, real=0.01 secs] 
2015-01-18T14:08:02.460+0100: 5.788: [GC (Allocation Failure) 5.788: [ParNew: 3063K->317K(3072K), 0.0033446 secs] 207394K->205041K(309712K), 0.0033687 secs] [Times: user=0.00 sys=0.00, real=0.00 secs] 
2015-01-18T14:08:02.464+0100: 5.792: [GC (Allocation Failure) 5.792: [ParNew: 3069K->317K(3072K), 0.0033630 secs] 207793K->205434K(309712K), 0.0033868 secs] [Times: user=0.00 sys=0.00, real=0.01 secs] 
2015-01-18T14:08:02.468+0100: 5.796: [GC (Allocation Failure) 5.796: [ParNew: 3064K->317K(3072K), 0.0113542 secs] 208181K->205823K(309712K), 0.0113792 secs] [Times: user=0.01 sys=0.00, real=0.01 secs] 
2015-01-18T14:08:02.480+0100: 5.809: [GC (Allocation Failure) 5.809: [ParNew: 3064K->317K(3072K), 0.0111789 secs] 208570K->206216K(309712K), 0.0112109 secs] [Times: user=0.00 sys=0.00, real=0.01 secs] 
2015-01-18T14:08:02.492+0100: 5.821: [GC (Allocation Failure) 5.821: [ParNew: 3059K->317K(3072K), 0.0109854 secs] 208958K->206606K(309712K), 0.0110237 secs] [Times: user=0.00 sys=0.00, real=0.01 secs] 
2015-01-18T14:08:02.504+0100: 5.833: [GC (Allocation Failure) 5.833: [ParNew: 3068K->317K(3072K), 0.0110245 secs] 209356K->206998K(309712K), 0.0110625 secs] [Times: user=0.01 sys=0.00, real=0.01 secs] 
2015-01-18T14:08:02.516+0100: 5.845: [GC (Allocation Failure) 5.845: [ParNew: 3061K->317K(3072K), 0.0111957 secs] 209742K->207388K(309712K), 0.0112343 secs] [Times: user=0.00 sys=0.00, real=0.02 secs] 
2015-01-18T14:08:02.528+0100: 5.857: [GC (Allocation Failure) 5.857: [ParNew: 3068K->317K(3072K), 0.0111662 secs] 210139K->207781K(309712K), 0.0112069 secs] [Times: user=0.02 sys=0.00, real=0.01 secs] 
2015-01-18T14:08:02.540+0100: 5.869: [GC (Allocation Failure) 5.869: [ParNew: 3060K->317K(3072K), 0.0071066 secs] 210524K->208170K(309712K), 0.0071659 secs] [Times: user=0.00 sys=0.00, real=0.01 secs] 
2015-01-18T14:08:02.552+0100: 5.880: [GC (Allocation Failure) 5.880: [ParNew: 3064K->317K(3072K), 0.0113100 secs] 210917K->208563K(309712K), 0.0113603 secs] [Times: user=0.00 sys=0.00, real=0.01 secs] 
2015-01-18T14:08:02.564+0100: 5.893: [GC (Allocation Failure) 5.893: [ParNew: 3069K->317K(3072K), 0.0072386 secs] 211315K->208953K(309712K), 0.0072800 secs] [Times: user=0.00 sys=0.00, real=0.01 secs] 
2015-01-18T14:08:02.572+0100: 5.901: [GC (Allocation Failure) 5.901: [ParNew: 3063K->317K(3072K), 0.0111334 secs] 211698K->209345K(309712K), 0.0111748 secs] [Times: user=0.00 sys=0.00, real=0.01 secs] 
2015-01-18T14:08:02.584+0100: 5.913: [GC (Allocation Failure) 5.913: [ParNew: 3069K->317K(3072K), 0.0189307 secs] 212097K->209738K(309712K), 0.0189694 secs] [Times: user=0.01 sys=0.00, real=0.02 secs] 
2015-01-18T14:08:02.604+0100: 5.933: [GC (Allocation Failure) 5.933: [ParNew: 3064K->317K(3072K), 0.0111948 secs] 212485K->210128K(309712K), 0.0112506 secs] [Times: user=0.00 sys=0.00, real=0.01 secs] 
2015-01-18T14:08:02.616+0100: 5.945: [GC (Allocation Failure) 5.945: [ParNew: 3064K->317K(3072K), 0.0025256 secs] 212874K->210521K(309712K), 0.0025678 secs] [Times: user=0.00 sys=0.00, real=0.00 secs] 
2015-01-18T14:08:02.619+0100: 5.948: [GC (Allocation Failure) 5.948: [ParNew: 3059K->317K(3072K), 0.0118493 secs] 213263K->210910K(309712K), 0.0118939 secs] [Times: user=0.02 sys=0.00, real=0.01 secs] 
2015-01-18T14:08:02.635+0100: 5.964: [GC (Allocation Failure) 5.964: [ParNew: 3068K->317K(3072K), 0.0081180 secs] 213661K->211303K(309712K), 0.0081429 secs] [Times: user=0.00 sys=0.00, real=0.01 secs] 
2015-01-18T14:08:02.644+0100: 5.973: [GC (Allocation Failure) 5.973: [ParNew: 3061K->317K(3072K), 0.0044984 secs] 214046K->211692K(309712K), 0.0045577 secs] [Times: user=0.00 sys=0.00, real=0.01 secs] 
2015-01-18T14:08:02.649+0100: 5.978: [GC (Allocation Failure) 5.978: [ParNew: 3068K->317K(3072K), 0.0057269 secs] 214443K->212085K(309712K), 0.0057676 secs] [Times: user=0.01 sys=0.00, real=0.00 secs] 
2015-01-18T14:08:02.656+0100: 5.985: [GC (Allocation Failure) 5.985: [ParNew: 3060K->317K(3072K), 0.0112067 secs] 214828K->212475K(309712K), 0.0112441 secs] [Times: user=0.00 sys=0.00, real=0.02 secs] 
2015-01-18T14:08:02.668+0100: 5.997: [GC (Allocation Failure) 5.997: [ParNew: 3064K->317K(3072K), 0.0070749 secs] 215221K->212868K(309712K), 0.0071010 secs] [Times: user=0.01 sys=0.00, real=0.00 secs] 
2015-01-18T14:08:02.680+0100: 6.008: [GC (Allocation Failure) 6.008: [ParNew: 3069K->317K(3072K), 0.0015283 secs] 215620K->213257K(309712K), 0.0015868 secs] [Times: user=0.00 sys=0.00, real=0.00 secs] 
2015-01-18T14:08:02.682+0100: 6.011: [GC (Allocation Failure) 6.011: [ParNew: 3063K->317K(3072K), 0.0129525 secs] 216003K->213650K(309712K), 0.0129933 secs] [Times: user=0.01 sys=0.00, real=0.01 secs] 
2015-01-18T14:08:02.696+0100: 6.025: [GC (Allocation Failure) 6.025: [ParNew: 3069K->317K(3072K), 0.0189956 secs] 216402K->214043K(309712K), 0.0190431 secs] [Times: user=0.00 sys=0.00, real=0.02 secs] 
2015-01-18T14:08:02.720+0100: 6.048: [GC (Allocation Failure) 6.048: [ParNew: 3064K->317K(3072K), 0.0074456 secs] 216790K->214432K(309712K), 0.0074994 secs] [Times: user=0.01 sys=0.00, real=0.01 secs] 
2015-01-18T14:08:02.728+0100: 6.056: [GC (Allocation Failure) 6.057: [ParNew: 3064K->317K(3072K), 0.0033883 secs] 217179K->214825K(309712K), 0.0034164 secs] [Times: user=0.00 sys=0.00, real=0.00 secs] 
2015-01-18T14:08:02.732+0100: 6.061: [GC (Allocation Failure) 6.061: [ParNew: 3059K->317K(3072K), 0.0079696 secs] 217567K->215215K(309712K), 0.0080044 secs] [Times: user=0.00 sys=0.00, real=0.01 secs] 
2015-01-18T14:08:02.741+0100: 6.069: [GC (Allocation Failure) 6.069: [ParNew: 3068K->317K(3072K), 0.0106213 secs] 217965K->215607K(309712K), 0.0106656 secs] [Times: user=0.01 sys=0.00, real=0.01 secs] 
2015-01-18T14:08:02.752+0100: 6.081: [GC (Allocation Failure) 6.081: [ParNew: 3061K->317K(3072K), 0.0071003 secs] 218351K->215997K(309712K), 0.0071425 secs] [Times: user=0.00 sys=0.00, real=0.01 secs] 
2015-01-18T14:08:02.760+0100: 6.089: [GC (Allocation Failure) 6.089: [ParNew: 3068K->317K(3072K), 0.0110334 secs] 218748K->216390K(309712K), 0.0110768 secs] [Times: user=0.00 sys=0.00, real=0.01 secs] 
2015-01-18T14:08:02.772+0100: 6.101: [GC (Allocation Failure) 6.101: [ParNew: 3060K->317K(3072K), 0.0071388 secs] 219133K->216779K(309712K), 0.0071724 secs] [Times: user=0.01 sys=0.00, real=0.01 secs] 
2015-01-18T14:08:02.780+0100: 6.109: [GC (Allocation Failure) 6.109: [ParNew: 3064K->317K(3072K), 0.0151831 secs] 219526K->217172K(309712K), 0.0152268 secs] [Times: user=0.00 sys=0.00, real=0.01 secs] 
2015-01-18T14:08:02.796+0100: 6.125: [GC (Allocation Failure) 6.125: [ParNew: 3069K->317K(3072K), 0.0110433 secs] 219924K->217562K(309712K), 0.0110913 secs] [Times: user=0.00 sys=0.00, real=0.02 secs] 
2015-01-18T14:08:02.808+0100: 6.137: [GC (Allocation Failure) 6.137: [ParNew: 3063K->317K(3072K), 0.0072349 secs] 220308K->217955K(309712K), 0.0072779 secs] [Times: user=0.00 sys=0.00, real=0.00 secs] 
2015-01-18T14:08:02.816+0100: 6.145: [GC (Allocation Failure) 6.145: [ParNew: 3069K->317K(3072K), 0.0070983 secs] 220707K->218347K(309712K), 0.0071409 secs] [Times: user=0.00 sys=0.00, real=0.01 secs] 
2015-01-18T14:08:02.824+0100: 6.153: [GC (Allocation Failure) 6.153: [ParNew: 3064K->317K(3072K), 0.0070011 secs] 221095K->218737K(309712K), 0.0070587 secs] [Times: user=0.00 sys=0.00, real=0.01 secs] 
2015-01-18T14:08:02.832+0100: 6.161: [GC (Allocation Failure) 6.161: [ParNew: 3064K->317K(3072K), 0.0034344 secs] 221483K->219130K(309712K), 0.0034720 secs] [Times: user=0.00 sys=0.00, real=0.00 secs] 
2015-01-18T14:08:02.836+0100: 6.165: [GC (Allocation Failure) 6.165: [ParNew: 3059K->317K(3072K), 0.0032011 secs] 221872K->219519K(309712K), 0.0032282 secs] [Times: user=0.00 sys=0.00, real=0.01 secs] 
2015-01-18T14:08:02.840+0100: 6.169: [GC (Allocation Failure) 6.169: [ParNew: 3068K->317K(3072K), 0.0072639 secs] 222270K->219912K(309712K), 0.0072967 secs] [Times: user=0.00 sys=0.00, real=0.01 secs] 
2015-01-18T14:08:02.848+0100: 6.177: [GC (Allocation Failure) 6.177: [ParNew: 3061K->317K(3072K), 0.0049965 secs] 222656K->220302K(309712K), 0.0050231 secs] [Times: user=0.01 sys=0.00, real=0.00 secs] 
2015-01-18T14:08:02.854+0100: 6.182: [GC (Allocation Failure) 6.182: [ParNew: 3068K->317K(3072K), 0.0134919 secs] 223052K->220694K(309712K), 0.0135252 secs] [Times: user=0.01 sys=0.00, real=0.02 secs] 
2015-01-18T14:08:02.872+0100: 6.200: [GC (Allocation Failure) 6.200: [ParNew: 3060K->317K(3072K), 0.0074758 secs] 223437K->221084K(309712K), 0.0075308 secs] [Times: user=0.00 sys=0.00, real=0.01 secs] 
2015-01-18T14:08:02.880+0100: 6.209: [GC (Allocation Failure) 6.209: [ParNew: 3064K->317K(3072K), 0.0072757 secs] 223831K->221477K(309712K), 0.0073267 secs] [Times: user=0.01 sys=0.00, real=0.01 secs] 
2015-01-18T14:08:02.888+0100: 6.217: [GC (Allocation Failure) 6.217: [ParNew: 3069K->317K(3072K), 0.0110730 secs] 224229K->221866K(309712K), 0.0111299 secs] [Times: user=0.00 sys=0.00, real=0.01 secs] 
2015-01-18T14:08:02.903+0100: 6.232: [GC (Allocation Failure) 6.232: [ParNew: 3063K->317K(3072K), 0.0119407 secs] 224612K->222259K(309712K), 0.0119816 secs] [Times: user=0.01 sys=0.00, real=0.01 secs] 
2015-01-18T14:08:02.916+0100: 6.245: [GC (Allocation Failure) 6.245: [ParNew: 3069K->317K(3072K), 0.0071985 secs] 225011K->222652K(309712K), 0.0072232 secs] [Times: user=0.00 sys=0.00, real=0.01 secs] 
2015-01-18T14:08:02.928+0100: 6.256: [GC (Allocation Failure) 6.257: [ParNew: 3064K->317K(3072K), 0.0152575 secs] 225399K->223041K(309712K), 0.0152817 secs] [Times: user=0.01 sys=0.00, real=0.01 secs] 
2015-01-18T14:08:02.948+0100: 6.276: [GC (Allocation Failure) 6.276: [ParNew: 3064K->317K(3072K), 0.0152858 secs] 225788K->223434K(309712K), 0.0153236 secs] [Times: user=0.01 sys=0.00, real=0.01 secs] 
2015-01-18T14:08:02.968+0100: 6.296: [GC (Allocation Failure) 6.296: [ParNew: 3059K->317K(3072K), 0.0114382 secs] 226177K->223824K(309712K), 0.0114721 secs] [Times: user=0.00 sys=0.00, real=0.01 secs] 
2015-01-18T14:08:02.981+0100: 6.310: [GC (Allocation Failure) 6.310: [ParNew: 3068K->317K(3072K), 0.0139933 secs] 226574K->224217K(309712K), 0.0140331 secs] [Times: user=0.01 sys=0.00, real=0.01 secs] 
2015-01-18T14:08:02.996+0100: 6.324: [GC (Allocation Failure) 6.324: [ParNew: 3061K->317K(3072K), 0.0153108 secs] 226960K->224606K(309712K), 0.0153357 secs] [Times: user=0.01 sys=0.00, real=0.02 secs] 
2015-01-18T14:08:03.012+0100: 6.341: [GC (Allocation Failure) 6.341: [ParNew: 3068K->317K(3072K), 0.0111994 secs] 227357K->224999K(309712K), 0.0112341 secs] [Times: user=0.00 sys=0.00, real=0.01 secs] 
2015-01-18T14:08:03.028+0100: 6.356: [GC (Allocation Failure) 6.356: [ParNew: 3060K->317K(3072K), 0.0074464 secs] 227742K->225388K(309712K), 0.0074805 secs] [Times: user=0.00 sys=0.00, real=0.00 secs] 
2015-01-18T14:08:03.036+0100: 6.364: [GC (Allocation Failure) 6.364: [ParNew: 3064K->317K(3072K), 0.0097374 secs] 228135K->225781K(309712K), 0.0097634 secs] [Times: user=0.01 sys=0.00, real=0.01 secs] 
2015-01-18T14:08:03.046+0100: 6.375: [GC (Allocation Failure) 6.375: [ParNew: 3069K->317K(3072K), 0.0208130 secs] 228533K->226171K(309712K), 0.0208707 secs] [Times: user=0.01 sys=0.00, real=0.03 secs] 
2015-01-18T14:08:03.072+0100: 6.400: [GC (Allocation Failure) 6.400: [ParNew: 3063K->317K(3072K), 0.0073722 secs] 228917K->226564K(309712K), 0.0074150 secs] [Times: user=0.00 sys=0.00, real=0.01 secs] 
2015-01-18T14:08:03.080+0100: 6.409: [GC (Allocation Failure) 6.409: [ParNew: 3069K->317K(3072K), 0.0231976 secs] 229316K->226956K(309712K), 0.0232466 secs] [Times: user=0.02 sys=0.00, real=0.02 secs] 
2015-01-18T14:08:03.104+0100: 6.433: [GC (Allocation Failure) 6.433: [ParNew: 3064K->317K(3072K), 0.0149185 secs] 229704K->227346K(309712K), 0.0149477 secs] [Times: user=0.00 sys=0.00, real=0.02 secs] 
2015-01-18T14:08:03.120+0100: 6.449: [GC (Allocation Failure) 6.449: [ParNew: 3064K->317K(3072K), 0.0157177 secs] 230093K->227739K(309712K), 0.0157449 secs] [Times: user=0.01 sys=0.00, real=0.01 secs] 
2015-01-18T14:08:03.143+0100: 6.472: [GC (Allocation Failure) 6.472: [ParNew: 3059K->317K(3072K), 0.0639776 secs] 230481K->228128K(309712K), 0.0640086 secs] [Times: user=0.04 sys=0.00, real=0.07 secs] 
2015-01-18T14:08:03.215+0100: 6.544: [GC (Allocation Failure) 6.544: [ParNew: 3068K->317K(3072K), 0.0119754 secs] 230879K->228521K(309712K), 0.0120005 secs] [Times: user=0.00 sys=0.00, real=0.02 secs] 
2015-01-18T14:08:03.232+0100: 6.560: [GC (Allocation Failure) 6.560: [ParNew: 3061K->317K(3072K), 0.0272697 secs] 231265K->228911K(309712K), 0.0272942 secs] [Times: user=0.01 sys=0.00, real=0.03 secs] 
2015-01-18T14:08:03.264+0100: 6.593: [GC (Allocation Failure) 6.593: [ParNew: 3068K->317K(3072K), 0.0104368 secs] 231662K->229304K(309712K), 0.0104960 secs] [Times: user=0.01 sys=0.00, real=0.01 secs] 
2015-01-18T14:08:03.275+0100: 6.604: [GC (Allocation Failure) 6.604: [ParNew: 3060K->317K(3072K), 0.0081090 secs] 232047K->229693K(309712K), 0.0081510 secs] [Times: user=0.01 sys=0.00, real=0.01 secs] 
2015-01-18T14:08:03.284+0100: 6.613: [GC (Allocation Failure) 6.613: [ParNew: 3064K->317K(3072K), 0.0190634 secs] 232440K->230086K(309712K), 0.0191028 secs] [Times: user=0.01 sys=0.00, real=0.02 secs] 
2015-01-18T14:08:03.308+0100: 6.637: [GC (Allocation Failure) 6.637: [ParNew: 3069K->317K(3072K), 0.0190768 secs] 232838K->230475K(309712K), 0.0191262 secs] [Times: user=0.00 sys=0.00, real=0.02 secs] 
2015-01-18T14:08:03.332+0100: 6.660: [GC (Allocation Failure) 6.660: [ParNew: 3063K->317K(3072K), 0.0113510 secs] 233221K->230868K(309712K), 0.0114078 secs] [Times: user=0.01 sys=0.00, real=0.01 secs] 
2015-01-18T14:08:03.344+0100: 6.672: [GC (Allocation Failure) 6.672: [ParNew: 3069K->317K(3072K), 0.0153344 secs] 233620K->231261K(309712K), 0.0153762 secs] [Times: user=0.01 sys=0.00, real=0.02 secs] 
2015-01-18T14:08:03.360+0100: 6.689: [GC (Allocation Failure) 6.689: [ParNew: 3064K->317K(3072K), 0.0151093 secs] 234008K->231651K(309712K), 0.0151536 secs] [Times: user=0.01 sys=0.00, real=0.01 secs] 
2015-01-18T14:08:03.376+0100: 6.705: [GC (Allocation Failure) 6.705: [ParNew: 3064K->317K(3072K), 0.0032866 secs] 234397K->232043K(309712K), 0.0033260 secs] [Times: user=0.00 sys=0.00, real=0.01 secs] 
2015-01-18T14:08:03.380+0100: 6.709: [GC (Allocation Failure) 6.709: [ParNew: 3059K->317K(3072K), 0.0020960 secs] 234786K->232433K(309712K), 0.0021352 secs] [Times: user=0.01 sys=0.00, real=0.00 secs] 
2015-01-18T14:08:03.383+0100: 6.712: [GC (Allocation Failure) 6.712: [ParNew: 3068K->317K(3072K), 0.0041936 secs] 235183K->232826K(309712K), 0.0042353 secs] [Times: user=0.00 sys=0.00, real=0.01 secs] 
2015-01-18T14:08:03.388+0100: 6.717: [GC (Allocation Failure) 6.717: [ParNew: 3061K->317K(3072K), 0.0031158 secs] 235569K->233215K(309712K), 0.0031579 secs] [Times: user=0.01 sys=0.00, real=0.00 secs] 
2015-01-18T14:08:03.392+0100: 6.721: [GC (Allocation Failure) 6.721: [ParNew: 3069K->317K(3072K), 0.0189231 secs] 235967K->233966K(309712K), 0.0189773 secs] [Times: user=0.02 sys=0.00, real=0.02 secs] 
2015-01-18T14:08:03.412+0100: 6.741: [GC (Allocation Failure) 6.741: [ParNew: 3061K->317K(3072K), 0.0030855 secs] 236710K->234356K(309712K), 0.0031290 secs] [Times: user=0.00 sys=0.00, real=0.00 secs] 
2015-01-18T14:08:03.416+0100: 6.745: [GC (Allocation Failure) 6.745: [ParNew: 3063K->317K(3072K), 0.0110273 secs] 237102K->234748K(309712K), 0.0110789 secs] [Times: user=0.00 sys=0.00, real=0.02 secs] 
2015-01-18T14:08:03.428+0100: 6.757: [GC (Allocation Failure) 6.757: [ParNew: 3061K->317K(3072K), 0.0024214 secs] 237492K->235138K(309712K), 0.0024661 secs] [Times: user=0.00 sys=0.00, real=0.00 secs] 
2015-01-18T14:08:03.431+0100: 6.760: [GC (Allocation Failure) 6.760: [ParNew: 3064K->317K(3072K), 0.0077718 secs] 237885K->235531K(309712K), 0.0078158 secs] [Times: user=0.01 sys=0.00, real=0.01 secs] 
2015-01-18T14:08:03.440+0100: 6.769: [GC (Allocation Failure) 6.769: [ParNew: 3069K->317K(3072K), 0.0130202 secs] 238282K->235920K(309712K), 0.0130654 secs] [Times: user=0.01 sys=0.00, real=0.01 secs] 
2015-01-18T14:08:03.459+0100: 6.788: [GC (Allocation Failure) 6.788: [ParNew: 3069K->317K(3072K), 0.0064182 secs] 238672K->236313K(309712K), 0.0064625 secs] [Times: user=0.01 sys=0.00, real=0.00 secs] 
2015-01-18T14:08:03.472+0100: 6.801: [GC (Allocation Failure) 6.801: [ParNew: 3063K->317K(3072K), 0.0048824 secs] 239059K->236706K(309712K), 0.0049361 secs] [Times: user=0.00 sys=0.00, real=0.00 secs] 
2015-01-18T14:08:03.478+0100: 6.806: [GC (Allocation Failure) 6.806: [ParNew: 3061K->317K(3072K), 0.0094765 secs] 239450K->237095K(309712K), 0.0095209 secs] [Times: user=0.01 sys=0.00, real=0.02 secs] 
2015-01-18T14:08:03.488+0100: 6.817: [GC (Allocation Failure) 6.817: [ParNew: 3068K->317K(3072K), 0.0111072 secs] 239846K->237488K(309712K), 0.0111527 secs] [Times: user=0.00 sys=0.00, real=0.01 secs] 
2015-01-18T14:08:03.500+0100: 6.829: [GC (Allocation Failure) 6.829: [ParNew: 3069K->317K(3072K), 0.0026091 secs] 240240K->237878K(309712K), 0.0026496 secs] [Times: user=0.00 sys=0.00, real=0.00 secs] 
2015-01-18T14:08:03.505+0100: 6.834: [GC (Allocation Failure) 6.834: [ParNew: 3069K->317K(3072K), 0.0090364 secs] 240630K->238271K(309712K), 0.0090925 secs] [Times: user=0.00 sys=0.00, real=0.01 secs] 
2015-01-18T14:08:03.516+0100: 6.844: [GC (Allocation Failure) 6.844: [ParNew: 3063K->317K(3072K), 0.0116577 secs] 241016K->238663K(309712K), 0.0117059 secs] [Times: user=0.01 sys=0.00, real=0.02 secs] 
2015-01-18T14:08:03.532+0100: 6.861: [GC (Allocation Failure) 6.861: [ParNew: 3064K->317K(3072K), 0.0072510 secs] 241411K->239053K(309712K), 0.0073005 secs] [Times: user=0.00 sys=0.00, real=0.01 secs] 
2015-01-18T14:08:03.540+0100: 6.869: [GC (Allocation Failure) 6.869: [ParNew: 3067K->317K(3072K), 0.0111879 secs] 241803K->239446K(309712K), 0.0112332 secs] [Times: user=0.01 sys=0.00, real=0.01 secs] 
2015-01-18T14:08:03.552+0100: 6.881: [GC (Allocation Failure) 6.881: [ParNew: 3069K->317K(3072K), 0.0150303 secs] 242198K->239835K(309712K), 0.0150814 secs] [Times: user=0.00 sys=0.00, real=0.02 secs] 
2015-01-18T14:08:03.572+0100: 6.901: [GC (Allocation Failure) 6.901: [ParNew: 3063K->317K(3072K), 0.0112214 secs] 242581K->240228K(309712K), 0.0112792 secs] [Times: user=0.00 sys=0.00, real=0.01 secs] 
2015-01-18T14:08:03.584+0100: 6.913: [GC (Allocation Failure) 6.913: [ParNew: 3069K->317K(3072K), 0.0025035 secs] 242980K->240621K(309712K), 0.0025486 secs] [Times: user=0.00 sys=0.00, real=0.00 secs] 
2015-01-18T14:08:03.588+0100: 6.916: [GC (Allocation Failure) 6.916: [ParNew: 3064K->317K(3072K), 0.0076302 secs] 243368K->241010K(309712K), 0.0076739 secs] [Times: user=0.01 sys=0.00, real=0.00 secs] 
2015-01-18T14:08:03.596+0100: 6.925: [GC (Allocation Failure) 6.925: [ParNew: 3064K->317K(3072K), 0.0191134 secs] 243757K->241403K(309712K), 0.0191581 secs] [Times: user=0.01 sys=0.00, real=0.02 secs] 
2015-01-18T14:08:03.616+0100: 6.945: [GC (Allocation Failure) 6.945: [ParNew: 3059K->317K(3072K), 0.0032459 secs] 244146K->241793K(309712K), 0.0032898 secs] [Times: user=0.00 sys=0.00, real=0.01 secs] 
2015-01-18T14:08:03.620+0100: 6.949: [GC (Allocation Failure) 6.949: [ParNew: 3068K->317K(3072K), 0.0110446 secs] 244543K->242186K(309712K), 0.0110873 secs] [Times: user=0.00 sys=0.00, real=0.01 secs] 
2015-01-18T14:08:03.632+0100: 6.961: [GC (Allocation Failure) 6.961: [ParNew: 3061K->317K(3072K), 0.0191263 secs] 244929K->242575K(309712K), 0.0191670 secs] [Times: user=0.01 sys=0.00, real=0.02 secs] 
2015-01-18T14:08:03.659+0100: 6.988: [GC (Allocation Failure) 6.988: [ParNew: 3068K->317K(3072K), 0.0086600 secs] 245326K->242968K(309712K), 0.0087066 secs] [Times: user=0.00 sys=0.00, real=0.01 secs] 
2015-01-18T14:08:03.675+0100: 7.004: [GC (Allocation Failure) 7.004: [ParNew: 3060K->317K(3072K), 0.0239737 secs] 245711K->243358K(309712K), 0.0240253 secs] [Times: user=0.01 sys=0.00, real=0.03 secs] 
2015-01-18T14:08:03.707+0100: 7.036: [GC (Allocation Failure) 7.036: [ParNew: 3064K->317K(3072K), 0.0159318 secs] 246104K->243750K(309712K), 0.0159937 secs] [Times: user=0.01 sys=0.00, real=0.01 secs] 
2015-01-18T14:08:03.728+0100: 7.057: [GC (Allocation Failure) 7.057: [ParNew: 3069K->317K(3072K), 0.0072243 secs] 246502K->244140K(309712K), 0.0072618 secs] [Times: user=0.00 sys=0.00, real=0.00 secs] 
2015-01-18T14:08:03.743+0100: 7.072: [GC (Allocation Failure) 7.072: [ParNew: 3063K->317K(3072K), 0.0199793 secs] 246886K->244533K(309712K), 0.0200227 secs] [Times: user=0.01 sys=0.00, real=0.02 secs] 
2015-01-18T14:08:03.771+0100: 7.100: [GC (Allocation Failure) 7.100: [ParNew: 3069K->317K(3072K), 0.0239687 secs] 247285K->244925K(309712K), 0.0240008 secs] [Times: user=0.02 sys=0.00, real=0.02 secs] 
2015-01-18T14:08:03.800+0100: 7.129: [GC (Allocation Failure) 7.129: [ParNew: 3064K->317K(3072K), 0.0147027 secs] 247673K->245315K(309712K), 0.0147352 secs] [Times: user=0.00 sys=0.00, real=0.01 secs] 
2015-01-18T14:08:03.820+0100: 7.148: [GC (Allocation Failure) 7.148: [ParNew: 3064K->317K(3072K), 0.0154285 secs] 248062K->245708K(309712K), 0.0154853 secs] [Times: user=0.02 sys=0.00, real=0.01 secs] 
2015-01-18T14:08:03.836+0100: 7.165: [GC (Allocation Failure) 7.165: [ParNew: 3059K->317K(3072K), 0.0110568 secs] 248450K->246097K(309712K), 0.0110940 secs] [Times: user=0.01 sys=0.00, real=0.02 secs] 
2015-01-18T14:08:03.851+0100: 7.180: [GC (Allocation Failure) 7.180: [ParNew: 3068K->317K(3072K), 0.0199683 secs] 248848K->246490K(309712K), 0.0199951 secs] [Times: user=0.01 sys=0.00, real=0.02 secs] 
2015-01-18T14:08:03.879+0100: 7.208: [GC (Allocation Failure) 7.208: [ParNew: 3061K->317K(3072K), 0.0120430 secs] 249234K->246880K(309712K), 0.0120975 secs] [Times: user=0.01 sys=0.00, real=0.01 secs] 
2015-01-18T14:08:03.892+0100: 7.221: [GC (Allocation Failure) 7.221: [ParNew: 3068K->317K(3072K), 0.0072314 secs] 249631K->247273K(309712K), 0.0072781 secs] [Times: user=0.00 sys=0.00, real=0.01 secs] 
2015-01-18T14:08:03.900+0100: 7.229: [GC (Allocation Failure) 7.229: [ParNew: 3060K->317K(3072K), 0.0045861 secs] 250016K->247662K(309712K), 0.0046335 secs] [Times: user=0.00 sys=0.00, real=0.00 secs] 
2015-01-18T14:08:03.906+0100: 7.234: [GC (Allocation Failure) 7.234: [ParNew: 3064K->317K(3072K), 0.0135398 secs] 250409K->248055K(309712K), 0.0135780 secs] [Times: user=0.01 sys=0.00, real=0.02 secs] 
2015-01-18T14:08:03.920+0100: 7.249: [GC (Allocation Failure) 7.249: [ParNew: 3069K->317K(3072K), 0.0150539 secs] 250807K->248444K(309712K), 0.0150868 secs] [Times: user=0.00 sys=0.00, real=0.01 secs] 
2015-01-18T14:08:03.940+0100: 7.268: [GC (Allocation Failure) 7.268: [ParNew: 3063K->317K(3072K), 0.0074259 secs] 251190K->248837K(309712K), 0.0074685 secs] [Times: user=0.00 sys=0.00, real=0.01 secs] 
2015-01-18T14:08:03.952+0100: 7.281: [GC (Allocation Failure) 7.281: [ParNew: 3069K->317K(3072K), 0.0152569 secs] 251589K->249230K(309712K), 0.0152939 secs] [Times: user=0.00 sys=0.00, real=0.02 secs] 
2015-01-18T14:08:03.972+0100: 7.300: [GC (Allocation Failure) 7.301: [ParNew: 3064K->317K(3072K), 0.0073005 secs] 251977K->249620K(309712K), 0.0073350 secs] [Times: user=0.00 sys=0.00, real=0.01 secs] 
2015-01-18T14:08:03.980+0100: 7.309: [GC (Allocation Failure) 7.309: [ParNew: 3064K->317K(3072K), 0.0191832 secs] 252366K->250012K(309712K), 0.0192286 secs] [Times: user=0.01 sys=0.00, real=0.02 secs] 
2015-01-18T14:08:04.004+0100: 7.333: [GC (Allocation Failure) 7.333: [ParNew: 3059K->317K(3072K), 0.0152140 secs] 252755K->250402K(309712K), 0.0152661 secs] [Times: user=0.01 sys=0.00, real=0.02 secs] 
2015-01-18T14:08:04.020+0100: 7.349: [GC (Allocation Failure) 7.349: [ParNew: 3068K->317K(3072K), 0.0110523 secs] 253152K->250795K(309712K), 0.0110917 secs] [Times: user=0.00 sys=0.00, real=0.01 secs] 
2015-01-18T14:08:04.032+0100: 7.361: [GC (Allocation Failure) 7.361: [ParNew: 3061K->317K(3072K), 0.0071357 secs] 253538K->251184K(309712K), 0.0071822 secs] [Times: user=0.01 sys=0.00, real=0.01 secs] 
2015-01-18T14:08:04.040+0100: 7.369: [GC (Allocation Failure) 7.369: [ParNew: 3068K->317K(3072K), 0.0151006 secs] 253935K->251577K(309712K), 0.0151372 secs] [Times: user=0.01 sys=0.00, real=0.01 secs] 
2015-01-18T14:08:04.056+0100: 7.385: [GC (Allocation Failure) 7.385: [ParNew: 3060K->317K(3072K), 0.0111224 secs] 254320K->251967K(309712K), 0.0111560 secs] [Times: user=0.00 sys=0.00, real=0.02 secs] 
2015-01-18T14:08:04.068+0100: 7.397: [GC (Allocation Failure) 7.397: [ParNew: 3064K->317K(3072K), 0.0111605 secs] 254713K->252359K(309712K), 0.0111928 secs] [Times: user=0.01 sys=0.00, real=0.01 secs] 
2015-01-18T14:08:04.080+0100: 7.409: [GC (Allocation Failure) 7.409: [ParNew: 3069K->317K(3072K), 0.0111551 secs] 255111K->252749K(309712K), 0.0111974 secs] [Times: user=0.00 sys=0.00, real=0.01 secs] 
2015-01-18T14:08:04.095+0100: 7.424: [GC (Allocation Failure) 7.424: [ParNew: 3063K->317K(3072K), 0.0079665 secs] 255495K->253142K(309712K), 0.0080091 secs] [Times: user=0.00 sys=0.00, real=0.01 secs] 
2015-01-18T14:08:04.107+0100: 7.436: [GC (Allocation Failure) 7.436: [ParNew: 3069K->317K(3072K), 0.0239700 secs] 255894K->253535K(309712K), 0.0240072 secs] [Times: user=0.01 sys=0.00, real=0.02 secs] 
2015-01-18T14:08:04.132+0100: 7.461: [GC (Allocation Failure) 7.461: [ParNew: 3064K->317K(3072K), 0.0311658 secs] 256282K->253924K(309712K), 0.0312222 secs] [Times: user=0.01 sys=0.00, real=0.03 secs] 
2015-01-18T14:08:04.167+0100: 7.496: [GC (Allocation Failure) 7.496: [ParNew: 3064K->317K(3072K), 0.0159570 secs] 256671K->254317K(309712K), 0.0160084 secs] [Times: user=0.00 sys=0.00, real=0.01 secs] 
2015-01-18T14:08:04.187+0100: 7.516: [GC (Allocation Failure) 7.516: [ParNew: 3059K->317K(3072K), 0.0119740 secs] 257059K->254707K(309712K), 0.0120095 secs] [Times: user=0.00 sys=0.00, real=0.01 secs] 
2015-01-18T14:08:04.203+0100: 7.532: [GC (Allocation Failure) 7.532: [ParNew: 3068K->317K(3072K), 0.0159760 secs] 257457K->255099K(309712K), 0.0160078 secs] [Times: user=0.00 sys=0.00, real=0.02 secs] 
2015-01-18T14:08:04.220+0100: 7.548: [GC (Allocation Failure) 7.549: [ParNew: 3061K->317K(3072K), 0.0112778 secs] 257843K->255489K(309712K), 0.0113101 secs] [Times: user=0.00 sys=0.00, real=0.01 secs] 
2015-01-18T14:08:04.236+0100: 7.565: [GC (Allocation Failure) 7.565: [ParNew: 3068K->317K(3072K), 0.0112539 secs] 258240K->255882K(309712K), 0.0113121 secs] [Times: user=0.00 sys=0.00, real=0.02 secs] 
2015-01-18T14:08:04.252+0100: 7.580: [GC (Allocation Failure) 7.581: [ParNew: 3060K->317K(3072K), 0.0112759 secs] 258625K->256271K(309712K), 0.0113129 secs] [Times: user=0.01 sys=0.00, real=0.01 secs] 
2015-01-18T14:08:04.268+0100: 7.596: [GC (Allocation Failure) 7.597: [ParNew: 3064K->317K(3072K), 0.0074053 secs] 259018K->256664K(309712K), 0.0074337 secs] [Times: user=0.00 sys=0.00, real=0.00 secs] 
2015-01-18T14:08:04.283+0100: 7.612: [GC (Allocation Failure) 7.612: [ParNew: 3069K->317K(3072K), 0.0042037 secs] 259416K->257054K(309712K), 0.0042376 secs] [Times: user=0.01 sys=0.00, real=0.01 secs] 
2015-01-18T14:08:04.295+0100: 7.624: [GC (Allocation Failure) 7.624: [ParNew: 3063K->317K(3072K), 0.0079929 secs] 259799K->257446K(309712K), 0.0080214 secs] [Times: user=0.00 sys=0.00, real=0.01 secs] 
2015-01-18T14:08:04.308+0100: 7.636: [GC (Allocation Failure) 7.636: [ParNew: 3069K->317K(3072K), 0.0113380 secs] 260198K->257839K(309712K), 0.0114078 secs] [Times: user=0.01 sys=0.00, real=0.01 secs] 
2015-01-18T14:08:04.324+0100: 7.653: [GC (Allocation Failure) 7.653: [ParNew: 3064K->317K(3072K), 0.0191568 secs] 260586K->258229K(309712K), 0.0192076 secs] [Times: user=0.01 sys=0.00, real=0.02 secs] 
2015-01-18T14:08:04.348+0100: 7.677: [GC (Allocation Failure) 7.677: [ParNew: 3064K->317K(3072K), 0.0071922 secs] 260975K->258622K(309712K), 0.0072511 secs] [Times: user=0.00 sys=0.00, real=0.00 secs] 
2015-01-18T14:08:04.356+0100: 7.685: [GC (Allocation Failure) 7.685: [ParNew: 3059K->317K(3072K), 0.0191241 secs] 261364K->259011K(309712K), 0.0191650 secs] [Times: user=0.01 sys=0.00, real=0.02 secs] 
2015-01-18T14:08:04.376+0100: 7.705: [GC (Allocation Failure) 7.705: [ParNew: 3068K->317K(3072K), 0.0111505 secs] 261762K->259404K(309712K), 0.0111843 secs] [Times: user=0.01 sys=0.00, real=0.02 secs] 
2015-01-18T14:08:04.388+0100: 7.717: [GC (Allocation Failure) 7.717: [ParNew: 3061K->317K(3072K), 0.0147392 secs] 262147K->259793K(309712K), 0.0147773 secs] [Times: user=0.00 sys=0.00, real=0.01 secs] 
2015-01-18T14:08:04.404+0100: 7.733: [GC (Allocation Failure) 7.733: [ParNew: 3068K->317K(3072K), 0.0111602 secs] 262544K->260186K(309712K), 0.0112024 secs] [Times: user=0.01 sys=0.00, real=0.01 secs] 
2015-01-18T14:08:04.416+0100: 7.745: [GC (Allocation Failure) 7.745: [ParNew: 3060K->317K(3072K), 0.0110481 secs] 262929K->260576K(309712K), 0.0110854 secs] [Times: user=0.00 sys=0.00, real=0.02 secs] 
2015-01-18T14:08:04.428+0100: 7.757: [GC (Allocation Failure) 7.757: [ParNew: 3064K->317K(3072K), 0.0110811 secs] 263323K->260969K(309712K), 0.0111140 secs] [Times: user=0.01 sys=0.00, real=0.01 secs] 
2015-01-18T14:08:04.440+0100: 7.769: [GC (Allocation Failure) 7.769: [ParNew: 3069K->317K(3072K), 0.0151711 secs] 263721K->261358K(309712K), 0.0152104 secs] [Times: user=0.01 sys=0.00, real=0.01 secs] 
2015-01-18T14:08:04.456+0100: 7.785: [GC (Allocation Failure) 7.785: [ParNew: 3063K->317K(3072K), 0.0151425 secs] 264104K->261751K(309712K), 0.0151761 secs] [Times: user=0.01 sys=0.00, real=0.02 secs] 
2015-01-18T14:08:04.472+0100: 7.801: [GC (Allocation Failure) 7.801: [ParNew: 3069K->317K(3072K), 0.0071422 secs] 264503K->262144K(309712K), 0.0071848 secs] [Times: user=0.00 sys=0.00, real=0.01 secs] 
2015-01-18T14:08:04.480+0100: 7.809: [GC (Allocation Failure) 7.809: [ParNew: 3064K->317K(3072K), 0.0077382 secs] 264891K->262533K(309712K), 0.0077772 secs] [Times: user=0.01 sys=0.00, real=0.01 secs] 
2015-01-18T14:08:04.489+0100: 7.817: [GC (Allocation Failure) 7.817: [ParNew: 3064K->317K(3072K), 0.0105738 secs] 265280K->262926K(309712K), 0.0106078 secs] [Times: user=0.00 sys=0.00, real=0.01 secs] 
2015-01-18T14:08:04.500+0100: 7.829: [GC (Allocation Failure) 7.829: [ParNew: 3059K->317K(3072K), 0.0078673 secs] 265668K->263316K(309712K), 0.0079045 secs] [Times: user=0.01 sys=0.00, real=0.01 secs] 
2015-01-18T14:08:04.509+0100: 7.837: [GC (Allocation Failure) 7.837: [ParNew: 3068K->317K(3072K), 0.0144389 secs] 266066K->263708K(309712K), 0.0144721 secs] [Times: user=0.00 sys=0.00, real=0.01 secs] 
2015-01-18T14:08:04.524+0100: 7.853: [GC (Allocation Failure) 7.853: [ParNew: 3061K->317K(3072K), 0.0111430 secs] 266452K->264098K(309712K), 0.0111878 secs] [Times: user=0.01 sys=0.00, real=0.01 secs] 
2015-01-18T14:08:04.536+0100: 7.865: [GC (Allocation Failure) 7.865: [ParNew: 3068K->317K(3072K), 0.0111016 secs] 266849K->264491K(309712K), 0.0111392 secs] [Times: user=0.00 sys=0.00, real=0.02 secs] 
2015-01-18T14:08:04.548+0100: 7.877: [GC (Allocation Failure) 7.877: [ParNew: 3060K->317K(3072K), 0.0119738 secs] 267234K->264880K(309712K), 0.0120152 secs] [Times: user=0.01 sys=0.00, real=0.01 secs] 
2015-01-18T14:08:04.561+0100: 7.890: [GC (Allocation Failure) 7.890: [ParNew: 3064K->317K(3072K), 0.0102469 secs] 267627K->265273K(309712K), 0.0102824 secs] [Times: user=0.00 sys=0.00, real=0.01 secs] 
2015-01-18T14:08:04.572+0100: 7.901: [GC (Allocation Failure) 7.901: [ParNew: 3069K->317K(3072K), 0.0070087 secs] 268025K->265663K(309712K), 0.0070398 secs] [Times: user=0.00 sys=0.00, real=0.01 secs] 
2015-01-18T14:08:04.580+0100: 7.908: [GC (Allocation Failure) 7.908: [ParNew: 3063K->317K(3072K), 0.0087336 secs] 268409K->266056K(309712K), 0.0087596 secs] [Times: user=0.00 sys=0.00, real=0.01 secs] 
2015-01-18T14:08:04.589+0100: 7.918: [GC (Allocation Failure) 7.918: [ParNew: 3069K->317K(3072K), 0.0258380 secs] 268808K->266448K(309712K), 0.0258701 secs] [Times: user=0.01 sys=0.00, real=0.02 secs] 
2015-01-18T14:08:04.616+0100: 7.945: [GC (Allocation Failure) 7.945: [ParNew: 3064K->317K(3072K), 0.0077213 secs] 269196K->266838K(309712K), 0.0077671 secs] [Times: user=0.01 sys=0.00, real=0.01 secs] 
2015-01-18T14:08:04.626+0100: 7.954: [GC (Allocation Failure) 7.954: [ParNew: 3064K->317K(3072K), 0.0133696 secs] 269584K->267231K(309712K), 0.0134066 secs] [Times: user=0.00 sys=0.00, real=0.02 secs] 
2015-01-18T14:08:04.640+0100: 7.968: [GC (Allocation Failure) 7.968: [ParNew: 3059K->317K(3072K), 0.0152911 secs] 269973K->267620K(309712K), 0.0153160 secs] [Times: user=0.01 sys=0.00, real=0.01 secs] 
2015-01-18T14:08:04.656+0100: 7.984: [GC (Allocation Failure) 7.984: [ParNew: 3068K->317K(3072K), 0.0113514 secs] 270371K->268013K(309712K), 0.0113749 secs] [Times: user=0.01 sys=0.00, real=0.02 secs] 
2015-01-18T14:08:04.668+0100: 7.996: [GC (Allocation Failure) 7.996: [ParNew: 3061K->317K(3072K), 0.0113714 secs] 270757K->268403K(309712K), 0.0113965 secs] [Times: user=0.00 sys=0.00, real=0.01 secs] 
2015-01-18T14:08:04.680+0100: 8.008: [GC (Allocation Failure) 8.008: [ParNew: 3068K->317K(3072K), 0.0113431 secs] 271153K->268795K(309712K), 0.0114069 secs] [Times: user=0.01 sys=0.00, real=0.01 secs] 
2015-01-18T14:08:04.707+0100: 8.036: [GC (Allocation Failure) 8.036: [ParNew: 3060K->317K(3072K), 0.0159648 secs] 271538K->269185K(309712K), 0.0159970 secs] [Times: user=0.01 sys=0.00, real=0.01 secs] 
2015-01-18T14:08:04.731+0100: 8.060: [GC (Allocation Failure) 8.060: [ParNew: 3064K->317K(3072K), 0.0119781 secs] 271932K->269578K(309712K), 0.0120513 secs] [Times: user=0.01 sys=0.00, real=0.01 secs] 
2015-01-18T14:08:04.748+0100: 8.077: [GC (Allocation Failure) 8.077: [ParNew: 3069K->317K(3072K), 0.0112364 secs] 272330K->269967K(309712K), 0.0112907 secs] [Times: user=0.00 sys=0.00, real=0.01 secs] 
2015-01-18T14:08:04.767+0100: 8.096: [GC (Allocation Failure) 8.096: [ParNew: 3063K->317K(3072K), 0.0041292 secs] 272713K->270360K(309712K), 0.0041731 secs] [Times: user=0.00 sys=0.00, real=0.00 secs] 
2015-01-18T14:08:04.779+0100: 8.108: [GC (Allocation Failure) 8.108: [ParNew: 3069K->317K(3072K), 0.0120164 secs] 273112K->270753K(309712K), 0.0120836 secs] [Times: user=0.01 sys=0.00, real=0.01 secs] 
2015-01-18T14:08:04.795+0100: 8.124: [GC (Allocation Failure) 8.124: [ParNew: 3064K->317K(3072K), 0.0159618 secs] 273500K->271142K(309712K), 0.0159986 secs] [Times: user=0.00 sys=0.00, real=0.02 secs] 
2015-01-18T14:08:04.819+0100: 8.148: [GC (Allocation Failure) 8.148: [ParNew: 3064K->317K(3072K), 0.0119872 secs] 273889K->271535K(309712K), 0.0120344 secs] [Times: user=0.01 sys=0.00, real=0.01 secs] 
2015-01-18T14:08:04.832+0100: 8.161: [GC (Allocation Failure) 8.161: [ParNew: 3059K->317K(3072K), 0.0074700 secs] 274278K->271925K(309712K), 0.0075311 secs] [Times: user=0.00 sys=0.00, real=0.01 secs] 
2015-01-18T14:08:04.843+0100: 8.172: [GC (Allocation Failure) 8.172: [ParNew: 3068K->317K(3072K), 0.0119566 secs] 274675K->272318K(309712K), 0.0119877 secs] [Times: user=0.00 sys=0.00, real=0.01 secs] 
2015-01-18T14:08:04.859+0100: 8.188: [GC (Allocation Failure) 8.188: [ParNew: 3061K->317K(3072K), 0.0079830 secs] 275061K->272707K(309712K), 0.0080088 secs] [Times: user=0.00 sys=0.00, real=0.01 secs] 
2015-01-18T14:08:04.875+0100: 8.204: [GC (Allocation Failure) 8.204: [ParNew: 3068K->317K(3072K), 0.0079929 secs] 275458K->273100K(309712K), 0.0080258 secs] [Times: user=0.01 sys=0.00, real=0.01 secs] 
2015-01-18T14:08:04.887+0100: 8.216: [GC (Allocation Failure) 8.216: [ParNew: 3060K->317K(3072K), 0.0119743 secs] 275843K->273490K(309712K), 0.0120182 secs] [Times: user=0.01 sys=0.00, real=0.01 secs] 
2015-01-18T14:08:04.903+0100: 8.232: [GC (Allocation Failure) 8.232: [ParNew: 3064K->317K(3072K), 0.0079814 secs] 276236K->273882K(309712K), 0.0080366 secs] [Times: user=0.00 sys=0.00, real=0.01 secs] 
2015-01-18T14:08:04.915+0100: 8.244: [GC (Allocation Failure) 8.244: [ParNew: 3069K->317K(3072K), 0.0159750 secs] 276634K->274272K(309712K), 0.0160157 secs] [Times: user=0.01 sys=0.01, real=0.02 secs] 
2015-01-18T14:08:04.932+0100: 8.261: [GC (Allocation Failure) 8.261: [ParNew: 3063K->317K(3072K), 0.0110606 secs] 277018K->274665K(309712K), 0.0111086 secs] [Times: user=0.00 sys=0.00, real=0.01 secs] 
2015-01-18T14:08:04.947+0100: 8.276: [GC (Allocation Failure) 8.276: [ParNew: 3069K->317K(3072K), 0.0159708 secs] 277417K->275057K(309712K), 0.0160078 secs] [Times: user=0.01 sys=0.00, real=0.01 secs] 
2015-01-18T14:08:04.967+0100: 8.296: [GC (Allocation Failure) 8.296: [ParNew: 3064K->317K(3072K), 0.0082569 secs] 277805K->275447K(309712K), 0.0082855 secs] [Times: user=0.00 sys=0.00, real=0.00 secs] 
2015-01-18T14:08:04.979+0100: 8.308: [GC (Allocation Failure) 8.308: [ParNew: 3064K->317K(3072K), 0.0120034 secs] 278194K->275840K(309712K), 0.0120289 secs] [Times: user=0.00 sys=0.00, real=0.01 secs] 
2015-01-18T14:08:04.992+0100: 8.320: [GC (Allocation Failure) 8.320: [ParNew: 3059K->317K(3072K), 0.0113688 secs] 278582K->276229K(309712K), 0.0114236 secs] [Times: user=0.00 sys=0.00, real=0.01 secs] 
2015-01-18T14:08:05.004+0100: 8.333: [GC (Allocation Failure) 8.333: [ParNew: 3068K->317K(3072K), 0.0110445 secs] 278980K->276622K(309712K), 0.0110753 secs] [Times: user=0.00 sys=0.00, real=0.01 secs] 
2015-01-18T14:08:05.016+0100: 8.345: [GC (Allocation Failure) 8.345: [ParNew: 3061K->317K(3072K), 0.0112072 secs] 279366K->277012K(309712K), 0.0112616 secs] [Times: user=0.00 sys=0.00, real=0.02 secs] 
2015-01-18T14:08:05.028+0100: 8.357: [GC (Allocation Failure) 8.357: [ParNew: 3068K->317K(3072K), 0.0072505 secs] 279763K->277405K(309712K), 0.0072874 secs] [Times: user=0.01 sys=0.00, real=0.00 secs] 
2015-01-18T14:08:05.040+0100: 8.369: [GC (Allocation Failure) 8.369: [ParNew: 3060K->317K(3072K), 0.0109123 secs] 280148K->277794K(309712K), 0.0109539 secs] [Times: user=0.00 sys=0.00, real=0.01 secs] 
2015-01-18T14:08:05.052+0100: 8.381: [GC (Allocation Failure) 8.381: [ParNew: 3064K->317K(3072K), 0.0046564 secs] 280541K->278187K(309712K), 0.0047265 secs] [Times: user=0.00 sys=0.00, real=0.00 secs] 
2015-01-18T14:08:05.059+0100: 8.388: [GC (Allocation Failure) 8.388: [ParNew: 3069K->317K(3072K), 0.0119541 secs] 280939K->278576K(309712K), 0.0119815 secs] [Times: user=0.00 sys=0.00, real=0.01 secs] 
2015-01-18T14:08:05.072+0100: 8.401: [GC (Allocation Failure) 8.401: [ParNew: 3063K->317K(3072K), 0.0118588 secs] 281322K->278969K(309712K), 0.0118970 secs] [Times: user=0.00 sys=0.00, real=0.01 secs] 
2015-01-18T14:08:05.085+0100: 8.413: [GC (Allocation Failure) 8.413: [ParNew: 3069K->317K(3072K), 0.0065565 secs] 281721K->279362K(309712K), 0.0065859 secs] [Times: user=0.01 sys=0.00, real=0.01 secs] 
2015-01-18T14:08:05.096+0100: 8.425: [GC (Allocation Failure) 8.425: [ParNew: 3064K->317K(3072K), 0.0072361 secs] 282109K->279752K(309712K), 0.0072956 secs] [Times: user=0.00 sys=0.00, real=0.01 secs] 
2015-01-18T14:08:05.107+0100: 8.436: [GC (Allocation Failure) 8.436: [ParNew: 3064K->317K(3072K), 0.0159543 secs] 282498K->280144K(309712K), 0.0159846 secs] [Times: user=0.01 sys=0.00, real=0.01 secs] 
2015-01-18T14:08:05.131+0100: 8.460: [GC (Allocation Failure) 8.460: [ParNew: 3059K->317K(3072K), 0.0077773 secs] 282887K->280534K(309712K), 0.0078257 secs] [Times: user=0.00 sys=0.00, real=0.00 secs] 
2015-01-18T14:08:05.187+0100: 8.516: [GC (Allocation Failure) 8.516: [ParNew: 3068K->317K(3072K), 0.0199091 secs] 283284K->280927K(309712K), 0.0199952 secs] [Times: user=0.01 sys=0.00, real=0.02 secs] 
2015-01-18T14:08:05.211+0100: 8.540: [GC (Allocation Failure) 8.540: [ParNew: 3061K->317K(3072K), 0.0119721 secs] 283670K->281316K(309712K), 0.0120112 secs] [Times: user=0.00 sys=0.00, real=0.01 secs] 
2015-01-18T14:08:05.227+0100: 8.556: [GC (Allocation Failure) 8.556: [ParNew: 3068K->317K(3072K), 0.0079639 secs] 284067K->281709K(309712K), 0.0079892 secs] [Times: user=0.00 sys=0.00, real=0.00 secs] 
2015-01-18T14:08:05.239+0100: 8.568: [GC (Allocation Failure) 8.568: [ParNew: 3060K->317K(3072K), 0.0079789 secs] 284452K->282099K(309712K), 0.0080032 secs] [Times: user=0.00 sys=0.00, real=0.01 secs] 
2015-01-18T14:08:05.251+0100: 8.580: [GC (Allocation Failure) 8.580: [ParNew: 3064K->317K(3072K), 0.0079673 secs] 284845K->282491K(309712K), 0.0079918 secs] [Times: user=0.00 sys=0.00, real=0.01 secs] 
2015-01-18T14:08:05.267+0100: 8.596: [GC (Allocation Failure) 8.596: [ParNew: 3069K->317K(3072K), 0.0079929 secs] 285243K->282881K(309712K), 0.0080168 secs] [Times: user=0.00 sys=0.00, real=0.00 secs] 
2015-01-18T14:08:05.283+0100: 8.612: [GC (CMS Initial Mark) [1 CMS-initial-mark: 282563K(306640K)] 285627K(309712K), 0.0039876 secs] [Times: user=0.00 sys=0.00, real=0.01 secs] 
2015-01-18T14:08:05.291+0100: 8.620: [CMS-concurrent-mark-start]
2015-01-18T14:08:05.303+0100: 8.632: [GC (Allocation Failure) 8.632: [ParNew: 3063K->317K(3072K), 0.0119970 secs] 285627K->283274K(309712K), 0.0120237 secs] [Times: user=0.01 sys=0.00, real=0.01 secs] 
2015-01-18T14:08:05.323+0100: 8.652: [GC (Allocation Failure) 8.652: [ParNew: 3069K->317K(3072K), 0.0079821 secs] 286026K->283667K(309712K), 0.0080064 secs] [Times: user=0.00 sys=0.00, real=0.01 secs] 
2015-01-18T14:08:05.335+0100: 8.663: [CMS-concurrent-mark: 0.014/0.044 secs] [Times: user=0.03 sys=0.00, real=0.04 secs] 
2015-01-18T14:08:05.335+0100: 8.663: [CMS-concurrent-preclean-start]
2015-01-18T14:08:05.343+0100: 8.672: [GC (Allocation Failure) 8.672: [ParNew: 3064K->317K(3072K), 0.0064206 secs] 286414K->284056K(309712K), 0.0064787 secs] [Times: user=0.00 sys=0.00, real=0.01 secs] 
2015-01-18T14:08:05.351+0100: 8.679: [GC (Allocation Failure) 8.679: [ParNew: 3064K->317K(3072K), 0.0092144 secs] 286803K->284449K(309712K), 0.0092606 secs] [Times: user=0.01 sys=0.00, real=0.01 secs] 
2015-01-18T14:08:05.364+0100: 8.693: [GC (Allocation Failure) 8.693: [ParNew: 3059K->317K(3072K), 0.0074723 secs] 287191K->284839K(309712K), 0.0075209 secs] [Times: user=0.00 sys=0.00, real=0.01 secs] 
2015-01-18T14:08:05.376+0100: 8.705: [GC (Allocation Failure) 8.705: [ParNew: 3068K->317K(3072K), 0.0113634 secs] 287589K->285231K(309712K), 0.0114205 secs] [Times: user=0.01 sys=0.00, real=0.02 secs] 
2015-01-18T14:08:05.392+0100: 8.721: [GC (Allocation Failure) 8.721: [ParNew: 3061K->317K(3072K), 0.0034928 secs] 287975K->285621K(309712K), 0.0035427 secs] [Times: user=0.00 sys=0.00, real=0.00 secs] 
2015-01-18T14:08:05.397+0100: 8.726: [GC (Allocation Failure) 8.726: [ParNew: 3068K->317K(3072K), 0.0103418 secs] 288372K->286014K(309712K), 0.0103932 secs] [Times: user=0.01 sys=0.00, real=0.02 secs] 
2015-01-18T14:08:05.408+0100: 8.737: [GC (Allocation Failure) 8.737: [ParNew: 3060K->317K(3072K), 0.0070718 secs] 288757K->286403K(309712K), 0.0071236 secs] [Times: user=0.01 sys=0.00, real=0.00 secs] 
2015-01-18T14:08:05.420+0100: 8.749: [GC (Allocation Failure) 8.749: [ParNew: 3064K->317K(3072K), 0.0113334 secs] 289150K->286796K(309712K), 0.0113851 secs] [Times: user=0.00 sys=0.00, real=0.01 secs] 
2015-01-18T14:08:05.432+0100: 8.761: [GC (Allocation Failure) 8.761: [ParNew: 3069K->317K(3072K), 0.0071882 secs] 289548K->287186K(309712K), 0.0072360 secs] [Times: user=0.01 sys=0.00, real=0.01 secs] 
2015-01-18T14:08:05.440+0100: 8.769: [GC (Allocation Failure) 8.769: [ParNew: 3063K->317K(3072K), 0.0130570 secs] 289931K->287578K(309712K), 0.0131114 secs] [Times: user=0.00 sys=0.00, real=0.01 secs] 
2015-01-18T14:08:05.454+0100: 8.783: [GC (Allocation Failure) 8.783: [ParNew: 3069K->317K(3072K), 0.0050993 secs] 290330K->287971K(309712K), 0.0051515 secs] [Times: user=0.01 sys=0.00, real=0.01 secs] 
2015-01-18T14:08:05.460+0100: 8.789: [GC (Allocation Failure) 8.789: [ParNew: 3064K->317K(3072K), 0.0108992 secs] 290718K->288361K(309712K), 0.0109489 secs] [Times: user=0.01 sys=0.00, real=0.01 secs] 
2015-01-18T14:08:05.472+0100: 8.801: [GC (Allocation Failure) 8.801: [ParNew: 3064K->317K(3072K), 0.0024528 secs] 291107K->288754K(309712K), 0.0024970 secs] [Times: user=0.00 sys=0.00, real=0.00 secs] 
2015-01-18T14:08:05.475+0100: 8.804: [GC (Allocation Failure) 8.804: [ParNew: 3059K->317K(3072K), 0.0127681 secs] 291496K->289143K(309712K), 0.0128146 secs] [Times: user=0.01 sys=0.00, real=0.02 secs] 
2015-01-18T14:08:05.491+0100: 8.820: [CMS-concurrent-preclean: 0.005/0.156 secs] [Times: user=0.08 sys=0.00, real=0.16 secs] 
2015-01-18T14:08:05.492+0100: 8.821: [GC (Allocation Failure) 8.821: [ParNew: 3068K->317K(3072K), 0.0024270 secs] 291894K->289536K(309712K), 0.0024728 secs] [Times: user=0.00 sys=0.00, real=0.00 secs] 
2015-01-18T14:08:05.496+0100: 8.825: [GC (CMS Final Remark) [YG occupancy: 3061 K (3072 K)]8.825: [Rescan (parallel) , 0.0102615 secs]8.835: [weak refs processing, 0.0000115 secs]8.835: [class unloading, 0.0003966 secs]8.835: [scrub symbol table, 0.0005516 secs]8.836: [scrub string table, 0.0002170 secs][1 CMS-remark: 289218K(306640K)] 292279K(309712K), 0.0115261 secs] [Times: user=0.01 sys=0.00, real=0.02 secs] 
2015-01-18T14:08:05.515+0100: 8.844: [CMS-concurrent-sweep-start]
2015-01-18T14:08:05.519+0100: 8.848: [GC (Allocation Failure) 8.848: [ParNew: 3061K->317K(3072K), 0.0024884 secs] 292279K->289925K(309712K), 0.0025332 secs] [Times: user=0.00 sys=0.00, real=0.00 secs] 
2015-01-18T14:08:05.524+0100: 8.853: [GC (Allocation Failure) 8.853: [ParNew: 3068K->317K(3072K), 0.0097997 secs] 292676K->290318K(309712K), 0.0098360 secs] [Times: user=0.00 sys=0.00, real=0.01 secs] 
2015-01-18T14:08:05.536+0100: 8.865: [GC (Allocation Failure) 8.865: [ParNew: 3060K->317K(3072K), 0.0019708 secs] 293061K->290708K(309712K), 0.0020043 secs] [Times: user=0.01 sys=0.00, real=0.00 secs] 
2015-01-18T14:08:05.540+0100: 8.869: [GC (Allocation Failure) 8.869: [ParNew: 3064K->317K(3072K), 0.0192128 secs] 293455K->291101K(309712K), 0.0192600 secs] [Times: user=0.00 sys=0.00, real=0.02 secs] 
2015-01-18T14:08:05.563+0100: 8.892: [GC (Allocation Failure) 8.892: [ParNew: 3069K->317K(3072K), 0.0117151 secs] 293853K->291490K(309712K), 0.0117571 secs] [Times: user=0.01 sys=0.00, real=0.01 secs] 
2015-01-18T14:08:05.587+0100: 8.916: [GC (Allocation Failure) 8.916: [ParNew: 3063K->317K(3072K), 0.0079672 secs] 293958K->291605K(309712K), 0.0080134 secs] [Times: user=0.00 sys=0.00, real=0.00 secs] 
2015-01-18T14:08:05.603+0100: 8.932: [GC (Allocation Failure) 8.932: [ParNew: 3069K->317K(3072K), 0.0119856 secs] 294357K->291998K(309712K), 0.0120259 secs] [Times: user=0.00 sys=0.00, real=0.01 secs] 
2015-01-18T14:08:05.616+0100: 8.945: [GC (Allocation Failure) 8.945: [ParNew: 3064K->317K(3072K), 0.0315516 secs] 294745K->292387K(309712K), 0.0315895 secs] [Times: user=0.04 sys=0.00, real=0.04 secs] 
2015-01-18T14:08:05.652+0100: 8.981: [CMS-concurrent-sweep: 0.010/0.137 secs] [Times: user=0.08 sys=0.00, real=0.14 secs] 
2015-01-18T14:08:05.655+0100: 8.984: [GC (Allocation Failure) 8.984: [ParNew: 3064K->317K(3072K), 0.0062066 secs] 295134K->292780K(309712K), 0.0062439 secs] [Times: user=0.00 sys=0.00, real=0.01 secs] 
2015-01-18T14:08:05.667+0100: 8.996: [GC (Allocation Failure) 8.996: [ParNew: 3059K->317K(3072K), 0.0080037 secs] 295523K->293170K(309712K), 0.0080480 secs] [Times: user=0.00 sys=0.00, real=0.00 secs] 
2015-01-18T14:08:05.680+0100: 9.008: [GC (Allocation Failure) 9.008: [ParNew: 3068K->317K(3072K), 0.0154514 secs] 295920K->293563K(309712K), 0.0154925 secs] [Times: user=0.01 sys=0.00, real=0.01 secs] 
2015-01-18T14:08:05.700+0100: 9.028: [GC (Allocation Failure) 9.028: [ParNew: 3061K->317K(3072K), 0.0047891 secs] 296306K->293952K(309712K), 0.0048334 secs] [Times: user=0.01 sys=0.00, real=0.00 secs] 
2015-01-18T14:08:05.708+0100: 9.036: [GC (Allocation Failure) 9.036: [ParNew: 3068K->317K(3072K), 0.0074666 secs] 296703K->294345K(309712K), 0.0075043 secs] [Times: user=0.00 sys=0.00, real=0.00 secs] 
2015-01-18T14:08:05.720+0100: 9.048: [GC (Allocation Failure) 9.048: [ParNew: 3060K->317K(3072K), 0.0035119 secs] 297088K->294734K(309712K), 0.0035483 secs] [Times: user=0.00 sys=0.00, real=0.00 secs] 
2015-01-18T14:08:05.731+0100: 9.060: [GC (Allocation Failure) 9.060: [ParNew: 3064K->317K(3072K), 0.0079724 secs] 297481K->295127K(309712K), 0.0080091 secs] [Times: user=0.00 sys=0.00, real=0.01 secs] 
2015-01-18T14:08:05.743+0100: 9.072: [GC (Allocation Failure) 9.072: [ParNew: 3069K->317K(3072K), 0.0079673 secs] 297879K->295517K(309712K), 0.0080050 secs] [Times: user=0.00 sys=0.00, real=0.01 secs] 
2015-01-18T14:08:05.759+0100: 9.088: [GC (Allocation Failure) 9.088: [ParNew: 3063K->317K(3072K), 0.0079786 secs] 298263K->295910K(309712K), 0.0080142 secs] [Times: user=0.00 sys=0.00, real=0.01 secs] 
2015-01-18T14:08:05.775+0100: 9.104: [GC (Allocation Failure) 9.104: [ParNew: 3069K->317K(3072K), 0.0079866 secs] 298662K->296302K(309712K), 0.0080293 secs] [Times: user=0.01 sys=0.00, real=0.01 secs] 
2015-01-18T14:08:05.791+0100: 9.120: [GC (Allocation Failure) 9.120: [ParNew: 3064K->317K(3072K), 0.0079749 secs] 299050K->296692K(309712K), 0.0080129 secs] [Times: user=0.00 sys=0.00, real=0.01 secs] 
2015-01-18T14:08:05.804+0100: 9.132: [CMS-concurrent-reset-start]
2015-01-18T14:08:05.806+0100: 9.135: [CMS-concurrent-reset: 0.003/0.003 secs] [Times: user=0.00 sys=0.00, real=0.00 secs] 
2015-01-18T14:08:05.808+0100: 9.136: [GC (Allocation Failure) 9.136: [ParNew: 3064K->317K(3072K), 0.0075950 secs] 299439K->297085K(497032K), 0.0076409 secs] [Times: user=0.01 sys=0.00, real=0.00 secs] 
2015-01-18T14:08:05.820+0100: 9.148: [GC (Allocation Failure) 9.148: [ParNew: 3059K->317K(3072K), 0.0113989 secs] 299827K->297474K(497032K), 0.0114491 secs] [Times: user=0.01 sys=0.00, real=0.01 secs] 
2015-01-18T14:08:05.839+0100: 9.168: [GC (Allocation Failure) 9.168: [ParNew: 3068K->317K(3072K), 0.0159604 secs] 300225K->297867K(497032K), 0.0159929 secs] [Times: user=0.01 sys=0.00, real=0.01 secs] 
2015-01-18T14:08:05.860+0100: 9.188: [GC (Allocation Failure) 9.188: [ParNew: 3061K->317K(3072K), 0.0154320 secs] 300611K->298257K(497032K), 0.0154600 secs] [Times: user=0.00 sys=0.00, real=0.01 secs] 
2015-01-18T14:08:05.883+0100: 9.212: [GC (Allocation Failure) 9.212: [ParNew: 3068K->317K(3072K), 0.0199913 secs] 301007K->298649K(497032K), 0.0200342 secs] [Times: user=0.01 sys=0.00, real=0.02 secs] 
2015-01-18T14:08:05.908+0100: 9.237: [GC (Allocation Failure) 9.237: [ParNew: 3060K->317K(3072K), 0.0072459 secs] 301392K->299039K(497032K), 0.0073046 secs] [Times: user=0.01 sys=0.00, real=0.00 secs] 
2015-01-18T14:08:05.923+0100: 9.252: [GC (Allocation Failure) 9.252: [ParNew: 3064K->317K(3072K), 0.0159640 secs] 301786K->299432K(497032K), 0.0159989 secs] [Times: user=0.01 sys=0.00, real=0.02 secs] 
2015-01-18T14:08:05.943+0100: 9.272: [GC (Allocation Failure) 9.272: [ParNew: 3069K->317K(3072K), 0.0279654 secs] 302184K->299821K(497032K), 0.0280118 secs] [Times: user=0.00 sys=0.00, real=0.03 secs] 
2015-01-18T14:08:05.975+0100: 9.304: [GC (Allocation Failure) 9.304: [ParNew: 3063K->317K(3072K), 0.0159897 secs] 302567K->300214K(497032K), 0.0160522 secs] [Times: user=0.01 sys=0.00, real=0.02 secs] 
2015-01-18T14:08:05.999+0100: 9.328: [GC (Allocation Failure) 9.328: [ParNew: 3069K->317K(3072K), 0.0081202 secs] 302966K->300607K(497032K), 0.0081638 secs] [Times: user=0.01 sys=0.00, real=0.01 secs] 
2015-01-18T14:08:06.012+0100: 9.340: [GC (Allocation Failure) 9.340: [ParNew: 3064K->317K(3072K), 0.0114381 secs] 303354K->300997K(497032K), 0.0114742 secs] [Times: user=0.00 sys=0.00, real=0.01 secs] 
2015-01-18T14:08:06.031+0100: 9.360: [GC (Allocation Failure) 9.360: [ParNew: 3064K->317K(3072K), 0.0081287 secs] 303743K->301389K(497032K), 0.0081553 secs] [Times: user=0.01 sys=0.00, real=0.01 secs] 
2015-01-18T14:08:06.044+0100: 9.372: [GC (Allocation Failure) 9.372: [ParNew: 3059K->317K(3072K), 0.0234639 secs] 304132K->301779K(497032K), 0.0235145 secs] [Times: user=0.01 sys=0.00, real=0.03 secs] 
2015-01-18T14:08:06.072+0100: 9.401: [GC (Allocation Failure) 9.401: [ParNew: 3068K->317K(3072K), 0.0190977 secs] 304529K->302172K(497032K), 0.0191511 secs] [Times: user=0.01 sys=0.00, real=0.02 secs] 
2015-01-18T14:08:06.099+0100: 9.428: [GC (Allocation Failure) 9.428: [ParNew: 3061K->317K(3072K), 0.0239678 secs] 304915K->302561K(497032K), 0.0240004 secs] [Times: user=0.02 sys=0.00, real=0.02 secs] 
2015-01-18T14:08:06.131+0100: 9.460: [GC (Allocation Failure) 9.460: [ParNew: 3068K->317K(3072K), 0.0440311 secs] 305312K->302954K(497032K), 0.0440876 secs] [Times: user=0.03 sys=0.00, real=0.04 secs] 
2015-01-18T14:08:06.183+0100: 9.512: [GC (Allocation Failure) 9.512: [ParNew: 3060K->317K(3072K), 0.0239579 secs] 305697K->303344K(497032K), 0.0240230 secs] [Times: user=0.00 sys=0.00, real=0.03 secs] 
2015-01-18T14:08:06.215+0100: 9.544: [GC (Allocation Failure) 9.544: [ParNew: 3064K->317K(3072K), 0.0119743 secs] 306090K->303736K(497032K), 0.0120275 secs] [Times: user=0.01 sys=0.00, real=0.02 secs] 
2015-01-18T14:08:06.235+0100: 9.564: [GC (Allocation Failure) 9.564: [ParNew: 3069K->317K(3072K), 0.0199631 secs] 306488K->304126K(497032K), 0.0199964 secs] [Times: user=0.01 sys=0.00, real=0.02 secs] 
2015-01-18T14:08:06.263+0100: 9.592: [GC (Allocation Failure) 9.592: [ParNew: 3063K->317K(3072K), 0.0119783 secs] 306872K->304519K(497032K), 0.0120058 secs] [Times: user=0.01 sys=0.00, real=0.01 secs] 
2015-01-18T14:08:06.283+0100: 9.612: [GC (Allocation Failure) 9.612: [ParNew: 3069K->317K(3072K), 0.0159643 secs] 307271K->304912K(497032K), 0.0159957 secs] [Times: user=0.00 sys=0.00, real=0.02 secs] 
2015-01-18T14:08:06.303+0100: 9.632: [GC (Allocation Failure) 9.632: [ParNew: 3064K->317K(3072K), 0.0081371 secs] 307659K->305301K(497032K), 0.0081644 secs] [Times: user=0.01 sys=0.00, real=0.01 secs] 
2015-01-18T14:08:06.319+0100: 9.648: [GC (Allocation Failure) 9.648: [ParNew: 3064K->317K(3072K), 0.0159681 secs] 308048K->305694K(497032K), 0.0159988 secs] [Times: user=0.01 sys=0.00, real=0.01 secs] 
2015-01-18T14:08:06.343+0100: 9.672: [GC (Allocation Failure) 9.672: [ParNew: 3059K->317K(3072K), 0.0159958 secs] 308436K->306083K(497032K), 0.0160583 secs] [Times: user=0.01 sys=0.00, real=0.02 secs] 
2015-01-18T14:08:06.367+0100: 9.696: [GC (Allocation Failure) 9.696: [ParNew: 3068K->317K(3072K), 0.0161014 secs] 308834K->306476K(497032K), 0.0161295 secs] [Times: user=0.00 sys=0.00, real=0.01 secs] 
2015-01-18T14:08:06.387+0100: 9.716: [GC (Allocation Failure) 9.716: [ParNew: 3061K->317K(3072K), 0.0239984 secs] 309220K->306866K(497032K), 0.0240562 secs] [Times: user=0.02 sys=0.00, real=0.02 secs] 
2015-01-18T14:08:06.412+0100: 9.741: [GC (Allocation Failure) 9.741: [ParNew: 3068K->317K(3072K), 0.0192472 secs] 309617K->307259K(497032K), 0.0192981 secs] [Times: user=0.00 sys=0.00, real=0.02 secs] 
2015-01-18T14:08:06.439+0100: 9.768: [GC (Allocation Failure) 9.768: [ParNew: 3060K->317K(3072K), 0.0239717 secs] 310002K->307648K(497032K), 0.0240064 secs] [Times: user=0.02 sys=0.00, real=0.02 secs] 
2015-01-18T14:08:06.468+0100: 9.797: [GC (Allocation Failure) 9.797: [ParNew: 3064K->317K(3072K), 0.0112330 secs] 310395K->308041K(497032K), 0.0112719 secs] [Times: user=0.00 sys=0.00, real=0.01 secs] 
2015-01-18T14:08:06.485+0100: 9.814: [GC (Allocation Failure) 9.814: [ParNew: 3069K->317K(3072K), 0.0139256 secs] 310793K->308431K(497032K), 0.0139524 secs] [Times: user=0.01 sys=0.00, real=0.02 secs] 
2015-01-18T14:08:06.502+0100: 9.831: [GC (Allocation Failure) 9.831: [ParNew: 3063K->317K(3072K), 0.0168492 secs] 311176K->308823K(497032K), 0.0168755 secs] [Times: user=0.00 sys=0.00, real=0.02 secs] 
2015-01-18T14:08:06.527+0100: 9.856: [GC (Allocation Failure) 9.856: [ParNew: 3069K->317K(3072K), 0.0199881 secs] 311575K->309216K(497032K), 0.0200138 secs] [Times: user=0.01 sys=0.00, real=0.02 secs] 
2015-01-18T14:08:06.551+0100: 9.880: [GC (Allocation Failure) 9.880: [ParNew: 3064K->317K(3072K), 0.0199903 secs] 311963K->309606K(497032K), 0.0200167 secs] [Times: user=0.01 sys=0.00, real=0.02 secs] 
2015-01-18T14:08:06.575+0100: 9.904: [GC (Allocation Failure) 9.904: [ParNew: 3064K->317K(3072K), 0.0160727 secs] 312352K->309998K(497032K), 0.0160984 secs] [Times: user=0.01 sys=0.00, real=0.02 secs] 
2015-01-18T14:08:06.599+0100: 9.928: [GC (Allocation Failure) 9.928: [ParNew: 3059K->317K(3072K), 0.0199908 secs] 312741K->310388K(497032K), 0.0200164 secs] [Times: user=0.01 sys=0.00, real=0.02 secs] 
2015-01-18T14:08:06.627+0100: 9.956: [GC (Allocation Failure) 9.956: [ParNew: 3068K->317K(3072K), 0.0120214 secs] 313139K->310781K(497032K), 0.0120794 secs] [Times: user=0.01 sys=0.00, real=0.01 secs] 
2015-01-18T14:08:06.647+0100: 9.976: [GC (Allocation Failure) 9.976: [ParNew: 3061K->317K(3072K), 0.0239705 secs] 313524K->311170K(497032K), 0.0240141 secs] [Times: user=0.00 sys=0.00, real=0.02 secs] 
2015-01-18T14:08:06.679+0100: 10.008: [GC (Allocation Failure) 10.008: [ParNew: 3068K->317K(3072K), 0.0080079 secs] 313921K->311563K(497032K), 0.0080607 secs] [Times: user=0.01 sys=0.00, real=0.01 secs] 
2015-01-18T14:08:06.692+0100: 10.021: [GC (Allocation Failure) 10.021: [ParNew: 3060K->317K(3072K), 0.0071854 secs] 314306K->311953K(497032K), 0.0072414 secs] [Times: user=0.01 sys=0.00, real=0.01 secs] 
2015-01-18T14:08:06.700+0100: 10.029: [GC (Allocation Failure) 10.029: [ParNew: 3064K->317K(3072K), 0.0070802 secs] 314699K->312346K(497032K), 0.0071100 secs] [Times: user=0.00 sys=0.00, real=0.01 secs] 
2015-01-18T14:08:06.708+0100: 10.037: [GC (Allocation Failure) 10.037: [ParNew: 3069K->317K(3072K), 0.0073054 secs] 315098K->312735K(497032K), 0.0073307 secs] [Times: user=0.01 sys=0.00, real=0.00 secs] 
2015-01-18T14:08:06.716+0100: 10.044: [GC (Allocation Failure) 10.044: [ParNew: 3063K->317K(3072K), 0.0152776 secs] 315481K->313128K(497032K), 0.0153021 secs] [Times: user=0.00 sys=0.00, real=0.02 secs] 
2015-01-18T14:08:06.732+0100: 10.060: [GC (Allocation Failure) 10.060: [ParNew: 3069K->317K(3072K), 0.0193974 secs] 315880K->313521K(497032K), 0.0194676 secs] [Times: user=0.01 sys=0.00, real=0.02 secs] 
2015-01-18T14:08:06.759+0100: 10.088: [GC (Allocation Failure) 10.088: [ParNew: 3064K->317K(3072K), 0.0159914 secs] 316268K->313910K(497032K), 0.0160457 secs] [Times: user=0.01 sys=0.00, real=0.01 secs] 
2015-01-18T14:08:06.776+0100: 10.105: [GC (Allocation Failure) 10.105: [ParNew: 3064K->317K(3072K), 0.0151204 secs] 316657K->314303K(497032K), 0.0151692 secs] [Times: user=0.01 sys=0.00, real=0.02 secs] 
2015-01-18T14:08:06.807+0100: 10.136: [GC (Allocation Failure) 10.136: [ParNew: 3059K->317K(3072K), 0.0159679 secs] 317045K->314693K(497032K), 0.0159973 secs] [Times: user=0.01 sys=0.00, real=0.01 secs] 
2015-01-18T14:08:06.831+0100: 10.160: [GC (Allocation Failure) 10.160: [ParNew: 3068K->317K(3072K), 0.0199920 secs] 317443K->315085K(497032K), 0.0200369 secs] [Times: user=0.01 sys=0.00, real=0.02 secs] 
2015-01-18T14:08:06.859+0100: 10.188: [GC (Allocation Failure) 10.188: [ParNew: 3061K->317K(3072K), 0.0239794 secs] 317829K->315475K(497032K), 0.0240269 secs] [Times: user=0.01 sys=0.00, real=0.02 secs] 
2015-01-18T14:08:06.891+0100: 10.220: [GC (Allocation Failure) 10.220: [ParNew: 3068K->317K(3072K), 0.0199876 secs] 318226K->315868K(497032K), 0.0200337 secs] [Times: user=0.01 sys=0.00, real=0.02 secs] 
2015-01-18T14:08:06.919+0100: 10.248: [GC (Allocation Failure) 10.248: [ParNew: 3060K->317K(3072K), 0.0180534 secs] 318611K->316257K(497032K), 0.0181001 secs] [Times: user=0.02 sys=0.00, real=0.01 secs] 
2015-01-18T14:08:06.943+0100: 10.272: [GC (Allocation Failure) 10.272: [ParNew: 3064K->317K(3072K), 0.0239763 secs] 319004K->316650K(497032K), 0.0240218 secs] [Times: user=0.01 sys=0.00, real=0.03 secs] 
2015-01-18T14:08:06.975+0100: 10.304: [GC (Allocation Failure) 10.304: [ParNew: 3069K->317K(3072K), 0.0159882 secs] 319402K->317040K(497032K), 0.0160380 secs] [Times: user=0.01 sys=0.00, real=0.02 secs] 
2015-01-18T14:08:06.995+0100: 10.324: [GC (Allocation Failure) 10.324: [ParNew: 3063K->317K(3072K), 0.0199870 secs] 319786K->317432K(497032K), 0.0200359 secs] [Times: user=0.00 sys=0.00, real=0.02 secs] 
2015-01-18T14:08:07.020+0100: 10.349: [GC (Allocation Failure) 10.349: [ParNew: 3069K->317K(3072K), 0.0148258 secs] 320184K->317825K(497032K), 0.0148539 secs] [Times: user=0.02 sys=0.00, real=0.01 secs] 
2015-01-18T14:08:07.043+0100: 10.372: [GC (Allocation Failure) 10.372: [ParNew: 3064K->317K(3072K), 0.0122994 secs] 320572K->318215K(497032K), 0.0123354 secs] [Times: user=0.01 sys=0.00, real=0.01 secs] 
2015-01-18T14:08:07.063+0100: 10.392: [GC (Allocation Failure) 10.392: [ParNew: 3064K->317K(3072K), 0.0079844 secs] 320961K->318608K(497032K), 0.0080253 secs] [Times: user=0.00 sys=0.00, real=0.01 secs] 
2015-01-18T14:08:07.079+0100: 10.408: [GC (Allocation Failure) 10.408: [ParNew: 3059K->317K(3072K), 0.0239675 secs] 321350K->318997K(497032K), 0.0239953 secs] [Times: user=0.01 sys=0.00, real=0.02 secs] 
2015-01-18T14:08:07.108+0100: 10.437: [GC (Allocation Failure) 10.437: [ParNew: 3068K->317K(3072K), 0.0151729 secs] 321748K->319390K(497032K), 0.0152104 secs] [Times: user=0.01 sys=0.00, real=0.01 secs] 
2015-01-18T14:08:07.131+0100: 10.460: [GC (Allocation Failure) 10.460: [ParNew: 3061K->317K(3072K), 0.0320048 secs] 322133K->319780K(497032K), 0.0320604 secs] [Times: user=0.02 sys=0.00, real=0.03 secs] 
2015-01-18T14:08:07.171+0100: 10.500: [GC (Allocation Failure) 10.500: [ParNew: 3068K->317K(3072K), 0.0159755 secs] 322530K->320172K(497032K), 0.0160252 secs] [Times: user=0.01 sys=0.00, real=0.02 secs] 
2015-01-18T14:08:07.192+0100: 10.521: [GC (Allocation Failure) 10.521: [ParNew: 3060K->317K(3072K), 0.0191461 secs] 322915K->320562K(497032K), 0.0192227 secs] [Times: user=0.01 sys=0.00, real=0.02 secs] 
2015-01-18T14:08:07.212+0100: 10.541: [GC (Allocation Failure) 10.541: [ParNew: 3064K->317K(3072K), 0.0150888 secs] 323309K->320955K(497032K), 0.0151452 secs] [Times: user=0.01 sys=0.00, real=0.02 secs] 
2015-01-18T14:08:07.228+0100: 10.557: [GC (Allocation Failure) 10.557: [ParNew: 3069K->317K(3072K), 0.0123290 secs] 323707K->321344K(497032K), 0.0123817 secs] [Times: user=0.01 sys=0.00, real=0.01 secs] 
2015-01-18T14:08:07.241+0100: 10.570: [GC (Allocation Failure) 10.570: [ParNew: 3063K->317K(3072K), 0.0058100 secs] 324090K->321737K(497032K), 0.0058589 secs] [Times: user=0.01 sys=0.00, real=0.01 secs] 
2015-01-18T14:08:07.248+0100: 10.577: [GC (Allocation Failure) 10.577: [ParNew: 3069K->317K(3072K), 0.0032092 secs] 324489K->322130K(497032K), 0.0032591 secs] [Times: user=0.00 sys=0.00, real=0.00 secs] 
2015-01-18T14:08:07.252+0100: 10.581: [GC (Allocation Failure) 10.581: [ParNew: 3064K->317K(3072K), 0.0149683 secs] 324877K->322519K(497032K), 0.0150200 secs] [Times: user=0.01 sys=0.00, real=0.02 secs] 
2015-01-18T14:08:07.268+0100: 10.597: [GC (Allocation Failure) 10.597: [ParNew: 3064K->317K(3072K), 0.0150950 secs] 325266K->322912K(497032K), 0.0151456 secs] [Times: user=0.01 sys=0.00, real=0.01 secs] 
2015-01-18T14:08:07.287+0100: 10.616: [GC (Allocation Failure) 10.616: [ParNew: 3059K->317K(3072K), 0.0080921 secs] 325655K->323302K(497032K), 0.0081197 secs] [Times: user=0.01 sys=0.00, real=0.00 secs] 
2015-01-18T14:08:07.299+0100: 10.628: [GC (Allocation Failure) 10.628: [ParNew: 3068K->317K(3072K), 0.0168586 secs] 326052K->323695K(497032K), 0.0169011 secs] [Times: user=0.02 sys=0.00, real=0.01 secs] 
2015-01-18T14:08:07.319+0100: 10.648: [GC (Allocation Failure) 10.648: [ParNew: 3061K->317K(3072K), 0.0159700 secs] 326438K->324084K(497032K), 0.0159962 secs] [Times: user=0.01 sys=0.00, real=0.01 secs] 
2015-01-18T14:08:07.339+0100: 10.668: [GC (Allocation Failure) 10.668: [ParNew: 3068K->317K(3072K), 0.0200230 secs] 326835K->324477K(497032K), 0.0200584 secs] [Times: user=0.01 sys=0.00, real=0.02 secs] 
2015-01-18T14:08:07.363+0100: 10.692: [GC (Allocation Failure) 10.692: [ParNew: 3060K->317K(3072K), 0.0041476 secs] 327220K->324866K(497032K), 0.0041927 secs] [Times: user=0.00 sys=0.00, real=0.01 secs] 
2015-01-18T14:08:07.369+0100: 10.697: [GC (Allocation Failure) 10.697: [ParNew: 3064K->317K(3072K), 0.3905834 secs] 327613K->325259K(497032K), 0.3906470 secs] [Times: user=0.15 sys=0.41, real=0.39 secs] 
2015-01-18T14:08:07.760+0100: 11.089: [GC (Allocation Failure) 11.089: [ParNew: 3069K->317K(3072K), 0.0270689 secs] 328011K->325649K(497032K), 0.0271276 secs] [Times: user=0.03 sys=0.00, real=0.03 secs] 
2015-01-18T14:08:07.792+0100: 11.121: [GC (Allocation Failure) 11.121: [ParNew: 3063K->317K(3072K), 0.0192211 secs] 328395K->326042K(497032K), 0.0192678 secs] [Times: user=0.00 sys=0.00, real=0.02 secs] 
2015-01-18T14:08:07.815+0100: 11.144: [GC (Allocation Failure) 11.144: [ParNew: 3069K->317K(3072K), 0.0279835 secs] 328794K->326434K(497032K), 0.0280284 secs] [Times: user=0.01 sys=0.00, real=0.03 secs] 
2015-01-18T14:08:07.848+0100: 11.176: [GC (Allocation Failure) 11.176: [ParNew: 3064K->317K(3072K), 0.0112638 secs] 329182K->326824K(497032K), 0.0112900 secs] [Times: user=0.01 sys=0.00, real=0.01 secs] 
2015-01-18T14:08:07.864+0100: 11.193: [GC (Allocation Failure) 11.193: [ParNew: 3064K->317K(3072K), 0.0152591 secs] 329571K->327217K(497032K), 0.0153018 secs] [Times: user=0.00 sys=0.00, real=0.02 secs] 
2015-01-18T14:08:07.880+0100: 11.208: [GC (Allocation Failure) 11.208: [ParNew: 3059K->317K(3072K), 0.0152937 secs] 329959K->327606K(497032K), 0.0153190 secs] [Times: user=0.01 sys=0.00, real=0.01 secs] 
2015-01-18T14:08:07.900+0100: 11.229: [GC (Allocation Failure) 11.229: [ParNew: 3068K->317K(3072K), 0.0152331 secs] 330357K->327999K(497032K), 0.0152635 secs] [Times: user=0.00 sys=0.00, real=0.01 secs] 
Heap
 par new generation   total 3072K, used 613K [0x00000000ce000000, 0x00000000ce350000, 0x00000000deaa0000)
  eden space 2752K,  10% used [0x00000000ce000000, 0x00000000ce049e50, 0x00000000ce2b0000)
  from space 320K,  99% used [0x00000000ce300000, 0x00000000ce34f618, 0x00000000ce350000)
  to   space 320K,   0% used [0x00000000ce2b0000, 0x00000000ce2b0000, 0x00000000ce300000)
 concurrent mark-sweep generation total 493960K, used 327682K [0x00000000deaa0000, 0x00000000fcd02000, 0x0000000100000000)
 Metaspace       used 2435K, capacity 4486K, committed 4864K, reserved 1056768K
  class space    used 261K, capacity 386K, committed 512K, reserved 1048576K
