0.193: [GC 0.193: [ParNew: 5184K->0K(5248K), 0.0158860 secs] 5184K->839K(10176K), 0.0159730 secs]
0.233: [GC 0.233: [ParNew: 5184K->0K(5248K), 0.0239190 secs] 6023K->1580K(10176K), 0.0239930 secs]
0.277: [GC 0.277: [ParNew: 5182K->0K(5248K), 0.0239760 secs] 6763K->2324K(10176K), 0.0240190 secs]
0.318: [GC 0.318: [ParNew: 5184K->0K(5248K), 0.0185680 secs] 7508K->3070K(10176K), 0.0186150 secs]
0.349: [GC [1 CMS-initial-mark: 3070K(4928K)] 5450K(10176K), 0.0007050 secs]
0.349: [CMS-concurrent-mark-start]
0.356: [CMS-concurrent-mark: 0.006/0.006 secs]
0.356: [CMS-concurrent-preclean-start]
0.356: [CMS-concurrent-preclean: 0.000/0.000 secs]
0.356: [CMS-concurrent-abortable-preclean-start]
0.358: [GC 0.358: [ParNew: 5175K->0K(5248K), 0.0149880 secs] 8246K->3817K(10176K), 0.0150420 secs]
0.382: [GC 0.382: [ParNew: 5181K->0K(5248K), 0.0110750 secs] 8999K->4556K(10368K), 0.0111190 secs]
0.405: [GC 0.405: [ParNew: 5181K->0K(5248K), 0.0153640 secs] 9737K->5312K(11136K), 0.0154140 secs]
0.425: [CMS-concurrent-abortable-preclean: 0.000/0.069 secs]
0.433: [GC[YG occupancy: 4731 K (5248 K)]0.433: [Rescan (parallel) , 0.0199590 secs]0.453: [weak refs processing, 0.0000160 secs] [1 CMS-remark: 5312K(5888K)] 10043K(11136K), 0.0200280 secs]
0.457: [CMS-concurrent-sweep-start]
0.457: [CMS-concurrent-sweep: 0.000/0.000 secs]
0.457: [CMS-concurrent-reset-start]
0.461: [GC 0.461: [ParNew: 5181K->0K(5248K), 0.0239020 secs] 10482K->6039K(14084K), 0.0239520 secs]
0.493: [CMS-concurrent-reset: 0.005/0.036 secs]
0.494: [GC 0.494: [ParNew: 5181K->0K(5248K), 0.0067990 secs] 11221K->6780K(14084K), 0.0068430 secs]
0.509: [GC [1 CMS-initial-mark: 6780K(8836K)] 7466K(14084K), 0.0001190 secs]
0.509: [CMS-concurrent-mark-start]
0.519: [CMS-concurrent-mark: 0.011/0.011 secs]
0.519: [CMS-concurrent-preclean-start]
0.520: [CMS-concurrent-preclean: 0.000/0.000 secs]
0.520: [CMS-concurrent-abortable-preclean-start]
0.520: [GC 0.520: [ParNew: 5184K->0K(5248K), 0.0122620 secs] 11964K->7515K(14084K), 0.0123080 secs]
0.542: [GC 0.542: [ParNew: 5183K->0K(5248K), 0.0191160 secs] 12699K->8277K(14084K), 0.0191600 secs]
0.574: [GC 0.574: [ParNew: 5184K->0K(5248K), 0.0151150 secs] 13461K->9019K(14660K), 0.0151640 secs]
0.597: [GC 0.598: [ParNew: 5178K->0K(5248K), 0.0151540 secs] 14197K->9757K(15428K), 0.0152000 secs]
0.621: [GC 0.621: [ParNew: 5184K->0K(5248K), 0.0152880 secs] 14941K->10495K(16196K), 0.0153280 secs]
0.645: [GC 0.646: [ParNew: 5179K->0K(5248K), 0.0071720 secs] 15674K->11234K(16772K), 0.0072200 secs]
0.661: [GC 0.661: [ParNew: 5184K->0K(5248K), 0.0049710 secs] 16418K->12006K(17540K), 0.0050160 secs]
0.669: [CMS-concurrent-abortable-preclean: 0.002/0.149 secs]
0.685: [GC[YG occupancy: 3815 K (5248 K)]0.685: [Rescan (parallel) , 0.0079530 secs]0.693: [weak refs processing, 0.0000160 secs] [1 CMS-remark: 12006K(12292K)] 15821K(17540K), 0.0080120 secs]
0.699: [GC 0.699: [ParNew: 5181K->0K(5248K), 0.0097090 secs] 17187K->12744K(18308K), 0.0097580 secs]
0.713: [CMS-concurrent-sweep-start]
0.713: [CMS-concurrent-sweep: 0.000/0.000 secs]
0.725: [CMS-concurrent-reset-start]
0.729: [CMS-concurrent-reset: 0.004/0.004 secs]
0.738: [GC 0.738: [ParNew: 5181K->0K(5248K), 0.0108490 secs] 17905K->13466K(26456K), 0.0109130 secs]
0.761: [GC [1 CMS-initial-mark: 13466K(21208K)] 15717K(26456K), 0.0001250 secs]
0.761: [CMS-concurrent-mark-start]
0.773: [GC 0.773: [ParNew: 5181K->0K(5248K), 0.0038860 secs] 18647K->14207K(26456K), 0.0039330 secs]
0.782: [CMS-concurrent-mark: 0.007/0.021 secs]
0.782: [CMS-concurrent-preclean-start]
0.782: [CMS-concurrent-preclean: 0.000/0.000 secs]
0.782: [CMS-concurrent-abortable-preclean-start]
0.786: [GC 0.786: [ParNew: 5183K->0K(5248K), 0.0152300 secs] 19391K->14945K(26456K), 0.0152990 secs]
0.829: [GC 0.829: [ParNew: 5180K->0K(5248K), 0.0072280 secs] 20126K->15687K(26456K), 0.0072730 secs]
0.846: [GC 0.846: [ParNew: 5177K->0K(5248K), 0.0069210 secs] 20864K->16425K(26456K), 0.0069940 secs]
0.881: [GC 0.881: [ParNew: 5156K->0K(5248K), 0.0076320 secs] 21582K->17164K(26456K), 0.0076660 secs]
0.901: [GC 0.901: [ParNew: 5182K->0K(5248K), 0.0010530 secs] 22346K->17956K(26456K), 0.0011020 secs]
0.914: [GC 0.914: [ParNew: 5175K->0K(5248K), 0.0011990 secs] 23131K->18694K(26456K), 0.0012320 secs]
0.934: [GC 0.934: [ParNew: 5176K->0K(5248K), 0.0006970 secs] 23870K->19436K(26456K), 0.0007320 secs]
0.953: [GC 0.953: [ParNew: 5174K->0K(5248K), 0.0009130 secs] 24610K->20174K(26456K), 0.0009430 secs]
0.973: [GC 0.973: [ParNew: 5177K->0K(5248K), 0.0020480 secs] 25352K->20915K(26456K), 0.0020780 secs]
0.993: [GC 0.993: [ParNew: 5175K->0K(5248K), 0.0009780 secs] 26091K->21654K(27224K), 0.0010080 secs]
1.005: [GC 1.005: [ParNew: 5178K->0K(5248K), 0.0021030 secs] 26832K->22395K(27992K), 0.0021330 secs]
1.026: [GC 1.026: [ParNew: 5175K->0K(5248K), 0.0070210 secs] 27571K->23134K(28760K), 0.0070520 secs]
1.053: [GC 1.053: [ParNew: 5177K->0K(5248K), 0.0079940 secs] 28311K->23875K(29528K), 0.0080240 secs]
1.089: [GC 1.089: [ParNew: 5174K->0K(5248K), 0.0040420 secs] 29049K->24613K(30296K), 0.0040840 secs]
1.113: [GC 1.113: [ParNew: 5180K->0K(5248K), 0.0009780 secs] 29794K->25355K(31064K), 0.0010080 secs]
1.133: [GC 1.133: [ParNew: 5183K->0K(5248K), 0.0037890 secs] 30539K->26171K(31832K), 0.0038210 secs]
1.157: [GC 1.157: [ParNew: 5177K->0K(5248K), 0.0034160 secs] 31349K->26913K(32600K), 0.0034490 secs]
1.181: [GC 1.181: [ParNew: 5178K->0K(5248K), 0.0036620 secs] 32091K->27654K(33368K), 0.0036920 secs]
1.205: [GC 1.205: [ParNew: 5175K->0K(5248K), 0.0009970 secs] 32830K->28392K(34136K), 0.0010270 secs]
1.221: [GC 1.221: [ParNew: 5177K->0K(5248K), 0.0011970 secs] 33570K->29134K(34712K), 0.0012300 secs]
1.241: [GC 1.241: [ParNew: 5174K->0K(5248K), 0.0010320 secs] 34308K->29872K(35480K), 0.0010650 secs]
1.255: [GC 1.255: [ParNew: 5180K->0K(5248K), 0.0012210 secs] 35053K->30614K(36248K), 0.0012510 secs]
1.269: [GC 1.269: [ParNew: 5174K->0K(5248K), 0.0010170 secs] 35789K->31352K(37016K), 0.0010470 secs]
1.289: [GC 1.289: [ParNew: 5178K->0K(5248K), 0.0012560 secs] 36530K->32094K(37784K), 0.0012850 secs]
1.305: [GC 1.305: [ParNew: 5174K->0K(5248K), 0.0012450 secs] 37268K->32832K(38552K), 0.0012780 secs]
1.322: [GC 1.322: [ParNew: 5178K->0K(5248K), 0.0014450 secs] 38011K->33573K(39320K), 0.0014780 secs]
1.341: [GC 1.341: [ParNew: 5175K->0K(5248K), 0.0010420 secs] 38749K->34312K(40088K), 0.0010750 secs]
1.361: [GC 1.361: [ParNew: 5181K->0K(5248K), 0.0014010 secs] 39493K->35053K(40856K), 0.0014310 secs]
1.381: [GC 1.381: [ParNew: 5183K->0K(5248K), 0.0010650 secs] 40237K->35792K(41432K), 0.0010970 secs]
1.401: [GC 1.401: [ParNew: 5178K->0K(5248K), 0.0077220 secs] 40970K->36533K(42200K), 0.0077540 secs]
1.425: [GC 1.425: [ParNew: 5181K->0K(5248K), 0.0010270 secs] 41714K->37275K(42968K), 0.0010580 secs]
1.445: [GC 1.445: [ParNew: 5175K->0K(5248K), 0.0014670 secs] 42450K->38013K(43736K), 0.0015010 secs]
1.465: [GC 1.465: [ParNew: 5177K->0K(5248K), 0.0012530 secs] 43190K->38871K(44696K), 0.0012860 secs]
1.481: [GC 1.481: [ParNew: 5174K->0K(5248K), 0.0154230 secs] 44046K->39609K(45272K), 0.0154840 secs]
1.506: [GC 1.506: [ParNew: 5177K->0K(5248K), 0.0110680 secs] 44787K->40351K(46040K), 0.0111330 secs]
1.533: [GC 1.534: [ParNew: 5174K->0K(5248K), 0.0032860 secs] 45525K->41089K(46808K), 0.0033380 secs]
1.550: [GC 1.550: [ParNew: 5178K->0K(5248K), 0.0029890 secs] 46268K->41831K(47576K), 0.0030390 secs]
1.566: [GC 1.566: [ParNew: 5175K->0K(5248K), 0.0012200 secs] 47006K->42569K(48344K), 0.0012650 secs]
1.585: [GC 1.585: [ParNew: 5181K->0K(5248K), 0.0118700 secs] 47751K->43311K(49112K), 0.0119270 secs]
1.606: [GC 1.606: [ParNew: 5183K->0K(5248K), 0.0110310 secs] 48494K->44049K(49880K), 0.0110800 secs]
1.626: [GC 1.626: [ParNew: 5178K->0K(5248K), 0.0071060 secs] 49227K->44790K(50648K), 0.0071520 secs]
1.637: [CMS-concurrent-abortable-preclean: 0.014/0.855 secs]
1.649: [GC[YG occupancy: 4682 K (5248 K)]1.649: [Rescan (parallel) , 0.0039530 secs]1.653: [weak refs processing, 0.0000170 secs] [1 CMS-remark: 44790K(45400K)] 49473K(50648K), 0.0040140 secs]
1.657: [CMS-concurrent-sweep-start]
1.657: [CMS-concurrent-sweep: 0.001/0.001 secs]
1.657: [CMS-concurrent-reset-start]
1.661: [GC 1.661: [ParNew: 5177K->0K(5248K), 0.0079270 secs] 49923K->45489K(79828K), 0.0079850 secs]
1.677: [CMS-concurrent-reset: 0.004/0.019 secs]
1.678: [GC 1.678: [ParNew: 5175K->0K(5248K), 0.0069050 secs] 50665K->46227K(79828K), 0.0069640 secs]
1.694: [GC 1.694: [ParNew: 5182K->0K(5248K), 0.0117130 secs] 51410K->46969K(79828K), 0.0117720 secs]
1.715: [GC 1.715: [ParNew: 5175K->0K(5248K), 0.0063410 secs] 52145K->47709K(79828K), 0.0064030 secs]
1.730: [GC 1.730: [ParNew: 5177K->0K(5248K), 0.0062760 secs] 52887K->48451K(79828K), 0.0063450 secs]
1.754: [GC 1.754: [ParNew: 5175K->0K(5248K), 0.0043840 secs] 53626K->49191K(79828K), 0.0044320 secs]
1.773: [GC 1.773: [ParNew: 5178K->0K(5248K), 0.0057580 secs] 54370K->49933K(79828K), 0.0058040 secs]
1.796: [GC 1.796: [ParNew: 5174K->0K(5248K), 0.0130150 secs] 55107K->50671K(79828K), 0.0130840 secs]
1.826: [GC 1.826: [ParNew: 5179K->0K(5248K), 0.0109210 secs] 55851K->51413K(79828K), 0.0109700 secs]
1.854: [GC 1.854: [ParNew: 5175K->0K(5248K), 0.0150840 secs] 56588K->52151K(79828K), 0.0151520 secs]
1.886: [GC 1.886: [ParNew: 5177K->0K(5248K), 0.0067720 secs] 57328K->52893K(79828K), 0.0068210 secs]
1.906: [GC 1.906: [ParNew: 5184K->0K(5248K), 0.0070280 secs] 58077K->53631K(79828K), 0.0070810 secs]
1.922: [GC 1.922: [ParNew: 5178K->0K(5248K), 0.0069510 secs] 58809K->54372K(79828K), 0.0070120 secs]
1.942: [GC 1.942: [ParNew: 5178K->0K(5248K), 0.0068570 secs] 59551K->55114K(79828K), 0.0069040 secs]
1.958: [GC 1.958: [ParNew: 5182K->0K(5248K), 0.0030460 secs] 60297K->55852K(79828K), 0.0030930 secs]
1.973: [GC [1 CMS-initial-mark: 55852K(74580K)] 58195K(79828K), 0.0001120 secs]
1.973: [CMS-concurrent-mark-start]
1.981: [CMS-concurrent-mark: 0.008/0.008 secs]
1.981: [CMS-concurrent-preclean-start]
1.981: [CMS-concurrent-preclean: 0.000/0.000 secs]
1.981: [CMS-concurrent-abortable-preclean-start]
1.982: [GC 1.982: [ParNew: 5179K->0K(5248K), 0.0068830 secs] 61032K->56594K(79828K), 0.0069410 secs]
1.998: [GC 1.998: [ParNew: 5181K->0K(5248K), 0.0037610 secs] 61775K->57335K(79828K), 0.0038080 secs]
2.010: [GC 2.010: [ParNew: 5182K->0K(5248K), 0.0062430 secs] 62518K->58248K(79828K), 0.0063160 secs]
2.022: [CMS-concurrent-abortable-preclean: 0.002/0.041 secs]
2.026: [GC[YG occupancy: 5178 K (5248 K)]2.026: [Rescan (parallel) , 0.0003640 secs]2.027: [weak refs processing, 0.0000170 secs] [1 CMS-remark: 58248K(74580K)] 63427K(79828K), 0.0004210 secs]
2.027: [CMS-concurrent-sweep-start]
2.027: [GC 2.027: [ParNew: 5178K->0K(5248K), 0.0014150 secs] 63427K->58990K(79828K), 0.0014550 secs]
2.035: [CMS-concurrent-sweep: 0.003/0.009 secs]
2.035: [CMS-concurrent-reset-start]
2.040: [CMS-concurrent-reset: 0.004/0.004 secs]
2.044: [GC 2.044: [ParNew: 5180K->0K(5248K), 0.0021850 secs] 63978K->59540K(103248K), 0.0022700 secs]
2.058: [GC 2.058: [ParNew: 6462K->0K(6528K), 0.0017440 secs] 66002K->60462K(104528K), 0.0018100 secs]
2.071: [GC 2.072: [ParNew: 6463K->0K(6528K), 0.0012400 secs] 66925K->61387K(104528K), 0.0012910 secs]
2.084: [GC 2.084: [ParNew: 6459K->0K(6528K), 0.0017860 secs] 67847K->62309K(104528K), 0.0018560 secs]
2.098: [GC 2.098: [ParNew: 6460K->0K(6528K), 0.0012620 secs] 68770K->63231K(104528K), 0.0013160 secs]
2.110: [GC 2.111: [ParNew: 6454K->0K(6528K), 0.0012530 secs] 69686K->64157K(104528K), 0.0013050 secs]
2.123: [GC 2.123: [ParNew: 6461K->0K(6528K), 0.0015680 secs] 70618K->65079K(104528K), 0.0016320 secs]
2.136: [GC 2.136: [ParNew: 6462K->0K(6528K), 0.0012740 secs] 71541K->66004K(104528K), 0.0013280 secs]
2.149: [GC 2.149: [ParNew: 6461K->0K(6528K), 0.0017260 secs] 72465K->66926K(104528K), 0.0017910 secs]
2.162: [GC 2.162: [ParNew: 6463K->0K(6528K), 0.0012760 secs] 73389K->67851K(104528K), 0.0013270 secs]
2.175: [GC 2.175: [ParNew: 6460K->0K(6528K), 0.0048490 secs] 74311K->68773K(104528K), 0.0049150 secs]
2.191: [GC 2.192: [ParNew: 6462K->0K(6528K), 0.0013020 secs] 75236K->69699K(104528K), 0.0013560 secs]
2.204: [GC 2.204: [ParNew: 6460K->0K(6528K), 0.0018140 secs] 76159K->70621K(104528K), 0.0018830 secs]
2.206: [GC [1 CMS-initial-mark: 70621K(98000K)] 70630K(104528K), 0.0000680 secs]
2.206: [CMS-concurrent-mark-start]
2.215: [CMS-concurrent-mark: 0.008/0.008 secs]
2.215: [CMS-concurrent-preclean-start]
2.215: [CMS-concurrent-preclean: 0.000/0.000 secs]
2.215: [GC[YG occupancy: 9 K (6528 K)]2.215: [Rescan (parallel) , 0.0003340 secs]2.215: [weak refs processing, 0.0000100 secs] [1 CMS-remark: 70621K(98000K)] 70630K(104528K), 0.0003840 secs]
2.215: [CMS-concurrent-sweep-start]
2.218: [CMS-concurrent-sweep: 0.003/0.003 secs]
2.218: [CMS-concurrent-reset-start]
2.222: [CMS-concurrent-reset: 0.004/0.004 secs]
2.234: [GC 2.234: [ParNew: 6462K->0K(6528K), 0.0013750 secs] 76947K->71410K(124004K), 0.0014480 secs]
2.250: [GC 2.250: [ParNew: 7737K->0K(7808K), 0.0015080 secs] 79147K->72515K(125284K), 0.0015650 secs]
2.265: [GC 2.265: [ParNew: 7735K->0K(7808K), 0.0017960 secs] 80251K->73621K(125284K), 0.0018650 secs]
2.280: [GC 2.280: [ParNew: 7736K->0K(7808K), 0.0020280 secs] 81358K->74727K(125284K), 0.0021020 secs]
2.296: [GC 2.296: [ParNew: 7735K->0K(7808K), 0.0024120 secs] 82463K->75833K(125284K), 0.0024720 secs]
2.312: [GC 2.312: [ParNew: 7735K->0K(7808K), 0.0020100 secs] 83568K->76939K(125284K), 0.0020800 secs]
2.328: [GC 2.328: [ParNew: 7735K->0K(7808K), 0.0015040 secs] 84675K->78044K(125284K), 0.0015630 secs]
2.343: [GC 2.343: [ParNew: 7735K->0K(7808K), 0.0044080 secs] 85779K->79150K(125284K), 0.0044790 secs]
2.362: [GC 2.362: [ParNew: 7736K->0K(7808K), 0.0015500 secs] 86887K->80256K(125284K), 0.0016080 secs]
2.377: [GC 2.377: [ParNew: 7736K->0K(7808K), 0.0019720 secs] 87993K->81362K(125284K), 0.0020430 secs]
2.393: [GC 2.393: [ParNew: 7736K->0K(7808K), 0.0015880 secs] 89098K->82467K(125284K), 0.0016400 secs]
2.408: [GC 2.408: [ParNew: 7736K->0K(7808K), 0.0019430 secs] 90204K->83573K(125284K), 0.0020120 secs]
2.424: [GC 2.424: [ParNew: 7736K->0K(7808K), 0.0015770 secs] 91310K->84679K(125284K), 0.0016360 secs]
2.439: [GC 2.439: [ParNew: 7735K->0K(7808K), 0.0049150 secs] 92415K->85785K(125284K), 0.0049780 secs]
2.457: [GC 2.457: [ParNew: 7743K->0K(7808K), 0.0024500 secs] 93528K->87154K(125284K), 0.0025230 secs]
2.474: [GC 2.474: [ParNew: 7735K->0K(7808K), 0.0015950 secs] 94890K->88260K(125284K), 0.0016530 secs]
2.489: [GC 2.489: [ParNew: 7735K->0K(7808K), 0.0020850 secs] 95996K->89366K(125284K), 0.0021500 secs]
2.505: [GC 2.505: [ParNew: 7734K->0K(7808K), 0.0016330 secs] 97101K->90472K(125284K), 0.0016950 secs]
2.520: [GC 2.520: [ParNew: 7735K->0K(7808K), 0.0020760 secs] 98207K->91578K(125284K), 0.0021480 secs]
2.536: [GC 2.536: [ParNew: 7734K->0K(7808K), 0.0020520 secs] 99312K->92683K(125284K), 0.0021100 secs]
2.539: [GC [1 CMS-initial-mark: 92683K(117476K)] 92693K(125284K), 0.0000600 secs]
2.539: [CMS-concurrent-mark-start]
2.547: [CMS-concurrent-mark: 0.008/0.008 secs]
2.547: [CMS-concurrent-preclean-start]
2.547: [CMS-concurrent-preclean: 0.000/0.000 secs]
2.548: [GC[YG occupancy: 9 K (7808 K)]2.548: [Rescan (parallel) , 0.0003920 secs]2.548: [weak refs processing, 0.0000100 secs] [1 CMS-remark: 92683K(117476K)] 92693K(125284K), 0.0004420 secs]
2.549: [CMS-concurrent-sweep-start]
2.552: [CMS-concurrent-sweep: 0.003/0.003 secs]
2.552: [CMS-concurrent-reset-start]
2.556: [CMS-concurrent-reset: 0.004/0.004 secs]
2.570: [GC 2.570: [ParNew: 7735K->0K(7808K), 0.0021210 secs] 100214K->93585K(161944K), 0.0022360 secs]
2.590: [GC 2.590: [ParNew: 10169K->0K(10240K), 0.0019820 secs] 103754K->95038K(164376K), 0.0020480 secs]
2.610: [GC 2.610: [ParNew: 10168K->0K(10240K), 0.0020710 secs] 105207K->96492K(164376K), 0.0021440 secs]
2.631: [GC 2.631: [ParNew: 10170K->0K(10240K), 0.0101650 secs] 106662K->97946K(164376K), 0.0102460 secs]
2.663: [GC 2.663: [ParNew: 10170K->0K(10240K), 0.0059020 secs] 108116K->99399K(164376K), 0.0059790 secs]
2.691: [GC 2.691: [ParNew: 10170K->0K(10240K), 0.0089000 secs] 109569K->100853K(164376K), 0.0089680 secs]
2.726: [GC 2.726: [ParNew: 10170K->0K(10240K), 0.0022430 secs] 111023K->102306K(164376K), 0.0023150 secs]
2.750: [GC 2.750: [ParNew: 10170K->0K(10240K), 0.0065860 secs] 112476K->103760K(164376K), 0.0066570 secs]
2.775: [GC 2.775: [ParNew: 10170K->0K(10240K), 0.0049820 secs] 113930K->105214K(164376K), 0.0050520 secs]
2.801: [GC 2.801: [ParNew: 10170K->0K(10240K), 0.0020520 secs] 115384K->106667K(164376K), 0.0021210 secs]
2.821: [GC 2.821: [ParNew: 10170K->0K(10240K), 0.0023030 secs] 116837K->108121K(164376K), 0.0023720 secs]
2.842: [GC 2.842: [ParNew: 10170K->0K(10240K), 0.0026190 secs] 118291K->109574K(164376K), 0.0027020 secs]
2.863: [GC 2.863: [ParNew: 10170K->0K(10240K), 0.0019720 secs] 119744K->111028K(164376K), 0.0020360 secs]
2.883: [GC 2.883: [ParNew: 10170K->0K(10240K), 0.0101150 secs] 121198K->112482K(164376K), 0.0101940 secs]
2.919: [GC 2.919: [ParNew: 10170K->0K(10240K), 0.0062310 secs] 122652K->113935K(164376K), 0.0063040 secs]
2.951: [GC 2.951: [ParNew: 10170K->0K(10240K), 0.0098460 secs] 124105K->115389K(164376K), 0.0099120 secs]
2.995: [GC 2.995: [ParNew: 10170K->0K(10240K), 0.0075530 secs] 125559K->116842K(164376K), 0.0076300 secs]
3.024: [GC 3.024: [ParNew: 10170K->0K(10240K), 0.0044200 secs] 127012K->118296K(164376K), 0.0044910 secs]
3.047: [GC 3.047: [ParNew: 10170K->0K(10240K), 0.0096520 secs] 128466K->119749K(164376K), 0.0097360 secs]
3.075: [GC 3.075: [ParNew: 10170K->0K(10240K), 0.0049030 secs] 129920K->121203K(164376K), 0.0049650 secs]
3.098: [GC 3.098: [ParNew: 10170K->0K(10240K), 0.0024140 secs] 131373K->122657K(164376K), 0.0024950 secs]
3.119: [GC 3.119: [ParNew: 10170K->0K(10240K), 0.0026460 secs] 132827K->124110K(164376K), 0.0027230 secs]
3.142: [GC 3.142: [ParNew: 10170K->0K(10240K), 0.0019250 secs] 134280K->125564K(164376K), 0.0019890 secs]
3.162: [GC 3.162: [ParNew: 10170K->0K(10240K), 0.0023820 secs] 135734K->127017K(164376K), 0.0024570 secs]
3.182: [GC 3.182: [ParNew: 10170K->0K(10240K), 0.0102380 secs] 137188K->128471K(164376K), 0.0103180 secs]
3.210: [GC 3.210: [ParNew: 10169K->0K(10240K), 0.0031830 secs] 138641K->130319K(164376K), 0.0032650 secs]
3.232: [GC 3.232: [ParNew: 10168K->0K(10240K), 0.0040010 secs] 140488K->131772K(164376K), 0.0040690 secs]
3.241: [GC [1 CMS-initial-mark: 131772K(154136K)] 132150K(164376K), 0.0000740 secs]
3.241: [CMS-concurrent-mark-start]
3.250: [CMS-concurrent-mark: 0.009/0.009 secs]
3.250: [CMS-concurrent-preclean-start]
3.251: [CMS-concurrent-preclean: 0.000/0.000 secs]
3.257: [GC[YG occupancy: 1604 K (10240 K)]3.257: [Rescan (parallel) , 0.0005110 secs]3.257: [weak refs processing, 0.0000120 secs] [1 CMS-remark: 131772K(154136K)] 133376K(164376K), 0.0005630 secs]
3.261: [CMS-concurrent-sweep-start]
3.266: [CMS-concurrent-sweep: 0.005/0.005 secs]
3.266: [CMS-concurrent-reset-start]
3.273: [GC 3.273: [ParNew: 10169K->0K(10240K), 0.0025730 secs] 141635K->132919K(229352K), 0.0026800 secs]
3.282: [CMS-concurrent-reset: 0.016/0.016 secs]
3.304: [GC 3.304: [ParNew: 14519K->0K(14592K), 0.0046800 secs] 147439K->134993K(233704K), 0.0047660 secs]
3.334: [GC 3.334: [ParNew: 14521K->0K(14592K), 0.0030390 secs] 149514K->137070K(233704K), 0.0031220 secs]
3.365: [GC 3.365: [ParNew: 14526K->0K(14592K), 0.0030210 secs] 151596K->139144K(233704K), 0.0031040 secs]
3.394: [GC 3.394: [ParNew: 14519K->0K(14592K), 0.0030570 secs] 153664K->141221K(233704K), 0.0031420 secs]
3.423: [GC 3.423: [ParNew: 14519K->0K(14592K), 0.0048800 secs] 155741K->143298K(233704K), 0.0049560 secs]
3.454: [GC 3.454: [ParNew: 14526K->0K(14592K), 0.0030260 secs] 157824K->145372K(233704K), 0.0031080 secs]
3.483: [GC 3.483: [ParNew: 14519K->0K(14592K), 0.0049480 secs] 159891K->147449K(233704K), 0.0050330 secs]
3.514: [GC 3.514: [ParNew: 14519K->0K(14592K), 0.0030210 secs] 161968K->149526K(233704K), 0.0031040 secs]
3.543: [GC 3.543: [ParNew: 14526K->0K(14592K), 0.0073150 secs] 164052K->151600K(233704K), 0.0074010 secs]
3.576: [GC 3.576: [ParNew: 14519K->0K(14592K), 0.0030740 secs] 166119K->153677K(233704K), 0.0031490 secs]
3.605: [GC 3.605: [ParNew: 14519K->0K(14592K), 0.0030070 secs] 168196K->155754K(233704K), 0.0030900 secs]
3.634: [GC 3.634: [ParNew: 14526K->0K(14592K), 0.0058020 secs] 170280K->157827K(233704K), 0.0058830 secs]
3.666: [GC 3.666: [ParNew: 14519K->0K(14592K), 0.0030880 secs] 172347K->159904K(233704K), 0.0031690 secs]
3.695: [GC 3.695: [ParNew: 14519K->0K(14592K), 0.0031090 secs] 174424K->161981K(233704K), 0.0031910 secs]
3.724: [GC 3.724: [ParNew: 14526K->0K(14592K), 0.0044740 secs] 176508K->164055K(233704K), 0.0045480 secs]
3.757: [GC 3.757: [ParNew: 14519K->0K(14592K), 0.0027970 secs] 178575K->166132K(233704K), 0.0028730 secs]
3.786: [GC 3.786: [ParNew: 14519K->0K(14592K), 0.0126930 secs] 180652K->168209K(233704K), 0.0127770 secs]
3.831: [GC 3.831: [ParNew: 14526K->0K(14592K), 0.0051800 secs] 182735K->170283K(233704K), 0.0052630 secs]
3.863: [GC 3.863: [ParNew: 14519K->0K(14592K), 0.0035070 secs] 184803K->172360K(233704K), 0.0035880 secs]
3.892: [GC 3.892: [ParNew: 14519K->0K(14592K), 0.0043790 secs] 186880K->174437K(233704K), 0.0044710 secs]
3.923: [GC 3.923: [ParNew: 14526K->0K(14592K), 0.0054760 secs] 188963K->176511K(233704K), 0.0055550 secs]
3.956: [GC 3.956: [ParNew: 14519K->0K(14592K), 0.0034830 secs] 191030K->178588K(233704K), 0.0035590 secs]
3.985: [GC 3.985: [ParNew: 14519K->0K(14592K), 0.0064710 secs] 193107K->180665K(233704K), 0.0065510 secs]
4.018: [GC 4.018: [ParNew: 14526K->0K(14592K), 0.0036530 secs] 195191K->182739K(233704K), 0.0037330 secs]
4.047: [GC 4.047: [ParNew: 14519K->0K(14592K), 0.0054300 secs] 197258K->184816K(233704K), 0.0055200 secs]
4.078: [GC 4.078: [ParNew: 14519K->0K(14592K), 0.0036720 secs] 199335K->186893K(233704K), 0.0037450 secs]
4.108: [GC 4.108: [ParNew: 14526K->0K(14592K), 0.0050120 secs] 201419K->188966K(233704K), 0.0050950 secs]
4.139: [GC 4.139: [ParNew: 14519K->0K(14592K), 0.0056920 secs] 203486K->191043K(233704K), 0.0057800 secs]
4.170: [GC 4.170: [ParNew: 14519K->0K(14592K), 0.0036600 secs] 205563K->193121K(233704K), 0.0037370 secs]
4.199: [GC 4.199: [ParNew: 14527K->0K(14592K), 0.0047040 secs] 207648K->195785K(233704K), 0.0047870 secs]
4.209: [GC [1 CMS-initial-mark: 195785K(219112K)] 196396K(233704K), 0.0000770 secs]
4.209: [CMS-concurrent-mark-start]
4.229: [CMS-concurrent-mark: 0.020/0.020 secs]
4.229: [CMS-concurrent-preclean-start]
4.229: [CMS-concurrent-preclean: 0.001/0.001 secs]
4.229: [CMS-concurrent-abortable-preclean-start]
4.234: [GC 4.234: [ParNew: 14520K->0K(14592K), 0.0034400 secs] 210306K->197862K(233704K), 0.0035080 secs]
4.263: [GC 4.263: [ParNew: 14521K->0K(14592K), 0.0057600 secs] 212384K->199939K(233704K), 0.0058400 secs]
4.294: [GC 4.294: [ParNew: 14527K->0K(14592K), 0.0038360 secs] 214467K->202013K(233704K), 0.0039200 secs]
4.324: [GC 4.324: [ParNew: 14521K->0K(14592K), 0.0047700 secs] 216534K->204090K(233704K), 0.0048440 secs]
4.355: [GC 4.355: [ParNew: 14521K->0K(14592K), 0.0039720 secs] 218611K->206167K(233704K), 0.0040510 secs]
4.384: [GC 4.384: [ParNew: 14527K->0K(14592K), 0.0047100 secs] 220695K->208241K(233704K), 0.0047820 secs]
4.415: [GC 4.415: [ParNew: 14521K->0K(14592K), 0.0038080 secs] 222762K->210318K(233704K), 0.0038860 secs]
4.444: [GC 4.444: [ParNew: 14521K->0K(14592K), 0.0043590 secs] 224839K->212395K(233704K), 0.0044440 secs]
4.474: [GC 4.475: [ParNew: 14527K->0K(14592K), 0.0038420 secs] 226923K->214469K(233704K), 0.0039190 secs]
4.504: [GC 4.504: [ParNew: 14521K->0K(14592K), 0.0048850 secs] 228990K->216546K(233704K), 0.0049630 secs]
4.535: [GC 4.535: [ParNew: 14521K->0K(14592K), 0.0038240 secs] 231067K->218623K(233704K), 0.0039010 secs]
4.565: [GC 4.565: [ParNew: 14527K->0K(14592K), 0.0040830 secs] 233150K->220697K(235816K), 0.0041900 secs]
4.594: [GC 4.595: [ParNew: 14647K->0K(14720K), 0.0039860 secs] 235345K->222793K(238056K), 0.0040640 secs]
4.625: [GC 4.625: [ParNew: 14783K->0K(14848K), 0.0040070 secs] 237576K->224906K(240296K), 0.0040940 secs]
4.655: [GC 4.656: [ParNew: 14907K->0K(14976K), 0.0041080 secs] 239814K->227036K(242536K), 0.0041910 secs]
4.687: [GC 4.687: [ParNew: 15095K->0K(15168K), 0.0041750 secs] 242131K->229195K(245032K), 0.0042610 secs]
4.718: [GC 4.718: [ParNew: 15229K->0K(15296K), 0.0087700 secs] 244425K->231371K(247272K), 0.0088580 secs]
4.754: [GC 4.754: [ParNew: 15356K->0K(15424K), 0.0059620 secs] 246727K->233566K(249704K), 0.0060430 secs]
4.787: [GC 4.788: [ParNew: 15550K->0K(15616K), 0.0069460 secs] 249116K->235787K(252008K), 0.0070320 secs]
4.841: [GC 4.841: [ParNew: 15678K->0K(15744K), 0.0037910 secs] 251465K->238028K(254440K), 0.0038970 secs]
4.877: [GC 4.877: [ParNew: 15807K->0K(15872K), 0.0041610 secs] 253835K->240289K(256872K), 0.0042440 secs]
4.910: [GC 4.910: [ParNew: 15999K->0K(16064K), 0.0061360 secs] 256289K->242576K(259368K), 0.0062200 secs]
4.945: [GC 4.945: [ParNew: 16126K->0K(16192K), 0.0066630 secs] 258703K->244883K(261800K), 0.0067440 secs]
4.981: [GC 4.981: [ParNew: 16252K->0K(16320K), 0.0121630 secs] 261135K->247206K(264232K), 0.0122570 secs]
5.026: [GC 5.026: [ParNew: 16445K->0K(16512K), 0.0069710 secs] 263651K->249555K(266920K), 0.0070590 secs]
5.066: [GC 5.066: [ParNew: 16574K->0K(16640K), 0.0064210 secs] 266129K->251924K(269352K), 0.0065100 secs]
5.102: [GC 5.103: [ParNew: 16766K->0K(16832K), 0.0065010 secs] 268691K->254320K(272040K), 0.0065790 secs]
5.139: [GC 5.139: [ParNew: 16888K->0K(16960K), 0.0067020 secs] 271208K->256735K(274664K), 0.0067930 secs]
5.176: [GC 5.176: [ParNew: 17079K->0K(17152K), 0.0047380 secs] 273814K->259176K(277160K), 0.0048250 secs]
5.212: [GC 5.212: [ParNew: 17206K->0K(17280K), 0.0068930 secs] 276383K->261637K(279784K), 0.0069800 secs]
5.250: [GC 5.250: [ParNew: 17400K->0K(17472K), 0.0046270 secs] 279037K->264124K(282472K), 0.0047130 secs]
 CMS: abort preclean due to time 5.258: [CMS-concurrent-abortable-preclean: 0.058/1.029 secs]
5.261: [GC[YG occupancy: 2227 K (17664 K)]5.261: [Rescan (parallel) , 0.0079480 secs]5.269: [weak refs processing, 0.0000170 secs] [1 CMS-remark: 264124K(265000K)] 266352K(282664K), 0.0080110 secs]
5.273: [CMS-concurrent-sweep-start]
5.300: [CMS-concurrent-sweep: 0.028/0.028 secs]
5.301: [CMS-concurrent-reset-start]
5.325: [CMS-concurrent-reset: 0.024/0.024 secs]
5.340: [GC 5.340: [ParNew: 17597K->0K(17664K), 0.0089950 secs] 281261K->266178K(457108K), 0.0091130 secs]
5.429: [GC 5.429: [ParNew: 21110K->0K(21184K), 0.0065510 secs] 287288K->269196K(460628K), 0.0066260 secs]
5.507: [GC 5.507: [ParNew: 21118K->0K(21184K), 0.0123900 secs] 290315K->272215K(460628K), 0.0124630 secs]
5.566: [GC 5.566: [ParNew: 21116K->0K(21184K), 0.0094320 secs] 293332K->275231K(460628K), 0.0095110 secs]
5.613: [GC 5.613: [ParNew: 21110K->0K(21184K), 0.0050240 secs] 296341K->278249K(460628K), 0.0051050 secs]
5.655: [GC 5.656: [ParNew: 21110K->0K(21184K), 0.0072610 secs] 299360K->281268K(460628K), 0.0073370 secs]
5.700: [GC 5.700: [ParNew: 21116K->0K(21184K), 0.0075570 secs] 302385K->284284K(460628K), 0.0076400 secs]
5.746: [GC 5.746: [ParNew: 21110K->0K(21184K), 0.0050810 secs] 305394K->287302K(460628K), 0.0051660 secs]
5.788: [GC 5.789: [ParNew: 21110K->0K(21184K), 0.0116190 secs] 308413K->290321K(460628K), 0.0117020 secs]
5.843: [GC 5.843: [ParNew: 21117K->0K(21184K), 0.0094370 secs] 311438K->294223K(460628K), 0.0095230 secs]
5.890: [GC 5.890: [ParNew: 21113K->0K(21184K), 0.0052040 secs] 315336K->297242K(460628K), 0.0052900 secs]
5.933: [GC 5.933: [ParNew: 21119K->0K(21184K), 0.0052530 secs] 318362K->300261K(460628K), 0.0053410 secs]
5.976: [GC 5.976: [ParNew: 21119K->0K(21184K), 0.0083770 secs] 321380K->303279K(460628K), 0.0084670 secs]
6.023: [GC 6.023: [ParNew: 21119K->0K(21184K), 0.0092960 secs] 324399K->306298K(460628K), 0.0093830 secs]
6.071: [GC 6.071: [ParNew: 21119K->0K(21184K), 0.0100420 secs] 327418K->309317K(460628K), 0.0101270 secs]
6.130: [GC 6.130: [ParNew: 21119K->0K(21184K), 0.0104880 secs] 330437K->312336K(460628K), 0.0105720 secs]
6.179: [GC 6.179: [ParNew: 21119K->0K(21184K), 0.0140440 secs] 333455K->315354K(460628K), 0.0141300 secs]
6.237: [GC 6.237: [ParNew: 21119K->0K(21184K), 0.0053590 secs] 336474K->318373K(460628K), 0.0054460 secs]
6.280: [GC 6.280: [ParNew: 21119K->0K(21184K), 0.0064190 secs] 339493K->321392K(460628K), 0.0065040 secs]
6.325: [GC 6.325: [ParNew: 21119K->0K(21184K), 0.0103940 secs] 342512K->324411K(460628K), 0.0104750 secs]
6.373: [GC 6.373: [ParNew: 21119K->0K(21184K), 0.0095270 secs] 345530K->327429K(460628K), 0.0096100 secs]
