2015-01-18T14:07:50.799+0100: 0.208: [GC [PSYoungGen: 2976K->467K(3584K)] 2976K->1151K(10752K), 0.0028040 secs] [Times: user=0.01 sys=0.00, real=0.00 secs] 
2015-01-18T14:07:50.803+0100: 0.212: [GC [PSYoungGen: 3529K->451K(6656K)] 4212K->2111K(13824K), 0.0053900 secs] [Times: user=0.00 sys=0.00, real=0.01 secs] 
2015-01-18T14:07:50.815+0100: 0.224: [GC [PSYoungGen: 6551K->451K(6656K)] 8211K->4162K(13824K), 0.0200180 secs] [Times: user=0.02 sys=0.00, real=0.02 secs] 
2015-01-18T14:07:50.841+0100: 0.250: [GC [PSYoungGen: 6536K->451K(12800K)] 10247K->6213K(19968K), 0.0064390 secs] [Times: user=0.00 sys=0.00, real=0.01 secs] 
2015-01-18T14:07:50.848+0100: 0.256: [Full GC [PSYoungGen: 451K->0K(12800K)] [ParOldGen: 5762K->6187K(12800K)] 6213K->6187K(25600K) [PSPermGen: 2413K->2412K(21504K)], 0.0277200 secs] [Times: user=0.02 sys=0.00, real=0.02 secs] 
2015-01-18T14:07:50.884+0100: 0.292: [GC [PSYoungGen: 12250K->422K(12800K)] 18437K->10125K(25600K), 0.0040340 secs] [Times: user=0.01 sys=0.00, real=0.01 secs] 
2015-01-18T14:07:50.888+0100: 0.296: [Full GC [PSYoungGen: 422K->0K(12800K)] [ParOldGen: 9703K->10093K(19968K)] 10125K->10093K(32768K) [PSPermGen: 2415K->2415K(21504K)], 0.0298180 secs] [Times: user=0.02 sys=0.00, real=0.02 secs] 
2015-01-18T14:07:50.932+0100: 0.341: [GC [PSYoungGen: 12234K->488K(18944K)] 22328K->14106K(38912K), 0.0141070 secs] [Times: user=0.01 sys=0.00, real=0.01 secs] 
2015-01-18T14:07:50.962+0100: 0.371: [GC [PSYoungGen: 18875K->2539K(20992K)] 32493K->20365K(40960K), 0.0117120 secs] [Times: user=0.01 sys=0.00, real=0.01 secs] 
2015-01-18T14:07:50.974+0100: 0.383: [Full GC [PSYoungGen: 2539K->390K(20992K)] [ParOldGen: 17825K->19861K(32768K)] 20365K->20252K(53760K) [PSPermGen: 2415K->2415K(21504K)], 0.0222520 secs] [Times: user=0.01 sys=0.00, real=0.02 secs] 
2015-01-18T14:07:51.007+0100: 0.415: [GC [PSYoungGen: 18769K->5599K(32256K)] 38630K->26535K(65024K), 0.0257780 secs] [Times: user=0.02 sys=0.00, real=0.03 secs] 
2015-01-18T14:07:51.058+0100: 0.467: [GC [PSYoungGen: 32181K->6576K(33280K)] 53117K->35227K(66048K), 0.0277410 secs] [Times: user=0.02 sys=0.01, real=0.03 secs] 
2015-01-18T14:07:51.086+0100: 0.495: [Full GC [PSYoungGen: 6576K->2441K(33280K)] [ParOldGen: 28651K->32754K(50176K)] 35227K->35196K(83456K) [PSPermGen: 2415K->2415K(21504K)], 0.0401080 secs] [Times: user=0.03 sys=0.00, real=0.04 secs] 
2015-01-18T14:07:51.191+0100: 0.600: [GC [PSYoungGen: 29028K->7650K(41984K)] 61783K->44116K(92160K), 0.0123930 secs] [Times: user=0.01 sys=0.00, real=0.01 secs] 
2015-01-18T14:07:51.223+0100: 0.631: [GC [PSYoungGen: 41950K->9213K(43520K)] 78416K->55641K(93696K), 0.0249570 secs] [Times: user=0.02 sys=0.00, real=0.03 secs] 
2015-01-18T14:07:51.248+0100: 0.656: [Full GC [PSYoungGen: 9213K->5567K(43520K)] [ParOldGen: 46428K->49946K(71680K)] 55641K->55513K(115200K) [PSPermGen: 2415K->2415K(21504K)], 0.0485230 secs] [Times: user=0.05 sys=0.00, real=0.04 secs] 
2015-01-18T14:07:51.315+0100: 0.724: [GC [PSYoungGen: 39861K->10743K(54272K)] 89808K->66941K(125952K), 0.0284280 secs] [Times: user=0.03 sys=0.01, real=0.03 secs] 
2015-01-18T14:07:51.366+0100: 0.774: [GC [PSYoungGen: 54227K->12729K(56320K)] 110425K->86312K(131072K), 0.0376620 secs] [Times: user=0.01 sys=0.02, real=0.04 secs] 
2015-01-18T14:07:51.404+0100: 0.812: [Full GC [PSYoungGen: 12729K->7227K(56320K)] [ParOldGen: 73583K->74170K(103424K)] 86312K->81398K(159744K) [PSPermGen: 2415K->2415K(21504K)], 0.0342310 secs] [Times: user=0.04 sys=0.00, real=0.03 secs] 
2015-01-18T14:07:51.461+0100: 0.869: [GC [PSYoungGen: 50708K->14553K(70656K)] 124879K->95951K(174080K), 0.0430460 secs] [Times: user=0.02 sys=0.01, real=0.04 secs] 
2015-01-18T14:07:51.556+0100: 0.964: [GC [PSYoungGen: 70344K->17385K(73216K)] 151742K->114509K(176640K), 0.0440050 secs] [Times: user=0.00 sys=0.03, real=0.05 secs] 
2015-01-18T14:07:51.600+0100: 1.008: [Full GC [PSYoungGen: 17385K->11232K(73216K)] [ParOldGen: 97123K->103277K(137216K)] 114509K->114509K(210432K) [PSPermGen: 2415K->2415K(21504K)], 0.0448770 secs] [Times: user=0.01 sys=0.01, real=0.04 secs] 
2015-01-18T14:07:51.672+0100: 1.081: [GC [PSYoungGen: 67028K->18687K(93184K)] 170305K->134759K(230400K), 0.0311040 secs] [Times: user=0.02 sys=0.01, real=0.03 secs] 
2015-01-18T14:07:51.735+0100: 1.144: [GC [PSYoungGen: 91379K->23538K(96256K)] 207451K->158957K(233472K), 0.0325490 secs] [Times: user=0.03 sys=0.01, real=0.04 secs] 
2015-01-18T14:07:51.768+0100: 1.176: [Full GC [PSYoungGen: 23538K->20413K(96256K)] [ParOldGen: 135418K->136878K(178176K)] 158957K->157292K(274432K) [PSPermGen: 2415K->2415K(21504K)], 0.1053680 secs] [Times: user=0.11 sys=0.00, real=0.10 secs] 
2015-01-18T14:07:51.916+0100: 1.325: [GC [PSYoungGen: 93116K->25719K(114176K)] 229994K->183500K(292352K), 0.0471620 secs] [Times: user=0.02 sys=0.03, real=0.05 secs] 
2015-01-18T14:07:51.964+0100: 1.372: [Full GC [PSYoungGen: 25719K->3516K(114176K)] [ParOldGen: 157780K->178002K(225792K)] 183500K->181518K(339968K) [PSPermGen: 2415K->2415K(21504K)], 0.1416850 secs] [Times: user=0.01 sys=0.22, real=0.14 secs] 
2015-01-18T14:07:52.181+0100: 1.590: [GC [PSYoungGen: 89983K->28813K(118272K)] 267985K->210331K(344064K), 0.0343380 secs] [Times: user=0.05 sys=0.00, real=0.03 secs] 
2015-01-18T14:07:52.288+0100: 1.697: [GC [PSYoungGen: 115280K->35747K(132096K)] 296799K->239144K(357888K), 0.0435980 secs] [Times: user=0.03 sys=0.03, real=0.04 secs] 
2015-01-18T14:07:52.332+0100: 1.740: [Full GC [PSYoungGen: 35747K->13674K(132096K)] [ParOldGen: 203396K->225470K(279040K)] 239144K->239144K(411136K) [PSPermGen: 2415K->2415K(21504K)], 0.0543130 secs] [Times: user=0.03 sys=0.02, real=0.05 secs] 
2015-01-18T14:07:52.463+0100: 1.872: [GC [PSYoungGen: 109912K->41901K(138240K)] 335383K->271278K(417280K), 0.0442020 secs] [Times: user=0.04 sys=0.01, real=0.05 secs] 
2015-01-18T14:07:52.584+0100: 1.992: [GC [PSYoungGen: 138156K->49145K(156160K)] 367533K->303331K(435200K), 0.1637700 secs] [Times: user=0.03 sys=0.15, real=0.17 secs] 
2015-01-18T14:07:52.748+0100: 2.156: [Full GC [PSYoungGen: 49145K->24515K(156160K)] [ParOldGen: 254186K->278804K(337920K)] 303331K->303320K(494080K) [PSPermGen: 2415K->2415K(21504K)], 0.1268330 secs] [Times: user=0.10 sys=0.03, real=0.12 secs] 
2015-01-18T14:07:52.971+0100: 2.380: [GC [PSYoungGen: 131502K->57333K(164352K)] 410307K->338970K(502272K), 0.0682010 secs] [Times: user=0.06 sys=0.00, real=0.07 secs] 
2015-01-18T14:07:53.134+0100: 2.543: [GC [PSYoungGen: 164320K->67002K(182784K)] 445957K->374621K(520704K), 0.1096750 secs] [Times: user=0.04 sys=0.03, real=0.11 secs] 
2015-01-18T14:07:53.244+0100: 2.652: [Full GC [PSYoungGen: 67002K->36724K(182784K)] [ParOldGen: 307618K->337896K(403456K)] 374621K->374621K(586240K) [PSPermGen: 2416K->2416K(21504K)], 0.1519200 secs] [Times: user=0.03 sys=0.08, real=0.15 secs] 
2015-01-18T14:07:53.497+0100: 2.905: [GC [PSYoungGen: 152430K->38800K(194560K)] 490326K->414007K(598016K), 0.0788770 secs] [Times: user=0.04 sys=0.02, real=0.08 secs] 
2015-01-18T14:07:53.576+0100: 2.984: [Full GC [PSYoungGen: 38800K->10060K(194560K)] [ParOldGen: 375207K->403149K(479232K)] 414007K->413209K(673792K) [PSPermGen: 2416K->2416K(21504K)], 0.1850360 secs] [Times: user=0.16 sys=0.02, real=0.19 secs] 
2015-01-18T14:07:53.859+0100: 3.268: [GC [PSYoungGen: 125741K->38482K(189952K)] 528891K->451692K(669184K), 0.0484520 secs] [Times: user=0.05 sys=0.00, real=0.05 secs] 
2015-01-18T14:07:54.007+0100: 3.416: [GC [PSYoungGen: 155726K->75695K(193024K)] 568936K->490761K(672256K), 0.0642690 secs] [Times: user=0.08 sys=0.00, real=0.06 secs] 
2015-01-18T14:07:54.191+0100: 3.600: [GC [PSYoungGen: 192939K->80383K(171520K)] 608005K->529829K(650752K), 0.0783820 secs] [Times: user=0.07 sys=0.03, real=0.08 secs] 
2015-01-18T14:07:54.270+0100: 3.678: [Full GC [PSYoungGen: 80383K->51180K(171520K)] [ParOldGen: 449445K->478649K(545792K)] 529829K->529829K(717312K) [PSPermGen: 2416K->2416K(21504K)], 0.0807300 secs] [Times: user=0.07 sys=0.04, real=0.08 secs] 
2015-01-18T14:07:54.405+0100: 3.814: [GC [PSYoungGen: 142240K->47566K(182272K)] 620889K->560205K(728064K), 0.0581680 secs] [Times: user=0.07 sys=0.02, real=0.06 secs] 
2015-01-18T14:07:54.464+0100: 3.872: [Full GC [PSYoungGen: 47566K->14748K(182272K)] [ParOldGen: 512639K->545457K(545792K)] 560205K->560205K(728064K) [PSPermGen: 2416K->2416K(21504K)], 0.0666150 secs] [Times: user=0.04 sys=0.03, real=0.07 secs] 
2015-01-18T14:07:54.594+0100: 4.002: [Full GC [PSYoungGen: 105808K->44929K(182272K)] [ParOldGen: 545457K->545652K(545792K)] 651265K->590581K(728064K) [PSPermGen: 2416K->2416K(21504K)], 0.0778420 secs] [Times: user=0.05 sys=0.00, real=0.08 secs] 
2015-01-18T14:07:54.712+0100: 4.120: [Full GC [PSYoungGen: 91046K->60263K(182272K)] [ParOldGen: 545652K->545652K(545792K)] 636698K->605916K(728064K) [PSPermGen: 2416K->2416K(21504K)], 0.0513100 secs] [Times: user=0.03 sys=0.00, real=0.05 secs] 
2015-01-18T14:07:54.799+0100: 4.208: [Full GC [PSYoungGen: 91076K->70555K(182272K)] [ParOldGen: 545652K->545628K(545792K)] 636729K->616183K(728064K) [PSPermGen: 2416K->2416K(21504K)], 0.2155100 secs] [Times: user=0.26 sys=0.01, real=0.21 secs] 
2015-01-18T14:07:55.027+0100: 4.436: [Full GC [PSYoungGen: 91074K->77392K(182272K)] [ParOldGen: 545628K->545628K(545792K)] 636703K->623020K(728064K) [PSPermGen: 2416K->2416K(21504K)], 0.0558720 secs] [Times: user=0.03 sys=0.01, real=0.06 secs] 
2015-01-18T14:07:55.095+0100: 4.504: [Full GC [PSYoungGen: 91072K->81983K(182272K)] [ParOldGen: 545628K->545628K(545792K)] 636701K->627611K(728064K) [PSPermGen: 2416K->2416K(21504K)], 0.0396210 secs] [Times: user=0.03 sys=0.00, real=0.04 secs] 
2015-01-18T14:07:55.144+0100: 4.552: [Full GC [PSYoungGen: 91070K->85011K(182272K)] [ParOldGen: 545628K->545628K(545792K)] 636699K->630639K(728064K) [PSPermGen: 2416K->2416K(21504K)], 0.0791060 secs] [Times: user=0.06 sys=0.01, real=0.08 secs] 
2015-01-18T14:07:55.227+0100: 4.636: [Full GC [PSYoungGen: 91068K->86964K(182272K)] [ParOldGen: 545628K->545628K(545792K)] 636697K->632592K(728064K) [PSPermGen: 2416K->2416K(21504K)], 0.0439710 secs] [Times: user=0.03 sys=0.00, real=0.04 secs] 
2015-01-18T14:07:55.272+0100: 4.681: [Full GC [PSYoungGen: 91068K->88331K(182272K)] [ParOldGen: 545628K->545628K(545792K)] 636697K->633960K(728064K) [PSPermGen: 2416K->2416K(21504K)], 0.0421350 secs] [Times: user=0.04 sys=0.00, real=0.04 secs] 
2015-01-18T14:07:55.320+0100: 4.729: [Full GC [PSYoungGen: 91068K->89308K(182272K)] [ParOldGen: 545628K->545628K(545792K)] 636697K->634936K(728064K) [PSPermGen: 2416K->2416K(21504K)], 0.0314350 secs] [Times: user=0.03 sys=0.00, real=0.03 secs] 
2015-01-18T14:07:55.353+0100: 4.761: [Full GC [PSYoungGen: 91068K->89894K(182272K)] [ParOldGen: 545628K->545628K(545792K)] 636697K->635522K(728064K) [PSPermGen: 2416K->2416K(21504K)], 0.0338480 secs] [Times: user=0.03 sys=0.00, real=0.03 secs] 
2015-01-18T14:07:55.391+0100: 4.800: [Full GC [PSYoungGen: 91068K->90285K(182272K)] [ParOldGen: 545628K->545628K(545792K)] 636697K->635913K(728064K) [PSPermGen: 2416K->2416K(21504K)], 0.0335050 secs] [Times: user=0.02 sys=0.00, real=0.03 secs] 
2015-01-18T14:07:55.425+0100: 4.834: [Full GC [PSYoungGen: 91068K->90480K(182272K)] [ParOldGen: 545628K->545628K(545792K)] 636697K->636108K(728064K) [PSPermGen: 2416K->2416K(21504K)], 0.0535440 secs] [Times: user=0.04 sys=0.00, real=0.05 secs] 
2015-01-18T14:07:55.483+0100: 4.892: [Full GC [PSYoungGen: 91068K->90676K(182272K)] [ParOldGen: 545628K->545628K(545792K)] 636697K->636304K(728064K) [PSPermGen: 2416K->2416K(21504K)], 0.0445670 secs] [Times: user=0.03 sys=0.01, real=0.05 secs] 
2015-01-18T14:07:55.528+0100: 4.937: [Full GC [PSYoungGen: 91068K->90871K(182272K)] [ParOldGen: 545628K->545628K(545792K)] 636697K->636499K(728064K) [PSPermGen: 2416K->2416K(21504K)], 0.0468140 secs] [Times: user=0.02 sys=0.00, real=0.04 secs] 
2015-01-18T14:07:55.575+0100: 4.984: [Full GC [PSYoungGen: 91068K->90871K(182272K)] [ParOldGen: 545628K->545628K(545792K)] 636697K->636499K(728064K) [PSPermGen: 2416K->2416K(21504K)], 0.0439060 secs] [Times: user=0.02 sys=0.00, real=0.05 secs] 
2015-01-18T14:07:55.620+0100: 5.028: [Full GC [PSYoungGen: 91068K->90969K(182272K)] [ParOldGen: 545628K->545628K(545792K)] 636697K->636597K(728064K) [PSPermGen: 2416K->2416K(21504K)], 0.0516810 secs] [Times: user=0.03 sys=0.00, real=0.05 secs] 
2015-01-18T14:07:55.672+0100: 5.080: [Full GC [PSYoungGen: 91066K->90969K(182272K)] [ParOldGen: 545628K->545628K(545792K)] 636695K->636597K(728064K) [PSPermGen: 2416K->2416K(21504K)], 0.0353980 secs] [Times: user=0.02 sys=0.00, real=0.03 secs] 
2015-01-18T14:07:55.707+0100: 5.116: [Full GC [PSYoungGen: 91066K->91066K(182272K)] [ParOldGen: 545628K->545628K(545792K)] 636695K->636695K(728064K) [PSPermGen: 2416K->2416K(21504K)], 0.0357510 secs] [Times: user=0.02 sys=0.00, real=0.03 secs] 
2015-01-18T14:07:55.743+0100: 5.152: [Full GC [PSYoungGen: 91066K->91066K(182272K)] [ParOldGen: 545725K->545628K(545792K)] 636792K->636695K(728064K) [PSPermGen: 2416K->2416K(21504K)], 0.0407710 secs] [Times: user=0.02 sys=0.00, real=0.04 secs] 
2015-01-18T14:07:55.784+0100: 5.193: [Full GC [PSYoungGen: 91066K->91066K(182272K)] [ParOldGen: 545725K->545628K(545792K)] 636792K->636695K(728064K) [PSPermGen: 2416K->2416K(21504K)], 0.0428160 secs] [Times: user=0.03 sys=0.00, real=0.05 secs] 
2015-01-18T14:07:55.827+0100: 5.236: [Full GC [PSYoungGen: 91066K->91066K(182272K)] [ParOldGen: 545725K->545725K(545792K)] 636792K->636792K(728064K) [PSPermGen: 2416K->2416K(21504K)], 0.0436310 secs] [Times: user=0.02 sys=0.00, real=0.04 secs] 
2015-01-18T14:07:55.871+0100: 5.280: [Full GC [PSYoungGen: 91066K->91066K(182272K)] [ParOldGen: 545725K->545715K(545792K)] 636792K->636782K(728064K) [PSPermGen: 2416K->2416K(21504K)], 0.6754950 secs] [Times: user=0.89 sys=0.07, real=0.67 secs] 
Heap
 PSYoungGen      total 182272K, used 91136K [0x00000000ef500000, 0x0000000100000000, 0x0000000100000000)
  eden space 91136K, 100% used [0x00000000ef500000,0x00000000f4e00000,0x00000000f4e00000)
  from space 91136K, 0% used [0x00000000f4e00000,0x00000000f4e00000,0x00000000fa700000)
  to   space 91136K, 0% used [0x00000000fa700000,0x00000000fa700000,0x0000000100000000)
 ParOldGen       total 545792K, used 545715K [0x00000000ce000000, 0x00000000ef500000, 0x00000000ef500000)
  object space 545792K, 99% used [0x00000000ce000000,0x00000000ef4ecd40,0x00000000ef500000)
 PSPermGen       total 21504K, used 2447K [0x00000000c8e00000, 0x00000000ca300000, 0x00000000ce000000)
  object space 21504K, 11% used [0x00000000c8e00000,0x00000000c9063da0,0x00000000ca300000)
