2015-01-18T14:07:46.983+0100: 0.156: [GC [PSYoungGen: 3065K->496K(3584K)] 3065K->688K(10752K), 0.0202470 secs] [Times: user=0.01 sys=0.00, real=0.02 secs] 
2015-01-18T14:07:47.005+0100: 0.177: [GC [PSYoungGen: 3562K->512K(6656K)] 3754K->1232K(13824K), 0.0107930 secs] [Times: user=0.00 sys=0.00, real=0.01 secs] 
2015-01-18T14:07:47.018+0100: 0.191: [GC [PSYoungGen: 6656K->512K(6656K)] 7376K->2304K(13824K), 0.0133200 secs] [Times: user=0.00 sys=0.00, real=0.02 secs] 
2015-01-18T14:07:47.034+0100: 0.206: [GC [PSYoungGen: 6647K->496K(12800K)] 8439K->3368K(19968K), 0.0176990 secs] [Times: user=0.01 sys=0.00, real=0.02 secs] 
2015-01-18T14:07:47.058+0100: 0.230: [GC [PSYoungGen: 12784K->496K(12800K)] 15656K->5456K(19968K), 0.0099560 secs] [Times: user=0.00 sys=0.00, real=0.02 secs] 
2015-01-18T14:07:47.068+0100: 0.240: [Full GC [PSYoungGen: 496K->0K(12800K)] [ParOldGen: 4960K->4501K(10752K)] 5456K->4501K(23552K) [PSPermGen: 2416K->2415K(21504K)], 0.0278330 secs] [Times: user=0.03 sys=0.00, real=0.02 secs] 
2015-01-18T14:07:47.103+0100: 0.276: [GC [PSYoungGen: 12282K->1920K(25088K)] 16783K->6421K(35840K), 0.0050850 secs] [Times: user=0.00 sys=0.00, real=0.01 secs] 
2015-01-18T14:07:47.119+0100: 0.292: [GC [PSYoungGen: 24960K->3056K(26624K)] 29461K->10301K(37376K), 0.0083540 secs] [Times: user=0.01 sys=0.00, real=0.01 secs] 
2015-01-18T14:07:47.175+0100: 0.348: [GC [PSYoungGen: 26608K->5104K(46080K)] 33853K->14125K(56832K), 0.0523250 secs] [Times: user=0.03 sys=0.00, real=0.06 secs] 
2015-01-18T14:07:47.228+0100: 0.400: [Full GC [PSYoungGen: 5104K->2340K(46080K)] [ParOldGen: 9021K->10542K(18432K)] 14125K->12883K(64512K) [PSPermGen: 2416K->2416K(21504K)], 0.0437700 secs] [Times: user=0.02 sys=0.00, real=0.04 secs] 
2015-01-18T14:07:47.295+0100: 0.468: [GC [PSYoungGen: 43300K->6648K(47616K)] 53843K->19695K(66048K), 0.0242870 secs] [Times: user=0.01 sys=0.00, real=0.03 secs] 
2015-01-18T14:07:47.351+0100: 0.524: [GC [PSYoungGen: 47608K->8676K(64000K)] 60655K->26587K(82432K), 0.0322210 secs] [Times: user=0.02 sys=0.00, real=0.03 secs] 
2015-01-18T14:07:47.383+0100: 0.556: [Full GC [PSYoungGen: 8676K->6550K(64000K)] [ParOldGen: 17910K->17971K(28160K)] 26587K->24521K(92160K) [PSPermGen: 2416K->2416K(21504K)], 0.0361320 secs] [Times: user=0.02 sys=0.00, real=0.04 secs] 
2015-01-18T14:07:47.459+0100: 0.632: [GC [PSYoungGen: 61846K->8662K(67584K)] 79817K->34658K(95744K), 0.0362870 secs] [Times: user=0.00 sys=0.02, real=0.03 secs] 
2015-01-18T14:07:47.496+0100: 0.668: [Full GC [PSYoungGen: 8662K->4650K(67584K)] [ParOldGen: 25995K->27784K(41472K)] 34658K->32435K(109056K) [PSPermGen: 2416K->2416K(21504K)], 0.0342130 secs] [Times: user=0.02 sys=0.01, real=0.04 secs] 
2015-01-18T14:07:47.575+0100: 0.748: [GC [PSYoungGen: 59946K->8608K(89600K)] 87731K->42071K(131072K), 0.0362490 secs] [Times: user=0.02 sys=0.02, real=0.04 secs] 
2015-01-18T14:07:47.667+0100: 0.840: [GC [PSYoungGen: 85408K->12082K(90624K)] 118871K->55249K(135680K), 0.0324240 secs] [Times: user=0.02 sys=0.01, real=0.03 secs] 
2015-01-18T14:07:47.700+0100: 0.872: [Full GC [PSYoungGen: 12082K->6328K(90624K)] [ParOldGen: 43167K->45012K(63488K)] 55249K->51340K(154112K) [PSPermGen: 2416K->2416K(21504K)], 0.0481310 secs] [Times: user=0.05 sys=0.00, real=0.05 secs] 
2015-01-18T14:07:47.800+0100: 0.972: [GC [PSYoungGen: 83128K->12032K(119808K)] 128140K->64767K(183296K), 0.0317490 secs] [Times: user=0.02 sys=0.01, real=0.03 secs] 
2015-01-18T14:07:47.886+0100: 1.059: [GC [PSYoungGen: 116480K->16347K(121344K)] 169215K->82554K(189440K), 0.0371960 secs] [Times: user=0.03 sys=0.01, real=0.04 secs] 
2015-01-18T14:07:47.924+0100: 1.096: [Full GC [PSYoungGen: 16347K->9348K(121344K)] [ParOldGen: 66207K->67929K(91648K)] 82554K->77278K(212992K) [PSPermGen: 2416K->2416K(21504K)], 0.0525630 secs] [Times: user=0.07 sys=0.00, real=0.05 secs] 
2015-01-18T14:07:48.031+0100: 1.204: [GC [PSYoungGen: 113796K->16288K(161280K)] 181726K->95649K(252928K), 0.0922540 secs] [Times: user=0.00 sys=0.11, real=0.09 secs] 
2015-01-18T14:07:48.124+0100: 1.296: [Full GC [PSYoungGen: 16288K->841K(161280K)] [ParOldGen: 79361K->91393K(118272K)] 95649K->92234K(279552K) [PSPermGen: 2416K->2416K(21504K)], 0.0885420 secs] [Times: user=0.03 sys=0.01, real=0.09 secs] 
2015-01-18T14:07:48.291+0100: 1.464: [GC [PSYoungGen: 142665K->21497K(163328K)] 234058K->114770K(281600K), 0.0282980 secs] [Times: user=0.01 sys=0.01, real=0.03 secs] 
2015-01-18T14:07:48.411+0100: 1.584: [GC [PSYoungGen: 163321K->22144K(196096K)] 256594K->139538K(314368K), 0.0562790 secs] [Times: user=0.03 sys=0.03, real=0.06 secs] 
2015-01-18T14:07:48.468+0100: 1.640: [Full GC [PSYoungGen: 22144K->14658K(196096K)] [ParOldGen: 117394K->118221K(153088K)] 139538K->132880K(349184K) [PSPermGen: 2416K->2416K(21504K)], 0.1052220 secs] [Times: user=0.11 sys=0.00, real=0.10 secs] 
2015-01-18T14:07:48.639+0100: 1.811: [GC [PSYoungGen: 185154K->26805K(199168K)] 303376K->162955K(352256K), 0.1730120 secs] [Times: user=0.02 sys=0.22, real=0.18 secs] 
2015-01-18T14:07:48.812+0100: 1.984: [Full GC [PSYoungGen: 26805K->4356K(199168K)] [ParOldGen: 136149K->152990K(192512K)] 162955K->157347K(391680K) [PSPermGen: 2416K->2416K(21504K)], 0.1323710 secs] [Times: user=0.13 sys=0.02, real=0.13 secs] 
2015-01-18T14:07:49.001+0100: 2.174: [GC [PSYoungGen: 174852K->26560K(234496K)] 327843K->184878K(427008K), 0.0302300 secs] [Times: user=0.03 sys=0.01, real=0.03 secs] 
2015-01-18T14:07:49.098+0100: 2.271: [GC [PSYoungGen: 228288K->31424K(233472K)] 386606K->219582K(425984K), 0.0692690 secs] [Times: user=0.06 sys=0.02, real=0.08 secs] 
2015-01-18T14:07:49.168+0100: 2.340: [Full GC [PSYoungGen: 31424K->18544K(233472K)] [ParOldGen: 188158K->192130K(239616K)] 219582K->210674K(473088K) [PSPermGen: 2416K->2416K(21504K)], 0.3340680 secs] [Times: user=0.37 sys=0.17, real=0.33 secs] 
2015-01-18T14:07:49.595+0100: 2.767: [GC [PSYoungGen: 220272K->31808K(226304K)] 412402K->246619K(465920K), 0.0504290 secs] [Times: user=0.06 sys=0.01, real=0.05 secs] 
2015-01-18T14:07:49.645+0100: 2.818: [Full GC [PSYoungGen: 31808K->497K(226304K)] [ParOldGen: 214810K->239168K(292352K)] 246619K->239665K(518656K) [PSPermGen: 2416K->2416K(21504K)], 0.1428750 secs] [Times: user=0.15 sys=0.01, real=0.15 secs] 
2015-01-18T14:07:49.889+0100: 3.062: [GC [PSYoungGen: 186865K->29536K(216064K)] 426033K->268704K(508416K), 0.0502620 secs] [Times: user=0.03 sys=0.00, real=0.05 secs] 
2015-01-18T14:07:50.045+0100: 3.218: [GC [PSYoungGen: 215904K->45568K(202240K)] 455072K->299320K(494592K), 0.0743750 secs] [Times: user=0.05 sys=0.01, real=0.08 secs] 
2015-01-18T14:07:50.247+0100: 3.420: [GC [PSYoungGen: 202240K->40448K(197120K)] 455992K->327424K(489472K), 0.0641790 secs] [Times: user=0.04 sys=0.01, real=0.06 secs] 
2015-01-18T14:07:50.312+0100: 3.484: [Full GC [PSYoungGen: 40448K->23529K(197120K)] [ParOldGen: 286976K->291955K(352768K)] 327424K->315485K(549888K) [PSPermGen: 2416K->2416K(21504K)], 0.1518080 secs] [Times: user=0.18 sys=0.03, real=0.15 secs] 
Heap
 PSYoungGen      total 197120K, used 114578K [0x00000000ef500000, 0x0000000100000000, 0x0000000100000000)
  eden space 156672K, 58% used [0x00000000ef500000,0x00000000f4dea4a0,0x00000000f8e00000)
  from space 40448K, 58% used [0x00000000f8e00000,0x00000000fa4fa5e0,0x00000000fb580000)
  to   space 61440K, 0% used [0x00000000fc400000,0x00000000fc400000,0x0000000100000000)
 ParOldGen       total 352768K, used 291955K [0x00000000ce000000, 0x00000000e3880000, 0x00000000ef500000)
  object space 352768K, 82% used [0x00000000ce000000,0x00000000dfd1ce30,0x00000000e3880000)
 PSPermGen       total 21504K, used 2422K [0x00000000c8e00000, 0x00000000ca300000, 0x00000000ce000000)
  object space 21504K, 11% used [0x00000000c8e00000,0x00000000c905dbe8,0x00000000ca300000)
