0.089: [GC 0.089: [DefNew: 511K->64K(576K), 0.0016060 secs]0.091: [Train: 89K->89K(9600K), 0.0001850 secs] 511K->153K(10176K), 0.0018530 secs]
0.094: [GC 0.094: [DefNew: 570K->62K(576K), 0.0003640 secs]0.094: [Train: 166K->160K(9600K), 0.0003060 secs] 659K->223K(10176K), 0.0007350 secs]
0.102: [GC 0.102: [DefNew: 565K->62K(576K), 0.0002840 secs]0.102: [Train: 232K->234K(9600K), 0.0003190 secs] 725K->297K(10176K), 0.0006490 secs]
0.110: [GC 0.110: [DefNew: 564K->62K(576K), 0.0002590 secs]0.110: [Train: 309K->311K(9600K), 0.0003120 secs] 799K->373K(10176K), 0.0006140 secs]
0.118: [GC 0.118: [DefNew: 565K->62K(576K), 0.0002540 secs]0.118: [Train: 385K->383K(9600K), 0.0003640 secs] 876K->446K(10176K), 0.0006700 secs]
0.124: [GC 0.124: [DefNew: 565K->62K(576K), 0.0002340 secs]0.124: [Train: 457K->454K(9600K), 0.0002570 secs] 948K->516K(10176K), 0.0005370 secs]
0.130: [GC 0.130: [DefNew: 565K->62K(576K), 0.0002340 secs]0.130: [Train: 528K->528K(9600K), 0.0002270 secs] 1019K->590K(10176K), 0.0005090 secs]
0.138: [GC 0.138: [DefNew: 565K->62K(576K), 0.0002570 secs]0.138: [Train: 603K->603K(9600K), 0.0002300 secs] 1093K->665K(10176K), 0.0005240 secs]
0.146: [GC 0.146: [DefNew: 564K->62K(576K), 0.0002290 secs]0.146: [Train: 677K->677K(9600K), 0.0001850 secs] 1168K->739K(10176K), 0.0004520 secs]
0.154: [GC 0.154: [DefNew: 565K->63K(576K), 0.0002360 secs]0.154: [Train: 751K->753K(9600K), 0.0002340 secs] 1243K->816K(10176K), 0.0005090 secs]
0.162: [GC 0.162: [DefNew: 565K->62K(576K), 0.0002530 secs]0.162: [Train: 826K->828K(9600K), 0.0003350 secs] 1318K->1146K(10176K), 0.0006340 secs]
0.170: [GC 0.170: [DefNew: 569K->45K(576K), 0.0002180 secs]0.170: [Train: 882K->888K(9600K), 0.0003580 secs] 1398K->1275K(10176K), 0.0006270 secs]
0.174: [GC 0.174: [DefNew: 556K->22K(576K), 0.0002100 secs]0.175: [Train: 925K->927K(9600K), 0.0002490 secs] 1444K->1334K(10176K), 0.0005060 secs]
0.182: [GC 0.182: [DefNew: 534K->52K(576K), 0.0002030 secs]0.182: [Train: 927K->927K(9600K), 0.0002620 secs] 1461K->1321K(10176K), 0.0005080 secs]
0.190: [GC 0.190: [DefNew: 563K->42K(576K), 0.0001940 secs]0.190: [Train: 950K->950K(9600K), 0.0002330 secs] 1491K->1249K(10176K), 0.0004690 secs]
0.198: [GC 0.198: [DefNew: 549K->58K(576K), 0.0002410 secs]0.198: [Train: 970K->970K(9600K), 0.0002410 secs] 1500K->1029K(10176K), 0.0005280 secs]
0.206: [GC 0.206: [DefNew: 561K->62K(576K), 0.0002770 secs]0.206: [Train: 1040K->1040K(9600K), 0.0002430 secs] 1531K->1103K(10176K), 0.0005590 secs]
0.214: [GC 0.214: [DefNew: 566K->63K(576K), 0.0002490 secs] 1607K->1178K(10176K), 0.0002800 secs]
0.218: [GC 0.218: [DefNew: 566K->62K(576K), 0.0002740 secs]0.218: [Train: 1189K->1189K(9600K), 0.0002560 secs] 1681K->1251K(10176K), 0.0005700 secs]
0.225: [GC 0.225: [DefNew: 564K->62K(576K), 0.0002300 secs]0.225: [Train: 1263K->1263K(9600K), 0.0002460 secs] 1754K->1581K(10176K), 0.0005150 secs]
0.230: [GC 0.230: [DefNew: 569K->36K(576K), 0.0002110 secs]0.230: [Train: 1327K->1327K(9600K), 0.0002450 secs] 1832K->1704K(10176K), 0.0004950 secs]
0.238: [GC 0.238: [DefNew: 546K->32K(576K), 0.0002020 secs]0.238: [Train: 1365K->1365K(9600K), 0.0002500 secs] 1874K->1781K(10176K), 0.0004920 secs]
0.242: [GC 0.242: [DefNew: 543K->19K(576K), 0.0001830 secs]0.242: [Train: 1388K->1388K(9600K), 0.0002240 secs] 1909K->1791K(10176K), 0.0004480 secs]
0.246: [GC 0.246: [DefNew: 530K->49K(576K), 0.0001770 secs]0.246: [Train: 1388K->1388K(9600K), 0.0002190 secs] 1918K->1821K(10176K), 0.0004370 secs]
0.250: [GC 0.250: [DefNew: 557K->36K(576K), 0.0001920 secs]0.250: [Train: 1409K->1409K(9600K), 0.0002370 secs] 1945K->1829K(10176K), 0.0004700 secs]
0.258: [GC 0.258: [DefNew: 547K->45K(576K), 0.0001900 secs]0.258: [Train: 1429K->1429K(9600K), 0.0002200 secs] 1956K->1858K(10176K), 0.0004510 secs]
0.266: [GC 0.266: [DefNew: 553K->36K(576K), 0.0001830 secs]0.266: [Train: 1445K->1445K(9600K), 0.0002280 secs] 1982K->1822K(10176K), 0.0004510 secs]
0.274: [GC 0.274: [DefNew: 546K->49K(576K), 0.0001950 secs]0.274: [Train: 1466K->1466K(9600K), 0.0003880 secs] 1992K->1771K(10176K), 0.0120480 secs]
0.286: [GC 0.286: [DefNew: 559K->49K(576K), 0.0002710 secs]0.286: [Train: 1506K->1506K(9600K), 0.0002590 secs] 2026K->1555K(10176K), 0.0005860 secs]
0.287: [GC 0.287: [DefNew: 554K->61K(576K), 0.0002130 secs]0.287: [Train: 1570K->1570K(9600K), 0.0002580 secs] 2060K->1631K(10176K), 0.0005180 secs]
0.294: [GC 0.294: [DefNew: 563K->62K(576K), 0.0002400 secs] 2134K->1706K(10176K), 0.0002710 secs]
0.295: [GC 0.295: [DefNew: 564K->62K(576K), 0.0002420 secs]0.295: [Train: 1719K->1719K(9600K), 0.0002460 secs] 2208K->1781K(10176K), 0.0005310 secs]
0.302: [GC 0.302: [DefNew: 564K->62K(576K), 0.0002340 secs]0.302: [Train: 1793K->1793K(9600K), 0.0002560 secs] 2284K->2111K(10176K), 0.0005350 secs]
0.303: [GC 0.303: [DefNew: 569K->45K(576K), 0.0002070 secs]0.303: [Train: 1847K->1847K(9600K), 0.0002410 secs] 2362K->2234K(10176K), 0.0004900 secs]
0.310: [GC 0.310: [DefNew: 556K->22K(576K), 0.0001890 secs]0.310: [Train: 1883K->1885K(9600K), 0.0002260 secs] 2404K->2292K(10176K), 0.0004600 secs]
0.310: [GC 0.310: [DefNew: 534K->52K(576K), 0.0001730 secs]0.311: [Train: 1885K->1878K(9600K), 0.0003500 secs] 2419K->2314K(10176K), 0.0005710 secs]
0.314: [GC 0.314: [DefNew: 560K->36K(576K), 0.0001870 secs]0.314: [Train: 1901K->1907K(9600K), 0.0003190 secs] 2438K->2327K(10176K), 0.0005490 secs]
0.318: [GC 0.318: [DefNew: 547K->45K(576K), 0.0001970 secs]0.318: [Train: 1927K->1927K(9600K), 0.0002590 secs] 2454K->2356K(10176K), 0.0005140 secs]
0.322: [GC 0.322: [DefNew: 553K->36K(576K), 0.0001830 secs]0.322: [Train: 1943K->1943K(9600K), 0.0002780 secs] 2480K->2363K(10176K), 0.0005050 secs]
0.326: [GC 0.326: [DefNew: 547K->45K(576K), 0.0001930 secs]0.326: [Train: 1964K->1964K(9600K), 0.0002580 secs] 2490K->2394K(10176K), 0.0004960 secs]
0.330: [GC 0.330: [DefNew: 553K->36K(576K), 0.0001830 secs]0.330: [Train: 1981K->1981K(9600K), 0.0002500 secs] 2518K->2358K(10176K), 0.0004760 secs]
0.334: [GC 0.334: [DefNew: 546K->49K(576K), 0.0001860 secs]0.334: [Train: 2000K->2000K(9600K), 0.0002500 secs] 2528K->2305K(10176K), 0.0004790 secs]
0.334: [GC 0.334: [DefNew: 559K->49K(576K), 0.0001960 secs]0.335: [Train: 2041K->2041K(9600K), 0.0002540 secs] 2560K->2091K(10176K), 0.0004940 secs]
0.342: [GC 0.342: [DefNew: 551K->62K(576K), 0.0002140 secs]0.342: [Train: 2102K->2102K(9600K), 0.0002570 secs] 2593K->2164K(10176K), 0.0005170 secs]
0.343: [GC 0.343: [DefNew: 564K->62K(576K), 0.0002240 secs] 2667K->2238K(10176K), 0.0002570 secs]
0.350: [GC 0.350: [DefNew: 564K->62K(576K), 0.0002330 secs]0.350: [Train: 2250K->2250K(9600K), 0.0002570 secs] 2741K->2312K(10176K), 0.0005370 secs]
0.351: [GC 0.351: [DefNew: 564K->62K(576K), 0.0002230 secs]0.351: [Train: 2324K->2324K(9600K), 0.0002520 secs] 2814K->2642K(10176K), 0.0005210 secs]
0.358: [GC 0.358: [DefNew: 573K->49K(576K), 0.0002200 secs]0.358: [Train: 2378K->2379K(9600K), 0.0002800 secs] 2897K->2770K(10176K), 0.0005530 secs]
0.359: [GC 0.359: [DefNew: 560K->22K(576K), 0.0002300 secs]0.359: [Train: 2420K->2420K(9600K), 0.0002550 secs] 2940K->2827K(10176K), 0.0005350 secs]
0.359: [GC 0.359: [DefNew: 534K->52K(576K), 0.0001750 secs]0.359: [Train: 2420K->2420K(9600K), 0.0002400 secs] 2954K->2856K(10176K), 0.0004630 secs]
0.366: [GC 0.366: [DefNew: 560K->36K(576K), 0.0002040 secs]0.366: [Train: 2443K->2443K(9600K), 0.0002660 secs] 2980K->2863K(10176K), 0.0005190 secs]
0.366: [GC 0.366: [DefNew: 547K->45K(576K), 0.0001940 secs]0.366: [Train: 2462K->2462K(9600K), 0.0002700 secs] 2990K->2892K(10176K), 0.0005120 secs]
0.367: [GC 0.367: [DefNew: 553K->36K(576K), 0.0001890 secs]0.367: [Train: 2479K->2479K(9600K), 0.0002540 secs] 3016K->2899K(10176K), 0.0004900 secs]
0.367: [GC 0.367: [DefNew: 547K->45K(576K), 0.0001960 secs]0.368: [Train: 2500K->2500K(9600K), 0.0002720 secs] 3026K->2887K(10176K), 0.0005160 secs]
0.374: [GC 0.374: [DefNew: 556K->42K(576K), 0.0002800 secs]0.374: [Train: 2517K->2517K(9600K), 0.0003280 secs] 3057K->2815K(10176K), 0.0006770 secs]
0.375: [GC 0.375: [DefNew: 549K->58K(576K), 0.0002010 secs]0.375: [Train: 2536K->2536K(9600K), 0.0002580 secs] 3066K->2595K(10176K), 0.0005090 secs]
0.376: [GC 0.376: [DefNew: 561K->62K(576K), 0.0002560 secs]0.376: [Train: 2607K->2604K(9600K), 0.0002730 secs] 3098K->2666K(10176K), 0.0005920 secs]
0.382: [GC 0.382: [DefNew: 564K->62K(576K), 0.0003140 secs] 3168K->2741K(10176K), 0.0003680 secs]
0.383: [GC 0.383: [DefNew: 564K->62K(576K), 0.0002540 secs]0.383: [Train: 2753K->2753K(9600K), 0.0002690 secs] 3244K->2815K(10176K), 0.0005740 secs]
0.390: [GC 0.390: [DefNew: 564K->62K(576K), 0.0003480 secs]0.390: [Train: 2827K->2827K(9600K), 0.0002570 secs] 3318K->3145K(10176K), 0.0006770 secs]
0.391: [GC 0.391: [DefNew: 569K->36K(576K), 0.0002320 secs]0.391: [Train: 2891K->2891K(9600K), 0.0002790 secs] 3396K->3268K(10176K), 0.0005610 secs]
0.391: [GC 0.391: [DefNew: 546K->32K(576K), 0.0002120 secs]0.392: [Train: 2927K->2927K(9600K), 0.0002320 secs] 3438K->3343K(10176K), 0.0004930 secs]
0.392: [GC 0.392: [DefNew: 543K->19K(576K), 0.0001940 secs]0.392: [Train: 2952K->2952K(9600K), 0.0002520 secs] 3471K->3355K(10176K), 0.0004970 secs]
0.393: [GC 0.393: [DefNew: 530K->49K(576K), 0.0001810 secs]0.393: [Train: 2952K->2952K(9600K), 0.0002310 secs] 3482K->3385K(10176K), 0.0004620 secs]
0.393: [GC 0.393: [DefNew: 557K->36K(576K), 0.0001910 secs]0.394: [Train: 2971K->2971K(9600K), 0.0042800 secs] 3509K->3391K(10176K), 0.0045220 secs]
0.398: [GC 0.398: [DefNew: 547K->45K(576K), 0.0001940 secs]0.398: [Train: 2991K->2991K(9600K), 0.0002360 secs] 3518K->3421K(10176K), 0.0004800 secs]
0.399: [GC 0.399: [DefNew: 553K->36K(576K), 0.0001930 secs]0.399: [Train: 3009K->3009K(9600K), 0.0002420 secs] 3545K->3386K(10176K), 0.0004860 secs]
0.399: [GC 0.399: [DefNew: 546K->49K(576K), 0.0001940 secs]0.399: [Train: 3029K->3029K(9600K), 0.0002350 secs] 3556K->3334K(10176K), 0.0004790 secs]
0.400: [GC 0.400: [DefNew: 559K->49K(576K), 0.0002080 secs]0.400: [Train: 3070K->3070K(9600K), 0.0002460 secs] 3588K->3119K(10176K), 0.0005060 secs]
0.401: [GC 0.401: [DefNew: 551K->62K(576K), 0.0002260 secs]0.401: [Train: 3130K->3130K(9600K), 0.0002490 secs] 3621K->3193K(10176K), 0.0005260 secs]
0.407: [GC 0.408: [DefNew: 564K->62K(576K), 0.0003480 secs] 3695K->3266K(10176K), 0.0004080 secs]
0.414: [GC 0.414: [DefNew: 564K->62K(576K), 0.0002660 secs]0.414: [Train: 3278K->3278K(9600K), 0.0002650 secs] 3769K->3340K(10176K), 0.0005840 secs]
0.416: [GC 0.416: [DefNew: 564K->62K(576K), 0.0002450 secs]0.416: [Train: 3352K->3352K(9600K), 0.0002470 secs] 3843K->3670K(10176K), 0.0005460 secs]
0.419: [GC 0.419: [DefNew: 569K->45K(576K), 0.0002300 secs]0.419: [Train: 3406K->3406K(9600K), 0.0002480 secs] 3921K->3793K(10176K), 0.0005320 secs]
0.422: [GC 0.422: [DefNew: 556K->22K(576K), 0.0002100 secs]0.422: [Train: 3444K->3444K(9600K), 0.0002430 secs] 3963K->3851K(10176K), 0.0005090 secs]
0.434: [GC 0.434: [DefNew: 534K->52K(576K), 0.0001910 secs]0.434: [Train: 3444K->3444K(9600K), 0.0002310 secs] 3978K->3880K(10176K), 0.0004770 secs]
0.442: [GC 0.442: [DefNew: 560K->36K(576K), 0.0002010 secs]0.442: [Train: 3467K->3467K(9600K), 0.0002400 secs] 4004K->3887K(10176K), 0.0004960 secs]
0.442: [GC 0.442: [DefNew: 547K->45K(576K), 0.0001940 secs]0.443: [Train: 3486K->3486K(9600K), 0.0002370 secs] 4014K->3916K(10176K), 0.0004840 secs]
0.443: [GC 0.443: [DefNew: 549K->51K(576K), 0.0001990 secs]0.443: [Train: 3503K->3503K(9600K), 0.0002520 secs] 4036K->3939K(10176K), 0.0005090 secs]
0.444: [GC 0.444: [DefNew: 559K->16K(576K), 0.0002500 secs]0.444: [Train: 3547K->3547K(9600K), 0.0002350 secs] 4063K->3948K(10176K), 0.0005420 secs]
0.444: [GC 0.444: [DefNew: 527K->45K(576K), 0.0001820 secs]0.444: [Train: 3547K->3547K(9600K), 0.0002440 secs] 4075K->3934K(10176K), 0.0004770 secs]
0.445: [GC 0.445: [DefNew: 556K->42K(576K), 0.0001900 secs]0.445: [Train: 3564K->3564K(9600K), 0.0002440 secs] 4104K->3862K(10176K), 0.0004870 secs]
0.446: [GC 0.446: [DefNew: 549K->58K(576K), 0.0002000 secs]0.446: [Train: 3585K->3585K(9600K), 0.0002460 secs] 4113K->3644K(10176K), 0.0004990 secs]
0.447: [GC 0.447: [DefNew: 561K->62K(576K), 0.0002230 secs]0.447: [Train: 3656K->3656K(9600K), 0.0002490 secs] 4146K->3718K(10176K), 0.0005260 secs]
0.448: [GC 0.448: [DefNew: 564K->62K(576K), 0.0002260 secs] 4220K->3792K(10176K), 0.0002690 secs]
0.448: [GC 0.448: [DefNew: 564K->62K(576K), 0.0002440 secs]0.449: [Train: 3803K->3805K(9600K), 0.0002230 secs] 4294K->3867K(10176K), 0.0005220 secs]
0.449: [GC 0.449: [DefNew: 564K->62K(576K), 0.0002350 secs]0.450: [Train: 3879K->3872K(9600K), 0.0003610 secs] 4370K->4190K(10176K), 0.0006570 secs]
0.450: [GC 0.450: [DefNew: 569K->36K(576K), 0.0002260 secs]0.450: [Train: 3936K->3942K(9600K), 0.0003350 secs] 4441K->4319K(10176K), 0.0006180 secs]
0.458: [GC 0.458: [DefNew: 546K->32K(576K), 0.0002190 secs]0.458: [Train: 3978K->3975K(9600K), 0.0003270 secs] 4489K->4391K(10176K), 0.0006180 secs]
0.459: [GC 0.459: [DefNew: 543K->19K(576K), 0.0001990 secs]0.459: [Train: 3999K->3999K(9600K), 0.0003130 secs] 4519K->4403K(10176K), 0.0005690 secs]
0.459: [GC 0.459: [DefNew: 530K->49K(576K), 0.0001870 secs]0.460: [Train: 3999K->3999K(9600K), 0.0002850 secs] 4530K->4432K(10176K), 0.0005280 secs]
0.460: [GC 0.460: [DefNew: 557K->36K(576K), 0.0001950 secs]0.460: [Train: 4019K->4019K(9600K), 0.0002970 secs] 4556K->4439K(10176K), 0.0005480 secs]
0.461: [GC 0.461: [DefNew: 547K->45K(576K), 0.0001960 secs]0.461: [Train: 4039K->4039K(9600K), 0.0002960 secs] 4566K->4468K(10176K), 0.0005480 secs]
0.461: [GC 0.461: [DefNew: 553K->36K(576K), 0.0001930 secs]0.462: [Train: 4055K->4055K(9600K), 0.0003080 secs] 4592K->4432K(10176K), 0.0005570 secs]
0.462: [GC 0.462: [DefNew: 546K->49K(576K), 0.0002020 secs]0.462: [Train: 4076K->4076K(9600K), 0.0002890 secs] 4602K->4381K(10176K), 0.0005470 secs]
0.469: [GC 0.469: [DefNew: 559K->49K(576K), 0.0002200 secs]0.469: [Train: 4116K->4116K(9600K), 0.0003030 secs] 4636K->4165K(10176K), 0.0005820 secs]
0.470: [GC 0.470: [DefNew: 551K->62K(576K), 0.0002250 secs]0.470: [Train: 4176K->4176K(9600K), 0.0003110 secs] 4667K->4239K(10176K), 0.0005930 secs]
0.471: [GC 0.471: [DefNew: 564K->62K(576K), 0.0002290 secs] 4741K->4312K(10176K), 0.0002760 secs]
0.471: [GC 0.472: [DefNew: 564K->62K(576K), 0.0002540 secs]0.472: [Train: 4326K->4326K(9600K), 0.0003210 secs] 4815K->4388K(10176K), 0.0006340 secs]
0.473: [GC 0.473: [DefNew: 564K->62K(576K), 0.0002300 secs]0.473: [Train: 4400K->4400K(9600K), 0.0003010 secs] 4890K->4718K(10176K), 0.0005930 secs]
0.473: [GC 0.473: [DefNew: 569K->45K(576K), 0.0002200 secs]0.474: [Train: 4454K->4454K(9600K), 0.0002910 secs] 4969K->4841K(10176K), 0.0005710 secs]
0.474: [GC 0.474: [DefNew: 556K->22K(576K), 0.0002030 secs]0.474: [Train: 4490K->4490K(9600K), 0.0002950 secs] 5011K->4897K(10176K), 0.0005590 secs]
0.475: [GC 0.475: [DefNew: 534K->52K(576K), 0.0001900 secs]0.475: [Train: 4490K->4490K(9600K), 0.0002810 secs] 5024K->4926K(10176K), 0.0005300 secs]
0.475: [GC 0.475: [DefNew: 560K->36K(576K), 0.0002050 secs]0.476: [Train: 4515K->4515K(9600K), 0.0002800 secs] 5050K->4935K(10176K), 0.0005450 secs]
0.476: [GC 0.476: [DefNew: 547K->45K(576K), 0.0001980 secs]0.476: [Train: 4534K->4534K(9600K), 0.0002760 secs] 5062K->4964K(10176K), 0.0005340 secs]
0.477: [GC 0.477: [DefNew: 553K->36K(576K), 0.0001970 secs]0.477: [Train: 4551K->4551K(9600K), 0.0002690 secs] 5088K->4971K(10176K), 0.0005250 secs]
0.477: [GC 0.477: [DefNew: 547K->45K(576K), 0.0002050 secs]0.478: [Train: 4570K->4570K(9600K), 0.0002700 secs] 5098K->4957K(10176K), 0.0005340 secs]
0.478: [GC 0.478: [DefNew: 556K->42K(576K), 0.0002020 secs]0.478: [Train: 4588K->4588K(9600K), 0.0002770 secs] 5127K->4887K(10176K), 0.0005400 secs]
0.481: [GC 0.481: [DefNew: 549K->58K(576K), 0.0002180 secs]0.481: [Train: 4608K->4608K(9600K), 0.0002780 secs] 5138K->4667K(10176K), 0.0005610 secs]
0.482: [GC 0.483: [DefNew: 561K->62K(576K), 0.0002630 secs]0.483: [Train: 4679K->4679K(9600K), 0.0003180 secs] 5169K->4741K(10176K), 0.0006580 secs]
0.484: [GC 0.484: [DefNew: 564K->62K(576K), 0.0002340 secs] 5243K->4815K(10176K), 0.0002840 secs]
0.485: [GC 0.485: [DefNew: 564K->62K(576K), 0.0002550 secs]0.485: [Train: 4826K->4826K(9600K), 0.0002890 secs] 5317K->4888K(10176K), 0.0006080 secs]
0.486: [GC 0.486: [DefNew: 564K->62K(576K), 0.0003530 secs]0.486: [Train: 4902K->4902K(9600K), 0.0002920 secs] 5391K->5220K(10176K), 0.0007100 secs]
0.487: [GC 0.487: [DefNew: 569K->36K(576K), 0.0002260 secs]0.487: [Train: 4966K->4966K(9600K), 0.0002800 secs] 5471K->5343K(10176K), 0.0005690 secs]
0.487: [GC 0.487: [DefNew: 546K->32K(576K), 0.0002080 secs]0.488: [Train: 5002K->5002K(9600K), 0.0002730 secs] 5513K->5419K(10176K), 0.0005450 secs]
0.488: [GC 0.488: [DefNew: 543K->19K(576K), 0.0002050 secs]0.488: [Train: 5027K->5027K(9600K), 0.0002770 secs] 5546K->5430K(10176K), 0.0005470 secs]
0.489: [GC 0.489: [DefNew: 530K->49K(576K), 0.0001930 secs]0.489: [Train: 5027K->5027K(9600K), 0.0002540 secs] 5557K->5460K(10176K), 0.0005110 secs]
0.489: [GC 0.489: [DefNew: 557K->36K(576K), 0.0002020 secs]0.490: [Train: 5046K->5046K(9600K), 0.0002660 secs] 5584K->5466K(10176K), 0.0005320 secs]
0.490: [GC 0.490: [DefNew: 547K->45K(576K), 0.0002030 secs]0.490: [Train: 5066K->5066K(9600K), 0.0002670 secs] 5593K->5496K(10176K), 0.0005340 secs]
0.491: [GC 0.491: [DefNew: 553K->36K(576K), 0.0002040 secs]0.491: [Train: 5082K->5082K(9600K), 0.0002610 secs] 5620K->5460K(10176K), 0.0005310 secs]
0.492: [GC 0.492: [DefNew: 546K->49K(576K), 0.0002070 secs]0.492: [Train: 5104K->5104K(9600K), 0.0002680 secs] 5629K->5409K(10176K), 0.0005410 secs]
0.493: [GC 0.493: [DefNew: 559K->49K(576K), 0.0002140 secs]0.493: [Train: 5143K->5143K(9600K), 0.0002720 secs] 5663K->5192K(10176K), 0.0005510 secs]
0.493: [GC 0.494: [DefNew: 560K->62K(576K), 0.0003260 secs]0.494: [Train: 5213K->5211K(9600K), 0.0002900 secs] 5703K->5529K(10176K), 0.0006870 secs]
0.494: [GC 0.494: [DefNew: 569K->45K(576K), 0.0058360 secs]0.500: [Train: 5265K->5265K(9600K), 0.0002890 secs] 5781K->5652K(10176K), 0.0062020 secs]
0.501: [GC 0.501: [DefNew: 556K->22K(576K), 0.0002170 secs]0.501: [Train: 5303K->5303K(9600K), 0.0025130 secs] 5822K->5710K(10176K), 0.0028050 secs]
0.504: [GC 0.504: [DefNew: 534K->52K(576K), 0.0002030 secs]0.504: [Train: 5303K->5303K(9600K), 0.0002610 secs] 5837K->5697K(10176K), 0.0005310 secs]
0.504: [GC 0.504: [DefNew: 563K->42K(576K), 0.0002080 secs]0.505: [Train: 5326K->5326K(9600K), 0.0002530 secs] 5866K->5625K(10176K), 0.0005270 secs]
0.505: [GC 0.505: [DefNew: 549K->58K(576K), 0.0002080 secs]0.505: [Train: 5346K->5346K(9600K), 0.0004790 secs] 5876K->5405K(10176K), 0.0007520 secs]
0.506: [GC 0.506: [DefNew: 561K->62K(576K), 0.0002540 secs]0.507: [Train: 5418K->5418K(9600K), 0.0002710 secs] 5907K->5480K(10176K), 0.0005920 secs]
0.507: [GC 0.507: [DefNew: 564K->62K(576K), 0.0002430 secs] 5983K->5554K(10176K), 0.0002980 secs]
0.508: [GC 0.508: [DefNew: 564K->62K(576K), 0.0002520 secs]0.508: [Train: 5566K->5566K(9600K), 0.0002570 secs] 6056K->5628K(10176K), 0.0005770 secs]
0.509: [GC 0.509: [DefNew: 564K->62K(576K), 0.0002390 secs]0.509: [Train: 5640K->5640K(9600K), 0.0002670 secs] 6130K->5958K(10176K), 0.0005740 secs]
0.510: [GC 0.510: [DefNew: 569K->36K(576K), 0.0002290 secs]0.510: [Train: 5704K->5704K(9600K), 0.0002530 secs] 6209K->6081K(10176K), 0.0005510 secs]
0.511: [GC 0.511: [DefNew: 546K->32K(576K), 0.0002170 secs]0.511: [Train: 5741K->5741K(9600K), 0.0003580 secs] 6250K->6158K(10176K), 0.0006430 secs]
0.511: [GC 0.511: [DefNew: 543K->19K(576K), 0.0002080 secs]0.512: [Train: 5764K->5764K(9600K), 0.0002520 secs] 6285K->6168K(10176K), 0.0005280 secs]
0.512: [GC 0.512: [DefNew: 530K->49K(576K), 0.0001970 secs]0.512: [Train: 5764K->5764K(9600K), 0.0002490 secs] 6295K->6197K(10176K), 0.0005150 secs]
0.513: [GC 0.513: [DefNew: 557K->36K(576K), 0.0002060 secs]0.513: [Train: 5784K->5784K(9600K), 0.0002480 secs] 6321K->6204K(10176K), 0.0005220 secs]
0.513: [GC 0.513: [DefNew: 547K->45K(576K), 0.0002140 secs]0.514: [Train: 5805K->5805K(9600K), 0.0002690 secs] 6331K->6192K(10176K), 0.0005510 secs]
0.514: [GC 0.514: [DefNew: 556K->42K(576K), 0.0002080 secs]0.514: [Train: 5822K->5815K(9600K), 0.0002480 secs] 6362K->6114K(10176K), 0.0005240 secs]
0.515: [GC 0.515: [DefNew: 549K->58K(576K), 0.0002120 secs]0.515: [Train: 5835K->5835K(9600K), 0.0002360 secs] 6365K->5894K(10176K), 0.0005150 secs]
0.516: [GC 0.516: [DefNew: 561K->62K(576K), 0.0002460 secs]0.516: [Train: 5905K->5905K(9600K), 0.0002710 secs] 6396K->5968K(10176K), 0.0005870 secs]
0.517: [GC 0.517: [DefNew: 564K->62K(576K), 0.0002460 secs] 6470K->6041K(10176K), 0.0003040 secs]
0.519: [GC 0.519: [DefNew: 564K->62K(576K), 0.0002990 secs]0.519: [Train: 6055K->6055K(9600K), 0.0002740 secs] 6544K->6117K(10176K), 0.0007470 secs]
0.520: [GC 0.520: [DefNew: 564K->62K(576K), 0.0002570 secs]0.520: [Train: 6129K->6129K(9600K), 0.0002510 secs] 6619K->6447K(10176K), 0.0005800 secs]
0.521: [GC 0.521: [DefNew: 569K->36K(576K), 0.0002440 secs]0.521: [Train: 6193K->6193K(9600K), 0.0002410 secs] 6698K->6570K(10176K), 0.0005560 secs]
0.521: [GC 0.521: [DefNew: 546K->32K(576K), 0.0002240 secs]0.522: [Train: 6229K->6229K(9600K), 0.0002450 secs] 6740K->6645K(10176K), 0.0005400 secs]
0.522: [GC 0.522: [DefNew: 543K->19K(576K), 0.0002170 secs]0.522: [Train: 6253K->6253K(9600K), 0.0002450 secs] 6773K->6657K(10176K), 0.0005330 secs]
0.523: [GC 0.523: [DefNew: 530K->49K(576K), 0.0002000 secs]0.523: [Train: 6253K->6253K(9600K), 0.0002310 secs] 6784K->6686K(10176K), 0.0005030 secs]
0.523: [GC 0.523: [DefNew: 557K->36K(576K), 0.0002120 secs]0.524: [Train: 6273K->6273K(9600K), 0.0002340 secs] 6810K->6693K(10176K), 0.0005170 secs]
0.524: [GC 0.524: [DefNew: 547K->45K(576K), 0.0002130 secs]0.524: [Train: 6293K->6293K(9600K), 0.0002390 secs] 6820K->6722K(10176K), 0.0005240 secs]
0.525: [GC 0.525: [DefNew: 553K->36K(576K), 0.0002140 secs]0.525: [Train: 6311K->6311K(9600K), 0.0002350 secs] 6846K->6688K(10176K), 0.0005210 secs]
0.525: [GC 0.525: [DefNew: 546K->49K(576K), 0.0002140 secs]0.526: [Train: 6330K->6330K(9600K), 0.0003360 secs] 6858K->6635K(10176K), 0.0006230 secs]
0.526: [GC 0.526: [DefNew: 559K->49K(576K), 0.0002250 secs]0.526: [Train: 6370K->6370K(9600K), 0.0002510 secs] 6890K->6419K(10176K), 0.0005490 secs]
0.527: [GC 0.527: [DefNew: 551K->62K(576K), 0.0002440 secs]0.527: [Train: 6430K->6430K(9600K), 0.0002620 secs] 6921K->6493K(10176K), 0.0005790 secs]
0.528: [GC 0.528: [DefNew: 564K->62K(576K), 0.0002670 secs] 6995K->6568K(10176K), 0.0003300 secs]
0.529: [GC 0.529: [DefNew: 564K->62K(576K), 0.0002640 secs]0.529: [Train: 6580K->6580K(9600K), 0.0002530 secs] 7071K->6642K(10176K), 0.0005920 secs]
0.530: [GC 0.530: [DefNew: 564K->62K(576K), 0.0002530 secs]0.530: [Train: 6654K->6654K(9600K), 0.0003410 secs] 7144K->6972K(10176K), 0.0006700 secs]
0.531: [GC 0.531: [DefNew: 569K->45K(576K), 0.0002420 secs]0.531: [Train: 6708K->6708K(9600K), 0.0002510 secs] 7223K->7095K(10176K), 0.0005680 secs]
0.532: [GC 0.532: [DefNew: 556K->22K(576K), 0.0002230 secs]0.532: [Train: 6744K->6744K(9600K), 0.0002490 secs] 7265K->7151K(10176K), 0.0005470 secs]
0.532: [GC 0.532: [DefNew: 534K->52K(576K), 0.0002050 secs]0.532: [Train: 6744K->6744K(9600K), 0.0002470 secs] 7278K->7180K(10176K), 0.0005260 secs]
0.533: [GC 0.533: [DefNew: 560K->36K(576K), 0.0002230 secs]0.533: [Train: 6769K->6769K(9600K), 0.0002630 secs] 7304K->7189K(10176K), 0.0005610 secs]
0.534: [GC 0.534: [DefNew: 547K->45K(576K), 0.0002300 secs]0.534: [Train: 6788K->6788K(9600K), 0.0002330 secs] 7316K->7218K(10176K), 0.0005390 secs]
0.534: [GC 0.534: [DefNew: 553K->36K(576K), 0.0002170 secs]0.534: [Train: 6805K->6805K(9600K), 0.0002400 secs] 7342K->7225K(10176K), 0.0005320 secs]
0.535: [GC 0.535: [DefNew: 547K->45K(576K), 0.0002220 secs]0.535: [Train: 6826K->6826K(9600K), 0.0002590 secs] 7352K->7213K(10176K), 0.0005570 secs]
0.536: [GC 0.536: [DefNew: 556K->42K(576K), 0.0002150 secs]0.536: [Train: 6842K->6842K(9600K), 0.0002310 secs] 7383K->7141K(10176K), 0.0005210 secs]
0.536: [GC 0.536: [DefNew: 549K->58K(576K), 0.0002220 secs]0.537: [Train: 6862K->6862K(9600K), 0.0002470 secs] 7392K->6921K(10176K), 0.0005450 secs]
0.537: [GC 0.537: [DefNew: 561K->62K(576K), 0.0002550 secs]0.538: [Train: 6933K->6933K(9600K), 0.0002420 secs] 7423K->6995K(10176K), 0.0005750 secs]
0.538: [GC 0.538: [DefNew: 564K->62K(576K), 0.0002570 secs] 7497K->7069K(10176K), 0.0003240 secs]
0.539: [GC 0.539: [DefNew: 564K->62K(576K), 0.0002720 secs]0.539: [Train: 7082K->7082K(9600K), 0.0002380 secs] 7571K->7144K(10176K), 0.0005870 secs]
0.540: [GC 0.540: [DefNew: 564K->62K(576K), 0.0002600 secs]0.540: [Train: 7156K->7156K(9600K), 0.0002620 secs] 7647K->7474K(10176K), 0.0006070 secs]
0.541: [GC 0.541: [DefNew: 569K->36K(576K), 0.0002510 secs]0.541: [Train: 7220K->7220K(9600K), 0.0002420 secs] 7725K->7597K(10176K), 0.0005710 secs]
0.542: [GC 0.542: [DefNew: 546K->32K(576K), 0.0002320 secs]0.542: [Train: 7256K->7256K(9600K), 0.0002510 secs] 7767K->7673K(10176K), 0.0005780 secs]
0.542: [GC 0.542: [DefNew: 543K->19K(576K), 0.0002230 secs]0.543: [Train: 7281K->7281K(9600K), 0.0002540 secs] 7800K->7684K(10176K), 0.0005570 secs]
0.543: [GC 0.543: [DefNew: 530K->49K(576K), 0.0002070 secs]0.543: [Train: 7281K->7281K(9600K), 0.0002330 secs] 7811K->7714K(10176K), 0.0005190 secs]
0.544: [GC 0.544: [DefNew: 557K->36K(576K), 0.0002210 secs]0.544: [Train: 7300K->7300K(9600K), 0.0002610 secs] 7838K->7720K(10176K), 0.0005620 secs]
0.544: [GC 0.544: [DefNew: 547K->45K(576K), 0.0002200 secs]0.545: [Train: 7320K->7320K(9600K), 0.0002460 secs] 7847K->7750K(10176K), 0.0005470 secs]
0.545: [GC 0.545: [DefNew: 553K->36K(576K), 0.0002220 secs]0.545: [Train: 7338K->7338K(9600K), 0.0002520 secs] 7874K->7715K(10176K), 0.0005540 secs]
0.546: [GC 0.546: [DefNew: 546K->49K(576K), 0.0002210 secs]0.546: [Train: 7358K->7358K(9600K), 0.0002400 secs] 7885K->7663K(10176K), 0.0005410 secs]
0.547: [GC 0.547: [DefNew: 559K->49K(576K), 0.0002390 secs]0.547: [Train: 7399K->7399K(9600K), 0.0002510 secs] 7917K->7448K(10176K), 0.0005710 secs]
0.548: [GC 0.548: [DefNew: 551K->62K(576K), 0.0002490 secs]0.548: [Train: 7458K->7458K(9600K), 0.0002420 secs] 7950K->7520K(10176K), 0.0005720 secs]
0.549: [GC 0.549: [DefNew: 564K->62K(576K), 0.0002810 secs] 8022K->7595K(10176K), 0.0003490 secs]
0.549: [GC 0.549: [DefNew: 564K->62K(576K), 0.0002700 secs]0.550: [Train: 7607K->7607K(9600K), 0.0002670 secs] 8098K->7669K(10176K), 0.0006180 secs]
0.550: [GC 0.550: [DefNew: 564K->62K(576K), 0.0002640 secs]0.551: [Train: 7681K->7681K(9600K), 0.0002480 secs] 8172K->7999K(10176K), 0.0005930 secs]
0.551: [GC 0.551: [DefNew: 569K->45K(576K), 0.0002470 secs]0.551: [Train: 7735K->7735K(9600K), 0.0002500 secs] 8250K->8122K(10176K), 0.0005790 secs]
0.552: [GC 0.552: [DefNew: 556K->22K(576K), 0.0002300 secs]0.552: [Train: 7771K->7771K(9600K), 0.0002420 secs] 8292K->8178K(10176K), 0.0005540 secs]
0.553: [GC 0.553: [DefNew: 534K->52K(576K), 0.0002120 secs]0.553: [Train: 7771K->7771K(9600K), 0.0002410 secs] 8305K->8207K(10176K), 0.0005350 secs]
0.553: [GC 0.553: [DefNew: 563K->59K(576K), 0.0002430 secs]0.554: [Train: 7796K->7796K(9600K), 0.0003300 secs] 8335K->8239K(10176K), 0.0006610 secs]
0.554: [GC 0.554: [DefNew: 567K->16K(576K), 0.0003460 secs]0.554: [Train: 7847K->7847K(9600K), 0.0002750 secs] 8363K->8247K(10176K), 0.0007070 secs]
0.555: [GC 0.555: [DefNew: 527K->45K(576K), 0.0002110 secs]0.555: [Train: 7847K->7847K(9600K), 0.0002340 secs] 8374K->8277K(10176K), 0.0005300 secs]
0.556: [GC 0.556: [DefNew: 553K->36K(576K), 0.0002210 secs]0.556: [Train: 7863K->7863K(9600K), 0.0002470 secs] 8401K->8283K(10176K), 0.0005520 secs]
0.556: [GC 0.556: [DefNew: 547K->45K(576K), 0.0002240 secs]0.557: [Train: 7883K->7883K(9600K), 0.0002510 secs] 8410K->8270K(10176K), 0.0005600 secs]
0.557: [GC 0.557: [DefNew: 556K->42K(576K), 0.0002220 secs]0.557: [Train: 7899K->7899K(9600K), 0.0002390 secs] 8440K->8198K(10176K), 0.0005450 secs]
0.558: [GC 0.558: [DefNew: 549K->58K(576K), 0.0002330 secs]0.558: [Train: 7921K->7921K(9600K), 0.0002760 secs] 8449K->7980K(10176K), 0.0005940 secs]
0.559: [GC 0.559: [DefNew: 561K->62K(576K), 0.0002600 secs]0.559: [Train: 7991K->7991K(9600K), 0.0002600 secs] 8482K->8053K(10176K), 0.0006050 secs]
0.560: [GC 0.560: [DefNew: 564K->62K(576K), 0.0002660 secs] 8556K->8127K(10176K), 0.0003380 secs]
0.561: [GC 0.561: [DefNew: 564K->62K(576K), 0.0002730 secs]0.561: [Train: 8139K->8139K(9600K), 0.0002710 secs] 8630K->8201K(10176K), 0.0006290 secs]
0.562: [GC 0.562: [DefNew: 564K->62K(576K), 0.0002660 secs]0.562: [Train: 8213K->8213K(9600K), 0.0002700 secs] 8703K->8531K(10176K), 0.0006270 secs]
0.562: [GC 0.563: [DefNew: 569K->36K(576K), 0.0002560 secs]0.563: [Train: 8277K->8277K(9600K), 0.0002810 secs] 8782K->8654K(10176K), 0.0006290 secs]
0.563: [GC 0.563: [DefNew: 546K->32K(576K), 0.0002400 secs]0.564: [Train: 8314K->8314K(9600K), 0.0002770 secs] 8824K->8731K(10176K), 0.0006030 secs]
0.564: [GC 0.564: [DefNew: 543K->19K(576K), 0.0002270 secs]0.564: [Train: 8337K->8337K(9600K), 0.0002630 secs] 8858K->8741K(10176K), 0.0005760 secs]
0.565: [GC 0.565: [DefNew: 530K->49K(576K), 0.0002160 secs]0.565: [Train: 8337K->8337K(9600K), 0.0002500 secs] 8868K->8770K(10176K), 0.0005520 secs]
0.565: [GC 0.565: [DefNew: 557K->36K(576K), 0.0002660 secs]0.566: [Train: 8359K->8359K(9600K), 0.0002870 secs] 8894K->8779K(10176K), 0.0006400 secs]
0.566: [GC 0.566: [DefNew: 547K->45K(576K), 0.0002270 secs]0.566: [Train: 8378K->8378K(9600K), 0.0002490 secs] 8906K->8808K(10176K), 0.0005630 secs]
0.567: [GC 0.567: [DefNew: 553K->36K(576K), 0.0002230 secs]0.567: [Train: 8395K->8395K(9600K), 0.0002440 secs] 8932K->8772K(10176K), 0.0005540 secs]
0.568: [GC 0.568: [DefNew: 546K->49K(576K), 0.0002250 secs]0.568: [Train: 8414K->8414K(9600K), 0.0002410 secs] 8942K->8719K(10176K), 0.0005530 secs]
0.568: [GC 0.568: [DefNew: 559K->49K(576K), 0.0002410 secs]0.569: [Train: 8456K->8456K(9600K), 0.0002530 secs] 8974K->8505K(10176K), 0.0005790 secs]
0.569: [GC 0.569: [DefNew: 551K->62K(576K), 0.0002570 secs]0.570: [Train: 8516K->8516K(9600K), 0.0002530 secs] 9007K->8578K(10176K), 0.0005980 secs]
0.570: [GC 0.570: [DefNew: 564K->62K(576K), 0.0002570 secs] 9081K->8652K(10176K), 0.0003330 secs]
0.571: [GC 0.571: [DefNew: 564K->62K(576K), 0.0002660 secs]0.571: [Train: 8664K->8664K(9600K), 0.0002360 secs] 9155K->8726K(10176K), 0.0005910 secs]
0.572: [GC 0.572: [DefNew: 564K->62K(576K), 0.0002590 secs]0.572: [Train: 8738K->8740K(9600K), 0.0002170 secs] 9228K->9058K(10176K), 0.0005650 secs]
0.573: [GC 0.573: [DefNew: 569K->45K(576K), 0.0002520 secs]0.573: [Train: 8794K->8787K(9600K), 0.0003550 secs] 9309K->9174K(10176K), 0.0007010 secs]
0.574: [GC 0.574: [DefNew: 556K->22K(576K), 0.0002350 secs]0.574: [Train: 8823K->8822K(9600K), 0.0003250 secs] 9343K->9229K(10176K), 0.0006510 secs]
0.575: [GC 0.575: [DefNew: 534K->52K(576K), 0.0002270 secs]0.575: [Train: 8822K->8822K(9600K), 0.0004310 secs] 9356K->9258K(10176K), 0.0007620 secs]
0.575: [GC 0.576: [DefNew: 560K->36K(576K), 0.0002300 secs]0.576: [Train: 8845K->8845K(9600K), 0.0003660 secs] 9382K->9265K(10176K), 0.0006860 secs]
0.576: [GC 0.576: [DefNew: 547K->45K(576K), 0.0002340 secs]0.577: [Train: 8866K->8866K(9600K), 0.0004020 secs] 9392K->9296K(10176K), 0.0007250 secs]
0.577: [GC 0.577: [DefNew: 553K->36K(576K), 0.0002280 secs]0.577: [Train: 8883K->8883K(9600K), 0.0003910 secs] 9420K->9303K(10176K), 0.0007080 secs]
0.578: [GC 0.578: [DefNew: 547K->45K(576K), 0.0002300 secs]0.578: [Train: 8902K->8902K(9600K), 0.0003770 secs] 9430K->9332K(10176K), 0.0006960 secs]
0.579: [GC 0.579: [DefNew: 553K->36K(576K), 0.0002270 secs]0.579: [Train: 8919K->8919K(9600K), 0.0003700 secs] 9456K->9296K(10176K), 0.0006860 secs]
0.580: [GC 0.580: [DefNew: 546K->49K(576K), 0.0002360 secs]0.580: [Train: 8940K->8940K(9600K), 0.0003730 secs] 9466K->9245K(10176K), 0.0006980 secs]
0.581: [GC 0.581: [DefNew: 559K->49K(576K), 0.0002390 secs]0.581: [Train: 8979K->8979K(9600K), 0.0003720 secs] 9500K->9029K(10176K), 0.0007010 secs]
0.582: [GC 0.582: [DefNew: 551K->62K(576K), 0.0002600 secs]0.582: [Train: 9040K->9040K(9600K), 0.0004100 secs] 9531K->9102K(10176K), 0.0007660 secs]
0.583: [GC 0.583: [DefNew: 564K->62K(576K), 0.0002660 secs] 9605K->9176K(10176K), 0.0003450 secs]
0.584: [GC 0.584: [DefNew: 564K->62K(576K), 0.0002910 secs]0.584: [Train: 9190K->9190K(9600K), 0.0003820 secs] 9679K->9252K(10176K), 0.0007660 secs]
0.585: [GC 0.585: [DefNew: 564K->62K(576K), 0.0002650 secs]0.585: [Train: 9263K->9263K(9600K), 0.0003670 secs] 9754K->9582K(10176K), 0.0007250 secs]
0.586: [GC 0.586: [DefNew: 569K->45K(576K), 0.0002550 secs]0.586: [Train: 9318K->9318K(9600K), 0.0003890 secs] 9833K->9705K(10176K), 0.0007380 secs]
0.587: [GC 0.587: [DefNew: 556K->22K(576K), 0.0002370 secs]0.587: [Train: 9354K->9354K(9600K), 0.0003600 secs] 9874K->9761K(10176K), 0.0006950 secs]
0.588: [GC 0.588: [DefNew: 534K->52K(576K), 0.0002230 secs]0.588: [Train: 9354K->9354K(9600K), 0.0003610 secs] 9888K->9790K(10176K), 0.0006770 secs]
0.588: [GC 0.588: [DefNew: 560K->36K(576K), 0.0002390 secs]0.589: [Train: 9378K->9378K(9600K), 0.0003680 secs] 9914K->9798K(10176K), 0.0006990 secs]
0.589: [GC 0.589: [DefNew: 547K->45K(576K), 0.0002330 secs]0.590: [Train: 9398K->9398K(9600K), 0.0003770 secs] 9926K->9828K(10176K), 0.0007030 secs]
0.590: [GC 0.590: [DefNew: 553K->36K(576K), 0.0002310 secs]0.590: [Train: 9414K->9414K(9600K), 0.0003600 secs] 9952K->9834K(10176K), 0.0006830 secs]
0.591: [GC 0.591: [DefNew: 547K->45K(576K), 0.0002330 secs]0.591: [Train: 9434K->9434K(9600K), 0.0003610 secs] 9962K->9821K(10176K), 0.0006860 secs]
0.592: [GC 0.592: [DefNew: 556K->42K(576K), 0.0002370 secs]0.592: [Train: 9452K->9452K(9600K), 0.0003560 secs] 9991K->9751K(10176K), 0.0006860 secs]
0.593: [GC 0.593: [DefNew: 549K->58K(576K), 0.0002350 secs]0.593: [Train: 9472K->9472K(9600K), 0.0003550 secs] 10002K->9531K(10176K), 0.0006840 secs]
0.594: [GC 0.594: [DefNew: 561K->62K(576K), 0.0002620 secs]0.594: [Train: 9542K->9542K(9664K), 0.0003740 secs] 10033K->9605K(10240K), 0.0007310 secs]
0.595: [GC 0.595: [DefNew: 564K->62K(576K), 0.0002660 secs] 10107K->9678K(10240K), 0.0003490 secs]
0.596: [GC 0.596: [DefNew: 564K->62K(576K), 0.0002860 secs]0.596: [Train: 9690K->9690K(9792K), 0.0003670 secs] 10181K->9752K(10368K), 0.0007490 secs]
0.597: [GC 0.597: [DefNew: 564K->62K(576K), 0.0002810 secs]0.597: [Train: 9766K->9766K(9920K), 0.0003650 secs] 10255K->10084K(10496K), 0.0007430 secs]
0.598: [GC 0.598: [DefNew: 569K->36K(576K), 0.0002690 secs]0.598: [Train: 9830K->9830K(9984K), 0.0003820 secs] 10335K->10207K(10560K), 0.0007470 secs]
0.599: [GC 0.599: [DefNew: 546K->32K(576K), 0.0002470 secs]0.599: [Train: 9866K->9866K(9984K), 0.0003630 secs] 10377K->10282K(10560K), 0.0007060 secs]
0.600: [GC 0.600: [DefNew: 543K->19K(576K), 0.0002430 secs]0.600: [Train: 9890K->9890K(10048K), 0.0003570 secs] 10410K->10294K(10624K), 0.0006970 secs]
0.600: [GC 0.600: [DefNew: 530K->49K(576K), 0.0002280 secs]0.601: [Train: 9890K->9890K(10048K), 0.0003530 secs] 10421K->10323K(10624K), 0.0006780 secs]
0.601: [GC 0.601: [DefNew: 557K->36K(576K), 0.0002390 secs]0.602: [Train: 9910K->9910K(10048K), 0.0003700 secs] 10447K->10330K(10624K), 0.0007060 secs]
0.602: [GC 0.602: [DefNew: 547K->45K(576K), 0.0002430 secs]0.602: [Train: 9930K->9930K(10048K), 0.0003310 secs] 10457K->10359K(10624K), 0.0006710 secs]
0.603: [GC 0.603: [DefNew: 553K->36K(576K), 0.0002360 secs]0.603: [Train: 9946K->9946K(10048K), 0.0003330 secs] 10483K->10323K(10624K), 0.0006660 secs]
0.604: [GC 0.604: [DefNew: 546K->49K(576K), 0.0002440 secs]0.604: [Train: 9967K->9967K(10112K), 0.0003560 secs] 10493K->10273K(10688K), 0.0006970 secs]
0.605: [GC 0.605: [DefNew: 559K->49K(576K), 0.0002560 secs]0.605: [Train: 10007K->10007K(10112K), 0.0003330 secs] 10527K->10056K(10688K), 0.0006860 secs]
0.606: [GC 0.606: [DefNew: 551K->62K(576K), 0.0002740 secs]0.606: [Train: 10067K->10067K(10176K), 0.0003710 secs] 10558K->10130K(10752K), 0.0007430 secs]
0.607: [GC 0.607: [DefNew: 564K->62K(576K), 0.0002940 secs] 10632K->10205K(10816K), 0.0003820 secs]
0.608: [GC 0.608: [DefNew: 564K->62K(576K), 0.0002940 secs]0.608: [Train: 10217K->10217K(10368K), 0.0003390 secs] 10708K->10279K(10944K), 0.0007330 secs]
0.609: [GC 0.609: [DefNew: 564K->62K(576K), 0.0002890 secs]0.609: [Train: 10291K->10291K(10432K), 0.0003430 secs] 10781K->10609K(11008K), 0.0007300 secs]
0.610: [GC 0.610: [DefNew: 569K->45K(576K), 0.0002720 secs]0.610: [Train: 10345K->10345K(10496K), 0.0003370 secs] 10860K->10732K(11072K), 0.0007080 secs]
0.611: [GC 0.611: [DefNew: 556K->22K(576K), 0.0002550 secs]0.611: [Train: 10381K->10381K(10496K), 0.0003800 secs] 10902K->10788K(11072K), 0.0007350 secs]
0.612: [GC 0.612: [DefNew: 534K->52K(576K), 0.0002300 secs]0.612: [Train: 10381K->10381K(10496K), 0.0003530 secs] 10915K->10817K(11072K), 0.0006820 secs]
0.612: [GC 0.612: [DefNew: 560K->36K(576K), 0.0002490 secs]0.613: [Train: 10406K->10406K(10560K), 0.0003240 secs] 10941K->10826K(11136K), 0.0006800 secs]
0.613: [GC 0.613: [DefNew: 547K->45K(576K), 0.0002430 secs]0.614: [Train: 10425K->10425K(10560K), 0.0003530 secs] 10953K->10855K(11136K), 0.0006980 secs]
0.614: [GC 0.614: [DefNew: 553K->36K(576K), 0.0002400 secs]0.614: [Train: 10442K->10442K(10560K), 0.0003290 secs] 10979K->10862K(11136K), 0.0006690 secs]
0.615: [GC 0.615: [DefNew: 547K->45K(576K), 0.0002480 secs]0.615: [Train: 10463K->10463K(10624K), 0.0003470 secs] 10989K->10850K(11200K), 0.0006960 secs]
0.616: [GC 0.616: [DefNew: 556K->42K(576K), 0.0002410 secs]0.616: [Train: 10479K->10479K(10624K), 0.0003220 secs] 11020K->10778K(11200K), 0.0006630 secs]
0.617: [GC 0.617: [DefNew: 549K->58K(576K), 0.0002460 secs]0.617: [Train: 10499K->10499K(10624K), 0.0003320 secs] 11029K->10558K(11200K), 0.0006790 secs]
0.618: [GC 0.618: [DefNew: 561K->62K(576K), 0.0002810 secs]0.618: [Train: 10570K->10570K(10688K), 0.0003240 secs] 11060K->10632K(11264K), 0.0007080 secs]
0.619: [GC 0.619: [DefNew: 564K->62K(576K), 0.0002810 secs] 11134K->10706K(11264K), 0.0003700 secs]
0.620: [GC 0.620: [DefNew: 564K->62K(576K), 0.0003010 secs]0.620: [Train: 10719K->10719K(10880K), 0.0003280 secs] 11208K->10781K(11456K), 0.0007320 secs]
0.621: [GC 0.621: [DefNew: 564K->62K(576K), 0.0002860 secs]0.621: [Train: 10793K->10793K(10944K), 0.0003200 secs] 11284K->11111K(11520K), 0.0007090 secs]
0.622: [GC 0.622: [DefNew: 569K->36K(576K), 0.0002730 secs]0.622: [Train: 10857K->10857K(11008K), 0.0003510 secs] 11362K->11234K(11584K), 0.0007270 secs]
0.623: [GC 0.623: [DefNew: 546K->32K(576K), 0.0002540 secs]0.623: [Train: 10893K->10893K(11008K), 0.0003090 secs] 11404K->11310K(11584K), 0.0006660 secs]
0.623: [GC 0.623: [DefNew: 543K->19K(576K), 0.0002490 secs]0.624: [Train: 10918K->10918K(11072K), 0.0003120 secs] 11437K->11321K(11648K), 0.0006650 secs]
0.624: [GC 0.624: [DefNew: 530K->49K(576K), 0.0002340 secs]0.625: [Train: 10918K->10918K(11072K), 0.0003200 secs] 11449K->11351K(11648K), 0.0006580 secs]
0.625: [GC 0.625: [DefNew: 557K->36K(576K), 0.0002450 secs]0.625: [Train: 10937K->10937K(11072K), 0.0003200 secs] 11475K->11357K(11648K), 0.0006690 secs]
0.626: [GC 0.626: [DefNew: 547K->45K(576K), 0.0002510 secs]0.626: [Train: 10957K->10957K(11072K), 0.0003210 secs] 11485K->11387K(11648K), 0.0006760 secs]
0.627: [GC 0.627: [DefNew: 553K->36K(576K), 0.0002470 secs]0.627: [Train: 10975K->10975K(11136K), 0.0003250 secs] 11511K->11352K(11712K), 0.0006770 secs]
0.627: [GC 0.628: [DefNew: 546K->49K(576K), 0.0002470 secs]0.628: [Train: 10995K->10995K(11136K), 0.0003170 secs] 11522K->11300K(11712K), 0.0006700 secs]
0.628: [GC 0.628: [DefNew: 559K->49K(576K), 0.0002630 secs]0.629: [Train: 11034K->11034K(11136K), 0.0003100 secs] 11554K->11083K(11712K), 0.0006760 secs]
0.629: [GC 0.630: [DefNew: 551K->62K(576K), 0.0002870 secs]0.630: [Train: 11095K->11095K(11200K), 0.0003170 secs] 11585K->11157K(11776K), 0.0007090 secs]
0.631: [GC 0.631: [DefNew: 564K->62K(576K), 0.0002980 secs] 11659K->11233K(11840K), 0.0003920 secs]
0.631: [GC 0.631: [DefNew: 564K->62K(576K), 0.0002980 secs]0.632: [Train: 11244K->11244K(11392K), 0.0003170 secs] 11735K->11306K(11968K), 0.0007210 secs]
0.633: [GC 0.633: [DefNew: 564K->62K(576K), 0.0002890 secs]0.633: [Train: 11318K->11318K(11456K), 0.0003210 secs] 11809K->11636K(12032K), 0.0007180 secs]
0.633: [GC 0.634: [DefNew: 569K->45K(576K), 0.0002840 secs]0.634: [Train: 11372K->11372K(11520K), 0.0003140 secs] 11887K->11759K(12096K), 0.0007070 secs]
0.634: [GC 0.634: [DefNew: 556K->22K(576K), 0.0002600 secs]0.635: [Train: 11408K->11408K(11520K), 0.0002980 secs] 11929K->11815K(12096K), 0.0006660 secs]
0.635: [GC 0.635: [DefNew: 534K->52K(576K), 0.0002370 secs]0.635: [Train: 11408K->11408K(11520K), 0.0003260 secs] 11942K->11845K(12096K), 0.0006720 secs]
0.636: [GC 0.636: [DefNew: 560K->36K(576K), 0.0002560 secs]0.636: [Train: 11433K->11433K(11584K), 0.0003090 secs] 11968K->11853K(12160K), 0.0006720 secs]
0.637: [GC 0.637: [DefNew: 547K->45K(576K), 0.0002510 secs]0.637: [Train: 11453K->11453K(11584K), 0.0003070 secs] 11980K->11882K(12160K), 0.0006640 secs]
0.638: [GC 0.638: [DefNew: 553K->36K(576K), 0.0002610 secs]0.638: [Train: 11469K->11469K(11584K), 0.0003140 secs] 12006K->11889K(12160K), 0.0006830 secs]
0.638: [GC 0.638: [DefNew: 547K->45K(576K), 0.0002550 secs]0.639: [Train: 11490K->11490K(11648K), 0.0003170 secs] 12016K->11877K(12224K), 0.0006790 secs]
0.639: [GC 0.639: [DefNew: 556K->42K(576K), 0.0002480 secs]0.640: [Train: 11507K->11507K(11648K), 0.0002930 secs] 12047K->11805K(12224K), 0.0006490 secs]
0.640: [GC 0.640: [DefNew: 549K->58K(576K), 0.0002530 secs]0.640: [Train: 11526K->11526K(11648K), 0.0003000 secs] 12056K->11585K(12224K), 0.0006600 secs]
0.641: [GC 0.641: [DefNew: 561K->62K(576K), 0.0002880 secs]0.642: [Train: 11597K->11597K(11712K), 0.0002990 secs] 12088K->11659K(12288K), 0.0006950 secs]
0.642: [GC 0.642: [DefNew: 571K->62K(576K), 0.0004730 secs] 12169K->11762K(12352K), 0.0005750 secs]
0.643: [GC 0.643: [DefNew: 567K->62K(576K), 0.0002970 secs]0.644: [Train: 11777K->11777K(11904K), 0.0002690 secs] 12268K->11839K(12480K), 0.0006780 secs]
0.644: [GC 0.644: [DefNew: 564K->62K(576K), 0.0002890 secs]0.645: [Train: 11851K->11851K(11968K), 0.0002740 secs] 12342K->12169K(12544K), 0.0006740 secs]
0.645: [GC 0.645: [DefNew: 569K->45K(576K), 0.0002740 secs]0.646: [Train: 11905K->11905K(12032K), 0.0002710 secs] 12420K->12292K(12608K), 0.0006620 secs]
0.646: [GC 0.646: [DefNew: 556K->22K(576K), 0.0002660 secs]0.646: [Train: 11943K->11943K(12096K), 0.0003220 secs] 12462K->12350K(12672K), 0.0007010 secs]
0.647: [GC 0.647: [DefNew: 534K->52K(576K), 0.0002410 secs]0.647: [Train: 11943K->11943K(12096K), 0.0002630 secs] 12477K->12379K(12672K), 0.0006150 secs]
0.648: [GC 0.648: [DefNew: 560K->36K(576K), 0.0002540 secs]0.648: [Train: 11966K->11966K(12096K), 0.0002710 secs] 12503K->12386K(12672K), 0.0006340 secs]
0.648: [GC 0.649: [DefNew: 547K->45K(576K), 0.0002530 secs]0.649: [Train: 11985K->11985K(12096K), 0.0002580 secs] 12513K->12415K(12672K), 0.0006220 secs]
0.649: [GC 0.649: [DefNew: 553K->36K(576K), 0.0002560 secs]0.650: [Train: 12004K->12004K(12160K), 0.0002920 secs] 12539K->12424K(12736K), 0.0006580 secs]
0.650: [GC 0.650: [DefNew: 547K->45K(576K), 0.0002540 secs]0.650: [Train: 12023K->12023K(12160K), 0.0002760 secs] 12551K->12453K(12736K), 0.0006410 secs]
0.651: [GC 0.651: [DefNew: 553K->36K(576K), 0.0002510 secs]0.651: [Train: 12040K->12040K(12160K), 0.0002570 secs] 12577K->12417K(12736K), 0.0006190 secs]
0.652: [GC 0.652: [DefNew: 546K->49K(576K), 0.0002590 secs]0.652: [Train: 12061K->12061K(12224K), 0.0002860 secs] 12586K->12366K(12800K), 0.0006550 secs]
0.652: [GC 0.653: [DefNew: 559K->49K(576K), 0.0002700 secs]0.653: [Train: 12100K->12100K(12224K), 0.0002630 secs] 12620K->12149K(12800K), 0.0006440 secs]
0.654: [GC 0.654: [DefNew: 551K->62K(576K), 0.0002930 secs]0.654: [Train: 12161K->12161K(12288K), 0.0002880 secs] 12652K->12223K(12864K), 0.0006930 secs]
0.655: [GC 0.655: [DefNew: 564K->62K(576K), 0.0002850 secs] 12726K->12297K(12864K), 0.0003860 secs]
0.655: [GC 0.656: [DefNew: 564K->62K(576K), 0.0002940 secs]0.656: [Train: 12309K->12309K(12416K), 0.0002520 secs] 12799K->12371K(12992K), 0.0006610 secs]
0.657: [GC 0.657: [DefNew: 564K->62K(576K), 0.0002960 secs]0.657: [Train: 12384K->12384K(12544K), 0.0002510 secs] 12873K->12702K(13120K), 0.0006620 secs]
0.657: [GC 0.657: [DefNew: 569K->45K(576K), 0.0002730 secs]0.658: [Train: 12437K->12437K(12544K), 0.0002500 secs] 12954K->12824K(13120K), 0.0006360 secs]
0.658: [GC 0.658: [DefNew: 556K->22K(576K), 0.0002640 secs]0.659: [Train: 12474K->12474K(12608K), 0.0002770 secs] 12993K->12881K(13184K), 0.0006540 secs]
0.659: [GC 0.659: [DefNew: 534K->52K(576K), 0.0002440 secs]0.659: [Train: 12474K->12474K(12608K), 0.0002380 secs] 13009K->12911K(13184K), 0.0005960 secs]
0.660: [GC 0.660: [DefNew: 560K->36K(576K), 0.0002540 secs]0.660: [Train: 12497K->12497K(12608K), 0.0002670 secs] 13035K->12917K(13184K), 0.0006350 secs]
0.660: [GC 0.661: [DefNew: 547K->45K(576K), 0.0002600 secs]0.661: [Train: 12519K->12519K(12672K), 0.0002560 secs] 13045K->12949K(13248K), 0.0006300 secs]
0.661: [GC 0.661: [DefNew: 553K->36K(576K), 0.0002520 secs]0.662: [Train: 12535K->12535K(12672K), 0.0002630 secs] 13073K->12955K(13248K), 0.0006300 secs]
0.662: [GC 0.662: [DefNew: 547K->45K(576K), 0.0002550 secs]0.662: [Train: 12555K->12555K(12672K), 0.0002560 secs] 13082K->12942K(13248K), 0.0006260 secs]
0.663: [GC 0.663: [DefNew: 556K->42K(576K), 0.0002600 secs]0.663: [Train: 12573K->12573K(12736K), 0.0002570 secs] 13112K->12872K(13312K), 0.0006330 secs]
0.664: [GC 0.664: [DefNew: 549K->58K(576K), 0.0002570 secs]0.664: [Train: 12593K->12593K(12736K), 0.0002460 secs] 13123K->12652K(13312K), 0.0006180 secs]
0.665: [GC 0.665: [DefNew: 561K->62K(576K), 0.0002860 secs]0.665: [Train: 12663K->12663K(12800K), 0.0002720 secs] 13154K->12725K(13376K), 0.0006740 secs]
0.666: [GC 0.666: [DefNew: 564K->62K(576K), 0.0002860 secs] 13228K->12799K(13376K), 0.0003910 secs]
0.667: [GC 0.667: [DefNew: 564K->62K(576K), 0.0002990 secs]0.667: [Train: 12811K->12811K(12928K), 0.0002690 secs] 13302K->12873K(13504K), 0.0006850 secs]
0.668: [GC 0.668: [DefNew: 564K->62K(576K), 0.0002880 secs]0.668: [Train: 12885K->12885K(12992K), 0.0002690 secs] 13375K->13203K(13568K), 0.0006750 secs]
0.669: [GC 0.669: [DefNew: 569K->36K(576K), 0.0002790 secs]0.669: [Train: 12949K->12949K(13056K), 0.0002810 secs] 13454K->13326K(13632K), 0.0006760 secs]
0.669: [GC 0.670: [DefNew: 546K->32K(576K), 0.0002740 secs]0.670: [Train: 12986K->12986K(13120K), 0.0002730 secs] 13496K->13403K(13696K), 0.0006660 secs]
0.670: [GC 0.670: [DefNew: 543K->19K(576K), 0.0002550 secs]0.671: [Train: 13009K->13009K(13120K), 0.0002710 secs] 13530K->13413K(13696K), 0.0006440 secs]
0.671: [GC 0.671: [DefNew: 530K->49K(576K), 0.0002490 secs]0.671: [Train: 13009K->12996K(13120K), 0.0002300 secs] 13540K->13429K(13696K), 0.0005950 secs]
0.672: [GC 0.672: [DefNew: 557K->36K(576K), 0.0002610 secs]0.672: [Train: 13018K->13018K(13184K), 0.0002540 secs] 13553K->13438K(13760K), 0.0006330 secs]
0.673: [GC 0.673: [DefNew: 547K->45K(576K), 0.0002580 secs]0.673: [Train: 13037K->13037K(13184K), 0.0002320 secs] 13565K->13467K(13760K), 0.0006100 secs]
0.673: [GC 0.673: [DefNew: 553K->36K(576K), 0.0002550 secs]0.674: [Train: 13054K->13054K(13184K), 0.0002370 secs] 13591K->13431K(13760K), 0.0006260 secs]
0.674: [GC 0.674: [DefNew: 546K->49K(576K), 0.0002580 secs]0.674: [Train: 13073K->13073K(13184K), 0.0002460 secs] 13601K->13378K(13760K), 0.0006220 secs]
0.675: [GC 0.675: [DefNew: 559K->49K(576K), 0.0002730 secs]0.675: [Train: 13114K->13114K(13248K), 0.0002500 secs] 13633K->13163K(13824K), 0.0006440 secs]
0.676: [GC 0.676: [DefNew: 551K->62K(576K), 0.0002830 secs]0.676: [Train: 13175K->13175K(13312K), 0.0002480 secs] 13666K->13237K(13888K), 0.0006510 secs]
0.677: [GC 0.677: [DefNew: 564K->62K(576K), 0.0002910 secs] 13740K->13311K(13888K), 0.0004000 secs]
0.678: [GC 0.678: [DefNew: 564K->62K(576K), 0.0003110 secs]0.678: [Train: 13323K->13323K(13440K), 0.0002650 secs] 13814K->13385K(14016K), 0.0006960 secs]
0.679: [GC 0.679: [DefNew: 564K->62K(576K), 0.0002920 secs]0.679: [Train: 13397K->13397K(13504K), 0.0002540 secs] 13887K->13715K(14080K), 0.0006680 secs]
0.680: [GC 0.680: [DefNew: 569K->45K(576K), 0.0002790 secs]0.680: [Train: 13451K->13451K(13568K), 0.0002720 secs] 13966K->13838K(14144K), 0.0006720 secs]
0.681: [GC 0.681: [DefNew: 556K->22K(576K), 0.0002690 secs]0.681: [Train: 13489K->13489K(13632K), 0.0002490 secs] 14008K->13896K(14208K), 0.0006390 secs]
0.682: [GC 0.682: [DefNew: 534K->52K(576K), 0.0002580 secs]0.682: [Train: 13489K->13489K(13632K), 0.0002300 secs] 14023K->13925K(14208K), 0.0006090 secs]
0.682: [GC 0.682: [DefNew: 560K->36K(576K), 0.0002630 secs]0.683: [Train: 13512K->13512K(13632K), 0.0002540 secs] 14049K->13932K(14208K), 0.0006390 secs]
0.683: [GC 0.683: [DefNew: 547K->45K(576K), 0.0002660 secs]0.683: [Train: 13533K->13533K(13696K), 0.0002540 secs] 14059K->13963K(14272K), 0.0006420 secs]
0.684: [GC 0.684: [DefNew: 553K->36K(576K), 0.0002590 secs]0.684: [Train: 13549K->13549K(13696K), 0.0002400 secs] 14087K->13969K(14272K), 0.0006210 secs]
0.685: [GC 0.685: [DefNew: 547K->45K(576K), 0.0002630 secs]0.685: [Train: 13569K->13569K(13696K), 0.0002670 secs] 14097K->13999K(14272K), 0.0006570 secs]
0.685: [GC 0.685: [DefNew: 553K->36K(576K), 0.0002760 secs]0.686: [Train: 13585K->13585K(13696K), 0.0002450 secs] 14123K->13963K(14272K), 0.0006460 secs]
0.686: [GC 0.686: [DefNew: 546K->49K(576K), 0.0002680 secs]0.687: [Train: 13607K->13607K(13760K), 0.0002600 secs] 14132K->13912K(14336K), 0.0006520 secs]
0.687: [GC 0.687: [DefNew: 559K->49K(576K), 0.0002710 secs]0.687: [Train: 13646K->13646K(13760K), 0.0002470 secs] 14166K->13695K(14336K), 0.0006420 secs]
0.688: [GC 0.688: [DefNew: 551K->62K(576K), 0.0002880 secs]0.689: [Train: 13707K->13707K(13824K), 0.0002730 secs] 14198K->13769K(14400K), 0.0006820 secs]
0.689: [GC 0.689: [DefNew: 564K->62K(576K), 0.0002960 secs] 14271K->13843K(14400K), 0.0004080 secs]
0.690: [GC 0.690: [DefNew: 564K->62K(576K), 0.0003230 secs]0.690: [Train: 13856K->13856K(14016K), 0.0002540 secs] 14345K->13918K(14592K), 0.0007010 secs]
0.691: [GC 0.691: [DefNew: 564K->62K(576K), 0.0002960 secs]0.692: [Train: 13930K->13930K(14080K), 0.0002760 secs] 14421K->14248K(14656K), 0.0006960 secs]
0.692: [GC 0.692: [DefNew: 569K->45K(576K), 0.0002850 secs]0.692: [Train: 13984K->13984K(14144K), 0.0002680 secs] 14499K->14371K(14720K), 0.0006790 secs]
0.693: [GC 0.693: [DefNew: 556K->22K(576K), 0.0002690 secs]0.693: [Train: 14020K->14020K(14144K), 0.0002640 secs] 14541K->14427K(14720K), 0.0006580 secs]
0.694: [GC 0.694: [DefNew: 534K->52K(576K), 0.0002560 secs]0.694: [Train: 14020K->14020K(14144K), 0.0002580 secs] 14554K->14457K(14720K), 0.0006400 secs]
0.695: [GC 0.695: [DefNew: 560K->36K(576K), 0.0002790 secs]0.695: [Train: 14045K->14045K(14208K), 0.0002620 secs] 14581K->14465K(14784K), 0.0006680 secs]
0.695: [GC 0.695: [DefNew: 547K->45K(576K), 0.0002690 secs]0.696: [Train: 14065K->14065K(14208K), 0.0002540 secs] 14592K->14494K(14784K), 0.0006500 secs]
0.696: [GC 0.696: [DefNew: 553K->36K(576K), 0.0002650 secs]0.696: [Train: 14081K->14081K(14208K), 0.0002700 secs] 14618K->14501K(14784K), 0.0006590 secs]
0.697: [GC 0.697: [DefNew: 547K->45K(576K), 0.0002730 secs]0.697: [Train: 14101K->14101K(14208K), 0.0002450 secs] 14628K->14488K(14784K), 0.0006430 secs]
0.698: [GC 0.698: [DefNew: 556K->42K(576K), 0.0002720 secs]0.698: [Train: 14119K->14119K(14272K), 0.0002590 secs] 14657K->14417K(14848K), 0.0006570 secs]
0.699: [GC 0.699: [DefNew: 549K->58K(576K), 0.0002700 secs]0.699: [Train: 14138K->14138K(14272K), 0.0002490 secs] 14669K->14197K(14848K), 0.0006450 secs]
0.700: [GC 0.700: [DefNew: 561K->62K(576K), 0.0003090 secs]0.700: [Train: 14209K->14209K(14336K), 0.0002570 secs] 14700K->14271K(14912K), 0.0006920 secs]
0.701: [GC 0.701: [DefNew: 564K->62K(576K), 0.0003080 secs] 14774K->14345K(14912K), 0.0004230 secs]
0.702: [GC 0.702: [DefNew: 564K->62K(576K), 0.0003230 secs]0.702: [Train: 14357K->14357K(14464K), 0.0002550 secs] 14847K->14419K(15040K), 0.0007320 secs]
0.703: [GC 0.703: [DefNew: 564K->62K(576K), 0.0020190 secs]0.705: [Train: 14432K->14432K(14592K), 0.0002580 secs] 14921K->14750K(15168K), 0.0024110 secs]
0.705: [GC 0.706: [DefNew: 569K->36K(576K), 0.0017540 secs]0.707: [Train: 14496K->14496K(14656K), 0.0002850 secs] 15002K->14874K(15232K), 0.0021770 secs]
0.708: [GC 0.708: [DefNew: 546K->32K(576K), 0.0002830 secs]0.708: [Train: 14532K->14532K(14656K), 0.0002410 secs] 15043K->14949K(15232K), 0.0006520 secs]
0.709: [GC 0.709: [DefNew: 543K->19K(576K), 0.0002790 secs]0.709: [Train: 14557K->14557K(14720K), 0.0002460 secs] 15076K->14961K(15296K), 0.0006520 secs]
0.709: [GC 0.709: [DefNew: 530K->49K(576K), 0.0002790 secs]0.710: [Train: 14557K->14557K(14720K), 0.0002640 secs] 15088K->14990K(15296K), 0.0006730 secs]
0.710: [GC 0.710: [DefNew: 557K->36K(576K), 0.0002710 secs]0.711: [Train: 14577K->14577K(14720K), 0.0002540 secs] 15114K->14997K(15296K), 0.0006530 secs]
0.711: [GC 0.711: [DefNew: 547K->45K(576K), 0.0002720 secs]0.711: [Train: 14596K->14596K(14720K), 0.0002450 secs] 15124K->15026K(15296K), 0.0006450 secs]
0.712: [GC 0.712: [DefNew: 553K->36K(576K), 0.0002690 secs]0.712: [Train: 14613K->14613K(14720K), 0.0002470 secs] 15150K->14990K(15296K), 0.0006510 secs]
0.713: [GC 0.713: [DefNew: 546K->49K(576K), 0.0002770 secs]0.713: [Train: 14634K->14634K(14784K), 0.0002740 secs] 15160K->14939K(15360K), 0.0006800 secs]
0.714: [GC 0.714: [DefNew: 559K->49K(576K), 0.0002900 secs]0.714: [Train: 14673K->14673K(14784K), 0.0002470 secs] 15194K->14722K(15360K), 0.0006730 secs]
0.715: [GC 0.715: [DefNew: 551K->62K(576K), 0.0003060 secs]0.715: [Train: 14734K->14734K(14848K), 0.0002720 secs] 15225K->14796K(15424K), 0.0007080 secs]
0.716: [GC 0.716: [DefNew: 564K->62K(576K), 0.0003120 secs] 15299K->14872K(15488K), 0.0004310 secs]
0.717: [GC 0.717: [DefNew: 564K->62K(576K), 0.0003110 secs]0.717: [Train: 14884K->14884K(15040K), 0.0002440 secs] 15374K->14946K(15616K), 0.0006880 secs]
0.718: [GC 0.718: [DefNew: 564K->62K(576K), 0.0003080 secs]0.718: [Train: 14957K->14957K(15104K), 0.0002480 secs] 15448K->15275K(15680K), 0.0006900 secs]
0.719: [GC 0.719: [DefNew: 569K->45K(576K), 0.0002930 secs]0.719: [Train: 15012K->15012K(15168K), 0.0002420 secs] 15527K->15399K(15744K), 0.0006670 secs]
0.720: [GC 0.720: [DefNew: 556K->22K(576K), 0.0002800 secs]0.720: [Train: 15048K->15048K(15168K), 0.0002510 secs] 15568K->15454K(15744K), 0.0006630 secs]
0.720: [GC 0.720: [DefNew: 534K->52K(576K), 0.0002630 secs]0.721: [Train: 15048K->15048K(15168K), 0.0002390 secs] 15582K->15484K(15744K), 0.0006330 secs]
0.721: [GC 0.721: [DefNew: 560K->36K(576K), 0.0002780 secs]0.721: [Train: 15072K->15072K(15232K), 0.0002840 secs] 15608K->15492K(15808K), 0.0006940 secs]
0.722: [GC 0.722: [DefNew: 547K->45K(576K), 0.0002730 secs]0.722: [Train: 15092K->15092K(15232K), 0.0002300 secs] 15619K->15522K(15808K), 0.0006350 secs]
0.723: [GC 0.723: [DefNew: 553K->36K(576K), 0.0002710 secs]0.723: [Train: 15108K->15108K(15232K), 0.0002280 secs] 15646K->15528K(15808K), 0.0006310 secs]
0.723: [GC 0.724: [DefNew: 547K->45K(576K), 0.0002790 secs]0.724: [Train: 15130K->15130K(15296K), 0.0002510 secs] 15655K->15517K(15872K), 0.0006610 secs]
0.724: [GC 0.724: [DefNew: 556K->42K(576K), 0.0002720 secs]0.725: [Train: 15146K->15146K(15296K), 0.0002330 secs] 15686K->15445K(15872K), 0.0006370 secs]
0.725: [GC 0.725: [DefNew: 549K->58K(576K), 0.0002750 secs]0.726: [Train: 15166K->15166K(15296K), 0.0002570 secs] 15696K->15225K(15872K), 0.0006650 secs]
0.726: [GC 0.726: [DefNew: 561K->62K(576K), 0.0003020 secs]0.727: [Train: 15236K->15236K(15360K), 0.0002420 secs] 15727K->15298K(15936K), 0.0006790 secs]
0.727: [GC 0.727: [DefNew: 564K->62K(576K), 0.0003050 secs] 15801K->15372K(15936K), 0.0004280 secs]
0.728: [GC 0.728: [DefNew: 564K->62K(576K), 0.0003300 secs]0.729: [Train: 15386K->15386K(15552K), 0.0002680 secs] 15875K->15448K(16128K), 0.0007340 secs]
0.729: [GC 0.729: [DefNew: 564K->62K(576K), 0.0003160 secs]0.730: [Train: 15460K->15460K(15616K), 0.0002550 secs] 15950K->15778K(16192K), 0.0007050 secs]
0.730: [GC 0.730: [DefNew: 569K->36K(576K), 0.0002990 secs]0.731: [Train: 15524K->15524K(15680K), 0.0002680 secs] 16029K->15901K(16256K), 0.0007020 secs]
0.731: [GC 0.731: [DefNew: 546K->32K(576K), 0.0002820 secs]0.732: [Train: 15560K->15560K(15680K), 0.0002470 secs] 16070K->15976K(16256K), 0.0006640 secs]
0.732: [GC 0.732: [DefNew: 543K->19K(576K), 0.0002790 secs]0.732: [Train: 15584K->15584K(15744K), 0.0002530 secs] 16103K->15988K(16320K), 0.0006690 secs]
0.733: [GC 0.733: [DefNew: 530K->49K(576K), 0.0002660 secs]0.733: [Train: 15584K->15584K(15744K), 0.0002410 secs] 16115K->16017K(16320K), 0.0006430 secs]
0.733: [GC 0.734: [DefNew: 557K->36K(576K), 0.0002890 secs]0.734: [Train: 15604K->15604K(15744K), 0.0002450 secs] 16141K->16024K(16320K), 0.0006700 secs]
0.734: [GC 0.734: [DefNew: 547K->45K(576K), 0.0002770 secs]0.735: [Train: 15624K->15624K(15744K), 0.0002580 secs] 16151K->16053K(16320K), 0.0006710 secs]
0.735: [GC 0.735: [DefNew: 553K->36K(576K), 0.0002790 secs]0.735: [Train: 15642K->15642K(15808K), 0.0002680 secs] 16177K->16019K(16384K), 0.0006840 secs]
0.736: [GC 0.736: [DefNew: 546K->49K(576K), 0.0002770 secs]0.736: [Train: 15661K->15661K(15808K), 0.0002540 secs] 16189K->15966K(16384K), 0.0006690 secs]
0.737: [GC 0.737: [DefNew: 559K->49K(576K), 0.0002860 secs]0.737: [Train: 15701K->15701K(15808K), 0.0002580 secs] 16221K->15750K(16384K), 0.0006810 secs]
0.738: [GC 0.738: [DefNew: 551K->62K(576K), 0.0003030 secs]0.738: [Train: 15761K->15761K(15872K), 0.0002600 secs] 16252K->15823K(16448K), 0.0007020 secs]
0.739: [GC 0.739: [DefNew: 564K->62K(576K), 0.0003200 secs] 16326K->15899K(16512K), 0.0004470 secs]
0.740: [GC 0.740: [DefNew: 564K->62K(576K), 0.0003300 secs]0.740: [Train: 15911K->15911K(16064K), 0.0002560 secs] 16402K->15973K(16640K), 0.0007250 secs]
0.741: [GC 0.741: [DefNew: 564K->62K(576K), 0.0003110 secs]0.741: [Train: 15985K->15985K(16128K), 0.0002730 secs] 16475K->16303K(16704K), 0.0007230 secs]
0.742: [GC 0.742: [DefNew: 569K->45K(576K), 0.0003000 secs]0.742: [Train: 16039K->16039K(16192K), 0.0002440 secs] 16554K->16426K(16768K), 0.0006830 secs]
0.743: [GC 0.743: [DefNew: 556K->22K(576K), 0.0002840 secs]0.743: [Train: 16075K->16075K(16192K), 0.0002550 secs] 16596K->16482K(16768K), 0.0006780 secs]
0.744: [GC 0.744: [DefNew: 534K->52K(576K), 0.0002700 secs]0.744: [Train: 16075K->16075K(16192K), 0.0002500 secs] 16609K->16511K(16768K), 0.0006590 secs]
0.744: [GC 0.745: [DefNew: 560K->36K(576K), 0.0002850 secs]0.745: [Train: 16100K->16100K(16256K), 0.0002530 secs] 16635K->16520K(16832K), 0.0006770 secs]
0.745: [GC 0.745: [DefNew: 547K->45K(576K), 0.0002930 secs]0.746: [Train: 16119K->16119K(16256K), 0.0002720 secs] 16647K->16549K(16832K), 0.0007070 secs]
0.746: [GC 0.746: [DefNew: 553K->36K(576K), 0.0002770 secs]0.747: [Train: 16136K->16136K(16256K), 0.0002390 secs] 16673K->16556K(16832K), 0.0006570 secs]
0.747: [GC 0.747: [DefNew: 547K->45K(576K), 0.0002850 secs]0.747: [Train: 16157K->16157K(16320K), 0.0002580 secs] 16683K->16544K(16896K), 0.0006830 secs]
0.748: [GC 0.748: [DefNew: 556K->42K(576K), 0.0002790 secs]0.748: [Train: 16173K->16173K(16320K), 0.0002470 secs] 16714K->16472K(16896K), 0.0006670 secs]
0.749: [GC 0.749: [DefNew: 549K->58K(576K), 0.0002830 secs]0.749: [Train: 16193K->16193K(16320K), 0.0002490 secs] 16723K->16252K(16896K), 0.0006740 secs]
0.750: [GC 0.750: [DefNew: 561K->62K(576K), 0.0003160 secs]0.750: [Train: 16264K->16264K(16384K), 0.0002760 secs] 16754K->16326K(16960K), 0.0007350 secs]
0.751: [GC 0.751: [DefNew: 564K->62K(576K), 0.0003120 secs] 16828K->16400K(16960K), 0.0004410 secs]
0.752: [GC 0.752: [DefNew: 564K->62K(576K), 0.0003450 secs]0.752: [Train: 16413K->16413K(16576K), 0.0002610 secs] 16902K->16475K(17152K), 0.0007460 secs]
0.753: [GC 0.753: [DefNew: 564K->62K(576K), 0.0003160 secs]0.753: [Train: 16487K->16487K(16640K), 0.0002680 secs] 16978K->16805K(17216K), 0.0007330 secs]
0.754: [GC 0.754: [DefNew: 569K->36K(576K), 0.0003070 secs]0.754: [Train: 16551K->16551K(16704K), 0.0002620 secs] 17056K->16928K(17280K), 0.0007130 secs]
0.755: [GC 0.755: [DefNew: 546K->32K(576K), 0.0002900 secs]0.755: [Train: 16587K->16587K(16704K), 0.0002510 secs] 17098K->17003K(17280K), 0.0006840 secs]
0.756: [GC 0.756: [DefNew: 543K->19K(576K), 0.0002860 secs]0.756: [Train: 16612K->16612K(16768K), 0.0002440 secs] 17131K->17015K(17344K), 0.0006740 secs]
0.756: [GC 0.757: [DefNew: 530K->49K(576K), 0.0002740 secs]0.757: [Train: 16612K->16612K(16768K), 0.0002460 secs] 17142K->17045K(17344K), 0.0006640 secs]
0.757: [GC 0.757: [DefNew: 557K->36K(576K), 0.0002850 secs]0.758: [Train: 16631K->16631K(16768K), 0.0002640 secs] 17169K->17051K(17344K), 0.0006930 secs]
0.758: [GC 0.758: [DefNew: 547K->45K(576K), 0.0002850 secs]0.758: [Train: 16651K->16651K(16768K), 0.0002420 secs] 17178K->17081K(17344K), 0.0006700 secs]
0.759: [GC 0.759: [DefNew: 553K->36K(576K), 0.0002860 secs]0.759: [Train: 16669K->16669K(16832K), 0.0002480 secs] 17205K->17046K(17408K), 0.0006770 secs]
0.760: [GC 0.760: [DefNew: 546K->49K(576K), 0.0002850 secs]0.760: [Train: 16689K->16689K(16832K), 0.0002530 secs] 17216K->16994K(17408K), 0.0006810 secs]
0.761: [GC 0.761: [DefNew: 559K->49K(576K), 0.0002990 secs]0.761: [Train: 16730K->16730K(16896K), 0.0002670 secs] 17248K->16779K(17472K), 0.0007100 secs]
0.762: [GC 0.762: [DefNew: 551K->62K(576K), 0.0003070 secs]0.762: [Train: 16789K->16789K(16896K), 0.0002500 secs] 17281K->16851K(17472K), 0.0007070 secs]
0.763: [GC 0.763: [DefNew: 564K->62K(576K), 0.0003300 secs] 17353K->16926K(17536K), 0.0004630 secs]
0.764: [GC 0.764: [DefNew: 564K->62K(576K), 0.0003350 secs]0.764: [Train: 16938K->16938K(17088K), 0.0002650 secs] 17429K->17000K(17664K), 0.0007460 secs]
0.765: [GC 0.765: [DefNew: 564K->62K(576K), 0.0003190 secs]0.765: [Train: 17012K->17012K(17152K), 0.0002580 secs] 17503K->17330K(17728K), 0.0007250 secs]
0.766: [GC 0.766: [DefNew: 569K->45K(576K), 0.0003070 secs]0.766: [Train: 17066K->17066K(17216K), 0.0002600 secs] 17581K->17453K(17792K), 0.0007150 secs]
0.767: [GC 0.767: [DefNew: 556K->22K(576K), 0.0002910 secs]0.767: [Train: 17102K->17102K(17216K), 0.0002490 secs] 17623K->17509K(17792K), 0.0006890 secs]
0.768: [GC 0.768: [DefNew: 534K->52K(576K), 0.0002770 secs]0.768: [Train: 17102K->17102K(17216K), 0.0002460 secs] 17636K->17538K(17792K), 0.0006690 secs]
0.768: [GC 0.768: [DefNew: 560K->36K(576K), 0.0002940 secs]0.769: [Train: 17127K->17127K(17280K), 0.0002530 secs] 17662K->17547K(17856K), 0.0006930 secs]
0.769: [GC 0.769: [DefNew: 547K->45K(576K), 0.0002930 secs]0.770: [Train: 17146K->17146K(17280K), 0.0002940 secs] 17674K->17576K(17856K), 0.0007330 secs]
0.770: [GC 0.770: [DefNew: 553K->36K(576K), 0.0002850 secs]0.770: [Train: 17163K->17163K(17280K), 0.0002570 secs] 17700K->17583K(17856K), 0.0006870 secs]
0.771: [GC 0.771: [DefNew: 547K->45K(576K), 0.0002920 secs]0.771: [Train: 17184K->17184K(17344K), 0.0002570 secs] 17710K->17571K(17920K), 0.0006960 secs]
0.772: [GC 0.772: [DefNew: 556K->42K(576K), 0.0002860 secs]0.772: [Train: 17201K->17201K(17344K), 0.0002480 secs] 17741K->17499K(17920K), 0.0006800 secs]
0.773: [GC 0.773: [DefNew: 549K->58K(576K), 0.0002890 secs]0.773: [Train: 17220K->17220K(17344K), 0.0002510 secs] 17750K->17279K(17920K), 0.0006870 secs]
0.774: [GC 0.774: [DefNew: 561K->62K(576K), 0.0003190 secs]0.774: [Train: 17291K->17291K(17408K), 0.0002800 secs] 17782K->17353K(17984K), 0.0007480 secs]
0.775: [GC 0.775: [DefNew: 564K->62K(576K), 0.0003210 secs] 17855K->17427K(17984K), 0.0004580 secs]
0.776: [GC 0.776: [DefNew: 564K->62K(576K), 0.0003460 secs]0.776: [Train: 17440K->17440K(17600K), 0.0002710 secs] 17929K->17502K(18176K), 0.0007660 secs]
0.777: [GC 0.777: [DefNew: 572K->63K(576K), 0.0003550 secs]0.777: [Train: 17540K->17540K(17664K), 0.0004150 secs] 18012K->17859K(18240K), 0.0009260 secs]
0.778: [GC 0.778: [DefNew: 570K->36K(576K), 0.0005560 secs]0.779: [Train: 17621K->17621K(17728K), 0.0002910 secs] 18110K->17998K(18304K), 0.0009990 secs]
0.779: [GC 0.779: [DefNew: 546K->32K(576K), 0.0003020 secs]0.780: [Train: 17658K->17658K(17792K), 0.0002850 secs] 18168K->18075K(18368K), 0.0007390 secs]
0.780: [GC 0.780: [DefNew: 543K->19K(576K), 0.0002900 secs]0.781: [Train: 17681K->17681K(17792K), 0.0002720 secs] 18202K->18085K(18368K), 0.0007140 secs]
0.781: [GC 0.781: [DefNew: 530K->49K(576K), 0.0002820 secs]0.781: [Train: 17681K->17681K(17792K), 0.0002850 secs] 18212K->18114K(18368K), 0.0007180 secs]
0.782: [GC 0.782: [DefNew: 557K->36K(576K), 0.0002960 secs]0.782: [Train: 17703K->17703K(17856K), 0.0002630 secs] 18238K->18123K(18432K), 0.0007110 secs]
0.783: [GC 0.783: [DefNew: 547K->45K(576K), 0.0002920 secs]0.783: [Train: 17722K->17722K(17856K), 0.0002460 secs] 18250K->18152K(18432K), 0.0006890 secs]
0.784: [GC 0.784: [DefNew: 553K->36K(576K), 0.0002880 secs]0.784: [Train: 17739K->17739K(17856K), 0.0002670 secs] 18276K->18159K(18432K), 0.0007080 secs]
0.784: [GC 0.785: [DefNew: 547K->45K(576K), 0.0002970 secs]0.785: [Train: 17760K->17760K(17920K), 0.0002660 secs] 18286K->18147K(18496K), 0.0007150 secs]
0.785: [GC 0.785: [DefNew: 556K->42K(576K), 0.0002960 secs]0.786: [Train: 17777K->17777K(17920K), 0.0002730 secs] 18317K->18075K(18496K), 0.0007230 secs]
0.786: [GC 0.786: [DefNew: 549K->58K(576K), 0.0002950 secs]0.787: [Train: 17796K->17796K(17920K), 0.0002660 secs] 18326K->17855K(18496K), 0.0007140 secs]
0.787: [GC 0.787: [DefNew: 561K->62K(576K), 0.0003240 secs]0.788: [Train: 17867K->17867K(17984K), 0.0003160 secs] 18358K->17929K(18560K), 0.0008010 secs]
0.789: [GC 0.789: [DefNew: 564K->62K(576K), 0.0003280 secs] 18431K->18003K(18560K), 0.0004690 secs]
0.789: [GC 0.790: [DefNew: 564K->62K(576K), 0.0003880 secs]0.790: [Train: 18016K->18016K(18176K), 0.0003130 secs] 18505K->18078K(18752K), 0.0009410 secs]
0.791: [GC 0.791: [DefNew: 564K->62K(576K), 0.0003290 secs]0.791: [Train: 18090K->18090K(18240K), 0.0002860 secs] 18581K->18408K(18816K), 0.0007690 secs]
0.792: [GC 0.792: [DefNew: 569K->36K(576K), 0.0003180 secs]0.792: [Train: 18154K->18154K(18304K), 0.0002960 secs] 18659K->18531K(18880K), 0.0007690 secs]
0.793: [GC 0.793: [DefNew: 546K->32K(576K), 0.0003000 secs]0.793: [Train: 18190K->18190K(18304K), 0.0002900 secs] 18701K->18607K(18880K), 0.0007450 secs]
0.794: [GC 0.794: [DefNew: 543K->19K(576K), 0.0003000 secs]0.794: [Train: 18215K->18215K(18368K), 0.0002880 secs] 18734K->18618K(18944K), 0.0007440 secs]
0.795: [GC 0.795: [DefNew: 530K->49K(576K), 0.0002850 secs]0.795: [Train: 18215K->18215K(18368K), 0.0002590 secs] 18746K->18648K(18944K), 0.0006990 secs]
0.795: [GC 0.796: [DefNew: 557K->36K(576K), 0.0002940 secs]0.796: [Train: 18234K->18234K(18368K), 0.0002580 secs] 18772K->18654K(18944K), 0.0007070 secs]
0.796: [GC 0.796: [DefNew: 547K->45K(576K), 0.0002940 secs]0.797: [Train: 18254K->18254K(18368K), 0.0002810 secs] 18782K->18684K(18944K), 0.0007310 secs]
0.797: [GC 0.797: [DefNew: 553K->36K(576K), 0.0002970 secs]0.798: [Train: 18272K->18272K(18432K), 0.0002930 secs] 18808K->18650K(19008K), 0.0007470 secs]
0.798: [GC 0.798: [DefNew: 546K->49K(576K), 0.0002960 secs]0.798: [Train: 18292K->18292K(18432K), 0.0002750 secs] 18819K->18597K(19008K), 0.0007260 secs]
0.799: [GC 0.799: [DefNew: 559K->49K(576K), 0.0003100 secs]0.799: [Train: 18333K->18333K(18496K), 0.0002800 secs] 18851K->18382K(19072K), 0.0007450 secs]
0.800: [GC 0.800: [DefNew: 551K->62K(576K), 0.0003280 secs]0.801: [Train: 18394K->18394K(18560K), 0.0002700 secs] 18884K->18456K(19136K), 0.0007540 secs]
0.801: [GC 0.801: [DefNew: 564K->62K(576K), 0.0003410 secs] 18958K->18530K(19136K), 0.0004850 secs]
0.802: [GC 0.802: [DefNew: 564K->62K(576K), 0.0003710 secs]0.803: [Train: 18541K->18541K(18688K), 0.0003130 secs] 19032K->18603K(19264K), 0.0008420 secs]
0.803: [GC 0.804: [DefNew: 564K->62K(576K), 0.0003350 secs]0.804: [Train: 18615K->18615K(18752K), 0.0002880 secs] 19106K->18933K(19328K), 0.0007800 secs]
0.804: [GC 0.805: [DefNew: 569K->45K(576K), 0.0003180 secs]0.805: [Train: 18669K->18669K(18816K), 0.0002780 secs] 19185K->19056K(19392K), 0.0007540 secs]
0.805: [GC 0.806: [DefNew: 556K->22K(576K), 0.0003370 secs]0.806: [Train: 18705K->18705K(18816K), 0.0003030 secs] 19226K->19112K(19392K), 0.0008000 secs]
0.806: [GC 0.806: [DefNew: 534K->52K(576K), 0.0002910 secs]0.807: [Train: 18705K->18705K(18816K), 0.0003360 secs] 19239K->19142K(19392K), 0.0007840 secs]
0.807: [GC 0.807: [DefNew: 560K->36K(576K), 0.0003250 secs]0.808: [Train: 18730K->18730K(18880K), 0.0003380 secs] 19266K->19150K(19456K), 0.0008220 secs]
0.808: [GC 0.808: [DefNew: 547K->45K(576K), 0.0003060 secs]0.809: [Train: 18750K->18750K(18880K), 0.0002990 secs] 19277K->19179K(19456K), 0.0007610 secs]
0.809: [GC 0.809: [DefNew: 553K->36K(576K), 0.0003050 secs]0.810: [Train: 18766K->18766K(18880K), 0.0003110 secs] 19303K->19186K(19456K), 0.0007740 secs]
0.810: [GC 0.810: [DefNew: 547K->45K(576K), 0.0003140 secs]0.810: [Train: 18788K->18788K(18944K), 0.0002990 secs] 19313K->19175K(19520K), 0.0007710 secs]
0.811: [GC 0.811: [DefNew: 556K->42K(576K), 0.0003060 secs]0.811: [Train: 18804K->18804K(18944K), 0.0002880 secs] 19344K->19102K(19520K), 0.0007520 secs]
0.812: [GC 0.812: [DefNew: 549K->58K(576K), 0.0003110 secs]0.812: [Train: 18824K->18824K(18944K), 0.0002740 secs] 19354K->18882K(19520K), 0.0007430 secs]
0.813: [GC 0.813: [DefNew: 561K->62K(576K), 0.0003460 secs]0.814: [Train: 18894K->18894K(19008K), 0.0003040 secs] 19385K->18956K(19584K), 0.0008090 secs]
0.814: [GC 0.815: [DefNew: 564K->62K(576K), 0.0003640 secs] 19459K->19032K(19648K), 0.0005120 secs]
0.815: [GC 0.815: [DefNew: 564K->62K(576K), 0.0003600 secs]0.816: [Train: 19044K->19044K(19200K), 0.0003190 secs] 19534K->19106K(19776K), 0.0008510 secs]
0.817: [GC 0.817: [DefNew: 564K->62K(576K), 0.0003490 secs]0.817: [Train: 19117K->19117K(19264K), 0.0002850 secs] 19608K->19436K(19840K), 0.0007970 secs]
0.818: [GC 0.818: [DefNew: 569K->36K(576K), 0.0003370 secs]0.818: [Train: 19181K->19181K(19328K), 0.0002830 secs] 19687K->19559K(19904K), 0.0008080 secs]
0.819: [GC 0.819: [DefNew: 546K->32K(576K), 0.0003120 secs]0.819: [Train: 19217K->19217K(19328K), 0.0002830 secs] 19728K->19634K(19904K), 0.0007560 secs]
0.819: [GC 0.820: [DefNew: 543K->19K(576K), 0.0003080 secs]0.820: [Train: 19242K->19242K(19392K), 0.0002650 secs] 19761K->19646K(19968K), 0.0007330 secs]
0.820: [GC 0.820: [DefNew: 530K->49K(576K), 0.0002920 secs]0.821: [Train: 19242K->19242K(19392K), 0.0002710 secs] 19773K->19675K(19968K), 0.0007230 secs]
0.821: [GC 0.821: [DefNew: 557K->36K(576K), 0.0003040 secs]0.822: [Train: 19262K->19262K(19392K), 0.0002640 secs] 19799K->19682K(19968K), 0.0007350 secs]
0.822: [GC 0.822: [DefNew: 547K->45K(576K), 0.0003050 secs]0.823: [Train: 19281K->19281K(19392K), 0.0002620 secs] 19809K->19711K(19968K), 0.0007290 secs]
0.823: [GC 0.823: [DefNew: 553K->36K(576K), 0.0003080 secs]0.823: [Train: 19300K->19300K(19456K), 0.0002630 secs] 19835K->19677K(20032K), 0.0007320 secs]
0.824: [GC 0.824: [DefNew: 546K->49K(576K), 0.0003060 secs]0.824: [Train: 19319K->19319K(19456K), 0.0002550 secs] 19846K->19624K(20032K), 0.0007210 secs]
0.825: [GC 0.825: [DefNew: 559K->49K(576K), 0.0003230 secs]0.825: [Train: 19360K->19360K(19456K), 0.0002080 secs] 19879K->19409K(20032K), 0.0006930 secs]
0.826: [GC 0.826: [DefNew: 551K->62K(576K), 0.0003540 secs]0.826: [Train: 19421K->19414K(19520K), 0.0003760 secs] 19912K->19732K(20096K), 0.0008980 secs]
0.827: [GC 0.827: [DefNew: 569K->45K(576K), 0.0003370 secs]0.828: [Train: 19468K->19453K(19584K), 0.0003080 secs] 19983K->19840K(20160K), 0.0008090 secs]
0.828: [GC 0.828: [DefNew: 556K->22K(576K), 0.0003270 secs]0.829: [Train: 19490K->19490K(19648K), 0.0006130 secs] 20009K->19897K(20224K), 0.0011120 secs]
0.829: [GC 0.829: [DefNew: 534K->52K(576K), 0.0003120 secs]0.830: [Train: 19490K->19490K(19648K), 0.0005750 secs] 20025K->19884K(20224K), 0.0010520 secs]
0.830: [GC 0.831: [DefNew: 563K->42K(576K), 0.0003100 secs]0.831: [Train: 19513K->19513K(19648K), 0.0005790 secs] 20054K->19812K(20224K), 0.0010530 secs]
0.832: [GC 0.832: [DefNew: 549K->58K(576K), 0.0003100 secs]0.832: [Train: 19533K->19533K(19648K), 0.0005730 secs] 20063K->19592K(20224K), 0.0010480 secs]
0.833: [GC 0.833: [DefNew: 561K->62K(576K), 0.0003530 secs]0.834: [Train: 19603K->19603K(19712K), 0.0005770 secs] 20094K->19666K(20288K), 0.0010940 secs]
0.835: [GC 0.835: [DefNew: 564K->62K(576K), 0.0003620 secs] 20168K->19741K(20352K), 0.0005150 secs]
0.836: [GC 0.836: [DefNew: 564K->62K(576K), 0.0003510 secs]0.836: [Train: 19753K->19753K(19904K), 0.0005750 secs] 20244K->19815K(20480K), 0.0010900 secs]
0.837: [GC 0.837: [DefNew: 564K->62K(576K), 0.0003530 secs]0.838: [Train: 19827K->19827K(19968K), 0.0006540 secs] 20318K->20145K(20544K), 0.0011750 secs]
0.839: [GC 0.839: [DefNew: 569K->36K(576K), 0.0003400 secs]0.839: [Train: 19891K->19891K(20032K), 0.0005730 secs] 20396K->20268K(20608K), 0.0010800 secs]
0.840: [GC 0.840: [DefNew: 546K->32K(576K), 0.0003180 secs]0.840: [Train: 19927K->19927K(20032K), 0.0005740 secs] 20438K->20343K(20608K), 0.0010580 secs]
0.841: [GC 0.841: [DefNew: 543K->19K(576K), 0.0003140 secs]0.842: [Train: 19951K->19951K(20096K), 0.0005920 secs] 20471K->20355K(20672K), 0.0010730 secs]
0.842: [GC 0.842: [DefNew: 530K->49K(576K), 0.0002980 secs]0.843: [Train: 19951K->19951K(20096K), 0.0005660 secs] 20482K->20385K(20672K), 0.0010310 secs]
0.843: [GC 0.844: [DefNew: 557K->36K(576K), 0.0003090 secs]0.844: [Train: 19971K->19971K(20096K), 0.0005720 secs] 20508K->20391K(20672K), 0.0010500 secs]
0.845: [GC 0.845: [DefNew: 547K->45K(576K), 0.0003100 secs]0.845: [Train: 19991K->19991K(20096K), 0.0005780 secs] 20518K->20421K(20672K), 0.0010580 secs]
0.846: [GC 0.846: [DefNew: 553K->36K(576K), 0.0003140 secs]0.846: [Train: 20009K->20009K(20160K), 0.0005670 secs] 20544K->20386K(20736K), 0.0010580 secs]
0.847: [GC 0.847: [DefNew: 546K->49K(576K), 0.0003110 secs]0.847: [Train: 20029K->20029K(20160K), 0.0005600 secs] 20556K->20334K(20736K), 0.0010390 secs]
0.848: [GC 0.848: [DefNew: 559K->49K(576K), 0.0003290 secs]0.849: [Train: 20070K->20070K(20224K), 0.0005850 secs] 20588K->20119K(20800K), 0.0010800 secs]
0.850: [GC 0.850: [DefNew: 551K->62K(576K), 0.0003430 secs]0.850: [Train: 20130K->20130K(20288K), 0.0005660 secs] 20621K->20193K(20864K), 0.0010760 secs]
0.851: [GC 0.851: [DefNew: 564K->62K(576K), 0.0003530 secs] 20695K->20266K(20864K), 0.0005090 secs]
0.852: [GC 0.852: [DefNew: 564K->62K(576K), 0.0003590 secs]0.853: [Train: 20278K->20278K(20416K), 0.0005550 secs] 20769K->20340K(20992K), 0.0010840 secs]
0.854: [GC 0.854: [DefNew: 564K->62K(576K), 0.0003570 secs]0.854: [Train: 20352K->20352K(20480K), 0.0005860 secs] 20843K->20670K(21056K), 0.0011130 secs]
0.855: [GC 0.855: [DefNew: 569K->45K(576K), 0.0003360 secs]0.856: [Train: 20406K->20406K(20544K), 0.0005700 secs] 20921K->20793K(21120K), 0.0010770 secs]
0.856: [GC 0.856: [DefNew: 556K->22K(576K), 0.0003170 secs]0.857: [Train: 20442K->20442K(20544K), 0.0005410 secs] 20963K->20849K(21120K), 0.0010260 secs]
0.857: [GC 0.858: [DefNew: 534K->52K(576K), 0.0003080 secs]0.858: [Train: 20442K->20442K(20544K), 0.0005250 secs] 20976K->20878K(21120K), 0.0010020 secs]
0.859: [GC 0.859: [DefNew: 560K->36K(576K), 0.0003150 secs]0.859: [Train: 20467K->20467K(20608K), 0.0005630 secs] 21002K->20887K(21184K), 0.0010480 secs]
0.860: [GC 0.860: [DefNew: 547K->45K(576K), 0.0003130 secs]0.860: [Train: 20486K->20486K(20608K), 0.0005300 secs] 21014K->20916K(21184K), 0.0010120 secs]
0.861: [GC 0.861: [DefNew: 553K->36K(576K), 0.0003080 secs]0.861: [Train: 20503K->20503K(20608K), 0.0005510 secs] 21040K->20923K(21184K), 0.0010290 secs]
0.862: [GC 0.862: [DefNew: 547K->45K(576K), 0.0003180 secs]0.863: [Train: 20524K->20524K(20672K), 0.0005370 secs] 21050K->20911K(21248K), 0.0010240 secs]
0.863: [GC 0.863: [DefNew: 556K->42K(576K), 0.0003100 secs]0.864: [Train: 20541K->20541K(20672K), 0.0005320 secs] 21081K->20839K(21248K), 0.0010120 secs]
0.865: [GC 0.865: [DefNew: 549K->58K(576K), 0.0003150 secs]0.865: [Train: 20560K->20560K(20672K), 0.0005270 secs] 21090K->20619K(21248K), 0.0010130 secs]
0.866: [GC 0.866: [DefNew: 561K->62K(576K), 0.0003430 secs]0.867: [Train: 20631K->20631K(20736K), 0.0005680 secs] 21122K->20693K(21312K), 0.0010820 secs]
0.868: [GC 0.868: [DefNew: 564K->62K(576K), 0.0003570 secs] 21195K->20769K(21376K), 0.0005180 secs]
0.868: [GC 0.869: [DefNew: 564K->62K(576K), 0.0003620 secs]0.869: [Train: 20780K->20780K(20928K), 0.0005420 secs] 21271K->20842K(21504K), 0.0010770 secs]
0.870: [GC 0.870: [DefNew: 564K->62K(576K), 0.0003460 secs]0.870: [Train: 20854K->20854K(20992K), 0.0005490 secs] 21345K->21172K(21568K), 0.0010700 secs]
0.871: [GC 0.871: [DefNew: 569K->36K(576K), 0.0003370 secs]0.872: [Train: 20918K->20918K(21056K), 0.0005370 secs] 21423K->21295K(21632K), 0.0010470 secs]
0.872: [GC 0.873: [DefNew: 546K->32K(576K), 0.0003200 secs]0.873: [Train: 20954K->20954K(21056K), 0.0005230 secs] 21465K->21371K(21632K), 0.0010160 secs]
0.874: [GC 0.874: [DefNew: 543K->19K(576K), 0.0003180 secs]0.874: [Train: 20979K->20979K(21120K), 0.0005370 secs] 21498K->21382K(21696K), 0.0010350 secs]
0.875: [GC 0.875: [DefNew: 530K->49K(576K), 0.0003060 secs]0.875: [Train: 20979K->20979K(21120K), 0.0005190 secs] 21510K->21412K(21696K), 0.0009980 secs]
0.876: [GC 0.876: [DefNew: 557K->36K(576K), 0.0003140 secs]0.876: [Train: 20998K->20998K(21120K), 0.0005230 secs] 21536K->21418K(21696K), 0.0010100 secs]
0.877: [GC 0.877: [DefNew: 547K->45K(576K), 0.0003160 secs]0.878: [Train: 21018K->21018K(21120K), 0.0005340 secs] 21546K->21448K(21696K), 0.0010230 secs]
0.878: [GC 0.878: [DefNew: 553K->36K(576K), 0.0003180 secs]0.879: [Train: 21036K->21036K(21184K), 0.0005330 secs] 21572K->21414K(21760K), 0.0010240 secs]
0.879: [GC 0.880: [DefNew: 546K->49K(576K), 0.0003190 secs]0.880: [Train: 21056K->21056K(21184K), 0.0005280 secs] 21583K->21361K(21760K), 0.0010280 secs]
0.881: [GC 0.881: [DefNew: 559K->49K(576K), 0.0003340 secs]0.881: [Train: 21097K->21097K(21248K), 0.0005280 secs] 21615K->21146K(21824K), 0.0010390 secs]
0.882: [GC 0.882: [DefNew: 551K->62K(576K), 0.0003520 secs]0.883: [Train: 21158K->21158K(21312K), 0.0005140 secs] 21648K->21220K(21888K), 0.0010410 secs]
0.884: [GC 0.884: [DefNew: 564K->62K(576K), 0.0003590 secs] 21722K->21294K(21888K), 0.0005230 secs]
0.885: [GC 0.885: [DefNew: 564K->62K(576K), 0.0003660 secs]0.885: [Train: 21305K->21305K(21440K), 0.0005210 secs] 21796K->21367K(22016K), 0.0010640 secs]
0.886: [GC 0.886: [DefNew: 564K->62K(576K), 0.0003580 secs]0.887: [Train: 21379K->21379K(21504K), 0.0005360 secs] 21870K->21697K(22080K), 0.0010700 secs]
0.887: [GC 0.887: [DefNew: 569K->45K(576K), 0.0003520 secs]0.888: [Train: 21433K->21433K(21568K), 0.0006260 secs] 21948K->21820K(22144K), 0.0011560 secs]
0.889: [GC 0.889: [DefNew: 556K->22K(576K), 0.0003360 secs]0.889: [Train: 21471K->21471K(21632K), 0.0005610 secs] 21990K->21878K(22208K), 0.0010740 secs]
0.890: [GC 0.890: [DefNew: 534K->52K(576K), 0.0003100 secs]0.890: [Train: 21471K->21471K(21632K), 0.0005060 secs] 22005K->21907K(22208K), 0.0009930 secs]
0.891: [GC 0.891: [DefNew: 560K->36K(576K), 0.0003220 secs]0.891: [Train: 21494K->21494K(21632K), 0.0005170 secs] 22031K->21914K(22208K), 0.0010150 secs]
0.892: [GC 0.892: [DefNew: 547K->45K(576K), 0.0003250 secs]0.893: [Train: 21514K->21514K(21632K), 0.0005080 secs] 22041K->21943K(22208K), 0.0010110 secs]
0.893: [GC 0.893: [DefNew: 553K->36K(576K), 0.0003790 secs]0.894: [Train: 21530K->21530K(21632K), 0.0005340 secs] 22067K->21950K(22208K), 0.0010920 secs]
0.894: [GC 0.895: [DefNew: 547K->45K(576K), 0.0003290 secs]0.895: [Train: 21551K->21551K(21696K), 0.0005370 secs] 22077K->21939K(22272K), 0.0010450 secs]
0.896: [GC 0.896: [DefNew: 556K->42K(576K), 0.0003260 secs]0.896: [Train: 21568K->21568K(21696K), 0.0005140 secs] 22108K->21866K(22272K), 0.0010180 secs]
0.897: [GC 0.897: [DefNew: 549K->58K(576K), 0.0003230 secs]0.897: [Train: 21587K->21587K(21696K), 0.0005300 secs] 22118K->21646K(22272K), 0.0010310 secs]
0.898: [GC 0.899: [DefNew: 561K->62K(576K), 0.0020550 secs]0.901: [Train: 21658K->21658K(21760K), 0.0005430 secs] 22149K->21720K(22336K), 0.0027840 secs]
0.903: [GC 0.903: [DefNew: 564K->62K(576K), 0.0004250 secs] 22223K->21796K(22400K), 0.0006090 secs]
0.907: [GC 0.907: [DefNew: 564K->62K(576K), 0.0003760 secs]0.907: [Train: 21807K->21807K(21952K), 0.0005330 secs] 22298K->21870K(22528K), 0.0011860 secs]
0.908: [GC 0.909: [DefNew: 564K->62K(576K), 0.0003630 secs]0.909: [Train: 21881K->21881K(22016K), 0.0005310 secs] 22372K->22199K(22592K), 0.0010750 secs]
0.910: [GC 0.910: [DefNew: 569K->36K(576K), 0.0003520 secs]0.910: [Train: 21945K->21945K(22080K), 0.0005530 secs] 22451K->22323K(22656K), 0.0010860 secs]
0.911: [GC 0.911: [DefNew: 546K->32K(576K), 0.0003370 secs]0.912: [Train: 21983K->21983K(22144K), 0.0005070 secs] 22492K->22400K(22720K), 0.0010250 secs]
0.912: [GC 0.912: [DefNew: 543K->19K(576K), 0.0003240 secs]0.913: [Train: 22006K->22006K(22144K), 0.0005160 secs] 22527K->22410K(22720K), 0.0010220 secs]
0.913: [GC 0.913: [DefNew: 530K->49K(576K), 0.0003300 secs]0.914: [Train: 22006K->22006K(22144K), 0.0005000 secs] 22537K->22439K(22720K), 0.0010130 secs]
0.921: [GC 0.921: [DefNew: 557K->36K(576K), 0.0003640 secs]0.922: [Train: 22026K->22026K(22144K), 0.0005210 secs] 22563K->22446K(22720K), 0.0010900 secs]
0.922: [GC 0.923: [DefNew: 547K->45K(576K), 0.0003310 secs]0.923: [Train: 22047K->22047K(22208K), 0.0004880 secs] 22573K->22477K(22784K), 0.0010020 secs]
0.924: [GC 0.924: [DefNew: 553K->36K(576K), 0.0003220 secs]0.924: [Train: 22063K->22063K(22208K), 0.0004990 secs] 22601K->22441K(22784K), 0.0010050 secs]
0.925: [GC 0.925: [DefNew: 546K->49K(576K), 0.0003260 secs]0.925: [Train: 22083K->22083K(22208K), 0.0005390 secs] 22610K->22388K(22784K), 0.0010500 secs]
0.926: [GC 0.926: [DefNew: 559K->49K(576K), 0.0003470 secs]0.926: [Train: 22124K->22124K(22272K), 0.0004820 secs] 22643K->22173K(22848K), 0.0010120 secs]
0.928: [GC 0.928: [DefNew: 551K->62K(576K), 0.0003620 secs]0.928: [Train: 22185K->22185K(22336K), 0.0004950 secs] 22676K->22247K(22912K), 0.0010390 secs]
0.929: [GC 0.929: [DefNew: 564K->62K(576K), 0.0003720 secs] 22749K->22321K(22912K), 0.0005430 secs]
0.930: [GC 0.930: [DefNew: 564K->62K(576K), 0.0003840 secs]0.931: [Train: 22333K->22333K(22464K), 0.0004980 secs] 22823K->22395K(23040K), 0.0010660 secs]
0.931: [GC 0.932: [DefNew: 564K->62K(576K), 0.0003740 secs]0.932: [Train: 22406K->22406K(22528K), 0.0005040 secs] 22897K->22725K(23104K), 0.0010630 secs]
0.933: [GC 0.933: [DefNew: 569K->45K(576K), 0.0003590 secs]0.933: [Train: 22461K->22461K(22592K), 0.0005190 secs] 22976K->22848K(23168K), 0.0010620 secs]
0.934: [GC 0.934: [DefNew: 556K->22K(576K), 0.0003470 secs]0.935: [Train: 22498K->22498K(22656K), 0.0004790 secs] 23017K->22905K(23232K), 0.0010130 secs]
0.935: [GC 0.935: [DefNew: 534K->52K(576K), 0.0003180 secs]0.936: [Train: 22498K->22498K(22656K), 0.0004910 secs] 23033K->22935K(23232K), 0.0009930 secs]
0.938: [GC 0.938: [DefNew: 560K->36K(576K), 0.0003520 secs]0.938: [Train: 22521K->22521K(22656K), 0.0004940 secs] 23059K->22941K(23232K), 0.0010650 secs]
0.939: [GC 0.939: [DefNew: 547K->45K(576K), 0.0003370 secs]0.939: [Train: 22541K->22541K(22656K), 0.0005160 secs] 23069K->22971K(23232K), 0.0010390 secs]
0.940: [GC 0.940: [DefNew: 553K->36K(576K), 0.0003310 secs]0.940: [Train: 22559K->22559K(22720K), 0.0005020 secs] 23095K->22979K(23296K), 0.0010200 secs]
0.941: [GC 0.941: [DefNew: 547K->45K(576K), 0.0003310 secs]0.942: [Train: 22579K->22579K(22720K), 0.0004950 secs] 23106K->23009K(23296K), 0.0010100 secs]
0.942: [GC 0.942: [DefNew: 553K->36K(576K), 0.0003300 secs]0.943: [Train: 22595K->22595K(22720K), 0.0004750 secs] 23132K->22972K(23296K), 0.0009900 secs]
0.943: [GC 0.943: [DefNew: 546K->49K(576K), 0.0003300 secs]0.944: [Train: 22615K->22615K(22720K), 0.0004760 secs] 23142K->22920K(23296K), 0.0009910 secs]
0.945: [GC 0.945: [DefNew: 559K->49K(576K), 0.0004400 secs]0.945: [Train: 22656K->22656K(22784K), 0.0005040 secs] 23174K->22705K(23360K), 0.0011300 secs]
0.946: [GC 0.946: [DefNew: 551K->62K(576K), 0.0003680 secs]0.947: [Train: 22717K->22717K(22848K), 0.0005040 secs] 23207K->22779K(23424K), 0.0010590 secs]
0.948: [GC 0.948: [DefNew: 564K->62K(576K), 0.0003740 secs] 23281K->22853K(23424K), 0.0005490 secs]
0.949: [GC 0.949: [DefNew: 564K->62K(576K), 0.0003770 secs]0.949: [Train: 22864K->22864K(22976K), 0.0005230 secs] 23355K->22926K(23552K), 0.0010890 secs]
0.950: [GC 0.950: [DefNew: 564K->62K(576K), 0.0003740 secs]0.951: [Train: 22938K->22938K(23040K), 0.0005540 secs] 23429K->23256K(23616K), 0.0011170 secs]
0.951: [GC 0.952: [DefNew: 569K->45K(576K), 0.0003570 secs]0.952: [Train: 22992K->22992K(23104K), 0.0005030 secs] 23507K->23379K(23680K), 0.0010500 secs]
0.953: [GC 0.953: [DefNew: 556K->22K(576K), 0.0003420 secs]0.953: [Train: 23030K->23030K(23168K), 0.0004660 secs] 23549K->23437K(23744K), 0.0009960 secs]
0.954: [GC 0.954: [DefNew: 534K->52K(576K), 0.0003210 secs]0.954: [Train: 23030K->23030K(23168K), 0.0004500 secs] 23564K->23466K(23744K), 0.0009590 secs]
0.955: [GC 0.955: [DefNew: 560K->36K(576K), 0.0003340 secs]0.955: [Train: 23053K->23053K(23168K), 0.0004840 secs] 23590K->23473K(23744K), 0.0010060 secs]
0.956: [GC 0.956: [DefNew: 547K->45K(576K), 0.0003370 secs]0.957: [Train: 23074K->23074K(23232K), 0.0004650 secs] 23600K->23504K(23808K), 0.0009910 secs]
0.957: [GC 0.957: [DefNew: 553K->36K(576K), 0.0003350 secs]0.958: [Train: 23091K->23091K(23232K), 0.0004720 secs] 23628K->23511K(23808K), 0.0009960 secs]
0.958: [GC 0.958: [DefNew: 547K->45K(576K), 0.0003340 secs]0.959: [Train: 23110K->23110K(23232K), 0.0004620 secs] 23638K->23498K(23808K), 0.0009850 secs]
0.959: [GC 0.960: [DefNew: 556K->42K(576K), 0.0003310 secs]0.960: [Train: 23127K->23127K(23232K), 0.0004890 secs] 23667K->23425K(23808K), 0.0010090 secs]
0.961: [GC 0.961: [DefNew: 549K->58K(576K), 0.0003430 secs]0.961: [Train: 23148K->23148K(23296K), 0.0004930 secs] 23676K->23207K(23872K), 0.0010250 secs]
0.962: [GC 0.962: [DefNew: 561K->62K(576K), 0.0003720 secs]0.963: [Train: 23219K->23219K(23360K), 0.0004710 secs] 23710K->23281K(23936K), 0.0010330 secs]
0.964: [GC 0.964: [DefNew: 564K->62K(576K), 0.0003750 secs] 23783K->23355K(23936K), 0.0005540 secs]
0.965: [GC 0.965: [DefNew: 564K->62K(576K), 0.0003780 secs]0.965: [Train: 23366K->23366K(23488K), 0.0004710 secs] 23857K->23429K(24064K), 0.0010420 secs]
0.966: [GC 0.966: [DefNew: 564K->62K(576K), 0.0003710 secs]0.967: [Train: 23440K->23440K(23552K), 0.0004790 secs] 23931K->23758K(24128K), 0.0010430 secs]
0.967: [GC 0.967: [DefNew: 569K->36K(576K), 0.0003630 secs]0.968: [Train: 23504K->23504K(23616K), 0.0004560 secs] 24010K->23882K(24192K), 0.0010110 secs]
0.969: [GC 0.969: [DefNew: 546K->32K(576K), 0.0003480 secs]0.969: [Train: 23542K->23542K(23680K), 0.0004770 secs] 24051K->23959K(24256K), 0.0010170 secs]
0.970: [GC 0.970: [DefNew: 543K->19K(576K), 0.0003400 secs]0.970: [Train: 23565K->23565K(23680K), 0.0004520 secs] 24086K->23969K(24256K), 0.0009840 secs]
0.971: [GC 0.971: [DefNew: 530K->49K(576K), 0.0003250 secs]0.971: [Train: 23565K->23565K(23680K), 0.0004410 secs] 24096K->23998K(24256K), 0.0009580 secs]
0.972: [GC 0.972: [DefNew: 557K->36K(576K), 0.0003440 secs]0.972: [Train: 23586K->23586K(23744K), 0.0004590 secs] 24122K->24006K(24320K), 0.0009960 secs]
0.973: [GC 0.973: [DefNew: 547K->45K(576K), 0.0003380 secs]0.974: [Train: 23606K->23606K(23744K), 0.0004880 secs] 24134K->24036K(24320K), 0.0010190 secs]
0.974: [GC 0.974: [DefNew: 553K->36K(576K), 0.0003380 secs]0.975: [Train: 23622K->23622K(23744K), 0.0004430 secs] 24160K->24000K(24320K), 0.0009740 secs]
0.975: [GC 0.975: [DefNew: 546K->49K(576K), 0.0003370 secs]0.976: [Train: 23642K->23642K(23744K), 0.0004370 secs] 24169K->23947K(24320K), 0.0009670 secs]
0.976: [GC 0.977: [DefNew: 559K->49K(576K), 0.0003520 secs]0.977: [Train: 23683K->23683K(23808K), 0.0004350 secs] 24202K->23732K(24384K), 0.0009810 secs]
0.978: [GC 0.978: [DefNew: 551K->62K(576K), 0.0003690 secs]0.978: [Train: 23744K->23744K(23872K), 0.0004550 secs] 24235K->23806K(24448K), 0.0010170 secs]
0.979: [GC 0.980: [DefNew: 564K->62K(576K), 0.0003740 secs] 24308K->23880K(24448K), 0.0005580 secs]
0.980: [GC 0.980: [DefNew: 564K->62K(576K), 0.0003810 secs]0.981: [Train: 23891K->23891K(24000K), 0.0004400 secs] 24382K->23954K(24576K), 0.0010180 secs]
0.982: [GC 0.982: [DefNew: 564K->62K(576K), 0.0003880 secs]0.982: [Train: 23967K->23967K(24128K), 0.0004450 secs] 24456K->24285K(24704K), 0.0010290 secs]
0.983: [GC 0.983: [DefNew: 569K->45K(576K), 0.0003600 secs]0.984: [Train: 24019K->24019K(24128K), 0.0004290 secs] 24536K->24407K(24704K), 0.0009850 secs]
0.984: [GC 0.984: [DefNew: 556K->22K(576K), 0.0003520 secs]0.985: [Train: 24057K->24057K(24192K), 0.0004260 secs] 24576K->24464K(24768K), 0.0009740 secs]
0.985: [GC 0.985: [DefNew: 534K->52K(576K), 0.0003430 secs]0.986: [Train: 24057K->24057K(24192K), 0.0004280 secs] 24591K->24494K(24768K), 0.0009670 secs]
0.986: [GC 0.987: [DefNew: 560K->36K(576K), 0.0003410 secs]0.987: [Train: 24080K->24080K(24192K), 0.0004410 secs] 24618K->24500K(24768K), 0.0009790 secs]
0.987: [GC 0.988: [DefNew: 547K->45K(576K), 0.0003450 secs]0.988: [Train: 24102K->24102K(24256K), 0.0004360 secs] 24627K->24531K(24832K), 0.0009760 secs]
0.989: [GC 0.989: [DefNew: 553K->36K(576K), 0.0003370 secs]0.989: [Train: 24118K->24118K(24256K), 0.0004310 secs] 24655K->24538K(24832K), 0.0009640 secs]
0.990: [GC 0.990: [DefNew: 547K->45K(576K), 0.0003410 secs]0.990: [Train: 24138K->24138K(24256K), 0.0004230 secs] 24665K->24525K(24832K), 0.0009610 secs]
0.991: [GC 0.991: [DefNew: 556K->42K(576K), 0.0003380 secs]0.991: [Train: 24154K->24154K(24256K), 0.0004590 secs] 24694K->24453K(24832K), 0.0009950 secs]
0.992: [GC 0.992: [DefNew: 549K->58K(576K), 0.0003460 secs]0.993: [Train: 24175K->24175K(24320K), 0.0004620 secs] 24704K->24234K(24896K), 0.0010060 secs]
0.994: [GC 0.994: [DefNew: 561K->62K(576K), 0.0003810 secs]0.994: [Train: 24246K->24246K(24384K), 0.0004280 secs] 24737K->24308K(24960K), 0.0010150 secs]
0.995: [GC 0.995: [DefNew: 564K->62K(576K), 0.0003820 secs] 24811K->24382K(24960K), 0.0005750 secs]
0.996: [GC 0.996: [DefNew: 564K->62K(576K), 0.0003850 secs]0.997: [Train: 24394K->24394K(24512K), 0.0004570 secs] 24884K->24456K(25088K), 0.0010400 secs]
0.997: [GC 0.998: [DefNew: 564K->62K(576K), 0.0003940 secs]0.998: [Train: 24467K->24467K(24576K), 0.0004310 secs] 24958K->24786K(25152K), 0.0010240 secs]
0.999: [GC 0.999: [DefNew: 569K->36K(576K), 0.0003700 secs]0.999: [Train: 24531K->24531K(24640K), 0.0004500 secs] 25037K->24909K(25216K), 0.0010190 secs]
1.000: [GC 1.000: [DefNew: 546K->32K(576K), 0.0003580 secs]1.000: [Train: 24569K->24569K(24704K), 0.0004310 secs] 25078K->24986K(25280K), 0.0009880 secs]
1.001: [GC 1.001: [DefNew: 543K->19K(576K), 0.0003500 secs]1.001: [Train: 24592K->24592K(24704K), 0.0004410 secs] 25113K->24996K(25280K), 0.0009900 secs]
1.002: [GC 1.002: [DefNew: 530K->49K(576K), 0.0003330 secs]1.003: [Train: 24592K->24592K(24704K), 0.0004290 secs] 25123K->25025K(25280K), 0.0009610 secs]
1.003: [GC 1.003: [DefNew: 557K->36K(576K), 0.0003470 secs]1.004: [Train: 24614K->24614K(24768K), 0.0004290 secs] 25149K->25034K(25344K), 0.0009760 secs]
1.004: [GC 1.004: [DefNew: 547K->45K(576K), 0.0003430 secs]1.005: [Train: 24633K->24633K(24768K), 0.0003990 secs] 25161K->25063K(25344K), 0.0009420 secs]
1.005: [GC 1.006: [DefNew: 553K->36K(576K), 0.0003460 secs]1.006: [Train: 24650K->24650K(24768K), 0.0003930 secs] 25187K->25027K(25344K), 0.0009390 secs]
1.006: [GC 1.007: [DefNew: 546K->49K(576K), 0.0003470 secs]1.007: [Train: 24671K->24671K(24832K), 0.0004150 secs] 25197K->24976K(25408K), 0.0009630 secs]
1.008: [GC 1.008: [DefNew: 559K->49K(576K), 0.0003530 secs]1.008: [Train: 24710K->24710K(24832K), 0.0004120 secs] 25231K->24759K(25408K), 0.0009670 secs]
1.009: [GC 1.009: [DefNew: 551K->62K(576K), 0.0003690 secs]1.010: [Train: 24771K->24771K(24896K), 0.0004430 secs] 25262K->24833K(25472K), 0.0010120 secs]
1.011: [GC 1.011: [DefNew: 564K->62K(576K), 0.0003790 secs] 25336K->24907K(25472K), 0.0005680 secs]
1.012: [GC 1.012: [DefNew: 564K->62K(576K), 0.0003870 secs]1.012: [Train: 24919K->24919K(25024K), 0.0004150 secs] 25409K->24981K(25600K), 0.0010050 secs]
1.013: [GC 1.013: [DefNew: 564K->62K(576K), 0.0003900 secs]1.014: [Train: 24994K->24994K(25152K), 0.0004240 secs] 25483K->25313K(25728K), 0.0010170 secs]
1.014: [GC 1.014: [DefNew: 569K->45K(576K), 0.0003640 secs]1.015: [Train: 25047K->25047K(25152K), 0.0003990 secs] 25564K->25434K(25728K), 0.0009660 secs]
1.015: [GC 1.015: [DefNew: 556K->22K(576K), 0.0003640 secs]1.016: [Train: 25085K->25085K(25216K), 0.0004170 secs] 25604K->25491K(25792K), 0.0009850 secs]
1.016: [GC 1.017: [DefNew: 534K->52K(576K), 0.0003360 secs]1.017: [Train: 25085K->25085K(25216K), 0.0003900 secs] 25619K->25521K(25792K), 0.0009300 secs]
1.017: [GC 1.018: [DefNew: 560K->36K(576K), 0.0003480 secs]1.018: [Train: 25107K->25107K(25216K), 0.0004100 secs] 25645K->25527K(25792K), 0.0009680 secs]
1.019: [GC 1.019: [DefNew: 547K->45K(576K), 0.0003560 secs]1.019: [Train: 25129K->25129K(25280K), 0.0003950 secs] 25655K->25559K(25856K), 0.0009540 secs]
1.020: [GC 1.020: [DefNew: 553K->36K(576K), 0.0003460 secs]1.020: [Train: 25145K->25145K(25280K), 0.0004100 secs] 25683K->25565K(25856K), 0.0009600 secs]
1.021: [GC 1.021: [DefNew: 547K->45K(576K), 0.0003480 secs]1.021: [Train: 25165K->25165K(25280K), 0.0004070 secs] 25693K->25552K(25856K), 0.0009580 secs]
1.022: [GC 1.022: [DefNew: 556K->42K(576K), 0.0003510 secs]1.022: [Train: 25183K->25183K(25344K), 0.0004070 secs] 25722K->25482K(25920K), 0.0009600 secs]
1.023: [GC 1.023: [DefNew: 549K->58K(576K), 0.0003510 secs]1.024: [Train: 25203K->25203K(25344K), 0.0003900 secs] 25733K->25262K(25920K), 0.0009430 secs]
1.024: [GC 1.025: [DefNew: 561K->62K(576K), 0.0003830 secs]1.025: [Train: 25273K->25273K(25408K), 0.0004000 secs] 25764K->25335K(25984K), 0.0009860 secs]
1.026: [GC 1.026: [DefNew: 564K->62K(576K), 0.0003870 secs] 25838K->25409K(25984K), 0.0005800 secs]
1.027: [GC 1.027: [DefNew: 564K->62K(576K), 0.0003940 secs]1.027: [Train: 25421K->25421K(25536K), 0.0003950 secs] 25912K->25483K(26112K), 0.0009930 secs]
1.028: [GC 1.028: [DefNew: 564K->62K(576K), 0.0003880 secs]1.029: [Train: 25495K->25495K(25600K), 0.0004100 secs] 25986K->25813K(26176K), 0.0010040 secs]
1.030: [GC 1.030: [DefNew: 569K->36K(576K), 0.0003800 secs]1.030: [Train: 25559K->25559K(25664K), 0.0003920 secs] 26064K->25936K(26240K), 0.0009840 secs]
1.031: [GC 1.031: [DefNew: 546K->32K(576K), 0.0003650 secs]1.031: [Train: 25597K->25597K(25728K), 0.0003890 secs] 26106K->26013K(26304K), 0.0009620 secs]
1.032: [GC 1.032: [DefNew: 543K->19K(576K), 0.0003480 secs]1.032: [Train: 25619K->25619K(25728K), 0.0003700 secs] 26140K->26023K(26304K), 0.0009240 secs]
1.033: [GC 1.033: [DefNew: 530K->49K(576K), 0.0003390 secs]1.033: [Train: 25619K->25619K(25728K), 0.0004390 secs] 26150K->26053K(26304K), 0.0009840 secs]
1.034: [GC 1.034: [DefNew: 557K->36K(576K), 0.0003580 secs]1.034: [Train: 25641K->25641K(25792K), 0.0003800 secs] 26176K->26061K(26368K), 0.0009440 secs]
1.035: [GC 1.035: [DefNew: 547K->45K(576K), 0.0003530 secs]1.036: [Train: 25661K->25661K(25792K), 0.0003870 secs] 26188K->26090K(26368K), 0.0009480 secs]
1.036: [GC 1.036: [DefNew: 553K->36K(576K), 0.0003520 secs]1.037: [Train: 25677K->25677K(25792K), 0.0003700 secs] 26214K->26054K(26368K), 0.0009290 secs]
1.037: [GC 1.037: [DefNew: 546K->49K(576K), 0.0003620 secs]1.038: [Train: 25698K->25698K(25856K), 0.0004150 secs] 26224K->26003K(26432K), 0.0009840 secs]
1.038: [GC 1.039: [DefNew: 559K->49K(576K), 0.0003650 secs]1.039: [Train: 25738K->25738K(25856K), 0.0003760 secs] 26258K->25787K(26432K), 0.0009490 secs]
1.040: [GC 1.040: [DefNew: 551K->62K(576K), 0.0003840 secs]1.040: [Train: 25798K->25798K(25920K), 0.0004060 secs] 26289K->25861K(26496K), 0.0009980 secs]
1.041: [GC 1.041: [DefNew: 564K->62K(576K), 0.0003970 secs] 26363K->25934K(26496K), 0.0005940 secs]
1.042: [GC 1.042: [DefNew: 564K->62K(576K), 0.0003980 secs]1.043: [Train: 25946K->25946K(26048K), 0.0003870 secs] 26437K->26008K(26624K), 0.0009960 secs]
1.044: [GC 1.044: [DefNew: 564K->62K(576K), 0.0004020 secs]1.044: [Train: 26022K->26022K(26176K), 0.0003850 secs] 26511K->26340K(26752K), 0.0009990 secs]
1.045: [GC 1.045: [DefNew: 569K->45K(576K), 0.0003730 secs]1.045: [Train: 26074K->26074K(26176K), 0.0003890 secs] 26591K->26461K(26752K), 0.0009710 secs]
1.046: [GC 1.046: [DefNew: 556K->22K(576K), 0.0003700 secs]1.047: [Train: 26112K->26112K(26240K), 0.0003840 secs] 26631K->26519K(26816K), 0.0009640 secs]
1.047: [GC 1.047: [DefNew: 534K->52K(576K), 0.0003440 secs]1.048: [Train: 26112K->26112K(26240K), 0.0003900 secs] 26646K->26548K(26816K), 0.0009440 secs]
1.048: [GC 1.048: [DefNew: 560K->36K(576K), 0.0003550 secs]1.049: [Train: 26135K->26135K(26240K), 0.0003960 secs] 26672K->26555K(26816K), 0.0009620 secs]
1.049: [GC 1.049: [DefNew: 547K->45K(576K), 0.0003670 secs]1.050: [Train: 26156K->26156K(26304K), 0.0003840 secs] 26682K->26586K(26880K), 0.0009610 secs]
1.050: [GC 1.051: [DefNew: 553K->36K(576K), 0.0003530 secs]1.051: [Train: 26173K->26173K(26304K), 0.0003710 secs] 26710K->26593K(26880K), 0.0009350 secs]
1.051: [GC 1.052: [DefNew: 547K->45K(576K), 0.0003570 secs]1.052: [Train: 26192K->26192K(26304K), 0.0003780 secs] 26720K->26579K(26880K), 0.0009450 secs]
1.053: [GC 1.053: [DefNew: 556K->36K(576K), 0.0007420 secs]1.053: [Train: 26291K->26292K(26432K), 0.0002860 secs] 26749K->26712K(27008K), 0.0012460 secs]
1.054: [GC 1.054: [DefNew: 547K->45K(576K), 0.0003580 secs]1.054: [Train: 26312K->26312K(26432K), 0.0002980 secs] 26839K->26699K(27008K), 0.0008700 secs]
1.055: [GC 1.055: [DefNew: 556K->42K(576K), 0.0003560 secs]1.055: [Train: 26328K->26328K(26432K), 0.0002620 secs] 26868K->26626K(27008K), 0.0008320 secs]
1.056: [GC 1.056: [DefNew: 549K->58K(576K), 0.0003650 secs]1.057: [Train: 26349K->26349K(26496K), 0.0002730 secs] 26878K->26408K(27072K), 0.0008510 secs]
1.057: [GC 1.057: [DefNew: 561K->62K(576K), 0.0004060 secs]1.058: [Train: 26420K->26420K(26560K), 0.0003020 secs] 26911K->26482K(27136K), 0.0009230 secs]
1.059: [GC 1.059: [DefNew: 564K->62K(576K), 0.0003950 secs] 26984K->26556K(27136K), 0.0005990 secs]
1.060: [GC 1.060: [DefNew: 564K->62K(576K), 0.0004080 secs]1.060: [Train: 26568K->26568K(26688K), 0.0003050 secs] 27058K->26630K(27264K), 0.0009340 secs]
1.061: [GC 1.061: [DefNew: 564K->62K(576K), 0.0004180 secs]1.062: [Train: 26641K->26641K(26752K), 0.0003180 secs] 27132K->26960K(27328K), 0.0009490 secs]
1.062: [GC 1.062: [DefNew: 569K->36K(576K), 0.0003860 secs]1.063: [Train: 26705K->26705K(26816K), 0.0002880 secs] 27211K->27083K(27392K), 0.0008880 secs]
1.063: [GC 1.063: [DefNew: 546K->32K(576K), 0.0003710 secs]1.064: [Train: 26743K->26743K(26880K), 0.0002910 secs] 27252K->27160K(27456K), 0.0008760 secs]
1.064: [GC 1.064: [DefNew: 543K->19K(576K), 0.0003590 secs]1.065: [Train: 26766K->26766K(26880K), 0.0002950 secs] 27287K->27170K(27456K), 0.0008690 secs]
1.065: [GC 1.065: [DefNew: 530K->49K(576K), 0.0003530 secs]1.066: [Train: 26766K->26766K(26880K), 0.0002970 secs] 27297K->27199K(27456K), 0.0008640 secs]
1.066: [GC 1.066: [DefNew: 557K->36K(576K), 0.0003640 secs]1.067: [Train: 26788K->26788K(26944K), 0.0003140 secs] 27323K->27208K(27520K), 0.0008930 secs]
1.067: [GC 1.067: [DefNew: 547K->45K(576K), 0.0003600 secs]1.068: [Train: 26807K->26807K(26944K), 0.0002690 secs] 27335K->27237K(27520K), 0.0008450 secs]
1.068: [GC 1.068: [DefNew: 553K->36K(576K), 0.0003570 secs]1.069: [Train: 26824K->26824K(26944K), 0.0003010 secs] 27361K->27201K(27520K), 0.0008730 secs]
1.069: [GC 1.069: [DefNew: 546K->49K(576K), 0.0003740 secs]1.070: [Train: 26843K->26843K(26944K), 0.0002960 secs] 27370K->27148K(27520K), 0.0008870 secs]
1.070: [GC 1.071: [DefNew: 559K->49K(576K), 0.0003760 secs]1.071: [Train: 26884K->26884K(27008K), 0.0002780 secs] 27403K->26933K(27584K), 0.0008710 secs]
1.072: [GC 1.072: [DefNew: 551K->62K(576K), 0.0003970 secs]1.072: [Train: 26945K->26945K(27072K), 0.0003080 secs] 27436K->27007K(27648K), 0.0009220 secs]
1.073: [GC 1.073: [DefNew: 564K->62K(576K), 0.0004030 secs] 27510K->27081K(27648K), 0.0006090 secs]
1.074: [GC 1.074: [DefNew: 564K->62K(576K), 0.0004050 secs]1.075: [Train: 27093K->27093K(27200K), 0.0003260 secs] 27583K->27155K(27776K), 0.0009480 secs]
1.075: [GC 1.076: [DefNew: 564K->62K(576K), 0.0004100 secs]1.076: [Train: 27168K->27168K(27328K), 0.0002950 secs] 27657K->27486K(27904K), 0.0009230 secs]
1.077: [GC 1.077: [DefNew: 569K->45K(576K), 0.0003850 secs]1.077: [Train: 27221K->27221K(27328K), 0.0003100 secs] 27738K->27608K(27904K), 0.0009140 secs]
1.078: [GC 1.078: [DefNew: 556K->22K(576K), 0.0003800 secs]1.078: [Train: 27258K->27258K(27392K), 0.0002760 secs] 27777K->27665K(27968K), 0.0008750 secs]
1.079: [GC 1.079: [DefNew: 534K->52K(576K), 0.0003520 secs]1.079: [Train: 27258K->27258K(27392K), 0.0002920 secs] 27793K->27695K(27968K), 0.0008620 secs]
1.080: [GC 1.080: [DefNew: 560K->36K(576K), 0.0003650 secs]1.080: [Train: 27281K->27281K(27392K), 0.0002570 secs] 27819K->27701K(27968K), 0.0008410 secs]
1.081: [GC 1.081: [DefNew: 547K->45K(576K), 0.0003730 secs]1.081: [Train: 27303K->27303K(27456K), 0.0002650 secs] 27829K->27733K(28032K), 0.0008570 secs]
1.082: [GC 1.082: [DefNew: 553K->36K(576K), 0.0003610 secs]1.082: [Train: 27319K->27319K(27456K), 0.0002910 secs] 27857K->27739K(28032K), 0.0008850 secs]
1.083: [GC 1.083: [DefNew: 547K->45K(576K), 0.0003630 secs]1.083: [Train: 27339K->27339K(27456K), 0.0002590 secs] 27866K->27726K(28032K), 0.0008400 secs]
1.084: [GC 1.084: [DefNew: 556K->42K(576K), 0.0003600 secs]1.084: [Train: 27355K->27355K(27456K), 0.0003360 secs] 27896K->27654K(28032K), 0.0009170 secs]
1.085: [GC 1.085: [DefNew: 549K->58K(576K), 0.0003670 secs]1.085: [Train: 27377K->27377K(27520K), 0.0002890 secs] 27905K->27436K(28096K), 0.0008770 secs]
1.086: [GC 1.086: [DefNew: 561K->62K(576K), 0.0003930 secs]1.087: [Train: 27447K->27447K(27584K), 0.0002860 secs] 27938K->27509K(28160K), 0.0008980 secs]
1.087: [GC 1.088: [DefNew: 564K->62K(576K), 0.0003940 secs] 28012K->27583K(28160K), 0.0006030 secs]
1.088: [GC 1.089: [DefNew: 564K->62K(576K), 0.0004020 secs]1.089: [Train: 27595K->27595K(27712K), 0.0002760 secs] 28086K->27657K(28288K), 0.0008980 secs]
1.090: [GC 1.090: [DefNew: 564K->62K(576K), 0.0003940 secs]1.090: [Train: 27669K->27669K(27776K), 0.0002840 secs] 28159K->27987K(28352K), 0.0009070 secs]
1.091: [GC 1.091: [DefNew: 569K->36K(576K), 0.0003860 secs]1.092: [Train: 27733K->27733K(27840K), 0.0002700 secs] 28238K->28110K(28416K), 0.0008790 secs]
1.092: [GC 1.092: [DefNew: 546K->32K(576K), 0.0003750 secs]1.093: [Train: 27770K->27770K(27904K), 0.0003270 secs] 28280K->28187K(28480K), 0.0009250 secs]
1.093: [GC 1.093: [DefNew: 543K->19K(576K), 0.0003640 secs]1.094: [Train: 27793K->27793K(27904K), 0.0003220 secs] 28314K->28197K(28480K), 0.0009090 secs]
1.094: [GC 1.094: [DefNew: 530K->49K(576K), 0.0003550 secs]1.095: [Train: 27793K->27793K(27904K), 0.0002680 secs] 28324K->28226K(28480K), 0.0008470 secs]
1.095: [GC 1.095: [DefNew: 557K->36K(576K), 0.0003690 secs]1.096: [Train: 27815K->27815K(27968K), 0.0002760 secs] 28350K->28235K(28544K), 0.0008690 secs]
1.096: [GC 1.096: [DefNew: 547K->45K(576K), 0.0003650 secs]1.097: [Train: 27834K->27834K(27968K), 0.0003000 secs] 28362K->28264K(28544K), 0.0008870 secs]
1.097: [GC 1.097: [DefNew: 553K->36K(576K), 0.0003620 secs]1.098: [Train: 27851K->27851K(27968K), 0.0002810 secs] 28388K->28228K(28544K), 0.0008650 secs]
1.098: [GC 1.098: [DefNew: 546K->49K(576K), 0.0003700 secs]1.099: [Train: 27872K->27872K(28032K), 0.0003200 secs] 28398K->28177K(28608K), 0.0009130 secs]
1.099: [GC 1.099: [DefNew: 559K->49K(576K), 0.0003750 secs]1.100: [Train: 27912K->27912K(28032K), 0.0002760 secs] 28432K->27961K(28608K), 0.0008740 secs]
1.101: [GC 1.101: [DefNew: 551K->62K(576K), 0.0003910 secs]1.101: [Train: 27972K->27972K(28096K), 0.0002830 secs] 28463K->28034K(28672K), 0.0008960 secs]
1.102: [GC 1.102: [DefNew: 564K->62K(576K), 0.0004010 secs] 28537K->28108K(28672K), 0.0006190 secs]
1.103: [GC 1.103: [DefNew: 564K->62K(576K), 0.0004110 secs]1.104: [Train: 28120K->28120K(28224K), 0.0002710 secs] 28611K->28182K(28800K), 0.0009080 secs]
1.104: [GC 1.104: [DefNew: 564K->62K(576K), 0.0004070 secs]1.105: [Train: 28196K->28196K(28352K), 0.0015120 secs] 28684K->28514K(28928K), 0.0021470 secs]
1.107: [GC 1.107: [DefNew: 569K->45K(576K), 0.0003850 secs]1.107: [Train: 28248K->28248K(28352K), 0.0014540 secs] 28765K->28635K(28928K), 0.0020720 secs]
1.109: [GC 1.109: [DefNew: 556K->22K(576K), 0.0003840 secs]1.109: [Train: 28286K->28286K(28416K), 0.0003320 secs] 28805K->28693K(28992K), 0.0009460 secs]
1.110: [GC 1.110: [DefNew: 534K->52K(576K), 0.0003600 secs]1.111: [Train: 28286K->28286K(28416K), 0.0002770 secs] 28820K->28722K(28992K), 0.0008610 secs]
1.111: [GC 1.111: [DefNew: 560K->36K(576K), 0.0003690 secs]1.112: [Train: 28309K->28309K(28416K), 0.0002770 secs] 28846K->28729K(28992K), 0.0008730 secs]
1.112: [GC 1.112: [DefNew: 547K->45K(576K), 0.0003750 secs]1.113: [Train: 28330K->28330K(28480K), 0.0002740 secs] 28856K->28760K(29056K), 0.0008740 secs]
1.113: [GC 1.113: [DefNew: 553K->36K(576K), 0.0003680 secs]1.114: [Train: 28346K->28346K(28480K), 0.0002970 secs] 28884K->28766K(29056K), 0.0008910 secs]
1.114: [GC 1.114: [DefNew: 547K->45K(576K), 0.0004670 secs]1.115: [Train: 28366K->28366K(28480K), 0.0002750 secs] 28894K->28753K(29056K), 0.0009690 secs]
1.115: [GC 1.115: [DefNew: 556K->42K(576K), 0.0003730 secs]1.116: [Train: 28384K->28384K(28544K), 0.0003030 secs] 28923K->28683K(29120K), 0.0009030 secs]
1.116: [GC 1.116: [DefNew: 549K->58K(576K), 0.0003710 secs]1.117: [Train: 28404K->28404K(28544K), 0.0002910 secs] 28934K->28463K(29120K), 0.0008900 secs]
1.118: [GC 1.118: [DefNew: 561K->62K(576K), 0.0004060 secs]1.118: [Train: 28474K->28474K(28608K), 0.0002970 secs] 28965K->28537K(29184K), 0.0009480 secs]
1.119: [GC 1.119: [DefNew: 564K->62K(576K), 0.0004010 secs] 29039K->28610K(29184K), 0.0006170 secs]
1.120: [GC 1.120: [DefNew: 564K->62K(576K), 0.0004240 secs]1.121: [Train: 28622K->28622K(28736K), 0.0003000 secs] 29113K->28684K(29312K), 0.0009540 secs]
1.121: [GC 1.122: [DefNew: 564K->62K(576K), 0.0004080 secs]1.122: [Train: 28696K->28696K(28800K), 0.0003120 secs] 29187K->29014K(29376K), 0.0009500 secs]
1.123: [GC 1.123: [DefNew: 569K->36K(576K), 0.0003950 secs]1.123: [Train: 28760K->28760K(28864K), 0.0002860 secs] 29265K->29137K(29440K), 0.0009080 secs]
1.124: [GC 1.124: [DefNew: 546K->32K(576K), 0.0003830 secs]1.124: [Train: 28798K->28798K(28928K), 0.0002770 secs] 29307K->29214K(29504K), 0.0008890 secs]
1.125: [GC 1.125: [DefNew: 543K->19K(576K), 0.0003690 secs]1.125: [Train: 28821K->28821K(28928K), 0.0002790 secs] 29342K->29224K(29504K), 0.0008770 secs]
1.126: [GC 1.126: [DefNew: 530K->49K(576K), 0.0003630 secs]1.126: [Train: 28821K->28821K(28928K), 0.0002740 secs] 29351K->29254K(29504K), 0.0008650 secs]
1.127: [GC 1.127: [DefNew: 557K->36K(576K), 0.0003770 secs]1.127: [Train: 28842K->28842K(28992K), 0.0002830 secs] 29378K->29262K(29568K), 0.0008900 secs]
1.128: [GC 1.128: [DefNew: 547K->45K(576K), 0.0003730 secs]1.128: [Train: 28862K->28862K(28992K), 0.0002850 secs] 29389K->29291K(29568K), 0.0008880 secs]
1.129: [GC 1.129: [DefNew: 553K->36K(576K), 0.0003690 secs]1.129: [Train: 28878K->28878K(28992K), 0.0002880 secs] 29415K->29255K(29568K), 0.0008880 secs]
1.130: [GC 1.130: [DefNew: 546K->49K(576K), 0.0003770 secs]1.130: [Train: 28900K->28900K(29056K), 0.0002720 secs] 29425K->29205K(29632K), 0.0008810 secs]
1.131: [GC 1.131: [DefNew: 559K->49K(576K), 0.0003840 secs]1.131: [Train: 28939K->28939K(29056K), 0.0002600 secs] 29459K->28988K(29632K), 0.0008750 secs]
1.132: [GC 1.132: [DefNew: 551K->62K(576K), 0.0003970 secs]1.133: [Train: 29000K->29000K(29120K), 0.0002960 secs] 29490K->29062K(29696K), 0.0009240 secs]
1.134: [GC 1.134: [DefNew: 564K->62K(576K), 0.0004080 secs] 29564K->29135K(29696K), 0.0006330 secs]
1.135: [GC 1.135: [DefNew: 564K->62K(576K), 0.0004210 secs]1.135: [Train: 29147K->29147K(29248K), 0.0003000 secs] 29638K->29209K(29824K), 0.0009550 secs]
1.136: [GC 1.136: [DefNew: 564K->62K(576K), 0.0004190 secs]1.137: [Train: 29223K->29223K(29376K), 0.0002730 secs] 29712K->29541K(29952K), 0.0009240 secs]
1.137: [GC 1.137: [DefNew: 569K->45K(576K), 0.0003950 secs]1.138: [Train: 29275K->29259K(29376K), 0.0002680 secs] 29792K->29646K(29952K), 0.0008960 secs]
1.138: [GC 1.138: [DefNew: 556K->22K(576K), 0.0003850 secs]1.139: [Train: 29297K->29265K(29376K), 0.0002340 secs] 29816K->29672K(29952K), 0.0008520 secs]
1.139: [GC 1.139: [DefNew: 534K->52K(576K), 0.0003660 secs]1.140: [Train: 29265K->29265K(29376K), 0.0002690 secs] 29799K->29702K(29952K), 0.0008690 secs]
1.140: [GC 1.140: [DefNew: 560K->36K(576K), 0.0003820 secs]1.141: [Train: 29290K->29290K(29440K), 0.0002760 secs] 29826K->29710K(30016K), 0.0008920 secs]
1.141: [GC 1.141: [DefNew: 547K->45K(576K), 0.0003920 secs]1.142: [Train: 29310K->29310K(29440K), 0.0002670 secs] 29837K->29739K(30016K), 0.0008940 secs]
1.142: [GC 1.142: [DefNew: 553K->36K(576K), 0.0003740 secs]1.143: [Train: 29326K->29326K(29440K), 0.0002550 secs] 29863K->29746K(30016K), 0.0008620 secs]
1.143: [GC 1.143: [DefNew: 547K->45K(576K), 0.0003820 secs]1.144: [Train: 29348K->29348K(29504K), 0.0002680 secs] 29873K->29777K(30080K), 0.0008850 secs]
1.144: [GC 1.144: [DefNew: 553K->36K(576K), 0.0003730 secs]1.145: [Train: 29364K->29364K(29504K), 0.0002590 secs] 29901K->29741K(30080K), 0.0008660 secs]
1.145: [GC 1.145: [DefNew: 546K->49K(576K), 0.0003840 secs]1.146: [Train: 29384K->29384K(29504K), 0.0002570 secs] 29911K->29689K(30080K), 0.0008760 secs]
1.146: [GC 1.147: [DefNew: 559K->49K(576K), 0.0003900 secs]1.147: [Train: 29425K->29425K(29568K), 0.0002730 secs] 29943K->29474K(30144K), 0.0009000 secs]
1.148: [GC 1.148: [DefNew: 551K->62K(576K), 0.0004050 secs]1.148: [Train: 29485K->29485K(29632K), 0.0002990 secs] 29976K->29547K(30208K), 0.0009390 secs]
1.149: [GC 1.149: [DefNew: 564K->62K(576K), 0.0004150 secs] 30050K->29621K(30208K), 0.0006400 secs]
1.150: [GC 1.150: [DefNew: 564K->62K(576K), 0.0004300 secs]1.151: [Train: 29633K->29633K(29760K), 0.0002920 secs] 30124K->29695K(30336K), 0.0009580 secs]
1.151: [GC 1.152: [DefNew: 564K->62K(576K), 0.0004140 secs]1.152: [Train: 29707K->29707K(29824K), 0.0002980 secs] 30198K->30025K(30400K), 0.0009480 secs]
1.153: [GC 1.153: [DefNew: 569K->45K(576K), 0.0004000 secs]1.153: [Train: 29761K->29761K(29888K), 0.0002900 secs] 30276K->30148K(30464K), 0.0009280 secs]
1.154: [GC 1.154: [DefNew: 556K->22K(576K), 0.0003890 secs]1.154: [Train: 29799K->29799K(29952K), 0.0002800 secs] 30318K->30206K(30528K), 0.0009160 secs]
1.155: [GC 1.155: [DefNew: 534K->52K(576K), 0.0003710 secs]1.155: [Train: 29799K->29799K(29952K), 0.0003050 secs] 30333K->30235K(30528K), 0.0009130 secs]
1.156: [GC 1.156: [DefNew: 560K->36K(576K), 0.0003810 secs]1.156: [Train: 29822K->29822K(29952K), 0.0002910 secs] 30359K->30242K(30528K), 0.0009090 secs]
1.157: [GC 1.157: [DefNew: 547K->45K(576K), 0.0003810 secs]1.158: [Train: 29841K->29841K(29952K), 0.0002800 secs] 30369K->30271K(30528K), 0.0008990 secs]
1.158: [GC 1.158: [DefNew: 553K->36K(576K), 0.0003820 secs]1.159: [Train: 29860K->29860K(30016K), 0.0002670 secs] 30395K->30280K(30592K), 0.0008880 secs]
1.159: [GC 1.159: [DefNew: 547K->45K(576K), 0.0003810 secs]1.160: [Train: 29879K->29879K(30016K), 0.0002990 secs] 30407K->30266K(30592K), 0.0009190 secs]
1.160: [GC 1.160: [DefNew: 556K->42K(576K), 0.0003790 secs]1.161: [Train: 29896K->29896K(30016K), 0.0002680 secs] 30436K->30194K(30592K), 0.0008850 secs]
1.161: [GC 1.161: [DefNew: 549K->58K(576K), 0.0003910 secs]1.162: [Train: 29915K->29915K(30016K), 0.0002630 secs] 30445K->29974K(30592K), 0.0008930 secs]
1.163: [GC 1.163: [DefNew: 561K->62K(576K), 0.0004220 secs]1.163: [Train: 29988K->29988K(30144K), 0.0002830 secs] 30476K->30050K(30720K), 0.0009430 secs]
1.164: [GC 1.164: [DefNew: 564K->62K(576K), 0.0004140 secs] 30552K->30124K(30720K), 0.0006410 secs]
1.165: [GC 1.165: [DefNew: 564K->62K(576K), 0.0004300 secs]1.166: [Train: 30135K->30135K(30272K), 0.0002980 secs] 30626K->30197K(30848K), 0.0009670 secs]
1.166: [GC 1.167: [DefNew: 564K->62K(576K), 0.0004200 secs]1.167: [Train: 30209K->30209K(30336K), 0.0003180 secs] 30700K->30527K(30912K), 0.0009790 secs]
1.168: [GC 1.168: [DefNew: 569K->36K(576K), 0.0004050 secs]1.168: [Train: 30273K->30273K(30400K), 0.0003160 secs] 30778K->30650K(30976K), 0.0009630 secs]
1.169: [GC 1.169: [DefNew: 546K->32K(576K), 0.0003950 secs]1.169: [Train: 30311K->30311K(30464K), 0.0003170 secs] 30820K->30727K(31040K), 0.0009540 secs]
1.170: [GC 1.170: [DefNew: 543K->19K(576K), 0.0003850 secs]1.170: [Train: 30334K->30334K(30464K), 0.0002700 secs] 30855K->30737K(31040K), 0.0008970 secs]
1.171: [GC 1.171: [DefNew: 530K->49K(576K), 0.0003730 secs]1.171: [Train: 30334K->30334K(30464K), 0.0002670 secs] 30865K->30767K(31040K), 0.0008830 secs]
1.172: [GC 1.172: [DefNew: 557K->36K(576K), 0.0003820 secs]1.172: [Train: 30353K->30353K(30464K), 0.0002710 secs] 30891K->30773K(31040K), 0.0008950 secs]
1.173: [GC 1.173: [DefNew: 547K->45K(576K), 0.0003880 secs]1.173: [Train: 30375K->30375K(30528K), 0.0003230 secs] 30901K->30805K(31104K), 0.0009510 secs]
1.178: [GC 1.178: [DefNew: 553K->36K(576K), 0.0004520 secs]1.179: [Train: 30391K->30391K(30528K), 0.0003600 secs] 30929K->30768K(31104K), 0.0011240 secs]
1.179: [GC 1.179: [DefNew: 546K->49K(576K), 0.0003870 secs]1.180: [Train: 30411K->30411K(30528K), 0.0002850 secs] 30938K->30716K(31104K), 0.0009130 secs]
1.180: [GC 1.181: [DefNew: 559K->49K(576K), 0.0004000 secs]1.181: [Train: 30452K->30452K(30592K), 0.0002720 secs] 30970K->30501K(31168K), 0.0009130 secs]
1.182: [GC 1.182: [DefNew: 551K->62K(576K), 0.0004120 secs]1.182: [Train: 30513K->30513K(30656K), 0.0002770 secs] 31003K->30575K(31232K), 0.0009310 secs]
1.190: [GC 1.190: [DefNew: 564K->62K(576K), 0.0005740 secs] 31077K->30649K(31232K), 0.0008740 secs]
1.191: [GC 1.192: [DefNew: 564K->62K(576K), 0.0004450 secs]1.192: [Train: 30660K->30660K(30784K), 0.0002880 secs] 31151K->30722K(31360K), 0.0009780 secs]
1.193: [GC 1.193: [DefNew: 564K->62K(576K), 0.0004220 secs]1.194: [Train: 30734K->30734K(30848K), 0.0002990 secs] 31225K->31052K(31424K), 0.0009660 secs]
1.194: [GC 1.194: [DefNew: 569K->45K(576K), 0.0004060 secs]1.195: [Train: 30788K->30788K(30912K), 0.0002660 secs] 31303K->31175K(31488K), 0.0009180 secs]
1.195: [GC 1.195: [DefNew: 556K->22K(576K), 0.0003980 secs]1.196: [Train: 30826K->30826K(30976K), 0.0002570 secs] 31345K->31233K(31552K), 0.0009000 secs]
1.196: [GC 1.196: [DefNew: 534K->52K(576K), 0.0003780 secs]1.197: [Train: 30826K->30826K(30976K), 0.0002790 secs] 31360K->31262K(31552K), 0.0009060 secs]
1.197: [GC 1.197: [DefNew: 560K->36K(576K), 0.0003970 secs]1.198: [Train: 30849K->30849K(30976K), 0.0002730 secs] 31386K->31269K(31552K), 0.0009140 secs]
1.198: [GC 1.198: [DefNew: 547K->45K(576K), 0.0003860 secs]1.199: [Train: 30869K->30869K(30976K), 0.0002540 secs] 31396K->31298K(31552K), 0.0008850 secs]
1.202: [GC 1.202: [DefNew: 553K->36K(576K), 0.0004010 secs]1.202: [Train: 30887K->30887K(31040K), 0.0002700 secs] 31422K->31307K(31616K), 0.0009210 secs]
1.203: [GC 1.203: [DefNew: 547K->45K(576K), 0.0003900 secs]1.203: [Train: 30906K->30906K(31040K), 0.0002600 secs] 31434K->31294K(31616K), 0.0008950 secs]
1.214: [GC 1.214: [DefNew: 556K->42K(576K), 0.0004060 secs]1.214: [Train: 30923K->30923K(31040K), 0.0003000 secs] 31463K->31221K(31616K), 0.0009640 secs]
1.215: [GC 1.215: [DefNew: 549K->58K(576K), 0.0003960 secs]1.216: [Train: 30944K->30944K(31104K), 0.0002900 secs] 31473K->31003K(31680K), 0.0009320 secs]
1.216: [GC 1.217: [DefNew: 561K->62K(576K), 0.0004320 secs]1.217: [Train: 31015K->31015K(31168K), 0.0002780 secs] 31506K->31077K(31744K), 0.0009580 secs]
1.218: [GC 1.218: [DefNew: 564K->62K(576K), 0.0004200 secs] 31579K->31151K(31744K), 0.0006550 secs]
1.219: [GC 1.219: [DefNew: 564K->62K(576K), 0.0004280 secs]1.220: [Train: 31162K->31162K(31296K), 0.0002980 secs] 31653K->31225K(31872K), 0.0009740 secs]
1.220: [GC 1.220: [DefNew: 564K->62K(576K), 0.0004210 secs]1.221: [Train: 31236K->31236K(31360K), 0.0002970 secs] 31727K->31554K(31936K), 0.0009660 secs]
1.221: [GC 1.222: [DefNew: 569K->36K(576K), 0.0004160 secs]1.222: [Train: 31300K->31300K(31424K), 0.0002890 secs] 31806K->31678K(32000K), 0.0009580 secs]
1.223: [GC 1.223: [DefNew: 546K->32K(576K), 0.0004030 secs]1.223: [Train: 31338K->31338K(31488K), 0.0002860 secs] 31847K->31755K(32064K), 0.0009360 secs]
1.224: [GC 1.224: [DefNew: 543K->19K(576K), 0.0003900 secs]1.224: [Train: 31361K->31361K(31488K), 0.0002730 secs] 31882K->31765K(32064K), 0.0009110 secs]
1.225: [GC 1.225: [DefNew: 530K->49K(576K), 0.0003800 secs]1.225: [Train: 31361K->31361K(31488K), 0.0002750 secs] 31892K->31794K(32064K), 0.0009030 secs]
1.226: [GC 1.226: [DefNew: 557K->36K(576K), 0.0003890 secs]1.226: [Train: 31381K->31381K(31488K), 0.0002640 secs] 31918K->31801K(32064K), 0.0009020 secs]
1.238: [GC 1.238: [DefNew: 547K->45K(576K), 0.0004180 secs]1.238: [Train: 31402K->31402K(31552K), 0.0002880 secs] 31928K->31832K(32128K), 0.0009660 secs]
1.239: [GC 1.239: [DefNew: 553K->36K(576K), 0.0003920 secs]1.240: [Train: 31418K->31418K(31552K), 0.0002620 secs] 31956K->31796K(32128K), 0.0009030 secs]
1.240: [GC 1.240: [DefNew: 546K->49K(576K), 0.0003920 secs]1.241: [Train: 31438K->31438K(31552K), 0.0002880 secs] 31965K->31743K(32128K), 0.0009300 secs]
1.241: [GC 1.241: [DefNew: 559K->49K(576K), 0.0004130 secs]1.242: [Train: 31479K->31479K(31616K), 0.0002680 secs] 31998K->31528K(32192K), 0.0009310 secs]
1.242: [GC 1.243: [DefNew: 551K->62K(576K), 0.0004190 secs]1.243: [Train: 31540K->31540K(31680K), 0.0002610 secs] 32031K->31602K(32256K), 0.0009310 secs]
1.244: [GC 1.244: [DefNew: 564K->62K(576K), 0.0004270 secs] 32104K->31676K(32256K), 0.0006680 secs]
1.245: [GC 1.245: [DefNew: 564K->62K(576K), 0.0004490 secs]1.246: [Train: 31688K->31688K(31808K), 0.0003030 secs] 32178K->31750K(32384K), 0.0010060 secs]
1.246: [GC 1.247: [DefNew: 564K->62K(576K), 0.0004260 secs]1.247: [Train: 31761K->31761K(31872K), 0.0002740 secs] 32252K->32079K(32448K), 0.0009540 secs]
1.248: [GC 1.248: [DefNew: 569K->45K(576K), 0.0004130 secs]1.248: [Train: 31816K->31816K(31936K), 0.0002920 secs] 32331K->32203K(32512K), 0.0009570 secs]
1.249: [GC 1.249: [DefNew: 556K->22K(576K), 0.0004040 secs]1.249: [Train: 31853K->31853K(32000K), 0.0002790 secs] 32372K->32260K(32576K), 0.0009350 secs]
1.250: [GC 1.250: [DefNew: 534K->52K(576K), 0.0003860 secs]1.250: [Train: 31853K->31853K(32000K), 0.0002780 secs] 32387K->32290K(32576K), 0.0009160 secs]
1.262: [GC 1.262: [DefNew: 560K->36K(576K), 0.0004150 secs]1.262: [Train: 31876K->31876K(32000K), 0.0002830 secs] 32414K->32296K(32576K), 0.0009700 secs]
1.263: [GC 1.263: [DefNew: 547K->45K(576K), 0.0003970 secs]1.264: [Train: 31896K->31896K(32000K), 0.0002830 secs] 32423K->32326K(32576K), 0.0009330 secs]
1.264: [GC 1.264: [DefNew: 553K->36K(576K), 0.0003980 secs]1.265: [Train: 31914K->31914K(32064K), 0.0002690 secs] 32450K->32334K(32640K), 0.0009200 secs]
1.265: [GC 1.265: [DefNew: 547K->45K(576K), 0.0003970 secs]1.266: [Train: 31934K->31934K(32064K), 0.0002830 secs] 32461K->32321K(32640K), 0.0009380 secs]
1.266: [GC 1.266: [DefNew: 556K->42K(576K), 0.0003950 secs]1.267: [Train: 31950K->31950K(32064K), 0.0002640 secs] 32490K->32249K(32640K), 0.0009110 secs]
1.267: [GC 1.268: [DefNew: 549K->58K(576K), 0.0004030 secs]1.268: [Train: 31972K->31972K(32128K), 0.0002770 secs] 32500K->32030K(32704K), 0.0009340 secs]
1.269: [GC 1.269: [DefNew: 561K->62K(576K), 0.0004280 secs]1.269: [Train: 32042K->32042K(32192K), 0.0002780 secs] 32533K->32104K(32768K), 0.0009600 secs]
1.270: [GC 1.270: [DefNew: 564K->62K(576K), 0.0004290 secs] 32607K->32178K(32768K), 0.0006720 secs]
1.271: [GC 1.271: [DefNew: 564K->62K(576K), 0.0004450 secs]1.272: [Train: 32190K->32190K(32320K), 0.0002820 secs] 32680K->32252K(32896K), 0.0009810 secs]
1.273: [GC 1.273: [DefNew: 564K->62K(576K), 0.0004280 secs]1.273: [Train: 32264K->32264K(32384K), 0.0002700 secs] 32754K->32582K(32960K), 0.0009540 secs]
1.274: [GC 1.274: [DefNew: 569K->36K(576K), 0.0020290 secs]1.276: [Train: 32328K->32328K(32448K), 0.0003010 secs] 32833K->32705K(33024K), 0.0027620 secs]
1.277: [GC 1.277: [DefNew: 546K->32K(576K), 0.0004240 secs]1.277: [Train: 32365K->32365K(32512K), 0.0002790 secs] 32874K->32782K(33088K), 0.0009650 secs]
1.282: [GC 1.282: [DefNew: 543K->19K(576K), 0.0004400 secs]1.283: [Train: 32388K->32388K(32512K), 0.0002720 secs] 32909K->32792K(33088K), 0.0010160 secs]
1.283: [GC 1.283: [DefNew: 530K->49K(576K), 0.0003920 secs]1.284: [Train: 32388K->32388K(32512K), 0.0002560 secs] 32919K->32821K(33088K), 0.0009050 secs]
1.284: [GC 1.284: [DefNew: 557K->36K(576K), 0.0003990 secs]1.285: [Train: 32408K->32408K(32512K), 0.0002920 secs] 32945K->32828K(33088K), 0.0009480 secs]
1.285: [GC 1.285: [DefNew: 547K->45K(576K), 0.0014190 secs]1.287: [Train: 32429K->32429K(32576K), 0.0003300 secs] 32955K->32859K(33152K), 0.0020160 secs]
1.288: [GC 1.288: [DefNew: 553K->36K(576K), 0.0004120 secs]1.289: [Train: 32446K->32446K(32576K), 0.0002760 secs] 32983K->32823K(33152K), 0.0009520 secs]
1.298: [GC 1.300: [DefNew: 546K->49K(576K), 0.0004820 secs]1.300: [Train: 32465K->32465K(32576K), 0.0003170 secs] 32993K->32770K(33152K), 0.0028420 secs]
1.302: [GC 1.303: [DefNew: 559K->49K(576K), 0.0004510 secs]1.303: [Train: 32506K->32506K(32640K), 0.0003030 secs] 33025K->32555K(33216K), 0.0010330 secs]
1.304: [GC 1.304: [DefNew: 551K->62K(576K), 0.0004280 secs]1.304: [Train: 32567K->32567K(32704K), 0.0002740 secs] 33058K->32629K(33280K), 0.0009600 secs]
1.305: [GC 1.307: [DefNew: 564K->62K(576K), 0.0004460 secs] 33132K->32703K(33280K), 0.0019310 secs]
1.308: [GC 1.308: [DefNew: 564K->62K(576K), 0.0004550 secs]1.308: [Train: 32715K->32715K(32832K), 0.0003030 secs] 33206K->32777K(33408K), 0.0010170 secs]
1.309: [GC 1.309: [DefNew: 564K->62K(576K), 0.0004370 secs]1.310: [Train: 32789K->32789K(32896K), 0.0002720 secs] 33279K->33107K(33472K), 0.0009900 secs]
1.310: [GC 1.310: [DefNew: 569K->45K(576K), 0.0004230 secs]1.311: [Train: 32843K->32843K(32960K), 0.0002620 secs] 33358K->33230K(33536K), 0.0009450 secs]
1.311: [GC 1.312: [DefNew: 556K->22K(576K), 0.0004120 secs]1.312: [Train: 32881K->32881K(33024K), 0.0002760 secs] 33400K->33288K(33600K), 0.0009480 secs]
1.320: [GC 1.321: [DefNew: 534K->52K(576K), 0.0004340 secs]1.321: [Train: 32881K->32881K(33024K), 0.0002880 secs] 33415K->33317K(33600K), 0.0010280 secs]
1.321: [GC 1.334: [DefNew: 560K->36K(576K), 0.0005140 secs]1.334: [Train: 32904K->32904K(33024K), 0.0003520 secs] 33441K->33324K(33600K), 0.0132800 secs]
1.335: [GC 1.335: [DefNew: 547K->45K(576K), 0.0020620 secs]1.337: [Train: 32923K->32923K(33024K), 0.0003090 secs] 33451K->33353K(33600K), 0.0026400 secs]
1.338: [GC 1.338: [DefNew: 553K->36K(576K), 0.0004080 secs]1.338: [Train: 32941K->32941K(33088K), 0.0002870 secs] 33477K->33361K(33664K), 0.0009640 secs]
1.339: [GC 1.339: [DefNew: 547K->45K(576K), 0.0004050 secs]1.339: [Train: 32961K->32961K(33088K), 0.0002620 secs] 33489K->33348K(33664K), 0.0009260 secs]
1.340: [GC 1.340: [DefNew: 556K->42K(576K), 0.0004020 secs]1.341: [Train: 32977K->32977K(33088K), 0.0002690 secs] 33518K->33276K(33664K), 0.0009310 secs]
1.341: [GC 1.341: [DefNew: 549K->58K(576K), 0.0004160 secs]1.342: [Train: 32999K->32999K(33152K), 0.0002830 secs] 33527K->33058K(33728K), 0.0009580 secs]
1.343: [GC 1.343: [DefNew: 561K->62K(576K), 0.0004370 secs]1.343: [Train: 33069K->33069K(33216K), 0.0002850 secs] 33560K->33132K(33792K), 0.0009830 secs]
1.344: [GC 1.344: [DefNew: 564K->62K(576K), 0.0005310 secs] 33634K->33205K(33792K), 0.0007800 secs]
1.345: [GC 1.345: [DefNew: 564K->62K(576K), 0.0004730 secs]1.346: [Train: 33217K->33217K(33344K), 0.0003030 secs] 33708K->33279K(33920K), 0.0010400 secs]
1.347: [GC 1.347: [DefNew: 564K->62K(576K), 0.0004350 secs]1.347: [Train: 33291K->33291K(33408K), 0.0002990 secs] 33782K->33609K(33984K), 0.0009970 secs]
1.348: [GC 1.348: [DefNew: 569K->36K(576K), 0.0004270 secs]1.348: [Train: 33355K->33355K(33472K), 0.0002970 secs] 33860K->33732K(34048K), 0.0009880 secs]
1.349: [GC 1.349: [DefNew: 546K->32K(576K), 0.0004160 secs]1.350: [Train: 33393K->33393K(33536K), 0.0002950 secs] 33902K->33809K(34112K), 0.0009750 secs]
1.350: [GC 1.351: [DefNew: 543K->19K(576K), 0.0004060 secs]1.351: [Train: 33416K->33416K(33536K), 0.0002670 secs] 33937K->33819K(34112K), 0.0009370 secs]
1.358: [GC 1.358: [DefNew: 530K->49K(576K), 0.0004330 secs]1.359: [Train: 33416K->33416K(33536K), 0.0003040 secs] 33946K->33849K(34112K), 0.0010440 secs]
1.359: [GC 1.359: [DefNew: 557K->36K(576K), 0.0004070 secs]1.360: [Train: 33435K->33435K(33536K), 0.0002920 secs] 33973K->33855K(34112K), 0.0009630 secs]
1.360: [GC 1.360: [DefNew: 547K->45K(576K), 0.0004110 secs]1.361: [Train: 33457K->33457K(33600K), 0.0002770 secs] 33982K->33886K(34176K), 0.0009500 secs]
1.361: [GC 1.361: [DefNew: 553K->36K(576K), 0.0004100 secs]1.362: [Train: 33473K->33473K(33600K), 0.0002760 secs] 34010K->33850K(34176K), 0.0009490 secs]
1.362: [GC 1.363: [DefNew: 546K->49K(576K), 0.0004060 secs]1.363: [Train: 33493K->33493K(33600K), 0.0002590 secs] 34020K->33798K(34176K), 0.0009290 secs]
1.363: [GC 1.364: [DefNew: 559K->49K(576K), 0.0004280 secs]1.364: [Train: 33534K->33534K(33664K), 0.0002700 secs] 34052K->33583K(34240K), 0.0009630 secs]
1.370: [GC 1.370: [DefNew: 551K->62K(576K), 0.0004650 secs]1.371: [Train: 33594K->33594K(33728K), 0.0002970 secs] 34085K->33657K(34304K), 0.0010420 secs]
1.372: [GC 1.372: [DefNew: 564K->62K(576K), 0.0004500 secs] 34159K->33730K(34304K), 0.0007030 secs]
1.373: [GC 1.373: [DefNew: 564K->62K(576K), 0.0004730 secs]1.373: [Train: 33742K->33742K(33856K), 0.0002920 secs] 34233K->33804K(34432K), 0.0010330 secs]
1.374: [GC 1.374: [DefNew: 564K->62K(576K), 0.0004520 secs]1.375: [Train: 33816K->33816K(33920K), 0.0003140 secs] 34307K->34134K(34496K), 0.0010360 secs]
1.375: [GC 1.376: [DefNew: 569K->45K(576K), 0.0004380 secs]1.376: [Train: 33870K->33870K(33984K), 0.0002900 secs] 34385K->34257K(34560K), 0.0009940 secs]
1.382: [GC 1.382: [DefNew: 556K->22K(576K), 0.0004500 secs]1.383: [Train: 33908K->33908K(34048K), 0.0003090 secs] 34427K->34315K(34624K), 0.0010470 secs]
1.383: [GC 1.383: [DefNew: 534K->52K(576K), 0.0004040 secs]1.384: [Train: 33908K->33908K(34048K), 0.0002750 secs] 34442K->34344K(34624K), 0.0009460 secs]
1.384: [GC 1.384: [DefNew: 560K->36K(576K), 0.0004150 secs]1.385: [Train: 33931K->33931K(34048K), 0.0002730 secs] 34468K->34351K(34624K), 0.0009540 secs]
1.385: [GC 1.385: [DefNew: 547K->45K(576K), 0.0004230 secs]1.386: [Train: 33952K->33952K(34112K), 0.0002670 secs] 34478K->34382K(34688K), 0.0009580 secs]
1.386: [GC 1.387: [DefNew: 553K->36K(576K), 0.0004120 secs]1.387: [Train: 33969K->33969K(34112K), 0.0002720 secs] 34506K->34389K(34688K), 0.0009510 secs]
1.387: [GC 1.388: [DefNew: 547K->45K(576K), 0.0004140 secs]1.388: [Train: 33988K->33988K(34112K), 0.0003110 secs] 34516K->34375K(34688K), 0.0009980 secs]
1.394: [GC 1.394: [DefNew: 556K->42K(576K), 0.0004270 secs]1.395: [Train: 34005K->34005K(34112K), 0.0002860 secs] 34545K->34303K(34688K), 0.0009940 secs]
1.395: [GC 1.395: [DefNew: 549K->58K(576K), 0.0004270 secs]1.396: [Train: 34026K->34026K(34176K), 0.0003030 secs] 34554K->34085K(34752K), 0.0009990 secs]
1.397: [GC 1.397: [DefNew: 561K->62K(576K), 0.0004540 secs]1.397: [Train: 34097K->34097K(34240K), 0.0002850 secs] 34587K->34159K(34816K), 0.0010080 secs]
1.398: [GC 1.398: [DefNew: 564K->62K(576K), 0.0004560 secs] 34661K->34233K(34816K), 0.0007150 secs]
1.399: [GC 1.399: [DefNew: 564K->62K(576K), 0.0004580 secs]1.400: [Train: 34244K->34244K(34368K), 0.0002950 secs] 34735K->34306K(34944K), 0.0010230 secs]
1.406: [GC 1.406: [DefNew: 564K->62K(576K), 0.0004840 secs]1.407: [Train: 34318K->34318K(34432K), 0.0002950 secs] 34809K->34636K(35008K), 0.0010700 secs]
1.408: [GC 1.408: [DefNew: 569K->36K(576K), 0.0004470 secs]1.408: [Train: 34382K->34382K(34496K), 0.0002830 secs] 34887K->34759K(35072K), 0.0010010 secs]
1.409: [GC 1.409: [DefNew: 546K->32K(576K), 0.0004280 secs]1.409: [Train: 34420K->34420K(34560K), 0.0002850 secs] 34929K->34837K(35136K), 0.0009840 secs]
1.410: [GC 1.410: [DefNew: 543K->19K(576K), 0.0004150 secs]1.411: [Train: 34443K->34443K(34560K), 0.0003090 secs] 34964K->34846K(35136K), 0.0009960 secs]
1.411: [GC 1.411: [DefNew: 530K->49K(576K), 0.0004040 secs]1.412: [Train: 34443K->34443K(34560K), 0.0002660 secs] 34974K->34876K(35136K), 0.0009410 secs]
1.414: [GC 1.414: [DefNew: 557K->36K(576K), 0.0004370 secs]1.415: [Train: 34464K->34464K(34624K), 0.0002790 secs] 35000K->34884K(35200K), 0.0009980 secs]
1.415: [GC 1.415: [DefNew: 547K->45K(576K), 0.0004190 secs]1.416: [Train: 34484K->34484K(34624K), 0.0008800 secs] 35011K->34914K(35200K), 0.0015730 secs]
1.418: [GC 1.418: [DefNew: 553K->36K(576K), 0.0004220 secs]1.418: [Train: 34500K->34500K(34624K), 0.0002690 secs] 35038K->34878K(35200K), 0.0009670 secs]
1.419: [GC 1.420: [DefNew: 546K->49K(576K), 0.0004240 secs]1.420: [Train: 34520K->34520K(34624K), 0.0002980 secs] 35047K->34825K(35200K), 0.0009960 secs]
1.423: [GC 1.423: [DefNew: 559K->49K(576K), 0.0004520 secs]1.424: [Train: 34561K->34561K(34688K), 0.0003170 secs] 35079K->34610K(35264K), 0.0010500 secs]
1.424: [GC 1.425: [DefNew: 551K->62K(576K), 0.0004550 secs]1.425: [Train: 34622K->34622K(34752K), 0.0002900 secs] 35112K->34684K(35328K), 0.0010200 secs]
1.426: [GC 1.426: [DefNew: 564K->62K(576K), 0.0004630 secs] 35186K->34758K(35328K), 0.0007260 secs]
1.427: [GC 1.427: [DefNew: 564K->62K(576K), 0.0004700 secs]1.428: [Train: 34769K->34769K(34880K), 0.0002850 secs] 35260K->34831K(35456K), 0.0010300 secs]
1.430: [GC 1.430: [DefNew: 564K->62K(576K), 0.0004650 secs]1.430: [Train: 34843K->34843K(34944K), 0.0002790 secs] 35334K->35161K(35520K), 0.0010200 secs]
1.431: [GC 1.431: [DefNew: 569K->45K(576K), 0.0004490 secs]1.432: [Train: 34897K->34897K(35008K), 0.0002820 secs] 35413K->35284K(35584K), 0.0010070 secs]
1.432: [GC 1.432: [DefNew: 556K->22K(576K), 0.0004320 secs]1.433: [Train: 34935K->34935K(35072K), 0.0002900 secs] 35454K->35342K(35648K), 0.0009990 secs]
1.434: [GC 1.434: [DefNew: 534K->52K(576K), 0.0004110 secs]1.434: [Train: 34935K->34935K(35072K), 0.0002810 secs] 35469K->35371K(35648K), 0.0009690 secs]
1.438: [GC 1.438: [DefNew: 560K->36K(576K), 0.0004280 secs]1.438: [Train: 34958K->34958K(35072K), 0.0002790 secs] 35495K->35378K(35648K), 0.0009830 secs]
1.439: [GC 1.439: [DefNew: 547K->45K(576K), 0.0004260 secs]1.439: [Train: 34980K->34980K(35136K), 0.0002840 secs] 35505K->35409K(35712K), 0.0009880 secs]
1.440: [GC 1.440: [DefNew: 553K->36K(576K), 0.0004180 secs]1.441: [Train: 34996K->34996K(35136K), 0.0002760 secs] 35533K->35416K(35712K), 0.0009720 secs]
1.442: [GC 1.442: [DefNew: 547K->45K(576K), 0.0004270 secs]1.442: [Train: 35016K->35016K(35136K), 0.0002980 secs] 35543K->35445K(35712K), 0.0010030 secs]
1.443: [GC 1.443: [DefNew: 553K->36K(576K), 0.0004170 secs]1.443: [Train: 35032K->35032K(35136K), 0.0002720 secs] 35569K->35409K(35712K), 0.0009730 secs]
1.450: [GC 1.450: [DefNew: 546K->49K(576K), 0.0004310 secs]1.450: [Train: 35053K->35053K(35200K), 0.0002860 secs] 35579K->35358K(35776K), 0.0009970 secs]
1.451: [GC 1.451: [DefNew: 559K->49K(576K), 0.0004310 secs]1.452: [Train: 35093K->35093K(35200K), 0.0002690 secs] 35613K->35142K(35776K), 0.0009790 secs]
1.452: [GC 1.453: [DefNew: 551K->62K(576K), 0.0004480 secs]1.453: [Train: 35153K->35153K(35264K), 0.0002800 secs] 35644K->35215K(35840K), 0.0010050 secs]
1.454: [GC 1.454: [DefNew: 564K->62K(576K), 0.0004560 secs] 35718K->35289K(35840K), 0.0007210 secs]
1.455: [GC 1.455: [DefNew: 564K->62K(576K), 0.0004790 secs]1.456: [Train: 35303K->35303K(35456K), 0.0002770 secs] 35792K->35365K(36032K), 0.0010360 secs]
1.456: [GC 1.457: [DefNew: 564K->62K(576K), 0.0004540 secs]1.457: [Train: 35377K->35377K(35520K), 0.0002900 secs] 35867K->35695K(36096K), 0.0010250 secs]
1.462: [GC 1.462: [DefNew: 569K->45K(576K), 0.0004480 secs]1.462: [Train: 35431K->35431K(35584K), 0.0002890 secs] 35946K->35818K(36160K), 0.0010180 secs]
1.463: [GC 1.463: [DefNew: 556K->22K(576K), 0.0004280 secs]1.464: [Train: 35467K->35467K(35584K), 0.0002690 secs] 35988K->35874K(36160K), 0.0009780 secs]
1.464: [GC 1.464: [DefNew: 534K->52K(576K), 0.0004140 secs]1.465: [Train: 35467K->35467K(35584K), 0.0002720 secs] 36001K->35903K(36160K), 0.0009670 secs]
1.466: [GC 1.466: [DefNew: 560K->36K(576K), 0.0004310 secs]1.466: [Train: 35492K->35492K(35648K), 0.0002850 secs] 36027K->35912K(36224K), 0.0009980 secs]
1.470: [GC 1.470: [DefNew: 547K->45K(576K), 0.0007570 secs]1.471: [Train: 35511K->35511K(35648K), 0.0002760 secs] 36039K->35941K(36224K), 0.0013170 secs]
1.471: [GC 1.471: [DefNew: 553K->36K(576K), 0.0004220 secs]1.472: [Train: 35528K->35528K(35648K), 0.0002650 secs] 36065K->35948K(36224K), 0.0009690 secs]
1.472: [GC 1.472: [DefNew: 547K->45K(576K), 0.0004240 secs]1.473: [Train: 35547K->35547K(35648K), 0.0002950 secs] 36075K->35934K(36224K), 0.0010000 secs]
1.478: [GC 1.478: [DefNew: 556K->42K(576K), 0.0004370 secs]1.478: [Train: 35565K->35565K(35712K), 0.0002810 secs] 36104K->35864K(36288K), 0.0009990 secs]
1.479: [GC 1.479: [DefNew: 549K->58K(576K), 0.0004270 secs]1.480: [Train: 35585K->35585K(35712K), 0.0002730 secs] 36115K->35644K(36288K), 0.0009790 secs]
1.480: [GC 1.481: [DefNew: 561K->62K(576K), 0.0004510 secs]1.481: [Train: 35656K->35656K(35776K), 0.0002920 secs] 36146K->35718K(36352K), 0.0010220 secs]
1.482: [GC 1.482: [DefNew: 564K->62K(576K), 0.0004540 secs] 36220K->35792K(36352K), 0.0007220 secs]
1.483: [GC 1.483: [DefNew: 564K->62K(576K), 0.0004720 secs]1.484: [Train: 35803K->35803K(35904K), 0.0002810 secs] 36294K->35865K(36480K), 0.0010350 secs]
1.490: [GC 1.490: [DefNew: 564K->62K(576K), 0.0004760 secs]1.491: [Train: 35879K->35879K(36032K), 0.0002920 secs] 36368K->36197K(36608K), 0.0010510 secs]
1.491: [GC 1.492: [DefNew: 569K->36K(576K), 0.0004490 secs]1.492: [Train: 35943K->35943K(36096K), 0.0002990 secs] 36448K->36320K(36672K), 0.0010310 secs]
1.493: [GC 1.493: [DefNew: 546K->32K(576K), 0.0004310 secs]1.493: [Train: 35979K->35979K(36096K), 0.0002710 secs] 36490K->36395K(36672K), 0.0009860 secs]
1.494: [GC 1.494: [DefNew: 543K->19K(576K), 0.0004300 secs]1.494: [Train: 36004K->36004K(36160K), 0.0002850 secs] 36523K->36407K(36736K), 0.0009970 secs]
1.495: [GC 1.495: [DefNew: 530K->49K(576K), 0.0004160 secs]1.495: [Train: 36004K->36004K(36160K), 0.0002690 secs] 36534K->36437K(36736K), 0.0009670 secs]
1.502: [GC 1.502: [DefNew: 557K->36K(576K), 0.0004270 secs]1.502: [Train: 36023K->36023K(36160K), 0.0002790 secs] 36561K->36443K(36736K), 0.0009890 secs]
1.503: [GC 1.503: [DefNew: 547K->45K(576K), 0.0004270 secs]1.504: [Train: 36043K->36043K(36160K), 0.0002690 secs] 36570K->36473K(36736K), 0.0009780 secs]
1.504: [GC 1.504: [DefNew: 553K->36K(576K), 0.0004230 secs]1.505: [Train: 36059K->36059K(36160K), 0.0002660 secs] 36597K->36437K(36736K), 0.0009720 secs]
1.505: [GC 1.505: [DefNew: 546K->49K(576K), 0.0016860 secs]1.507: [Train: 36081K->36081K(36224K), 0.0002800 secs] 36606K->36386K(36800K), 0.0022510 secs]
1.508: [GC 1.508: [DefNew: 559K->49K(576K), 0.0016450 secs]1.510: [Train: 36120K->36120K(36224K), 0.0005470 secs] 36640K->36169K(36800K), 0.0024840 secs]
1.511: [GC 1.511: [DefNew: 551K->62K(576K), 0.0004580 secs]1.511: [Train: 36181K->36181K(36288K), 0.0002980 secs] 36671K->36243K(36864K), 0.0010420 secs]
1.514: [GC 1.514: [DefNew: 564K->62K(576K), 0.0004780 secs] 36745K->36318K(36928K), 0.0007510 secs]
1.515: [GC 1.516: [DefNew: 564K->62K(576K), 0.0004810 secs]1.516: [Train: 36330K->36330K(36480K), 0.0002930 secs] 36821K->36392K(37056K), 0.0011580 secs]
1.520: [GC 1.520: [DefNew: 564K->62K(576K), 0.0004700 secs]1.521: [Train: 36404K->36404K(36544K), 0.0002900 secs] 36895K->36722K(37120K), 0.0010490 secs]
1.521: [GC 1.521: [DefNew: 569K->45K(576K), 0.0004560 secs]1.522: [Train: 36458K->36458K(36608K), 0.0002980 secs] 36973K->36845K(37184K), 0.0010390 secs]
1.522: [GC 1.523: [DefNew: 556K->22K(576K), 0.0004380 secs]1.523: [Train: 36494K->36494K(36608K), 0.0002940 secs] 37015K->36901K(37184K), 0.0010180 secs]
1.526: [GC 1.526: [DefNew: 534K->52K(576K), 0.0004240 secs]1.526: [Train: 36494K->36494K(36608K), 0.0002690 secs] 37028K->36930K(37184K), 0.0009800 secs]
1.527: [GC 1.527: [DefNew: 560K->36K(576K), 0.0004360 secs]1.528: [Train: 36519K->36519K(36672K), 0.0003000 secs] 37054K->36939K(37248K), 0.0010220 secs]
1.535: [GC 1.536: [DefNew: 547K->45K(576K), 0.0004370 secs]1.536: [Train: 36538K->36538K(36672K), 0.0002780 secs] 37066K->36968K(37248K), 0.0010030 secs]
1.536: [GC 1.537: [DefNew: 553K->36K(576K), 0.0004280 secs]1.537: [Train: 36555K->36555K(36672K), 0.0002710 secs] 37092K->36975K(37248K), 0.0009840 secs]
1.538: [GC 1.538: [DefNew: 547K->45K(576K), 0.0004360 secs]1.538: [Train: 36576K->36576K(36736K), 0.0002820 secs] 37102K->36963K(37312K), 0.0010170 secs]
1.539: [GC 1.539: [DefNew: 556K->42K(576K), 0.0004290 secs]1.539: [Train: 36593K->36593K(36736K), 0.0002680 secs] 37133K->36891K(37312K), 0.0009840 secs]
1.540: [GC 1.540: [DefNew: 549K->58K(576K), 0.0004330 secs]1.541: [Train: 36612K->36612K(36736K), 0.0002730 secs] 37142K->36671K(37312K), 0.0009920 secs]
1.541: [GC 1.542: [DefNew: 561K->62K(576K), 0.0004680 secs]1.542: [Train: 36683K->36683K(36800K), 0.0002910 secs] 37174K->36745K(37376K), 0.0010470 secs]
1.543: [GC 1.543: [DefNew: 564K->62K(576K), 0.0004620 secs] 37247K->36819K(37376K), 0.0007380 secs]
1.550: [GC 1.550: [DefNew: 564K->62K(576K), 0.0004950 secs]1.551: [Train: 36832K->36832K(36992K), 0.0003060 secs] 37321K->36894K(37568K), 0.0010910 secs]
1.552: [GC 1.552: [DefNew: 564K->62K(576K), 0.0004670 secs]1.552: [Train: 36906K->36906K(37056K), 0.0002900 secs] 37397K->37224K(37632K), 0.0010450 secs]
1.553: [GC 1.553: [DefNew: 569K->36K(576K), 0.0004550 secs]1.554: [Train: 36970K->36970K(37120K), 0.0002890 secs] 37475K->37347K(37696K), 0.0010330 secs]
1.554: [GC 1.554: [DefNew: 546K->32K(576K), 0.0004400 secs]1.555: [Train: 37006K->37006K(37120K), 0.0002870 secs] 37517K->37423K(37696K), 0.0010160 secs]
1.555: [GC 1.555: [DefNew: 543K->19K(576K), 0.0004360 secs]1.556: [Train: 37031K->37031K(37184K), 0.0002710 secs] 37550K->37434K(37760K), 0.0009980 secs]
1.556: [GC 1.557: [DefNew: 530K->49K(576K), 0.0004230 secs]1.557: [Train: 37031K->37031K(37184K), 0.0002600 secs] 37562K->37464K(37760K), 0.0009720 secs]
1.562: [GC 1.562: [DefNew: 557K->36K(576K), 0.0004360 secs]1.562: [Train: 37050K->37050K(37184K), 0.0002760 secs] 37588K->37470K(37760K), 0.0010030 secs]
1.563: [GC 1.563: [DefNew: 547K->45K(576K), 0.0004350 secs]1.564: [Train: 37070K->37070K(37184K), 0.0002660 secs] 37598K->37500K(37760K), 0.0009900 secs]
1.564: [GC 1.564: [DefNew: 553K->36K(576K), 0.0004350 secs]1.565: [Train: 37088K->37088K(37248K), 0.0002780 secs] 37624K->37466K(37824K), 0.0010040 secs]
1.565: [GC 1.565: [DefNew: 546K->49K(576K), 0.0004400 secs]1.566: [Train: 37108K->37108K(37248K), 0.0002810 secs] 37635K->37413K(37824K), 0.0010130 secs]
1.566: [GC 1.567: [DefNew: 559K->49K(576K), 0.0004500 secs]1.567: [Train: 37147K->37147K(37248K), 0.0002820 secs] 37667K->37196K(37824K), 0.0010220 secs]
1.568: [GC 1.568: [DefNew: 551K->62K(576K), 0.0004680 secs]1.569: [Train: 37208K->37208K(37312K), 0.0002990 secs] 37699K->37270K(37888K), 0.0010650 secs]
1.569: [GC 1.570: [DefNew: 564K->62K(576K), 0.0004910 secs] 37772K->37346K(37952K), 0.0007780 secs]
1.571: [GC 1.571: [DefNew: 564K->62K(576K), 0.0004850 secs]1.571: [Train: 37357K->37357K(37504K), 0.0002790 secs] 37848K->37419K(38080K), 0.0010560 secs]
1.572: [GC 1.572: [DefNew: 564K->62K(576K), 0.0004770 secs]1.573: [Train: 37431K->37431K(37568K), 0.0002970 secs] 37922K->37749K(38144K), 0.0010660 secs]
1.573: [GC 1.574: [DefNew: 569K->45K(576K), 0.0004810 secs]1.574: [Train: 37485K->37485K(37632K), 0.0002870 secs] 38001K->37872K(38208K), 0.0010610 secs]
1.575: [GC 1.575: [DefNew: 556K->22K(576K), 0.0004460 secs]1.575: [Train: 37521K->37521K(37632K), 0.0002860 secs] 38042K->37928K(38208K), 0.0010250 secs]
1.576: [GC 1.576: [DefNew: 534K->52K(576K), 0.0004280 secs]1.576: [Train: 37521K->37521K(37632K), 0.0003170 secs] 38055K->37958K(38208K), 0.0010370 secs]
1.577: [GC 1.577: [DefNew: 560K->36K(576K), 0.0004490 secs]1.578: [Train: 37546K->37546K(37696K), 0.0003060 secs] 38082K->37966K(38272K), 0.0010500 secs]
1.578: [GC 1.578: [DefNew: 547K->45K(576K), 0.0004450 secs]1.579: [Train: 37566K->37566K(37696K), 0.0003180 secs] 38093K->37995K(38272K), 0.0010590 secs]
1.579: [GC 1.580: [DefNew: 553K->36K(576K), 0.0004390 secs]1.580: [Train: 37582K->37582K(37696K), 0.0003040 secs] 38119K->38002K(38272K), 0.0010380 secs]
1.580: [GC 1.581: [DefNew: 547K->45K(576K), 0.0004530 secs]1.581: [Train: 37604K->37604K(37760K), 0.0003110 secs] 38129K->37991K(38336K), 0.0010590 secs]
1.582: [GC 1.582: [DefNew: 556K->42K(576K), 0.0004400 secs]1.582: [Train: 37620K->37620K(37760K), 0.0003030 secs] 38160K->37918K(38336K), 0.0010390 secs]
1.583: [GC 1.583: [DefNew: 549K->58K(576K), 0.0004460 secs]1.584: [Train: 37640K->37640K(37760K), 0.0003060 secs] 38170K->37698K(38336K), 0.0010460 secs]
1.584: [GC 1.585: [DefNew: 561K->62K(576K), 0.0004930 secs]1.585: [Train: 37710K->37710K(37824K), 0.0003120 secs] 38201K->37772K(38400K), 0.0011020 secs]
1.586: [GC 1.586: [DefNew: 564K->62K(576K), 0.0004770 secs] 38275K->37846K(38400K), 0.0007600 secs]
1.587: [GC 1.587: [DefNew: 564K->62K(576K), 0.0004970 secs]1.588: [Train: 37860K->37860K(38016K), 0.0003000 secs] 38348K->37922K(38592K), 0.0010920 secs]
1.589: [GC 1.589: [DefNew: 564K->62K(576K), 0.0004830 secs]1.589: [Train: 37933K->37933K(38080K), 0.0002940 secs] 38424K->38252K(38656K), 0.0010740 secs]
1.590: [GC 1.590: [DefNew: 569K->36K(576K), 0.0004710 secs]1.591: [Train: 37997K->37997K(38144K), 0.0002850 secs] 38503K->38375K(38720K), 0.0010530 secs]
1.591: [GC 1.592: [DefNew: 546K->32K(576K), 0.0004520 secs]1.592: [Train: 38033K->38033K(38144K), 0.0002790 secs] 38544K->38450K(38720K), 0.0010920 secs]
1.592: [GC 1.593: [DefNew: 543K->19K(576K), 0.0004510 secs]1.593: [Train: 38058K->38058K(38208K), 0.0003150 secs] 38577K->38462K(38784K), 0.0010650 secs]
1.594: [GC 1.594: [DefNew: 530K->49K(576K), 0.0004350 secs]1.594: [Train: 38058K->38058K(38208K), 0.0003150 secs] 38589K->38491K(38784K), 0.0010790 secs]
1.595: [GC 1.595: [DefNew: 557K->36K(576K), 0.0004480 secs]1.596: [Train: 38078K->38078K(38208K), 0.0002880 secs] 38615K->38498K(38784K), 0.0010340 secs]
1.596: [GC 1.596: [DefNew: 547K->45K(576K), 0.0004460 secs]1.597: [Train: 38097K->38097K(38208K), 0.0003130 secs] 38625K->38527K(38784K), 0.0010580 secs]
1.597: [GC 1.598: [DefNew: 553K->36K(576K), 0.0004660 secs]1.598: [Train: 38116K->38116K(38272K), 0.0003100 secs] 38651K->38493K(38848K), 0.0010750 secs]
1.598: [GC 1.599: [DefNew: 546K->49K(576K), 0.0004450 secs]1.599: [Train: 38135K->38135K(38272K), 0.0002800 secs] 38662K->38440K(38848K), 0.0010210 secs]
1.600: [GC 1.600: [DefNew: 559K->49K(576K), 0.0004660 secs]1.600: [Train: 38176K->38176K(38336K), 0.0002780 secs] 38695K->38225K(38912K), 0.0010410 secs]
1.601: [GC 1.601: [DefNew: 551K->62K(576K), 0.0004800 secs]1.602: [Train: 38235K->38235K(38336K), 0.0002850 secs] 38728K->38297K(38912K), 0.0010630 secs]
1.603: [GC 1.603: [DefNew: 564K->62K(576K), 0.0005000 secs] 38800K->38373K(38976K), 0.0007860 secs]
1.604: [GC 1.604: [DefNew: 564K->62K(576K), 0.0004860 secs]1.605: [Train: 38385K->38385K(38528K), 0.0003140 secs] 38875K->38447K(39104K), 0.0011000 secs]
1.605: [GC 1.606: [DefNew: 564K->62K(576K), 0.0005000 secs]1.606: [Train: 38458K->38458K(38592K), 0.0003110 secs] 38949K->38777K(39168K), 0.0011180 secs]
1.607: [GC 1.607: [DefNew: 569K->45K(576K), 0.0004830 secs]1.608: [Train: 38513K->38513K(38656K), 0.0003160 secs] 39028K->38900K(39232K), 0.0011060 secs]
1.608: [GC 1.608: [DefNew: 556K->22K(576K), 0.0004610 secs]1.609: [Train: 38549K->38549K(38656K), 0.0003170 secs] 39069K->38956K(39232K), 0.0010800 secs]
1.609: [GC 1.610: [DefNew: 534K->52K(576K), 0.0005540 secs]1.610: [Train: 38549K->38549K(38656K), 0.0003030 secs] 39083K->38985K(39232K), 0.0011590 secs]
1.611: [GC 1.611: [DefNew: 560K->36K(576K), 0.0004650 secs]1.611: [Train: 38573K->38573K(38720K), 0.0003280 secs] 39109K->38993K(39296K), 0.0010940 secs]
1.612: [GC 1.612: [DefNew: 547K->45K(576K), 0.0004520 secs]1.613: [Train: 38593K->38593K(38720K), 0.0003190 secs] 39121K->39023K(39296K), 0.0010720 secs]
1.613: [GC 1.613: [DefNew: 553K->36K(576K), 0.0004570 secs]1.614: [Train: 38609K->38609K(38720K), 0.0002830 secs] 39147K->39029K(39296K), 0.0010400 secs]
1.614: [GC 1.614: [DefNew: 547K->45K(576K), 0.0004520 secs]1.615: [Train: 38631K->38631K(38784K), 0.0002880 secs] 39157K->39018K(39360K), 0.0010400 secs]
1.615: [GC 1.616: [DefNew: 556K->42K(576K), 0.0004450 secs]1.616: [Train: 38647K->38647K(38784K), 0.0002880 secs] 39188K->38946K(39360K), 0.0010330 secs]
1.617: [GC 1.617: [DefNew: 549K->58K(576K), 0.0004500 secs]1.617: [Train: 38667K->38667K(38784K), 0.0002800 secs] 39197K->38726K(39360K), 0.0010310 secs]
1.618: [GC 1.618: [DefNew: 561K->62K(576K), 0.0004850 secs]1.619: [Train: 38737K->38737K(38848K), 0.0003160 secs] 39228K->38800K(39424K), 0.0011040 secs]
1.620: [GC 1.620: [DefNew: 564K->62K(576K), 0.0004860 secs] 39302K->38873K(39424K), 0.0007760 secs]
1.621: [GC 1.621: [DefNew: 564K->62K(576K), 0.0005070 secs]1.622: [Train: 38887K->38887K(39040K), 0.0003240 secs] 39376K->38949K(39616K), 0.0011340 secs]
1.622: [GC 1.623: [DefNew: 564K->62K(576K), 0.0004980 secs]1.623: [Train: 38961K->38961K(39104K), 0.0003050 secs] 39451K->39279K(39680K), 0.0011070 secs]
1.624: [GC 1.624: [DefNew: 569K->36K(576K), 0.0004950 secs]1.625: [Train: 39025K->39025K(39168K), 0.0003290 secs] 39530K->39402K(39744K), 0.0011280 secs]
1.625: [GC 1.625: [DefNew: 546K->32K(576K), 0.0004720 secs]1.626: [Train: 39061K->39061K(39168K), 0.0002880 secs] 39572K->39477K(39744K), 0.0010630 secs]
1.626: [GC 1.626: [DefNew: 543K->19K(576K), 0.0004610 secs]1.627: [Train: 39085K->39085K(39232K), 0.0002950 secs] 39605K->39489K(39808K), 0.0010590 secs]
1.627: [GC 1.628: [DefNew: 530K->49K(576K), 0.0004390 secs]1.628: [Train: 39085K->39085K(39232K), 0.0002970 secs] 39616K->39518K(39808K), 0.0010390 secs]
1.629: [GC 1.629: [DefNew: 557K->36K(576K), 0.0004500 secs]1.629: [Train: 39105K->39105K(39232K), 0.0002900 secs] 39642K->39525K(39808K), 0.0010440 secs]
1.630: [GC 1.630: [DefNew: 547K->45K(576K), 0.0004500 secs]1.630: [Train: 39125K->39125K(39232K), 0.0002870 secs] 39652K->39554K(39808K), 0.0010400 secs]
1.631: [GC 1.631: [DefNew: 553K->36K(576K), 0.0004540 secs]1.632: [Train: 39143K->39143K(39296K), 0.0002980 secs] 39678K->39520K(39872K), 0.0010560 secs]
1.632: [GC 1.632: [DefNew: 546K->49K(576K), 0.0004530 secs]1.633: [Train: 39162K->39162K(39296K), 0.0002910 secs] 39690K->39467K(39872K), 0.0010480 secs]
1.633: [GC 1.634: [DefNew: 559K->49K(576K), 0.0004730 secs]1.634: [Train: 39204K->39204K(39360K), 0.0003080 secs] 39722K->39253K(39936K), 0.0011030 secs]
1.635: [GC 1.635: [DefNew: 551K->62K(576K), 0.0004870 secs]1.636: [Train: 39264K->39264K(39424K), 0.0002960 secs] 39755K->39326K(40000K), 0.0010890 secs]
1.636: [GC 1.637: [DefNew: 573K->62K(576K), 0.0011020 secs] 39838K->39508K(40128K), 0.0014020 secs]
1.638: [GC 1.639: [DefNew: 564K->62K(576K), 0.0005010 secs]1.639: [Train: 39520K->39520K(39680K), 0.0003050 secs] 40010K->39582K(40256K), 0.0011140 secs]
1.640: [GC 1.640: [DefNew: 564K->62K(576K), 0.0004930 secs]1.641: [Train: 39594K->39594K(39744K), 0.0002920 secs] 40085K->39912K(40320K), 0.0011010 secs]
1.641: [GC 1.641: [DefNew: 569K->36K(576K), 0.0004860 secs]1.642: [Train: 39658K->39658K(39808K), 0.0002980 secs] 40163K->40035K(40384K), 0.0010910 secs]
1.642: [GC 1.643: [DefNew: 546K->32K(576K), 0.0004610 secs]1.643: [Train: 39694K->39694K(39808K), 0.0002920 secs] 40205K->40111K(40384K), 0.0010600 secs]
1.644: [GC 1.644: [DefNew: 543K->19K(576K), 0.0004590 secs]1.644: [Train: 39719K->39719K(39872K), 0.0002890 secs] 40238K->40122K(40448K), 0.0010560 secs]
1.645: [GC 1.645: [DefNew: 530K->49K(576K), 0.0004420 secs]1.646: [Train: 39719K->39719K(39872K), 0.0003220 secs] 40250K->40152K(40448K), 0.0010720 secs]
1.646: [GC 1.646: [DefNew: 557K->36K(576K), 0.0004540 secs]1.647: [Train: 39738K->39738K(39872K), 0.0003000 secs] 40276K->40158K(40448K), 0.0010630 secs]
1.647: [GC 1.647: [DefNew: 547K->45K(576K), 0.0004580 secs]1.648: [Train: 39758K->39758K(39872K), 0.0002910 secs] 40286K->40188K(40448K), 0.0010560 secs]
1.648: [GC 1.649: [DefNew: 553K->36K(576K), 0.0004560 secs]1.649: [Train: 39776K->39776K(39936K), 0.0003130 secs] 40312K->40196K(40512K), 0.0010780 secs]
1.650: [GC 1.650: [DefNew: 547K->45K(576K), 0.0004560 secs]1.650: [Train: 39796K->39796K(39936K), 0.0002830 secs] 40323K->40226K(40512K), 0.0010520 secs]
1.651: [GC 1.651: [DefNew: 553K->36K(576K), 0.0004500 secs]1.652: [Train: 39812K->39812K(39936K), 0.0002900 secs] 40350K->40232K(40512K), 0.0010490 secs]
1.652: [GC 1.652: [DefNew: 547K->45K(576K), 0.0004580 secs]1.653: [Train: 39832K->39832K(39936K), 0.0002950 secs] 40359K->40219K(40512K), 0.0010630 secs]
1.653: [GC 1.653: [DefNew: 556K->42K(576K), 0.0004640 secs]1.654: [Train: 39850K->39850K(40000K), 0.0002850 secs] 40389K->40149K(40576K), 0.0010590 secs]
1.654: [GC 1.655: [DefNew: 549K->58K(576K), 0.0004550 secs]1.655: [Train: 39870K->39870K(40000K), 0.0002770 secs] 40400K->39929K(40576K), 0.0010420 secs]
1.656: [GC 1.656: [DefNew: 561K->62K(576K), 0.0004820 secs]1.657: [Train: 39940K->39940K(40064K), 0.0002940 secs] 40431K->40002K(40640K), 0.0010870 secs]
1.657: [GC 1.658: [DefNew: 564K->62K(576K), 0.0004850 secs] 40505K->40076K(40640K), 0.0007980 secs]
1.659: [GC 1.659: [DefNew: 564K->62K(576K), 0.0004950 secs]1.659: [Train: 40088K->40088K(40192K), 0.0002920 secs] 40579K->40150K(40768K), 0.0010970 secs]
1.660: [GC 1.660: [DefNew: 564K->62K(576K), 0.0004950 secs]1.661: [Train: 40164K->40164K(40320K), 0.0003150 secs] 40652K->40482K(40896K), 0.0011220 secs]
1.662: [GC 1.662: [DefNew: 569K->36K(576K), 0.0004770 secs]1.662: [Train: 40228K->40228K(40384K), 0.0003130 secs] 40733K->40605K(40960K), 0.0011070 secs]
1.663: [GC 1.663: [DefNew: 546K->32K(576K), 0.0004610 secs]1.664: [Train: 40264K->40264K(40384K), 0.0003060 secs] 40774K->40680K(40960K), 0.0010790 secs]
1.664: [GC 1.664: [DefNew: 543K->19K(576K), 0.0004580 secs]1.665: [Train: 40288K->40288K(40448K), 0.0002940 secs] 40807K->40692K(41024K), 0.0010660 secs]
1.665: [GC 1.666: [DefNew: 530K->49K(576K), 0.0004530 secs]1.666: [Train: 40288K->40288K(40448K), 0.0002870 secs] 40819K->40721K(41024K), 0.0010520 secs]
1.666: [GC 1.667: [DefNew: 557K->36K(576K), 0.0004550 secs]1.667: [Train: 40308K->40308K(40448K), 0.0003200 secs] 40845K->40728K(41024K), 0.0010880 secs]
1.668: [GC 1.668: [DefNew: 547K->45K(576K), 0.0004570 secs]1.668: [Train: 40328K->40328K(40448K), 0.0003200 secs] 40855K->40757K(41024K), 0.0010890 secs]
1.669: [GC 1.669: [DefNew: 553K->36K(576K), 0.0004540 secs]1.670: [Train: 40344K->40344K(40448K), 0.0002950 secs] 40881K->40721K(41024K), 0.0010620 secs]
1.670: [GC 1.670: [DefNew: 546K->49K(576K), 0.0004630 secs]1.671: [Train: 40365K->40365K(40512K), 0.0003320 secs] 40891K->40670K(41088K), 0.0011090 secs]
1.671: [GC 1.672: [DefNew: 559K->49K(576K), 0.0004660 secs]1.672: [Train: 40405K->40405K(40512K), 0.0002890 secs] 40925K->40454K(41088K), 0.0010690 secs]
1.673: [GC 1.673: [DefNew: 551K->62K(576K), 0.0004870 secs]1.674: [Train: 40465K->40465K(40576K), 0.0002890 secs] 40956K->40527K(41152K), 0.0010890 secs]
1.674: [GC 1.675: [DefNew: 564K->62K(576K), 0.0004890 secs] 41030K->40601K(41152K), 0.0007960 secs]
1.676: [GC 1.676: [DefNew: 564K->62K(576K), 0.0005180 secs]1.676: [Train: 40615K->40615K(40768K), 0.0002960 secs] 41104K->40677K(41344K), 0.0011270 secs]
1.677: [GC 1.677: [DefNew: 564K->62K(576K), 0.0004950 secs]1.678: [Train: 40689K->40689K(40832K), 0.0003420 secs] 41179K->41007K(41408K), 0.0011520 secs]
1.679: [GC 1.679: [DefNew: 569K->45K(576K), 0.0004790 secs]1.679: [Train: 40743K->40743K(40896K), 0.0002960 secs] 41258K->41130K(41472K), 0.0010910 secs]
1.680: [GC 1.680: [DefNew: 556K->22K(576K), 0.0004640 secs]1.681: [Train: 40779K->40779K(40896K), 0.0003130 secs] 41300K->41186K(41472K), 0.0010920 secs]
1.681: [GC 1.681: [DefNew: 534K->52K(576K), 0.0004640 secs]1.682: [Train: 40779K->40779K(40896K), 0.0002920 secs] 41313K->41215K(41472K), 0.0010720 secs]
1.682: [GC 1.683: [DefNew: 560K->36K(576K), 0.0004650 secs]1.683: [Train: 40804K->40804K(40960K), 0.0003240 secs] 41339K->41224K(41536K), 0.0011050 secs]
1.683: [GC 1.684: [DefNew: 547K->45K(576K), 0.0004600 secs]1.684: [Train: 40823K->40823K(40960K), 0.0003130 secs] 41351K->41253K(41536K), 0.0010900 secs]
1.685: [GC 1.685: [DefNew: 553K->36K(576K), 0.0004580 secs]1.685: [Train: 40840K->40840K(40960K), 0.0003100 secs] 41377K->41260K(41536K), 0.0010830 secs]
1.686: [GC 1.686: [DefNew: 547K->45K(576K), 0.0004620 secs]1.687: [Train: 40859K->40859K(40960K), 0.0003060 secs] 41387K->41246K(41536K), 0.0010830 secs]
1.687: [GC 1.687: [DefNew: 556K->42K(576K), 0.0004640 secs]1.688: [Train: 40877K->40877K(41024K), 0.0003130 secs] 41416K->41176K(41600K), 0.0010920 secs]
1.694: [GC 1.694: [DefNew: 549K->58K(576K), 0.0004670 secs]1.695: [Train: 40897K->40897K(41024K), 0.0003130 secs] 41427K->40956K(41600K), 0.0010970 secs]
1.695: [GC 1.696: [DefNew: 561K->62K(576K), 0.0004910 secs]1.696: [Train: 40968K->40968K(41088K), 0.0003040 secs] 41458K->41030K(41664K), 0.0011120 secs]
1.697: [GC 1.697: [DefNew: 564K->62K(576K), 0.0005030 secs] 41532K->41104K(41664K), 0.0008090 secs]
1.698: [GC 1.698: [DefNew: 564K->62K(576K), 0.0005110 secs]1.699: [Train: 41115K->41115K(41216K), 0.0003080 secs] 41606K->41177K(41792K), 0.0011380 secs]
1.700: [GC 1.700: [DefNew: 564K->62K(576K), 0.0005100 secs]1.701: [Train: 41191K->41191K(41344K), 0.0003000 secs] 41680K->41509K(41920K), 0.0011300 secs]
1.701: [GC 1.701: [DefNew: 569K->36K(576K), 0.0005160 secs]1.702: [Train: 41255K->41255K(41408K), 0.0003400 secs] 41760K->41632K(41984K), 0.0011770 secs]
1.706: [GC 1.706: [DefNew: 546K->32K(576K), 0.0017100 secs]1.708: [Train: 41291K->41291K(41408K), 0.0003450 secs] 41802K->41707K(41984K), 0.0023760 secs]
1.708: [GC 1.714: [DefNew: 543K->19K(576K), 0.0004960 secs]1.714: [Train: 41316K->41316K(41472K), 0.0003050 secs] 41835K->41719K(42048K), 0.0062880 secs]
1.715: [GC 1.715: [DefNew: 530K->49K(576K), 0.0004570 secs]1.716: [Train: 41316K->41316K(41472K), 0.0002980 secs] 41846K->41749K(42048K), 0.0010730 secs]
1.716: [GC 1.716: [DefNew: 557K->36K(576K), 0.0004690 secs]1.717: [Train: 41335K->41335K(41472K), 0.0003000 secs] 41873K->41755K(42048K), 0.0010890 secs]
1.717: [GC 1.717: [DefNew: 547K->45K(576K), 0.0004830 secs]1.718: [Train: 41355K->41355K(41472K), 0.0002820 secs] 41882K->41785K(42048K), 0.0010840 secs]
1.718: [GC 1.719: [DefNew: 553K->36K(576K), 0.0004640 secs]1.719: [Train: 41371K->41371K(41472K), 0.0002830 secs] 41909K->41749K(42048K), 0.0010660 secs]
1.720: [GC 1.720: [DefNew: 546K->49K(576K), 0.0004740 secs]1.721: [Train: 41393K->41393K(41536K), 0.0003180 secs] 41918K->41698K(42112K), 0.0012100 secs]
1.721: [GC 1.721: [DefNew: 559K->49K(576K), 0.0004860 secs]1.722: [Train: 41432K->41432K(41536K), 0.0002800 secs] 41952K->41481K(42112K), 0.0010870 secs]
1.723: [GC 1.723: [DefNew: 551K->62K(576K), 0.0004960 secs]1.723: [Train: 41493K->41493K(41600K), 0.0003270 secs] 41983K->41555K(42176K), 0.0011430 secs]
1.724: [GC 1.724: [DefNew: 564K->62K(576K), 0.0056070 secs] 42057K->41630K(42240K), 0.0059180 secs]
1.731: [GC 1.731: [DefNew: 564K->62K(576K), 0.0005290 secs]1.731: [Train: 41642K->41642K(41792K), 0.0003170 secs] 42133K->41704K(42368K), 0.0011690 secs]
1.732: [GC 1.732: [DefNew: 564K->62K(576K), 0.0005120 secs]1.733: [Train: 41716K->41716K(41856K), 0.0003200 secs] 42207K->42034K(42432K), 0.0011550 secs]
1.734: [GC 1.734: [DefNew: 569K->45K(576K), 0.0004940 secs]1.734: [Train: 41770K->41770K(41920K), 0.0003150 secs] 42285K->42157K(42496K), 0.0011390 secs]
1.735: [GC 1.735: [DefNew: 556K->22K(576K), 0.0004790 secs]1.736: [Train: 41806K->41806K(41920K), 0.0002950 secs] 42327K->42213K(42496K), 0.0010950 secs]
1.736: [GC 1.736: [DefNew: 534K->52K(576K), 0.0004580 secs]1.737: [Train: 41806K->41806K(41920K), 0.0002990 secs] 42340K->42242K(42496K), 0.0010790 secs]
1.737: [GC 1.738: [DefNew: 560K->36K(576K), 0.0004810 secs]1.738: [Train: 41831K->41831K(41984K), 0.0003360 secs] 42366K->42251K(42560K), 0.0011390 secs]
1.739: [GC 1.739: [DefNew: 547K->45K(576K), 0.0004710 secs]1.739: [Train: 41850K->41850K(41984K), 0.0002940 secs] 42378K->42280K(42560K), 0.0010890 secs]
1.740: [GC 1.740: [DefNew: 553K->36K(576K), 0.0004670 secs]1.741: [Train: 41867K->41867K(41984K), 0.0004230 secs] 42404K->42287K(42560K), 0.0012130 secs]
1.741: [GC 1.741: [DefNew: 547K->45K(576K), 0.0084990 secs]1.750: [Train: 41888K->41888K(42048K), 0.0003180 secs] 42414K->42275K(42624K), 0.0091410 secs]
1.750: [GC 1.751: [DefNew: 556K->42K(576K), 0.0004710 secs]1.751: [Train: 41905K->41905K(42048K), 0.0003130 secs] 42445K->42203K(42624K), 0.0011080 secs]
1.752: [GC 1.752: [DefNew: 549K->58K(576K), 0.0004730 secs]1.753: [Train: 41924K->41924K(42048K), 0.0003140 secs] 42454K->41983K(42624K), 0.0011110 secs]
1.753: [GC 1.754: [DefNew: 561K->62K(576K), 0.0005260 secs]1.754: [Train: 41995K->41995K(42112K), 0.0003200 secs] 42486K->42057K(42688K), 0.0011720 secs]
1.755: [GC 1.755: [DefNew: 564K->62K(576K), 0.0005120 secs] 42559K->42131K(42688K), 0.0008250 secs]
1.756: [GC 1.756: [DefNew: 564K->62K(576K), 0.0005270 secs]1.757: [Train: 42144K->42144K(42304K), 0.0003060 secs] 42633K->42206K(42880K), 0.0011590 secs]
1.758: [GC 1.758: [DefNew: 564K->62K(576K), 0.0005150 secs]1.759: [Train: 42218K->42218K(42368K), 0.0003020 secs] 42709K->42536K(42944K), 0.0011430 secs]
1.759: [GC 1.759: [DefNew: 569K->36K(576K), 0.0005040 secs]1.760: [Train: 42282K->42282K(42432K), 0.0003110 secs] 42787K->42659K(43008K), 0.0011410 secs]
1.760: [GC 1.761: [DefNew: 546K->32K(576K), 0.0004850 secs]1.761: [Train: 42318K->42318K(42432K), 0.0002790 secs] 42829K->42735K(43008K), 0.0010890 secs]
1.766: [GC 1.766: [DefNew: 543K->19K(576K), 0.0004810 secs]1.767: [Train: 42343K->42343K(42496K), 0.0003020 secs] 42862K->42746K(43072K), 0.0011110 secs]
1.767: [GC 1.767: [DefNew: 530K->49K(576K), 0.0004620 secs]1.768: [Train: 42343K->42343K(42496K), 0.0003040 secs] 42874K->42776K(43072K), 0.0010920 secs]
1.768: [GC 1.769: [DefNew: 557K->36K(576K), 0.0004770 secs]1.769: [Train: 42362K->42362K(42496K), 0.0002910 secs] 42900K->42782K(43072K), 0.0010950 secs]
1.769: [GC 1.770: [DefNew: 547K->45K(576K), 0.0004750 secs]1.770: [Train: 42382K->42382K(42496K), 0.0003180 secs] 42910K->42812K(43072K), 0.0011270 secs]
1.778: [GC 1.778: [DefNew: 553K->36K(576K), 0.0004830 secs]1.779: [Train: 42400K->42400K(42560K), 0.0002990 secs] 42936K->42778K(43136K), 0.0011150 secs]
1.779: [GC 1.779: [DefNew: 546K->49K(576K), 0.0004760 secs]1.780: [Train: 42420K->42420K(42560K), 0.0003050 secs] 42947K->42725K(43136K), 0.0011080 secs]
1.780: [GC 1.781: [DefNew: 559K->49K(576K), 0.0004870 secs]1.781: [Train: 42459K->42459K(42560K), 0.0003190 secs] 42979K->42508K(43136K), 0.0011340 secs]
1.782: [GC 1.782: [DefNew: 551K->62K(576K), 0.0005070 secs]1.783: [Train: 42520K->42520K(42624K), 0.0003020 secs] 43011K->42582K(43200K), 0.0011380 secs]
1.784: [GC 1.784: [DefNew: 564K->62K(576K), 0.0005280 secs] 43084K->42658K(43264K), 0.0008460 secs]
1.785: [GC 1.785: [DefNew: 564K->62K(576K), 0.0005220 secs]1.786: [Train: 42669K->42669K(42816K), 0.0003220 secs] 43160K->42731K(43392K), 0.0011720 secs]
1.786: [GC 1.787: [DefNew: 564K->62K(576K), 0.0005170 secs]1.787: [Train: 42743K->42743K(42880K), 0.0003360 secs] 43234K->43061K(43456K), 0.0011830 secs]
1.794: [GC 1.794: [DefNew: 569K->45K(576K), 0.0005080 secs]1.795: [Train: 42797K->42797K(42944K), 0.0003130 secs] 43313K->43184K(43520K), 0.0011580 secs]
1.795: [GC 1.795: [DefNew: 556K->22K(576K), 0.0004840 secs]1.796: [Train: 42833K->42833K(42944K), 0.0003200 secs] 43354K->43240K(43520K), 0.0011340 secs]
1.796: [GC 1.797: [DefNew: 534K->52K(576K), 0.0004660 secs]1.797: [Train: 42833K->42833K(42944K), 0.0003060 secs] 43367K->43270K(43520K), 0.0011020 secs]
1.798: [GC 1.798: [DefNew: 560K->36K(576K), 0.0004840 secs]1.799: [Train: 42858K->42858K(43008K), 0.0003040 secs] 43394K->43278K(43584K), 0.0011190 secs]
1.799: [GC 1.799: [DefNew: 547K->45K(576K), 0.0004780 secs]1.800: [Train: 42878K->42878K(43008K), 0.0003330 secs] 43405K->43307K(43584K), 0.0011420 secs]
1.800: [GC 1.801: [DefNew: 553K->36K(576K), 0.0004740 secs]1.801: [Train: 42894K->42894K(43008K), 0.0003030 secs] 43431K->43314K(43584K), 0.0011080 secs]
1.801: [GC 1.806: [DefNew: 547K->45K(576K), 0.0004880 secs]1.806: [Train: 42916K->42916K(43072K), 0.0003190 secs] 43441K->43303K(43648K), 0.0051490 secs]
1.807: [GC 1.807: [DefNew: 556K->42K(576K), 0.0004770 secs]1.808: [Train: 42932K->42932K(43072K), 0.0002960 secs] 43472K->43230K(43648K), 0.0011040 secs]
1.808: [GC 1.808: [DefNew: 549K->58K(576K), 0.0004810 secs]1.809: [Train: 42952K->42952K(43072K), 0.0003200 secs] 43482K->43010K(43648K), 0.0011330 secs]
1.810: [GC 1.810: [DefNew: 561K->62K(576K), 0.0005350 secs]1.811: [Train: 43022K->43022K(43136K), 0.0002960 secs] 43513K->43084K(43712K), 0.0011670 secs]
1.814: [GC 1.814: [DefNew: 564K->62K(576K), 0.0005240 secs] 43587K->43158K(43712K), 0.0008450 secs]
1.815: [GC 1.816: [DefNew: 564K->62K(576K), 0.0005350 secs]1.816: [Train: 43172K->43172K(43328K), 0.0002890 secs] 43660K->43234K(43904K), 0.0011570 secs]
1.817: [GC 1.817: [DefNew: 564K->62K(576K), 0.0005290 secs]1.818: [Train: 43245K->43245K(43392K), 0.0003080 secs] 43736K->43564K(43968K), 0.0011700 secs]
1.818: [GC 1.819: [DefNew: 569K->36K(576K), 0.0005120 secs]1.819: [Train: 43309K->43309K(43456K), 0.0003060 secs] 43815K->43687K(44032K), 0.0011510 secs]
1.820: [GC 1.820: [DefNew: 546K->32K(576K), 0.0004920 secs]1.820: [Train: 43345K->43345K(43456K), 0.0003050 secs] 43856K->43762K(44032K), 0.0011310 secs]
1.826: [GC 1.826: [DefNew: 543K->19K(576K), 0.0004890 secs]1.827: [Train: 43370K->43370K(43520K), 0.0003020 secs] 43889K->43774K(44096K), 0.0011270 secs]
1.827: [GC 1.827: [DefNew: 530K->49K(576K), 0.0004700 secs]1.828: [Train: 43370K->43370K(43520K), 0.0003030 secs] 43901K->43803K(44096K), 0.0011070 secs]
1.828: [GC 1.829: [DefNew: 557K->36K(576K), 0.0004860 secs]1.829: [Train: 43390K->43390K(43520K), 0.0003050 secs] 43927K->43810K(44096K), 0.0011250 secs]
1.830: [GC 1.830: [DefNew: 547K->45K(576K), 0.0004800 secs]1.830: [Train: 43409K->43409K(43520K), 0.0002970 secs] 43937K->43839K(44096K), 0.0011180 secs]
1.838: [GC 1.838: [DefNew: 553K->36K(576K), 0.0004880 secs]1.839: [Train: 43428K->43428K(43584K), 0.0003210 secs] 43963K->43805K(44160K), 0.0011470 secs]
1.839: [GC 1.839: [DefNew: 546K->49K(576K), 0.0004800 secs]1.840: [Train: 43447K->43447K(43584K), 0.0003150 secs] 43974K->43752K(44160K), 0.0011290 secs]
1.840: [GC 1.841: [DefNew: 559K->49K(576K), 0.0004940 secs]1.841: [Train: 43488K->43488K(43648K), 0.0003140 secs] 44007K->43537K(44224K), 0.0011440 secs]
1.842: [GC 1.842: [DefNew: 551K->62K(576K), 0.0005040 secs]1.843: [Train: 43547K->43547K(43648K), 0.0002980 secs] 44040K->43609K(44224K), 0.0011370 secs]
1.844: [GC 1.844: [DefNew: 564K->62K(576K), 0.0005260 secs] 44112K->43685K(44288K), 0.0008490 secs]
1.850: [GC 1.850: [DefNew: 564K->62K(576K), 0.0005240 secs]1.851: [Train: 43697K->43697K(43840K), 0.0002990 secs] 44187K->43759K(44416K), 0.0011610 secs]
1.852: [GC 1.852: [DefNew: 564K->62K(576K), 0.0005140 secs]1.852: [Train: 43770K->43770K(43904K), 0.0003190 secs] 44261K->44089K(44480K), 0.0011690 secs]
1.853: [GC 1.853: [DefNew: 569K->45K(576K), 0.0005060 secs]1.854: [Train: 43825K->43825K(43904K), 0.0002480 secs] 44340K->44212K(44480K), 0.0010930 secs]
1.862: [GC 1.862: [DefNew: 556K->22K(576K), 0.0004990 secs]1.863: [Train: 43862K->43855K(43968K), 0.0004050 secs] 44381K->44262K(44544K), 0.0012550 secs]
1.863: [GC 1.863: [DefNew: 534K->52K(576K), 0.0004750 secs]1.864: [Train: 43855K->43827K(43968K), 0.0003080 secs] 44389K->44263K(44544K), 0.0011190 secs]
1.864: [GC 1.865: [DefNew: 560K->36K(576K), 0.0004880 secs]1.865: [Train: 43850K->43802K(43968K), 0.0010120 secs] 44387K->44222K(44544K), 0.0018450 secs]
1.866: [GC 1.867: [DefNew: 547K->45K(576K), 0.0004900 secs]1.867: [Train: 43823K->43823K(43968K), 0.0010110 secs] 44349K->44253K(44544K), 0.0018380 secs]
1.868: [GC 1.869: [DefNew: 553K->36K(576K), 0.0004810 secs]1.869: [Train: 43840K->43840K(43968K), 0.0010230 secs] 44377K->44260K(44544K), 0.0018410 secs]
1.870: [GC 1.871: [DefNew: 547K->45K(576K), 0.0004820 secs]1.871: [Train: 43859K->43859K(43968K), 0.0009990 secs] 44387K->44289K(44544K), 0.0018180 secs]
1.872: [GC 1.873: [DefNew: 553K->36K(576K), 0.0004860 secs]1.873: [Train: 43878K->43878K(44032K), 0.0010090 secs] 44413K->44298K(44608K), 0.0018330 secs]
1.874: [GC 1.875: [DefNew: 547K->45K(576K), 0.0004840 secs]1.875: [Train: 43897K->43897K(44032K), 0.0009850 secs] 44425K->44284K(44608K), 0.0018080 secs]
1.876: [GC 1.877: [DefNew: 556K->42K(576K), 0.0004820 secs]1.877: [Train: 43914K->43914K(44032K), 0.0010230 secs] 44454K->44212K(44608K), 0.0018420 secs]
1.878: [GC 1.879: [DefNew: 549K->58K(576K), 0.0004910 secs]1.879: [Train: 43935K->43935K(44096K), 0.0009920 secs] 44463K->43994K(44672K), 0.0018200 secs]
1.881: [GC 1.881: [DefNew: 561K->62K(576K), 0.0005180 secs]1.881: [Train: 44006K->44006K(44160K), 0.0010160 secs] 44496K->44068K(44736K), 0.0018750 secs]
1.883: [GC 1.883: [DefNew: 564K->62K(576K), 0.0005160 secs] 44570K->44142K(44736K), 0.0008430 secs]
1.884: [GC 1.884: [DefNew: 564K->62K(576K), 0.0005320 secs]1.885: [Train: 44153K->44153K(44288K), 0.0010390 secs] 44644K->44215K(44864K), 0.0019120 secs]
1.887: [GC 1.887: [DefNew: 564K->62K(576K), 0.0005180 secs]1.887: [Train: 44227K->44227K(44352K), 0.0009990 secs] 44718K->44545K(44928K), 0.0018590 secs]
1.889: [GC 1.889: [DefNew: 569K->36K(576K), 0.0005090 secs]1.889: [Train: 44291K->44291K(44416K), 0.0010150 secs] 44796K->44668K(44992K), 0.0018630 secs]
1.891: [GC 1.891: [DefNew: 546K->32K(576K), 0.0004980 secs]1.891: [Train: 44329K->44329K(44480K), 0.0010200 secs] 44838K->44746K(45056K), 0.0018590 secs]
1.893: [GC 1.893: [DefNew: 543K->19K(576K), 0.0004850 secs]1.893: [Train: 44352K->44352K(44480K), 0.0009910 secs] 44873K->44755K(45056K), 0.0018170 secs]
1.895: [GC 1.895: [DefNew: 530K->49K(576K), 0.0004770 secs]1.895: [Train: 44352K->44352K(44480K), 0.0009760 secs] 44883K->44785K(45056K), 0.0017930 secs]
1.897: [GC 1.897: [DefNew: 557K->36K(576K), 0.0004840 secs]1.897: [Train: 44371K->44371K(44480K), 0.0009980 secs] 44909K->44791K(45056K), 0.0018240 secs]
1.898: [GC 1.899: [DefNew: 547K->45K(576K), 0.0004940 secs]1.899: [Train: 44393K->44393K(44544K), 0.0009860 secs] 44919K->44823K(45120K), 0.0018210 secs]
1.900: [GC 1.901: [DefNew: 553K->36K(576K), 0.0004870 secs]1.901: [Train: 44409K->44409K(44544K), 0.0010300 secs] 44947K->44787K(45120K), 0.0018580 secs]
1.902: [GC 1.903: [DefNew: 546K->49K(576K), 0.0004870 secs]1.903: [Train: 44429K->44429K(44544K), 0.0009700 secs] 44956K->44734K(45120K), 0.0017980 secs]
1.904: [GC 1.905: [DefNew: 559K->49K(576K), 0.0005010 secs]1.905: [Train: 44470K->44470K(44608K), 0.0010250 secs] 44988K->44519K(45184K), 0.0018700 secs]
1.907: [GC 1.907: [DefNew: 551K->62K(576K), 0.0005250 secs]1.908: [Train: 44531K->44531K(44672K), 0.0009880 secs] 45021K->44593K(45248K), 0.0018570 secs]
1.909: [GC 1.910: [DefNew: 564K->62K(576K), 0.0005450 secs] 45095K->44667K(45248K), 0.0008770 secs]
1.911: [GC 1.911: [DefNew: 564K->62K(576K), 0.0005490 secs]1.911: [Train: 44678K->44678K(44800K), 0.0009960 secs] 45169K->44741K(45376K), 0.0018910 secs]
1.913: [GC 1.913: [DefNew: 564K->62K(576K), 0.0005320 secs]1.914: [Train: 44752K->44752K(44864K), 0.0010030 secs] 45243K->45070K(45440K), 0.0018800 secs]
1.915: [GC 1.915: [DefNew: 569K->45K(576K), 0.0005090 secs]1.916: [Train: 44806K->44806K(44928K), 0.0009960 secs] 45322K->45194K(45504K), 0.0018540 secs]
1.917: [GC 1.917: [DefNew: 556K->22K(576K), 0.0005090 secs]1.918: [Train: 44844K->44844K(44992K), 0.0009700 secs] 45363K->45251K(45568K), 0.0019290 secs]
1.919: [GC 1.919: [DefNew: 534K->52K(576K), 0.0004810 secs]1.920: [Train: 44844K->44844K(44992K), 0.0009620 secs] 45378K->45281K(45568K), 0.0017880 secs]
1.921: [GC 1.921: [DefNew: 560K->36K(576K), 0.0005020 secs]1.922: [Train: 44867K->44867K(44992K), 0.0009780 secs] 45404K->45287K(45568K), 0.0018240 secs]
1.923: [GC 1.923: [DefNew: 547K->45K(576K), 0.0004900 secs]1.924: [Train: 44887K->44887K(44992K), 0.0009990 secs] 45414K->45317K(45568K), 0.0018330 secs]
1.925: [GC 1.925: [DefNew: 553K->36K(576K), 0.0004980 secs]1.926: [Train: 44905K->44905K(45056K), 0.0009650 secs] 45440K->45325K(45632K), 0.0018070 secs]
1.927: [GC 1.927: [DefNew: 547K->45K(576K), 0.0004900 secs]1.928: [Train: 44925K->44925K(45056K), 0.0009740 secs] 45452K->45354K(45632K), 0.0018100 secs]
1.929: [GC 1.929: [DefNew: 553K->36K(576K), 0.0004870 secs]1.930: [Train: 44941K->44941K(45056K), 0.0009920 secs] 45478K->45318K(45632K), 0.0018240 secs]
1.931: [GC 1.931: [DefNew: 546K->49K(576K), 0.0004970 secs]1.932: [Train: 44962K->44962K(45120K), 0.0009490 secs] 45488K->45267K(45696K), 0.0017920 secs]
1.933: [GC 1.933: [DefNew: 559K->49K(576K), 0.0005000 secs]1.934: [Train: 45002K->45002K(45120K), 0.0009970 secs] 45522K->45051K(45696K), 0.0018430 secs]
1.935: [GC 1.935: [DefNew: 551K->62K(576K), 0.0005270 secs]1.936: [Train: 45062K->45062K(45184K), 0.0009920 secs] 45553K->45125K(45760K), 0.0018680 secs]
1.937: [GC 1.938: [DefNew: 564K->62K(576K), 0.0005410 secs] 45627K->45198K(45760K), 0.0008830 secs]
1.939: [GC 1.939: [DefNew: 564K->62K(576K), 0.0005380 secs]1.940: [Train: 45210K->45210K(45312K), 0.0009860 secs] 45701K->45272K(45888K), 0.0018710 secs]
1.941: [GC 1.941: [DefNew: 564K->62K(576K), 0.0005570 secs]1.942: [Train: 45286K->45286K(45440K), 0.0009780 secs] 45775K->45604K(46016K), 0.0018830 secs]
1.943: [GC 1.943: [DefNew: 569K->45K(576K), 0.0005150 secs]1.944: [Train: 45338K->45338K(45440K), 0.0009640 secs] 45855K->45725K(46016K), 0.0018270 secs]
1.945: [GC 1.945: [DefNew: 556K->22K(576K), 0.0005220 secs]1.946: [Train: 45376K->45376K(45504K), 0.0009760 secs] 45895K->45783K(46080K), 0.0018450 secs]
1.947: [GC 1.947: [DefNew: 534K->52K(576K), 0.0004850 secs]1.948: [Train: 45376K->45376K(45504K), 0.0009470 secs] 45910K->45812K(46080K), 0.0017800 secs]
1.949: [GC 1.949: [DefNew: 560K->36K(576K), 0.0005020 secs]1.950: [Train: 45399K->45399K(45504K), 0.0009510 secs] 45936K->45819K(46080K), 0.0018020 secs]
1.951: [GC 1.951: [DefNew: 547K->45K(576K), 0.0005030 secs]1.952: [Train: 45420K->45420K(45568K), 0.0009820 secs] 45946K->45850K(46144K), 0.0018340 secs]
1.953: [GC 1.953: [DefNew: 553K->36K(576K), 0.0004970 secs]1.954: [Train: 45437K->45437K(45568K), 0.0009470 secs] 45974K->45857K(46144K), 0.0017920 secs]
1.955: [GC 1.955: [DefNew: 547K->45K(576K), 0.0004940 secs]1.956: [Train: 45456K->45456K(45568K), 0.0009350 secs] 45984K->45843K(46144K), 0.0017780 secs]
1.957: [GC 1.957: [DefNew: 556K->42K(576K), 0.0004970 secs]1.958: [Train: 45474K->45474K(45632K), 0.0010230 secs] 46013K->45773K(46208K), 0.0018710 secs]
1.959: [GC 1.959: [DefNew: 549K->58K(576K), 0.0004980 secs]1.960: [Train: 45494K->45494K(45632K), 0.0009610 secs] 46024K->45553K(46208K), 0.0018080 secs]
1.961: [GC 1.961: [DefNew: 561K->62K(576K), 0.0005370 secs]1.962: [Train: 45565K->45565K(45696K), 0.0009430 secs] 46055K->45627K(46272K), 0.0018280 secs]
1.963: [GC 1.964: [DefNew: 564K->62K(576K), 0.0005270 secs] 46129K->45701K(46272K), 0.0008650 secs]
1.965: [GC 1.965: [DefNew: 564K->62K(576K), 0.0005470 secs]1.966: [Train: 45712K->45712K(45824K), 0.0009610 secs] 46203K->45774K(46400K), 0.0018590 secs]
1.967: [GC 1.967: [DefNew: 564K->62K(576K), 0.0005310 secs]1.968: [Train: 45786K->45786K(45888K), 0.0009610 secs] 46277K->46104K(46464K), 0.0018420 secs]
1.969: [GC 1.969: [DefNew: 569K->36K(576K), 0.0005320 secs]1.970: [Train: 45850K->45850K(45952K), 0.0009390 secs] 46355K->46227K(46528K), 0.0018240 secs]
1.971: [GC 1.971: [DefNew: 546K->32K(576K), 0.0005090 secs]1.972: [Train: 45888K->45888K(46016K), 0.0009460 secs] 46397K->46305K(46592K), 0.0018080 secs]
1.973: [GC 1.973: [DefNew: 543K->19K(576K), 0.0005010 secs]1.974: [Train: 45911K->45911K(46016K), 0.0009400 secs] 46432K->46314K(46592K), 0.0017950 secs]
1.975: [GC 1.975: [DefNew: 530K->49K(576K), 0.0004880 secs]1.976: [Train: 45911K->45911K(46016K), 0.0009230 secs] 46442K->46344K(46592K), 0.0017610 secs]
1.977: [GC 1.977: [DefNew: 557K->36K(576K), 0.0005030 secs]1.978: [Train: 45932K->45932K(46080K), 0.0009500 secs] 46468K->46352K(46656K), 0.0018040 secs]
1.979: [GC 1.979: [DefNew: 547K->45K(576K), 0.0004990 secs]1.980: [Train: 45952K->45952K(46080K), 0.0009220 secs] 46479K->46382K(46656K), 0.0017740 secs]
1.981: [GC 1.981: [DefNew: 553K->36K(576K), 0.0004950 secs]1.981: [Train: 45968K->45968K(46080K), 0.0009400 secs] 46506K->46346K(46656K), 0.0017850 secs]
1.983: [GC 1.983: [DefNew: 546K->49K(576K), 0.0005030 secs]1.983: [Train: 45990K->45990K(46144K), 0.0009780 secs] 46515K->46295K(46720K), 0.0018330 secs]
1.985: [GC 1.985: [DefNew: 559K->49K(576K), 0.0005140 secs]1.985: [Train: 46029K->46029K(46144K), 0.0009530 secs] 46549K->46078K(46720K), 0.0018190 secs]
1.987: [GC 1.987: [DefNew: 551K->62K(576K), 0.0005270 secs]1.988: [Train: 46090K->46090K(46208K), 0.0009690 secs] 46580K->46152K(46784K), 0.0018500 secs]
1.989: [GC 1.989: [DefNew: 564K->62K(576K), 0.0014250 secs] 46654K->46226K(46784K), 0.0017700 secs]
1.993: [GC 1.993: [DefNew: 564K->62K(576K), 0.0006210 secs]1.994: [Train: 46239K->46239K(46400K), 0.0009650 secs] 46728K->46301K(46976K), 0.0019690 secs]
1.996: [GC 1.996: [DefNew: 564K->62K(576K), 0.0005390 secs]1.996: [Train: 46313K->46313K(46464K), 0.0009490 secs] 46804K->46631K(47040K), 0.0018450 secs]
1.998: [GC 1.998: [DefNew: 569K->45K(576K), 0.0005290 secs]1.999: [Train: 46367K->46367K(46528K), 0.0009700 secs] 46882K->46754K(47104K), 0.0018560 secs]
2.000: [GC 2.000: [DefNew: 556K->22K(576K), 0.0005070 secs]2.001: [Train: 46403K->46403K(46528K), 0.0009340 secs] 46924K->46810K(47104K), 0.0017950 secs]
2.002: [GC 2.002: [DefNew: 534K->52K(576K), 0.0004930 secs]2.002: [Train: 46403K->46403K(46528K), 0.0009170 secs] 46937K->46839K(47104K), 0.0017710 secs]
2.004: [GC 2.004: [DefNew: 560K->36K(576K), 0.0005030 secs]2.004: [Train: 46426K->46426K(46528K), 0.0009670 secs] 46963K->46846K(47104K), 0.0018240 secs]
2.005: [GC 2.006: [DefNew: 547K->45K(576K), 0.0005080 secs]2.006: [Train: 46447K->46447K(46592K), 0.0009240 secs] 46973K->46877K(47168K), 0.0018040 secs]
2.007: [GC 2.008: [DefNew: 553K->36K(576K), 0.0005010 secs]2.008: [Train: 46464K->46464K(46592K), 0.0009230 secs] 47001K->46884K(47168K), 0.0017800 secs]
2.009: [GC 2.010: [DefNew: 547K->45K(576K), 0.0005040 secs]2.010: [Train: 46483K->46483K(46592K), 0.0009160 secs] 47011K->46871K(47168K), 0.0017840 secs]
2.011: [GC 2.012: [DefNew: 556K->42K(576K), 0.0005060 secs]2.012: [Train: 46502K->46502K(46656K), 0.0009260 secs] 47040K->46800K(47232K), 0.0017880 secs]
2.013: [GC 2.014: [DefNew: 549K->58K(576K), 0.0005140 secs]2.014: [Train: 46521K->46521K(46656K), 0.0009040 secs] 47051K->46580K(47232K), 0.0019720 secs]
2.016: [GC 2.016: [DefNew: 561K->62K(576K), 0.0005390 secs]2.017: [Train: 46592K->46592K(46720K), 0.0009300 secs] 47083K->46654K(47296K), 0.0018280 secs]
2.018: [GC 2.018: [DefNew: 564K->62K(576K), 0.0005360 secs] 47156K->46728K(47296K), 0.0008800 secs]
2.019: [GC 2.020: [DefNew: 564K->62K(576K), 0.0005490 secs]2.020: [Train: 46739K->46739K(46848K), 0.0009110 secs] 47230K->46802K(47424K), 0.0018200 secs]
2.022: [GC 2.022: [DefNew: 564K->62K(576K), 0.0005520 secs]2.023: [Train: 46815K->46815K(46976K), 0.0009410 secs] 47304K->47133K(47552K), 0.0018600 secs]
2.024: [GC 2.024: [DefNew: 569K->36K(576K), 0.0005290 secs]2.025: [Train: 46879K->46879K(47040K), 0.0009270 secs] 47384K->47256K(47616K), 0.0018150 secs]
2.026: [GC 2.026: [DefNew: 546K->32K(576K), 0.0005110 secs]2.027: [Train: 46915K->46915K(47040K), 0.0009010 secs] 47426K->47332K(47616K), 0.0017700 secs]
2.028: [GC 2.028: [DefNew: 543K->19K(576K), 0.0005030 secs]2.028: [Train: 46938K->46938K(47040K), 0.0008970 secs] 47459K->47342K(47616K), 0.0017640 secs]
2.030: [GC 2.030: [DefNew: 530K->49K(576K), 0.0005890 secs]2.030: [Train: 46938K->46938K(47040K), 0.0009470 secs] 47469K->47371K(47616K), 0.0019100 secs]
2.032: [GC 2.032: [DefNew: 557K->36K(576K), 0.0005090 secs]2.032: [Train: 46959K->46959K(47104K), 0.0009340 secs] 47495K->47379K(47680K), 0.0018030 secs]
2.033: [GC 2.034: [DefNew: 547K->45K(576K), 0.0005090 secs]2.034: [Train: 46979K->46979K(47104K), 0.0009050 secs] 47507K->47409K(47680K), 0.0017830 secs]
2.035: [GC 2.036: [DefNew: 553K->36K(576K), 0.0005040 secs]2.036: [Train: 46995K->46995K(47104K), 0.0009000 secs] 47533K->47373K(47680K), 0.0017640 secs]
2.037: [GC 2.038: [DefNew: 546K->49K(576K), 0.0005190 secs]2.038: [Train: 47017K->47017K(47168K), 0.0009000 secs] 47542K->47322K(47744K), 0.0017780 secs]
2.039: [GC 2.040: [DefNew: 559K->49K(576K), 0.0005160 secs]2.040: [Train: 47056K->47056K(47168K), 0.0009210 secs] 47576K->47105K(47744K), 0.0017980 secs]
2.042: [GC 2.042: [DefNew: 551K->62K(576K), 0.0005330 secs]2.042: [Train: 47117K->47117K(47232K), 0.0009150 secs] 47608K->47179K(47808K), 0.0018240 secs]
2.044: [GC 2.044: [DefNew: 564K->62K(576K), 0.0005410 secs] 47681K->47253K(47808K), 0.0008890 secs]
2.045: [GC 2.045: [DefNew: 564K->62K(576K), 0.0005720 secs]2.046: [Train: 47266K->47266K(47424K), 0.0009030 secs] 47755K->47329K(48000K), 0.0018390 secs]
2.047: [GC 2.048: [DefNew: 564K->62K(576K), 0.0005420 secs]2.048: [Train: 47340K->47340K(47488K), 0.0009410 secs] 47831K->47658K(48064K), 0.0018450 secs]
2.049: [GC 2.050: [DefNew: 569K->45K(576K), 0.0005280 secs]2.050: [Train: 47394K->47394K(47552K), 0.0009130 secs] 47910K->47781K(48128K), 0.0018100 secs]
2.051: [GC 2.052: [DefNew: 556K->22K(576K), 0.0005130 secs]2.052: [Train: 47430K->47430K(47552K), 0.0009000 secs] 47951K->47837K(48128K), 0.0017760 secs]
2.053: [GC 2.054: [DefNew: 534K->52K(576K), 0.0005000 secs]2.054: [Train: 47430K->47430K(47552K), 0.0008870 secs] 47965K->47867K(48128K), 0.0017620 secs]
2.055: [GC 2.056: [DefNew: 560K->36K(576K), 0.0005150 secs]2.056: [Train: 47455K->47455K(47616K), 0.0008860 secs] 47991K->47875K(48192K), 0.0017630 secs]
2.057: [GC 2.057: [DefNew: 547K->45K(576K), 0.0005140 secs]2.058: [Train: 47475K->47475K(47616K), 0.0008690 secs] 48002K->47905K(48192K), 0.0017460 secs]
2.059: [GC 2.059: [DefNew: 553K->36K(576K), 0.0005060 secs]2.060: [Train: 47491K->47491K(47616K), 0.0008920 secs] 48028K->47911K(48192K), 0.0017600 secs]
2.061: [GC 2.061: [DefNew: 547K->45K(576K), 0.0005330 secs]2.062: [Train: 47511K->47511K(47616K), 0.0009010 secs] 48038K->47898K(48192K), 0.0017980 secs]
2.063: [GC 2.063: [DefNew: 556K->42K(576K), 0.0005130 secs]2.064: [Train: 47529K->47529K(47680K), 0.0008910 secs] 48068K->47827K(48256K), 0.0017680 secs]
2.065: [GC 2.065: [DefNew: 549K->58K(576K), 0.0005250 secs]2.066: [Train: 47549K->47549K(47680K), 0.0009090 secs] 48079K->47607K(48256K), 0.0017970 secs]
2.067: [GC 2.067: [DefNew: 561K->62K(576K), 0.0005410 secs]2.068: [Train: 47619K->47619K(47744K), 0.0008820 secs] 48110K->47681K(48320K), 0.0017870 secs]
2.069: [GC 2.070: [DefNew: 564K->62K(576K), 0.0005440 secs] 48184K->47755K(48320K), 0.0009090 secs]
2.071: [GC 2.071: [DefNew: 564K->62K(576K), 0.0005640 secs]2.072: [Train: 47767K->47767K(47872K), 0.0009040 secs] 48258K->47829K(48448K), 0.0018330 secs]
2.073: [GC 2.073: [DefNew: 564K->62K(576K), 0.0005620 secs]2.074: [Train: 47842K->47842K(48000K), 0.0008790 secs] 48331K->48161K(48576K), 0.0018070 secs]
2.075: [GC 2.075: [DefNew: 569K->36K(576K), 0.0005340 secs]2.076: [Train: 47906K->47906K(48064K), 0.0009000 secs] 48412K->48284K(48640K), 0.0018010 secs]
2.077: [GC 2.077: [DefNew: 546K->32K(576K), 0.0005320 secs]2.078: [Train: 47942K->47942K(48064K), 0.0008830 secs] 48453K->48359K(48640K), 0.0017810 secs]
2.079: [GC 2.079: [DefNew: 543K->19K(576K), 0.0005160 secs]2.080: [Train: 47967K->47967K(48128K), 0.0008890 secs] 48486K->48371K(48704K), 0.0017710 secs]
2.081: [GC 2.081: [DefNew: 530K->49K(576K), 0.0005020 secs]2.082: [Train: 47967K->47967K(48128K), 0.0008820 secs] 48498K->48400K(48704K), 0.0017570 secs]
2.083: [GC 2.083: [DefNew: 557K->36K(576K), 0.0005120 secs]2.083: [Train: 47987K->47987K(48128K), 0.0008660 secs] 48524K->48407K(48704K), 0.0017440 secs]
2.085: [GC 2.085: [DefNew: 547K->45K(576K), 0.0005130 secs]2.085: [Train: 48006K->48006K(48128K), 0.0009000 secs] 48534K->48436K(48704K), 0.0017810 secs]
2.086: [GC 2.087: [DefNew: 553K->36K(576K), 0.0005100 secs]2.087: [Train: 48023K->48023K(48128K), 0.0008870 secs] 48560K->48400K(48704K), 0.0017630 secs]
2.088: [GC 2.089: [DefNew: 546K->49K(576K), 0.0005190 secs]2.089: [Train: 48044K->48044K(48192K), 0.0008790 secs] 48570K->48349K(48768K), 0.0017660 secs]
2.090: [GC 2.091: [DefNew: 559K->49K(576K), 0.0005210 secs]2.091: [Train: 48083K->48083K(48192K), 0.0008590 secs] 48604K->48133K(48768K), 0.0017480 secs]
2.093: [GC 2.093: [DefNew: 551K->62K(576K), 0.0005400 secs]2.093: [Train: 48144K->48144K(48256K), 0.0010530 secs] 48635K->48206K(48832K), 0.0019660 secs]
2.095: [GC 2.095: [DefNew: 564K->62K(576K), 0.0005620 secs] 48709K->48280K(48832K), 0.0009220 secs]
2.096: [GC 2.097: [DefNew: 564K->62K(576K), 0.0005690 secs]2.097: [Train: 48294K->48294K(48448K), 0.0008940 secs] 48783K->48356K(49024K), 0.0018330 secs]
2.099: [GC 2.099: [DefNew: 564K->62K(576K), 0.0005500 secs]2.099: [Train: 48367K->48367K(48512K), 0.0008910 secs] 48858K->48686K(49088K), 0.0018100 secs]
2.101: [GC 2.101: [DefNew: 569K->45K(576K), 0.0005390 secs]2.101: [Train: 48422K->48422K(48576K), 0.0008850 secs] 48937K->48809K(49152K), 0.0017940 secs]
2.103: [GC 2.103: [DefNew: 556K->22K(576K), 0.0005220 secs]2.103: [Train: 48458K->48458K(48576K), 0.0008490 secs] 48978K->48865K(49152K), 0.0017410 secs]
2.104: [GC 2.105: [DefNew: 534K->52K(576K), 0.0005080 secs]2.105: [Train: 48458K->48458K(48576K), 0.0008630 secs] 48992K->48894K(49152K), 0.0017420 secs]
2.106: [GC 2.107: [DefNew: 560K->36K(576K), 0.0006680 secs]2.107: [Train: 48482K->48482K(48640K), 0.0008560 secs] 49018K->48902K(49216K), 0.0018960 secs]
2.108: [GC 2.109: [DefNew: 547K->45K(576K), 0.0005180 secs]2.109: [Train: 48502K->48502K(48640K), 0.0008660 secs] 49030K->48932K(49216K), 0.0017550 secs]
2.110: [GC 2.111: [DefNew: 553K->36K(576K), 0.0005140 secs]2.111: [Train: 48518K->48518K(48640K), 0.0008410 secs] 49056K->48938K(49216K), 0.0017240 secs]
2.112: [GC 2.112: [DefNew: 547K->45K(576K), 0.0005160 secs]2.113: [Train: 48538K->48538K(48640K), 0.0009020 secs] 49066K->48925K(49216K), 0.0017880 secs]
2.114: [GC 2.114: [DefNew: 556K->42K(576K), 0.0005210 secs]2.115: [Train: 48556K->48556K(48704K), 0.0008710 secs] 49095K->48855K(49280K), 0.0017630 secs]
2.116: [GC 2.116: [DefNew: 549K->58K(576K), 0.0005200 secs]2.117: [Train: 48576K->48576K(48704K), 0.0008620 secs] 49106K->48635K(49280K), 0.0017510 secs]
2.118: [GC 2.119: [DefNew: 561K->62K(576K), 0.0005530 secs]2.119: [Train: 48646K->48646K(48768K), 0.0009670 secs] 49137K->48709K(49344K), 0.0018910 secs]
2.121: [GC 2.121: [DefNew: 564K->62K(576K), 0.0005610 secs] 49211K->48782K(49344K), 0.0009210 secs]
2.122: [GC 2.122: [DefNew: 564K->62K(576K), 0.0005690 secs]2.123: [Train: 48794K->48794K(48896K), 0.0008630 secs] 49285K->48856K(49472K), 0.0018050 secs]
2.124: [GC 2.124: [DefNew: 564K->62K(576K), 0.0005710 secs]2.125: [Train: 48870K->48870K(49024K), 0.0008700 secs] 49359K->49188K(49600K), 0.0018150 secs]
2.126: [GC 2.127: [DefNew: 569K->36K(576K), 0.0005520 secs]2.127: [Train: 48934K->48934K(49088K), 0.0008470 secs] 49439K->49311K(49664K), 0.0017740 secs]
2.128: [GC 2.128: [DefNew: 546K->32K(576K), 0.0005340 secs]2.129: [Train: 48970K->48970K(49088K), 0.0008520 secs] 49481K->49386K(49664K), 0.0017580 secs]
2.130: [GC 2.130: [DefNew: 543K->19K(576K), 0.0005290 secs]2.131: [Train: 48994K->48994K(49152K), 0.0008520 secs] 49514K->49398K(49728K), 0.0018420 secs]
2.132: [GC 2.132: [DefNew: 530K->49K(576K), 0.0005100 secs]2.133: [Train: 48994K->48994K(49152K), 0.0008440 secs] 49525K->49427K(49728K), 0.0017270 secs]
2.134: [GC 2.134: [DefNew: 557K->36K(576K), 0.0005250 secs]2.135: [Train: 49014K->49014K(49152K), 0.0008350 secs] 49551K->49434K(49728K), 0.0017330 secs]
2.136: [GC 2.136: [DefNew: 547K->45K(576K), 0.0005240 secs]2.137: [Train: 49034K->49034K(49152K), 0.0008500 secs] 49561K->49463K(49728K), 0.0017460 secs]
2.138: [GC 2.138: [DefNew: 553K->36K(576K), 0.0005210 secs]2.138: [Train: 49050K->49050K(49152K), 0.0008520 secs] 49587K->49427K(49728K), 0.0017610 secs]
2.140: [GC 2.140: [DefNew: 546K->49K(576K), 0.0006180 secs]2.140: [Train: 49071K->49071K(49216K), 0.0008520 secs] 49597K->49377K(49792K), 0.0018440 secs]
2.142: [GC 2.142: [DefNew: 559K->49K(576K), 0.0005390 secs]2.142: [Train: 49111K->49111K(49216K), 0.0008630 secs] 49631K->49160K(49792K), 0.0017820 secs]
2.144: [GC 2.144: [DefNew: 551K->62K(576K), 0.0005560 secs]2.145: [Train: 49171K->49171K(49280K), 0.0008280 secs] 49662K->49234K(49856K), 0.0017580 secs]
2.146: [GC 2.146: [DefNew: 564K->62K(576K), 0.0005730 secs] 49736K->49309K(49920K), 0.0009360 secs]
2.147: [GC 2.148: [DefNew: 564K->62K(576K), 0.0005690 secs]2.148: [Train: 49321K->49321K(49472K), 0.0008390 secs] 49812K->49383K(50048K), 0.0017850 secs]
2.150: [GC 2.150: [DefNew: 564K->62K(576K), 0.0006860 secs]2.151: [Train: 49395K->49395K(49536K), 0.0008460 secs] 49885K->49713K(50112K), 0.0019260 secs]
2.152: [GC 2.152: [DefNew: 569K->45K(576K), 0.0005520 secs]2.153: [Train: 49449K->49449K(49600K), 0.0008470 secs] 49964K->49836K(50176K), 0.0017740 secs]
2.154: [GC 2.154: [DefNew: 556K->22K(576K), 0.0005400 secs]2.155: [Train: 49485K->49485K(49600K), 0.0008330 secs] 50006K->49892K(50176K), 0.0019630 secs]
2.156: [GC 2.156: [DefNew: 534K->52K(576K), 0.0005150 secs]2.157: [Train: 49485K->49485K(49600K), 0.0008200 secs] 50019K->49921K(50176K), 0.0017110 secs]
2.158: [GC 2.158: [DefNew: 560K->36K(576K), 0.0005390 secs]2.159: [Train: 49510K->49510K(49664K), 0.0008330 secs] 50045K->49930K(50240K), 0.0018850 secs]
2.160: [GC 2.160: [DefNew: 547K->45K(576K), 0.0005270 secs]2.161: [Train: 49529K->49529K(49664K), 0.0008260 secs] 50057K->49959K(50240K), 0.0017290 secs]
2.162: [GC 2.162: [DefNew: 553K->36K(576K), 0.0005220 secs]2.162: [Train: 49546K->49546K(49664K), 0.0008560 secs] 50083K->49966K(50240K), 0.0017710 secs]
2.163: [GC 2.164: [DefNew: 547K->45K(576K), 0.0005350 secs]2.164: [Train: 49567K->49567K(49728K), 0.0008490 secs] 50093K->49954K(50304K), 0.0017600 secs]
2.165: [GC 2.166: [DefNew: 556K->42K(576K), 0.0005250 secs]2.166: [Train: 49583K->49583K(49728K), 0.0008330 secs] 50124K->49882K(50304K), 0.0017410 secs]
2.167: [GC 2.168: [DefNew: 549K->58K(576K), 0.0005290 secs]2.168: [Train: 49603K->49603K(49728K), 0.0008110 secs] 50133K->49662K(50304K), 0.0017180 secs]
2.169: [GC 2.170: [DefNew: 561K->62K(576K), 0.0005660 secs]2.170: [Train: 49674K->49674K(49792K), 0.0008130 secs] 50164K->49736K(50368K), 0.0017650 secs]
2.172: [GC 2.172: [DefNew: 564K->62K(576K), 0.0005630 secs] 50238K->49810K(50368K), 0.0009290 secs]
2.173: [GC 2.173: [DefNew: 564K->62K(576K), 0.0005980 secs]2.174: [Train: 49823K->49823K(49984K), 0.0008480 secs] 50312K->49885K(50560K), 0.0018280 secs]
2.175: [GC 2.176: [DefNew: 564K->62K(576K), 0.0005700 secs]2.176: [Train: 49897K->49897K(50048K), 0.0008280 secs] 50388K->50215K(50624K), 0.0017770 secs]
2.177: [GC 2.178: [DefNew: 569K->36K(576K), 0.0005600 secs]2.178: [Train: 49961K->49961K(50112K), 0.0008300 secs] 50466K->50338K(50688K), 0.0017750 secs]
2.179: [GC 2.180: [DefNew: 546K->32K(576K), 0.0005390 secs]2.180: [Train: 49997K->49997K(50112K), 0.0008040 secs] 50508K->50414K(50688K), 0.0017220 secs]
2.181: [GC 2.182: [DefNew: 543K->19K(576K), 0.0005380 secs]2.182: [Train: 50022K->50022K(50176K), 0.0008100 secs] 50541K->50425K(50752K), 0.0017280 secs]
2.183: [GC 2.183: [DefNew: 530K->49K(576K), 0.0005180 secs]2.184: [Train: 50022K->50022K(50176K), 0.0008160 secs] 50553K->50455K(50752K), 0.0017140 secs]
2.185: [GC 2.185: [DefNew: 557K->36K(576K), 0.0005410 secs]2.186: [Train: 50041K->50041K(50176K), 0.0008000 secs] 50579K->50461K(50752K), 0.0017220 secs]
2.187: [GC 2.187: [DefNew: 547K->45K(576K), 0.0005300 secs]2.188: [Train: 50061K->50061K(50176K), 0.0007930 secs] 50589K->50491K(50752K), 0.0017030 secs]
2.189: [GC 2.189: [DefNew: 553K->36K(576K), 0.0005300 secs]2.189: [Train: 50079K->50079K(50240K), 0.0008120 secs] 50615K->50456K(50816K), 0.0017290 secs]
2.190: [GC 2.191: [DefNew: 546K->49K(576K), 0.0005300 secs]2.191: [Train: 50099K->50099K(50240K), 0.0007970 secs] 50626K->50404K(50816K), 0.0017090 secs]
2.192: [GC 2.193: [DefNew: 559K->49K(576K), 0.0005450 secs]2.193: [Train: 50138K->50138K(50240K), 0.0008300 secs] 50658K->50187K(50816K), 0.0017570 secs]
2.195: [GC 2.195: [DefNew: 551K->62K(576K), 0.0005640 secs]2.196: [Train: 50199K->50199K(50304K), 0.0007990 secs] 50689K->50261K(50880K), 0.0017460 secs]
2.197: [GC 2.197: [DefNew: 564K->62K(576K), 0.0126230 secs] 50763K->50337K(50944K), 0.0130480 secs]
2.210: [GC 2.211: [DefNew: 564K->62K(576K), 0.0006440 secs]2.211: [Train: 50348K->50348K(50496K), 0.0008390 secs] 50839K->50410K(51072K), 0.0018900 secs]
2.213: [GC 2.213: [DefNew: 564K->62K(576K), 0.0005720 secs]2.214: [Train: 50422K->50422K(50560K), 0.0008640 secs] 50913K->50740K(51136K), 0.0018210 secs]
2.215: [GC 2.215: [DefNew: 569K->45K(576K), 0.0005600 secs]2.216: [Train: 50476K->50476K(50624K), 0.0008700 secs] 50991K->50863K(51200K), 0.0018140 secs]
2.217: [GC 2.217: [DefNew: 556K->22K(576K), 0.0005390 secs]2.218: [Train: 50512K->50512K(50624K), 0.0008160 secs] 51033K->50919K(51200K), 0.0017400 secs]
2.219: [GC 2.219: [DefNew: 534K->52K(576K), 0.0005240 secs]2.219: [Train: 50512K->50512K(50624K), 0.0008050 secs] 51046K->50949K(51200K), 0.0017140 secs]
2.220: [GC 2.221: [DefNew: 560K->36K(576K), 0.0005460 secs]2.221: [Train: 50537K->50537K(50688K), 0.0008520 secs] 51072K->50957K(51264K), 0.0017830 secs]
2.222: [GC 2.223: [DefNew: 547K->45K(576K), 0.0005350 secs]2.223: [Train: 50557K->50557K(50688K), 0.0007920 secs] 51084K->50986K(51264K), 0.0017130 secs]
2.231: [GC 2.232: [DefNew: 553K->36K(576K), 0.0005610 secs]2.232: [Train: 50573K->50573K(50688K), 0.0008420 secs] 51110K->50993K(51264K), 0.0018250 secs]
2.233: [GC 2.233: [DefNew: 547K->45K(576K), 0.0005640 secs]2.234: [Train: 50594K->50594K(50752K), 0.0008560 secs] 51120K->50981K(51328K), 0.0018080 secs]
2.235: [GC 2.235: [DefNew: 556K->42K(576K), 0.0005330 secs]2.236: [Train: 50611K->50611K(50752K), 0.0008210 secs] 51151K->50909K(51328K), 0.0017410 secs]
2.237: [GC 2.237: [DefNew: 549K->58K(576K), 0.0005430 secs]2.238: [Train: 50630K->50630K(50752K), 0.0007870 secs] 51160K->50689K(51328K), 0.0017160 secs]
2.246: [GC 2.246: [DefNew: 561K->62K(576K), 0.0006050 secs]2.247: [Train: 50701K->50701K(50816K), 0.0008120 secs] 51192K->50763K(51392K), 0.0018350 secs]
2.248: [GC 2.249: [DefNew: 564K->62K(576K), 0.0005730 secs] 51266K->50837K(51392K), 0.0009460 secs]
2.250: [GC 2.250: [DefNew: 564K->62K(576K), 0.0005890 secs]2.251: [Train: 50850K->50850K(51008K), 0.0007800 secs] 51339K->50913K(51584K), 0.0017550 secs]
2.252: [GC 2.252: [DefNew: 564K->62K(576K), 0.0005770 secs]2.253: [Train: 50924K->50924K(51072K), 0.0008260 secs] 51415K->51242K(51648K), 0.0017900 secs]
2.258: [GC 2.258: [DefNew: 569K->36K(576K), 0.0006640 secs]2.259: [Train: 50988K->50988K(51136K), 0.0008520 secs] 51494K->51366K(51712K), 0.0020110 secs]
2.260: [GC 2.261: [DefNew: 546K->32K(576K), 0.0005480 secs]2.261: [Train: 51024K->51024K(51136K), 0.0007790 secs] 51535K->51441K(51712K), 0.0017170 secs]
2.270: [GC 2.270: [DefNew: 543K->19K(576K), 0.0005990 secs]2.271: [Train: 51049K->51049K(51200K), 0.0008350 secs] 51568K->51453K(51776K), 0.0018980 secs]
2.272: [GC 2.272: [DefNew: 530K->49K(576K), 0.0005300 secs]2.273: [Train: 51049K->51049K(51200K), 0.0007590 secs] 51580K->51482K(51776K), 0.0016780 secs]
2.274: [GC 2.286: [DefNew: 557K->36K(576K), 0.0006160 secs]2.287: [Train: 51069K->51069K(51200K), 0.0008530 secs] 51606K->51489K(51776K), 0.0139530 secs]
2.288: [GC 2.288: [DefNew: 547K->45K(576K), 0.0005400 secs]2.289: [Train: 51088K->51088K(51200K), 0.0007740 secs] 51616K->51518K(51776K), 0.0017050 secs]
2.294: [GC 2.294: [DefNew: 553K->36K(576K), 0.0006000 secs]2.295: [Train: 51106K->51106K(51264K), 0.0008400 secs] 51642K->51484K(51840K), 0.0019000 secs]
2.296: [GC 2.296: [DefNew: 546K->49K(576K), 0.0005420 secs]2.297: [Train: 51126K->51126K(51264K), 0.0007610 secs] 51653K->51431K(51840K), 0.0016980 secs]
2.306: [GC 2.306: [DefNew: 559K->49K(576K), 0.0006120 secs]2.307: [Train: 51167K->51167K(51328K), 0.0009580 secs] 51686K->51216K(51904K), 0.0020390 secs]
2.308: [GC 2.309: [DefNew: 551K->62K(576K), 0.0005680 secs]2.309: [Train: 51226K->51226K(51328K), 0.0008210 secs] 51719K->51288K(51904K), 0.0017830 secs]
2.312: [GC 2.312: [DefNew: 564K->62K(576K), 0.0006320 secs] 51791K->51364K(51968K), 0.0010480 secs]
2.313: [GC 2.313: [DefNew: 564K->62K(576K), 0.0006150 secs]2.314: [Train: 51375K->51375K(51520K), 0.0008450 secs] 51866K->51438K(52096K), 0.0018530 secs]
2.315: [GC 2.316: [DefNew: 564K->62K(576K), 0.0005820 secs]2.316: [Train: 51449K->51449K(51584K), 0.0007840 secs] 51940K->51767K(52160K), 0.0017610 secs]
2.330: [GC 2.330: [DefNew: 569K->45K(576K), 0.0006300 secs]2.331: [Train: 51503K->51503K(51648K), 0.0008070 secs] 52019K->51891K(52224K), 0.0019160 secs]
2.332: [GC 2.332: [DefNew: 556K->22K(576K), 0.0005470 secs]2.333: [Train: 51539K->51539K(51648K), 0.0007670 secs] 52060K->51946K(52224K), 0.0017090 secs]
2.334: [GC 2.334: [DefNew: 534K->52K(576K), 0.0005310 secs]2.335: [Train: 51539K->51539K(51648K), 0.0007480 secs] 52074K->51976K(52224K), 0.0016710 secs]
2.336: [GC 2.336: [DefNew: 560K->36K(576K), 0.0005460 secs]2.337: [Train: 51564K->51564K(51712K), 0.0007830 secs] 52100K->51984K(52288K), 0.0017190 secs]
2.338: [GC 2.338: [DefNew: 547K->45K(576K), 0.0005410 secs]2.338: [Train: 51584K->51584K(51712K), 0.0007670 secs] 52111K->52014K(52288K), 0.0017050 secs]
2.342: [GC 2.342: [DefNew: 553K->36K(576K), 0.0005600 secs]2.343: [Train: 51600K->51600K(51712K), 0.0008090 secs] 52138K->52020K(52288K), 0.0017880 secs]
2.354: [GC 2.354: [DefNew: 547K->45K(576K), 0.0005830 secs]2.355: [Train: 51622K->51622K(51776K), 0.0007760 secs] 52147K->52009K(52352K), 0.0017950 secs]
2.356: [GC 2.356: [DefNew: 556K->42K(576K), 0.0005410 secs]2.357: [Train: 51638K->51638K(51776K), 0.0007680 secs] 52178K->51937K(52352K), 0.0017010 secs]
2.358: [GC 2.358: [DefNew: 549K->58K(576K), 0.0005440 secs]2.359: [Train: 51658K->51658K(51776K), 0.0007540 secs] 52188K->51717K(52352K), 0.0016890 secs]
2.360: [GC 2.360: [DefNew: 561K->62K(576K), 0.0005840 secs]2.361: [Train: 51728K->51728K(51840K), 0.0007400 secs] 52219K->51790K(52416K), 0.0017170 secs]
2.362: [GC 2.362: [DefNew: 564K->62K(576K), 0.0005850 secs] 52293K->51864K(52416K), 0.0009670 secs]
2.363: [GC 2.364: [DefNew: 564K->62K(576K), 0.0005920 secs]2.364: [Train: 51878K->51878K(52032K), 0.0008160 secs] 52367K->51940K(52608K), 0.0018030 secs]
2.366: [GC 2.366: [DefNew: 564K->62K(576K), 0.0005950 secs]2.367: [Train: 51951K->51951K(52096K), 0.0007670 secs] 52442K->52270K(52672K), 0.0017610 secs]
2.378: [GC 2.378: [DefNew: 569K->36K(576K), 0.0006040 secs]2.379: [Train: 52015K->52015K(52160K), 0.0008090 secs] 52521K->52393K(52736K), 0.0018400 secs]
2.380: [GC 2.380: [DefNew: 546K->32K(576K), 0.0005560 secs]2.381: [Train: 52051K->52051K(52160K), 0.0007610 secs] 52562K->52468K(52736K), 0.0017120 secs]
2.382: [GC 2.382: [DefNew: 543K->19K(576K), 0.0005500 secs]2.383: [Train: 52076K->52076K(52224K), 0.0007790 secs] 52595K->52480K(52800K), 0.0017230 secs]
2.384: [GC 2.384: [DefNew: 530K->49K(576K), 0.0005330 secs]2.385: [Train: 52076K->52076K(52224K), 0.0007380 secs] 52607K->52509K(52800K), 0.0016660 secs]
2.385: [GC 2.386: [DefNew: 557K->36K(576K), 0.0005470 secs]2.386: [Train: 52096K->52096K(52224K), 0.0007710 secs] 52633K->52516K(52800K), 0.0017190 secs]
2.387: [GC 2.388: [DefNew: 547K->45K(576K), 0.0005430 secs]2.388: [Train: 52115K->52115K(52224K), 0.0007570 secs] 52643K->52545K(52800K), 0.0016970 secs]
2.389: [GC 2.389: [DefNew: 553K->36K(576K), 0.0005650 secs]2.390: [Train: 52134K->52134K(52288K), 0.0007560 secs] 52669K->52511K(52864K), 0.0017160 secs]
2.391: [GC 2.391: [DefNew: 546K->49K(576K), 0.0005500 secs]2.392: [Train: 52153K->52153K(52288K), 0.0007550 secs] 52681K->52458K(52864K), 0.0016990 secs]
2.393: [GC 2.393: [DefNew: 559K->49K(576K), 0.0005690 secs]2.394: [Train: 52194K->52194K(52352K), 0.0007540 secs] 52713K->52243K(52928K), 0.0017200 secs]
2.395: [GC 2.395: [DefNew: 551K->62K(576K), 0.0005790 secs]2.396: [Train: 52255K->52255K(52416K), 0.0007500 secs] 52746K->52317K(52992K), 0.0017270 secs]
2.397: [GC 2.398: [DefNew: 564K->62K(576K), 0.0005980 secs] 52820K->52391K(52992K), 0.0009840 secs]
2.399: [GC 2.399: [DefNew: 564K->62K(576K), 0.0005970 secs]2.400: [Train: 52403K->52403K(52544K), 0.0007450 secs] 52893K->52465K(53120K), 0.0017410 secs]
2.401: [GC 2.401: [DefNew: 564K->62K(576K), 0.0006010 secs]2.402: [Train: 52477K->52477K(52608K), 0.0007740 secs] 52967K->52795K(53184K), 0.0017720 secs]
2.403: [GC 2.403: [DefNew: 569K->45K(576K), 0.0005720 secs]2.404: [Train: 52531K->52531K(52672K), 0.0007610 secs] 53046K->52918K(53248K), 0.0017300 secs]
2.405: [GC 2.405: [DefNew: 556K->22K(576K), 0.0005540 secs]2.406: [Train: 52567K->52567K(52672K), 0.0009190 secs] 53087K->52974K(53248K), 0.0018810 secs]
2.407: [GC 2.407: [DefNew: 534K->52K(576K), 0.0006760 secs]2.408: [Train: 52567K->52567K(52672K), 0.0007220 secs] 53101K->53003K(53248K), 0.0017970 secs]
2.409: [GC 2.409: [DefNew: 560K->36K(576K), 0.0005560 secs]2.410: [Train: 52591K->52591K(52736K), 0.0007390 secs] 53127K->53011K(53312K), 0.0016940 secs]
2.411: [GC 2.411: [DefNew: 547K->45K(576K), 0.0005490 secs]2.411: [Train: 52611K->52611K(52736K), 0.0007170 secs] 53139K->53041K(53312K), 0.0016650 secs]
2.412: [GC 2.413: [DefNew: 553K->36K(576K), 0.0005450 secs]2.413: [Train: 52627K->52627K(52736K), 0.0007420 secs] 53165K->53047K(53312K), 0.0016870 secs]
2.414: [GC 2.414: [DefNew: 547K->45K(576K), 0.0005630 secs]2.415: [Train: 52649K->52649K(52800K), 0.0007590 secs] 53175K->53079K(53376K), 0.0017210 secs]
2.416: [GC 2.416: [DefNew: 553K->36K(576K), 0.0005470 secs]2.417: [Train: 52665K->52665K(52800K), 0.0007560 secs] 53203K->53043K(53376K), 0.0017040 secs]
2.418: [GC 2.418: [DefNew: 546K->49K(576K), 0.0005510 secs]2.419: [Train: 52685K->52685K(52800K), 0.0008770 secs] 53212K->52990K(53376K), 0.0018280 secs]
2.420: [GC 2.420: [DefNew: 559K->49K(576K), 0.0005740 secs]2.421: [Train: 52726K->52726K(52864K), 0.0007320 secs] 53244K->52775K(53440K), 0.0017130 secs]
2.422: [GC 2.422: [DefNew: 551K->62K(576K), 0.0005890 secs]2.423: [Train: 52787K->52787K(52928K), 0.0007310 secs] 53277K->52849K(53504K), 0.0017220 secs]
2.424: [GC 2.425: [DefNew: 564K->62K(576K), 0.0005930 secs] 53351K->52923K(53504K), 0.0009830 secs]
2.426: [GC 2.426: [DefNew: 564K->62K(576K), 0.0005930 secs]2.427: [Train: 52934K->52934K(53056K), 0.0007610 secs] 53425K->52997K(53632K), 0.0017550 secs]
2.428: [GC 2.428: [DefNew: 564K->62K(576K), 0.0005930 secs]2.429: [Train: 53008K->53008K(53120K), 0.0007370 secs] 53499K->53326K(53696K), 0.0017310 secs]
2.430: [GC 2.430: [DefNew: 569K->45K(576K), 0.0005740 secs]2.431: [Train: 53062K->53062K(53184K), 0.0007590 secs] 53578K->53450K(53760K), 0.0017360 secs]
2.432: [GC 2.432: [DefNew: 556K->22K(576K), 0.0005640 secs]2.433: [Train: 53100K->53100K(53248K), 0.0007330 secs] 53619K->53507K(53824K), 0.0016990 secs]
2.434: [GC 2.434: [DefNew: 534K->52K(576K), 0.0005440 secs]2.434: [Train: 53100K->53100K(53248K), 0.0007160 secs] 53634K->53537K(53824K), 0.0016680 secs]
2.435: [GC 2.436: [DefNew: 560K->36K(576K), 0.0005560 secs]2.436: [Train: 53123K->53123K(53248K), 0.0007460 secs] 53660K->53543K(53824K), 0.0017060 secs]
2.437: [GC 2.438: [DefNew: 547K->45K(576K), 0.0005700 secs]2.438: [Train: 53143K->53143K(53248K), 0.0007150 secs] 53670K->53573K(53824K), 0.0016870 secs]
2.439: [GC 2.439: [DefNew: 553K->36K(576K), 0.0005550 secs]2.440: [Train: 53161K->53161K(53312K), 0.0007210 secs] 53696K->53581K(53888K), 0.0016800 secs]
2.441: [GC 2.441: [DefNew: 547K->45K(576K), 0.0005620 secs]2.442: [Train: 53181K->53181K(53312K), 0.0007260 secs] 53708K->53568K(53888K), 0.0016910 secs]
2.443: [GC 2.443: [DefNew: 556K->42K(576K), 0.0005510 secs]2.444: [Train: 53197K->53197K(53312K), 0.0007130 secs] 53737K->53495K(53888K), 0.0016680 secs]
2.445: [GC 2.445: [DefNew: 549K->58K(576K), 0.0005610 secs]2.446: [Train: 53218K->53218K(53376K), 0.0007240 secs] 53747K->53277K(53952K), 0.0016880 secs]
2.447: [GC 2.447: [DefNew: 561K->62K(576K), 0.0005930 secs]2.448: [Train: 53289K->53289K(53440K), 0.0007010 secs] 53780K->53351K(54016K), 0.0017100 secs]
2.449: [GC 2.449: [DefNew: 564K->62K(576K), 0.0006030 secs] 53854K->53425K(54016K), 0.0009940 secs]
2.450: [GC 2.451: [DefNew: 564K->62K(576K), 0.0006030 secs]2.451: [Train: 53437K->53437K(53568K), 0.0007190 secs] 53927K->53499K(54144K), 0.0017260 secs]
2.452: [GC 2.453: [DefNew: 564K->62K(576K), 0.0005960 secs]2.453: [Train: 53510K->53510K(53632K), 0.0007270 secs] 54001K->53829K(54208K), 0.0017290 secs]
2.454: [GC 2.455: [DefNew: 569K->36K(576K), 0.0005870 secs]2.455: [Train: 53574K->53574K(53696K), 0.0006910 secs] 54080K->53952K(54272K), 0.0016850 secs]
2.456: [GC 2.457: [DefNew: 546K->32K(576K), 0.0005690 secs]2.457: [Train: 53612K->53612K(53760K), 0.0007050 secs] 54121K->54029K(54336K), 0.0016810 secs]
2.458: [GC 2.458: [DefNew: 543K->19K(576K), 0.0005560 secs]2.459: [Train: 53635K->53635K(53760K), 0.0007040 secs] 54156K->54039K(54336K), 0.0016680 secs]
2.460: [GC 2.460: [DefNew: 530K->49K(576K), 0.0005440 secs]2.461: [Train: 53635K->53635K(53760K), 0.0006920 secs] 54166K->54068K(54336K), 0.0016420 secs]
2.462: [GC 2.462: [DefNew: 557K->36K(576K), 0.0005560 secs]2.463: [Train: 53655K->53655K(53760K), 0.0006850 secs] 54192K->54075K(54336K), 0.0016620 secs]
2.463: [GC 2.464: [DefNew: 547K->45K(576K), 0.0005620 secs]2.464: [Train: 53676K->53676K(53824K), 0.0006920 secs] 54202K->54106K(54400K), 0.0016620 secs]
2.465: [GC 2.466: [DefNew: 553K->36K(576K), 0.0005600 secs]2.466: [Train: 53693K->53693K(53824K), 0.0006890 secs] 54230K->54070K(54400K), 0.0016540 secs]
2.467: [GC 2.467: [DefNew: 546K->49K(576K), 0.0005570 secs]2.468: [Train: 53712K->53712K(53824K), 0.0006870 secs] 54240K->54017K(54400K), 0.0016500 secs]
2.469: [GC 2.469: [DefNew: 559K->49K(576K), 0.0005830 secs]2.470: [Train: 53753K->53753K(53888K), 0.0006850 secs] 54272K->53802K(54464K), 0.0016760 secs]
2.471: [GC 2.471: [DefNew: 551K->62K(576K), 0.0005890 secs]2.472: [Train: 53814K->53814K(53952K), 0.0006880 secs] 54305K->53876K(54528K), 0.0016830 secs]
2.473: [GC 2.474: [DefNew: 564K->62K(576K), 0.0006150 secs] 54379K->53950K(54528K), 0.0010090 secs]
2.475: [GC 2.475: [DefNew: 564K->62K(576K), 0.0005990 secs]2.476: [Train: 53962K->53962K(54080K), 0.0007000 secs] 54452K->54024K(54656K), 0.0017080 secs]
2.477: [GC 2.477: [DefNew: 564K->62K(576K), 0.0006040 secs]2.478: [Train: 54035K->54035K(54144K), 0.0007310 secs] 54526K->54354K(54720K), 0.0020350 secs]
2.479: [GC 2.479: [DefNew: 569K->45K(576K), 0.0005870 secs]2.480: [Train: 54090K->54090K(54208K), 0.0006880 secs] 54605K->54477K(54784K), 0.0016860 secs]
2.481: [GC 2.481: [DefNew: 556K->22K(576K), 0.0005770 secs]2.482: [Train: 54127K->54127K(54272K), 0.0007010 secs] 54646K->54534K(54848K), 0.0016890 secs]
2.483: [GC 2.483: [DefNew: 534K->52K(576K), 0.0005480 secs]2.484: [Train: 54127K->54127K(54272K), 0.0006800 secs] 54662K->54564K(54848K), 0.0016360 secs]
2.484: [GC 2.485: [DefNew: 560K->36K(576K), 0.0005650 secs]2.485: [Train: 54150K->54150K(54272K), 0.0007260 secs] 54688K->54570K(54848K), 0.0016990 secs]
2.486: [GC 2.487: [DefNew: 547K->45K(576K), 0.0005600 secs]2.487: [Train: 54170K->54170K(54272K), 0.0006870 secs] 54698K->54600K(54848K), 0.0016550 secs]
2.488: [GC 2.488: [DefNew: 553K->36K(576K), 0.0005610 secs]2.489: [Train: 54188K->54188K(54336K), 0.0007010 secs] 54724K->54608K(54912K), 0.0016720 secs]
2.490: [GC 2.490: [DefNew: 547K->45K(576K), 0.0005650 secs]2.491: [Train: 54208K->54208K(54336K), 0.0006750 secs] 54735K->54595K(54912K), 0.0016500 secs]
2.492: [GC 2.492: [DefNew: 556K->42K(576K), 0.0005580 secs]2.493: [Train: 54224K->54224K(54336K), 0.0006650 secs] 54765K->54523K(54912K), 0.0016330 secs]
2.494: [GC 2.494: [DefNew: 549K->58K(576K), 0.0005670 secs]2.494: [Train: 54246K->54246K(54400K), 0.0006660 secs] 54774K->54305K(54976K), 0.0016490 secs]
2.496: [GC 2.496: [DefNew: 561K->62K(576K), 0.0006040 secs]2.497: [Train: 54316K->54316K(54464K), 0.0006800 secs] 54807K->54378K(55040K), 0.0016950 secs]
2.498: [GC 2.498: [DefNew: 564K->62K(576K), 0.0005990 secs] 54881K->54452K(55040K), 0.0009990 secs]
2.499: [GC 2.500: [DefNew: 564K->62K(576K), 0.0006090 secs]2.500: [Train: 54464K->54464K(54592K), 0.0006760 secs] 54955K->54526K(55168K), 0.0016980 secs]
2.501: [GC 2.502: [DefNew: 564K->62K(576K), 0.0006020 secs]2.502: [Train: 54538K->54538K(54656K), 0.0006660 secs] 55028K->54856K(55232K), 0.0016870 secs]
2.503: [GC 2.504: [DefNew: 569K->36K(576K), 0.0005930 secs]2.504: [Train: 54602K->54602K(54720K), 0.0006720 secs] 55107K->54979K(55296K), 0.0016790 secs]
2.505: [GC 2.505: [DefNew: 546K->32K(576K), 0.0005810 secs]2.506: [Train: 54639K->54639K(54784K), 0.0006670 secs] 55149K->55056K(55360K), 0.0016610 secs]
2.507: [GC 2.507: [DefNew: 543K->19K(576K), 0.0007110 secs]2.508: [Train: 54662K->54662K(54784K), 0.0006510 secs] 55183K->55066K(55360K), 0.0017750 secs]
2.509: [GC 2.509: [DefNew: 530K->49K(576K), 0.0005690 secs]2.510: [Train: 54662K->54662K(54784K), 0.0006600 secs] 55193K->55095K(55360K), 0.0016430 secs]
2.511: [GC 2.511: [DefNew: 557K->36K(576K), 0.0005600 secs]2.512: [Train: 54682K->54682K(54784K), 0.0006600 secs] 55219K->55102K(55360K), 0.0016360 secs]
2.512: [GC 2.513: [DefNew: 547K->45K(576K), 0.0005870 secs]2.513: [Train: 54703K->54703K(54848K), 0.0011830 secs] 55229K->55133K(55424K), 0.0021970 secs]
2.515: [GC 2.515: [DefNew: 553K->36K(576K), 0.0005710 secs]2.516: [Train: 54720K->54720K(54848K), 0.0006890 secs] 55257K->55097K(55424K), 0.0016780 secs]
2.517: [GC 2.517: [DefNew: 546K->49K(576K), 0.0005630 secs]2.518: [Train: 54739K->54739K(54848K), 0.0007120 secs] 55267K->55045K(55424K), 0.0016930 secs]
2.519: [GC 2.519: [DefNew: 559K->49K(576K), 0.0006250 secs]2.520: [Train: 54781K->54781K(54912K), 0.0009420 secs] 55299K->54830K(55488K), 0.0020090 secs]
2.521: [GC 2.521: [DefNew: 551K->62K(576K), 0.0007110 secs]2.522: [Train: 54841K->54841K(54976K), 0.0007640 secs] 55332K->54903K(55552K), 0.0019470 secs]
2.524: [GC 2.524: [DefNew: 564K->62K(576K), 0.0006980 secs] 55406K->54977K(55552K), 0.0012680 secs]
2.525: [GC 2.526: [DefNew: 564K->62K(576K), 0.0006540 secs]2.526: [Train: 54989K->54989K(55104K), 0.0007260 secs] 55480K->55051K(55680K), 0.0018430 secs]
2.528: [GC 2.528: [DefNew: 564K->62K(576K), 0.0005990 secs]2.529: [Train: 55063K->55063K(55168K), 0.0006820 secs] 55553K->55381K(55744K), 0.0016970 secs]
2.530: [GC 2.530: [DefNew: 569K->45K(576K), 0.0006130 secs]2.531: [Train: 55117K->55117K(55232K), 0.0007600 secs] 55632K->55504K(55808K), 0.0018100 secs]
2.532: [GC 2.532: [DefNew: 556K->22K(576K), 0.0006300 secs]2.533: [Train: 55155K->55155K(55296K), 0.0007070 secs] 55674K->55562K(55872K), 0.0017870 secs]
2.534: [GC 2.534: [DefNew: 534K->52K(576K), 0.0005740 secs]2.535: [Train: 55155K->55155K(55296K), 0.0006910 secs] 55689K->55591K(55872K), 0.0017250 secs]
2.535: [GC 2.536: [DefNew: 560K->36K(576K), 0.0005660 secs]2.536: [Train: 55178K->55178K(55296K), 0.0006270 secs] 55715K->55598K(55872K), 0.0016110 secs]
2.537: [GC 2.538: [DefNew: 547K->45K(576K), 0.0005810 secs]2.538: [Train: 55199K->55199K(55360K), 0.0006690 secs] 55725K->55629K(55936K), 0.0016720 secs]
2.539: [GC 2.539: [DefNew: 553K->36K(576K), 0.0006010 secs]2.540: [Train: 55215K->55215K(55360K), 0.0007190 secs] 55753K->55635K(55936K), 0.0017610 secs]
2.541: [GC 2.541: [DefNew: 547K->45K(576K), 0.0006270 secs]2.542: [Train: 55235K->55235K(55360K), 0.0007490 secs] 55763K->55622K(55936K), 0.0018230 secs]
2.543: [GC 2.543: [DefNew: 556K->42K(576K), 0.0006210 secs]2.544: [Train: 55251K->55251K(55360K), 0.0007440 secs] 55792K->55550K(55936K), 0.0018220 secs]
2.545: [GC 2.546: [DefNew: 549K->58K(576K), 0.0006520 secs]2.546: [Train: 55273K->55273K(55424K), 0.0006840 secs] 55801K->55332K(56000K), 0.0017950 secs]
2.547: [GC 2.548: [DefNew: 561K->62K(576K), 0.0006000 secs]2.548: [Train: 55343K->55343K(55488K), 0.0006610 secs] 55834K->55406K(56064K), 0.0016810 secs]
2.550: [GC 2.550: [DefNew: 564K->62K(576K), 0.0006340 secs] 55908K->55479K(56064K), 0.0010580 secs]
2.551: [GC 2.551: [DefNew: 564K->62K(576K), 0.0006650 secs]2.552: [Train: 55491K->55491K(55616K), 0.0008160 secs] 55982K->55553K(56192K), 0.0019230 secs]
2.554: [GC 2.554: [DefNew: 564K->62K(576K), 0.0006560 secs]2.555: [Train: 55565K->55565K(55680K), 0.0007010 secs] 56056K->55883K(56256K), 0.0018390 secs]
2.556: [GC 2.556: [DefNew: 569K->36K(576K), 0.0005910 secs]2.557: [Train: 55629K->55629K(55744K), 0.0006600 secs] 56134K->56006K(56320K), 0.0016710 secs]
2.557: [GC 2.558: [DefNew: 546K->32K(576K), 0.0005970 secs]2.558: [Train: 55667K->55667K(55808K), 0.0006680 secs] 56176K->56083K(56384K), 0.0017120 secs]
2.559: [GC 2.560: [DefNew: 543K->19K(576K), 0.0005810 secs]2.560: [Train: 55690K->55690K(55808K), 0.0006370 secs] 56211K->56093K(56384K), 0.0016470 secs]
2.561: [GC 2.562: [DefNew: 530K->49K(576K), 0.0005790 secs]2.562: [Train: 55690K->55690K(55808K), 0.0006810 secs] 56221K->56123K(56384K), 0.0016860 secs]
2.563: [GC 2.563: [DefNew: 557K->36K(576K), 0.0005790 secs]2.564: [Train: 55711K->55711K(55872K), 0.0006400 secs] 56247K->56131K(56448K), 0.0016470 secs]
2.565: [GC 2.565: [DefNew: 547K->45K(576K), 0.0005860 secs]2.566: [Train: 55731K->55731K(55872K), 0.0006430 secs] 56258K->56161K(56448K), 0.0016540 secs]
2.567: [GC 2.567: [DefNew: 553K->36K(576K), 0.0005670 secs]2.568: [Train: 55747K->55747K(55872K), 0.0006160 secs] 56284K->56124K(56448K), 0.0016040 secs]
2.568: [GC 2.569: [DefNew: 546K->49K(576K), 0.0005690 secs]2.569: [Train: 55767K->55767K(55872K), 0.0006260 secs] 56294K->56072K(56448K), 0.0016170 secs]
2.570: [GC 2.571: [DefNew: 559K->49K(576K), 0.0005970 secs]2.571: [Train: 55808K->55808K(55936K), 0.0006310 secs] 56326K->55857K(56512K), 0.0016560 secs]
2.572: [GC 2.573: [DefNew: 551K->62K(576K), 0.0006240 secs]2.573: [Train: 55869K->55869K(56000K), 0.0006380 secs] 56359K->55931K(56576K), 0.0016950 secs]
2.574: [GC 2.575: [DefNew: 564K->62K(576K), 0.0006300 secs] 56433K->56005K(56576K), 0.0010450 secs]
2.576: [GC 2.576: [DefNew: 564K->62K(576K), 0.0006240 secs]2.577: [Train: 56016K->56016K(56128K), 0.0006540 secs] 56507K->56078K(56704K), 0.0017150 secs]
2.578: [GC 2.579: [DefNew: 564K->62K(576K), 0.0006270 secs]2.579: [Train: 56090K->56090K(56192K), 0.0006350 secs] 56581K->56408K(56768K), 0.0016940 secs]
2.580: [GC 2.580: [DefNew: 569K->45K(576K), 0.0006080 secs]2.581: [Train: 56144K->56144K(56256K), 0.0006430 secs] 56659K->56531K(56832K), 0.0016810 secs]
2.582: [GC 2.582: [DefNew: 556K->22K(576K), 0.0005890 secs]2.583: [Train: 56182K->56182K(56320K), 0.0006280 secs] 56701K->56589K(56896K), 0.0016420 secs]
2.584: [GC 2.584: [DefNew: 534K->52K(576K), 0.0005730 secs]2.585: [Train: 56182K->56182K(56320K), 0.0006160 secs] 56716K->56618K(56896K), 0.0016150 secs]
2.585: [GC 2.586: [DefNew: 560K->36K(576K), 0.0005770 secs]2.586: [Train: 56205K->56205K(56320K), 0.0006350 secs] 56742K->56625K(56896K), 0.0016440 secs]
2.587: [GC 2.588: [DefNew: 547K->45K(576K), 0.0005790 secs]2.588: [Train: 56226K->56226K(56384K), 0.0006450 secs] 56752K->56656K(56960K), 0.0016480 secs]
2.589: [GC 2.589: [DefNew: 553K->36K(576K), 0.0005810 secs]2.590: [Train: 56243K->56243K(56384K), 0.0006140 secs] 56780K->56663K(56960K), 0.0016210 secs]
2.591: [GC 2.591: [DefNew: 547K->45K(576K), 0.0005860 secs]2.592: [Train: 56262K->56262K(56384K), 0.0006350 secs] 56790K->56650K(56960K), 0.0016520 secs]
2.593: [GC 2.593: [DefNew: 556K->42K(576K), 0.0005830 secs]2.594: [Train: 56279K->56279K(56384K), 0.0006870 secs] 56819K->56577K(56960K), 0.0017010 secs]
2.595: [GC 2.595: [DefNew: 549K->58K(576K), 0.0005960 secs]2.596: [Train: 56300K->56300K(56448K), 0.0007980 secs] 56828K->56359K(57024K), 0.0018280 secs]
2.597: [GC 2.597: [DefNew: 561K->62K(576K), 0.0006500 secs]2.598: [Train: 56371K->56371K(56512K), 0.0006340 secs] 56862K->56433K(57088K), 0.0017220 secs]
2.599: [GC 2.599: [DefNew: 564K->62K(576K), 0.0006360 secs] 56935K->56507K(57088K), 0.0010580 secs]
2.601: [GC 2.601: [DefNew: 564K->62K(576K), 0.0006420 secs]2.602: [Train: 56518K->56518K(56640K), 0.0006370 secs] 57009K->56581K(57216K), 0.0017130 secs]
2.603: [GC 2.603: [DefNew: 564K->62K(576K), 0.0006380 secs]2.604: [Train: 56592K->56592K(56704K), 0.0006210 secs] 57083K->56910K(57280K), 0.0016960 secs]
2.605: [GC 2.605: [DefNew: 569K->36K(576K), 0.0006410 secs]2.606: [Train: 56656K->56656K(56768K), 0.0006360 secs] 57162K->57034K(57344K), 0.0017200 secs]
2.607: [GC 2.607: [DefNew: 546K->32K(576K), 0.0006080 secs]2.608: [Train: 56694K->56694K(56832K), 0.0006760 secs] 57203K->57111K(57408K), 0.0017180 secs]
2.608: [GC 2.609: [DefNew: 543K->19K(576K), 0.0005890 secs]2.609: [Train: 56717K->56717K(56832K), 0.0006270 secs] 57238K->57121K(57408K), 0.0016520 secs]
2.610: [GC 2.611: [DefNew: 530K->49K(576K), 0.0005750 secs]2.611: [Train: 56717K->56717K(56832K), 0.0006250 secs] 57248K->57150K(57408K), 0.0016330 secs]
2.612: [GC 2.612: [DefNew: 557K->36K(576K), 0.0005990 secs]2.613: [Train: 56738K->56738K(56896K), 0.0006400 secs] 57274K->57158K(57472K), 0.0016740 secs]
2.614: [GC 2.614: [DefNew: 547K->45K(576K), 0.0005830 secs]2.615: [Train: 56758K->56758K(56896K), 0.0006050 secs] 57286K->57188K(57472K), 0.0016200 secs]
2.616: [GC 2.616: [DefNew: 553K->36K(576K), 0.0005870 secs]2.617: [Train: 56774K->56774K(56896K), 0.0005930 secs] 57312K->57152K(57472K), 0.0016120 secs]
2.617: [GC 2.618: [DefNew: 546K->49K(576K), 0.0005900 secs]2.618: [Train: 56794K->56794K(56896K), 0.0005960 secs] 57321K->57099K(57472K), 0.0016340 secs]
2.619: [GC 2.620: [DefNew: 559K->49K(576K), 0.0006010 secs]2.620: [Train: 56835K->56835K(56960K), 0.0006090 secs] 57354K->56884K(57536K), 0.0016420 secs]
2.621: [GC 2.622: [DefNew: 551K->62K(576K), 0.0006250 secs]2.622: [Train: 56896K->56896K(57024K), 0.0006160 secs] 57387K->56958K(57600K), 0.0016810 secs]
2.624: [GC 2.624: [DefNew: 564K->62K(576K), 0.0006280 secs] 57460K->57032K(57600K), 0.0010490 secs]
2.625: [GC 2.625: [DefNew: 564K->62K(576K), 0.0006440 secs]2.626: [Train: 57043K->57043K(57152K), 0.0006320 secs] 57534K->57106K(57728K), 0.0017110 secs]
2.627: [GC 2.628: [DefNew: 564K->62K(576K), 0.0006330 secs]2.628: [Train: 57119K->57119K(57280K), 0.0006170 secs] 57608K->57437K(57856K), 0.0016860 secs]
2.629: [GC 2.629: [DefNew: 569K->45K(576K), 0.0006170 secs]2.630: [Train: 57171K->57171K(57280K), 0.0005830 secs] 57688K->57559K(57856K), 0.0016360 secs]
2.631: [GC 2.631: [DefNew: 556K->22K(576K), 0.0005930 secs]2.632: [Train: 57209K->57209K(57344K), 0.0005790 secs] 57728K->57616K(57920K), 0.0016050 secs]
2.633: [GC 2.633: [DefNew: 534K->52K(576K), 0.0005730 secs]2.634: [Train: 57209K->57209K(57344K), 0.0005900 secs] 57743K->57646K(57920K), 0.0015960 secs]
2.634: [GC 2.635: [DefNew: 560K->36K(576K), 0.0005840 secs]2.635: [Train: 57232K->57232K(57344K), 0.0005760 secs] 57770K->57652K(57920K), 0.0015940 secs]
2.636: [GC 2.636: [DefNew: 547K->45K(576K), 0.0006930 secs]2.637: [Train: 57254K->57254K(57408K), 0.0006150 secs] 57779K->57683K(57984K), 0.0017440 secs]
2.638: [GC 2.638: [DefNew: 553K->36K(576K), 0.0005840 secs]2.639: [Train: 57270K->57270K(57408K), 0.0005930 secs] 57807K->57690K(57984K), 0.0016120 secs]
2.640: [GC 2.640: [DefNew: 547K->45K(576K), 0.0005860 secs]2.641: [Train: 57290K->57290K(57408K), 0.0005660 secs] 57817K->57677K(57984K), 0.0015860 secs]
2.641: [GC 2.642: [DefNew: 556K->42K(576K), 0.0005830 secs]2.642: [Train: 57306K->57306K(57408K), 0.0005640 secs] 57846K->57605K(57984K), 0.0015960 secs]
2.643: [GC 2.644: [DefNew: 549K->58K(576K), 0.0005900 secs]2.644: [Train: 57327K->57327K(57472K), 0.0005840 secs] 57856K->57386K(58048K), 0.0016100 secs]
2.645: [GC 2.646: [DefNew: 561K->62K(576K), 0.0006190 secs]2.646: [Train: 57398K->57398K(57536K), 0.0006100 secs] 57889K->57460K(58112K), 0.0016740 secs]
2.648: [GC 2.648: [DefNew: 564K->62K(576K), 0.0006210 secs] 57963K->57534K(58112K), 0.0010460 secs]
2.649: [GC 2.649: [DefNew: 564K->62K(576K), 0.0006370 secs]2.650: [Train: 57546K->57546K(57664K), 0.0005820 secs] 58036K->57608K(58240K), 0.0016580 secs]
2.651: [GC 2.651: [DefNew: 564K->62K(576K), 0.0006180 secs]2.652: [Train: 57619K->57619K(57728K), 0.0006030 secs] 58110K->57938K(58304K), 0.0016600 secs]
2.653: [GC 2.653: [DefNew: 569K->36K(576K), 0.0006250 secs]2.654: [Train: 57683K->57683K(57792K), 0.0005900 secs] 58189K->58061K(58368K), 0.0016530 secs]
2.655: [GC 2.655: [DefNew: 546K->32K(576K), 0.0005980 secs]2.656: [Train: 57721K->57721K(57856K), 0.0005910 secs] 58230K->58138K(58432K), 0.0016330 secs]
2.657: [GC 2.657: [DefNew: 543K->19K(576K), 0.0006010 secs]2.658: [Train: 57744K->57744K(57856K), 0.0006150 secs] 58265K->58148K(58432K), 0.0016620 secs]
2.658: [GC 2.659: [DefNew: 530K->49K(576K), 0.0005840 secs]2.659: [Train: 57744K->57744K(57856K), 0.0005680 secs] 58275K->58177K(58432K), 0.0015930 secs]
2.660: [GC 2.661: [DefNew: 557K->36K(576K), 0.0005940 secs]2.661: [Train: 57766K->57766K(57920K), 0.0005760 secs] 58301K->58186K(58496K), 0.0016110 secs]
2.662: [GC 2.662: [DefNew: 547K->45K(576K), 0.0006100 secs]2.663: [Train: 57785K->57785K(57920K), 0.0005770 secs] 58313K->58215K(58496K), 0.0016310 secs]
2.664: [GC 2.664: [DefNew: 553K->36K(576K), 0.0005950 secs]2.665: [Train: 57802K->57802K(57920K), 0.0005720 secs] 58339K->58179K(58496K), 0.0016130 secs]
2.666: [GC 2.666: [DefNew: 546K->49K(576K), 0.0006050 secs]2.667: [Train: 57823K->57823K(57984K), 0.0005590 secs] 58349K->58128K(58560K), 0.0016310 secs]
2.667: [GC 2.668: [DefNew: 559K->49K(576K), 0.0006050 secs]2.668: [Train: 57862K->57862K(57984K), 0.0005610 secs] 58383K->57911K(58560K), 0.0016090 secs]
2.670: [GC 2.670: [DefNew: 551K->62K(576K), 0.0006240 secs]2.671: [Train: 57923K->57923K(58048K), 0.0005730 secs] 58414K->57985K(58624K), 0.0016510 secs]
2.672: [GC 2.672: [DefNew: 564K->62K(576K), 0.0006430 secs] 58488K->58059K(58624K), 0.0010790 secs]
2.673: [GC 2.674: [DefNew: 564K->62K(576K), 0.0006570 secs]2.674: [Train: 58071K->58071K(58176K), 0.0005860 secs] 58561K->58133K(58752K), 0.0016890 secs]
2.675: [GC 2.676: [DefNew: 564K->62K(576K), 0.0006400 secs]2.676: [Train: 58146K->58146K(58304K), 0.0005750 secs] 58635K->58465K(58880K), 0.0016600 secs]
2.677: [GC 2.678: [DefNew: 569K->45K(576K), 0.0006380 secs]2.678: [Train: 58199K->58199K(58304K), 0.0005820 secs] 58716K->58586K(58880K), 0.0016680 secs]
2.679: [GC 2.679: [DefNew: 556K->22K(576K), 0.0006050 secs]2.680: [Train: 58237K->58237K(58368K), 0.0005700 secs] 58756K->58643K(58944K), 0.0016200 secs]
2.681: [GC 2.681: [DefNew: 534K->52K(576K), 0.0006040 secs]2.682: [Train: 58237K->58237K(58368K), 0.0006870 secs] 58771K->58673K(58944K), 0.0017540 secs]
2.683: [GC 2.683: [DefNew: 560K->36K(576K), 0.0006660 secs]2.684: [Train: 58259K->58259K(58368K), 0.0006910 secs] 58797K->58679K(58944K), 0.0018500 secs]
2.685: [GC 2.685: [DefNew: 547K->45K(576K), 0.0007010 secs]2.686: [Train: 58281K->58281K(58432K), 0.0006260 secs] 58807K->58711K(59008K), 0.0018100 secs]
2.687: [GC 2.687: [DefNew: 553K->36K(576K), 0.0006000 secs]2.688: [Train: 58297K->58297K(58432K), 0.0005970 secs] 58835K->58717K(59008K), 0.0016420 secs]
2.689: [GC 2.689: [DefNew: 547K->45K(576K), 0.0005930 secs]2.690: [Train: 58317K->58317K(58432K), 0.0006020 secs] 58845K->58704K(59008K), 0.0016370 secs]
2.690: [GC 2.691: [DefNew: 556K->42K(576K), 0.0005970 secs]2.691: [Train: 58335K->58335K(58496K), 0.0005560 secs] 58874K->58634K(59072K), 0.0015960 secs]
2.692: [GC 2.693: [DefNew: 549K->58K(576K), 0.0006470 secs]2.693: [Train: 58355K->58355K(58496K), 0.0006480 secs] 58885K->58414K(59072K), 0.0017690 secs]
2.695: [GC 2.695: [DefNew: 561K->62K(576K), 0.0006830 secs]2.696: [Train: 58425K->58425K(58560K), 0.0006180 secs] 58916K->58487K(59136K), 0.0018030 secs]
2.697: [GC 2.697: [DefNew: 564K->62K(576K), 0.0006490 secs] 58990K->58561K(59136K), 0.0010820 secs]
2.698: [GC 2.699: [DefNew: 564K->62K(576K), 0.0006480 secs]2.700: [Train: 58573K->58573K(58688K), 0.0005620 secs] 59064K->58635K(59264K), 0.0016550 secs]
2.701: [GC 2.701: [DefNew: 564K->62K(576K), 0.0006340 secs]2.702: [Train: 58647K->58647K(58752K), 0.0005940 secs] 59138K->58965K(59328K), 0.0016750 secs]
2.703: [GC 2.703: [DefNew: 569K->36K(576K), 0.0006250 secs]2.704: [Train: 58711K->58711K(58816K), 0.0005520 secs] 59216K->59088K(59392K), 0.0016250 secs]
2.704: [GC 2.705: [DefNew: 546K->32K(576K), 0.0006130 secs]2.705: [Train: 58749K->58749K(58880K), 0.0005500 secs] 59258K->59165K(59456K), 0.0016100 secs]
2.706: [GC 2.706: [DefNew: 543K->19K(576K), 0.0005980 secs]2.707: [Train: 58771K->58771K(58880K), 0.0005300 secs] 59292K->59175K(59456K), 0.0015760 secs]
2.708: [GC 2.708: [DefNew: 530K->49K(576K), 0.0005920 secs]2.709: [Train: 58771K->58771K(58880K), 0.0005570 secs] 59302K->59205K(59456K), 0.0015960 secs]
2.710: [GC 2.710: [DefNew: 557K->36K(576K), 0.0006180 secs]2.711: [Train: 58793K->58793K(58944K), 0.0005400 secs] 59328K->59213K(59520K), 0.0016410 secs]
2.711: [GC 2.712: [DefNew: 547K->45K(576K), 0.0006060 secs]2.712: [Train: 58813K->58813K(58944K), 0.0005260 secs] 59340K->59242K(59520K), 0.0015830 secs]
2.718: [GC 2.718: [DefNew: 553K->36K(576K), 0.0006320 secs]2.719: [Train: 58829K->58829K(58944K), 0.0005460 secs] 59366K->59206K(59520K), 0.0016820 secs]
2.726: [GC 2.726: [DefNew: 546K->49K(576K), 0.0006390 secs]2.727: [Train: 58850K->58850K(59008K), 0.0005820 secs] 59376K->59155K(59584K), 0.0017080 secs]
2.728: [GC 2.728: [DefNew: 559K->49K(576K), 0.0006150 secs]2.729: [Train: 58890K->58890K(59008K), 0.0005350 secs] 59410K->58939K(59584K), 0.0016020 secs]
2.730: [GC 2.730: [DefNew: 558K->62K(576K), 0.0014650 secs]2.732: [Train: 59072K->59073K(59200K), 0.0003650 secs] 59449K->59391K(59776K), 0.0022970 secs]
2.732: [GC 2.733: [DefNew: 572K->49K(576K), 0.0006290 secs]2.733: [Train: 59127K->59127K(59264K), 0.0003700 secs] 59646K->59518K(59840K), 0.0014510 secs]
2.734: [GC 2.734: [DefNew: 560K->22K(576K), 0.0006130 secs]2.735: [Train: 59168K->59168K(59328K), 0.0003940 secs] 59687K->59575K(59904K), 0.0014570 secs]
2.742: [GC 2.742: [DefNew: 534K->52K(576K), 0.0006100 secs]2.743: [Train: 59168K->59168K(59328K), 0.0003360 secs] 59702K->59605K(59904K), 0.0014290 secs]
2.743: [GC 2.744: [DefNew: 560K->36K(576K), 0.0006030 secs]2.744: [Train: 59191K->59191K(59328K), 0.0003510 secs] 59729K->59611K(59904K), 0.0014030 secs]
2.745: [GC 2.745: [DefNew: 547K->45K(576K), 0.0006110 secs]2.746: [Train: 59211K->59211K(59328K), 0.0003280 secs] 59738K->59641K(59904K), 0.0013870 secs]
2.746: [GC 2.747: [DefNew: 553K->36K(576K), 0.0005970 secs]2.747: [Train: 59227K->59227K(59328K), 0.0003890 secs] 59765K->59605K(59904K), 0.0014360 secs]
2.748: [GC 2.748: [DefNew: 546K->49K(576K), 0.0005990 secs]2.749: [Train: 59249K->59249K(59392K), 0.0003300 secs] 59774K->59554K(59968K), 0.0013740 secs]
2.754: [GC 2.754: [DefNew: 559K->49K(576K), 0.0006140 secs]2.755: [Train: 59288K->59288K(59392K), 0.0003310 secs] 59808K->59337K(59968K), 0.0014020 secs]
2.756: [GC 2.756: [DefNew: 551K->62K(576K), 0.0006200 secs]2.757: [Train: 59349K->59349K(59456K), 0.0003440 secs] 59839K->59411K(60032K), 0.0014110 secs]
2.757: [GC 2.758: [DefNew: 564K->62K(576K), 0.0006410 secs] 59913K->59486K(60096K), 0.0010820 secs]
2.759: [GC 2.759: [DefNew: 564K->62K(576K), 0.0006410 secs]2.760: [Train: 59498K->59498K(59648K), 0.0003310 secs] 59989K->59560K(60224K), 0.0014200 secs]
2.770: [GC 2.770: [DefNew: 564K->62K(576K), 0.0006430 secs]2.771: [Train: 59572K->59572K(59712K), 0.0003510 secs] 60063K->59890K(60288K), 0.0014470 secs]
2.771: [GC 2.772: [DefNew: 569K->45K(576K), 0.0006190 secs]2.772: [Train: 59626K->59626K(59776K), 0.0003070 secs] 60141K->60013K(60352K), 0.0013730 secs]
2.773: [GC 2.773: [DefNew: 556K->22K(576K), 0.0006210 secs]2.774: [Train: 59662K->59662K(59776K), 0.0002960 secs] 60183K->60069K(60352K), 0.0013640 secs]
2.774: [GC 2.775: [DefNew: 534K->52K(576K), 0.0005870 secs]2.775: [Train: 59662K->59662K(59776K), 0.0003180 secs] 60196K->60098K(60352K), 0.0013520 secs]
2.776: [GC 2.776: [DefNew: 560K->36K(576K), 0.0006020 secs]2.777: [Train: 59687K->59687K(59840K), 0.0002990 secs] 60222K->60107K(60416K), 0.0013490 secs]
2.777: [GC 2.778: [DefNew: 547K->45K(576K), 0.0005960 secs]2.778: [Train: 59706K->59706K(59840K), 0.0003590 secs] 60234K->60136K(60416K), 0.0014090 secs]
2.779: [GC 2.779: [DefNew: 553K->36K(576K), 0.0005940 secs]2.780: [Train: 59723K->59723K(59840K), 0.0002980 secs] 60260K->60143K(60416K), 0.0013400 secs]
2.780: [GC 2.781: [DefNew: 547K->45K(576K), 0.0006030 secs]2.781: [Train: 59744K->59744K(59904K), 0.0003620 secs] 60270K->60131K(60480K), 0.0014140 secs]
2.782: [GC 2.782: [DefNew: 556K->42K(576K), 0.0005950 secs]2.783: [Train: 59761K->59761K(59904K), 0.0003340 secs] 60301K->60059K(60480K), 0.0013760 secs]
2.784: [GC 2.784: [DefNew: 549K->58K(576K), 0.0005990 secs]2.785: [Train: 59780K->59780K(59904K), 0.0003240 secs] 60310K->59839K(60480K), 0.0013720 secs]
2.798: [GC 2.798: [DefNew: 561K->62K(576K), 0.0007680 secs]2.799: [Train: 59851K->59851K(59968K), 0.0004490 secs] 60342K->59913K(60544K), 0.0017900 secs]
2.802: [GC 2.803: [DefNew: 564K->62K(576K), 0.0006880 secs] 60415K->59987K(60544K), 0.0011660 secs]
2.804: [GC 2.804: [DefNew: 564K->62K(576K), 0.0006660 secs]2.805: [Train: 60000K->60000K(60160K), 0.0003530 secs] 60489K->60062K(60736K), 0.0014700 secs]
2.806: [GC 2.806: [DefNew: 564K->62K(576K), 0.0006380 secs]2.807: [Train: 60074K->60074K(60224K), 0.0003210 secs] 60565K->60392K(60800K), 0.0014150 secs]
2.807: [GC 2.808: [DefNew: 569K->36K(576K), 0.0006300 secs]2.808: [Train: 60138K->60138K(60288K), 0.0003500 secs] 60643K->60515K(60864K), 0.0014320 secs]
2.815: [GC 2.815: [DefNew: 546K->32K(576K), 0.0006240 secs]2.816: [Train: 60174K->60174K(60288K), 0.0003480 secs] 60685K->60591K(60864K), 0.0014410 secs]
2.816: [GC 2.817: [DefNew: 543K->19K(576K), 0.0006070 secs]2.817: [Train: 60199K->60199K(60352K), 0.0003180 secs] 60718K->60602K(60928K), 0.0013840 secs]
2.818: [GC 2.818: [DefNew: 530K->49K(576K), 0.0005910 secs]2.819: [Train: 60199K->60199K(60352K), 0.0003130 secs] 60730K->60632K(60928K), 0.0013570 secs]
2.826: [GC 2.826: [DefNew: 557K->36K(576K), 0.0006060 secs]2.827: [Train: 60218K->60218K(60352K), 0.0003270 secs] 60756K->60638K(60928K), 0.0013880 secs]
2.827: [GC 2.828: [DefNew: 547K->45K(576K), 0.0006040 secs]2.828: [Train: 60238K->60238K(60352K), 0.0003230 secs] 60766K->60668K(60928K), 0.0013800 secs]
2.829: [GC 2.829: [DefNew: 553K->36K(576K), 0.0006120 secs]2.830: [Train: 60256K->60256K(60416K), 0.0003410 secs] 60792K->60634K(60992K), 0.0014060 secs]
2.830: [GC 2.831: [DefNew: 546K->49K(576K), 0.0006040 secs]2.831: [Train: 60276K->60276K(60416K), 0.0003290 secs] 60803K->60581K(60992K), 0.0013860 secs]
2.832: [GC 2.832: [DefNew: 559K->49K(576K), 0.0006140 secs]2.833: [Train: 60315K->60315K(60416K), 0.0003010 secs] 60835K->60364K(60992K), 0.0013700 secs]
2.838: [GC 2.838: [DefNew: 551K->62K(576K), 0.0006380 secs]2.839: [Train: 60376K->60376K(60480K), 0.0003120 secs] 60867K->60438K(61056K), 0.0014050 secs]
2.840: [GC 2.840: [DefNew: 564K->62K(576K), 0.0006520 secs] 60940K->60514K(61120K), 0.0010930 secs]
2.841: [GC 2.841: [DefNew: 564K->62K(576K), 0.0006520 secs]2.842: [Train: 60525K->60525K(60672K), 0.0003690 secs] 61016K->60587K(61248K), 0.0014750 secs]
2.843: [GC 2.843: [DefNew: 564K->62K(576K), 0.0006420 secs]2.844: [Train: 60599K->60599K(60736K), 0.0003170 secs] 61090K->60917K(61312K), 0.0014130 secs]
2.845: [GC 2.845: [DefNew: 569K->45K(576K), 0.0046360 secs]2.850: [Train: 60653K->60653K(60800K), 0.0003700 secs] 61169K->61040K(61376K), 0.0054640 secs]
2.850: [GC 2.851: [DefNew: 556K->22K(576K), 0.0006130 secs]2.851: [Train: 60689K->60689K(60800K), 0.0003160 secs] 61210K->61096K(61376K), 0.0013830 secs]
2.852: [GC 2.852: [DefNew: 534K->52K(576K), 0.0005940 secs]2.853: [Train: 60689K->60689K(60800K), 0.0003810 secs] 61223K->61126K(61376K), 0.0014320 secs]
2.853: [GC 2.854: [DefNew: 560K->36K(576K), 0.0006120 secs]2.854: [Train: 60714K->60714K(60864K), 0.0003620 secs] 61250K->61134K(61440K), 0.0014370 secs]
2.855: [GC 2.855: [DefNew: 547K->45K(576K), 0.0006070 secs]2.856: [Train: 60734K->60734K(60864K), 0.0003440 secs] 61261K->61163K(61440K), 0.0014050 secs]
2.856: [GC 2.857: [DefNew: 553K->36K(576K), 0.0006010 secs]2.857: [Train: 60750K->60750K(60864K), 0.0003470 secs] 61287K->61170K(61440K), 0.0014030 secs]
2.858: [GC 2.858: [DefNew: 547K->45K(576K), 0.0006110 secs]2.859: [Train: 60772K->60772K(60928K), 0.0003910 secs] 61297K->61159K(61504K), 0.0014570 secs]
2.860: [GC 2.860: [DefNew: 556K->42K(576K), 0.0006050 secs]2.861: [Train: 60788K->60788K(60928K), 0.0003420 secs] 61328K->61086K(61504K), 0.0014020 secs]
2.861: [GC 2.862: [DefNew: 549K->58K(576K), 0.0006100 secs]2.862: [Train: 60808K->60808K(60928K), 0.0003300 secs] 61338K->60866K(61504K), 0.0014010 secs]
2.863: [GC 2.864: [DefNew: 561K->62K(576K), 0.0006440 secs]2.864: [Train: 60878K->60878K(60992K), 0.0003260 secs] 61369K->60940K(61568K), 0.0014330 secs]
2.865: [GC 2.865: [DefNew: 564K->62K(576K), 0.0006500 secs] 61443K->61014K(61568K), 0.0010950 secs]
2.866: [GC 2.867: [DefNew: 564K->62K(576K), 0.0006780 secs]2.868: [Train: 61028K->61028K(61184K), 0.0004030 secs] 61516K->61090K(61760K), 0.0015440 secs]
2.874: [GC 2.875: [DefNew: 564K->62K(576K), 0.0007850 secs]2.876: [Train: 61101K->61101K(61248K), 0.0003910 secs] 61592K->61420K(61824K), 0.0018110 secs]
2.876: [GC 2.877: [DefNew: 569K->36K(576K), 0.0007030 secs]2.878: [Train: 61165K->61165K(61312K), 0.0004200 secs] 61671K->61543K(61888K), 0.0016140 secs]
2.878: [GC 2.879: [DefNew: 546K->32K(576K), 0.0006600 secs]2.879: [Train: 61201K->61201K(61312K), 0.0003530 secs] 61712K->61618K(61888K), 0.0014930 secs]
2.880: [GC 2.880: [DefNew: 543K->19K(576K), 0.0006460 secs]2.881: [Train: 61226K->61226K(61376K), 0.0003690 secs] 61745K->61630K(61952K), 0.0014870 secs]
2.882: [GC 2.886: [DefNew: 530K->49K(576K), 0.0007220 secs]2.887: [Train: 61226K->61226K(61376K), 0.0004280 secs] 61757K->61659K(61952K), 0.0058490 secs]
2.888: [GC 2.888: [DefNew: 557K->36K(576K), 0.0006540 secs]2.889: [Train: 61246K->61246K(61376K), 0.0003590 secs] 61783K->61666K(61952K), 0.0015000 secs]
2.889: [GC 2.890: [DefNew: 547K->45K(576K), 0.0006480 secs]2.890: [Train: 61265K->61265K(61376K), 0.0003370 secs] 61793K->61695K(61952K), 0.0014520 secs]
2.891: [GC 2.891: [DefNew: 553K->36K(576K), 0.0006570 secs]2.892: [Train: 61284K->61284K(61440K), 0.0004550 secs] 61819K->61661K(62016K), 0.0015920 secs]
2.893: [GC 2.893: [DefNew: 546K->49K(576K), 0.0006640 secs]2.894: [Train: 61303K->61303K(61440K), 0.0003200 secs] 61830K->61608K(62016K), 0.0014550 secs]
2.894: [GC 2.895: [DefNew: 559K->49K(576K), 0.0006270 secs]2.895: [Train: 61344K->61344K(61504K), 0.0003270 secs] 61863K->61393K(62080K), 0.0014140 secs]
2.896: [GC 2.897: [DefNew: 551K->62K(576K), 0.0006360 secs]2.897: [Train: 61403K->61403K(61504K), 0.0003320 secs] 61896K->61465K(62080K), 0.0014270 secs]
2.898: [GC 2.898: [DefNew: 564K->62K(576K), 0.0006720 secs] 61968K->61541K(62144K), 0.0011300 secs]
2.900: [GC 2.900: [DefNew: 564K->62K(576K), 0.0006740 secs]2.901: [Train: 61553K->61553K(61696K), 0.0003440 secs] 62043K->61615K(62272K), 0.0014890 secs]
2.902: [GC 2.902: [DefNew: 564K->62K(576K), 0.0006570 secs]2.903: [Train: 61626K->61626K(61760K), 0.0003640 secs] 62117K->61945K(62336K), 0.0014980 secs]
2.903: [GC 2.904: [DefNew: 569K->45K(576K), 0.0006340 secs]2.904: [Train: 61681K->61681K(61824K), 0.0003470 secs] 62196K->62068K(62400K), 0.0014410 secs]
2.905: [GC 2.905: [DefNew: 556K->22K(576K), 0.0008550 secs]2.906: [Train: 61717K->61717K(61824K), 0.0003510 secs] 62237K->62124K(62400K), 0.0016720 secs]
2.907: [GC 2.907: [DefNew: 534K->52K(576K), 0.0006100 secs]2.908: [Train: 61717K->61717K(61824K), 0.0003150 secs] 62251K->62153K(62400K), 0.0013940 secs]
2.908: [GC 2.909: [DefNew: 560K->36K(576K), 0.0006280 secs]2.909: [Train: 61741K->61741K(61888K), 0.0003610 secs] 62277K->62161K(62464K), 0.0014540 secs]
2.910: [GC 2.910: [DefNew: 547K->45K(576K), 0.0006210 secs]2.911: [Train: 61761K->61761K(61888K), 0.0003260 secs] 62289K->62191K(62464K), 0.0014160 secs]
2.911: [GC 2.912: [DefNew: 553K->36K(576K), 0.0006150 secs]2.912: [Train: 61777K->61777K(61888K), 0.0003230 secs] 62315K->62197K(62464K), 0.0014040 secs]
2.913: [GC 2.913: [DefNew: 547K->45K(576K), 0.0006320 secs]2.914: [Train: 61799K->61799K(61952K), 0.0003470 secs] 62325K->62186K(62528K), 0.0014470 secs]
2.915: [GC 2.915: [DefNew: 556K->42K(576K), 0.0006190 secs]2.916: [Train: 61815K->61815K(61952K), 0.0003480 secs] 62356K->62114K(62528K), 0.0014350 secs]
2.916: [GC 2.917: [DefNew: 549K->58K(576K), 0.0006250 secs]2.917: [Train: 61835K->61835K(61952K), 0.0003210 secs] 62365K->61894K(62528K), 0.0014360 secs]
2.918: [GC 2.919: [DefNew: 561K->62K(576K), 0.0006590 secs]2.919: [Train: 61905K->61905K(62016K), 0.0003440 secs] 62396K->61968K(62592K), 0.0014770 secs]
2.920: [GC 2.921: [DefNew: 564K->62K(576K), 0.0006560 secs] 62470K->62041K(62592K), 0.0011150 secs]
2.922: [GC 2.922: [DefNew: 564K->62K(576K), 0.0006740 secs]2.923: [Train: 62055K->62055K(62208K), 0.0003490 secs] 62544K->62117K(62784K), 0.0015020 secs]
2.924: [GC 2.924: [DefNew: 564K->62K(576K), 0.0006560 secs]2.925: [Train: 62129K->62129K(62272K), 0.0003640 secs] 62619K->62447K(62848K), 0.0014920 secs]
2.925: [GC 2.926: [DefNew: 569K->36K(576K), 0.0006450 secs]2.926: [Train: 62193K->62193K(62336K), 0.0003260 secs] 62698K->62570K(62912K), 0.0014480 secs]
2.927: [GC 2.927: [DefNew: 546K->32K(576K), 0.0007330 secs]2.928: [Train: 62229K->62229K(62336K), 0.0003150 secs] 62740K->62645K(62912K), 0.0015200 secs]
2.929: [GC 2.929: [DefNew: 543K->19K(576K), 0.0006440 secs]2.930: [Train: 62253K->62253K(62400K), 0.0003320 secs] 62773K->62657K(62976K), 0.0014470 secs]
2.930: [GC 2.931: [DefNew: 530K->49K(576K), 0.0006110 secs]2.931: [Train: 62253K->62253K(62400K), 0.0003220 secs] 62784K->62686K(62976K), 0.0014030 secs]
2.932: [GC 2.932: [DefNew: 557K->36K(576K), 0.0006200 secs]2.933: [Train: 62273K->62273K(62400K), 0.0003410 secs] 62810K->62693K(62976K), 0.0014330 secs]
2.933: [GC 2.934: [DefNew: 547K->45K(576K), 0.0006210 secs]2.934: [Train: 62293K->62293K(62400K), 0.0003450 secs] 62820K->62722K(62976K), 0.0014440 secs]
2.935: [GC 2.935: [DefNew: 553K->36K(576K), 0.0006260 secs]2.936: [Train: 62311K->62311K(62464K), 0.0003600 secs] 62846K->62688K(63040K), 0.0014570 secs]
2.937: [GC 2.937: [DefNew: 546K->49K(576K), 0.0006350 secs]2.938: [Train: 62330K->62330K(62464K), 0.0003430 secs] 62858K->62635K(63040K), 0.0014490 secs]
2.938: [GC 2.939: [DefNew: 559K->49K(576K), 0.0006510 secs]2.939: [Train: 62372K->62372K(62528K), 0.0003530 secs] 62890K->62421K(63104K), 0.0014790 secs]
2.940: [GC 2.941: [DefNew: 551K->62K(576K), 0.0006710 secs]2.941: [Train: 62432K->62432K(62592K), 0.0004720 secs] 62923K->62494K(63168K), 0.0016220 secs]
2.942: [GC 2.943: [DefNew: 564K->62K(576K), 0.0006920 secs] 62997K->62568K(63168K), 0.0011670 secs]
2.944: [GC 2.944: [DefNew: 564K->62K(576K), 0.0006860 secs]2.945: [Train: 62580K->62580K(62720K), 0.0003830 secs] 63071K->62642K(63296K), 0.0015470 secs]
2.946: [GC 2.946: [DefNew: 564K->62K(576K), 0.0006730 secs]2.947: [Train: 62654K->62654K(62784K), 0.0004070 secs] 63144K->62972K(63360K), 0.0015580 secs]
2.948: [GC 2.948: [DefNew: 569K->45K(576K), 0.0006530 secs]2.949: [Train: 62708K->62708K(62848K), 0.0003760 secs] 63223K->63095K(63424K), 0.0015030 secs]
2.949: [GC 2.950: [DefNew: 556K->22K(576K), 0.0006350 secs]2.951: [Train: 62744K->62744K(62848K), 0.0003520 secs] 63265K->63151K(63424K), 0.0014720 secs]
2.951: [GC 2.952: [DefNew: 534K->52K(576K), 0.0006220 secs]2.952: [Train: 62744K->62744K(62848K), 0.0003750 secs] 63278K->63180K(63424K), 0.0014720 secs]
2.953: [GC 2.953: [DefNew: 560K->36K(576K), 0.0006550 secs]2.954: [Train: 62769K->62769K(62912K), 0.0003590 secs] 63304K->63189K(63488K), 0.0014900 secs]
2.954: [GC 2.955: [DefNew: 547K->45K(576K), 0.0006280 secs]2.955: [Train: 62788K->62788K(62912K), 0.0003820 secs] 63316K->63218K(63488K), 0.0014840 secs]
2.956: [GC 2.956: [DefNew: 553K->36K(576K), 0.0006280 secs]2.957: [Train: 62805K->62805K(62912K), 0.0003340 secs] 63342K->63225K(63488K), 0.0014370 secs]
2.958: [GC 2.958: [DefNew: 547K->45K(576K), 0.0006380 secs]2.959: [Train: 62826K->62826K(62976K), 0.0003800 secs] 63352K->63213K(63552K), 0.0015070 secs]
2.959: [GC 2.960: [DefNew: 556K->42K(576K), 0.0007150 secs]2.960: [Train: 62842K->62842K(62976K), 0.0004780 secs] 63383K->63141K(63552K), 0.0017130 secs]
2.961: [GC 2.962: [DefNew: 549K->58K(576K), 0.0007710 secs]2.963: [Train: 62862K->62862K(62976K), 0.0004080 secs] 63392K->62921K(63552K), 0.0017440 secs]
2.964: [GC 2.964: [DefNew: 561K->62K(576K), 0.0007520 secs]2.965: [Train: 62933K->62933K(63040K), 0.0003760 secs] 63423K->62995K(63616K), 0.0016560 secs]
2.966: [GC 2.966: [DefNew: 564K->62K(576K), 0.0007120 secs] 63497K->63070K(63680K), 0.0011920 secs]
2.967: [GC 2.968: [DefNew: 564K->62K(576K), 0.0006840 secs]2.969: [Train: 63082K->63082K(63232K), 0.0005450 secs] 63573K->63144K(63808K), 0.0017090 secs]
2.970: [GC 2.970: [DefNew: 564K->62K(576K), 0.0006920 secs]2.971: [Train: 63156K->63156K(63296K), 0.0003440 secs] 63647K->63474K(63872K), 0.0015410 secs]
2.971: [GC 2.972: [DefNew: 569K->36K(576K), 0.0006710 secs]2.973: [Train: 63220K->63220K(63360K), 0.0003420 secs] 63725K->63597K(63936K), 0.0014920 secs]
2.973: [GC 2.974: [DefNew: 546K->32K(576K), 0.0006550 secs]2.974: [Train: 63256K->63256K(63360K), 0.0003310 secs] 63767K->63673K(63936K), 0.0014650 secs]
2.975: [GC 2.975: [DefNew: 543K->19K(576K), 0.0006350 secs]2.976: [Train: 63281K->63281K(63424K), 0.0003420 secs] 63800K->63684K(64000K), 0.0014570 secs]
2.976: [GC 2.977: [DefNew: 530K->49K(576K), 0.0006190 secs]2.977: [Train: 63281K->63281K(63424K), 0.0003610 secs] 63811K->63714K(64000K), 0.0014600 secs]
2.978: [GC 2.979: [DefNew: 557K->36K(576K), 0.0006510 secs]2.979: [Train: 63300K->63300K(63424K), 0.0003340 secs] 63838K->63720K(64000K), 0.0017980 secs]
2.980: [GC 2.980: [DefNew: 547K->45K(576K), 0.0006340 secs]2.981: [Train: 63320K->63320K(63424K), 0.0003970 secs] 63847K->63750K(64000K), 0.0015070 secs]
2.981: [GC 2.982: [DefNew: 553K->36K(576K), 0.0006400 secs]2.983: [Train: 63338K->63338K(63488K), 0.0003370 secs] 63874K->63715K(64064K), 0.0014660 secs]
2.983: [GC 2.984: [DefNew: 546K->49K(576K), 0.0006330 secs]2.984: [Train: 63358K->63358K(63488K), 0.0003670 secs] 63885K->63663K(64064K), 0.0014760 secs]
2.985: [GC 2.985: [DefNew: 559K->49K(576K), 0.0006550 secs]2.986: [Train: 63399K->63399K(63552K), 0.0003820 secs] 63917K->63448K(64128K), 0.0015180 secs]
2.987: [GC 2.987: [DefNew: 551K->62K(576K), 0.0006750 secs]2.988: [Train: 63460K->63460K(63616K), 0.0003710 secs] 63950K->63522K(64192K), 0.0015300 secs]
2.989: [GC 2.989: [DefNew: 564K->62K(576K), 0.0007090 secs] 64024K->63595K(64192K), 0.0011790 secs]
2.991: [GC 2.991: [DefNew: 564K->62K(576K), 0.0006920 secs]2.992: [Train: 63607K->63607K(63744K), 0.0004260 secs] 64098K->63669K(64320K), 0.0016060 secs]
2.993: [GC 2.993: [DefNew: 564K->62K(576K), 0.0006800 secs]2.994: [Train: 63681K->63681K(63808K), 0.0003360 secs] 64172K->63999K(64384K), 0.0014940 secs]
2.994: [GC 2.995: [DefNew: 569K->45K(576K), 0.0006550 secs]2.995: [Train: 63735K->63735K(63872K), 0.0003370 secs] 64250K->64122K(64448K), 0.0014700 secs]
2.996: [GC 2.996: [DefNew: 556K->22K(576K), 0.0006330 secs]2.997: [Train: 63771K->63771K(63872K), 0.0003150 secs] 64292K->64178K(64448K), 0.0014230 secs]
2.998: [GC 2.998: [DefNew: 534K->52K(576K), 0.0006170 secs]2.999: [Train: 63771K->63771K(63872K), 0.0003160 secs] 64305K->64207K(64448K), 0.0014160 secs]
2.999: [GC 3.000: [DefNew: 560K->36K(576K), 0.0006320 secs]3.000: [Train: 63796K->63796K(63936K), 0.0003380 secs] 64331K->64216K(64512K), 0.0014460 secs]
3.001: [GC 3.001: [DefNew: 547K->45K(576K), 0.0006440 secs]3.002: [Train: 63816K->63816K(63936K), 0.0003090 secs] 64343K->64245K(64512K), 0.0014280 secs]
3.002: [GC 3.003: [DefNew: 553K->36K(576K), 0.0006280 secs]3.003: [Train: 63832K->63832K(63936K), 0.0003020 secs] 64369K->64252K(64512K), 0.0014050 secs]
3.004: [GC 3.004: [DefNew: 547K->45K(576K), 0.0006330 secs]3.005: [Train: 63853K->63853K(64000K), 0.0003580 secs] 64379K->64240K(64576K), 0.0014670 secs]
3.005: [GC 3.006: [DefNew: 556K->42K(576K), 0.0006270 secs]3.006: [Train: 63870K->63870K(64000K), 0.0003380 secs] 64410K->64168K(64576K), 0.0014470 secs]
3.007: [GC 3.008: [DefNew: 549K->58K(576K), 0.0006350 secs]3.008: [Train: 63889K->63889K(64000K), 0.0003370 secs] 64419K->63948K(64576K), 0.0014480 secs]
3.009: [GC 3.009: [DefNew: 561K->62K(576K), 0.0006740 secs]3.010: [Train: 63960K->63960K(64064K), 0.0003250 secs] 64451K->64022K(64640K), 0.0014760 secs]
3.011: [GC 3.011: [DefNew: 564K->62K(576K), 0.0006760 secs] 64524K->64098K(64704K), 0.0011440 secs]
3.012: [GC 3.013: [DefNew: 564K->62K(576K), 0.0006760 secs]3.014: [Train: 64109K->64109K(64256K), 0.0003700 secs] 64600K->64172K(64832K), 0.0015260 secs]
3.015: [GC 3.015: [DefNew: 564K->62K(576K), 0.0006730 secs]3.016: [Train: 64183K->64183K(64320K), 0.0003710 secs] 64674K->64501K(64896K), 0.0015270 secs]
3.016: [GC 3.017: [DefNew: 569K->36K(576K), 0.0006660 secs]3.017: [Train: 64247K->64247K(64384K), 0.0003820 secs] 64753K->64624K(64960K), 0.0015340 secs]
3.018: [GC 3.019: [DefNew: 546K->32K(576K), 0.0006400 secs]3.019: [Train: 64283K->64283K(64384K), 0.0003290 secs] 64794K->64700K(64960K), 0.0014500 secs]
3.020: [GC 3.020: [DefNew: 543K->19K(576K), 0.0006350 secs]3.021: [Train: 64308K->64308K(64448K), 0.0003930 secs] 64827K->64712K(65024K), 0.0015060 secs]
3.021: [GC 3.022: [DefNew: 530K->49K(576K), 0.0006200 secs]3.022: [Train: 64308K->64308K(64448K), 0.0003690 secs] 64839K->64741K(65024K), 0.0014740 secs]
3.023: [GC 3.023: [DefNew: 557K->36K(576K), 0.0006320 secs]3.024: [Train: 64328K->64328K(64448K), 0.0003340 secs] 64865K->64748K(65024K), 0.0014530 secs]
3.025: [GC 3.025: [DefNew: 547K->45K(576K), 0.0006330 secs]3.026: [Train: 64347K->64347K(64448K), 0.0003450 secs] 64875K->64777K(65024K), 0.0014590 secs]
3.026: [GC 3.027: [DefNew: 553K->36K(576K), 0.0006340 secs]3.027: [Train: 64365K->64365K(64512K), 0.0003590 secs] 64901K->64743K(65088K), 0.0014740 secs]
3.028: [GC 3.028: [DefNew: 546K->49K(576K), 0.0006350 secs]3.029: [Train: 64385K->64385K(64512K), 0.0003360 secs] 64912K->64690K(65088K), 0.0014520 secs]
3.029: [GC 3.030: [DefNew: 559K->49K(576K), 0.0006490 secs]3.031: [Train: 64426K->64426K(64576K), 0.0003250 secs] 64945K->64475K(65152K), 0.0014640 secs]
3.031: [GC 3.032: [DefNew: 551K->62K(576K), 0.0006670 secs]3.032: [Train: 64487K->64487K(64640K), 0.0003250 secs] 64978K->64549K(65216K), 0.0014740 secs]
3.033: [GC 3.034: [DefNew: 564K->62K(576K), 0.0006700 secs] 65051K->64623K(65216K), 0.0011460 secs]
3.035: [GC 3.035: [DefNew: 564K->62K(576K), 0.0006780 secs]3.036: [Train: 64634K->64634K(64768K), 0.0003380 secs] 65125K->64697K(65344K), 0.0015000 secs]
3.037: [GC 3.037: [DefNew: 564K->62K(576K), 0.0006850 secs]3.038: [Train: 64708K->64708K(64832K), 0.0003680 secs] 65199K->65026K(65408K), 0.0015360 secs]
3.039: [GC 3.039: [DefNew: 569K->45K(576K), 0.0006620 secs]3.040: [Train: 64762K->64762K(64896K), 0.0003170 secs] 65278K->65150K(65472K), 0.0014620 secs]
3.040: [GC 3.041: [DefNew: 556K->22K(576K), 0.0006450 secs]3.041: [Train: 64800K->64800K(64960K), 0.0003160 secs] 65319K->65207K(65536K), 0.0014440 secs]
3.042: [GC 3.042: [DefNew: 534K->52K(576K), 0.0006230 secs]3.043: [Train: 64800K->64800K(64960K), 0.0003480 secs] 65334K->65237K(65536K), 0.0014540 secs]
3.043: [GC 3.044: [DefNew: 560K->36K(576K), 0.0006360 secs]3.044: [Train: 64823K->64823K(64960K), 0.0003150 secs] 65361K->65243K(65536K), 0.0014340 secs]
3.045: [GC 3.045: [DefNew: 547K->45K(576K), 0.0006420 secs]3.046: [Train: 64843K->64843K(64960K), 0.0003640 secs] 65370K->65273K(65536K), 0.0014900 secs]
3.047: [GC 3.047: [DefNew: 553K->36K(576K), 0.0006340 secs]3.048: [Train: 64859K->64859K(64960K), 0.0003310 secs] 65397K->65279K(65536K), 0.0014480 secs]
3.048: [GC 3.049: [DefNew: 547K->45K(576K), 0.0006390 secs]3.049: [Train: 64881K->64881K(65024K), 0.0003520 secs] 65406K->65268K(65600K), 0.0014760 secs]
3.050: [GC 3.050: [DefNew: 556K->42K(576K), 0.0006360 secs]3.051: [Train: 64897K->64897K(65024K), 0.0003610 secs] 65437K->65196K(65600K), 0.0014810 secs]
3.051: [GC 3.052: [DefNew: 549K->58K(576K), 0.0006370 secs]3.053: [Train: 64917K->64917K(65024K), 0.0003250 secs] 65447K->64976K(65600K), 0.0014450 secs]
3.053: [GC 3.054: [DefNew: 561K->62K(576K), 0.0006750 secs]3.054: [Train: 64987K->64987K(65088K), 0.0003460 secs] 65478K->65049K(65664K), 0.0015140 secs]
3.055: [GC 3.056: [DefNew: 564K->62K(576K), 0.0006830 secs] 65552K->65125K(65728K), 0.0011570 secs]
3.057: [GC 3.057: [DefNew: 564K->62K(576K), 0.0006880 secs]3.058: [Train: 65137K->65137K(65280K), 0.0003600 secs] 65627K->65199K(65856K), 0.0015340 secs]
3.059: [GC 3.059: [DefNew: 564K->62K(576K), 0.0006780 secs]3.060: [Train: 65210K->65210K(65344K), 0.0003620 secs] 65701K->65529K(65920K), 0.0015270 secs]
3.061: [GC 3.061: [DefNew: 569K->36K(576K), 0.0007010 secs]3.062: [Train: 65274K->65274K(65408K), 0.0003380 secs] 65780K->65652K(65984K), 0.0015270 secs]
3.062: [GC 3.063: [DefNew: 546K->32K(576K), 0.0006540 secs]3.063: [Train: 65312K->65312K(65472K), 0.0003420 secs] 65821K->65729K(66048K), 0.0014840 secs]
3.064: [GC 3.064: [DefNew: 543K->19K(576K), 0.0006380 secs]3.065: [Train: 65335K->65335K(65472K), 0.0003350 secs] 65856K->65739K(66048K), 0.0014600 secs]
3.065: [GC 3.066: [DefNew: 530K->49K(576K), 0.0006260 secs]3.067: [Train: 65335K->65335K(65472K), 0.0003500 secs] 65866K->65768K(66048K), 0.0014690 secs]
3.067: [GC 3.068: [DefNew: 557K->36K(576K), 0.0006380 secs]3.068: [Train: 65355K->65355K(65472K), 0.0003330 secs] 65892K->65775K(66048K), 0.0014590 secs]
3.069: [GC 3.069: [DefNew: 547K->45K(576K), 0.0006500 secs]3.070: [Train: 65376K->65376K(65536K), 0.0003750 secs] 65902K->65806K(66112K), 0.0015130 secs]
3.070: [GC 3.071: [DefNew: 553K->36K(576K), 0.0006350 secs]3.071: [Train: 65393K->65393K(65536K), 0.0003130 secs] 65930K->65770K(66112K), 0.0014360 secs]
3.072: [GC 3.072: [DefNew: 546K->49K(576K), 0.0006390 secs]3.073: [Train: 65412K->65412K(65536K), 0.0003540 secs] 65940K->65717K(66112K), 0.0014820 secs]
3.074: [GC 3.074: [DefNew: 559K->49K(576K), 0.0006580 secs]3.075: [Train: 65453K->65393K(65536K), 0.0002500 secs] 65972K->65783K(66112K), 0.0014120 secs]
3.075: [GC 3.076: [DefNew: 560K->22K(576K), 0.0006500 secs]3.076: [Train: 65432K->65365K(65536K), 0.0003080 secs] 65953K->65644K(66112K), 0.0014450 secs]
3.077: [GC 3.077: [DefNew: 530K->58K(576K), 0.0006330 secs]3.078: [Train: 65365K->65365K(65536K), 0.0003330 secs] 65895K->65424K(66112K), 0.0014530 secs]
3.079: [GC 3.079: [DefNew: 561K->62K(576K), 0.0006770 secs]3.080: [Train: 65435K->65435K(65536K), 0.0003230 secs] 65926K->65497K(66112K), 0.0014880 secs]
3.081: [GC 3.081: [DefNew: 564K->62K(576K), 0.0006980 secs] 66000K->65573K(66176K), 0.0011750 secs]
3.082: [GC 3.083: [DefNew: 564K->62K(576K), 0.0007330 secs]3.083: [Train: 65585K->65585K(65728K), 0.0003620 secs] 66075K->65647K(66304K), 0.0015970 secs]
3.084: [GC 3.085: [DefNew: 564K->62K(576K), 0.0007570 secs]3.086: [Train: 65658K->65658K(65792K), 0.0004330 secs] 66149K->65977K(66368K), 0.0017160 secs]
3.086: [GC 3.087: [DefNew: 569K->36K(576K), 0.0007290 secs]3.088: [Train: 65722K->65722K(65856K), 0.0003670 secs] 66228K->66100K(66432K), 0.0016200 secs]
3.088: [GC 3.089: [DefNew: 546K->32K(576K), 0.0006970 secs]3.089: [Train: 65760K->65760K(65920K), 0.0003910 secs] 66269K->66177K(66496K), 0.0015990 secs]
3.090: [GC 3.090: [DefNew: 543K->19K(576K), 0.0006750 secs]3.091: [Train: 65783K->65783K(65920K), 0.0003540 secs] 66304K->66187K(66496K), 0.0015380 secs]
3.092: [GC 3.092: [DefNew: 530K->49K(576K), 0.0006630 secs]3.093: [Train: 65783K->65783K(65920K), 0.0003660 secs] 66314K->66216K(66496K), 0.0015380 secs]
3.093: [GC 3.094: [DefNew: 557K->36K(576K), 0.0006800 secs]3.095: [Train: 65803K->65803K(65920K), 0.0003540 secs] 66340K->66223K(66496K), 0.0015610 secs]
3.095: [GC 3.096: [DefNew: 547K->45K(576K), 0.0008770 secs]3.096: [Train: 65824K->65824K(65984K), 0.0003680 secs] 66350K->66211K(66560K), 0.0017560 secs]
3.097: [GC 3.098: [DefNew: 556K->42K(576K), 0.0007040 secs]3.098: [Train: 65841K->65841K(65984K), 0.0003430 secs] 66381K->66139K(66560K), 0.0015570 secs]
3.099: [GC 3.099: [DefNew: 549K->58K(576K), 0.0006830 secs]3.100: [Train: 65860K->65860K(65984K), 0.0003720 secs] 66390K->65919K(66560K), 0.0015690 secs]
3.101: [GC 3.102: [DefNew: 561K->62K(576K), 0.0007960 secs]3.102: [Train: 65931K->65931K(66048K), 0.0003940 secs] 66422K->65993K(66624K), 0.0017320 secs]
3.103: [GC 3.104: [DefNew: 564K->62K(576K), 0.0007570 secs] 66495K->66067K(66624K), 0.0013050 secs]
3.105: [GC 3.106: [DefNew: 564K->62K(576K), 0.0007890 secs]3.106: [Train: 66080K->66080K(66240K), 0.0003830 secs] 66569K->66142K(66816K), 0.0016880 secs]
3.107: [GC 3.108: [DefNew: 564K->62K(576K), 0.0007510 secs]3.109: [Train: 66154K->66154K(66304K), 0.0003480 secs] 66645K->66472K(66880K), 0.0016360 secs]
3.109: [GC 3.110: [DefNew: 569K->36K(576K), 0.0007180 secs]3.110: [Train: 66218K->66218K(66368K), 0.0003360 secs] 66723K->66595K(66944K), 0.0015620 secs]
3.111: [GC 3.111: [DefNew: 546K->32K(576K), 0.0006610 secs]3.112: [Train: 66254K->66254K(66368K), 0.0003190 secs] 66765K->66671K(66944K), 0.0014800 secs]
3.113: [GC 3.113: [DefNew: 543K->19K(576K), 0.0006710 secs]3.114: [Train: 66279K->66279K(66432K), 0.0003560 secs] 66798K->66682K(67008K), 0.0015270 secs]
3.114: [GC 3.115: [DefNew: 530K->49K(576K), 0.0006430 secs]3.115: [Train: 66279K->66279K(66432K), 0.0003180 secs] 66810K->66712K(67008K), 0.0014620 secs]
3.116: [GC 3.116: [DefNew: 557K->36K(576K), 0.0006540 secs]3.117: [Train: 66298K->66298K(66432K), 0.0003230 secs] 66836K->66718K(67008K), 0.0014770 secs]
3.117: [GC 3.118: [DefNew: 547K->45K(576K), 0.0006570 secs]3.119: [Train: 66318K->66318K(66432K), 0.0003260 secs] 66846K->66748K(67008K), 0.0014920 secs]
3.119: [GC 3.120: [DefNew: 553K->36K(576K), 0.0006550 secs]3.120: [Train: 66336K->66336K(66496K), 0.0003420 secs] 66872K->66714K(67072K), 0.0014950 secs]
3.121: [GC 3.121: [DefNew: 546K->49K(576K), 0.0006760 secs]3.122: [Train: 66356K->66356K(66496K), 0.0003200 secs] 66883K->66661K(67072K), 0.0014950 secs]
3.122: [GC 3.123: [DefNew: 559K->49K(576K), 0.0006750 secs]3.124: [Train: 66395K->66395K(66496K), 0.0003160 secs] 66915K->66444K(67072K), 0.0014920 secs]
3.124: [GC 3.125: [DefNew: 551K->62K(576K), 0.0006990 secs]3.126: [Train: 66456K->66456K(66560K), 0.0003430 secs] 66947K->66518K(67136K), 0.0015540 secs]
3.126: [GC 3.127: [DefNew: 564K->62K(576K), 0.0007180 secs] 67020K->66594K(67200K), 0.0012120 secs]
3.128: [GC 3.129: [DefNew: 564K->62K(576K), 0.0007090 secs]3.129: [Train: 66605K->66605K(66752K), 0.0003570 secs] 67096K->66667K(67328K), 0.0015740 secs]
3.130: [GC 3.131: [DefNew: 564K->62K(576K), 0.0007040 secs]3.131: [Train: 66679K->66679K(66816K), 0.0003230 secs] 67170K->66997K(67392K), 0.0015330 secs]
3.132: [GC 3.132: [DefNew: 569K->45K(576K), 0.0006890 secs]3.133: [Train: 66733K->66733K(66880K), 0.0003550 secs] 67249K->67120K(67456K), 0.0015460 secs]
3.134: [GC 3.134: [DefNew: 556K->22K(576K), 0.0006650 secs]3.135: [Train: 66769K->66769K(66880K), 0.0003240 secs] 67290K->67176K(67456K), 0.0014920 secs]
3.135: [GC 3.136: [DefNew: 534K->52K(576K), 0.0006460 secs]3.137: [Train: 66769K->66769K(66880K), 0.0003460 secs] 67303K->67206K(67456K), 0.0014970 secs]
3.137: [GC 3.138: [DefNew: 560K->36K(576K), 0.0006750 secs]3.138: [Train: 66794K->66794K(66944K), 0.0003270 secs] 67330K->67214K(67520K), 0.0015050 secs]
3.139: [GC 3.139: [DefNew: 547K->45K(576K), 0.0006650 secs]3.140: [Train: 66814K->66814K(66944K), 0.0003420 secs] 67341K->67243K(67520K), 0.0015110 secs]
3.140: [GC 3.141: [DefNew: 553K->36K(576K), 0.0006560 secs]3.141: [Train: 66830K->66830K(66944K), 0.0003390 secs] 67367K->67250K(67520K), 0.0014990 secs]
3.142: [GC 3.142: [DefNew: 547K->45K(576K), 0.0006680 secs]3.143: [Train: 66852K->66852K(67008K), 0.0003350 secs] 67377K->67281K(67584K), 0.0015060 secs]
3.144: [GC 3.144: [DefNew: 553K->36K(576K), 0.0006530 secs]3.145: [Train: 66868K->66868K(67008K), 0.0003620 secs] 67405K->67245K(67584K), 0.0015190 secs]
3.145: [GC 3.146: [DefNew: 546K->49K(576K), 0.0006640 secs]3.146: [Train: 66888K->66888K(67008K), 0.0003780 secs] 67415K->67193K(67584K), 0.0015680 secs]
3.147: [GC 3.148: [DefNew: 559K->49K(576K), 0.0006790 secs]3.148: [Train: 66929K->66929K(67072K), 0.0003450 secs] 67447K->66978K(67648K), 0.0015300 secs]
3.149: [GC 3.150: [DefNew: 551K->62K(576K), 0.0007300 secs]3.150: [Train: 66989K->66989K(67136K), 0.0003250 secs] 67480K->67051K(67712K), 0.0015710 secs]
3.151: [GC 3.152: [DefNew: 564K->62K(576K), 0.0007020 secs] 67554K->67125K(67712K), 0.0011960 secs]
3.153: [GC 3.153: [DefNew: 564K->62K(576K), 0.0007170 secs]3.154: [Train: 67137K->67137K(67264K), 0.0003420 secs] 67628K->67199K(67840K), 0.0015640 secs]
3.155: [GC 3.155: [DefNew: 564K->62K(576K), 0.0006990 secs]3.156: [Train: 67211K->67211K(67328K), 0.0003610 secs] 67702K->67529K(67904K), 0.0015660 secs]
3.157: [GC 3.157: [DefNew: 569K->45K(576K), 0.0007060 secs]3.158: [Train: 67265K->67265K(67392K), 0.0003270 secs] 67780K->67652K(67968K), 0.0015400 secs]
3.158: [GC 3.159: [DefNew: 556K->22K(576K), 0.0006720 secs]3.159: [Train: 67303K->67303K(67456K), 0.0003230 secs] 67822K->67710K(68032K), 0.0015020 secs]
3.160: [GC 3.160: [DefNew: 534K->52K(576K), 0.0006470 secs]3.161: [Train: 67303K->67303K(67456K), 0.0003250 secs] 67837K->67739K(68032K), 0.0014840 secs]
3.162: [GC 3.162: [DefNew: 560K->36K(576K), 0.0006630 secs]3.163: [Train: 67326K->67326K(67456K), 0.0003260 secs] 67863K->67746K(68032K), 0.0015020 secs]
3.163: [GC 3.164: [DefNew: 547K->45K(576K), 0.0006630 secs]3.164: [Train: 67345K->67345K(67456K), 0.0003100 secs] 67873K->67775K(68032K), 0.0014790 secs]
3.165: [GC 3.165: [DefNew: 553K->36K(576K), 0.0006670 secs]3.166: [Train: 67364K->67364K(67520K), 0.0003500 secs] 67899K->67784K(68096K), 0.0015240 secs]
3.167: [GC 3.167: [DefNew: 547K->45K(576K), 0.0006600 secs]3.168: [Train: 67383K->67383K(67520K), 0.0003130 secs] 67911K->67770K(68096K), 0.0014790 secs]
3.168: [GC 3.169: [DefNew: 556K->42K(576K), 0.0006570 secs]3.169: [Train: 67400K->67400K(67520K), 0.0003520 secs] 67940K->67698K(68096K), 0.0015310 secs]
3.170: [GC 3.170: [DefNew: 549K->58K(576K), 0.0006620 secs]3.171: [Train: 67419K->67419K(67520K), 0.0003210 secs] 67949K->67478K(68096K), 0.0014890 secs]
3.172: [GC 3.172: [DefNew: 561K->62K(576K), 0.0008150 secs]3.173: [Train: 67492K->67492K(67648K), 0.0003390 secs] 67980K->67554K(68224K), 0.0016630 secs]
3.174: [GC 3.174: [DefNew: 564K->62K(576K), 0.0007000 secs] 68056K->67628K(68224K), 0.0011960 secs]
3.176: [GC 3.176: [DefNew: 564K->62K(576K), 0.0007060 secs]3.177: [Train: 67639K->67639K(67776K), 0.0003310 secs] 68130K->67701K(68352K), 0.0015440 secs]
3.178: [GC 3.178: [DefNew: 564K->62K(576K), 0.0007030 secs]3.179: [Train: 67713K->67713K(67840K), 0.0003790 secs] 68204K->68031K(68416K), 0.0015970 secs]
3.179: [GC 3.180: [DefNew: 569K->36K(576K), 0.0006910 secs]3.181: [Train: 67777K->67777K(67904K), 0.0003270 secs] 68282K->68154K(68480K), 0.0015280 secs]
3.181: [GC 3.182: [DefNew: 546K->32K(576K), 0.0006890 secs]3.182: [Train: 67815K->67815K(67968K), 0.0003460 secs] 68324K->68231K(68544K), 0.0015460 secs]
3.183: [GC 3.183: [DefNew: 543K->19K(576K), 0.0006630 secs]3.184: [Train: 67838K->67838K(67968K), 0.0003530 secs] 68359K->68241K(68544K), 0.0015260 secs]
3.184: [GC 3.185: [DefNew: 530K->49K(576K), 0.0006490 secs]3.186: [Train: 67838K->67838K(67968K), 0.0003390 secs] 68369K->68271K(68544K), 0.0014980 secs]
3.186: [GC 3.187: [DefNew: 557K->36K(576K), 0.0006600 secs]3.187: [Train: 67857K->67857K(67968K), 0.0003220 secs] 68395K->68277K(68544K), 0.0014920 secs]
3.188: [GC 3.188: [DefNew: 547K->45K(576K), 0.0006670 secs]3.189: [Train: 67879K->67879K(68032K), 0.0003480 secs] 68405K->68309K(68608K), 0.0015250 secs]
3.189: [GC 3.190: [DefNew: 553K->36K(576K), 0.0006600 secs]3.191: [Train: 67895K->67895K(68032K), 0.0003400 secs] 68433K->68272K(68608K), 0.0015170 secs]
3.191: [GC 3.192: [DefNew: 546K->49K(576K), 0.0006630 secs]3.192: [Train: 67915K->67915K(68032K), 0.0003430 secs] 68442K->68220K(68608K), 0.0015170 secs]
3.193: [GC 3.193: [DefNew: 559K->49K(576K), 0.0006970 secs]3.194: [Train: 67956K->67956K(68096K), 0.0003490 secs] 68474K->68005K(68672K), 0.0015530 secs]
3.195: [GC 3.195: [DefNew: 551K->62K(576K), 0.0007280 secs]3.196: [Train: 68017K->68017K(68160K), 0.0003470 secs] 68507K->68079K(68736K), 0.0016010 secs]
3.197: [GC 3.198: [DefNew: 564K->62K(576K), 0.0007370 secs] 68581K->68153K(68736K), 0.0013460 secs]
3.199: [GC 3.199: [DefNew: 564K->62K(576K), 0.0007210 secs]3.200: [Train: 68164K->68164K(68288K), 0.0003420 secs] 68655K->68226K(68864K), 0.0015780 secs]
3.201: [GC 3.201: [DefNew: 564K->62K(576K), 0.0007470 secs]3.202: [Train: 68238K->68238K(68352K), 0.0003310 secs] 68729K->68556K(68928K), 0.0016090 secs]
3.203: [GC 3.203: [DefNew: 569K->45K(576K), 0.0006960 secs]3.204: [Train: 68292K->68292K(68416K), 0.0003130 secs] 68807K->68679K(68992K), 0.0015270 secs]
3.204: [GC 3.205: [DefNew: 556K->22K(576K), 0.0006840 secs]3.206: [Train: 68330K->68330K(68480K), 0.0003750 secs] 68849K->68737K(69056K), 0.0015760 secs]
3.206: [GC 3.207: [DefNew: 534K->52K(576K), 0.0006580 secs]3.207: [Train: 68330K->68330K(68480K), 0.0003040 secs] 68864K->68766K(69056K), 0.0014780 secs]
3.208: [GC 3.208: [DefNew: 560K->36K(576K), 0.0006680 secs]3.209: [Train: 68353K->68353K(68480K), 0.0003320 secs] 68890K->68773K(69056K), 0.0015200 secs]
3.209: [GC 3.210: [DefNew: 547K->45K(576K), 0.0006650 secs]3.211: [Train: 68373K->68373K(68480K), 0.0003080 secs] 68900K->68802K(69056K), 0.0014930 secs]
3.211: [GC 3.211: [DefNew: 553K->36K(576K), 0.0006710 secs]3.212: [Train: 68391K->68391K(68544K), 0.0003600 secs] 68926K->68811K(69120K), 0.0015460 secs]
3.213: [GC 3.213: [DefNew: 547K->45K(576K), 0.0006720 secs]3.214: [Train: 68410K->68410K(68544K), 0.0003360 secs] 68938K->68798K(69120K), 0.0015210 secs]
3.214: [GC 3.215: [DefNew: 556K->42K(576K), 0.0007120 secs]3.216: [Train: 68427K->68427K(68544K), 0.0004450 secs] 68967K->68725K(69120K), 0.0016900 secs]
3.216: [GC 3.217: [DefNew: 549K->58K(576K), 0.0008130 secs]3.218: [Train: 68448K->68448K(68608K), 0.0004630 secs] 68977K->68507K(69184K), 0.0018410 secs]
3.219: [GC 3.219: [DefNew: 561K->62K(576K), 0.0008080 secs]3.220: [Train: 68519K->68519K(68672K), 0.0003930 secs] 69010K->68581K(69248K), 0.0018050 secs]
3.221: [GC 3.222: [DefNew: 564K->62K(576K), 0.0007340 secs] 69083K->68655K(69248K), 0.0012390 secs]
3.223: [GC 3.223: [DefNew: 564K->62K(576K), 0.0007500 secs]3.224: [Train: 68666K->68666K(68800K), 0.0003890 secs] 69157K->68729K(69376K), 0.0016640 secs]
3.225: [GC 3.225: [DefNew: 564K->62K(576K), 0.0007290 secs]3.226: [Train: 68740K->68740K(68864K), 0.0003380 secs] 69231K->69058K(69440K), 0.0015900 secs]
3.227: [GC 3.227: [DefNew: 569K->36K(576K), 0.0007060 secs]3.228: [Train: 68804K->68804K(68928K), 0.0003480 secs] 69310K->69182K(69504K), 0.0015760 secs]
3.229: [GC 3.229: [DefNew: 546K->32K(576K), 0.0007110 secs]3.230: [Train: 68842K->68842K(68992K), 0.0003330 secs] 69351K->69259K(69568K), 0.0015680 secs]
3.230: [GC 3.231: [DefNew: 543K->19K(576K), 0.0006690 secs]3.231: [Train: 68865K->68865K(68992K), 0.0003350 secs] 69386K->69269K(69568K), 0.0015220 secs]
3.232: [GC 3.232: [DefNew: 530K->49K(576K), 0.0006610 secs]3.233: [Train: 68865K->68865K(68992K), 0.0003160 secs] 69396K->69298K(69568K), 0.0014930 secs]
3.234: [GC 3.234: [DefNew: 557K->36K(576K), 0.0006690 secs]3.235: [Train: 68885K->68885K(68992K), 0.0003120 secs] 69422K->69305K(69568K), 0.0014980 secs]
3.235: [GC 3.236: [DefNew: 547K->45K(576K), 0.0006790 secs]3.236: [Train: 68906K->68906K(69056K), 0.0003250 secs] 69432K->69336K(69632K), 0.0015220 secs]
3.237: [GC 3.237: [DefNew: 553K->36K(576K), 0.0006750 secs]3.238: [Train: 68922K->68922K(69056K), 0.0003460 secs] 69460K->69300K(69632K), 0.0015380 secs]
3.239: [GC 3.239: [DefNew: 546K->49K(576K), 0.0006710 secs]3.240: [Train: 68942K->68942K(69056K), 0.0003140 secs] 69469K->69247K(69632K), 0.0015030 secs]
3.240: [GC 3.241: [DefNew: 559K->49K(576K), 0.0006930 secs]3.242: [Train: 68983K->68983K(69120K), 0.0003380 secs] 69502K->69032K(69696K), 0.0015520 secs]
3.242: [GC 3.243: [DefNew: 551K->62K(576K), 0.0007060 secs]3.244: [Train: 69044K->69044K(69184K), 0.0003650 secs] 69535K->69106K(69760K), 0.0015970 secs]
3.245: [GC 3.245: [DefNew: 564K->62K(576K), 0.0007280 secs] 69608K->69180K(69760K), 0.0012400 secs]
3.246: [GC 3.247: [DefNew: 564K->62K(576K), 0.0007300 secs]3.247: [Train: 69192K->69192K(69312K), 0.0003260 secs] 69682K->69254K(69888K), 0.0015780 secs]
3.248: [GC 3.249: [DefNew: 564K->62K(576K), 0.0007130 secs]3.249: [Train: 69265K->69265K(69376K), 0.0003630 secs] 69756K->69583K(69952K), 0.0016000 secs]
3.250: [GC 3.251: [DefNew: 569K->45K(576K), 0.0006960 secs]3.251: [Train: 69320K->69320K(69440K), 0.0003320 secs] 69835K->69707K(70016K), 0.0015480 secs]
3.252: [GC 3.252: [DefNew: 556K->22K(576K), 0.0006910 secs]3.253: [Train: 69357K->69357K(69504K), 0.0003610 secs] 69876K->69764K(70080K), 0.0015750 secs]
3.254: [GC 3.254: [DefNew: 534K->52K(576K), 0.0006600 secs]3.255: [Train: 69357K->69357K(69504K), 0.0003110 secs] 69891K->69794K(70080K), 0.0015110 secs]
3.255: [GC 3.256: [DefNew: 560K->36K(576K), 0.0006680 secs]3.256: [Train: 69380K->69380K(69504K), 0.0003140 secs] 69918K->69800K(70080K), 0.0014970 secs]
3.257: [GC 3.257: [DefNew: 547K->45K(576K), 0.0006740 secs]3.258: [Train: 69400K->69400K(69504K), 0.0003170 secs] 69927K->69830K(70080K), 0.0015070 secs]
3.258: [GC 3.259: [DefNew: 553K->36K(576K), 0.0006690 secs]3.260: [Train: 69418K->69418K(69568K), 0.0003470 secs] 69954K->69838K(70144K), 0.0015350 secs]
3.260: [GC 3.261: [DefNew: 547K->45K(576K), 0.0006670 secs]3.261: [Train: 69438K->69438K(69568K), 0.0003130 secs] 69965K->69825K(70144K), 0.0014970 secs]
3.262: [GC 3.262: [DefNew: 556K->42K(576K), 0.0006660 secs]3.263: [Train: 69454K->69454K(69568K), 0.0003100 secs] 69994K->69753K(70144K), 0.0014920 secs]
3.264: [GC 3.264: [DefNew: 549K->58K(576K), 0.0006740 secs]3.265: [Train: 69476K->69476K(69632K), 0.0003600 secs] 70004K->69534K(70208K), 0.0015510 secs]
3.266: [GC 3.266: [DefNew: 561K->62K(576K), 0.0007020 secs]3.267: [Train: 69546K->69546K(69696K), 0.0003360 secs] 70037K->69608K(70272K), 0.0015700 secs]
3.268: [GC 3.268: [DefNew: 564K->62K(576K), 0.0007010 secs] 70111K->69682K(70272K), 0.0012080 secs]
3.269: [GC 3.270: [DefNew: 564K->62K(576K), 0.0007210 secs]3.270: [Train: 69694K->69694K(69824K), 0.0003380 secs] 70184K->69756K(70400K), 0.0015780 secs]
3.271: [GC 3.272: [DefNew: 564K->62K(576K), 0.0007000 secs]3.272: [Train: 69768K->69768K(69888K), 0.0003340 secs] 70258K->70086K(70464K), 0.0015520 secs]
3.273: [GC 3.273: [DefNew: 569K->36K(576K), 0.0194080 secs]3.293: [Train: 69832K->69832K(69952K), 0.0004830 secs] 70337K->70209K(70528K), 0.0204360 secs]
3.294: [GC 3.294: [DefNew: 546K->32K(576K), 0.0006870 secs]3.295: [Train: 69869K->69869K(70016K), 0.0003200 secs] 70378K->70286K(70592K), 0.0015390 secs]
3.295: [GC 3.296: [DefNew: 543K->19K(576K), 0.0006680 secs]3.296: [Train: 69892K->69892K(70016K), 0.0003220 secs] 70413K->70296K(70592K), 0.0015110 secs]
3.302: [GC 3.302: [DefNew: 530K->49K(576K), 0.0006840 secs]3.303: [Train: 69892K->69892K(70016K), 0.0003310 secs] 70423K->70325K(70592K), 0.0015840 secs]
3.304: [GC 3.304: [DefNew: 557K->36K(576K), 0.0006700 secs]3.305: [Train: 69912K->69912K(70016K), 0.0003040 secs] 70449K->70332K(70592K), 0.0014950 secs]
3.305: [GC 3.306: [DefNew: 547K->45K(576K), 0.0006820 secs]3.306: [Train: 69933K->69933K(70080K), 0.0003370 secs] 70459K->70363K(70656K), 0.0015400 secs]
3.314: [GC 3.314: [DefNew: 553K->36K(576K), 0.0016010 secs]3.316: [Train: 69950K->69950K(70080K), 0.0003490 secs] 70487K->70327K(70656K), 0.0025520 secs]
3.317: [GC 3.317: [DefNew: 546K->49K(576K), 0.0006810 secs]3.318: [Train: 69969K->69969K(70080K), 0.0003410 secs] 70497K->70274K(70656K), 0.0015450 secs]
3.318: [GC 3.319: [DefNew: 559K->49K(576K), 0.0006860 secs]3.320: [Train: 70010K->70010K(70144K), 0.0003200 secs] 70529K->70059K(70720K), 0.0015290 secs]
3.320: [GC 3.321: [DefNew: 551K->62K(576K), 0.0007000 secs]3.321: [Train: 70071K->70071K(70208K), 0.0003380 secs] 70562K->70133K(70784K), 0.0015610 secs]
3.326: [GC 3.327: [DefNew: 564K->62K(576K), 0.0007370 secs] 70636K->70207K(70784K), 0.0012750 secs]
3.328: [GC 3.328: [DefNew: 564K->62K(576K), 0.0007260 secs]3.329: [Train: 70219K->70219K(70336K), 0.0003220 secs] 70710K->70281K(70912K), 0.0015700 secs]
3.330: [GC 3.330: [DefNew: 564K->62K(576K), 0.0007060 secs]3.331: [Train: 70293K->70293K(70400K), 0.0003210 secs] 70783K->70611K(70976K), 0.0015510 secs]
3.334: [GC 3.334: [DefNew: 569K->45K(576K), 0.0007150 secs]3.335: [Train: 70347K->70347K(70464K), 0.0003310 secs] 70862K->70734K(71040K), 0.0015940 secs]
3.335: [GC 3.336: [DefNew: 556K->22K(576K), 0.0006830 secs]3.336: [Train: 70385K->70385K(70528K), 0.0003330 secs] 70904K->70792K(71104K), 0.0015420 secs]
3.337: [GC 3.337: [DefNew: 534K->52K(576K), 0.0006800 secs]3.338: [Train: 70385K->70385K(70528K), 0.0003100 secs] 70919K->70821K(71104K), 0.0015150 secs]
3.339: [GC 3.339: [DefNew: 560K->36K(576K), 0.0006760 secs]3.340: [Train: 70408K->70408K(70528K), 0.0003100 secs] 70945K->70828K(71104K), 0.0015090 secs]
3.340: [GC 3.341: [DefNew: 547K->45K(576K), 0.0006760 secs]3.342: [Train: 70427K->70427K(70528K), 0.0003330 secs] 70955K->70857K(71104K), 0.0015350 secs]
3.342: [GC 3.343: [DefNew: 553K->36K(576K), 0.0006760 secs]3.343: [Train: 70445K->70445K(70592K), 0.0003150 secs] 70981K->70865K(71168K), 0.0015160 secs]
3.344: [GC 3.344: [DefNew: 547K->45K(576K), 0.0006770 secs]3.345: [Train: 70465K->70465K(70592K), 0.0003130 secs] 70993K->70852K(71168K), 0.0015210 secs]
3.346: [GC 3.346: [DefNew: 556K->42K(576K), 0.0006730 secs]3.347: [Train: 70481K->70481K(70592K), 0.0003160 secs] 71022K->70780K(71168K), 0.0015200 secs]
3.347: [GC 3.348: [DefNew: 549K->58K(576K), 0.0006990 secs]3.349: [Train: 70503K->70503K(70656K), 0.0003720 secs] 71031K->70562K(71232K), 0.0016050 secs]
3.349: [GC 3.350: [DefNew: 561K->62K(576K), 0.0007890 secs]3.351: [Train: 70573K->70573K(70720K), 0.0003880 secs] 71064K->70636K(71296K), 0.0017750 secs]
3.352: [GC 3.352: [DefNew: 564K->62K(576K), 0.0007920 secs] 71138K->70709K(71296K), 0.0013580 secs]
3.354: [GC 3.354: [DefNew: 564K->62K(576K), 0.0008420 secs]3.355: [Train: 70721K->70721K(70848K), 0.0003970 secs] 71212K->70783K(71424K), 0.0018310 secs]
3.356: [GC 3.356: [DefNew: 564K->62K(576K), 0.0008040 secs]3.357: [Train: 70795K->70795K(70912K), 0.0003950 secs] 71286K->71113K(71488K), 0.0017800 secs]
3.358: [GC 3.359: [DefNew: 569K->36K(576K), 0.0007690 secs]3.359: [Train: 70859K->70859K(70976K), 0.0003680 secs] 71364K->71236K(71552K), 0.0016980 secs]
3.360: [GC 3.360: [DefNew: 546K->32K(576K), 0.0007310 secs]3.361: [Train: 70897K->70897K(71040K), 0.0003950 secs] 71406K->71313K(71616K), 0.0016770 secs]
3.362: [GC 3.362: [DefNew: 543K->19K(576K), 0.0007090 secs]3.363: [Train: 70920K->70920K(71040K), 0.0003540 secs] 71441K->71323K(71616K), 0.0016100 secs]
3.364: [GC 3.364: [DefNew: 530K->49K(576K), 0.0007000 secs]3.365: [Train: 70920K->70920K(71040K), 0.0003850 secs] 71450K->71353K(71616K), 0.0016340 secs]
3.365: [GC 3.366: [DefNew: 557K->36K(576K), 0.0007220 secs]3.367: [Train: 70939K->70939K(71040K), 0.0004150 secs] 71477K->71359K(71616K), 0.0017100 secs]
3.367: [GC 3.368: [DefNew: 547K->45K(576K), 0.0007530 secs]3.369: [Train: 70961K->70961K(71104K), 0.0004010 secs] 71486K->71390K(71680K), 0.0017220 secs]
3.369: [GC 3.370: [DefNew: 553K->36K(576K), 0.0007030 secs]3.370: [Train: 70977K->70977K(71104K), 0.0003550 secs] 71514K->71354K(71680K), 0.0016180 secs]
3.371: [GC 3.371: [DefNew: 546K->49K(576K), 0.0007200 secs]3.372: [Train: 70997K->70997K(71104K), 0.0003860 secs] 71524K->71302K(71680K), 0.0016570 secs]
3.373: [GC 3.373: [DefNew: 559K->49K(576K), 0.0007560 secs]3.374: [Train: 71038K->71038K(71168K), 0.0003520 secs] 71556K->71087K(71744K), 0.0016560 secs]
3.375: [GC 3.376: [DefNew: 551K->62K(576K), 0.0007240 secs]3.376: [Train: 71098K->71098K(71232K), 0.0003350 secs] 71589K->71161K(71808K), 0.0016010 secs]
3.377: [GC 3.378: [DefNew: 564K->62K(576K), 0.0007390 secs] 71663K->71234K(71808K), 0.0012640 secs]
3.379: [GC 3.379: [DefNew: 564K->62K(576K), 0.0007450 secs]3.380: [Train: 71246K->71246K(71360K), 0.0003680 secs] 71737K->71308K(71936K), 0.0016510 secs]
3.381: [GC 3.381: [DefNew: 564K->62K(576K), 0.0007420 secs]3.382: [Train: 71320K->71320K(71424K), 0.0003530 secs] 71811K->71638K(72000K), 0.0016440 secs]
3.383: [GC 3.383: [DefNew: 569K->45K(576K), 0.0007130 secs]3.384: [Train: 71374K->71374K(71488K), 0.0003320 secs] 71889K->71761K(72064K), 0.0015840 secs]
3.385: [GC 3.385: [DefNew: 556K->22K(576K), 0.0007150 secs]3.386: [Train: 71412K->71412K(71552K), 0.0003350 secs] 71931K->71819K(72128K), 0.0015880 secs]
3.386: [GC 3.387: [DefNew: 534K->52K(576K), 0.0006760 secs]3.388: [Train: 71412K->71412K(71552K), 0.0003190 secs] 71946K->71848K(72128K), 0.0015320 secs]
3.388: [GC 3.389: [DefNew: 560K->36K(576K), 0.0006880 secs]3.389: [Train: 71435K->71435K(71552K), 0.0003490 secs] 71972K->71855K(72128K), 0.0015740 secs]
3.390: [GC 3.390: [DefNew: 547K->45K(576K), 0.0006950 secs]3.391: [Train: 71456K->71456K(71616K), 0.0003340 secs] 71982K->71886K(72192K), 0.0015670 secs]
3.391: [GC 3.392: [DefNew: 553K->36K(576K), 0.0006850 secs]3.393: [Train: 71473K->71473K(71616K), 0.0003310 secs] 72010K->71893K(72192K), 0.0015520 secs]
3.393: [GC 3.394: [DefNew: 547K->45K(576K), 0.0006940 secs]3.394: [Train: 71492K->71492K(71616K), 0.0003160 secs] 72020K->71879K(72192K), 0.0015460 secs]
3.395: [GC 3.395: [DefNew: 556K->42K(576K), 0.0006860 secs]3.396: [Train: 71509K->71509K(71616K), 0.0003120 secs] 72049K->71807K(72192K), 0.0015420 secs]
3.397: [GC 3.397: [DefNew: 549K->58K(576K), 0.0007150 secs]3.398: [Train: 71530K->71530K(71680K), 0.0003290 secs] 72058K->71589K(72256K), 0.0015830 secs]
3.399: [GC 3.399: [DefNew: 561K->62K(576K), 0.0007280 secs]3.400: [Train: 71601K->71601K(71744K), 0.0003340 secs] 72091K->71663K(72320K), 0.0016030 secs]
3.401: [GC 3.401: [DefNew: 564K->62K(576K), 0.0007390 secs] 72165K->71737K(72320K), 0.0012700 secs]
3.402: [GC 3.403: [DefNew: 564K->62K(576K), 0.0007530 secs]3.404: [Train: 71748K->71748K(71872K), 0.0003300 secs] 72239K->71810K(72448K), 0.0016240 secs]
3.405: [GC 3.405: [DefNew: 564K->62K(576K), 0.0007420 secs]3.406: [Train: 71822K->71822K(71936K), 0.0003540 secs] 72313K->72140K(72512K), 0.0018470 secs]
3.407: [GC 3.407: [DefNew: 569K->36K(576K), 0.0008670 secs]3.408: [Train: 71886K->71886K(72000K), 0.0003400 secs] 72391K->72263K(72576K), 0.0017540 secs]
3.409: [GC 3.409: [DefNew: 546K->32K(576K), 0.0007230 secs]3.410: [Train: 71924K->71924K(72064K), 0.0003320 secs] 72433K->72341K(72640K), 0.0015980 secs]
3.410: [GC 3.411: [DefNew: 543K->19K(576K), 0.0006940 secs]3.412: [Train: 71947K->71947K(72064K), 0.0003470 secs] 72468K->72350K(72640K), 0.0015830 secs]
3.412: [GC 3.413: [DefNew: 530K->49K(576K), 0.0006820 secs]3.413: [Train: 71947K->71947K(72064K), 0.0003380 secs] 72478K->72380K(72640K), 0.0015610 secs]
3.414: [GC 3.414: [DefNew: 557K->36K(576K), 0.0007050 secs]3.415: [Train: 71968K->71968K(72128K), 0.0003350 secs] 72504K->72388K(72704K), 0.0015850 secs]
3.415: [GC 3.416: [DefNew: 547K->45K(576K), 0.0006900 secs]3.417: [Train: 71988K->71988K(72128K), 0.0003310 secs] 72515K->72418K(72704K), 0.0015630 secs]
3.417: [GC 3.418: [DefNew: 553K->36K(576K), 0.0006890 secs]3.418: [Train: 72004K->72004K(72128K), 0.0003420 secs] 72542K->72382K(72704K), 0.0015770 secs]
3.419: [GC 3.419: [DefNew: 546K->49K(576K), 0.0008600 secs]3.420: [Train: 72024K->72024K(72128K), 0.0003680 secs] 72551K->72329K(72704K), 0.0017700 secs]
3.421: [GC 3.421: [DefNew: 559K->49K(576K), 0.0007250 secs]3.422: [Train: 72065K->72065K(72192K), 0.0003340 secs] 72583K->72114K(72768K), 0.0016000 secs]
3.423: [GC 3.424: [DefNew: 551K->62K(576K), 0.0007190 secs]3.424: [Train: 72126K->72126K(72256K), 0.0003930 secs] 72616K->72188K(72832K), 0.0016550 secs]
3.425: [GC 3.426: [DefNew: 564K->62K(576K), 0.0007520 secs] 72690K->72262K(72832K), 0.0012960 secs]
3.427: [GC 3.427: [DefNew: 564K->62K(576K), 0.0007460 secs]3.428: [Train: 72273K->72273K(72384K), 0.0003680 secs] 72764K->72335K(72960K), 0.0016570 secs]
3.429: [GC 3.429: [DefNew: 564K->62K(576K), 0.0007370 secs]3.430: [Train: 72347K->72347K(72448K), 0.0003570 secs] 72838K->72665K(73024K), 0.0016380 secs]
3.431: [GC 3.431: [DefNew: 569K->45K(576K), 0.0007130 secs]3.432: [Train: 72401K->72401K(72512K), 0.0003560 secs] 72917K->72788K(73088K), 0.0016100 secs]
3.433: [GC 3.433: [DefNew: 556K->22K(576K), 0.0007190 secs]3.434: [Train: 72439K->72439K(72576K), 0.0003260 secs] 72958K->72846K(73152K), 0.0015880 secs]
3.434: [GC 3.435: [DefNew: 534K->52K(576K), 0.0006840 secs]3.436: [Train: 72439K->72439K(72576K), 0.0003270 secs] 72973K->72875K(73152K), 0.0015530 secs]
3.436: [GC 3.437: [DefNew: 560K->36K(576K), 0.0007960 secs]3.437: [Train: 72462K->72462K(72576K), 0.0003180 secs] 72999K->72882K(73152K), 0.0016580 secs]
3.438: [GC 3.438: [DefNew: 547K->45K(576K), 0.0006980 secs]3.439: [Train: 72484K->72484K(72640K), 0.0003160 secs] 73009K->72913K(73216K), 0.0015570 secs]
3.440: [GC 3.440: [DefNew: 553K->36K(576K), 0.0008840 secs]3.441: [Train: 72500K->72500K(72640K), 0.0003420 secs] 73037K->72920K(73216K), 0.0017690 secs]
3.441: [GC 3.442: [DefNew: 547K->45K(576K), 0.0006960 secs]3.443: [Train: 72520K->72520K(72640K), 0.0003200 secs] 73047K->72907K(73216K), 0.0015680 secs]
3.443: [GC 3.444: [DefNew: 556K->42K(576K), 0.0006920 secs]3.444: [Train: 72536K->72536K(72640K), 0.0003410 secs] 73076K->72834K(73216K), 0.0015780 secs]
3.445: [GC 3.446: [DefNew: 549K->58K(576K), 0.0007190 secs]3.446: [Train: 72557K->72557K(72704K), 0.0003310 secs] 73086K->72616K(73280K), 0.0015960 secs]
3.447: [GC 3.448: [DefNew: 561K->62K(576K), 0.0007280 secs]3.448: [Train: 72628K->72628K(72768K), 0.0003250 secs] 73119K->72690K(73344K), 0.0015990 secs]
3.449: [GC 3.450: [DefNew: 564K->62K(576K), 0.0007350 secs] 73192K->72764K(73344K), 0.0012690 secs]
3.451: [GC 3.451: [DefNew: 564K->62K(576K), 0.0007430 secs]3.452: [Train: 72776K->72776K(72896K), 0.0003530 secs] 73266K->72838K(73472K), 0.0016400 secs]
3.453: [GC 3.453: [DefNew: 564K->62K(576K), 0.0007350 secs]3.454: [Train: 72849K->72849K(72960K), 0.0003420 secs] 73340K->73168K(73536K), 0.0016230 secs]
3.455: [GC 3.455: [DefNew: 569K->36K(576K), 0.0007180 secs]3.456: [Train: 72913K->72913K(73024K), 0.0003410 secs] 73419K->73291K(73600K), 0.0016040 secs]
3.457: [GC 3.457: [DefNew: 546K->32K(576K), 0.0007190 secs]3.458: [Train: 72951K->72951K(73088K), 0.0003340 secs] 73460K->73368K(73664K), 0.0016000 secs]
3.458: [GC 3.459: [DefNew: 543K->19K(576K), 0.0007950 secs]3.460: [Train: 72974K->72974K(73088K), 0.0003260 secs] 73495K->73378K(73664K), 0.0016660 secs]
3.460: [GC 3.461: [DefNew: 530K->49K(576K), 0.0006910 secs]3.461: [Train: 72974K->72974K(73088K), 0.0003360 secs] 73505K->73407K(73664K), 0.0015840 secs]
3.462: [GC 3.462: [DefNew: 557K->36K(576K), 0.0007130 secs]3.463: [Train: 72996K->72996K(73152K), 0.0003410 secs] 73531K->73416K(73728K), 0.0016090 secs]
3.464: [GC 3.464: [DefNew: 547K->45K(576K), 0.0007010 secs]3.465: [Train: 73015K->73015K(73152K), 0.0003400 secs] 73543K->73445K(73728K), 0.0015920 secs]
3.465: [GC 3.466: [DefNew: 553K->36K(576K), 0.0006970 secs]3.467: [Train: 73032K->73032K(73152K), 0.0003390 secs] 73569K->73409K(73728K), 0.0015950 secs]
3.467: [GC 3.468: [DefNew: 546K->49K(576K), 0.0007170 secs]3.468: [Train: 73051K->73051K(73152K), 0.0003340 secs] 73578K->73356K(73728K), 0.0016090 secs]
3.469: [GC 3.469: [DefNew: 559K->49K(576K), 0.0007450 secs]3.470: [Train: 73092K->73092K(73216K), 0.0003320 secs] 73611K->73141K(73792K), 0.0016310 secs]
3.471: [GC 3.472: [DefNew: 551K->62K(576K), 0.0007400 secs]3.472: [Train: 73153K->73153K(73280K), 0.0003520 secs] 73644K->73215K(73856K), 0.0016480 secs]
3.473: [GC 3.474: [DefNew: 564K->62K(576K), 0.0007400 secs] 73718K->73289K(73856K), 0.0012910 secs]
3.475: [GC 3.475: [DefNew: 564K->62K(576K), 0.0007510 secs]3.476: [Train: 73301K->73301K(73408K), 0.0003330 secs] 73791K->73363K(73984K), 0.0016360 secs]
3.477: [GC 3.478: [DefNew: 564K->62K(576K), 0.0007630 secs]3.478: [Train: 73376K->73376K(73536K), 0.0006620 secs] 73865K->73694K(74112K), 0.0019830 secs]
3.479: [GC 3.480: [DefNew: 569K->45K(576K), 0.0007520 secs]3.481: [Train: 73429K->73429K(73536K), 0.0004710 secs] 73946K->73816K(74112K), 0.0018030 secs]
3.481: [GC 3.482: [DefNew: 556K->22K(576K), 0.0008040 secs]3.483: [Train: 73466K->73466K(73600K), 0.0004220 secs] 73985K->73873K(74176K), 0.0018770 secs]
3.483: [GC 3.484: [DefNew: 534K->52K(576K), 0.0007530 secs]3.485: [Train: 73466K->73466K(73600K), 0.0004130 secs] 74001K->73903K(74176K), 0.0017590 secs]
3.485: [GC 3.486: [DefNew: 560K->36K(576K), 0.0007030 secs]3.487: [Train: 73489K->73489K(73600K), 0.0003330 secs] 74027K->73909K(74176K), 0.0016100 secs]
3.487: [GC 3.488: [DefNew: 547K->45K(576K), 0.0007190 secs]3.488: [Train: 73511K->73511K(73664K), 0.0003600 secs] 74037K->73941K(74240K), 0.0016300 secs]
3.489: [GC 3.489: [DefNew: 553K->36K(576K), 0.0007190 secs]3.490: [Train: 73527K->73527K(73664K), 0.0003280 secs] 74065K->73947K(74240K), 0.0016070 secs]
3.491: [GC 3.491: [DefNew: 547K->45K(576K), 0.0007030 secs]3.492: [Train: 73547K->73547K(73664K), 0.0003400 secs] 74074K->73934K(74240K), 0.0015970 secs]
3.492: [GC 3.493: [DefNew: 556K->42K(576K), 0.0007060 secs]3.494: [Train: 73563K->73563K(73664K), 0.0003660 secs] 74104K->73862K(74240K), 0.0016250 secs]
3.494: [GC 3.495: [DefNew: 549K->58K(576K), 0.0007270 secs]3.496: [Train: 73585K->73585K(73728K), 0.0003460 secs] 74113K->73644K(74304K), 0.0016390 secs]
3.496: [GC 3.497: [DefNew: 561K->62K(576K), 0.0007610 secs]3.498: [Train: 73655K->73655K(73792K), 0.0003400 secs] 74146K->73717K(74368K), 0.0016650 secs]
3.499: [GC 3.499: [DefNew: 564K->62K(576K), 0.0007470 secs] 74220K->73791K(74368K), 0.0012990 secs]
3.500: [GC 3.501: [DefNew: 564K->62K(576K), 0.0007660 secs]3.502: [Train: 73803K->73803K(73920K), 0.0003610 secs] 74294K->73865K(74496K), 0.0016820 secs]
3.502: [GC 3.503: [DefNew: 564K->62K(576K), 0.0007430 secs]3.504: [Train: 73877K->73877K(73984K), 0.0003490 secs] 74367K->74195K(74560K), 0.0016520 secs]
3.504: [GC 3.505: [DefNew: 569K->36K(576K), 0.0007320 secs]3.506: [Train: 73941K->73941K(74048K), 0.0003950 secs] 74446K->74318K(74624K), 0.0016840 secs]
3.506: [GC 3.507: [DefNew: 546K->32K(576K), 0.0007230 secs]3.507: [Train: 73978K->73978K(74112K), 0.0003560 secs] 74488K->74395K(74688K), 0.0016390 secs]
3.508: [GC 3.508: [DefNew: 543K->19K(576K), 0.0007070 secs]3.509: [Train: 74001K->74001K(74112K), 0.0003250 secs] 74522K->74405K(74688K), 0.0015870 secs]
3.510: [GC 3.510: [DefNew: 530K->49K(576K), 0.0006970 secs]3.511: [Train: 74001K->74001K(74112K), 0.0003240 secs] 74532K->74434K(74688K), 0.0015760 secs]
3.511: [GC 3.512: [DefNew: 557K->36K(576K), 0.0007120 secs]3.513: [Train: 74023K->74023K(74176K), 0.0003540 secs] 74558K->74443K(74752K), 0.0016170 secs]
3.513: [GC 3.514: [DefNew: 547K->45K(576K), 0.0007090 secs]3.514: [Train: 74042K->74042K(74176K), 0.0005570 secs] 74570K->74472K(74752K), 0.0018270 secs]
3.515: [GC 3.516: [DefNew: 553K->36K(576K), 0.0007140 secs]3.516: [Train: 74059K->74059K(74176K), 0.0003270 secs] 74596K->74436K(74752K), 0.0016000 secs]
3.517: [GC 3.517: [DefNew: 546K->49K(576K), 0.0009480 secs]3.518: [Train: 74080K->74080K(74240K), 0.0003390 secs] 74606K->74385K(74816K), 0.0018420 secs]
3.519: [GC 3.519: [DefNew: 559K->49K(576K), 0.0008040 secs]3.520: [Train: 74120K->74120K(74240K), 0.0003270 secs] 74640K->74169K(74816K), 0.0016800 secs]
3.521: [GC 3.522: [DefNew: 551K->62K(576K), 0.0007430 secs]3.522: [Train: 74180K->74180K(74304K), 0.0003530 secs] 74671K->74242K(74880K), 0.0016470 secs]
3.523: [GC 3.524: [DefNew: 564K->62K(576K), 0.0008490 secs] 74745K->74316K(74880K), 0.0013890 secs]
3.525: [GC 3.526: [DefNew: 564K->62K(576K), 0.0007570 secs]3.526: [Train: 74328K->74328K(74432K), 0.0003330 secs] 74819K->74390K(75008K), 0.0016420 secs]
3.527: [GC 3.528: [DefNew: 564K->62K(576K), 0.0007480 secs]3.528: [Train: 74404K->74404K(74560K), 0.0003420 secs] 74892K->74722K(75136K), 0.0016420 secs]
3.529: [GC 3.530: [DefNew: 569K->45K(576K), 0.0007370 secs]3.530: [Train: 74456K->74456K(74560K), 0.0003160 secs] 74973K->74843K(75136K), 0.0016050 secs]
3.531: [GC 3.531: [DefNew: 556K->22K(576K), 0.0007140 secs]3.532: [Train: 74494K->74494K(74624K), 0.0003470 secs] 75013K->74901K(75200K), 0.0016110 secs]
3.533: [GC 3.533: [DefNew: 534K->52K(576K), 0.0007000 secs]3.534: [Train: 74494K->74494K(74624K), 0.0003140 secs] 75028K->74930K(75200K), 0.0015650 secs]
3.534: [GC 3.535: [DefNew: 560K->36K(576K), 0.0007020 secs]3.535: [Train: 74517K->74517K(74624K), 0.0003180 secs] 75054K->74937K(75200K), 0.0015720 secs]
3.536: [GC 3.537: [DefNew: 547K->45K(576K), 0.0007110 secs]3.537: [Train: 74538K->74538K(74688K), 0.0003220 secs] 75064K->74968K(75264K), 0.0015850 secs]
3.538: [GC 3.538: [DefNew: 553K->36K(576K), 0.0007030 secs]3.539: [Train: 74554K->74554K(74688K), 0.0003330 secs] 75092K->74974K(75264K), 0.0015880 secs]
3.539: [GC 3.540: [DefNew: 547K->45K(576K), 0.0008880 secs]3.541: [Train: 74574K->74574K(74688K), 0.0003540 secs] 75102K->75004K(75264K), 0.0017950 secs]
3.541: [GC 3.542: [DefNew: 553K->36K(576K), 0.0007100 secs]3.543: [Train: 74592K->74592K(74752K), 0.0003300 secs] 75128K->74970K(75328K), 0.0016090 secs]
3.543: [GC 3.544: [DefNew: 546K->49K(576K), 0.0007060 secs]3.544: [Train: 74612K->74612K(74752K), 0.0003360 secs] 75139K->74917K(75328K), 0.0015950 secs]
3.545: [GC 3.546: [DefNew: 559K->49K(576K), 0.0007240 secs]3.546: [Train: 74651K->74651K(74752K), 0.0003390 secs] 75171K->74700K(75328K), 0.0016170 secs]
3.547: [GC 3.548: [DefNew: 551K->62K(576K), 0.0007370 secs]3.548: [Train: 74712K->74712K(74816K), 0.0003420 secs] 75203K->74774K(75392K), 0.0016340 secs]
3.549: [GC 3.550: [DefNew: 564K->62K(576K), 0.0007650 secs] 75276K->74850K(75456K), 0.0013060 secs]
3.551: [GC 3.551: [DefNew: 564K->62K(576K), 0.0007550 secs]3.552: [Train: 74861K->74861K(75008K), 0.0003240 secs] 75352K->74923K(75584K), 0.0016360 secs]
3.553: [GC 3.553: [DefNew: 564K->62K(576K), 0.0007640 secs]3.554: [Train: 74935K->74935K(75072K), 0.0003370 secs] 75426K->75253K(75648K), 0.0016550 secs]
3.555: [GC 3.555: [DefNew: 569K->45K(576K), 0.0007340 secs]3.556: [Train: 74989K->74989K(75136K), 0.0003340 secs] 75505K->75376K(75712K), 0.0016230 secs]
3.557: [GC 3.557: [DefNew: 556K->22K(576K), 0.0007240 secs]3.558: [Train: 75025K->75025K(75136K), 0.0003590 secs] 75546K->75432K(75712K), 0.0016380 secs]
3.558: [GC 3.559: [DefNew: 534K->52K(576K), 0.0006970 secs]3.560: [Train: 75025K->75025K(75136K), 0.0003150 secs] 75559K->75462K(75712K), 0.0015660 secs]
3.560: [GC 3.561: [DefNew: 560K->36K(576K), 0.0007130 secs]3.561: [Train: 75050K->75050K(75200K), 0.0003200 secs] 75586K->75470K(75776K), 0.0015950 secs]
3.562: [GC 3.562: [DefNew: 547K->45K(576K), 0.0007070 secs]3.563: [Train: 75070K->75070K(75200K), 0.0003080 secs] 75597K->75499K(75776K), 0.0015720 secs]
3.564: [GC 3.564: [DefNew: 553K->36K(576K), 0.0007040 secs]3.565: [Train: 75086K->75086K(75200K), 0.0003300 secs] 75623K->75506K(75776K), 0.0015890 secs]
3.565: [GC 3.566: [DefNew: 547K->45K(576K), 0.0007130 secs]3.566: [Train: 75108K->75108K(75264K), 0.0003140 secs] 75633K->75495K(75840K), 0.0015940 secs]
3.567: [GC 3.568: [DefNew: 556K->42K(576K), 0.0007060 secs]3.568: [Train: 75124K->75124K(75264K), 0.0003200 secs] 75664K->75422K(75840K), 0.0015820 secs]
3.569: [GC 3.569: [DefNew: 549K->58K(576K), 0.0007170 secs]3.570: [Train: 75144K->75144K(75264K), 0.0003120 secs] 75674K->75202K(75840K), 0.0016830 secs]
3.571: [GC 3.571: [DefNew: 561K->62K(576K), 0.0007400 secs]3.572: [Train: 75214K->75214K(75328K), 0.0003400 secs] 75705K->75276K(75904K), 0.0016390 secs]
3.573: [GC 3.574: [DefNew: 564K->62K(576K), 0.0007480 secs] 75779K->75350K(75904K), 0.0012950 secs]
3.575: [GC 3.575: [DefNew: 564K->62K(576K), 0.0007620 secs]3.576: [Train: 75364K->75364K(75520K), 0.0003420 secs] 75852K->75426K(76096K), 0.0016610 secs]
3.577: [GC 3.577: [DefNew: 564K->62K(576K), 0.0007560 secs]3.578: [Train: 75437K->75437K(75584K), 0.0003260 secs] 75928K->75756K(76160K), 0.0016420 secs]
3.579: [GC 3.579: [DefNew: 569K->36K(576K), 0.0007320 secs]3.580: [Train: 75501K->75501K(75648K), 0.0003290 secs] 76007K->75879K(76224K), 0.0016210 secs]
3.580: [GC 3.581: [DefNew: 546K->32K(576K), 0.0007210 secs]3.582: [Train: 75537K->75537K(75648K), 0.0003180 secs] 76048K->75954K(76224K), 0.0015990 secs]
3.582: [GC 3.583: [DefNew: 543K->19K(576K), 0.0007130 secs]3.583: [Train: 75562K->75562K(75712K), 0.0003410 secs] 76081K->75966K(76288K), 0.0016130 secs]
3.584: [GC 3.584: [DefNew: 530K->49K(576K), 0.0007000 secs]3.585: [Train: 75562K->75562K(75712K), 0.0003180 secs] 76093K->75995K(76288K), 0.0015780 secs]
3.586: [GC 3.586: [DefNew: 557K->36K(576K), 0.0007120 secs]3.587: [Train: 75582K->75582K(75712K), 0.0003150 secs] 76119K->76002K(76288K), 0.0015870 secs]
3.587: [GC 3.588: [DefNew: 547K->45K(576K), 0.0007110 secs]3.589: [Train: 75601K->75601K(75712K), 0.0003140 secs] 76129K->76031K(76288K), 0.0015850 secs]
3.589: [GC 3.590: [DefNew: 553K->36K(576K), 0.0007250 secs]3.590: [Train: 75620K->75620K(75776K), 0.0003900 secs] 76155K->75997K(76352K), 0.0016750 secs]
3.591: [GC 3.591: [DefNew: 546K->49K(576K), 0.0007110 secs]3.592: [Train: 75639K->75639K(75776K), 0.0003380 secs] 76166K->75944K(76352K), 0.0016100 secs]
3.593: [GC 3.593: [DefNew: 559K->49K(576K), 0.0007330 secs]3.594: [Train: 75680K->75680K(75840K), 0.0003510 secs] 76199K->75729K(76416K), 0.0016470 secs]
3.595: [GC 3.595: [DefNew: 551K->62K(576K), 0.0007360 secs]3.596: [Train: 75739K->75739K(75840K), 0.0004940 secs] 76232K->75801K(76416K), 0.0017910 secs]
3.597: [GC 3.598: [DefNew: 564K->62K(576K), 0.0007980 secs] 76304K->75877K(76480K), 0.0013470 secs]
3.599: [GC 3.599: [DefNew: 564K->62K(576K), 0.0007630 secs]3.600: [Train: 75889K->75889K(76032K), 0.0003310 secs] 76379K->75951K(76608K), 0.0016540 secs]
3.601: [GC 3.601: [DefNew: 564K->62K(576K), 0.0007630 secs]3.602: [Train: 75962K->75962K(76096K), 0.0003300 secs] 76453K->76281K(76672K), 0.0016620 secs]
3.603: [GC 3.603: [DefNew: 569K->45K(576K), 0.0007330 secs]3.604: [Train: 76017K->76017K(76160K), 0.0003320 secs] 76532K->76404K(76736K), 0.0016280 secs]
3.605: [GC 3.605: [DefNew: 556K->22K(576K), 0.0007240 secs]3.606: [Train: 76053K->76053K(76160K), 0.0003310 secs] 76573K->76460K(76736K), 0.0016180 secs]
3.606: [GC 3.607: [DefNew: 534K->52K(576K), 0.0007040 secs]3.608: [Train: 76053K->76053K(76160K), 0.0003060 secs] 76587K->76489K(76736K), 0.0015740 secs]
3.608: [GC 3.609: [DefNew: 560K->36K(576K), 0.0007210 secs]3.609: [Train: 76077K->76077K(76224K), 0.0003450 secs] 76613K->76497K(76800K), 0.0016310 secs]
3.610: [GC 3.610: [DefNew: 547K->45K(576K), 0.0007380 secs]3.611: [Train: 76097K->76097K(76224K), 0.0003470 secs] 76625K->76527K(76800K), 0.0017620 secs]
3.612: [GC 3.612: [DefNew: 553K->36K(576K), 0.0007440 secs]3.613: [Train: 76113K->76113K(76224K), 0.0003530 secs] 76651K->76533K(76800K), 0.0016800 secs]
3.614: [GC 3.614: [DefNew: 547K->45K(576K), 0.0007710 secs]3.615: [Train: 76135K->76135K(76288K), 0.0003810 secs] 76661K->76522K(76864K), 0.0017790 secs]
3.616: [GC 3.616: [DefNew: 556K->42K(576K), 0.0007560 secs]3.617: [Train: 76151K->76151K(76288K), 0.0003660 secs] 76692K->76450K(76864K), 0.0017150 secs]
3.618: [GC 3.618: [DefNew: 549K->58K(576K), 0.0007770 secs]3.619: [Train: 76171K->76171K(76288K), 0.0003860 secs] 76701K->76230K(76864K), 0.0017800 secs]
3.620: [GC 3.621: [DefNew: 561K->62K(576K), 0.0008540 secs]3.621: [Train: 76241K->76241K(76352K), 0.0004240 secs] 76732K->76304K(76928K), 0.0019210 secs]
3.622: [GC 3.623: [DefNew: 564K->62K(576K), 0.0008420 secs] 76806K->76377K(76928K), 0.0014520 secs]
3.624: [GC 3.625: [DefNew: 564K->62K(576K), 0.0009260 secs]3.626: [Train: 76391K->76391K(76544K), 0.0003940 secs] 76880K->76453K(77120K), 0.0019420 secs]
3.627: [GC 3.627: [DefNew: 564K->62K(576K), 0.0008420 secs]3.628: [Train: 76465K->76465K(76608K), 0.0004160 secs] 76955K->76783K(77184K), 0.0018830 secs]
3.629: [GC 3.630: [DefNew: 569K->36K(576K), 0.0008610 secs]3.630: [Train: 76529K->76529K(76672K), 0.0004140 secs] 77034K->76906K(77248K), 0.0019000 secs]
3.631: [GC 3.632: [DefNew: 546K->32K(576K), 0.0007670 secs]3.633: [Train: 76565K->76565K(76672K), 0.0003720 secs] 77076K->76981K(77248K), 0.0017510 secs]
3.633: [GC 3.634: [DefNew: 543K->19K(576K), 0.0007790 secs]3.634: [Train: 76589K->76589K(76736K), 0.0004010 secs] 77109K->76993K(77312K), 0.0017710 secs]
3.635: [GC 3.636: [DefNew: 530K->49K(576K), 0.0007380 secs]3.636: [Train: 76589K->76589K(76736K), 0.0003490 secs] 77120K->77022K(77312K), 0.0016900 secs]
3.637: [GC 3.637: [DefNew: 557K->36K(576K), 0.0007580 secs]3.638: [Train: 76609K->76609K(76736K), 0.0003380 secs] 77146K->77029K(77312K), 0.0016780 secs]
3.639: [GC 3.639: [DefNew: 547K->45K(576K), 0.0007270 secs]3.640: [Train: 76629K->76629K(76736K), 0.0003610 secs] 77156K->77058K(77312K), 0.0016620 secs]
3.640: [GC 3.641: [DefNew: 553K->36K(576K), 0.0007490 secs]3.642: [Train: 76647K->76647K(76800K), 0.0003560 secs] 77182K->77024K(77376K), 0.0018750 secs]
3.643: [GC 3.643: [DefNew: 546K->49K(576K), 0.0007290 secs]3.644: [Train: 76666K->76666K(76800K), 0.0003190 secs] 77194K->76971K(77376K), 0.0016240 secs]
3.644: [GC 3.645: [DefNew: 559K->49K(576K), 0.0007530 secs]3.646: [Train: 76708K->76708K(76864K), 0.0003230 secs] 77226K->76757K(77440K), 0.0016520 secs]
3.647: [GC 3.647: [DefNew: 551K->62K(576K), 0.0007600 secs]3.648: [Train: 76768K->76768K(76928K), 0.0003480 secs] 77259K->76830K(77504K), 0.0016870 secs]
3.649: [GC 3.649: [DefNew: 564K->62K(576K), 0.0007850 secs] 77333K->76904K(77504K), 0.0013500 secs]
3.651: [GC 3.651: [DefNew: 564K->62K(576K), 0.0007850 secs]3.652: [Train: 76916K->76916K(77056K), 0.0003580 secs] 77407K->76978K(77632K), 0.0017230 secs]
3.653: [GC 3.653: [DefNew: 564K->62K(576K), 0.0007810 secs]3.654: [Train: 76990K->76990K(77120K), 0.0003450 secs] 77480K->77308K(77696K), 0.0017100 secs]
3.655: [GC 3.655: [DefNew: 569K->45K(576K), 0.0007510 secs]3.656: [Train: 77044K->77044K(77184K), 0.0003480 secs] 77559K->77431K(77760K), 0.0016850 secs]
3.657: [GC 3.657: [DefNew: 556K->22K(576K), 0.0007400 secs]3.658: [Train: 77080K->77080K(77184K), 0.0003770 secs] 77601K->77487K(77760K), 0.0016930 secs]
3.658: [GC 3.659: [DefNew: 534K->52K(576K), 0.0007210 secs]3.660: [Train: 77080K->77080K(77184K), 0.0003490 secs] 77614K->77516K(77760K), 0.0016470 secs]
3.660: [GC 3.661: [DefNew: 560K->36K(576K), 0.0007350 secs]3.661: [Train: 77105K->77105K(77248K), 0.0003800 secs] 77640K->77525K(77824K), 0.0016910 secs]
3.662: [GC 3.662: [DefNew: 547K->45K(576K), 0.0007300 secs]3.663: [Train: 77124K->77124K(77248K), 0.0003430 secs] 77652K->77554K(77824K), 0.0016500 secs]
3.664: [GC 3.664: [DefNew: 553K->36K(576K), 0.0007250 secs]3.665: [Train: 77141K->77141K(77248K), 0.0003780 secs] 77678K->77561K(77824K), 0.0016800 secs]
3.666: [GC 3.666: [DefNew: 547K->45K(576K), 0.0007390 secs]3.667: [Train: 77162K->77162K(77312K), 0.0003440 secs] 77688K->77549K(77888K), 0.0016680 secs]
3.667: [GC 3.668: [DefNew: 556K->42K(576K), 0.0007310 secs]3.669: [Train: 77178K->77178K(77312K), 0.0003300 secs] 77719K->77477K(77888K), 0.0016390 secs]
3.669: [GC 3.670: [DefNew: 549K->58K(576K), 0.0007340 secs]3.671: [Train: 77198K->77198K(77312K), 0.0003340 secs] 77728K->77257K(77888K), 0.0016590 secs]
3.671: [GC 3.672: [DefNew: 561K->62K(576K), 0.0007730 secs]3.673: [Train: 77269K->77269K(77376K), 0.0003560 secs] 77759K->77331K(77952K), 0.0017130 secs]
3.674: [GC 3.674: [DefNew: 564K->62K(576K), 0.0007860 secs] 77833K->77406K(78016K), 0.0013810 secs]
3.675: [GC 3.676: [DefNew: 564K->62K(576K), 0.0008190 secs]3.677: [Train: 77418K->77418K(77568K), 0.0003530 secs] 77909K->77480K(78144K), 0.0017590 secs]
3.678: [GC 3.678: [DefNew: 564K->62K(576K), 0.0007660 secs]3.679: [Train: 77492K->77492K(77632K), 0.0003390 secs] 77983K->77810K(78208K), 0.0016870 secs]
3.680: [GC 3.680: [DefNew: 569K->36K(576K), 0.0007550 secs]3.681: [Train: 77556K->77556K(77696K), 0.0003330 secs] 78061K->77933K(78272K), 0.0016680 secs]
3.681: [GC 3.682: [DefNew: 546K->32K(576K), 0.0007370 secs]3.683: [Train: 77592K->77592K(77696K), 0.0003420 secs] 78103K->78009K(78272K), 0.0016640 secs]
3.683: [GC 3.684: [DefNew: 543K->19K(576K), 0.0007330 secs]3.685: [Train: 77617K->77617K(77760K), 0.0003240 secs] 78136K->78020K(78336K), 0.0016360 secs]
3.685: [GC 3.686: [DefNew: 530K->49K(576K), 0.0007360 secs]3.686: [Train: 77617K->77617K(77760K), 0.0003140 secs] 78147K->78050K(78336K), 0.0016290 secs]
3.687: [GC 3.687: [DefNew: 557K->36K(576K), 0.0007420 secs]3.688: [Train: 77636K->77636K(77760K), 0.0003550 secs] 78174K->78056K(78336K), 0.0016780 secs]
3.689: [GC 3.689: [DefNew: 547K->45K(576K), 0.0007380 secs]3.690: [Train: 77656K->77656K(77760K), 0.0003260 secs] 78183K->78086K(78336K), 0.0016450 secs]
3.690: [GC 3.691: [DefNew: 553K->36K(576K), 0.0007330 secs]3.692: [Train: 77674K->77674K(77824K), 0.0003360 secs] 78210K->78051K(78400K), 0.0016510 secs]
3.692: [GC 3.693: [DefNew: 546K->49K(576K), 0.0007310 secs]3.693: [Train: 77694K->77694K(77824K), 0.0003310 secs] 78221K->77999K(78400K), 0.0016420 secs]
3.694: [GC 3.695: [DefNew: 559K->49K(576K), 0.0007490 secs]3.695: [Train: 77735K->77735K(77888K), 0.0003490 secs] 78253K->77784K(78464K), 0.0016790 secs]
3.696: [GC 3.697: [DefNew: 551K->62K(576K), 0.0007610 secs]3.698: [Train: 77796K->77796K(77952K), 0.0003680 secs] 78286K->77858K(78528K), 0.0017100 secs]
3.698: [GC 3.699: [DefNew: 564K->62K(576K), 0.0007680 secs] 78360K->77931K(78528K), 0.0013380 secs]
3.700: [GC 3.701: [DefNew: 564K->62K(576K), 0.0008860 secs]3.702: [Train: 77943K->77943K(78080K), 0.0003860 secs] 78434K->78005K(78656K), 0.0018540 secs]
3.702: [GC 3.703: [DefNew: 564K->62K(576K), 0.0007820 secs]3.704: [Train: 78017K->78017K(78144K), 0.0003570 secs] 78508K->78335K(78720K), 0.0017270 secs]
3.704: [GC 3.705: [DefNew: 569K->45K(576K), 0.0007630 secs]3.706: [Train: 78071K->78071K(78208K), 0.0003450 secs] 78586K->78458K(78784K), 0.0016920 secs]
3.706: [GC 3.707: [DefNew: 556K->22K(576K), 0.0007390 secs]3.708: [Train: 78107K->78107K(78208K), 0.0003640 secs] 78628K->78514K(78784K), 0.0016900 secs]
3.708: [GC 3.709: [DefNew: 534K->52K(576K), 0.0007240 secs]3.709: [Train: 78107K->78107K(78208K), 0.0003700 secs] 78641K->78543K(78784K), 0.0016760 secs]
3.710: [GC 3.710: [DefNew: 560K->36K(576K), 0.0007430 secs]3.711: [Train: 78132K->78132K(78272K), 0.0003460 secs] 78667K->78552K(78848K), 0.0016720 secs]
3.712: [GC 3.712: [DefNew: 547K->45K(576K), 0.0007370 secs]3.713: [Train: 78152K->78152K(78272K), 0.0003450 secs] 78679K->78581K(78848K), 0.0016650 secs]
3.714: [GC 3.714: [DefNew: 553K->36K(576K), 0.0007340 secs]3.715: [Train: 78168K->78168K(78272K), 0.0003430 secs] 78705K->78588K(78848K), 0.0016670 secs]
3.715: [GC 3.716: [DefNew: 547K->45K(576K), 0.0007440 secs]3.717: [Train: 78189K->78189K(78336K), 0.0003410 secs] 78715K->78576K(78912K), 0.0016690 secs]
3.717: [GC 3.718: [DefNew: 556K->42K(576K), 0.0008450 secs]3.719: [Train: 78206K->78206K(78336K), 0.0003540 secs] 78746K->78504K(78912K), 0.0017900 secs]
3.719: [GC 3.720: [DefNew: 549K->58K(576K), 0.0007410 secs]3.721: [Train: 78225K->78225K(78336K), 0.0003560 secs] 78755K->78284K(78912K), 0.0016820 secs]
3.721: [GC 3.722: [DefNew: 561K->62K(576K), 0.0007830 secs]3.723: [Train: 78296K->78296K(78400K), 0.0003410 secs] 78787K->78358K(78976K), 0.0018220 secs]
3.724: [GC 3.724: [DefNew: 564K->62K(576K), 0.0008110 secs] 78860K->78434K(79040K), 0.0013920 secs]
3.725: [GC 3.726: [DefNew: 564K->62K(576K), 0.0008220 secs]3.727: [Train: 78445K->78445K(78592K), 0.0003670 secs] 78936K->78508K(79168K), 0.0019370 secs]
3.728: [GC 3.728: [DefNew: 564K->62K(576K), 0.0008000 secs]3.729: [Train: 78519K->78519K(78656K), 0.0003580 secs] 79010K->78837K(79232K), 0.0017650 secs]
3.730: [GC 3.730: [DefNew: 569K->36K(576K), 0.0007770 secs]3.731: [Train: 78583K->78583K(78720K), 0.0003470 secs] 79089K->78960K(79296K), 0.0017150 secs]
3.732: [GC 3.732: [DefNew: 546K->32K(576K), 0.0007670 secs]3.733: [Train: 78619K->78619K(78720K), 0.0003700 secs] 79130K->79036K(79296K), 0.0017350 secs]
3.734: [GC 3.734: [DefNew: 543K->19K(576K), 0.0007580 secs]3.735: [Train: 78644K->78644K(78784K), 0.0003430 secs] 79163K->79048K(79360K), 0.0017070 secs]
3.736: [GC 3.736: [DefNew: 530K->49K(576K), 0.0007310 secs]3.737: [Train: 78644K->78644K(78784K), 0.0003810 secs] 79175K->79077K(79360K), 0.0017030 secs]
3.737: [GC 3.738: [DefNew: 557K->36K(576K), 0.0007440 secs]3.739: [Train: 78664K->78664K(78784K), 0.0003400 secs] 79201K->79084K(79360K), 0.0016810 secs]
3.739: [GC 3.740: [DefNew: 547K->45K(576K), 0.0008440 secs]3.741: [Train: 78683K->78683K(78784K), 0.0003670 secs] 79211K->79113K(79360K), 0.0018020 secs]
3.741: [GC 3.742: [DefNew: 553K->36K(576K), 0.0008340 secs]3.743: [Train: 78701K->78701K(78848K), 0.0004780 secs] 79237K->79079K(79424K), 0.0019480 secs]
3.744: [GC 3.744: [DefNew: 546K->49K(576K), 0.0008520 secs]3.745: [Train: 78721K->78721K(78848K), 0.0004760 secs] 79248K->79026K(79424K), 0.0019780 secs]
3.746: [GC 3.747: [DefNew: 559K->49K(576K), 0.0008210 secs]3.747: [Train: 78762K->78762K(78912K), 0.0003730 secs] 79281K->78811K(79488K), 0.0018510 secs]
3.748: [GC 3.749: [DefNew: 551K->62K(576K), 0.0007840 secs]3.750: [Train: 78823K->78823K(78976K), 0.0004000 secs] 79314K->78885K(79552K), 0.0017720 secs]
3.751: [GC 3.751: [DefNew: 564K->62K(576K), 0.0008210 secs] 79387K->78959K(79552K), 0.0014100 secs]
3.752: [GC 3.753: [DefNew: 564K->62K(576K), 0.0008340 secs]3.754: [Train: 78970K->78970K(79104K), 0.0003530 secs] 79461K->79033K(79680K), 0.0017830 secs]
3.755: [GC 3.755: [DefNew: 564K->62K(576K), 0.0008050 secs]3.756: [Train: 79044K->79044K(79168K), 0.0003560 secs] 79535K->79362K(79744K), 0.0017570 secs]
3.757: [GC 3.757: [DefNew: 569K->45K(576K), 0.0008100 secs]3.758: [Train: 79098K->79098K(79232K), 0.0003730 secs] 79614K->79486K(79808K), 0.0017790 secs]
3.759: [GC 3.759: [DefNew: 556K->22K(576K), 0.0007630 secs]3.760: [Train: 79136K->79136K(79296K), 0.0003660 secs] 79655K->79543K(79872K), 0.0018310 secs]
3.761: [GC 3.761: [DefNew: 534K->52K(576K), 0.0007430 secs]3.762: [Train: 79136K->79136K(79296K), 0.0003400 secs] 79670K->79573K(79872K), 0.0016730 secs]
3.762: [GC 3.763: [DefNew: 560K->36K(576K), 0.0007600 secs]3.764: [Train: 79159K->79159K(79296K), 0.0003690 secs] 79697K->79579K(79872K), 0.0017280 secs]
3.764: [GC 3.765: [DefNew: 547K->45K(576K), 0.0007490 secs]3.766: [Train: 79179K->79179K(79296K), 0.0004000 secs] 79706K->79609K(79872K), 0.0017420 secs]
3.766: [GC 3.767: [DefNew: 553K->36K(576K), 0.0007450 secs]3.767: [Train: 79195K->79195K(79296K), 0.0003630 secs] 79733K->79615K(79872K), 0.0016960 secs]
3.768: [GC 3.769: [DefNew: 547K->45K(576K), 0.0007570 secs]3.769: [Train: 79217K->79217K(79360K), 0.0003590 secs] 79742K->79604K(79936K), 0.0017110 secs]
3.770: [GC 3.770: [DefNew: 556K->42K(576K), 0.0007530 secs]3.771: [Train: 79233K->79233K(79360K), 0.0003400 secs] 79773K->79532K(79936K), 0.0016860 secs]
3.772: [GC 3.772: [DefNew: 549K->58K(576K), 0.0007520 secs]3.773: [Train: 79253K->79253K(79360K), 0.0003350 secs] 79783K->79312K(79936K), 0.0016810 secs]
3.774: [GC 3.775: [DefNew: 561K->62K(576K), 0.0007960 secs]3.775: [Train: 79323K->79323K(79424K), 0.0003910 secs] 79814K->79385K(80000K), 0.0017830 secs]
3.776: [GC 3.777: [DefNew: 564K->62K(576K), 0.0008070 secs] 79888K->79461K(80064K), 0.0014090 secs]
3.778: [GC 3.779: [DefNew: 564K->62K(576K), 0.0007950 secs]3.779: [Train: 79473K->79473K(79616K), 0.0003240 secs] 79963K->79535K(80192K), 0.0017110 secs]
3.780: [GC 3.781: [DefNew: 564K->62K(576K), 0.0007860 secs]3.782: [Train: 79546K->79546K(79680K), 0.0003770 secs] 80037K->79865K(80256K), 0.0017510 secs]
3.782: [GC 3.783: [DefNew: 569K->36K(576K), 0.0007700 secs]3.784: [Train: 79610K->79610K(79744K), 0.0003290 secs] 80116K->79988K(80320K), 0.0016880 secs]
3.784: [GC 3.785: [DefNew: 546K->32K(576K), 0.0007530 secs]3.785: [Train: 79648K->79648K(79808K), 0.0003660 secs] 80157K->80065K(80384K), 0.0017070 secs]
3.786: [GC 3.787: [DefNew: 543K->19K(576K), 0.0007440 secs]3.787: [Train: 79671K->79671K(79808K), 0.0003250 secs] 80192K->80075K(80384K), 0.0016570 secs]
3.788: [GC 3.788: [DefNew: 530K->49K(576K), 0.0007300 secs]3.789: [Train: 79671K->79671K(79808K), 0.0003390 secs] 80202K->80104K(80384K), 0.0016560 secs]
3.790: [GC 3.790: [DefNew: 557K->36K(576K), 0.0007430 secs]3.791: [Train: 79691K->79691K(79808K), 0.0003390 secs] 80228K->80111K(80384K), 0.0016760 secs]
3.791: [GC 3.792: [DefNew: 547K->45K(576K), 0.0007470 secs]3.793: [Train: 79712K->79712K(79872K), 0.0003570 secs] 80238K->80142K(80448K), 0.0016920 secs]
3.793: [GC 3.794: [DefNew: 553K->36K(576K), 0.0007400 secs]3.794: [Train: 79729K->79729K(79872K), 0.0003310 secs] 80266K->80106K(80448K), 0.0016710 secs]
3.795: [GC 3.796: [DefNew: 546K->49K(576K), 0.0007420 secs]3.796: [Train: 79748K->79748K(79872K), 0.0003320 secs] 80276K->80053K(80448K), 0.0016630 secs]
3.797: [GC 3.797: [DefNew: 559K->49K(576K), 0.0007730 secs]3.798: [Train: 79789K->79789K(79936K), 0.0003530 secs] 80308K->79838K(80512K), 0.0017150 secs]
3.799: [GC 3.800: [DefNew: 551K->62K(576K), 0.0007760 secs]3.800: [Train: 79850K->79850K(80000K), 0.0003620 secs] 80341K->79912K(80576K), 0.0017270 secs]
3.801: [GC 3.802: [DefNew: 564K->62K(576K), 0.0007870 secs] 80415K->79986K(80576K), 0.0013720 secs]
3.803: [GC 3.804: [DefNew: 564K->62K(576K), 0.0007850 secs]3.804: [Train: 79998K->79998K(80128K), 0.0003280 secs] 80488K->80060K(80704K), 0.0017050 secs]
3.805: [GC 3.806: [DefNew: 564K->62K(576K), 0.0007830 secs]3.807: [Train: 80072K->80072K(80192K), 0.0003600 secs] 80562K->80390K(80768K), 0.0017510 secs]
3.807: [GC 3.808: [DefNew: 569K->45K(576K), 0.0007730 secs]3.808: [Train: 80126K->80126K(80256K), 0.0003430 secs] 80641K->80513K(80832K), 0.0017070 secs]
3.809: [GC 3.810: [DefNew: 556K->22K(576K), 0.0007630 secs]3.810: [Train: 80164K->80164K(80320K), 0.0003330 secs] 80682K->80570K(80896K), 0.0016880 secs]
3.811: [GC 3.811: [DefNew: 534K->52K(576K), 0.0007340 secs]3.812: [Train: 80164K->80164K(80320K), 0.0003310 secs] 80698K->80600K(80896K), 0.0016560 secs]
3.813: [GC 3.813: [DefNew: 560K->36K(576K), 0.0007540 secs]3.814: [Train: 80186K->80186K(80320K), 0.0003180 secs] 80724K->80606K(80896K), 0.0016650 secs]
3.814: [GC 3.815: [DefNew: 547K->45K(576K), 0.0016510 secs]3.817: [Train: 80206K->80206K(80320K), 0.0003420 secs] 80734K->80636K(80896K), 0.0025960 secs]
3.817: [GC 3.818: [DefNew: 553K->36K(576K), 0.0007510 secs]3.818: [Train: 80224K->80224K(80384K), 0.0003500 secs] 80760K->80644K(80960K), 0.0017110 secs]
3.819: [GC 3.820: [DefNew: 547K->45K(576K), 0.0007480 secs]3.820: [Train: 80244K->80244K(80384K), 0.0003250 secs] 80771K->80631K(80960K), 0.0016640 secs]
3.821: [GC 3.821: [DefNew: 556K->42K(576K), 0.0007490 secs]3.822: [Train: 80260K->80260K(80384K), 0.0003430 secs] 80801K->80559K(80960K), 0.0016850 secs]
3.823: [GC 3.823: [DefNew: 549K->58K(576K), 0.0007490 secs]3.824: [Train: 80280K->80280K(80384K), 0.0003270 secs] 80810K->80339K(80960K), 0.0016680 secs]
3.825: [GC 3.825: [DefNew: 561K->62K(576K), 0.0008010 secs]3.826: [Train: 80352K->80352K(80512K), 0.0003430 secs] 80841K->80414K(81088K), 0.0017380 secs]
3.827: [GC 3.828: [DefNew: 564K->62K(576K), 0.0007840 secs] 80917K->80488K(81088K), 0.0013660 secs]
3.829: [GC 3.829: [DefNew: 564K->62K(576K), 0.0008130 secs]3.830: [Train: 80500K->80500K(80640K), 0.0003360 secs] 80991K->80562K(81216K), 0.0017420 secs]
3.831: [GC 3.832: [DefNew: 564K->62K(576K), 0.0007860 secs]3.832: [Train: 80574K->80574K(80704K), 0.0003640 secs] 81064K->80892K(81280K), 0.0017450 secs]
3.833: [GC 3.834: [DefNew: 569K->36K(576K), 0.0007810 secs]3.834: [Train: 80638K->80638K(80768K), 0.0003310 secs] 81143K->81015K(81344K), 0.0017080 secs]
3.835: [GC 3.835: [DefNew: 546K->32K(576K), 0.0007610 secs]3.836: [Train: 80676K->80676K(80832K), 0.0003370 secs] 81185K->81092K(81408K), 0.0016930 secs]
3.837: [GC 3.837: [DefNew: 543K->19K(576K), 0.0007510 secs]3.838: [Train: 80698K->80698K(80832K), 0.0003450 secs] 81219K->81102K(81408K), 0.0016920 secs]
3.839: [GC 3.839: [DefNew: 530K->49K(576K), 0.0007370 secs]3.840: [Train: 80698K->80698K(80832K), 0.0003260 secs] 81229K->81131K(81408K), 0.0016590 secs]
3.840: [GC 3.841: [DefNew: 557K->36K(576K), 0.0009520 secs]3.842: [Train: 80718K->80718K(80832K), 0.0003250 secs] 81255K->81138K(81408K), 0.0018740 secs]
3.842: [GC 3.843: [DefNew: 547K->45K(576K), 0.0007540 secs]3.844: [Train: 80740K->80740K(80896K), 0.0003440 secs] 81265K->81169K(81472K), 0.0016950 secs]
3.844: [GC 3.845: [DefNew: 553K->36K(576K), 0.0007460 secs]3.845: [Train: 80756K->80756K(80896K), 0.0003410 secs] 81293K->81133K(81472K), 0.0016840 secs]
3.846: [GC 3.847: [DefNew: 546K->49K(576K), 0.0007490 secs]3.847: [Train: 80776K->80776K(80896K), 0.0003280 secs] 81303K->81081K(81472K), 0.0016730 secs]
3.848: [GC 3.848: [DefNew: 559K->49K(576K), 0.0007640 secs]3.849: [Train: 80817K->80817K(80960K), 0.0003420 secs] 81335K->80866K(81536K), 0.0017020 secs]
3.850: [GC 3.851: [DefNew: 551K->62K(576K), 0.0007790 secs]3.851: [Train: 80877K->80877K(81024K), 0.0003330 secs] 81368K->80939K(81600K), 0.0017100 secs]
3.852: [GC 3.853: [DefNew: 564K->62K(576K), 0.0007930 secs] 81442K->81013K(81600K), 0.0013760 secs]
3.854: [GC 3.855: [DefNew: 564K->62K(576K), 0.0007990 secs]3.855: [Train: 81025K->81025K(81152K), 0.0003480 secs] 81516K->81087K(81728K), 0.0017440 secs]
3.856: [GC 3.857: [DefNew: 564K->62K(576K), 0.0007890 secs]3.858: [Train: 81099K->81099K(81216K), 0.0003340 secs] 81590K->81417K(81792K), 0.0017220 secs]
3.858: [GC 3.859: [DefNew: 569K->45K(576K), 0.0007770 secs]3.860: [Train: 81153K->81153K(81280K), 0.0003310 secs] 81668K->81540K(81856K), 0.0017070 secs]
3.860: [GC 3.861: [DefNew: 556K->22K(576K), 0.0007650 secs]3.861: [Train: 81191K->81191K(81344K), 0.0003660 secs] 81710K->81598K(81920K), 0.0017300 secs]
3.862: [GC 3.862: [DefNew: 534K->52K(576K), 0.0007410 secs]3.863: [Train: 81191K->81191K(81344K), 0.0003200 secs] 81725K->81627K(81920K), 0.0016600 secs]
3.864: [GC 3.864: [DefNew: 560K->36K(576K), 0.0007540 secs]3.865: [Train: 81214K->81214K(81344K), 0.0003590 secs] 81751K->81634K(81920K), 0.0017120 secs]
3.866: [GC 3.866: [DefNew: 547K->45K(576K), 0.0007540 secs]3.867: [Train: 81233K->81233K(81344K), 0.0003390 secs] 81761K->81663K(81920K), 0.0017060 secs]
3.867: [GC 3.868: [DefNew: 553K->36K(576K), 0.0007990 secs]3.869: [Train: 81252K->81252K(81408K), 0.0003840 secs] 81787K->81672K(81984K), 0.0018130 secs]
3.869: [GC 3.870: [DefNew: 547K->45K(576K), 0.0008000 secs]3.871: [Train: 81271K->81271K(81408K), 0.0004060 secs] 81799K->81658K(81984K), 0.0018500 secs]
3.871: [GC 3.872: [DefNew: 556K->42K(576K), 0.0008050 secs]3.873: [Train: 81288K->81288K(81408K), 0.0004030 secs] 81828K->81586K(81984K), 0.0018420 secs]
3.874: [GC 3.874: [DefNew: 549K->58K(576K), 0.0008270 secs]3.875: [Train: 81307K->81307K(81408K), 0.0003970 secs] 81837K->81366K(81984K), 0.0018800 secs]
3.876: [GC 3.877: [DefNew: 561K->62K(576K), 0.0009280 secs]3.878: [Train: 81380K->81380K(81536K), 0.0004290 secs] 81868K->81442K(82112K), 0.0020320 secs]
3.879: [GC 3.879: [DefNew: 564K->62K(576K), 0.0009010 secs] 81944K->81516K(82112K), 0.0015630 secs]
3.881: [GC 3.881: [DefNew: 564K->62K(576K), 0.0009420 secs]3.882: [Train: 81527K->81527K(81664K), 0.0004090 secs] 82018K->81589K(82240K), 0.0020150 secs]
3.883: [GC 3.884: [DefNew: 564K->62K(576K), 0.0009010 secs]3.885: [Train: 81601K->81601K(81728K), 0.0004350 secs] 82092K->81919K(82304K), 0.0020070 secs]
3.886: [GC 3.886: [DefNew: 569K->36K(576K), 0.0008960 secs]3.887: [Train: 81665K->81665K(81792K), 0.0004140 secs] 82170K->82042K(82368K), 0.0019840 secs]
3.888: [GC 3.888: [DefNew: 546K->32K(576K), 0.0008300 secs]3.889: [Train: 81703K->81703K(81856K), 0.0003880 secs] 82212K->82119K(82432K), 0.0018740 secs]
3.890: [GC 3.890: [DefNew: 543K->19K(576K), 0.0007980 secs]3.891: [Train: 81726K->81726K(81856K), 0.0004000 secs] 82247K->82129K(82432K), 0.0018270 secs]
3.892: [GC 3.892: [DefNew: 530K->49K(576K), 0.0007820 secs]3.893: [Train: 81726K->81726K(81856K), 0.0003810 secs] 82257K->82159K(82432K), 0.0018010 secs]
3.894: [GC 3.894: [DefNew: 557K->36K(576K), 0.0007670 secs]3.895: [Train: 81745K->81745K(81856K), 0.0003550 secs] 82283K->82165K(82432K), 0.0017380 secs]
3.896: [GC 3.896: [DefNew: 547K->45K(576K), 0.0007700 secs]3.897: [Train: 81767K->81767K(81920K), 0.0003490 secs] 82293K->82197K(82496K), 0.0017270 secs]
3.898: [GC 3.898: [DefNew: 553K->36K(576K), 0.0007600 secs]3.899: [Train: 81783K->81783K(81920K), 0.0003290 secs] 82321K->82160K(82496K), 0.0017080 secs]
3.899: [GC 3.900: [DefNew: 546K->49K(576K), 0.0007620 secs]3.901: [Train: 81803K->81803K(81920K), 0.0003280 secs] 82330K->82108K(82496K), 0.0016960 secs]
3.901: [GC 3.902: [DefNew: 559K->49K(576K), 0.0007930 secs]3.903: [Train: 81844K->81844K(81984K), 0.0003420 secs] 82362K->81893K(82560K), 0.0017740 secs]
3.904: [GC 3.904: [DefNew: 551K->62K(576K), 0.0007990 secs]3.905: [Train: 81905K->81905K(82048K), 0.0003860 secs] 82395K->81967K(82624K), 0.0017970 secs]
3.906: [GC 3.906: [DefNew: 564K->62K(576K), 0.0010260 secs] 82469K->82041K(82624K), 0.0016260 secs]
3.908: [GC 3.908: [DefNew: 564K->62K(576K), 0.0008190 secs]3.909: [Train: 82052K->82052K(82176K), 0.0003540 secs] 82543K->82114K(82752K), 0.0017940 secs]
3.910: [GC 3.911: [DefNew: 564K->62K(576K), 0.0008080 secs]3.912: [Train: 82126K->82126K(82240K), 0.0003570 secs] 82617K->82444K(82816K), 0.0017790 secs]
3.912: [GC 3.913: [DefNew: 569K->45K(576K), 0.0007900 secs]3.914: [Train: 82180K->82180K(82304K), 0.0003730 secs] 82695K->82567K(82880K), 0.0017770 secs]
3.914: [GC 3.915: [DefNew: 556K->22K(576K), 0.0007800 secs]3.915: [Train: 82218K->82218K(82368K), 0.0003560 secs] 82737K->82625K(82944K), 0.0017460 secs]
3.916: [GC 3.917: [DefNew: 534K->52K(576K), 0.0007520 secs]3.917: [Train: 82218K->82218K(82368K), 0.0003460 secs] 82752K->82654K(82944K), 0.0017090 secs]
3.918: [GC 3.918: [DefNew: 560K->36K(576K), 0.0007690 secs]3.919: [Train: 82241K->82241K(82368K), 0.0003410 secs] 82778K->82661K(82944K), 0.0017210 secs]
3.920: [GC 3.920: [DefNew: 547K->45K(576K), 0.0007640 secs]3.921: [Train: 82261K->82261K(82368K), 0.0003360 secs] 82788K->82690K(82944K), 0.0017100 secs]
3.922: [GC 3.922: [DefNew: 553K->36K(576K), 0.0007720 secs]3.923: [Train: 82279K->82279K(82432K), 0.0003450 secs] 82814K->82699K(83008K), 0.0017380 secs]
3.923: [GC 3.924: [DefNew: 547K->45K(576K), 0.0007670 secs]3.925: [Train: 82298K->82298K(82432K), 0.0003390 secs] 82826K->82728K(83008K), 0.0017150 secs]
3.925: [GC 3.926: [DefNew: 553K->36K(576K), 0.0007630 secs]3.927: [Train: 82315K->82315K(82432K), 0.0003540 secs] 82852K->82692K(83008K), 0.0017470 secs]
3.927: [GC 3.928: [DefNew: 546K->49K(576K), 0.0007730 secs]3.929: [Train: 82336K->82336K(82496K), 0.0003560 secs] 82862K->82641K(83072K), 0.0017370 secs]
3.929: [GC 3.930: [DefNew: 559K->49K(576K), 0.0007810 secs]3.931: [Train: 82376K->82376K(82496K), 0.0003580 secs] 82896K->82425K(83072K), 0.0017540 secs]
3.931: [GC 3.932: [DefNew: 551K->62K(576K), 0.0007970 secs]3.933: [Train: 82436K->82436K(82560K), 0.0003640 secs] 82927K->82498K(83136K), 0.0017710 secs]
3.934: [GC 3.934: [DefNew: 564K->62K(576K), 0.0008110 secs] 83001K->82572K(83136K), 0.0014160 secs]
3.935: [GC 3.936: [DefNew: 564K->62K(576K), 0.0008130 secs]3.937: [Train: 82584K->82584K(82688K), 0.0003390 secs] 83075K->82646K(83264K), 0.0017620 secs]
3.938: [GC 3.938: [DefNew: 564K->62K(576K), 0.0008170 secs]3.939: [Train: 82660K->82660K(82816K), 0.0003470 secs] 83148K->82978K(83392K), 0.0017740 secs]
3.940: [GC 3.940: [DefNew: 569K->45K(576K), 0.0007890 secs]3.941: [Train: 82712K->82712K(82816K), 0.0005310 secs] 83229K->83099K(83392K), 0.0020390 secs]
3.942: [GC 3.942: [DefNew: 556K->22K(576K), 0.0007820 secs]3.943: [Train: 82750K->82750K(82880K), 0.0003500 secs] 83269K->83157K(83456K), 0.0017460 secs]
3.944: [GC 3.944: [DefNew: 534K->52K(576K), 0.0007560 secs]3.945: [Train: 82750K->82750K(82880K), 0.0003440 secs] 83284K->83186K(83456K), 0.0017130 secs]
3.946: [GC 3.946: [DefNew: 560K->36K(576K), 0.0007680 secs]3.947: [Train: 82773K->82773K(82880K), 0.0003370 secs] 83310K->83193K(83456K), 0.0017190 secs]
3.948: [GC 3.948: [DefNew: 547K->45K(576K), 0.0007730 secs]3.949: [Train: 82794K->82794K(82944K), 0.0003720 secs] 83320K->83224K(83520K), 0.0017590 secs]
3.949: [GC 3.950: [DefNew: 553K->36K(576K), 0.0007670 secs]3.951: [Train: 82810K->82810K(82944K), 0.0003330 secs] 83348K->83230K(83520K), 0.0017300 secs]
3.951: [GC 3.952: [DefNew: 547K->45K(576K), 0.0007660 secs]3.953: [Train: 82830K->82830K(82944K), 0.0003640 secs] 83358K->83217K(83520K), 0.0017430 secs]
3.953: [GC 3.954: [DefNew: 556K->42K(576K), 0.0007750 secs]3.955: [Train: 82848K->82848K(83008K), 0.0003400 secs] 83387K->83147K(83584K), 0.0017360 secs]
3.955: [GC 3.956: [DefNew: 549K->58K(576K), 0.0007790 secs]3.957: [Train: 82868K->82868K(83008K), 0.0003480 secs] 83398K->82927K(83584K), 0.0017470 secs]
3.957: [GC 3.958: [DefNew: 561K->62K(576K), 0.0008260 secs]3.959: [Train: 82938K->82938K(83072K), 0.0003670 secs] 83429K->83001K(83648K), 0.0018300 secs]
3.960: [GC 3.960: [DefNew: 564K->62K(576K), 0.0008150 secs] 83503K->83074K(83648K), 0.0014200 secs]
3.962: [GC 3.962: [DefNew: 564K->62K(576K), 0.0008200 secs]3.963: [Train: 83086K->83086K(83200K), 0.0003480 secs] 83577K->83148K(83776K), 0.0018010 secs]
3.964: [GC 3.964: [DefNew: 564K->62K(576K), 0.0008150 secs]3.965: [Train: 83160K->83160K(83264K), 0.0003440 secs] 83651K->83478K(83840K), 0.0017750 secs]
3.966: [GC 3.966: [DefNew: 569K->36K(576K), 0.0008070 secs]3.967: [Train: 83224K->83224K(83328K), 0.0003680 secs] 83729K->83601K(83904K), 0.0017930 secs]
3.968: [GC 3.968: [DefNew: 546K->32K(576K), 0.0007940 secs]3.969: [Train: 83262K->83262K(83392K), 0.0003460 secs] 83771K->83678K(83968K), 0.0017600 secs]
3.970: [GC 3.970: [DefNew: 543K->19K(576K), 0.0007690 secs]3.971: [Train: 83285K->83285K(83392K), 0.0003400 secs] 83806K->83688K(83968K), 0.0017260 secs]
3.972: [GC 3.972: [DefNew: 530K->49K(576K), 0.0007600 secs]3.973: [Train: 83285K->83285K(83392K), 0.0003300 secs] 83815K->83718K(83968K), 0.0017050 secs]
3.973: [GC 3.974: [DefNew: 557K->36K(576K), 0.0008050 secs]3.975: [Train: 83306K->83306K(83456K), 0.0003890 secs] 83842K->83726K(84032K), 0.0018330 secs]
3.975: [GC 3.976: [DefNew: 547K->45K(576K), 0.0008090 secs]3.977: [Train: 83326K->83326K(83456K), 0.0003940 secs] 83853K->83755K(84032K), 0.0018410 secs]
3.977: [GC 3.978: [DefNew: 553K->36K(576K), 0.0011890 secs]3.979: [Train: 83342K->83342K(83456K), 0.0004130 secs] 83879K->83719K(84032K), 0.0022840 secs]
3.980: [GC 3.980: [DefNew: 546K->49K(576K), 0.0008480 secs]3.981: [Train: 83364K->83364K(83520K), 0.0004420 secs] 83889K->83669K(84096K), 0.0019520 secs]
3.982: [GC 3.983: [DefNew: 559K->49K(576K), 0.0008620 secs]3.984: [Train: 83403K->83403K(83520K), 0.0004050 secs] 83923K->83452K(84096K), 0.0019300 secs]
3.985: [GC 3.985: [DefNew: 551K->62K(576K), 0.0009350 secs]3.986: [Train: 83464K->83464K(83584K), 0.0003870 secs] 83954K->83526K(84160K), 0.0020120 secs]
3.987: [GC 3.988: [DefNew: 564K->62K(576K), 0.0009070 secs] 84028K->83599K(84160K), 0.0015790 secs]
3.989: [GC 3.990: [DefNew: 564K->62K(576K), 0.0009520 secs]3.991: [Train: 83611K->83611K(83712K), 0.0004130 secs] 84102K->83673K(84288K), 0.0020780 secs]
3.992: [GC 3.992: [DefNew: 564K->62K(576K), 0.0009850 secs]3.993: [Train: 83687K->83687K(83840K), 0.0004090 secs] 84176K->84005K(84416K), 0.0021210 secs]
3.994: [GC 3.995: [DefNew: 569K->45K(576K), 0.0008430 secs]3.996: [Train: 83739K->83739K(83840K), 0.0004020 secs] 84256K->84126K(84416K), 0.0018960 secs]
3.996: [GC 3.997: [DefNew: 556K->22K(576K), 0.0008890 secs]3.998: [Train: 83777K->83777K(83904K), 0.0003990 secs] 84296K->84184K(84480K), 0.0019580 secs]
3.998: [GC 3.999: [DefNew: 534K->52K(576K), 0.0008040 secs]4.000: [Train: 83777K->83777K(83904K), 0.0004270 secs] 84311K->84213K(84480K), 0.0018830 secs]
4.001: [GC 4.001: [DefNew: 560K->36K(576K), 0.0008480 secs]4.002: [Train: 83800K->83800K(83904K), 0.0003830 secs] 84337K->84220K(84480K), 0.0020230 secs]
4.003: [GC 4.003: [DefNew: 547K->45K(576K), 0.0008380 secs]4.004: [Train: 83821K->83821K(83968K), 0.0004720 secs] 84347K->84251K(84544K), 0.0019660 secs]
4.005: [GC 4.005: [DefNew: 553K->36K(576K), 0.0008400 secs]4.006: [Train: 83838K->83838K(83968K), 0.0003850 secs] 84375K->84258K(84544K), 0.0018860 secs]
4.007: [GC 4.008: [DefNew: 547K->45K(576K), 0.0008220 secs]4.008: [Train: 83857K->83857K(83968K), 0.0004030 secs] 84385K->84244K(84544K), 0.0018750 secs]
4.009: [GC 4.010: [DefNew: 556K->42K(576K), 0.0008640 secs]4.011: [Train: 83876K->83876K(84032K), 0.0004230 secs] 84414K->84174K(84608K), 0.0019400 secs]
4.011: [GC 4.012: [DefNew: 549K->58K(576K), 0.0008460 secs]4.013: [Train: 83895K->83895K(84032K), 0.0004410 secs] 84425K->83954K(84608K), 0.0019520 secs]
4.014: [GC 4.014: [DefNew: 561K->62K(576K), 0.0011610 secs]4.016: [Train: 83966K->83966K(84096K), 0.0004420 secs] 84456K->84028K(84672K), 0.0023420 secs]
4.017: [GC 4.017: [DefNew: 564K->62K(576K), 0.0008780 secs] 84530K->84102K(84672K), 0.0015200 secs]
4.019: [GC 4.019: [DefNew: 564K->62K(576K), 0.0008970 secs]4.020: [Train: 84113K->84113K(84224K), 0.0004260 secs] 84604K->84176K(84800K), 0.0019850 secs]
4.021: [GC 4.022: [DefNew: 564K->62K(576K), 0.0008890 secs]4.023: [Train: 84187K->84187K(84288K), 0.0004310 secs] 84678K->84505K(84864K), 0.0020310 secs]
4.023: [GC 4.024: [DefNew: 569K->36K(576K), 0.0008720 secs]4.025: [Train: 84251K->84251K(84352K), 0.0004460 secs] 84757K->84629K(84928K), 0.0019890 secs]
4.026: [GC 4.026: [DefNew: 546K->32K(576K), 0.0008520 secs]4.027: [Train: 84289K->84289K(84416K), 0.0004670 secs] 84798K->84706K(84992K), 0.0021060 secs]
4.028: [GC 4.029: [DefNew: 543K->19K(576K), 0.0008270 secs]4.029: [Train: 84312K->84312K(84416K), 0.0004120 secs] 84833K->84716K(84992K), 0.0018970 secs]
4.030: [GC 4.031: [DefNew: 530K->49K(576K), 0.0008320 secs]4.032: [Train: 84312K->84312K(84416K), 0.0004090 secs] 84843K->84745K(84992K), 0.0018980 secs]
4.032: [GC 4.033: [DefNew: 557K->36K(576K), 0.0008110 secs]4.034: [Train: 84333K->84333K(84480K), 0.0004030 secs] 84869K->84753K(85056K), 0.0018710 secs]
4.034: [GC 4.035: [DefNew: 547K->45K(576K), 0.0007850 secs]4.036: [Train: 84353K->84353K(84480K), 0.0003580 secs] 84881K->84783K(85056K), 0.0017680 secs]
4.036: [GC 4.037: [DefNew: 553K->36K(576K), 0.0007840 secs]4.037: [Train: 84369K->84369K(84480K), 0.0003450 secs] 84907K->84747K(85056K), 0.0017600 secs]
4.038: [GC 4.039: [DefNew: 546K->49K(576K), 0.0007830 secs]4.039: [Train: 84391K->84391K(84544K), 0.0003290 secs] 84916K->84696K(85120K), 0.0017370 secs]
4.040: [GC 4.041: [DefNew: 559K->49K(576K), 0.0007880 secs]4.041: [Train: 84430K->84430K(84544K), 0.0003520 secs] 84950K->84479K(85120K), 0.0017660 secs]
4.042: [GC 4.043: [DefNew: 551K->62K(576K), 0.0008540 secs]4.044: [Train: 84491K->84491K(84608K), 0.0003620 secs] 84982K->84553K(85184K), 0.0018540 secs]
4.045: [GC 4.045: [DefNew: 564K->62K(576K), 0.0008590 secs] 85055K->84627K(85184K), 0.0014840 secs]
4.047: [GC 4.047: [DefNew: 564K->62K(576K), 0.0008980 secs]4.048: [Train: 84640K->84640K(84800K), 0.0003960 secs] 85129K->84702K(85376K), 0.0019390 secs]
4.049: [GC 4.050: [DefNew: 564K->62K(576K), 0.0008460 secs]4.050: [Train: 84714K->84714K(84864K), 0.0003320 secs] 85205K->85032K(85440K), 0.0018030 secs]
4.054: [GC 4.055: [DefNew: 569K->45K(576K), 0.0009170 secs]4.055: [Train: 84768K->84768K(84928K), 0.0003990 secs] 85283K->85155K(85504K), 0.0020300 secs]
4.056: [GC 4.057: [DefNew: 556K->22K(576K), 0.0009110 secs]4.058: [Train: 84804K->84804K(84928K), 0.0003250 secs] 85325K->85211K(85504K), 0.0019390 secs]
4.058: [GC 4.059: [DefNew: 534K->52K(576K), 0.0007670 secs]4.060: [Train: 84804K->84804K(84928K), 0.0003170 secs] 85338K->85241K(85504K), 0.0017070 secs]
4.060: [GC 4.061: [DefNew: 560K->36K(576K), 0.0007770 secs]4.061: [Train: 84827K->84827K(84928K), 0.0003440 secs] 85365K->85247K(85504K), 0.0017450 secs]
4.062: [GC 4.062: [DefNew: 547K->45K(576K), 0.0007810 secs]4.063: [Train: 84849K->84849K(84992K), 0.0003330 secs] 85374K->85278K(85568K), 0.0017380 secs]
4.064: [GC 4.064: [DefNew: 553K->36K(576K), 0.0007770 secs]4.065: [Train: 84865K->84865K(84992K), 0.0003470 secs] 85402K->85285K(85568K), 0.0017480 secs]
4.066: [GC 4.066: [DefNew: 547K->45K(576K), 0.0007780 secs]4.067: [Train: 84885K->84885K(84992K), 0.0003730 secs] 85412K->85272K(85568K), 0.0017760 secs]
4.068: [GC 4.068: [DefNew: 556K->42K(576K), 0.0007870 secs]4.069: [Train: 84903K->84903K(85056K), 0.0003530 secs] 85441K->85201K(85632K), 0.0017630 secs]
4.070: [GC 4.070: [DefNew: 549K->58K(576K), 0.0007840 secs]4.071: [Train: 84922K->84922K(85056K), 0.0003410 secs] 85453K->84981K(85632K), 0.0018470 secs]
4.072: [GC 4.073: [DefNew: 561K->62K(576K), 0.0008210 secs]4.073: [Train: 84993K->84993K(85120K), 0.0003890 secs] 85484K->85055K(85696K), 0.0018370 secs]
4.074: [GC 4.075: [DefNew: 564K->62K(576K), 0.0008210 secs] 85558K->85129K(85696K), 0.0014340 secs]
4.076: [GC 4.077: [DefNew: 564K->62K(576K), 0.0008200 secs]4.078: [Train: 85141K->85141K(85248K), 0.0003550 secs] 85631K->85203K(85824K), 0.0018030 secs]
4.078: [GC 4.079: [DefNew: 564K->62K(576K), 0.0008260 secs]4.080: [Train: 85216K->85216K(85376K), 0.0003550 secs] 85705K->85534K(85952K), 0.0018090 secs]
4.080: [GC 4.081: [DefNew: 569K->36K(576K), 0.0008230 secs]4.082: [Train: 85280K->85280K(85440K), 0.0003440 secs] 85786K->85658K(86016K), 0.0017930 secs]
4.082: [GC 4.083: [DefNew: 546K->32K(576K), 0.0007900 secs]4.084: [Train: 85316K->85316K(85440K), 0.0003610 secs] 85827K->85733K(86016K), 0.0017770 secs]
4.084: [GC 4.085: [DefNew: 543K->19K(576K), 0.0007810 secs]4.086: [Train: 85339K->85339K(85440K), 0.0003310 secs] 85860K->85743K(86016K), 0.0017390 secs]
4.086: [GC 4.087: [DefNew: 530K->49K(576K), 0.0007700 secs]4.087: [Train: 85339K->85339K(85440K), 0.0003330 secs] 85870K->85772K(86016K), 0.0017290 secs]
4.088: [GC 4.089: [DefNew: 557K->36K(576K), 0.0007850 secs]4.089: [Train: 85361K->85361K(85504K), 0.0003790 secs] 85896K->85781K(86080K), 0.0017910 secs]
4.090: [GC 4.090: [DefNew: 547K->45K(576K), 0.0007830 secs]4.091: [Train: 85380K->85380K(85504K), 0.0003340 secs] 85908K->85810K(86080K), 0.0017450 secs]
4.092: [GC 4.092: [DefNew: 553K->36K(576K), 0.0007800 secs]4.093: [Train: 85397K->85397K(85504K), 0.0003380 secs] 85934K->85774K(86080K), 0.0017460 secs]
4.094: [GC 4.094: [DefNew: 546K->49K(576K), 0.0007900 secs]4.095: [Train: 85418K->85418K(85568K), 0.0003510 secs] 85944K->85723K(86144K), 0.0017700 secs]
4.096: [GC 4.096: [DefNew: 559K->49K(576K), 0.0008550 secs]4.097: [Train: 85457K->85457K(85568K), 0.0003390 secs] 85978K->85506K(86144K), 0.0018230 secs]
4.098: [GC 4.099: [DefNew: 551K->62K(576K), 0.0008150 secs]4.099: [Train: 85518K->85518K(85632K), 0.0003680 secs] 86009K->85580K(86208K), 0.0018120 secs]
4.100: [GC 4.101: [DefNew: 564K->62K(576K), 0.0008380 secs] 86083K->85654K(86208K), 0.0014650 secs]
4.102: [GC 4.103: [DefNew: 564K->62K(576K), 0.0008440 secs]4.104: [Train: 85668K->85668K(85824K), 0.0003450 secs] 86156K->85730K(86400K), 0.0018240 secs]
4.104: [GC 4.105: [DefNew: 564K->62K(576K), 0.0008430 secs]4.106: [Train: 85741K->85741K(85888K), 0.0003570 secs] 86232K->86059K(86464K), 0.0018300 secs]
4.106: [GC 4.107: [DefNew: 569K->45K(576K), 0.0008100 secs]4.108: [Train: 85796K->85796K(85952K), 0.0003570 secs] 86311K->86183K(86528K), 0.0017990 secs]
4.108: [GC 4.109: [DefNew: 556K->22K(576K), 0.0008050 secs]4.110: [Train: 85832K->85832K(85952K), 0.0003450 secs] 86352K->86238K(86528K), 0.0017820 secs]
4.110: [GC 4.111: [DefNew: 534K->52K(576K), 0.0007740 secs]4.112: [Train: 85832K->85832K(85952K), 0.0003700 secs] 86366K->86268K(86528K), 0.0017750 secs]
4.112: [GC 4.113: [DefNew: 560K->36K(576K), 0.0007920 secs]4.114: [Train: 85856K->85856K(86016K), 0.0003890 secs] 86392K->86276K(86592K), 0.0018120 secs]
4.114: [GC 4.115: [DefNew: 547K->45K(576K), 0.0007870 secs]4.116: [Train: 85876K->85876K(86016K), 0.0003360 secs] 86403K->86306K(86592K), 0.0017550 secs]
4.116: [GC 4.117: [DefNew: 553K->36K(576K), 0.0007820 secs]4.117: [Train: 85892K->85892K(86016K), 0.0003730 secs] 86430K->86312K(86592K), 0.0017870 secs]
4.118: [GC 4.119: [DefNew: 547K->45K(576K), 0.0007870 secs]4.119: [Train: 85912K->85912K(86016K), 0.0003470 secs] 86439K->86299K(86592K), 0.0017660 secs]
4.120: [GC 4.120: [DefNew: 556K->42K(576K), 0.0007910 secs]4.121: [Train: 85930K->85930K(86080K), 0.0003470 secs] 86469K->86229K(86656K), 0.0017760 secs]
4.122: [GC 4.122: [DefNew: 549K->58K(576K), 0.0007890 secs]4.123: [Train: 85950K->85950K(86080K), 0.0003340 secs] 86480K->86009K(86656K), 0.0017550 secs]
4.124: [GC 4.125: [DefNew: 561K->62K(576K), 0.0008230 secs]4.126: [Train: 86020K->86020K(86144K), 0.0003520 secs] 86511K->86082K(86720K), 0.0018080 secs]
4.126: [GC 4.127: [DefNew: 564K->62K(576K), 0.0008310 secs] 86585K->86156K(86720K), 0.0014530 secs]
4.128: [GC 4.129: [DefNew: 564K->62K(576K), 0.0008380 secs]4.130: [Train: 86168K->86168K(86272K), 0.0003550 secs] 86659K->86230K(86848K), 0.0018280 secs]
4.131: [GC 4.131: [DefNew: 564K->62K(576K), 0.0008630 secs]4.132: [Train: 86244K->86244K(86400K), 0.0003480 secs] 86732K->86562K(86976K), 0.0018790 secs]
4.133: [GC 4.133: [DefNew: 569K->36K(576K), 0.0008250 secs]4.134: [Train: 86308K->86308K(86464K), 0.0003640 secs] 86813K->86685K(87040K), 0.0018240 secs]
4.135: [GC 4.135: [DefNew: 546K->32K(576K), 0.0007980 secs]4.136: [Train: 86344K->86344K(86464K), 0.0003530 secs] 86854K->86760K(87040K), 0.0017860 secs]
4.137: [GC 4.137: [DefNew: 543K->19K(576K), 0.0007960 secs]4.138: [Train: 86368K->86368K(86528K), 0.0003710 secs] 86887K->86772K(87104K), 0.0018030 secs]
4.138: [GC 4.139: [DefNew: 530K->49K(576K), 0.0007770 secs]4.140: [Train: 86368K->86368K(86528K), 0.0003280 secs] 86899K->86801K(87104K), 0.0017420 secs]
4.140: [GC 4.141: [DefNew: 557K->36K(576K), 0.0008020 secs]4.142: [Train: 86388K->86388K(86528K), 0.0005300 secs] 86925K->86808K(87104K), 0.0019680 secs]
4.142: [GC 4.143: [DefNew: 547K->45K(576K), 0.0007900 secs]4.144: [Train: 86408K->86408K(86528K), 0.0003500 secs] 86935K->86837K(87104K), 0.0017750 secs]
4.144: [GC 4.145: [DefNew: 553K->36K(576K), 0.0007900 secs]4.146: [Train: 86424K->86424K(86528K), 0.0003420 secs] 86961K->86801K(87104K), 0.0017680 secs]
4.146: [GC 4.147: [DefNew: 546K->49K(576K), 0.0007950 secs]4.148: [Train: 86445K->86445K(86592K), 0.0003520 secs] 86971K->86750K(87168K), 0.0017820 secs]
4.148: [GC 4.149: [DefNew: 559K->49K(576K), 0.0008020 secs]4.150: [Train: 86485K->86485K(86592K), 0.0003380 secs] 87005K->86534K(87168K), 0.0017770 secs]
4.151: [GC 4.151: [DefNew: 551K->62K(576K), 0.0008170 secs]4.152: [Train: 86545K->86545K(86656K), 0.0003520 secs] 87036K->86607K(87232K), 0.0018040 secs]
4.153: [GC 4.153: [DefNew: 564K->62K(576K), 0.0008350 secs] 87110K->86681K(87232K), 0.0014580 secs]
4.155: [GC 4.155: [DefNew: 564K->62K(576K), 0.0008450 secs]4.156: [Train: 86695K->86695K(86848K), 0.0003770 secs] 87184K->86757K(87424K), 0.0018660 secs]
4.157: [GC 4.157: [DefNew: 564K->62K(576K), 0.0008290 secs]4.158: [Train: 86769K->86769K(86912K), 0.0003580 secs] 87259K->87087K(87488K), 0.0018260 secs]
4.159: [GC 4.160: [DefNew: 569K->45K(576K), 0.0008120 secs]4.160: [Train: 86823K->86823K(86976K), 0.0003570 secs] 87338K->87210K(87552K), 0.0018080 secs]
4.161: [GC 4.162: [DefNew: 556K->22K(576K), 0.0008010 secs]4.162: [Train: 86859K->86859K(86976K), 0.0003510 secs] 87380K->87266K(87552K), 0.0017900 secs]
4.163: [GC 4.163: [DefNew: 534K->52K(576K), 0.0007810 secs]4.164: [Train: 86859K->86859K(86976K), 0.0003300 secs] 87393K->87295K(87552K), 0.0017490 secs]
4.165: [GC 4.165: [DefNew: 560K->36K(576K), 0.0008100 secs]4.166: [Train: 86884K->86884K(87040K), 0.0003440 secs] 87419K->87304K(87616K), 0.0017920 secs]
4.167: [GC 4.167: [DefNew: 547K->45K(576K), 0.0007920 secs]4.168: [Train: 86903K->86903K(87040K), 0.0003290 secs] 87431K->87333K(87616K), 0.0017570 secs]
4.169: [GC 4.169: [DefNew: 553K->36K(576K), 0.0007930 secs]4.170: [Train: 86920K->86920K(87040K), 0.0003450 secs] 87457K->87340K(87616K), 0.0017750 secs]
4.170: [GC 4.171: [DefNew: 547K->45K(576K), 0.0007920 secs]4.172: [Train: 86939K->86939K(87040K), 0.0003260 secs] 87467K->87326K(87616K), 0.0017550 secs]
4.172: [GC 4.173: [DefNew: 556K->42K(576K), 0.0008010 secs]4.174: [Train: 86957K->86957K(87104K), 0.0003340 secs] 87496K->87256K(87680K), 0.0017720 secs]
4.174: [GC 4.175: [DefNew: 549K->58K(576K), 0.0007930 secs]4.176: [Train: 86977K->86977K(87104K), 0.0003460 secs] 87507K->87036K(87680K), 0.0017770 secs]
4.177: [GC 4.177: [DefNew: 561K->62K(576K), 0.0008320 secs]4.178: [Train: 87048K->87048K(87168K), 0.0003500 secs] 87538K->87110K(87744K), 0.0018220 secs]
4.179: [GC 4.179: [DefNew: 564K->62K(576K), 0.0008250 secs] 87612K->87184K(87744K), 0.0014520 secs]
4.181: [GC 4.181: [DefNew: 564K->62K(576K), 0.0008470 secs]4.182: [Train: 87195K->87195K(87296K), 0.0003580 secs] 87686K->87257K(87872K), 0.0018470 secs]
4.183: [GC 4.184: [DefNew: 564K->62K(576K), 0.0008380 secs]4.184: [Train: 87271K->87271K(87424K), 0.0003500 secs] 87760K->87589K(88000K), 0.0018300 secs]
4.185: [GC 4.186: [DefNew: 569K->36K(576K), 0.0008270 secs]4.186: [Train: 87335K->87335K(87488K), 0.0003640 secs] 87840K->87712K(88064K), 0.0018350 secs]
4.187: [GC 4.188: [DefNew: 546K->32K(576K), 0.0007990 secs]4.188: [Train: 87371K->87371K(87488K), 0.0003430 secs] 87882K->87787K(88064K), 0.0017830 secs]
4.189: [GC 4.190: [DefNew: 543K->19K(576K), 0.0008370 secs]4.190: [Train: 87396K->87396K(87552K), 0.0003430 secs] 87915K->87799K(88128K), 0.0018210 secs]
4.191: [GC 4.192: [DefNew: 530K->49K(576K), 0.0007850 secs]4.192: [Train: 87396K->87396K(87552K), 0.0003310 secs] 87926K->87829K(88128K), 0.0017570 secs]
4.193: [GC 4.193: [DefNew: 557K->36K(576K), 0.0007990 secs]4.194: [Train: 87415K->87415K(87552K), 0.0003330 secs] 87953K->87835K(88128K), 0.0017720 secs]
4.195: [GC 4.195: [DefNew: 547K->45K(576K), 0.0007960 secs]4.196: [Train: 87435K->87435K(87552K), 0.0003390 secs] 87962K->87865K(88128K), 0.0017750 secs]
4.197: [GC 4.197: [DefNew: 553K->36K(576K), 0.0007980 secs]4.198: [Train: 87451K->87451K(87552K), 0.0003300 secs] 87989K->87829K(88128K), 0.0017690 secs]
4.199: [GC 4.199: [DefNew: 546K->49K(576K), 0.0007990 secs]4.200: [Train: 87473K->87473K(87616K), 0.0003520 secs] 87998K->87778K(88192K), 0.0017940 secs]
4.201: [GC 4.201: [DefNew: 559K->49K(576K), 0.0008160 secs]4.202: [Train: 87512K->87512K(87616K), 0.0003600 secs] 88032K->87561K(88192K), 0.0018180 secs]
4.203: [GC 4.203: [DefNew: 551K->62K(576K), 0.0008220 secs]4.204: [Train: 87573K->87573K(87680K), 0.0003770 secs] 88063K->87635K(88256K), 0.0018410 secs]
4.205: [GC 4.206: [DefNew: 564K->62K(576K), 0.0008450 secs] 88137K->87710K(88320K), 0.0014820 secs]
4.207: [GC 4.208: [DefNew: 564K->62K(576K), 0.0008460 secs]4.208: [Train: 87722K->87722K(87872K), 0.0003560 secs] 88213K->87784K(88448K), 0.0018480 secs]
4.209: [GC 4.210: [DefNew: 564K->62K(576K), 0.0008350 secs]4.211: [Train: 87796K->87796K(87936K), 0.0003480 secs] 88287K->88114K(88512K), 0.0018420 secs]
4.211: [GC 4.212: [DefNew: 569K->45K(576K), 0.0008190 secs]4.213: [Train: 87850K->87850K(88000K), 0.0003450 secs] 88365K->88237K(88576K), 0.0018080 secs]
4.213: [GC 4.214: [DefNew: 556K->22K(576K), 0.0008060 secs]4.215: [Train: 87886K->87886K(88000K), 0.0003380 secs] 88407K->88293K(88576K), 0.0018240 secs]
4.215: [GC 4.216: [DefNew: 534K->52K(576K), 0.0007880 secs]4.217: [Train: 87886K->87886K(88000K), 0.0003580 secs] 88420K->88322K(88576K), 0.0017900 secs]
4.217: [GC 4.218: [DefNew: 560K->36K(576K), 0.0008040 secs]4.219: [Train: 87911K->87911K(88064K), 0.0003500 secs] 88446K->88331K(88640K), 0.0018040 secs]
4.219: [GC 4.220: [DefNew: 547K->45K(576K), 0.0008000 secs]4.221: [Train: 87930K->87930K(88064K), 0.0003320 secs] 88458K->88360K(88640K), 0.0017770 secs]
4.221: [GC 4.222: [DefNew: 553K->36K(576K), 0.0008010 secs]4.222: [Train: 87947K->87947K(88064K), 0.0003390 secs] 88484K->88367K(88640K), 0.0017850 secs]
4.223: [GC 4.224: [DefNew: 547K->45K(576K), 0.0008030 secs]4.224: [Train: 87968K->87968K(88128K), 0.0003610 secs] 88494K->88355K(88704K), 0.0018100 secs]
4.225: [GC 4.226: [DefNew: 556K->42K(576K), 0.0008100 secs]4.226: [Train: 87985K->87985K(88128K), 0.0003390 secs] 88525K->88283K(88704K), 0.0017940 secs]
4.227: [GC 4.228: [DefNew: 549K->58K(576K), 0.0008010 secs]4.228: [Train: 88004K->88004K(88128K), 0.0003460 secs] 88534K->88063K(88704K), 0.0017930 secs]
4.229: [GC 4.230: [DefNew: 561K->62K(576K), 0.0008310 secs]4.231: [Train: 88075K->88075K(88192K), 0.0003660 secs] 88566K->88137K(88768K), 0.0018500 secs]
4.231: [GC 4.232: [DefNew: 564K->62K(576K), 0.0008320 secs] 88639K->88211K(88768K), 0.0014680 secs]
4.233: [GC 4.234: [DefNew: 564K->62K(576K), 0.0008710 secs]4.235: [Train: 88224K->88224K(88384K), 0.0003620 secs] 88713K->88286K(88960K), 0.0018920 secs]
4.236: [GC 4.236: [DefNew: 571K->62K(576K), 0.0022140 secs]4.238: [Train: 88503K->88503K(88640K), 0.0004210 secs] 88795K->88821K(89216K), 0.0032910 secs]
4.239: [GC 4.240: [DefNew: 569K->45K(576K), 0.0008270 secs]4.241: [Train: 88557K->88557K(88704K), 0.0003750 secs] 89073K->88944K(89280K), 0.0018530 secs]
4.241: [GC 4.242: [DefNew: 556K->22K(576K), 0.0009970 secs]4.243: [Train: 88593K->88593K(88704K), 0.0003770 secs] 89114K->89000K(89280K), 0.0020310 secs]
4.243: [GC 4.244: [DefNew: 534K->52K(576K), 0.0007950 secs]4.245: [Train: 88593K->88593K(88704K), 0.0003900 secs] 89127K->89030K(89280K), 0.0018340 secs]
4.245: [GC 4.246: [DefNew: 560K->36K(576K), 0.0008080 secs]4.247: [Train: 88618K->88618K(88768K), 0.0003720 secs] 89154K->89038K(89344K), 0.0018360 secs]
4.247: [GC 4.248: [DefNew: 547K->45K(576K), 0.0008020 secs]4.249: [Train: 88638K->88638K(88768K), 0.0003670 secs] 89165K->89067K(89344K), 0.0018180 secs]
4.249: [GC 4.250: [DefNew: 553K->36K(576K), 0.0008010 secs]4.251: [Train: 88654K->88654K(88768K), 0.0003810 secs] 89191K->89074K(89344K), 0.0018440 secs]
4.251: [GC 4.252: [DefNew: 547K->45K(576K), 0.0008070 secs]4.253: [Train: 88676K->88676K(88832K), 0.0003630 secs] 89201K->89105K(89408K), 0.0018220 secs]
4.253: [GC 4.254: [DefNew: 553K->36K(576K), 0.0008000 secs]4.255: [Train: 88692K->88692K(88832K), 0.0003610 secs] 89229K->89112K(89408K), 0.0018170 secs]
4.255: [GC 4.256: [DefNew: 547K->45K(576K), 0.0008040 secs]4.257: [Train: 88712K->88712K(88832K), 0.0003650 secs] 89239K->89141K(89408K), 0.0018190 secs]
4.257: [GC 4.258: [DefNew: 553K->36K(576K), 0.0008000 secs]4.258: [Train: 88728K->88728K(88832K), 0.0003600 secs] 89265K->89148K(89408K), 0.0018170 secs]
4.259: [GC 4.260: [DefNew: 547K->45K(576K), 0.0008090 secs]4.260: [Train: 88749K->88749K(88896K), 0.0003590 secs] 89275K->89179K(89472K), 0.0018200 secs]
4.261: [GC 4.262: [DefNew: 553K->36K(576K), 0.0008120 secs]4.262: [Train: 88766K->88766K(88896K), 0.0003370 secs] 89303K->89186K(89472K), 0.0018010 secs]
4.263: [GC 4.263: [DefNew: 547K->45K(576K), 0.0008030 secs]4.264: [Train: 88785K->88785K(88896K), 0.0003320 secs] 89313K->89172K(89472K), 0.0017870 secs]
4.265: [GC 4.265: [DefNew: 556K->42K(576K), 0.0008120 secs]4.266: [Train: 88804K->88804K(88960K), 0.0003530 secs] 89342K->89102K(89536K), 0.0018230 secs]
4.267: [GC 4.268: [DefNew: 549K->58K(576K), 0.0008050 secs]4.268: [Train: 88823K->88823K(88960K), 0.0003740 secs] 89353K->88882K(89536K), 0.0018320 secs]
4.269: [GC 4.270: [DefNew: 561K->62K(576K), 0.0008370 secs]4.271: [Train: 88894K->88894K(89024K), 0.0003700 secs] 89384K->88956K(89600K), 0.0018650 secs]
4.271: [GC 4.272: [DefNew: 564K->62K(576K), 0.0008350 secs] 89458K->89030K(89600K), 0.0014740 secs]
4.273: [GC 4.274: [DefNew: 564K->62K(576K), 0.0160740 secs]4.290: [Train: 89041K->89041K(89152K), 0.0003960 secs] 89532K->89104K(89728K), 0.0171610 secs]
4.291: [GC 4.292: [DefNew: 564K->62K(576K), 0.0008450 secs]4.292: [Train: 89115K->89115K(89216K), 0.0003470 secs] 89606K->89433K(89792K), 0.0018490 secs]
4.293: [GC 4.294: [DefNew: 569K->36K(576K), 0.0008300 secs]4.295: [Train: 89179K->89179K(89280K), 0.0003500 secs] 89685K->89557K(89856K), 0.0018410 secs]
4.295: [GC 4.296: [DefNew: 546K->32K(576K), 0.0008180 secs]4.297: [Train: 89217K->89217K(89344K), 0.0003520 secs] 89726K->89634K(89920K), 0.0018230 secs]
4.297: [GC 4.298: [DefNew: 543K->19K(576K), 0.0008190 secs]4.298: [Train: 89240K->89240K(89344K), 0.0003940 secs] 89761K->89644K(89920K), 0.0018680 secs]
4.299: [GC 4.300: [DefNew: 530K->49K(576K), 0.0007980 secs]4.300: [Train: 89240K->89240K(89344K), 0.0003490 secs] 89771K->89673K(89920K), 0.0018010 secs]
4.301: [GC 4.302: [DefNew: 557K->36K(576K), 0.0008180 secs]4.302: [Train: 89261K->89261K(89408K), 0.0003490 secs] 89797K->89681K(89984K), 0.0018220 secs]
4.303: [GC 4.304: [DefNew: 547K->45K(576K), 0.0008080 secs]4.304: [Train: 89281K->89281K(89408K), 0.0003560 secs] 89809K->89711K(89984K), 0.0018160 secs]
4.305: [GC 4.305: [DefNew: 553K->36K(576K), 0.0008100 secs]4.306: [Train: 89297K->89297K(89408K), 0.0003620 secs] 89835K->89675K(89984K), 0.0018240 secs]
4.307: [GC 4.307: [DefNew: 546K->49K(576K), 0.0008130 secs]4.308: [Train: 89319K->89319K(89472K), 0.0003620 secs] 89844K->89624K(90048K), 0.0018280 secs]
4.309: [GC 4.310: [DefNew: 559K->49K(576K), 0.0008360 secs]4.310: [Train: 89358K->89358K(89472K), 0.0003570 secs] 89878K->89407K(90048K), 0.0018470 secs]
4.311: [GC 4.312: [DefNew: 551K->62K(576K), 0.0008340 secs]4.313: [Train: 89419K->89419K(89536K), 0.0003740 secs] 89910K->89481K(90112K), 0.0018620 secs]
4.314: [GC 4.314: [DefNew: 564K->62K(576K), 0.0008530 secs] 89983K->89555K(90112K), 0.0015050 secs]
4.315: [GC 4.316: [DefNew: 564K->62K(576K), 0.0008990 secs]4.317: [Train: 89568K->89568K(89728K), 0.0003810 secs] 90057K->89630K(90304K), 0.0019480 secs]
4.318: [GC 4.319: [DefNew: 564K->62K(576K), 0.0008940 secs]4.319: [Train: 89642K->89642K(89792K), 0.0003720 secs] 90133K->89960K(90368K), 0.0019750 secs]
4.320: [GC 4.321: [DefNew: 569K->45K(576K), 0.0008360 secs]4.322: [Train: 89696K->89696K(89856K), 0.0003830 secs] 90211K->90083K(90432K), 0.0018790 secs]
4.322: [GC 4.323: [DefNew: 556K->22K(576K), 0.0008160 secs]4.324: [Train: 89732K->89732K(89856K), 0.0003370 secs] 90253K->90139K(90432K), 0.0018090 secs]
4.324: [GC 4.325: [DefNew: 534K->52K(576K), 0.0008030 secs]4.326: [Train: 89732K->89732K(89856K), 0.0003310 secs] 90266K->90169K(90432K), 0.0017910 secs]
4.326: [GC 4.327: [DefNew: 560K->36K(576K), 0.0008120 secs]4.327: [Train: 89755K->89755K(89856K), 0.0003680 secs] 90293K->90175K(90432K), 0.0018350 secs]
4.328: [GC 4.329: [DefNew: 547K->45K(576K), 0.0008150 secs]4.329: [Train: 89777K->89777K(89920K), 0.0003540 secs] 90302K->90206K(90496K), 0.0018280 secs]
4.330: [GC 4.331: [DefNew: 553K->36K(576K), 0.0008110 secs]4.331: [Train: 89793K->89793K(89920K), 0.0003430 secs] 90330K->90213K(90496K), 0.0018110 secs]
4.332: [GC 4.332: [DefNew: 547K->45K(576K), 0.0008110 secs]4.333: [Train: 89813K->89813K(89920K), 0.0004010 secs] 90340K->90200K(90496K), 0.0018700 secs]
4.334: [GC 4.335: [DefNew: 556K->42K(576K), 0.0008340 secs]4.335: [Train: 89831K->89831K(89984K), 0.0003500 secs] 90369K->90129K(90560K), 0.0018590 secs]
4.336: [GC 4.337: [DefNew: 549K->58K(576K), 0.0008140 secs]4.337: [Train: 89850K->89850K(89984K), 0.0003820 secs] 90381K->89909K(90560K), 0.0018550 secs]
4.338: [GC 4.339: [DefNew: 561K->62K(576K), 0.0008460 secs]4.340: [Train: 89921K->89921K(90048K), 0.0003830 secs] 90412K->89983K(90624K), 0.0018870 secs]
4.341: [GC 4.341: [DefNew: 564K->62K(576K), 0.0008580 secs] 90486K->90057K(90624K), 0.0015080 secs]
4.343: [GC 4.343: [DefNew: 564K->62K(576K), 0.0008660 secs]4.344: [Train: 90069K->90069K(90176K), 0.0003740 secs] 90559K->90131K(90752K), 0.0019990 secs]
4.345: [GC 4.346: [DefNew: 564K->62K(576K), 0.0008870 secs]4.347: [Train: 90144K->90144K(90304K), 0.0003770 secs] 90633K->90462K(90880K), 0.0019260 secs]
4.347: [GC 4.348: [DefNew: 569K->36K(576K), 0.0008450 secs]4.349: [Train: 90208K->90208K(90368K), 0.0003950 secs] 90714K->90586K(90944K), 0.0019000 secs]
4.349: [GC 4.350: [DefNew: 546K->32K(576K), 0.0008240 secs]4.351: [Train: 90244K->90244K(90368K), 0.0003640 secs] 90755K->90661K(90944K), 0.0018680 secs]
4.351: [GC 4.352: [DefNew: 543K->19K(576K), 0.0008180 secs]4.353: [Train: 90267K->90267K(90368K), 0.0003900 secs] 90788K->90671K(90944K), 0.0018700 secs]
4.353: [GC 4.354: [DefNew: 530K->49K(576K), 0.0008040 secs]4.355: [Train: 90267K->90267K(90368K), 0.0003720 secs] 90798K->90700K(90944K), 0.0018490 secs]
4.355: [GC 4.356: [DefNew: 557K->36K(576K), 0.0008190 secs]4.357: [Train: 90289K->90289K(90432K), 0.0003640 secs] 90824K->90709K(91008K), 0.0018440 secs]
4.357: [GC 4.358: [DefNew: 547K->45K(576K), 0.0008170 secs]4.359: [Train: 90308K->90308K(90432K), 0.0003630 secs] 90836K->90738K(91008K), 0.0018570 secs]
4.359: [GC 4.360: [DefNew: 553K->36K(576K), 0.0008140 secs]4.361: [Train: 90325K->90325K(90432K), 0.0003480 secs] 90862K->90702K(91008K), 0.0018240 secs]
4.361: [GC 4.362: [DefNew: 546K->49K(576K), 0.0008230 secs]4.363: [Train: 90346K->90346K(90496K), 0.0003530 secs] 90872K->90651K(91072K), 0.0018540 secs]
4.363: [GC 4.364: [DefNew: 559K->49K(576K), 0.0008320 secs]4.365: [Train: 90385K->90385K(90496K), 0.0003800 secs] 90906K->90434K(91072K), 0.0018740 secs]
4.366: [GC 4.366: [DefNew: 551K->62K(576K), 0.0008520 secs]4.367: [Train: 90446K->90446K(90560K), 0.0003480 secs] 90937K->90508K(91136K), 0.0018690 secs]
4.368: [GC 4.368: [DefNew: 564K->62K(576K), 0.0008610 secs] 91011K->90582K(91136K), 0.0015120 secs]
4.370: [GC 4.370: [DefNew: 564K->62K(576K), 0.0008690 secs]4.371: [Train: 90596K->90596K(90752K), 0.0003450 secs] 91084K->90658K(91328K), 0.0018780 secs]
4.372: [GC 4.373: [DefNew: 564K->62K(576K), 0.0008610 secs]4.374: [Train: 90669K->90669K(90816K), 0.0003580 secs] 91160K->90987K(91392K), 0.0018830 secs]
4.374: [GC 4.375: [DefNew: 569K->45K(576K), 0.0008470 secs]4.376: [Train: 90724K->90724K(90880K), 0.0003820 secs] 91239K->91111K(91456K), 0.0018930 secs]
4.376: [GC 4.377: [DefNew: 556K->22K(576K), 0.0008320 secs]4.378: [Train: 90760K->90760K(90880K), 0.0003810 secs] 91280K->91166K(91456K), 0.0018770 secs]
4.378: [GC 4.379: [DefNew: 534K->52K(576K), 0.0008090 secs]4.380: [Train: 90760K->90760K(90880K), 0.0003580 secs] 91294K->91196K(91456K), 0.0018310 secs]
4.380: [GC 4.381: [DefNew: 560K->36K(576K), 0.0008430 secs]4.382: [Train: 90784K->90784K(90944K), 0.0003550 secs] 91320K->91204K(91520K), 0.0018640 secs]
4.382: [GC 4.383: [DefNew: 547K->45K(576K), 0.0008200 secs]4.384: [Train: 90804K->90804K(90944K), 0.0003660 secs] 91331K->91234K(91520K), 0.0018520 secs]
4.384: [GC 4.385: [DefNew: 553K->36K(576K), 0.0008240 secs]4.386: [Train: 90820K->90820K(90944K), 0.0003550 secs] 91358K->91240K(91520K), 0.0018440 secs]
4.386: [GC 4.387: [DefNew: 547K->45K(576K), 0.0008250 secs]4.388: [Train: 90840K->90840K(90944K), 0.0003560 secs] 91367K->91227K(91520K), 0.0018460 secs]
4.388: [GC 4.389: [DefNew: 556K->42K(576K), 0.0008290 secs]4.390: [Train: 90858K->90858K(91008K), 0.0003660 secs] 91397K->91157K(91584K), 0.0018600 secs]
4.390: [GC 4.391: [DefNew: 549K->58K(576K), 0.0008210 secs]4.392: [Train: 90878K->90878K(91008K), 0.0003480 secs] 91408K->90937K(91584K), 0.0018350 secs]
4.393: [GC 4.393: [DefNew: 561K->62K(576K), 0.0008650 secs]4.394: [Train: 90948K->90948K(91072K), 0.0003580 secs] 91439K->91010K(91648K), 0.0018900 secs]
4.395: [GC 4.396: [DefNew: 564K->62K(576K), 0.0008520 secs] 91513K->91084K(91648K), 0.0015140 secs]
4.397: [GC 4.397: [DefNew: 564K->62K(576K), 0.0008750 secs]4.398: [Train: 91096K->91096K(91200K), 0.0003880 secs] 91587K->91158K(91776K), 0.0019300 secs]
4.399: [GC 4.400: [DefNew: 564K->62K(576K), 0.0008610 secs]4.401: [Train: 91172K->91172K(91328K), 0.0003960 secs] 91660K->91490K(91904K), 0.0019260 secs]
4.401: [GC 4.402: [DefNew: 569K->36K(576K), 0.0008430 secs]4.403: [Train: 91236K->91236K(91392K), 0.0003800 secs] 91741K->91613K(91968K), 0.0018970 secs]
4.403: [GC 4.404: [DefNew: 546K->32K(576K), 0.0008280 secs]4.405: [Train: 91272K->91272K(91392K), 0.0003560 secs] 91782K->91688K(91968K), 0.0018530 secs]
4.405: [GC 4.406: [DefNew: 543K->19K(576K), 0.0008280 secs]4.407: [Train: 91296K->91296K(91456K), 0.0003790 secs] 91815K->91700K(92032K), 0.0018890 secs]
4.407: [GC 4.408: [DefNew: 530K->49K(576K), 0.0008140 secs]4.409: [Train: 91296K->91296K(91456K), 0.0003770 secs] 91827K->91729K(92032K), 0.0018620 secs]
4.409: [GC 4.410: [DefNew: 557K->36K(576K), 0.0008210 secs]4.411: [Train: 91316K->91316K(91456K), 0.0003580 secs] 91853K->91736K(92032K), 0.0018540 secs]
4.411: [GC 4.412: [DefNew: 547K->45K(576K), 0.0008210 secs]4.413: [Train: 91336K->91336K(91456K), 0.0003490 secs] 91863K->91765K(92032K), 0.0018390 secs]
4.413: [GC 4.414: [DefNew: 553K->36K(576K), 0.0008180 secs]4.415: [Train: 91352K->91352K(91456K), 0.0003290 secs] 91889K->91729K(92032K), 0.0018220 secs]
4.415: [GC 4.416: [DefNew: 546K->49K(576K), 0.0008270 secs]4.417: [Train: 91373K->91373K(91520K), 0.0003870 secs] 91899K->91678K(92096K), 0.0018840 secs]
4.418: [GC 4.418: [DefNew: 559K->49K(576K), 0.0008320 secs]4.419: [Train: 91413K->91413K(91520K), 0.0003560 secs] 91933K->91462K(92096K), 0.0018710 secs]
4.420: [GC 4.420: [DefNew: 551K->62K(576K), 0.0008520 secs]4.421: [Train: 91473K->91473K(91584K), 0.0003670 secs] 91964K->91535K(92160K), 0.0018900 secs]
4.422: [GC 4.423: [DefNew: 564K->62K(576K), 0.0008570 secs] 92038K->91609K(92160K), 0.0015130 secs]
4.424: [GC 4.425: [DefNew: 564K->62K(576K), 0.0008800 secs]4.426: [Train: 91623K->91623K(91776K), 0.0004110 secs] 92112K->91685K(92352K), 0.0019610 secs]
4.426: [GC 4.427: [DefNew: 564K->62K(576K), 0.0008570 secs]4.428: [Train: 91697K->91697K(91840K), 0.0003620 secs] 92187K->92015K(92416K), 0.0018910 secs]
4.429: [GC 4.429: [DefNew: 569K->45K(576K), 0.0008580 secs]4.430: [Train: 91751K->91751K(91904K), 0.0003860 secs] 92266K->92138K(92480K), 0.0019170 secs]
4.431: [GC 4.431: [DefNew: 556K->22K(576K), 0.0008300 secs]4.432: [Train: 91787K->91787K(91904K), 0.0003520 secs] 92308K->92194K(92480K), 0.0018540 secs]
4.433: [GC 4.433: [DefNew: 534K->52K(576K), 0.0008220 secs]4.434: [Train: 91787K->91787K(91904K), 0.0003710 secs] 92321K->92223K(92480K), 0.0018660 secs]
4.435: [GC 4.435: [DefNew: 560K->36K(576K), 0.0008350 secs]4.436: [Train: 91812K->91812K(91968K), 0.0003730 secs] 92347K->92232K(92544K), 0.0018830 secs]
4.437: [GC 4.437: [DefNew: 547K->45K(576K), 0.0008340 secs]4.438: [Train: 91831K->91831K(91968K), 0.0003440 secs] 92359K->92261K(92544K), 0.0018510 secs]
4.439: [GC 4.439: [DefNew: 553K->36K(576K), 0.0008240 secs]4.440: [Train: 91848K->91848K(91968K), 0.0003420 secs] 92385K->92268K(92544K), 0.0018390 secs]
4.441: [GC 4.441: [DefNew: 547K->45K(576K), 0.0008440 secs]4.442: [Train: 91867K->91867K(91968K), 0.0003670 secs] 92395K->92297K(92544K), 0.0018840 secs]
4.443: [GC 4.443: [DefNew: 553K->36K(576K), 0.0008290 secs]4.444: [Train: 91885K->91885K(92032K), 0.0003770 secs] 92421K->92263K(92608K), 0.0018790 secs]
4.445: [GC 4.445: [DefNew: 546K->49K(576K), 0.0008340 secs]4.446: [Train: 91905K->91905K(92032K), 0.0003820 secs] 92432K->92210K(92608K), 0.0018860 secs]
4.447: [GC 4.447: [DefNew: 559K->49K(576K), 0.0008410 secs]4.448: [Train: 91946K->91946K(92096K), 0.0003760 secs] 92465K->91995K(92672K), 0.0018880 secs]
4.449: [GC 4.450: [DefNew: 551K->62K(576K), 0.0008570 secs]4.451: [Train: 92007K->92007K(92160K), 0.0003840 secs] 92498K->92069K(92736K), 0.0019200 secs]
4.452: [GC 4.452: [DefNew: 564K->62K(576K), 0.0008600 secs] 92571K->92143K(92736K), 0.0015200 secs]
4.453: [GC 4.454: [DefNew: 564K->62K(576K), 0.0008820 secs]4.455: [Train: 92154K->92154K(92288K), 0.0003470 secs] 92645K->92217K(92864K), 0.0019190 secs]
4.456: [GC 4.456: [DefNew: 564K->62K(576K), 0.0008600 secs]4.457: [Train: 92228K->92228K(92352K), 0.0004130 secs] 92719K->92546K(92928K), 0.0019490 secs]
4.458: [GC 4.459: [DefNew: 569K->45K(576K), 0.0008500 secs]4.459: [Train: 92282K->92282K(92416K), 0.0003460 secs] 92798K->92670K(92992K), 0.0018710 secs]
4.460: [GC 4.461: [DefNew: 556K->22K(576K), 0.0008380 secs]4.461: [Train: 92320K->92320K(92480K), 0.0003620 secs] 92839K->92727K(93056K), 0.0018750 secs]
4.462: [GC 4.463: [DefNew: 534K->52K(576K), 0.0008190 secs]4.463: [Train: 92320K->92320K(92480K), 0.0003650 secs] 92854K->92757K(93056K), 0.0018590 secs]
4.464: [GC 4.465: [DefNew: 560K->36K(576K), 0.0008300 secs]4.465: [Train: 92343K->92343K(92480K), 0.0004060 secs] 92881K->92763K(93056K), 0.0019100 secs]
4.466: [GC 4.467: [DefNew: 547K->45K(576K), 0.0008280 secs]4.468: [Train: 92363K->92363K(92480K), 0.0003460 secs] 92890K->92793K(93056K), 0.0018490 secs]
4.468: [GC 4.469: [DefNew: 553K->36K(576K), 0.0008270 secs]4.469: [Train: 92379K->92379K(92480K), 0.0003790 secs] 92917K->92799K(93056K), 0.0018790 secs]
4.470: [GC 4.471: [DefNew: 547K->45K(576K), 0.0008330 secs]4.472: [Train: 92401K->92401K(92544K), 0.0003500 secs] 92926K->92788K(93120K), 0.0018580 secs]
4.472: [GC 4.473: [DefNew: 556K->42K(576K), 0.0008290 secs]4.474: [Train: 92417K->92417K(92544K), 0.0003920 secs] 92957K->92716K(93120K), 0.0018950 secs]
4.474: [GC 4.475: [DefNew: 549K->58K(576K), 0.0008320 secs]4.476: [Train: 92437K->92437K(92544K), 0.0003610 secs] 92967K->92496K(93120K), 0.0018680 secs]
4.477: [GC 4.477: [DefNew: 561K->62K(576K), 0.0008740 secs]4.478: [Train: 92507K->92507K(92608K), 0.0003700 secs] 92998K->92569K(93184K), 0.0019210 secs]
4.479: [GC 4.479: [DefNew: 564K->62K(576K), 0.0008830 secs] 93072K->92645K(93248K), 0.0015520 secs]
4.481: [GC 4.481: [DefNew: 564K->62K(576K), 0.0008830 secs]4.482: [Train: 92657K->92657K(92800K), 0.0003990 secs] 93147K->92719K(93376K), 0.0019610 secs]
4.483: [GC 4.484: [DefNew: 564K->62K(576K), 0.0008750 secs]4.485: [Train: 92730K->92730K(92864K), 0.0003860 secs] 93221K->93049K(93440K), 0.0019400 secs]
4.485: [GC 4.486: [DefNew: 569K->36K(576K), 0.0008640 secs]4.487: [Train: 92794K->92794K(92928K), 0.0003870 secs] 93300K->93172K(93504K), 0.0019360 secs]
4.487: [GC 4.488: [DefNew: 546K->32K(576K), 0.0008490 secs]4.489: [Train: 92832K->92832K(92992K), 0.0003960 secs] 93341K->93249K(93568K), 0.0019220 secs]
4.490: [GC 4.490: [DefNew: 543K->19K(576K), 0.0008410 secs]4.491: [Train: 92855K->92855K(92992K), 0.0003830 secs] 93376K->93259K(93568K), 0.0019200 secs]
4.492: [GC 4.492: [DefNew: 530K->49K(576K), 0.0008280 secs]4.493: [Train: 92855K->92855K(92992K), 0.0003780 secs] 93386K->93288K(93568K), 0.0018890 secs]
4.494: [GC 4.494: [DefNew: 557K->36K(576K), 0.0008450 secs]4.495: [Train: 92875K->92875K(92992K), 0.0003630 secs] 93412K->93295K(93568K), 0.0019030 secs]
4.496: [GC 4.496: [DefNew: 547K->45K(576K), 0.0008410 secs]4.497: [Train: 92896K->92896K(93056K), 0.0003540 secs] 93422K->93326K(93632K), 0.0018730 secs]
4.498: [GC 4.498: [DefNew: 553K->36K(576K), 0.0008330 secs]4.499: [Train: 92913K->92913K(93056K), 0.0003810 secs] 93450K->93290K(93632K), 0.0018930 secs]
4.500: [GC 4.500: [DefNew: 546K->49K(576K), 0.0008360 secs]4.501: [Train: 92932K->92932K(93056K), 0.0003580 secs] 93460K->93237K(93632K), 0.0018720 secs]
4.502: [GC 4.502: [DefNew: 559K->49K(576K), 0.0008560 secs]4.503: [Train: 92973K->92973K(93120K), 0.0003650 secs] 93492K->93022K(93696K), 0.0019000 secs]
4.504: [GC 4.505: [DefNew: 551K->62K(576K), 0.0008760 secs]4.506: [Train: 93034K->93034K(93184K), 0.0003510 secs] 93525K->93096K(93760K), 0.0019080 secs]
4.507: [GC 4.507: [DefNew: 564K->62K(576K), 0.0008840 secs] 93599K->93170K(93760K), 0.0015530 secs]
4.509: [GC 4.509: [DefNew: 564K->62K(576K), 0.0008950 secs]4.510: [Train: 93182K->93182K(93312K), 0.0003560 secs] 93672K->93244K(93888K), 0.0019330 secs]
4.511: [GC 4.511: [DefNew: 564K->62K(576K), 0.0008790 secs]4.512: [Train: 93256K->93256K(93376K), 0.0003810 secs] 93746K->93574K(93952K), 0.0019480 secs]
4.513: [GC 4.514: [DefNew: 569K->45K(576K), 0.0008680 secs]4.515: [Train: 93310K->93310K(93440K), 0.0003430 secs] 93825K->93697K(94016K), 0.0019060 secs]
4.515: [GC 4.516: [DefNew: 556K->22K(576K), 0.0008550 secs]4.517: [Train: 93348K->93348K(93504K), 0.0003680 secs] 93866K->93754K(94080K), 0.0019070 secs]
4.517: [GC 4.518: [DefNew: 534K->52K(576K), 0.0008280 secs]4.519: [Train: 93348K->93348K(93504K), 0.0003510 secs] 93882K->93784K(94080K), 0.0018660 secs]
4.519: [GC 4.520: [DefNew: 560K->36K(576K), 0.0008410 secs]4.521: [Train: 93370K->93370K(93504K), 0.0003490 secs] 93908K->93790K(94080K), 0.0018740 secs]
4.521: [GC 4.522: [DefNew: 547K->45K(576K), 0.0008440 secs]4.523: [Train: 93390K->93390K(93504K), 0.0003690 secs] 93918K->93820K(94080K), 0.0019030 secs]
4.523: [GC 4.524: [DefNew: 553K->36K(576K), 0.0008400 secs]4.525: [Train: 93408K->93408K(93568K), 0.0003620 secs] 93944K->93828K(94144K), 0.0018860 secs]
4.525: [GC 4.526: [DefNew: 547K->45K(576K), 0.0008440 secs]4.527: [Train: 93428K->93428K(93568K), 0.0003610 secs] 93955K->93815K(94144K), 0.0019130 secs]
4.527: [GC 4.528: [DefNew: 556K->42K(576K), 0.0008430 secs]4.529: [Train: 93444K->93444K(93568K), 0.0003770 secs] 93985K->93743K(94144K), 0.0019040 secs]
4.529: [GC 4.530: [DefNew: 549K->58K(576K), 0.0008480 secs]4.531: [Train: 93464K->93464K(93568K), 0.0003900 secs] 93994K->93523K(94144K), 0.0019430 secs]
4.532: [GC 4.532: [DefNew: 561K->62K(576K), 0.0008960 secs]4.533: [Train: 93536K->93536K(93696K), 0.0004040 secs] 94025K->93598K(94272K), 0.0019890 secs]
4.534: [GC 4.535: [DefNew: 564K->62K(576K), 0.0008900 secs] 94101K->93672K(94272K), 0.0015670 secs]
4.536: [GC 4.537: [DefNew: 564K->62K(576K), 0.0009440 secs]4.538: [Train: 93684K->93684K(93824K), 0.0004330 secs] 94175K->93746K(94400K), 0.0020940 secs]
4.539: [GC 4.539: [DefNew: 564K->62K(576K), 0.0008820 secs]4.540: [Train: 93758K->93758K(93888K), 0.0004020 secs] 94248K->94076K(94464K), 0.0019720 secs]
4.541: [GC 4.542: [DefNew: 569K->36K(576K), 0.0008720 secs]4.543: [Train: 93822K->93822K(93952K), 0.0003990 secs] 94327K->94199K(94528K), 0.0019650 secs]
4.543: [GC 4.544: [DefNew: 546K->32K(576K), 0.0008600 secs]4.545: [Train: 93860K->93860K(94016K), 0.0003750 secs] 94369K->94276K(94592K), 0.0019220 secs]
4.545: [GC 4.546: [DefNew: 543K->19K(576K), 0.0008420 secs]4.547: [Train: 93882K->93882K(94016K), 0.0003650 secs] 94403K->94286K(94592K), 0.0019010 secs]
4.547: [GC 4.548: [DefNew: 530K->49K(576K), 0.0008320 secs]4.549: [Train: 93882K->93882K(94016K), 0.0003610 secs] 94413K->94315K(94592K), 0.0018780 secs]
4.549: [GC 4.550: [DefNew: 557K->36K(576K), 0.0008430 secs]4.551: [Train: 93902K->93902K(94016K), 0.0003590 secs] 94439K->94322K(94592K), 0.0019040 secs]
4.551: [GC 4.552: [DefNew: 547K->45K(576K), 0.0008480 secs]4.553: [Train: 93924K->93924K(94080K), 0.0003480 secs] 94449K->94353K(94656K), 0.0018820 secs]
4.553: [GC 4.554: [DefNew: 553K->36K(576K), 0.0008400 secs]4.555: [Train: 93940K->93940K(94080K), 0.0003700 secs] 94477K->94317K(94656K), 0.0019020 secs]
4.555: [GC 4.556: [DefNew: 546K->49K(576K), 0.0008440 secs]4.557: [Train: 93960K->93960K(94080K), 0.0003630 secs] 94487K->94265K(94656K), 0.0018960 secs]
4.558: [GC 4.558: [DefNew: 559K->49K(576K), 0.0008610 secs]4.559: [Train: 94001K->94001K(94144K), 0.0003610 secs] 94519K->94050K(94720K), 0.0019160 secs]
4.560: [GC 4.561: [DefNew: 551K->62K(576K), 0.0008810 secs]4.561: [Train: 94061K->94061K(94208K), 0.0003850 secs] 94552K->94123K(94784K), 0.0019540 secs]
4.562: [GC 4.563: [DefNew: 564K->62K(576K), 0.0008830 secs] 94626K->94197K(94784K), 0.0015580 secs]
4.564: [GC 4.565: [DefNew: 564K->62K(576K), 0.0009030 secs]4.566: [Train: 94209K->94209K(94336K), 0.0003550 secs] 94700K->94271K(94912K), 0.0019460 secs]
4.567: [GC 4.567: [DefNew: 564K->62K(576K), 0.0008860 secs]4.568: [Train: 94283K->94283K(94400K), 0.0003930 secs] 94774K->94601K(94976K), 0.0019680 secs]
4.569: [GC 4.569: [DefNew: 569K->45K(576K), 0.0008790 secs]4.570: [Train: 94337K->94337K(94464K), 0.0004270 secs] 94852K->94724K(95040K), 0.0020040 secs]
4.571: [GC 4.572: [DefNew: 556K->22K(576K), 0.0008620 secs]4.572: [Train: 94375K->94375K(94528K), 0.0003900 secs] 94894K->94782K(95104K), 0.0019430 secs]
4.573: [GC 4.574: [DefNew: 534K->52K(576K), 0.0008370 secs]4.575: [Train: 94375K->94375K(94528K), 0.0003710 secs] 94909K->94811K(95104K), 0.0019140 secs]
4.575: [GC 4.576: [DefNew: 560K->36K(576K), 0.0008480 secs]4.577: [Train: 94398K->94398K(94528K), 0.0003720 secs] 94935K->94818K(95104K), 0.0019110 secs]
4.577: [GC 4.578: [DefNew: 547K->45K(576K), 0.0008510 secs]4.579: [Train: 94417K->94417K(94528K), 0.0003810 secs] 94945K->94847K(95104K), 0.0019290 secs]
4.579: [GC 4.580: [DefNew: 553K->36K(576K), 0.0008480 secs]4.581: [Train: 94436K->94436K(94592K), 0.0003800 secs] 94971K->94856K(95168K), 0.0019200 secs]
4.581: [GC 4.582: [DefNew: 547K->45K(576K), 0.0008470 secs]4.583: [Train: 94455K->94455K(94592K), 0.0003720 secs] 94983K->94842K(95168K), 0.0019150 secs]
4.583: [GC 4.584: [DefNew: 556K->42K(576K), 0.0008490 secs]4.585: [Train: 94472K->94472K(94592K), 0.0003580 secs] 95012K->94770K(95168K), 0.0018960 secs]
4.585: [GC 4.586: [DefNew: 549K->58K(576K), 0.0008500 secs]4.587: [Train: 94491K->94491K(94592K), 0.0003660 secs] 95021K->94550K(95168K), 0.0019170 secs]
4.588: [GC 4.588: [DefNew: 561K->62K(576K), 0.0008960 secs]4.589: [Train: 94564K->94564K(94720K), 0.0003650 secs] 95052K->94626K(95296K), 0.0019530 secs]
4.590: [GC 4.591: [DefNew: 564K->62K(576K), 0.0008900 secs] 95128K->94700K(95296K), 0.0015690 secs]
4.592: [GC 4.593: [DefNew: 564K->62K(576K), 0.0008950 secs]4.594: [Train: 94711K->94711K(94848K), 0.0003880 secs] 95202K->94773K(95424K), 0.0019750 secs]
4.595: [GC 4.595: [DefNew: 564K->62K(576K), 0.0008870 secs]4.596: [Train: 94785K->94785K(94912K), 0.0003750 secs] 95276K->95103K(95488K), 0.0019550 secs]
4.597: [GC 4.597: [DefNew: 569K->36K(576K), 0.0009040 secs]4.598: [Train: 94849K->94849K(94976K), 0.0003800 secs] 95354K->95226K(95552K), 0.0019800 secs]
4.599: [GC 4.600: [DefNew: 546K->32K(576K), 0.0008630 secs]4.600: [Train: 94887K->94887K(95040K), 0.0003480 secs] 95396K->95303K(95616K), 0.0019060 secs]
4.601: [GC 4.602: [DefNew: 543K->19K(576K), 0.0008520 secs]4.603: [Train: 94910K->94910K(95040K), 0.0003570 secs] 95431K->95313K(95616K), 0.0019070 secs]
4.603: [GC 4.604: [DefNew: 530K->49K(576K), 0.0008380 secs]4.605: [Train: 94910K->94910K(95040K), 0.0003820 secs] 95441K->95343K(95616K), 0.0019120 secs]
4.605: [GC 4.606: [DefNew: 557K->36K(576K), 0.0008500 secs]4.607: [Train: 94929K->94929K(95040K), 0.0003680 secs] 95467K->95349K(95616K), 0.0019170 secs]
4.607: [GC 4.608: [DefNew: 547K->45K(576K), 0.0008550 secs]4.609: [Train: 94951K->94951K(95104K), 0.0003840 secs] 95477K->95381K(95680K), 0.0019330 secs]
4.609: [GC 4.610: [DefNew: 553K->36K(576K), 0.0008460 secs]4.611: [Train: 94967K->94967K(95104K), 0.0003680 secs] 95505K->95344K(95680K), 0.0019190 secs]
4.611: [GC 4.612: [DefNew: 546K->49K(576K), 0.0008480 secs]4.613: [Train: 94987K->94987K(95104K), 0.0003660 secs] 95514K->95292K(95680K), 0.0019070 secs]
4.613: [GC 4.614: [DefNew: 559K->49K(576K), 0.0008630 secs]4.615: [Train: 95028K->95028K(95168K), 0.0003640 secs] 95546K->95077K(95744K), 0.0019280 secs]
4.616: [GC 4.616: [DefNew: 551K->62K(576K), 0.0008750 secs]4.617: [Train: 95089K->95089K(95232K), 0.0003790 secs] 95579K->95151K(95808K), 0.0019480 secs]
4.618: [GC 4.619: [DefNew: 564K->62K(576K), 0.0008840 secs] 95653K->95225K(95808K), 0.0015670 secs]
4.620: [GC 4.621: [DefNew: 564K->62K(576K), 0.0009090 secs]4.622: [Train: 95236K->95236K(95360K), 0.0003930 secs] 95727K->95298K(95936K), 0.0020000 secs]
4.623: [GC 4.623: [DefNew: 564K->62K(576K), 0.0008830 secs]4.624: [Train: 95310K->95310K(95424K), 0.0003740 secs] 95801K->95628K(96000K), 0.0019540 secs]
4.625: [GC 4.625: [DefNew: 569K->45K(576K), 0.0008740 secs]4.626: [Train: 95364K->95364K(95488K), 0.0003920 secs] 95879K->95751K(96064K), 0.0019620 secs]
4.627: [GC 4.628: [DefNew: 556K->22K(576K), 0.0008620 secs]4.628: [Train: 95402K->95402K(95552K), 0.0003710 secs] 95921K->95809K(96128K), 0.0019290 secs]
4.629: [GC 4.630: [DefNew: 534K->52K(576K), 0.0008470 secs]4.630: [Train: 95402K->95402K(95552K), 0.0003710 secs] 95936K->95838K(96128K), 0.0019160 secs]
4.631: [GC 4.632: [DefNew: 560K->36K(576K), 0.0008540 secs]4.633: [Train: 95425K->95425K(95552K), 0.0003600 secs] 95962K->95845K(96128K), 0.0019100 secs]
4.633: [GC 4.634: [DefNew: 547K->45K(576K), 0.0008510 secs]4.635: [Train: 95445K->95445K(95552K), 0.0003460 secs] 95972K->95874K(96128K), 0.0019050 secs]
4.635: [GC 4.636: [DefNew: 553K->36K(576K), 0.0008540 secs]4.637: [Train: 95463K->95463K(95616K), 0.0003700 secs] 95998K->95883K(96192K), 0.0019200 secs]
4.637: [GC 4.638: [DefNew: 547K->45K(576K), 0.0008520 secs]4.639: [Train: 95482K->95482K(95616K), 0.0003470 secs] 96010K->95870K(96192K), 0.0019020 secs]
4.639: [GC 4.640: [DefNew: 556K->42K(576K), 0.0008500 secs]4.641: [Train: 95499K->95499K(95616K), 0.0003540 secs] 96039K->95797K(96192K), 0.0019010 secs]
4.641: [GC 4.642: [DefNew: 549K->58K(576K), 0.0008590 secs]4.643: [Train: 95520K->95520K(95680K), 0.0003840 secs] 96049K->95579K(96256K), 0.0019470 secs]
4.644: [GC 4.644: [DefNew: 561K->62K(576K), 0.0008890 secs]4.645: [Train: 95591K->95591K(95744K), 0.0003670 secs] 96082K->95653K(96320K), 0.0019580 secs]
4.646: [GC 4.647: [DefNew: 564K->62K(576K), 0.0008850 secs] 96155K->95727K(96320K), 0.0015740 secs]
4.648: [GC 4.649: [DefNew: 564K->62K(576K), 0.0009070 secs]4.650: [Train: 95738K->95738K(95872K), 0.0003920 secs] 96229K->95801K(96448K), 0.0020000 secs]
4.651: [GC 4.651: [DefNew: 564K->62K(576K), 0.0008990 secs]4.652: [Train: 95812K->95812K(95936K), 0.0003670 secs] 96303K->96130K(96512K), 0.0019680 secs]
4.653: [GC 4.653: [DefNew: 569K->36K(576K), 0.0008850 secs]4.654: [Train: 95876K->95876K(96000K), 0.0003680 secs] 96382K->96254K(96576K), 0.0019530 secs]
4.655: [GC 4.656: [DefNew: 546K->32K(576K), 0.0008670 secs]4.656: [Train: 95914K->95914K(96064K), 0.0004030 secs] 96423K->96331K(96640K), 0.0019700 secs]
4.657: [GC 4.658: [DefNew: 543K->19K(576K), 0.0008670 secs]4.659: [Train: 95937K->95937K(96064K), 0.0003490 secs] 96458K->96341K(96640K), 0.0019180 secs]
4.659: [GC 4.660: [DefNew: 530K->49K(576K), 0.0008450 secs]4.661: [Train: 95937K->95937K(96064K), 0.0003640 secs] 96468K->96370K(96640K), 0.0019090 secs]
4.661: [GC 4.662: [DefNew: 557K->36K(576K), 0.0010180 secs]4.663: [Train: 95957K->95957K(96064K), 0.0003550 secs] 96494K->96377K(96640K), 0.0020830 secs]
4.663: [GC 4.664: [DefNew: 547K->45K(576K), 0.0008630 secs]4.665: [Train: 95978K->95978K(96128K), 0.0003840 secs] 96504K->96408K(96704K), 0.0019480 secs]
4.665: [GC 4.666: [DefNew: 553K->36K(576K), 0.0008590 secs]4.667: [Train: 95994K->95994K(96128K), 0.0003820 secs] 96532K->96372K(96704K), 0.0020320 secs]
4.668: [GC 4.668: [DefNew: 546K->49K(576K), 0.0008570 secs]4.669: [Train: 96014K->96014K(96128K), 0.0003580 secs] 96541K->96319K(96704K), 0.0019160 secs]
4.670: [GC 4.670: [DefNew: 559K->49K(576K), 0.0008730 secs]4.671: [Train: 96055K->96055K(96192K), 0.0003720 secs] 96574K->96104K(96768K), 0.0019820 secs]
4.672: [GC 4.673: [DefNew: 551K->62K(576K), 0.0008920 secs]4.674: [Train: 96116K->96116K(96256K), 0.0003770 secs] 96607K->96178K(96832K), 0.0019710 secs]
4.675: [GC 4.675: [DefNew: 564K->62K(576K), 0.0008930 secs] 96680K->96252K(96832K), 0.0015850 secs]
4.677: [GC 4.677: [DefNew: 564K->62K(576K), 0.0009170 secs]4.678: [Train: 96264K->96264K(96384K), 0.0003800 secs] 96754K->96326K(96960K), 0.0020000 secs]
4.679: [GC 4.680: [DefNew: 564K->62K(576K), 0.0009000 secs]4.681: [Train: 96337K->96337K(96448K), 0.0003780 secs] 96828K->96655K(97024K), 0.0019820 secs]
4.681: [GC 4.682: [DefNew: 569K->45K(576K), 0.0008830 secs]4.683: [Train: 96392K->96392K(96512K), 0.0003590 secs] 96907K->96779K(97088K), 0.0019580 secs]
4.683: [GC 4.684: [DefNew: 556K->22K(576K), 0.0008740 secs]4.685: [Train: 96429K->96429K(96576K), 0.0003730 secs] 96948K->96836K(97152K), 0.0019500 secs]
4.685: [GC 4.686: [DefNew: 534K->52K(576K), 0.0008500 secs]4.687: [Train: 96429K->96429K(96576K), 0.0003610 secs] 96963K->96866K(97152K), 0.0019230 secs]
4.687: [GC 4.688: [DefNew: 560K->36K(576K), 0.0008620 secs]4.689: [Train: 96452K->96452K(96576K), 0.0003660 secs] 96990K->96872K(97152K), 0.0019380 secs]
4.690: [GC 4.690: [DefNew: 547K->45K(576K), 0.0008620 secs]4.691: [Train: 96472K->96472K(96576K), 0.0003540 secs] 96999K->96902K(97152K), 0.0019270 secs]
4.692: [GC 4.692: [DefNew: 553K->36K(576K), 0.0008640 secs]4.693: [Train: 96490K->96490K(96640K), 0.0003740 secs] 97026K->96910K(97216K), 0.0019430 secs]
4.694: [GC 4.694: [DefNew: 547K->45K(576K), 0.0008640 secs]4.695: [Train: 96510K->96510K(96640K), 0.0003570 secs] 97037K->96897K(97216K), 0.0019260 secs]
4.696: [GC 4.696: [DefNew: 556K->42K(576K), 0.0008600 secs]4.697: [Train: 96526K->96526K(96640K), 0.0003930 secs] 97066K->96825K(97216K), 0.0019590 secs]
4.698: [GC 4.699: [DefNew: 549K->58K(576K), 0.0008700 secs]4.700: [Train: 96548K->96548K(96704K), 0.0003560 secs] 97076K->96606K(97280K), 0.0019310 secs]
4.700: [GC 4.701: [DefNew: 561K->62K(576K), 0.0009070 secs]4.702: [Train: 96618K->96618K(96768K), 0.0003840 secs] 97109K->96680K(97344K), 0.0020000 secs]
4.703: [GC 4.703: [DefNew: 564K->62K(576K), 0.0009000 secs] 97183K->96754K(97344K), 0.0015930 secs]
4.705: [GC 4.705: [DefNew: 564K->62K(576K), 0.0009250 secs]4.706: [Train: 96766K->96766K(96896K), 0.0003740 secs] 97256K->96828K(97472K), 0.0020060 secs]
4.707: [GC 4.708: [DefNew: 564K->62K(576K), 0.0009020 secs]4.709: [Train: 96840K->96840K(96960K), 0.0003810 secs] 97330K->97158K(97536K), 0.0019900 secs]
4.709: [GC 4.710: [DefNew: 569K->36K(576K), 0.0008920 secs]4.711: [Train: 96904K->96904K(97024K), 0.0003830 secs] 97409K->97281K(97600K), 0.0019900 secs]
4.712: [GC 4.712: [DefNew: 546K->32K(576K), 0.0008790 secs]4.713: [Train: 96941K->96941K(97088K), 0.0003780 secs] 97450K->97358K(97664K), 0.0019670 secs]
4.714: [GC 4.714: [DefNew: 543K->19K(576K), 0.0008620 secs]4.715: [Train: 96964K->96964K(97088K), 0.0003710 secs] 97485K->97368K(97664K), 0.0019430 secs]
4.716: [GC 4.716: [DefNew: 530K->49K(576K), 0.0008530 secs]4.717: [Train: 96964K->96964K(97088K), 0.0003930 secs] 97495K->97397K(97664K), 0.0019550 secs]
4.718: [GC 4.719: [DefNew: 557K->36K(576K), 0.0008660 secs]4.719: [Train: 96984K->96984K(97088K), 0.0003650 secs] 97521K->97404K(97664K), 0.0019400 secs]
4.720: [GC 4.721: [DefNew: 547K->45K(576K), 0.0008760 secs]4.721: [Train: 97005K->97005K(97152K), 0.0004020 secs] 97531K->97435K(97728K), 0.0019870 secs]
4.722: [GC 4.723: [DefNew: 553K->36K(576K), 0.0008620 secs]4.724: [Train: 97022K->97022K(97152K), 0.0003740 secs] 97559K->97399K(97728K), 0.0019460 secs]
4.724: [GC 4.725: [DefNew: 546K->49K(576K), 0.0008720 secs]4.726: [Train: 97041K->97041K(97152K), 0.0003860 secs] 97569K->97346K(97728K), 0.0019660 secs]
4.726: [GC 4.727: [DefNew: 559K->49K(576K), 0.0008880 secs]4.728: [Train: 97082K->97082K(97216K), 0.0003640 secs] 97601K->97131K(97792K), 0.0019600 secs]
4.729: [GC 4.729: [DefNew: 551K->62K(576K), 0.0009140 secs]4.730: [Train: 97143K->97143K(97280K), 0.0003800 secs] 97634K->97205K(97856K), 0.0020020 secs]
4.731: [GC 4.732: [DefNew: 564K->62K(576K), 0.0009110 secs] 97708K->97279K(97856K), 0.0016080 secs]
4.733: [GC 4.734: [DefNew: 564K->62K(576K), 0.0009170 secs]4.735: [Train: 97291K->97291K(97408K), 0.0003670 secs] 97782K->97353K(97984K), 0.0020000 secs]
4.736: [GC 4.736: [DefNew: 564K->62K(576K), 0.0009080 secs]4.737: [Train: 97365K->97365K(97472K), 0.0003990 secs] 97855K->97683K(98048K), 0.0020250 secs]
4.738: [GC 4.739: [DefNew: 569K->45K(576K), 0.0009010 secs]4.739: [Train: 97419K->97419K(97536K), 0.0003860 secs] 97934K->97806K(98112K), 0.0020000 secs]
4.740: [GC 4.741: [DefNew: 556K->22K(576K), 0.0009220 secs]4.742: [Train: 97457K->97457K(97600K), 0.0003670 secs] 97976K->97864K(98176K), 0.0020260 secs]
4.742: [GC 4.743: [DefNew: 534K->52K(576K), 0.0008580 secs]4.744: [Train: 97457K->97457K(97600K), 0.0003730 secs] 97991K->97893K(98176K), 0.0019420 secs]
4.744: [GC 4.745: [DefNew: 560K->36K(576K), 0.0008810 secs]4.746: [Train: 97480K->97480K(97600K), 0.0003680 secs] 98017K->97900K(98176K), 0.0019610 secs]
4.746: [GC 4.747: [DefNew: 547K->45K(576K), 0.0008700 secs]4.748: [Train: 97499K->97499K(97600K), 0.0003590 secs] 98027K->97929K(98176K), 0.0019460 secs]
4.749: [GC 4.749: [DefNew: 553K->36K(576K), 0.0008810 secs]4.750: [Train: 97517K->97517K(97664K), 0.0003700 secs] 98053K->97937K(98240K), 0.0019620 secs]
4.751: [GC 4.751: [DefNew: 547K->45K(576K), 0.0008730 secs]4.752: [Train: 97537K->97537K(97664K), 0.0003540 secs] 98065K->97924K(98240K), 0.0019380 secs]
4.753: [GC 4.753: [DefNew: 556K->42K(576K), 0.0008820 secs]4.754: [Train: 97553K->97553K(97664K), 0.0003700 secs] 98094K->97852K(98240K), 0.0019620 secs]
4.755: [GC 4.756: [DefNew: 549K->58K(576K), 0.0008780 secs]4.756: [Train: 97575K->97575K(97728K), 0.0003700 secs] 98103K->97634K(98304K), 0.0019600 secs]
4.757: [GC 4.758: [DefNew: 561K->62K(576K), 0.0009080 secs]4.759: [Train: 97645K->97645K(97792K), 0.0003560 secs] 98136K->97708K(98368K), 0.0019850 secs]
4.760: [GC 4.760: [DefNew: 564K->62K(576K), 0.0009060 secs] 98210K->97781K(98368K), 0.0016070 secs]
4.762: [GC 4.762: [DefNew: 564K->62K(576K), 0.0009330 secs]4.763: [Train: 97793K->97793K(97920K), 0.0003710 secs] 98284K->97855K(98496K), 0.0020200 secs]
4.764: [GC 4.765: [DefNew: 564K->62K(576K), 0.0009260 secs]4.766: [Train: 97867K->97867K(97984K), 0.0003730 secs] 98358K->98185K(98560K), 0.0020170 secs]
4.766: [GC 4.767: [DefNew: 569K->36K(576K), 0.0008990 secs]4.768: [Train: 97931K->97931K(98048K), 0.0003710 secs] 98436K->98308K(98624K), 0.0019850 secs]
4.769: [GC 4.769: [DefNew: 546K->32K(576K), 0.0008900 secs]4.770: [Train: 97969K->97969K(98112K), 0.0003600 secs] 98478K->98385K(98688K), 0.0019640 secs]
4.771: [GC 4.771: [DefNew: 543K->19K(576K), 0.0008710 secs]4.772: [Train: 97992K->97992K(98112K), 0.0003700 secs] 98513K->98395K(98688K), 0.0019550 secs]
4.773: [GC 4.773: [DefNew: 530K->49K(576K), 0.0008660 secs]4.774: [Train: 97992K->97992K(98112K), 0.0003600 secs] 98522K->98425K(98688K), 0.0019400 secs]
4.775: [GC 4.776: [DefNew: 557K->36K(576K), 0.0008710 secs]4.776: [Train: 98011K->98011K(98112K), 0.0003850 secs] 98549K->98431K(98688K), 0.0019700 secs]
4.777: [GC 4.778: [DefNew: 547K->45K(576K), 0.0008910 secs]4.779: [Train: 98033K->98033K(98176K), 0.0003640 secs] 98558K->98462K(98752K), 0.0019710 secs]
4.779: [GC 4.780: [DefNew: 553K->36K(576K), 0.0008720 secs]4.781: [Train: 98049K->98049K(98176K), 0.0003650 secs] 98586K->98426K(98752K), 0.0019510 secs]
4.781: [GC 4.782: [DefNew: 546K->49K(576K), 0.0008720 secs]4.783: [Train: 98069K->98070K(98176K), 0.0003160 secs] 98596K->98375K(98752K), 0.0019090 secs]
4.783: [GC 4.784: [DefNew: 559K->49K(576K), 0.0008880 secs]4.785: [Train: 98110K->98103K(98176K), 0.0004650 secs] 98630K->98152K(98752K), 0.0020720 secs]
4.786: [GC 4.787: [DefNew: 551K->62K(576K), 0.0009070 secs]4.787: [Train: 98163K->98135K(98240K), 0.0003770 secs] 98654K->98453K(98816K), 0.0020000 secs]
4.788: [GC 4.789: [DefNew: 569K->45K(576K), 0.0009120 secs]4.790: [Train: 98189K->98086K(98304K), 0.0020530 secs] 98704K->98473K(98880K), 0.0036940 secs]
4.792: [GC 4.793: [DefNew: 556K->22K(576K), 0.0008920 secs]4.794: [Train: 98122K->98122K(98304K), 0.0020110 secs] 98642K->98401K(98880K), 0.0036300 secs]
4.796: [GC 4.797: [DefNew: 530K->58K(576K), 0.0008730 secs]4.797: [Train: 98122K->98122K(98304K), 0.0019930 secs] 98652K->98181K(98880K), 0.0035910 secs]
4.800: [GC 4.801: [DefNew: 561K->62K(576K), 0.0009280 secs]4.802: [Train: 98192K->98192K(98304K), 0.0020050 secs] 98683K->98254K(98880K), 0.0036620 secs]
4.804: [GC 4.805: [DefNew: 564K->62K(576K), 0.0009280 secs] 98757K->98328K(98880K), 0.0016450 secs]
4.806: [GC 4.807: [DefNew: 564K->62K(576K), 0.0009320 secs]4.808: [Train: 98342K->98342K(98496K), 0.0020450 secs] 98831K->98404K(99072K), 0.0037000 secs]
4.810: [GC 4.811: [DefNew: 564K->62K(576K), 0.0009250 secs]4.812: [Train: 98415K->98415K(98560K), 0.0020070 secs] 98906K->98734K(99136K), 0.0036610 secs]
4.814: [GC 4.815: [DefNew: 569K->36K(576K), 0.0009180 secs]4.816: [Train: 98479K->98479K(98624K), 0.0020360 secs] 98985K->98857K(99200K), 0.0036880 secs]
4.818: [GC 4.819: [DefNew: 546K->32K(576K), 0.0009070 secs]4.820: [Train: 98515K->98515K(98624K), 0.0020310 secs] 99026K->98932K(99200K), 0.0036960 secs]
4.822: [GC 4.823: [DefNew: 543K->19K(576K), 0.0008900 secs]4.823: [Train: 98540K->98540K(98688K), 0.0019750 secs] 99059K->98944K(99264K), 0.0035940 secs]
4.826: [GC 4.826: [DefNew: 530K->49K(576K), 0.0008720 secs]4.827: [Train: 98540K->98540K(98688K), 0.0020210 secs] 99071K->98973K(99264K), 0.0036390 secs]
4.829: [GC 4.830: [DefNew: 557K->36K(576K), 0.0008830 secs]4.831: [Train: 98560K->98560K(98688K), 0.0019610 secs] 99097K->98980K(99264K), 0.0035760 secs]
4.833: [GC 4.834: [DefNew: 547K->45K(576K), 0.0008820 secs]4.835: [Train: 98579K->98579K(98688K), 0.0019800 secs] 99107K->99009K(99264K), 0.0035940 secs]
4.837: [GC 4.838: [DefNew: 553K->36K(576K), 0.0008990 secs]4.838: [Train: 98598K->98598K(98752K), 0.0019580 secs] 99133K->99018K(99328K), 0.0035840 secs]
4.841: [GC 4.841: [DefNew: 547K->45K(576K), 0.0008870 secs]4.842: [Train: 98617K->98617K(98752K), 0.0019400 secs] 99145K->99004K(99328K), 0.0035510 secs]
4.844: [GC 4.845: [DefNew: 556K->42K(576K), 0.0008900 secs]4.846: [Train: 98634K->98634K(98752K), 0.0019730 secs] 99174K->98932K(99328K), 0.0035870 secs]
4.848: [GC 4.849: [DefNew: 549K->58K(576K), 0.0009080 secs]4.850: [Train: 98655K->98655K(98816K), 0.0019600 secs] 99183K->98714K(99392K), 0.0035950 secs]
4.852: [GC 4.853: [DefNew: 561K->62K(576K), 0.0009290 secs]4.854: [Train: 98726K->98726K(98880K), 0.0019570 secs] 99216K->98788K(99456K), 0.0036130 secs]
4.856: [GC 4.857: [DefNew: 564K->62K(576K), 0.0009250 secs] 99290K->98862K(99456K), 0.0016390 secs]
4.858: [GC 4.859: [DefNew: 564K->62K(576K), 0.0009190 secs]4.860: [Train: 98873K->98873K(99008K), 0.0020020 secs] 99364K->98935K(99584K), 0.0036460 secs]
4.862: [GC 4.863: [DefNew: 564K->62K(576K), 0.0009220 secs]4.864: [Train: 98947K->98947K(99072K), 0.0019570 secs] 99438K->99265K(99648K), 0.0036100 secs]
4.866: [GC 4.867: [DefNew: 569K->36K(576K), 0.0009080 secs]4.868: [Train: 99011K->99011K(99136K), 0.0019870 secs] 99516K->99388K(99712K), 0.0036240 secs]
4.870: [GC 4.871: [DefNew: 546K->32K(576K), 0.0008960 secs]4.872: [Train: 99049K->99049K(99200K), 0.0019450 secs] 99558K->99466K(99776K), 0.0035710 secs]
4.874: [GC 4.874: [DefNew: 543K->19K(576K), 0.0008840 secs]4.875: [Train: 99072K->99072K(99200K), 0.0019320 secs] 99593K->99475K(99776K), 0.0035430 secs]
4.877: [GC 4.878: [DefNew: 530K->49K(576K), 0.0008740 secs]4.879: [Train: 99072K->99072K(99200K), 0.0019220 secs] 99603K->99505K(99776K), 0.0035290 secs]
4.881: [GC 4.882: [DefNew: 557K->36K(576K), 0.0008810 secs]4.883: [Train: 99091K->99091K(99200K), 0.0019460 secs] 99629K->99511K(99776K), 0.0035610 secs]
4.885: [GC 4.885: [DefNew: 547K->45K(576K), 0.0009050 secs]4.886: [Train: 99113K->99113K(99264K), 0.0019500 secs] 99639K->99543K(99840K), 0.0035820 secs]
4.889: [GC 4.889: [DefNew: 553K->36K(576K), 0.0008890 secs]4.890: [Train: 99129K->99129K(99264K), 0.0019250 secs] 99667K->99507K(99840K), 0.0035420 secs]
4.892: [GC 4.893: [DefNew: 546K->49K(576K), 0.0008920 secs]4.894: [Train: 99149K->99149K(99264K), 0.0019970 secs] 99676K->99454K(99840K), 0.0036210 secs]
4.896: [GC 4.897: [DefNew: 559K->49K(576K), 0.0009340 secs]4.898: [Train: 99190K->99190K(99328K), 0.0019730 secs] 99708K->99239K(99904K), 0.0036450 secs]
4.900: [GC 4.901: [DefNew: 551K->62K(576K), 0.0009280 secs]4.902: [Train: 99251K->99251K(99392K), 0.0019460 secs] 99741K->99313K(99968K), 0.0036130 secs]
4.904: [GC 4.905: [DefNew: 564K->62K(576K), 0.0009350 secs] 99815K->99387K(99968K), 0.0016550 secs]
4.906: [GC 4.907: [DefNew: 564K->62K(576K), 0.0009410 secs]4.908: [Train: 99398K->99398K(99520K), 0.0020340 secs] 99889K->99461K(100096K), 0.0037070 secs]
4.911: [GC 4.911: [DefNew: 564K->62K(576K), 0.0009300 secs]4.912: [Train: 99472K->99472K(99584K), 0.0019880 secs] 99963K->99790K(100160K), 0.0036580 secs]
4.914: [GC 4.915: [DefNew: 569K->45K(576K), 0.0009120 secs]4.916: [Train: 99526K->99526K(99648K), 0.0019500 secs] 100042K->99914K(100224K), 0.0035970 secs]
4.918: [GC 4.919: [DefNew: 556K->22K(576K), 0.0008980 secs]4.920: [Train: 99564K->99564K(99712K), 0.0019660 secs] 100083K->99971K(100288K), 0.0035950 secs]
4.922: [GC 4.923: [DefNew: 534K->52K(576K), 0.0008790 secs]4.924: [Train: 99564K->99564K(99712K), 0.0019830 secs] 100098K->100001K(100288K), 0.0035940 secs]
4.926: [GC 4.926: [DefNew: 560K->36K(576K), 0.0008900 secs]4.927: [Train: 99587K->99587K(99712K), 0.0019620 secs] 100124K->100007K(100288K), 0.0035860 secs]
4.929: [GC 4.930: [DefNew: 547K->45K(576K), 0.0008920 secs]4.931: [Train: 99607K->99607K(99712K), 0.0019130 secs] 100134K->100037K(100288K), 0.0035420 secs]
4.933: [GC 4.934: [DefNew: 553K->36K(576K), 0.0008940 secs]4.935: [Train: 99625K->99625K(99776K), 0.0019150 secs] 100160K->100045K(100352K), 0.0035550 secs]
4.937: [GC 4.937: [DefNew: 547K->45K(576K), 0.0008980 secs]4.938: [Train: 99645K->99645K(99776K), 0.0019570 secs] 100172K->100032K(100352K), 0.0035850 secs]
4.941: [GC 4.941: [DefNew: 556K->42K(576K), 0.0008990 secs]4.942: [Train: 99661K->99661K(99776K), 0.0019280 secs] 100201K->99959K(100352K), 0.0035600 secs]
4.944: [GC 4.945: [DefNew: 549K->58K(576K), 0.0009450 secs]4.946: [Train: 99682K->99682K(99840K), 0.0020150 secs] 100211K->99741K(100416K), 0.0037090 secs]
4.949: [GC 4.949: [DefNew: 561K->62K(576K), 0.0009670 secs]4.950: [Train: 99753K->99753K(99904K), 0.0019250 secs] 100244K->99815K(100480K), 0.0036490 secs]
4.953: [GC 4.953: [DefNew: 564K->62K(576K), 0.0009560 secs] 100318K->99889K(100480K), 0.0016850 secs]
4.955: [GC 4.955: [DefNew: 564K->62K(576K), 0.0009320 secs]4.956: [Train: 99901K->99901K(100032K), 0.0020020 secs] 100391K->99963K(100608K), 0.0036690 secs]
4.959: [GC 4.960: [DefNew: 564K->62K(576K), 0.0009400 secs]4.961: [Train: 99974K->99974K(100096K), 0.0019290 secs] 100465K->100293K(100672K), 0.0036120 secs]
4.963: [GC 4.963: [DefNew: 569K->36K(576K), 0.0009280 secs]4.964: [Train: 100038K->100038K(100160K), 0.0019670 secs] 100544K->100416K(100736K), 0.0036320 secs]
4.967: [GC 4.967: [DefNew: 546K->32K(576K), 0.0009140 secs]4.968: [Train: 100076K->100076K(100224K), 0.0019370 secs] 100585K->100493K(100800K), 0.0035870 secs]
4.970: [GC 4.971: [DefNew: 543K->19K(576K), 0.0008920 secs]4.972: [Train: 100099K->100099K(100224K), 0.0019160 secs] 100620K->100503K(100800K), 0.0035440 secs]
4.974: [GC 4.975: [DefNew: 530K->49K(576K), 0.0008820 secs]4.976: [Train: 100099K->100099K(100224K), 0.0019150 secs] 100630K->100532K(100800K), 0.0035340 secs]
4.978: [GC 4.978: [DefNew: 557K->36K(576K), 0.0008970 secs]4.979: [Train: 100119K->100119K(100224K), 0.0019030 secs] 100656K->100539K(100800K), 0.0035360 secs]
4.981: [GC 4.982: [DefNew: 547K->45K(576K), 0.0009150 secs]4.983: [Train: 100140K->100140K(100288K), 0.0019420 secs] 100666K->100570K(100864K), 0.0036210 secs]
4.985: [GC 4.986: [DefNew: 553K->36K(576K), 0.0008940 secs]4.987: [Train: 100157K->100157K(100288K), 0.0019190 secs] 100694K->100534K(100864K), 0.0035600 secs]
4.989: [GC 4.990: [DefNew: 546K->49K(576K), 0.0009060 secs]4.990: [Train: 100176K->100176K(100288K), 0.0019080 secs] 100704K->100481K(100864K), 0.0035510 secs]
4.993: [GC 4.993: [DefNew: 559K->49K(576K), 0.0009260 secs]4.994: [Train: 100217K->100217K(100352K), 0.0019320 secs] 100736K->100266K(100928K), 0.0035950 secs]
4.997: [GC 4.997: [DefNew: 551K->62K(576K), 0.0009640 secs]4.998: [Train: 100278K->100278K(100416K), 0.0019180 secs] 100769K->100340K(100992K), 0.0036390 secs]
5.001: [GC 5.001: [DefNew: 564K->62K(576K), 0.0009550 secs] 100843K->100414K(100992K), 0.0016880 secs]
5.003: [GC 5.004: [DefNew: 564K->62K(576K), 0.0009360 secs]5.005: [Train: 100426K->100426K(100544K), 0.0019380 secs] 100916K->100488K(101120K), 0.0036110 secs]
5.007: [GC 5.008: [DefNew: 564K->62K(576K), 0.0009420 secs]5.009: [Train: 100499K->100499K(100608K), 0.0019150 secs] 100990K->100818K(101184K), 0.0036000 secs]
5.011: [GC 5.011: [DefNew: 569K->45K(576K), 0.0009280 secs]5.012: [Train: 100554K->100554K(100672K), 0.0019000 secs] 101069K->100941K(101248K), 0.0035700 secs]
5.015: [GC 5.015: [DefNew: 556K->22K(576K), 0.0009090 secs]5.016: [Train: 100591K->100591K(100736K), 0.0019260 secs] 101110K->100998K(101312K), 0.0035790 secs]
5.018: [GC 5.019: [DefNew: 534K->52K(576K), 0.0008940 secs]5.020: [Train: 100591K->100591K(100736K), 0.0019610 secs] 101126K->101028K(101312K), 0.0036060 secs]
5.022: [GC 5.023: [DefNew: 560K->36K(576K), 0.0009040 secs]5.024: [Train: 100614K->100614K(100736K), 0.0018980 secs] 101152K->101034K(101312K), 0.0035440 secs]
5.026: [GC 5.026: [DefNew: 547K->45K(576K), 0.0009000 secs]5.027: [Train: 100634K->100634K(100736K), 0.0018910 secs] 101162K->101064K(101312K), 0.0035310 secs]
5.029: [GC 5.030: [DefNew: 553K->36K(576K), 0.0009020 secs]5.031: [Train: 100652K->100652K(100800K), 0.0018810 secs] 101188K->101072K(101376K), 0.0035380 secs]
5.033: [GC 5.034: [DefNew: 547K->45K(576K), 0.0008990 secs]5.035: [Train: 100672K->100672K(100800K), 0.0019290 secs] 101199K->101059K(101376K), 0.0035740 secs]
5.037: [GC 5.038: [DefNew: 556K->42K(576K), 0.0009030 secs]5.038: [Train: 100688K->100688K(100800K), 0.0018850 secs] 101229K->100987K(101376K), 0.0035290 secs]
5.041: [GC 5.041: [DefNew: 549K->58K(576K), 0.0009220 secs]5.042: [Train: 100710K->100710K(100864K), 0.0019100 secs] 101238K->100769K(101440K), 0.0035750 secs]
5.045: [GC 5.045: [DefNew: 561K->62K(576K), 0.0009570 secs]5.046: [Train: 100780K->100780K(100928K), 0.0019560 secs] 101271K->100842K(101504K), 0.0036600 secs]
5.049: [GC 5.049: [DefNew: 564K->62K(576K), 0.0009550 secs] 101345K->100916K(101504K), 0.0016860 secs]
5.051: [GC 5.052: [DefNew: 564K->62K(576K), 0.0009450 secs]5.052: [Train: 100928K->100928K(101056K), 0.0019730 secs] 101419K->100990K(101632K), 0.0036560 secs]
5.055: [GC 5.056: [DefNew: 564K->62K(576K), 0.0009480 secs]5.057: [Train: 101002K->101002K(101120K), 0.0019370 secs] 101492K->101320K(101696K), 0.0036320 secs]
5.059: [GC 5.060: [DefNew: 569K->36K(576K), 0.0009370 secs]5.060: [Train: 101066K->101066K(101184K), 0.0019020 secs] 101571K->101443K(101760K), 0.0035830 secs]
5.063: [GC 5.063: [DefNew: 546K->32K(576K), 0.0009190 secs]5.064: [Train: 101103K->101103K(101248K), 0.0019180 secs] 101613K->101520K(101824K), 0.0035810 secs]
5.066: [GC 5.067: [DefNew: 543K->19K(576K), 0.0009010 secs]5.068: [Train: 101126K->101126K(101248K), 0.0019510 secs] 101647K->101530K(101824K), 0.0035980 secs]
5.070: [GC 5.071: [DefNew: 530K->49K(576K), 0.0008900 secs]5.072: [Train: 101126K->101126K(101248K), 0.0019070 secs] 101657K->101559K(101824K), 0.0035420 secs]
5.074: [GC 5.074: [DefNew: 557K->36K(576K), 0.0009090 secs]5.075: [Train: 101146K->101146K(101248K), 0.0018900 secs] 101683K->101566K(101824K), 0.0035460 secs]
5.077: [GC 5.078: [DefNew: 547K->45K(576K), 0.0009070 secs]5.079: [Train: 101167K->101167K(101312K), 0.0018880 secs] 101693K->101597K(101888K), 0.0035550 secs]
5.081: [GC 5.082: [DefNew: 553K->36K(576K), 0.0009000 secs]5.083: [Train: 101184K->101184K(101312K), 0.0018590 secs] 101721K->101561K(101888K), 0.0035110 secs]
5.085: [GC 5.085: [DefNew: 546K->49K(576K), 0.0009100 secs]5.086: [Train: 101203K->101203K(101312K), 0.0018790 secs] 101731K->101509K(101888K), 0.0035330 secs]
5.089: [GC 5.089: [DefNew: 559K->49K(576K), 0.0009390 secs]5.090: [Train: 101245K->101245K(101376K), 0.0018630 secs] 101763K->101294K(101952K), 0.0035470 secs]
5.093: [GC 5.093: [DefNew: 551K->62K(576K), 0.0009440 secs]5.094: [Train: 101305K->101305K(101440K), 0.0018710 secs] 101796K->101367K(102016K), 0.0035620 secs]
5.097: [GC 5.097: [DefNew: 564K->62K(576K), 0.0010110 secs] 101870K->101441K(102016K), 0.0017440 secs]
5.099: [GC 5.099: [DefNew: 564K->62K(576K), 0.0009460 secs]5.100: [Train: 101453K->101453K(101568K), 0.0019500 secs] 101944K->101515K(102144K), 0.0036390 secs]
5.103: [GC 5.104: [DefNew: 564K->62K(576K), 0.0009530 secs]5.105: [Train: 101527K->101527K(101632K), 0.0018990 secs] 102017K->101845K(102208K), 0.0036030 secs]
5.107: [GC 5.107: [DefNew: 569K->45K(576K), 0.0009330 secs]5.108: [Train: 101581K->101581K(101696K), 0.0018970 secs] 102096K->101968K(102272K), 0.0035770 secs]
5.110: [GC 5.111: [DefNew: 556K->22K(576K), 0.0009190 secs]5.112: [Train: 101619K->101619K(101760K), 0.0018880 secs] 102138K->102026K(102336K), 0.0035560 secs]
5.114: [GC 5.115: [DefNew: 534K->52K(576K), 0.0008940 secs]5.116: [Train: 101619K->101619K(101760K), 0.0019010 secs] 102153K->102055K(102336K), 0.0035480 secs]
5.118: [GC 5.119: [DefNew: 560K->36K(576K), 0.0009080 secs]5.119: [Train: 101642K->101642K(101760K), 0.0018660 secs] 102179K->102062K(102336K), 0.0035180 secs]
5.122: [GC 5.122: [DefNew: 547K->45K(576K), 0.0009110 secs]5.123: [Train: 101663K->101663K(101824K), 0.0018750 secs] 102189K->102093K(102400K), 0.0035380 secs]
5.125: [GC 5.126: [DefNew: 553K->36K(576K), 0.0009030 secs]5.127: [Train: 101679K->101679K(101824K), 0.0018710 secs] 102217K->102099K(102400K), 0.0035360 secs]
5.129: [GC 5.130: [DefNew: 547K->45K(576K), 0.0009130 secs]5.130: [Train: 101699K->101699K(101824K), 0.0018650 secs] 102227K->102086K(102400K), 0.0035230 secs]
5.133: [GC 5.133: [DefNew: 556K->42K(576K), 0.0009090 secs]5.134: [Train: 101715K->101715K(101824K), 0.0018530 secs] 102256K->102014K(102400K), 0.0035080 secs]
5.136: [GC 5.137: [DefNew: 549K->58K(576K), 0.0009290 secs]5.138: [Train: 101737K->101737K(101888K), 0.0018720 secs] 102265K->101796K(102464K), 0.0035470 secs]
5.140: [GC 5.141: [DefNew: 561K->62K(576K), 0.0009580 secs]5.142: [Train: 101807K->101807K(101952K), 0.0018650 secs] 102298K->101870K(102528K), 0.0035760 secs]
5.144: [GC 5.145: [DefNew: 564K->62K(576K), 0.0009790 secs] 102372K->101943K(102528K), 0.0017160 secs]
5.146: [GC 5.147: [DefNew: 564K->62K(576K), 0.0009620 secs]5.148: [Train: 101955K->101955K(102080K), 0.0020190 secs] 102446K->102017K(102656K), 0.0037430 secs]
5.151: [GC 5.151: [DefNew: 564K->62K(576K), 0.0009940 secs]5.153: [Train: 102029K->102029K(102144K), 0.0019150 secs] 102520K->102347K(102720K), 0.0037410 secs]
5.155: [GC 5.155: [DefNew: 569K->36K(576K), 0.0009470 secs]5.156: [Train: 102093K->102093K(102208K), 0.0018710 secs] 102598K->102470K(102784K), 0.0035780 secs]
5.158: [GC 5.159: [DefNew: 546K->32K(576K), 0.0009200 secs]5.160: [Train: 102131K->102131K(102272K), 0.0018760 secs] 102640K->102547K(102848K), 0.0035480 secs]
5.162: [GC 5.163: [DefNew: 543K->19K(576K), 0.0009060 secs]5.164: [Train: 102154K->102154K(102272K), 0.0018500 secs] 102675K->102557K(102848K), 0.0035210 secs]
5.166: [GC 5.167: [DefNew: 530K->49K(576K), 0.0009040 secs]5.167: [Train: 102154K->102154K(102272K), 0.0018490 secs] 102685K->102587K(102848K), 0.0035090 secs]
5.170: [GC 5.170: [DefNew: 557K->36K(576K), 0.0009130 secs]5.171: [Train: 102175K->102175K(102336K), 0.0018300 secs] 102711K->102595K(102912K), 0.0035000 secs]
5.173: [GC 5.174: [DefNew: 547K->45K(576K), 0.0009100 secs]5.175: [Train: 102195K->102195K(102336K), 0.0018170 secs] 102722K->102625K(102912K), 0.0034960 secs]
5.177: [GC 5.177: [DefNew: 553K->36K(576K), 0.0009090 secs]5.178: [Train: 102211K->102211K(102336K), 0.0018470 secs] 102748K->102588K(102912K), 0.0035060 secs]
5.180: [GC 5.181: [DefNew: 546K->49K(576K), 0.0009150 secs]5.182: [Train: 102231K->102231K(102336K), 0.0018450 secs] 102758K->102536K(102912K), 0.0035100 secs]
5.184: [GC 5.185: [DefNew: 559K->49K(576K), 0.0009410 secs]5.186: [Train: 102272K->102272K(102400K), 0.0018830 secs] 102790K->102321K(102976K), 0.0035760 secs]
5.188: [GC 5.189: [DefNew: 551K->62K(576K), 0.0009730 secs]5.190: [Train: 102333K->102333K(102464K), 0.0018470 secs] 102823K->102395K(103040K), 0.0035750 secs]
5.192: [GC 5.193: [DefNew: 564K->62K(576K), 0.0009520 secs] 102897K->102469K(103040K), 0.0016920 secs]
5.194: [GC 5.195: [DefNew: 564K->62K(576K), 0.0009520 secs]5.196: [Train: 102480K->102480K(102592K), 0.0018770 secs] 102971K->102542K(103168K), 0.0035800 secs]
5.198: [GC 5.199: [DefNew: 564K->62K(576K), 0.0009470 secs]5.200: [Train: 102554K->102554K(102656K), 0.0018620 secs] 103045K->102872K(103232K), 0.0035670 secs]
5.202: [GC 5.203: [DefNew: 569K->45K(576K), 0.0009310 secs]5.204: [Train: 102608K->102608K(102720K), 0.0018390 secs] 103123K->102995K(103296K), 0.0035220 secs]
5.206: [GC 5.207: [DefNew: 556K->22K(576K), 0.0009180 secs]5.208: [Train: 102646K->102646K(102784K), 0.0018410 secs] 103165K->103053K(103360K), 0.0035140 secs]
5.210: [GC 5.210: [DefNew: 534K->52K(576K), 0.0009030 secs]5.211: [Train: 102646K->102646K(102784K), 0.0018520 secs] 103180K->103082K(103360K), 0.0035290 secs]
5.213: [GC 5.214: [DefNew: 560K->36K(576K), 0.0009140 secs]5.215: [Train: 102669K->102669K(102784K), 0.0018230 secs] 103206K->103089K(103360K), 0.0035290 secs]
5.217: [GC 5.218: [DefNew: 547K->45K(576K), 0.0009220 secs]5.219: [Train: 102690K->102690K(102848K), 0.0018250 secs] 103216K->103120K(103424K), 0.0034990 secs]
5.221: [GC 5.221: [DefNew: 553K->36K(576K), 0.0009200 secs]5.222: [Train: 102707K->102707K(102848K), 0.0018200 secs] 103244K->103127K(103424K), 0.0034940 secs]
5.224: [GC 5.225: [DefNew: 547K->45K(576K), 0.0009160 secs]5.226: [Train: 102726K->102726K(102848K), 0.0018250 secs] 103254K->103114K(103424K), 0.0034940 secs]
5.228: [GC 5.229: [DefNew: 556K->42K(576K), 0.0009090 secs]5.229: [Train: 102743K->102743K(102848K), 0.0018460 secs] 103283K->103041K(103424K), 0.0035090 secs]
5.232: [GC 5.232: [DefNew: 549K->58K(576K), 0.0009210 secs]5.233: [Train: 102764K->102764K(102912K), 0.0018480 secs] 103292K->102823K(103488K), 0.0035230 secs]
5.236: [GC 5.236: [DefNew: 561K->62K(576K), 0.0009470 secs]5.237: [Train: 102835K->102835K(102976K), 0.0018320 secs] 103326K->102897K(103552K), 0.0035380 secs]
5.240: [GC 5.240: [DefNew: 564K->62K(576K), 0.0009490 secs] 103399K->102971K(103552K), 0.0016940 secs]
5.242: [GC 5.242: [DefNew: 564K->62K(576K), 0.0009580 secs]5.243: [Train: 102982K->102982K(103104K), 0.0018290 secs] 103473K->103045K(103680K), 0.0035420 secs]
5.246: [GC 5.246: [DefNew: 564K->62K(576K), 0.0009620 secs]5.247: [Train: 103056K->103056K(103168K), 0.0018490 secs] 103547K->103374K(103744K), 0.0035700 secs]
5.249: [GC 5.250: [DefNew: 569K->36K(576K), 0.0009390 secs]5.251: [Train: 103120K->103120K(103232K), 0.0018290 secs] 103626K->103498K(103808K), 0.0035350 secs]
5.253: [GC 5.254: [DefNew: 546K->32K(576K), 0.0009280 secs]5.255: [Train: 103158K->103158K(103296K), 0.0018060 secs] 103667K->103575K(103872K), 0.0034970 secs]
5.257: [GC 5.258: [DefNew: 543K->19K(576K), 0.0009260 secs]5.258: [Train: 103181K->103181K(103296K), 0.0018320 secs] 103702K->103585K(103872K), 0.0035130 secs]
5.260: [GC 5.261: [DefNew: 530K->49K(576K), 0.0009100 secs]5.262: [Train: 103181K->103181K(103296K), 0.0017940 secs] 103712K->103614K(103872K), 0.0034610 secs]
5.264: [GC 5.265: [DefNew: 557K->36K(576K), 0.0009220 secs]5.266: [Train: 103202K->103202K(103360K), 0.0018480 secs] 103738K->103622K(103936K), 0.0035240 secs]
5.268: [GC 5.268: [DefNew: 547K->45K(576K), 0.0009130 secs]5.269: [Train: 103222K->103222K(103360K), 0.0018140 secs] 103750K->103652K(103936K), 0.0034830 secs]
5.271: [GC 5.272: [DefNew: 553K->36K(576K), 0.0009100 secs]5.273: [Train: 103238K->103238K(103360K), 0.0048490 secs] 103776K->103616K(103936K), 0.0065370 secs]
5.278: [GC 5.279: [DefNew: 546K->49K(576K), 0.0009610 secs]5.280: [Train: 103258K->103258K(103360K), 0.0018790 secs] 103785K->103563K(103936K), 0.0036390 secs]
5.282: [GC 5.283: [DefNew: 559K->49K(576K), 0.0010100 secs]5.284: [Train: 103299K->103299K(103424K), 0.0018960 secs] 103818K->103348K(104000K), 0.0037490 secs]
5.286: [GC 5.287: [DefNew: 551K->62K(576K), 0.0009700 secs]5.288: [Train: 103360K->103360K(103488K), 0.0018780 secs] 103851K->103422K(104064K), 0.0036420 secs]
5.290: [GC 5.291: [DefNew: 564K->62K(576K), 0.0009740 secs] 103924K->103496K(104064K), 0.0017410 secs]
5.293: [GC 5.293: [DefNew: 564K->62K(576K), 0.0116050 secs]5.305: [Train: 103507K->103507K(103616K), 0.0020820 secs] 103998K->103570K(104192K), 0.0144800 secs]
5.308: [GC 5.308: [DefNew: 564K->62K(576K), 0.0009900 secs]5.309: [Train: 103583K->103583K(103744K), 0.0018860 secs] 104072K->103901K(104320K), 0.0036700 secs]
5.311: [GC 5.312: [DefNew: 569K->45K(576K), 0.0009590 secs]5.313: [Train: 103635K->103635K(103744K), 0.0018540 secs] 104152K->104023K(104320K), 0.0036010 secs]
5.315: [GC 5.316: [DefNew: 556K->22K(576K), 0.0009470 secs]5.317: [Train: 103673K->103673K(103808K), 0.0018800 secs] 104192K->104080K(104384K), 0.0036120 secs]
5.319: [GC 5.320: [DefNew: 534K->52K(576K), 0.0009150 secs]5.321: [Train: 103673K->103673K(103808K), 0.0018980 secs] 104207K->104110K(104384K), 0.0035920 secs]
5.323: [GC 5.323: [DefNew: 560K->36K(576K), 0.0009460 secs]5.324: [Train: 103696K->103696K(103808K), 0.0018820 secs] 104234K->104116K(104384K), 0.0036260 secs]
5.327: [GC 5.327: [DefNew: 547K->45K(576K), 0.0009490 secs]5.328: [Train: 103718K->103718K(103872K), 0.0018400 secs] 104243K->104147K(104448K), 0.0035670 secs]
5.330: [GC 5.331: [DefNew: 553K->36K(576K), 0.0009220 secs]5.332: [Train: 103734K->103734K(103872K), 0.0018370 secs] 104271K->104154K(104448K), 0.0035250 secs]
5.334: [GC 5.335: [DefNew: 547K->45K(576K), 0.0009230 secs]5.336: [Train: 103754K->103754K(103872K), 0.0017950 secs] 104281K->104141K(104448K), 0.0034800 secs]
5.338: [GC 5.338: [DefNew: 556K->42K(576K), 0.0009190 secs]5.339: [Train: 103770K->103770K(103872K), 0.0018740 secs] 104310K->104069K(104448K), 0.0035610 secs]
5.341: [GC 5.342: [DefNew: 549K->58K(576K), 0.0009320 secs]5.343: [Train: 103791K->103791K(103936K), 0.0018080 secs] 104320K->103850K(104512K), 0.0035190 secs]
5.345: [GC 5.346: [DefNew: 561K->62K(576K), 0.0009630 secs]5.347: [Train: 103862K->103862K(104000K), 0.0017890 secs] 104353K->103924K(104576K), 0.0035280 secs]
5.349: [GC 5.350: [DefNew: 564K->62K(576K), 0.0009910 secs] 104427K->103998K(104576K), 0.0017620 secs]
5.352: [GC 5.352: [DefNew: 564K->62K(576K), 0.0010240 secs]5.353: [Train: 104010K->104010K(104128K), 0.0018890 secs] 104500K->104072K(104704K), 0.0036860 secs]
5.356: [GC 5.356: [DefNew: 564K->62K(576K), 0.0009710 secs]5.357: [Train: 104083K->104083K(104192K), 0.0018470 secs] 104574K->104402K(104768K), 0.0035950 secs]
5.360: [GC 5.360: [DefNew: 569K->36K(576K), 0.0009560 secs]5.361: [Train: 104147K->104147K(104256K), 0.0018540 secs] 104653K->104525K(104832K), 0.0035800 secs]
5.363: [GC 5.364: [DefNew: 546K->32K(576K), 0.0009390 secs]5.365: [Train: 104185K->104185K(104320K), 0.0018710 secs] 104694K->104602K(104896K), 0.0035810 secs]
5.367: [GC 5.368: [DefNew: 543K->19K(576K), 0.0009360 secs]5.369: [Train: 104208K->104208K(104320K), 0.0018750 secs] 104729K->104612K(104896K), 0.0035930 secs]
5.371: [GC 5.371: [DefNew: 530K->49K(576K), 0.0009230 secs]5.372: [Train: 104208K->104208K(104320K), 0.0018280 secs] 104739K->104641K(104896K), 0.0035250 secs]
5.374: [GC 5.375: [DefNew: 557K->36K(576K), 0.0009360 secs]5.376: [Train: 104230K->104230K(104384K), 0.0018740 secs] 104765K->104650K(104960K), 0.0035840 secs]
5.378: [GC 5.379: [DefNew: 547K->45K(576K), 0.0009310 secs]5.380: [Train: 104249K->104249K(104384K), 0.0018050 secs] 104777K->104679K(104960K), 0.0035220 secs]
5.382: [GC 5.383: [DefNew: 553K->36K(576K), 0.0009320 secs]5.383: [Train: 104266K->104266K(104384K), 0.0018040 secs] 104803K->104643K(104960K), 0.0035110 secs]
5.386: [GC 5.386: [DefNew: 546K->49K(576K), 0.0009340 secs]5.387: [Train: 104287K->104287K(104448K), 0.0018170 secs] 104813K->104592K(105024K), 0.0035320 secs]
5.389: [GC 5.390: [DefNew: 559K->49K(576K), 0.0009380 secs]5.391: [Train: 104326K->104326K(104448K), 0.0017890 secs] 104847K->104375K(105024K), 0.0035140 secs]
5.393: [GC 5.394: [DefNew: 551K->62K(576K), 0.0009560 secs]5.395: [Train: 104387K->104387K(104512K), 0.0017850 secs] 104878K->104449K(105088K), 0.0035320 secs]
5.397: [GC 5.398: [DefNew: 564K->62K(576K), 0.0009600 secs] 104952K->104523K(105088K), 0.0017280 secs]
5.399: [GC 5.400: [DefNew: 564K->62K(576K), 0.0009610 secs]5.401: [Train: 104535K->104535K(104640K), 0.0018320 secs] 105025K->104597K(105216K), 0.0035560 secs]
5.403: [GC 5.404: [DefNew: 564K->62K(576K), 0.0009750 secs]5.405: [Train: 104610K->104610K(104768K), 0.0018140 secs] 105099K->104929K(105344K), 0.0035610 secs]
5.407: [GC 5.408: [DefNew: 569K->45K(576K), 0.0009530 secs]5.409: [Train: 104663K->104663K(104768K), 0.0017810 secs] 105180K->105050K(105344K), 0.0035170 secs]
5.411: [GC 5.412: [DefNew: 556K->22K(576K), 0.0009360 secs]5.413: [Train: 104701K->104701K(104832K), 0.0017960 secs] 105220K->105107K(105408K), 0.0035010 secs]
5.415: [GC 5.415: [DefNew: 534K->52K(576K), 0.0009160 secs]5.416: [Train: 104701K->104701K(104832K), 0.0017520 secs] 105235K->105137K(105408K), 0.0034330 secs]
5.418: [GC 5.419: [DefNew: 560K->36K(576K), 0.0009250 secs]5.420: [Train: 104723K->104723K(104832K), 0.0017530 secs] 105261K->105143K(105408K), 0.0034440 secs]
5.422: [GC 5.422: [DefNew: 547K->45K(576K), 0.0009330 secs]5.423: [Train: 104745K->104745K(104896K), 0.0017430 secs] 105271K->105175K(105472K), 0.0034460 secs]
5.425: [GC 5.426: [DefNew: 553K->36K(576K), 0.0009230 secs]5.427: [Train: 104761K->104761K(104896K), 0.0017340 secs] 105299K->105181K(105472K), 0.0034400 secs]
5.429: [GC 5.430: [DefNew: 547K->45K(576K), 0.0009310 secs]5.430: [Train: 104781K->104781K(104896K), 0.0018120 secs] 105309K->105211K(105472K), 0.0035090 secs]
5.433: [GC 5.433: [DefNew: 553K->36K(576K), 0.0009330 secs]5.434: [Train: 104799K->104799K(104960K), 0.0017600 secs] 105335K->105176K(105536K), 0.0034600 secs]
5.436: [GC 5.437: [DefNew: 546K->49K(576K), 0.0009380 secs]5.438: [Train: 104819K->104819K(104960K), 0.0017460 secs] 105346K->105124K(105536K), 0.0034520 secs]
5.440: [GC 5.441: [DefNew: 559K->49K(576K), 0.0009350 secs]5.441: [Train: 104858K->104858K(104960K), 0.0017460 secs] 105378K->104907K(105536K), 0.0034490 secs]
5.444: [GC 5.444: [DefNew: 551K->62K(576K), 0.0009540 secs]5.445: [Train: 104919K->104919K(105024K), 0.0017750 secs] 105409K->104981K(105600K), 0.0035020 secs]
5.448: [GC 5.448: [DefNew: 564K->62K(576K), 0.0009880 secs] 105483K->105057K(105664K), 0.0017460 secs]
5.450: [GC 5.451: [DefNew: 564K->62K(576K), 0.0009700 secs]5.452: [Train: 105068K->105068K(105216K), 0.0017720 secs] 105559K->105130K(105792K), 0.0035110 secs]
5.454: [GC 5.455: [DefNew: 564K->62K(576K), 0.0009670 secs]5.456: [Train: 105142K->105142K(105280K), 0.0017610 secs] 105633K->105460K(105856K), 0.0035010 secs]
5.458: [GC 5.458: [DefNew: 569K->45K(576K), 0.0009500 secs]5.459: [Train: 105196K->105196K(105344K), 0.0017410 secs] 105711K->105583K(105920K), 0.0034680 secs]
5.461: [GC 5.462: [DefNew: 556K->22K(576K), 0.0009330 secs]5.463: [Train: 105232K->105232K(105344K), 0.0017550 secs] 105753K->105639K(105920K), 0.0034720 secs]
5.465: [GC 5.466: [DefNew: 534K->52K(576K), 0.0009280 secs]5.466: [Train: 105232K->105232K(105344K), 0.0017540 secs] 105766K->105669K(105920K), 0.0034510 secs]
5.468: [GC 5.469: [DefNew: 560K->36K(576K), 0.0009380 secs]5.470: [Train: 105257K->105257K(105408K), 0.0017590 secs] 105792K->105677K(105984K), 0.0034690 secs]
5.472: [GC 5.473: [DefNew: 547K->45K(576K), 0.0009280 secs]5.474: [Train: 105277K->105277K(105408K), 0.0018070 secs] 105804K->105706K(105984K), 0.0035200 secs]
5.476: [GC 5.476: [DefNew: 553K->36K(576K), 0.0009260 secs]5.477: [Train: 105293K->105293K(105408K), 0.0017390 secs] 105830K->105713K(105984K), 0.0034350 secs]
5.479: [GC 5.480: [DefNew: 547K->45K(576K), 0.0009330 secs]5.481: [Train: 105314K->105314K(105472K), 0.0017790 secs] 105840K->105701K(106048K), 0.0034850 secs]
5.483: [GC 5.484: [DefNew: 556K->42K(576K), 0.0009360 secs]5.485: [Train: 105331K->105331K(105472K), 0.0017700 secs] 105871K->105629K(106048K), 0.0034850 secs]
5.487: [GC 5.487: [DefNew: 549K->58K(576K), 0.0009350 secs]5.488: [Train: 105350K->105350K(105472K), 0.0017710 secs] 105880K->105409K(106048K), 0.0034800 secs]
5.491: [GC 5.491: [DefNew: 561K->62K(576K), 0.0009920 secs]5.492: [Train: 105421K->105421K(105536K), 0.0017730 secs] 105912K->105483K(106112K), 0.0035610 secs]
5.495: [GC 5.495: [DefNew: 564K->62K(576K), 0.0009710 secs] 105986K->105557K(106112K), 0.0017400 secs]
5.497: [GC 5.497: [DefNew: 564K->62K(576K), 0.0010000 secs]5.498: [Train: 105570K->105570K(105728K), 0.0017740 secs] 106059K->105633K(106304K), 0.0035480 secs]
5.501: [GC 5.501: [DefNew: 564K->62K(576K), 0.0009800 secs]5.502: [Train: 105644K->105644K(105792K), 0.0017560 secs] 106135K->105962K(106368K), 0.0035160 secs]
5.505: [GC 5.505: [DefNew: 569K->36K(576K), 0.0009640 secs]5.506: [Train: 105708K->105708K(105856K), 0.0017300 secs] 106214K->106086K(106432K), 0.0034700 secs]
5.508: [GC 5.509: [DefNew: 546K->32K(576K), 0.0009510 secs]5.510: [Train: 105744K->105744K(105856K), 0.0017700 secs] 106255K->106161K(106432K), 0.0034950 secs]
5.512: [GC 5.513: [DefNew: 543K->19K(576K), 0.0009330 secs]5.513: [Train: 105769K->105769K(105920K), 0.0017700 secs] 106288K->106173K(106496K), 0.0034790 secs]
5.515: [GC 5.516: [DefNew: 530K->49K(576K), 0.0009240 secs]5.517: [Train: 105769K->105769K(105920K), 0.0017470 secs] 106300K->106202K(106496K), 0.0034470 secs]
5.519: [GC 5.520: [DefNew: 557K->36K(576K), 0.0009370 secs]5.521: [Train: 105789K->105789K(105920K), 0.0017550 secs] 106326K->106209K(106496K), 0.0034730 secs]
5.523: [GC 5.523: [DefNew: 547K->45K(576K), 0.0009330 secs]5.524: [Train: 105808K->105808K(105920K), 0.0017320 secs] 106336K->106238K(106496K), 0.0034420 secs]
5.526: [GC 5.527: [DefNew: 553K->36K(576K), 0.0009340 secs]5.528: [Train: 105826K->105826K(105984K), 0.0017190 secs] 106362K->106204K(106560K), 0.0034290 secs]
5.530: [GC 5.531: [DefNew: 546K->49K(576K), 0.0009340 secs]5.531: [Train: 105846K->105846K(105984K), 0.0017110 secs] 106373K->106151K(106560K), 0.0034210 secs]
5.533: [GC 5.534: [DefNew: 559K->49K(576K), 0.0009840 secs]5.535: [Train: 105887K->105887K(106048K), 0.0017590 secs] 106406K->105936K(106624K), 0.0035630 secs]
5.538: [GC 5.538: [DefNew: 551K->62K(576K), 0.0009960 secs]5.539: [Train: 105946K->105946K(106048K), 0.0017910 secs] 106439K->106008K(106624K), 0.0036310 secs]
5.542: [GC 5.542: [DefNew: 564K->62K(576K), 0.0010340 secs] 106511K->106084K(106688K), 0.0018390 secs]
5.544: [GC 5.545: [DefNew: 564K->62K(576K), 0.0009760 secs]5.546: [Train: 106095K->106095K(106240K), 0.0017800 secs] 106586K->106158K(106816K), 0.0035530 secs]
5.548: [GC 5.549: [DefNew: 564K->62K(576K), 0.0010060 secs]5.550: [Train: 106169K->106169K(106304K), 0.0017320 secs] 106660K->106487K(106880K), 0.0035270 secs]
5.552: [GC 5.552: [DefNew: 569K->45K(576K), 0.0009590 secs]5.553: [Train: 106223K->106223K(106368K), 0.0017450 secs] 106739K->106611K(106944K), 0.0034880 secs]
5.555: [GC 5.556: [DefNew: 556K->22K(576K), 0.0009460 secs]5.557: [Train: 106259K->106259K(106368K), 0.0018750 secs] 106780K->106666K(106944K), 0.0036180 secs]
5.559: [GC 5.560: [DefNew: 534K->52K(576K), 0.0009530 secs]5.561: [Train: 106259K->106259K(106368K), 0.0017700 secs] 106794K->106696K(106944K), 0.0035320 secs]
5.563: [GC 5.564: [DefNew: 560K->36K(576K), 0.0009450 secs]5.565: [Train: 106284K->106284K(106432K), 0.0017530 secs] 106820K->106704K(107008K), 0.0034840 secs]
5.566: [GC 5.567: [DefNew: 547K->45K(576K), 0.0009400 secs]5.568: [Train: 106304K->106304K(106432K), 0.0017210 secs] 106831K->106734K(107008K), 0.0034440 secs]
5.570: [GC 5.571: [DefNew: 553K->36K(576K), 0.0009330 secs]5.572: [Train: 106320K->106320K(106432K), 0.0016910 secs] 106858K->106740K(107008K), 0.0034030 secs]
5.574: [GC 5.574: [DefNew: 547K->45K(576K), 0.0009420 secs]5.575: [Train: 106342K->106342K(106496K), 0.0017180 secs] 106867K->106729K(107072K), 0.0034460 secs]
5.577: [GC 5.578: [DefNew: 556K->42K(576K), 0.0009360 secs]5.579: [Train: 106358K->106358K(106496K), 0.0016820 secs] 106898K->106657K(107072K), 0.0034060 secs]
5.581: [GC 5.582: [DefNew: 549K->58K(576K), 0.0009540 secs]5.583: [Train: 106378K->106378K(106496K), 0.0016810 secs] 106908K->106437K(107072K), 0.0034170 secs]
5.585: [GC 5.585: [DefNew: 561K->62K(576K), 0.0009790 secs]5.586: [Train: 106448K->106448K(106560K), 0.0017930 secs] 106939K->106510K(107136K), 0.0035560 secs]
5.589: [GC 5.589: [DefNew: 564K->62K(576K), 0.0009830 secs] 107013K->106584K(107136K), 0.0017520 secs]
5.591: [GC 5.592: [DefNew: 564K->62K(576K), 0.0009840 secs]5.593: [Train: 106598K->106598K(106752K), 0.0017190 secs] 107087K->106660K(107328K), 0.0034830 secs]
5.595: [GC 5.596: [DefNew: 564K->62K(576K), 0.0009720 secs]5.597: [Train: 106671K->106671K(106816K), 0.0017680 secs] 107162K->106990K(107392K), 0.0035260 secs]
5.599: [GC 5.599: [DefNew: 569K->36K(576K), 0.0009640 secs]5.600: [Train: 106735K->106735K(106880K), 0.0017420 secs] 107241K->107113K(107456K), 0.0034930 secs]
5.602: [GC 5.603: [DefNew: 546K->32K(576K), 0.0009500 secs]5.604: [Train: 106771K->106771K(106880K), 0.0017510 secs] 107282K->107188K(107456K), 0.0034890 secs]
5.606: [GC 5.607: [DefNew: 543K->19K(576K), 0.0009450 secs]5.608: [Train: 106796K->106796K(106944K), 0.0017030 secs] 107315K->107200K(107520K), 0.0034320 secs]
5.610: [GC 5.610: [DefNew: 530K->49K(576K), 0.0009330 secs]5.611: [Train: 106796K->106796K(106944K), 0.0016950 secs] 107327K->107229K(107520K), 0.0034250 secs]
5.613: [GC 5.614: [DefNew: 557K->36K(576K), 0.0009380 secs]5.615: [Train: 106816K->106816K(106944K), 0.0017330 secs] 107353K->107236K(107520K), 0.0034570 secs]
5.617: [GC 5.617: [DefNew: 547K->45K(576K), 0.0009530 secs]5.618: [Train: 106835K->106835K(106944K), 0.0017230 secs] 107363K->107265K(107520K), 0.0034560 secs]
5.620: [GC 5.621: [DefNew: 553K->36K(576K), 0.0009470 secs]5.622: [Train: 106854K->106854K(107008K), 0.0017050 secs] 107389K->107231K(107584K), 0.0034310 secs]
5.624: [GC 5.625: [DefNew: 546K->49K(576K), 0.0009410 secs]5.626: [Train: 106873K->106873K(107008K), 0.0016920 secs] 107401K->107178K(107584K), 0.0034130 secs]
5.628: [GC 5.628: [DefNew: 559K->49K(576K), 0.0009570 secs]5.629: [Train: 106914K->106914K(107072K), 0.0017070 secs] 107433K->106963K(107648K), 0.0034450 secs]
5.631: [GC 5.632: [DefNew: 551K->62K(576K), 0.0009720 secs]5.633: [Train: 106975K->106975K(107136K), 0.0017410 secs] 107466K->107037K(107712K), 0.0034990 secs]
5.635: [GC 5.636: [DefNew: 564K->62K(576K), 0.0009800 secs] 107540K->107111K(107712K), 0.0017520 secs]
5.638: [GC 5.638: [DefNew: 564K->62K(576K), 0.0009890 secs]5.639: [Train: 107123K->107123K(107264K), 0.0017330 secs] 107613K->107185K(107840K), 0.0035110 secs]
5.642: [GC 5.642: [DefNew: 564K->62K(576K), 0.0009810 secs]5.643: [Train: 107197K->107197K(107328K), 0.0017010 secs] 107687K->107515K(107904K), 0.0034860 secs]
5.645: [GC 5.646: [DefNew: 569K->45K(576K), 0.0009650 secs]5.647: [Train: 107251K->107251K(107392K), 0.0016870 secs] 107766K->107638K(107968K), 0.0034460 secs]
5.649: [GC 5.650: [DefNew: 556K->22K(576K), 0.0009580 secs]5.651: [Train: 107287K->107287K(107392K), 0.0016780 secs] 107807K->107694K(107968K), 0.0034260 secs]
5.652: [GC 5.653: [DefNew: 534K->52K(576K), 0.0009470 secs]5.654: [Train: 107287K->107287K(107392K), 0.0016690 secs] 107821K->107723K(107968K), 0.0034000 secs]
5.656: [GC 5.657: [DefNew: 560K->36K(576K), 0.0009460 secs]5.658: [Train: 107311K->107311K(107456K), 0.0016790 secs] 107847K->107731K(108032K), 0.0034080 secs]
5.660: [GC 5.660: [DefNew: 547K->45K(576K), 0.0009410 secs]5.661: [Train: 107331K->107331K(107456K), 0.0016760 secs] 107859K->107761K(108032K), 0.0034010 secs]
5.663: [GC 5.664: [DefNew: 553K->36K(576K), 0.0009390 secs]5.665: [Train: 107347K->107347K(107456K), 0.0017080 secs] 107885K->107767K(108032K), 0.0034300 secs]
5.667: [GC 5.667: [DefNew: 547K->45K(576K), 0.0009490 secs]5.668: [Train: 107369K->107369K(107520K), 0.0016710 secs] 107895K->107756K(108096K), 0.0034050 secs]
5.670: [GC 5.671: [DefNew: 556K->42K(576K), 0.0009430 secs]5.672: [Train: 107385K->107385K(107520K), 0.0016900 secs] 107926K->107684K(108096K), 0.0034180 secs]
5.674: [GC 5.675: [DefNew: 549K->58K(576K), 0.0009490 secs]5.676: [Train: 107405K->107405K(107520K), 0.0016930 secs] 107935K->107464K(108096K), 0.0034270 secs]
5.678: [GC 5.678: [DefNew: 561K->62K(576K), 0.0009870 secs]5.679: [Train: 107475K->107475K(107584K), 0.0016780 secs] 107966K->107538K(108160K), 0.0034550 secs]
5.682: [GC 5.682: [DefNew: 564K->62K(576K), 0.0009970 secs] 108040K->107613K(108224K), 0.0017740 secs]
5.684: [GC 5.685: [DefNew: 564K->62K(576K), 0.0009860 secs]5.686: [Train: 107625K->107625K(107776K), 0.0016790 secs] 108116K->107687K(108352K), 0.0034520 secs]
5.688: [GC 5.688: [DefNew: 564K->62K(576K), 0.0009860 secs]5.689: [Train: 107699K->107699K(107840K), 0.0018930 secs] 108190K->108017K(108416K), 0.0036730 secs]
5.692: [GC 5.692: [DefNew: 569K->36K(576K), 0.0009810 secs]5.693: [Train: 107763K->107763K(107904K), 0.0017370 secs] 108268K->108140K(108480K), 0.0035140 secs]
5.695: [GC 5.696: [DefNew: 546K->32K(576K), 0.0009560 secs]5.697: [Train: 107799K->107799K(107904K), 0.0016780 secs] 108310K->108215K(108480K), 0.0034260 secs]
5.699: [GC 5.700: [DefNew: 543K->19K(576K), 0.0009510 secs]5.701: [Train: 107823K->107823K(107968K), 0.0017290 secs] 108343K->108227K(108544K), 0.0034700 secs]
5.703: [GC 5.703: [DefNew: 530K->49K(576K), 0.0009390 secs]5.704: [Train: 107823K->107823K(107968K), 0.0016780 secs] 108354K->108257K(108544K), 0.0034150 secs]
5.706: [GC 5.707: [DefNew: 557K->36K(576K), 0.0009490 secs]5.708: [Train: 107843K->107843K(107968K), 0.0016720 secs] 108380K->108263K(108544K), 0.0034100 secs]
5.710: [GC 5.710: [DefNew: 547K->45K(576K), 0.0009490 secs]5.711: [Train: 107863K->107863K(107968K), 0.0016810 secs] 108390K->108293K(108544K), 0.0034240 secs]
5.713: [GC 5.714: [DefNew: 553K->36K(576K), 0.0009550 secs]5.715: [Train: 107881K->107881K(108032K), 0.0017160 secs] 108416K->108258K(108608K), 0.0034760 secs]
5.717: [GC 5.718: [DefNew: 546K->49K(576K), 0.0009580 secs]5.719: [Train: 107901K->107901K(108032K), 0.0016670 secs] 108428K->108206K(108608K), 0.0034130 secs]
5.721: [GC 5.721: [DefNew: 559K->49K(576K), 0.0009800 secs]5.722: [Train: 107942K->107942K(108096K), 0.0016620 secs] 108460K->107991K(108672K), 0.0034330 secs]
5.724: [GC 5.725: [DefNew: 551K->62K(576K), 0.0009980 secs]5.726: [Train: 108002K->108002K(108160K), 0.0016720 secs] 108493K->108065K(108736K), 0.0034650 secs]
5.728: [GC 5.729: [DefNew: 564K->62K(576K), 0.0010000 secs] 108567K->108138K(108736K), 0.0017810 secs]
5.731: [GC 5.731: [DefNew: 564K->62K(576K), 0.0009880 secs]5.732: [Train: 108150K->108150K(108288K), 0.0017000 secs] 108641K->108212K(108864K), 0.0034800 secs]
5.734: [GC 5.735: [DefNew: 564K->62K(576K), 0.0009990 secs]5.736: [Train: 108224K->108224K(108352K), 0.0017180 secs] 108715K->108542K(108928K), 0.0035170 secs]
5.738: [GC 5.739: [DefNew: 569K->45K(576K), 0.0009870 secs]5.740: [Train: 108278K->108278K(108416K), 0.0016430 secs] 108793K->108665K(108992K), 0.0034330 secs]
5.742: [GC 5.743: [DefNew: 556K->22K(576K), 0.0009580 secs]5.744: [Train: 108314K->108314K(108416K), 0.0017160 secs] 108835K->108721K(108992K), 0.0034680 secs]
5.745: [GC 5.746: [DefNew: 534K->52K(576K), 0.0009420 secs]5.747: [Train: 108314K->108314K(108416K), 0.0016470 secs] 108848K->108750K(108992K), 0.0033900 secs]
5.749: [GC 5.750: [DefNew: 560K->36K(576K), 0.0009670 secs]5.751: [Train: 108339K->108339K(108480K), 0.0017060 secs] 108874K->108759K(109056K), 0.0034830 secs]
5.753: [GC 5.753: [DefNew: 547K->45K(576K), 0.0009610 secs]5.754: [Train: 108358K->108358K(108480K), 0.0016490 secs] 108886K->108788K(109056K), 0.0034030 secs]
5.756: [GC 5.757: [DefNew: 553K->36K(576K), 0.0009560 secs]5.758: [Train: 108375K->108375K(108480K), 0.0016750 secs] 108912K->108795K(109056K), 0.0034260 secs]
5.760: [GC 5.760: [DefNew: 547K->45K(576K), 0.0009640 secs]5.761: [Train: 108396K->108396K(108544K), 0.0017510 secs] 108922K->108783K(109120K), 0.0035260 secs]
5.763: [GC 5.764: [DefNew: 556K->42K(576K), 0.0009780 secs]5.765: [Train: 108413K->108413K(108544K), 0.0017000 secs] 108953K->108711K(109120K), 0.0035040 secs]
5.767: [GC 5.768: [DefNew: 549K->58K(576K), 0.0009600 secs]5.769: [Train: 108432K->108432K(108544K), 0.0016580 secs] 108962K->108491K(109120K), 0.0034170 secs]
5.771: [GC 5.772: [DefNew: 561K->62K(576K), 0.0009980 secs]5.773: [Train: 108503K->108503K(108608K), 0.0017390 secs] 108994K->108565K(109184K), 0.0035410 secs]
5.775: [GC 5.776: [DefNew: 564K->62K(576K), 0.0010080 secs] 109067K->108641K(109248K), 0.0017970 secs]
5.777: [GC 5.778: [DefNew: 564K->62K(576K), 0.0009950 secs]5.779: [Train: 108652K->108652K(108800K), 0.0016700 secs] 109143K->108714K(109376K), 0.0034630 secs]
5.781: [GC 5.782: [DefNew: 564K->62K(576K), 0.0009970 secs]5.783: [Train: 108726K->108726K(108864K), 0.0016580 secs] 109217K->109044K(109440K), 0.0034630 secs]
5.785: [GC 5.786: [DefNew: 569K->36K(576K), 0.0010060 secs]5.787: [Train: 108790K->108790K(108928K), 0.0016950 secs] 109295K->109167K(109504K), 0.0035000 secs]
5.789: [GC 5.789: [DefNew: 546K->32K(576K), 0.0009700 secs]5.790: [Train: 108826K->108826K(108928K), 0.0016340 secs] 109337K->109243K(109504K), 0.0034020 secs]
5.792: [GC 5.793: [DefNew: 543K->19K(576K), 0.0009640 secs]5.794: [Train: 108851K->108851K(108992K), 0.0016620 secs] 109370K->109254K(109568K), 0.0034240 secs]
5.796: [GC 5.796: [DefNew: 530K->49K(576K), 0.0009430 secs]5.797: [Train: 108851K->108851K(108992K), 0.0016570 secs] 109382K->109284K(109568K), 0.0033980 secs]
5.799: [GC 5.800: [DefNew: 557K->36K(576K), 0.0009560 secs]5.801: [Train: 108870K->108870K(108992K), 0.0016470 secs] 109408K->109290K(109568K), 0.0034020 secs]
5.803: [GC 5.803: [DefNew: 547K->45K(576K), 0.0009560 secs]5.804: [Train: 108890K->108890K(108992K), 0.0016180 secs] 109418K->109320K(109568K), 0.0033720 secs]
5.806: [GC 5.807: [DefNew: 553K->36K(576K), 0.0009590 secs]5.808: [Train: 108908K->108908K(109056K), 0.0016440 secs] 109444K->109286K(109632K), 0.0034140 secs]
5.810: [GC 5.811: [DefNew: 546K->49K(576K), 0.0009580 secs]5.812: [Train: 108928K->108928K(109056K), 0.0016120 secs] 109455K->109233K(109632K), 0.0033710 secs]
5.813: [GC 5.814: [DefNew: 559K->49K(576K), 0.0009750 secs]5.815: [Train: 108969K->108969K(109120K), 0.0016510 secs] 109487K->109018K(109696K), 0.0034330 secs]
5.817: [GC 5.818: [DefNew: 551K->62K(576K), 0.0009960 secs]5.819: [Train: 109030K->109030K(109184K), 0.0016260 secs] 109520K->109092K(109760K), 0.0034300 secs]
5.821: [GC 5.822: [DefNew: 564K->62K(576K), 0.0010110 secs] 109594K->109166K(109760K), 0.0018150 secs]
5.824: [GC 5.824: [DefNew: 564K->62K(576K), 0.0010090 secs]5.825: [Train: 109177K->109177K(109312K), 0.0016510 secs] 109668K->109239K(109888K), 0.0034690 secs]
5.827: [GC 5.828: [DefNew: 564K->62K(576K), 0.0010020 secs]5.829: [Train: 109251K->109251K(109376K), 0.0016660 secs] 109742K->109569K(109952K), 0.0034770 secs]
5.831: [GC 5.832: [DefNew: 569K->45K(576K), 0.0009860 secs]5.833: [Train: 109305K->109305K(109440K), 0.0016380 secs] 109820K->109692K(110016K), 0.0034290 secs]
5.835: [GC 5.835: [DefNew: 556K->22K(576K), 0.0009700 secs]5.836: [Train: 109343K->109343K(109504K), 0.0016460 secs] 109862K->109750K(110080K), 0.0034190 secs]
5.838: [GC 5.839: [DefNew: 534K->52K(576K), 0.0009490 secs]5.840: [Train: 109343K->109343K(109504K), 0.0016180 secs] 109877K->109779K(110080K), 0.0033750 secs]
5.842: [GC 5.843: [DefNew: 560K->36K(576K), 0.0009600 secs]5.844: [Train: 109366K->109366K(109504K), 0.0016110 secs] 109903K->109786K(110080K), 0.0033730 secs]
5.845: [GC 5.846: [DefNew: 547K->45K(576K), 0.0009590 secs]5.847: [Train: 109386K->109386K(109504K), 0.0016040 secs] 109913K->109815K(110080K), 0.0033790 secs]
5.849: [GC 5.850: [DefNew: 553K->36K(576K), 0.0009660 secs]5.851: [Train: 109402K->109402K(109504K), 0.0016400 secs] 109939K->109822K(110080K), 0.0034050 secs]
5.852: [GC 5.853: [DefNew: 547K->45K(576K), 0.0009700 secs]5.854: [Train: 109423K->109423K(109568K), 0.0016230 secs] 109949K->109811K(110144K), 0.0033980 secs]
5.856: [GC 5.857: [DefNew: 556K->42K(576K), 0.0009740 secs]5.858: [Train: 109440K->109440K(109568K), 0.0016150 secs] 109980K->109738K(110144K), 0.0033910 secs]
5.860: [GC 5.860: [DefNew: 549K->58K(576K), 0.0009620 secs]5.861: [Train: 109459K->109459K(109568K), 0.0016230 secs] 109990K->109518K(110144K), 0.0033860 secs]
5.863: [GC 5.864: [DefNew: 561K->62K(576K), 0.0010040 secs]5.865: [Train: 109530K->109530K(109632K), 0.0016340 secs] 110021K->109592K(110208K), 0.0034440 secs]
5.867: [GC 5.868: [DefNew: 564K->62K(576K), 0.0010050 secs] 110095K->109668K(110272K), 0.0017950 secs]
5.870: [GC 5.870: [DefNew: 564K->62K(576K), 0.0010030 secs]5.871: [Train: 109679K->109679K(109824K), 0.0016290 secs] 110170K->109742K(110400K), 0.0034470 secs]
5.873: [GC 5.874: [DefNew: 564K->62K(576K), 0.0010000 secs]5.875: [Train: 109753K->109753K(109888K), 0.0016040 secs] 110244K->110071K(110464K), 0.0034200 secs]
5.877: [GC 5.878: [DefNew: 569K->36K(576K), 0.0009860 secs]5.879: [Train: 109817K->109817K(109952K), 0.0016190 secs] 110323K->110195K(110528K), 0.0034180 secs]
5.881: [GC 5.881: [DefNew: 546K->32K(576K), 0.0009870 secs]5.882: [Train: 109855K->109855K(110016K), 0.0016250 secs] 110364K->110272K(110592K), 0.0034160 secs]
5.884: [GC 5.885: [DefNew: 543K->19K(576K), 0.0009670 secs]5.886: [Train: 109878K->109878K(110016K), 0.0015860 secs] 110399K->110282K(110592K), 0.0033550 secs]
5.888: [GC 5.888: [DefNew: 530K->49K(576K), 0.0009490 secs]5.889: [Train: 109878K->109878K(110016K), 0.0016070 secs] 110409K->110311K(110592K), 0.0033590 secs]
5.891: [GC 5.892: [DefNew: 557K->36K(576K), 0.0009600 secs]5.893: [Train: 109898K->109898K(110016K), 0.0015900 secs] 110435K->110318K(110592K), 0.0033590 secs]
5.895: [GC 5.895: [DefNew: 547K->45K(576K), 0.0009680 secs]5.896: [Train: 109919K->109919K(110080K), 0.0015920 secs] 110445K->110349K(110656K), 0.0033620 secs]
5.898: [GC 5.899: [DefNew: 553K->36K(576K), 0.0009580 secs]5.900: [Train: 109935K->109935K(110080K), 0.0016120 secs] 110473K->110313K(110656K), 0.0033720 secs]
5.902: [GC 5.903: [DefNew: 546K->49K(576K), 0.0009640 secs]5.904: [Train: 109955K->109955K(110080K), 0.0015830 secs] 110482K->110260K(110656K), 0.0033500 secs]
5.905: [GC 5.906: [DefNew: 559K->49K(576K), 0.0009870 secs]5.907: [Train: 109996K->109996K(110144K), 0.0016320 secs] 110515K->110045K(110720K), 0.0034410 secs]
5.909: [GC 5.910: [DefNew: 551K->62K(576K), 0.0010060 secs]5.911: [Train: 110057K->110057K(110208K), 0.0016020 secs] 110548K->110119K(110784K), 0.0034300 secs]
5.913: [GC 5.914: [DefNew: 564K->62K(576K), 0.0010270 secs] 110621K->110193K(110784K), 0.0018300 secs]
5.915: [GC 5.916: [DefNew: 564K->62K(576K), 0.0010130 secs]5.917: [Train: 110205K->110205K(110336K), 0.0016850 secs] 110695K->110267K(110912K), 0.0035100 secs]
5.919: [GC 5.920: [DefNew: 564K->62K(576K), 0.0010120 secs]5.921: [Train: 110278K->110278K(110400K), 0.0016060 secs] 110769K->110597K(110976K), 0.0034350 secs]
5.923: [GC 5.924: [DefNew: 569K->45K(576K), 0.0009960 secs]5.925: [Train: 110333K->110333K(110464K), 0.0016160 secs] 110848K->110720K(111040K), 0.0034200 secs]
5.927: [GC 5.927: [DefNew: 556K->22K(576K), 0.0009780 secs]5.928: [Train: 110370K->110370K(110528K), 0.0016190 secs] 110889K->110777K(111104K), 0.0034030 secs]
5.930: [GC 5.931: [DefNew: 534K->52K(576K), 0.0009560 secs]5.932: [Train: 110370K->110370K(110528K), 0.0015840 secs] 110905K->110807K(111104K), 0.0033460 secs]
5.934: [GC 5.934: [DefNew: 560K->36K(576K), 0.0009680 secs]5.935: [Train: 110393K->110393K(110528K), 0.0015960 secs] 110931K->110813K(111104K), 0.0033710 secs]
5.937: [GC 5.938: [DefNew: 547K->45K(576K), 0.0009660 secs]5.939: [Train: 110413K->110413K(110528K), 0.0015910 secs] 110941K->110843K(111104K), 0.0033720 secs]
5.941: [GC 5.941: [DefNew: 553K->36K(576K), 0.0009840 secs]5.942: [Train: 110431K->110431K(110592K), 0.0015780 secs] 110967K->110851K(111168K), 0.0033690 secs]
5.944: [GC 5.945: [DefNew: 547K->45K(576K), 0.0009710 secs]5.946: [Train: 110451K->110451K(110592K), 0.0016120 secs] 110978K->110838K(111168K), 0.0033900 secs]
5.948: [GC 5.949: [DefNew: 556K->42K(576K), 0.0009670 secs]5.950: [Train: 110467K->110467K(110592K), 0.0015880 secs] 111007K->110766K(111168K), 0.0033600 secs]
5.951: [GC 5.952: [DefNew: 549K->58K(576K), 0.0009750 secs]5.953: [Train: 110487K->110487K(110592K), 0.0015930 secs] 111017K->110546K(111168K), 0.0033760 secs]
5.955: [GC 5.956: [DefNew: 561K->62K(576K), 0.0010370 secs]5.957: [Train: 110559K->110559K(110720K), 0.0015830 secs] 111048K->110621K(111296K), 0.0034370 secs]
5.959: [GC 5.960: [DefNew: 564K->62K(576K), 0.0010150 secs] 111124K->110695K(111296K), 0.0018140 secs]
5.961: [GC 5.962: [DefNew: 564K->62K(576K), 0.0010200 secs]5.963: [Train: 110707K->110707K(110848K), 0.0015950 secs] 111198K->110769K(111424K), 0.0034310 secs]
5.965: [GC 5.966: [DefNew: 564K->62K(576K), 0.0010840 secs]5.967: [Train: 110781K->110781K(110912K), 0.0016250 secs] 111271K->111099K(111488K), 0.0035560 secs]
5.969: [GC 5.970: [DefNew: 569K->36K(576K), 0.0010080 secs]5.971: [Train: 110845K->110845K(110976K), 0.0015660 secs] 111350K->111222K(111552K), 0.0034040 secs]
5.973: [GC 5.973: [DefNew: 546K->32K(576K), 0.0009920 secs]5.974: [Train: 110882K->110882K(111040K), 0.0015820 secs] 111392K->111299K(111616K), 0.0033890 secs]
5.976: [GC 5.977: [DefNew: 543K->19K(576K), 0.0009880 secs]5.978: [Train: 110905K->110905K(111040K), 0.0016070 secs] 111426K->111309K(111616K), 0.0034060 secs]
5.980: [GC 5.980: [DefNew: 530K->49K(576K), 0.0009580 secs]5.981: [Train: 110905K->110905K(111040K), 0.0015820 secs] 111436K->111338K(111616K), 0.0033530 secs]
5.983: [GC 5.984: [DefNew: 557K->36K(576K), 0.0009700 secs]5.985: [Train: 110925K->110925K(111040K), 0.0015840 secs] 111462K->111345K(111616K), 0.0033720 secs]
5.987: [GC 5.987: [DefNew: 547K->45K(576K), 0.0009810 secs]5.988: [Train: 110946K->110946K(111104K), 0.0015840 secs] 111472K->111376K(111680K), 0.0033870 secs]
5.990: [GC 5.991: [DefNew: 553K->36K(576K), 0.0009680 secs]5.992: [Train: 110963K->110963K(111104K), 0.0015940 secs] 111500K->111340K(111680K), 0.0033760 secs]
5.994: [GC 5.995: [DefNew: 546K->49K(576K), 0.0009710 secs]5.996: [Train: 110982K->110982K(111104K), 0.0015770 secs] 111510K->111287K(111680K), 0.0033610 secs]
5.997: [GC 5.998: [DefNew: 559K->49K(576K), 0.0009900 secs]5.999: [Train: 111023K->111023K(111168K), 0.0015670 secs] 111542K->111073K(111744K), 0.0033760 secs]
6.001: [GC 6.002: [DefNew: 551K->62K(576K), 0.0010100 secs]6.003: [Train: 111084K->111084K(111232K), 0.0016160 secs] 111575K->111146K(111808K), 0.0034600 secs]
6.005: [GC 6.006: [DefNew: 564K->62K(576K), 0.0010160 secs] 111649K->111220K(111808K), 0.0018280 secs]
6.007: [GC 6.008: [DefNew: 564K->62K(576K), 0.0010170 secs]6.009: [Train: 111232K->111232K(111360K), 0.0015880 secs] 111723K->111294K(111936K), 0.0034150 secs]
6.011: [GC 6.012: [DefNew: 564K->62K(576K), 0.0010160 secs]6.013: [Train: 111306K->111306K(111424K), 0.0016280 secs] 111796K->111624K(112000K), 0.0034620 secs]
6.015: [GC 6.016: [DefNew: 569K->45K(576K), 0.0010030 secs]6.017: [Train: 111360K->111360K(111488K), 0.0015810 secs] 111875K->111747K(112064K), 0.0034030 secs]
6.019: [GC 6.019: [DefNew: 556K->22K(576K), 0.0009860 secs]6.020: [Train: 111398K->111398K(111552K), 0.0016150 secs] 111917K->111805K(112128K), 0.0034190 secs]
6.022: [GC 6.023: [DefNew: 534K->52K(576K), 0.0009650 secs]6.024: [Train: 111398K->111398K(111552K), 0.0015560 secs] 111932K->111834K(112128K), 0.0033430 secs]
6.026: [GC 6.026: [DefNew: 560K->36K(576K), 0.0009760 secs]6.027: [Train: 111421K->111421K(111552K), 0.0016120 secs] 111958K->111841K(112128K), 0.0034250 secs]
6.029: [GC 6.030: [DefNew: 547K->45K(576K), 0.0009880 secs]6.031: [Train: 111440K->111440K(111552K), 0.0015810 secs] 111968K->111870K(112128K), 0.0034080 secs]
6.033: [GC 6.033: [DefNew: 553K->36K(576K), 0.0009880 secs]6.034: [Train: 111458K->111458K(111616K), 0.0016020 secs] 111994K->111878K(112192K), 0.0034080 secs]
6.036: [GC 6.037: [DefNew: 547K->45K(576K), 0.0009920 secs]6.038: [Train: 111478K->111478K(111616K), 0.0015800 secs] 112006K->111908K(112192K), 0.0033900 secs]
6.040: [GC 6.041: [DefNew: 553K->36K(576K), 0.0009720 secs]6.042: [Train: 111494K->111494K(111616K), 0.0015510 secs] 112032K->111872K(112192K), 0.0033380 secs]
6.043: [GC 6.044: [DefNew: 546K->49K(576K), 0.0009790 secs]6.045: [Train: 111514K->111514K(111616K), 0.0015420 secs] 112041K->111819K(112192K), 0.0033390 secs]
6.047: [GC 6.048: [DefNew: 559K->49K(576K), 0.0009920 secs]6.049: [Train: 111555K->111555K(111680K), 0.0015740 secs] 112074K->111604K(112256K), 0.0033830 secs]
6.051: [GC 6.051: [DefNew: 551K->62K(576K), 0.0010170 secs]6.052: [Train: 111616K->111616K(111744K), 0.0015560 secs] 112107K->111678K(112320K), 0.0033940 secs]
6.055: [GC 6.055: [DefNew: 564K->62K(576K), 0.0010190 secs] 112180K->111752K(112320K), 0.0018240 secs]
6.057: [GC 6.058: [DefNew: 564K->62K(576K), 0.0010280 secs]6.059: [Train: 111763K->111763K(111872K), 0.0015920 secs] 112254K->111826K(112448K), 0.0034360 secs]
6.061: [GC 6.061: [DefNew: 564K->62K(576K), 0.0010510 secs]6.063: [Train: 111839K->111839K(112000K), 0.0015620 secs] 112328K->112157K(112576K), 0.0034380 secs]
6.064: [GC 6.065: [DefNew: 569K->45K(576K), 0.0010000 secs]6.066: [Train: 111891K->111891K(112000K), 0.0015620 secs] 112408K->112279K(112576K), 0.0033830 secs]
6.068: [GC 6.069: [DefNew: 556K->22K(576K), 0.0009950 secs]6.070: [Train: 111929K->111929K(112064K), 0.0015660 secs] 112448K->112336K(112640K), 0.0033810 secs]
6.071: [GC 6.072: [DefNew: 534K->52K(576K), 0.0009660 secs]6.073: [Train: 111929K->111929K(112064K), 0.0015600 secs] 112463K->112366K(112640K), 0.0033440 secs]
6.075: [GC 6.076: [DefNew: 560K->36K(576K), 0.0009800 secs]6.077: [Train: 111952K->111952K(112064K), 0.0015370 secs] 112490K->112372K(112640K), 0.0033360 secs]
6.078: [GC 6.079: [DefNew: 547K->45K(576K), 0.0009820 secs]6.080: [Train: 111974K->111974K(112128K), 0.0015550 secs] 112499K->112403K(112704K), 0.0033560 secs]
6.082: [GC 6.083: [DefNew: 553K->36K(576K), 0.0009750 secs]6.084: [Train: 111990K->111990K(112128K), 0.0015190 secs] 112527K->112410K(112704K), 0.0033100 secs]
6.085: [GC 6.086: [DefNew: 547K->45K(576K), 0.0009810 secs]6.087: [Train: 112010K->112010K(112128K), 0.0015220 secs] 112537K->112397K(112704K), 0.0033350 secs]
6.089: [GC 6.090: [DefNew: 556K->42K(576K), 0.0009800 secs]6.091: [Train: 112026K->112026K(112128K), 0.0015130 secs] 112566K->112325K(112704K), 0.0033090 secs]
6.092: [GC 6.093: [DefNew: 549K->58K(576K), 0.0009900 secs]6.094: [Train: 112047K->112047K(112192K), 0.0015210 secs] 112576K->112106K(112768K), 0.0033300 secs]
6.096: [GC 6.097: [DefNew: 561K->62K(576K), 0.0010380 secs]6.098: [Train: 112118K->112118K(112256K), 0.0015550 secs] 112609K->112180K(112832K), 0.0034140 secs]
6.100: [GC 6.101: [DefNew: 564K->62K(576K), 0.0010320 secs] 112683K->112254K(112832K), 0.0018390 secs]
6.102: [GC 6.103: [DefNew: 564K->62K(576K), 0.0010180 secs]6.104: [Train: 112266K->112266K(112384K), 0.0015400 secs] 112756K->112328K(112960K), 0.0033840 secs]
6.106: [GC 6.107: [DefNew: 564K->62K(576K), 0.0010300 secs]6.108: [Train: 112339K->112339K(112448K), 0.0015760 secs] 112830K->112658K(113024K), 0.0034400 secs]
6.110: [GC 6.111: [DefNew: 569K->36K(576K), 0.0010130 secs]6.112: [Train: 112403K->112403K(112512K), 0.0015460 secs] 112909K->112781K(113088K), 0.0033840 secs]
6.113: [GC 6.114: [DefNew: 546K->32K(576K), 0.0009980 secs]6.115: [Train: 112441K->112441K(112576K), 0.0015300 secs] 112950K->112858K(113152K), 0.0033540 secs]
6.117: [GC 6.118: [DefNew: 543K->19K(576K), 0.0009780 secs]6.119: [Train: 112464K->112464K(112576K), 0.0015190 secs] 112985K->112868K(113152K), 0.0033230 secs]
6.120: [GC 6.121: [DefNew: 530K->49K(576K), 0.0009820 secs]6.122: [Train: 112464K->112464K(112576K), 0.0015330 secs] 112995K->112897K(113152K), 0.0033330 secs]
6.124: [GC 6.125: [DefNew: 557K->36K(576K), 0.0009870 secs]6.126: [Train: 112486K->112486K(112640K), 0.0015170 secs] 113021K->112906K(113216K), 0.0033230 secs]
6.127: [GC 6.128: [DefNew: 547K->45K(576K), 0.0009810 secs]6.129: [Train: 112505K->112505K(112640K), 0.0015070 secs] 113033K->112935K(113216K), 0.0033060 secs]
6.131: [GC 6.132: [DefNew: 553K->36K(576K), 0.0009750 secs]6.132: [Train: 112522K->112522K(112640K), 0.0015380 secs] 113059K->112899K(113216K), 0.0033330 secs]
6.134: [GC 6.135: [DefNew: 546K->49K(576K), 0.0009900 secs]6.136: [Train: 112543K->112543K(112704K), 0.0015140 secs] 113069K->112848K(113280K), 0.0033250 secs]
6.138: [GC 6.139: [DefNew: 559K->49K(576K), 0.0009980 secs]6.140: [Train: 112582K->112582K(112704K), 0.0015420 secs] 113103K->112631K(113280K), 0.0033620 secs]
6.142: [GC 6.142: [DefNew: 551K->62K(576K), 0.0010190 secs]6.143: [Train: 112643K->112643K(112768K), 0.0015460 secs] 113134K->112705K(113344K), 0.0033970 secs]
6.145: [GC 6.146: [DefNew: 564K->62K(576K), 0.0010490 secs] 113208K->112779K(113344K), 0.0018780 secs]
6.148: [GC 6.149: [DefNew: 564K->62K(576K), 0.0010320 secs]6.150: [Train: 112791K->112791K(112896K), 0.0015270 secs] 113281K->112853K(113472K), 0.0033850 secs]
6.152: [GC 6.152: [DefNew: 564K->62K(576K), 0.0010410 secs]6.153: [Train: 112866K->112866K(113024K), 0.0015350 secs] 113355K->113185K(113600K), 0.0034090 secs]
6.155: [GC 6.156: [DefNew: 569K->45K(576K), 0.0010050 secs]6.157: [Train: 112919K->112919K(113024K), 0.0015980 secs] 113436K->113306K(113600K), 0.0034310 secs]
6.159: [GC 6.160: [DefNew: 556K->22K(576K), 0.0010020 secs]6.161: [Train: 112957K->112957K(113088K), 0.0015630 secs] 113476K->113363K(113664K), 0.0033950 secs]
6.162: [GC 6.163: [DefNew: 534K->52K(576K), 0.0009750 secs]6.164: [Train: 112957K->112957K(113088K), 0.0015310 secs] 113491K->113393K(113664K), 0.0033350 secs]
6.166: [GC 6.167: [DefNew: 560K->36K(576K), 0.0009960 secs]6.168: [Train: 112979K->112979K(113088K), 0.0015210 secs] 113517K->113399K(113664K), 0.0033460 secs]
6.169: [GC 6.170: [DefNew: 547K->45K(576K), 0.0010490 secs]6.171: [Train: 113001K->113001K(113152K), 0.0015620 secs] 113527K->113431K(113728K), 0.0034860 secs]
6.173: [GC 6.174: [DefNew: 553K->36K(576K), 0.0009890 secs]6.175: [Train: 113017K->113017K(113152K), 0.0015390 secs] 113555K->113437K(113728K), 0.0033730 secs]
6.177: [GC 6.177: [DefNew: 547K->45K(576K), 0.0009990 secs]6.178: [Train: 113037K->113037K(113152K), 0.0015090 secs] 113565K->113424K(113728K), 0.0033390 secs]
6.180: [GC 6.181: [DefNew: 556K->42K(576K), 0.0010050 secs]6.182: [Train: 113055K->113055K(113216K), 0.0015330 secs] 113594K->113354K(113792K), 0.0033650 secs]
6.184: [GC 6.184: [DefNew: 549K->58K(576K), 0.0009930 secs]6.185: [Train: 113075K->113075K(113216K), 0.0015290 secs] 113605K->113134K(113792K), 0.0033500 secs]
6.188: [GC 6.188: [DefNew: 561K->62K(576K), 0.0010320 secs]6.189: [Train: 113145K->113145K(113280K), 0.0015730 secs] 113636K->113207K(113856K), 0.0034390 secs]
6.191: [GC 6.192: [DefNew: 564K->62K(576K), 0.0010310 secs] 113710K->113281K(113856K), 0.0018520 secs]
6.194: [GC 6.194: [DefNew: 564K->62K(576K), 0.0010290 secs]6.195: [Train: 113293K->113293K(113408K), 0.0015020 secs] 113784K->113355K(113984K), 0.0033580 secs]
6.197: [GC 6.198: [DefNew: 564K->62K(576K), 0.0010230 secs]6.199: [Train: 113367K->113367K(113472K), 0.0015050 secs] 113858K->113685K(114048K), 0.0033660 secs]
6.201: [GC 6.202: [DefNew: 569K->36K(576K), 0.0010120 secs]6.203: [Train: 113431K->113431K(113536K), 0.0014840 secs] 113936K->113808K(114112K), 0.0033320 secs]
6.205: [GC 6.205: [DefNew: 546K->32K(576K), 0.0010130 secs]6.206: [Train: 113469K->113469K(113600K), 0.0014710 secs] 113978K->113885K(114176K), 0.0033130 secs]
6.208: [GC 6.209: [DefNew: 543K->19K(576K), 0.0009880 secs]6.210: [Train: 113491K->113491K(113600K), 0.0014680 secs] 114012K->113895K(114176K), 0.0032850 secs]
6.211: [GC 6.212: [DefNew: 530K->49K(576K), 0.0009750 secs]6.213: [Train: 113491K->113491K(113600K), 0.0015050 secs] 114022K->113925K(114176K), 0.0033090 secs]
6.215: [GC 6.216: [DefNew: 557K->36K(576K), 0.0009900 secs]6.217: [Train: 113513K->113513K(113664K), 0.0014850 secs] 114048K->113933K(114240K), 0.0033030 secs]
6.218: [GC 6.219: [DefNew: 547K->45K(576K), 0.0009860 secs]6.220: [Train: 113533K->113533K(113664K), 0.0014610 secs] 114060K->113962K(114240K), 0.0032740 secs]
6.222: [GC 6.223: [DefNew: 553K->36K(576K), 0.0009820 secs]6.224: [Train: 113549K->113549K(113664K), 0.0014560 secs] 114086K->113926K(114240K), 0.0032660 secs]
6.225: [GC 6.226: [DefNew: 546K->49K(576K), 0.0009910 secs]6.227: [Train: 113570K->113570K(113728K), 0.0014660 secs] 114096K->113875K(114304K), 0.0032930 secs]
6.229: [GC 6.229: [DefNew: 559K->49K(576K), 0.0010120 secs]6.231: [Train: 113610K->113610K(113728K), 0.0014950 secs] 114130K->113659K(114304K), 0.0033380 secs]
6.234: [GC 6.234: [DefNew: 551K->62K(576K), 0.0010360 secs]6.235: [Train: 113670K->113670K(113792K), 0.0014820 secs] 114161K->113733K(114368K), 0.0033580 secs]
6.237: [GC 6.238: [DefNew: 564K->62K(576K), 0.0010360 secs] 114235K->113806K(114368K), 0.0018790 secs]
6.240: [GC 6.241: [DefNew: 564K->62K(576K), 0.0010390 secs]6.242: [Train: 113818K->113818K(113920K), 0.0015220 secs] 114309K->113880K(114496K), 0.0033880 secs]
6.244: [GC 6.244: [DefNew: 564K->62K(576K), 0.0010450 secs]6.245: [Train: 113894K->113894K(114048K), 0.0015160 secs] 114383K->114212K(114624K), 0.0033940 secs]
6.247: [GC 6.248: [DefNew: 569K->45K(576K), 0.0010100 secs]6.249: [Train: 113946K->113946K(114048K), 0.0014790 secs] 114463K->114333K(114624K), 0.0033220 secs]
6.251: [GC 6.252: [DefNew: 556K->22K(576K), 0.0010040 secs]6.253: [Train: 113984K->113984K(114112K), 0.0015520 secs] 114503K->114391K(114688K), 0.0033890 secs]
6.254: [GC 6.255: [DefNew: 534K->52K(576K), 0.0009800 secs]6.256: [Train: 113984K->113984K(114112K), 0.0015100 secs] 114518K->114420K(114688K), 0.0033210 secs]
6.258: [GC 6.259: [DefNew: 560K->36K(576K), 0.0009990 secs]6.260: [Train: 114007K->114007K(114112K), 0.0014770 secs] 114544K->114427K(114688K), 0.0035090 secs]
6.261: [GC 6.262: [DefNew: 547K->45K(576K), 0.0010000 secs]6.263: [Train: 114028K->114028K(114176K), 0.0014910 secs] 114554K->114458K(114752K), 0.0033380 secs]
6.265: [GC 6.266: [DefNew: 553K->36K(576K), 0.0010060 secs]6.267: [Train: 114045K->114045K(114176K), 0.0014690 secs] 114582K->114465K(114752K), 0.0033090 secs]
6.268: [GC 6.269: [DefNew: 547K->45K(576K), 0.0009960 secs]6.270: [Train: 114064K->114064K(114176K), 0.0014640 secs] 114592K->114451K(114752K), 0.0032890 secs]
6.272: [GC 6.273: [DefNew: 556K->42K(576K), 0.0009950 secs]6.274: [Train: 114082K->114082K(114240K), 0.0239030 secs] 114621K->114381K(114816K), 0.0257560 secs]
6.302: [GC 6.303: [DefNew: 549K->58K(576K), 0.0010590 secs]6.304: [Train: 114102K->114102K(114240K), 0.0015090 secs] 114632K->114161K(114816K), 0.0034750 secs]
6.314: [GC 6.315: [DefNew: 561K->62K(576K), 0.0011040 secs]6.316: [Train: 114173K->114173K(114304K), 0.0015130 secs] 114663K->114235K(114880K), 0.0036370 secs]
6.318: [GC 6.319: [DefNew: 564K->62K(576K), 0.0010490 secs] 114737K->114309K(114880K), 0.0018840 secs]
6.321: [GC 6.321: [DefNew: 564K->62K(576K), 0.0010420 secs]6.322: [Train: 114320K->114320K(114432K), 0.0031480 secs] 114811K->114382K(115008K), 0.0050370 secs]
6.326: [GC 6.327: [DefNew: 564K->62K(576K), 0.0010780 secs]6.328: [Train: 114394K->114394K(114496K), 0.0015140 secs] 114885K->114712K(115072K), 0.0034740 secs]
6.330: [GC 6.331: [DefNew: 569K->36K(576K), 0.0010360 secs]6.332: [Train: 114458K->114458K(114560K), 0.0014870 secs] 114963K->114835K(115136K), 0.0033660 secs]
6.333: [GC 6.334: [DefNew: 546K->32K(576K), 0.0010150 secs]6.335: [Train: 114496K->114496K(114624K), 0.0014620 secs] 115005K->114913K(115200K), 0.0033210 secs]
6.337: [GC 6.338: [DefNew: 543K->19K(576K), 0.0010090 secs]6.339: [Train: 114519K->114519K(114624K), 0.0014560 secs] 115040K->114922K(115200K), 0.0033000 secs]
6.340: [GC 6.341: [DefNew: 530K->49K(576K), 0.0009890 secs]6.342: [Train: 114519K->114519K(114624K), 0.0014530 secs] 115050K->114952K(115200K), 0.0032760 secs]
6.344: [GC 6.344: [DefNew: 557K->36K(576K), 0.0010010 secs]6.345: [Train: 114540K->114540K(114688K), 0.0014740 secs] 115076K->114960K(115264K), 0.0033120 secs]
6.347: [GC 6.348: [DefNew: 547K->45K(576K), 0.0009970 secs]6.349: [Train: 114560K->114560K(114688K), 0.0014920 secs] 115087K->114990K(115264K), 0.0033270 secs]
6.351: [GC 6.351: [DefNew: 553K->36K(576K), 0.0009930 secs]6.352: [Train: 114576K->114576K(114688K), 0.0014470 secs] 115114K->114954K(115264K), 0.0032750 secs]
6.354: [GC 6.355: [DefNew: 546K->49K(576K), 0.0010020 secs]6.356: [Train: 114598K->114598K(114752K), 0.0014620 secs] 115123K->114903K(115328K), 0.0032990 secs]
6.358: [GC 6.358: [DefNew: 559K->49K(576K), 0.0012010 secs]6.360: [Train: 114637K->114637K(114752K), 0.0014560 secs] 115157K->114686K(115328K), 0.0035010 secs]
6.362: [GC 6.362: [DefNew: 551K->62K(576K), 0.0010360 secs]6.363: [Train: 114698K->114698K(114816K), 0.0014650 secs] 115188K->114760K(115392K), 0.0033640 secs]
6.365: [GC 6.366: [DefNew: 564K->62K(576K), 0.0010410 secs] 115262K->114834K(115392K), 0.0018740 secs]
6.368: [GC 6.368: [DefNew: 564K->62K(576K), 0.0010530 secs]6.369: [Train: 114847K->114847K(115008K), 0.0038430 secs] 115336K->114909K(115584K), 0.0057450 secs]
6.374: [GC 6.375: [DefNew: 564K->62K(576K), 0.0010830 secs]6.376: [Train: 114921K->114921K(115072K), 0.0015100 secs] 115412K->115239K(115648K), 0.0034770 secs]
6.378: [GC 6.378: [DefNew: 569K->45K(576K), 0.0011320 secs]6.380: [Train: 114975K->114975K(115136K), 0.0014500 secs] 115490K->115362K(115712K), 0.0034360 secs]
6.381: [GC 6.382: [DefNew: 556K->22K(576K), 0.0010110 secs]6.383: [Train: 115011K->115011K(115136K), 0.0014350 secs] 115532K->115418K(115712K), 0.0032940 secs]
6.385: [GC 6.385: [DefNew: 534K->52K(576K), 0.0010060 secs]6.386: [Train: 115011K->115011K(115136K), 0.0014250 secs] 115545K->115447K(115712K), 0.0032680 secs]
6.388: [GC 6.389: [DefNew: 560K->36K(576K), 0.0010070 secs]6.390: [Train: 115034K->115034K(115136K), 0.0014610 secs] 115571K->115454K(115712K), 0.0033050 secs]
6.392: [GC 6.392: [DefNew: 547K->45K(576K), 0.0010040 secs]6.393: [Train: 115055K->115055K(115200K), 0.0014650 secs] 115581K->115485K(115776K), 0.0033070 secs]
6.395: [GC 6.396: [DefNew: 553K->36K(576K), 0.0010000 secs]6.397: [Train: 115072K->115072K(115200K), 0.0014340 secs] 115609K->115492K(115776K), 0.0032730 secs]
6.398: [GC 6.399: [DefNew: 547K->45K(576K), 0.0009970 secs]6.400: [Train: 115091K->115091K(115200K), 0.0014540 secs] 115619K->115479K(115776K), 0.0032890 secs]
6.402: [GC 6.403: [DefNew: 556K->42K(576K), 0.0010050 secs]6.404: [Train: 115110K->115110K(115264K), 0.0014330 secs] 115648K->115408K(115840K), 0.0032770 secs]
6.405: [GC 6.406: [DefNew: 549K->58K(576K), 0.0010030 secs]6.407: [Train: 115129K->115129K(115264K), 0.0017660 secs] 115659K->115188K(115840K), 0.0036200 secs]
6.409: [GC 6.410: [DefNew: 561K->62K(576K), 0.0010560 secs]6.411: [Train: 115200K->115200K(115328K), 0.0014750 secs] 115691K->115262K(115904K), 0.0033970 secs]
6.413: [GC 6.414: [DefNew: 564K->62K(576K), 0.0010550 secs] 115764K->115336K(115904K), 0.0019540 secs]
6.416: [GC 6.416: [DefNew: 564K->62K(576K), 0.0010430 secs]6.418: [Train: 115347K->115347K(115456K), 0.0014400 secs] 115838K->115410K(116032K), 0.0033220 secs]
6.419: [GC 6.420: [DefNew: 564K->62K(576K), 0.0012250 secs]6.421: [Train: 115423K->115423K(115584K), 0.0015700 secs] 115912K->115741K(116160K), 0.0036410 secs]
6.423: [GC 6.424: [DefNew: 569K->36K(576K), 0.0010770 secs]6.425: [Train: 115487K->115487K(115648K), 0.0014880 secs] 115992K->115864K(116224K), 0.0034810 secs]
6.427: [GC 6.428: [DefNew: 546K->32K(576K), 0.0010150 secs]6.429: [Train: 115523K->115523K(115648K), 0.0014290 secs] 116034K->115940K(116224K), 0.0032860 secs]
6.430: [GC 6.431: [DefNew: 543K->19K(576K), 0.0010020 secs]6.432: [Train: 115546K->115546K(115648K), 0.0014560 secs] 116067K->115950K(116224K), 0.0033000 secs]
6.434: [GC 6.435: [DefNew: 530K->49K(576K), 0.0009920 secs]6.436: [Train: 115546K->115546K(115648K), 0.0014090 secs] 116077K->115979K(116224K), 0.0032410 secs]
6.437: [GC 6.438: [DefNew: 557K->36K(576K), 0.0010050 secs]6.439: [Train: 115567K->115567K(115712K), 0.0014540 secs] 116103K->115987K(116288K), 0.0033080 secs]
6.441: [GC 6.441: [DefNew: 547K->45K(576K), 0.0010090 secs]6.442: [Train: 115587K->115587K(115712K), 0.0014570 secs] 116115K->116017K(116288K), 0.0033080 secs]
6.444: [GC 6.445: [DefNew: 553K->36K(576K), 0.0010100 secs]6.446: [Train: 115603K->115603K(115712K), 0.0014140 secs] 116141K->115981K(116288K), 0.0032660 secs]
6.448: [GC 6.448: [DefNew: 546K->49K(576K), 0.0010070 secs]6.449: [Train: 115625K->115625K(115776K), 0.0014290 secs] 116150K->115930K(116352K), 0.0032780 secs]
6.451: [GC 6.452: [DefNew: 559K->49K(576K), 0.0010120 secs]6.453: [Train: 115664K->115664K(115776K), 0.0014170 secs] 116184K->115713K(116352K), 0.0032740 secs]
6.455: [GC 6.456: [DefNew: 551K->62K(576K), 0.0010310 secs]6.457: [Train: 115725K->115725K(115840K), 0.0014800 secs] 116216K->115787K(116416K), 0.0033590 secs]
6.459: [GC 6.460: [DefNew: 564K->62K(576K), 0.0010510 secs] 116289K->115861K(116416K), 0.0020770 secs]
6.461: [GC 6.462: [DefNew: 564K->62K(576K), 0.0010550 secs]6.463: [Train: 115874K->115874K(116032K), 0.0014160 secs] 116363K->115937K(116608K), 0.0033210 secs]
6.465: [GC 6.466: [DefNew: 564K->62K(576K), 0.0010420 secs]6.467: [Train: 115948K->115948K(116096K), 0.0014390 secs] 116439K->116266K(116672K), 0.0033350 secs]
6.468: [GC 6.469: [DefNew: 569K->45K(576K), 0.0010390 secs]6.470: [Train: 116002K->116002K(116160K), 0.0014180 secs] 116518K->116389K(116736K), 0.0033010 secs]
6.472: [GC 6.473: [DefNew: 556K->22K(576K), 0.0010130 secs]6.474: [Train: 116038K->116038K(116160K), 0.0014020 secs] 116559K->116445K(116736K), 0.0032590 secs]
6.475: [GC 6.476: [DefNew: 534K->52K(576K), 0.0009940 secs]6.477: [Train: 116038K->116038K(116160K), 0.0014010 secs] 116573K->116475K(116736K), 0.0032380 secs]
6.479: [GC 6.479: [DefNew: 560K->36K(576K), 0.0010080 secs]6.480: [Train: 116063K->116063K(116224K), 0.0014310 secs] 116599K->116483K(116800K), 0.0032840 secs]
6.482: [GC 6.483: [DefNew: 547K->45K(576K), 0.0010030 secs]6.484: [Train: 116083K->116083K(116224K), 0.0014110 secs] 116610K->116513K(116800K), 0.0032600 secs]
6.486: [GC 6.487: [DefNew: 553K->36K(576K), 0.0010210 secs]6.488: [Train: 116099K->116099K(116224K), 0.0014490 secs] 116636K->116519K(116800K), 0.0036610 secs]
6.489: [GC 6.490: [DefNew: 547K->45K(576K), 0.0010100 secs]6.491: [Train: 116119K->116119K(116224K), 0.0013830 secs] 116646K->116506K(116800K), 0.0032560 secs]
6.493: [GC 6.494: [DefNew: 556K->42K(576K), 0.0010280 secs]6.495: [Train: 116137K->116137K(116288K), 0.0014350 secs] 116676K->116435K(116864K), 0.0033100 secs]
6.496: [GC 6.497: [DefNew: 549K->58K(576K), 0.0010150 secs]6.498: [Train: 116157K->116157K(116288K), 0.0013930 secs] 116687K->116215K(116864K), 0.0032580 secs]
6.500: [GC 6.501: [DefNew: 561K->62K(576K), 0.0010480 secs]6.502: [Train: 116227K->116227K(116352K), 0.0014040 secs] 116718K->116289K(116928K), 0.0033040 secs]
6.504: [GC 6.505: [DefNew: 564K->62K(576K), 0.0010480 secs] 116792K->116363K(116928K), 0.0019010 secs]
6.506: [GC 6.507: [DefNew: 564K->62K(576K), 0.0010480 secs]6.508: [Train: 116375K->116375K(116480K), 0.0014160 secs] 116866K->116437K(117056K), 0.0033070 secs]
6.510: [GC 6.511: [DefNew: 564K->62K(576K), 0.0010520 secs]6.512: [Train: 116450K->116450K(116608K), 0.0014130 secs] 116939K->116769K(117184K), 0.0033180 secs]
6.513: [GC 6.514: [DefNew: 569K->36K(576K), 0.0010330 secs]6.515: [Train: 116514K->116514K(116672K), 0.0013950 secs] 117020K->116892K(117248K), 0.0032830 secs]
6.517: [GC 6.518: [DefNew: 546K->32K(576K), 0.0010140 secs]6.519: [Train: 116550K->116550K(116672K), 0.0014020 secs] 117061K->116967K(117248K), 0.0032800 secs]
6.520: [GC 6.521: [DefNew: 543K->19K(576K), 0.0012110 secs]6.522: [Train: 116575K->116575K(116736K), 0.0014020 secs] 117094K->116979K(117312K), 0.0035610 secs]
6.524: [GC 6.525: [DefNew: 530K->49K(576K), 0.0010050 secs]6.526: [Train: 116575K->116575K(116736K), 0.0013840 secs] 117106K->117008K(117312K), 0.0032380 secs]
6.527: [GC 6.528: [DefNew: 557K->36K(576K), 0.0010060 secs]6.529: [Train: 116595K->116595K(116736K), 0.0014060 secs] 117132K->117015K(117312K), 0.0032610 secs]
6.531: [GC 6.532: [DefNew: 547K->45K(576K), 0.0010070 secs]6.533: [Train: 116614K->116614K(116736K), 0.0013800 secs] 117142K->117044K(117312K), 0.0032370 secs]
6.534: [GC 6.535: [DefNew: 553K->36K(576K), 0.0010040 secs]6.536: [Train: 116631K->116631K(116736K), 0.0013610 secs] 117168K->117008K(117312K), 0.0032110 secs]
6.538: [GC 6.538: [DefNew: 546K->49K(576K), 0.0010140 secs]6.539: [Train: 116652K->116652K(116800K), 0.0014120 secs] 117178K->116957K(117376K), 0.0032800 secs]
6.541: [GC 6.542: [DefNew: 559K->49K(576K), 0.0010200 secs]6.543: [Train: 116691K->116691K(116800K), 0.0013950 secs] 117212K->116741K(117376K), 0.0032790 secs]
6.545: [GC 6.546: [DefNew: 551K->62K(576K), 0.0012900 secs]6.547: [Train: 116752K->116752K(116864K), 0.0013810 secs] 117243K->116814K(117440K), 0.0035280 secs]
6.549: [GC 6.550: [DefNew: 564K->62K(576K), 0.0010550 secs] 117317K->116888K(117440K), 0.0018960 secs]
6.551: [GC 6.552: [DefNew: 564K->62K(576K), 0.0010660 secs]6.553: [Train: 116902K->116902K(117056K), 0.0014030 secs] 117391K->116964K(117632K), 0.0033190 secs]
6.555: [GC 6.556: [DefNew: 564K->62K(576K), 0.0010460 secs]6.557: [Train: 116975K->116975K(117120K), 0.0013980 secs] 117466K->117294K(117696K), 0.0032980 secs]
6.558: [GC 6.559: [DefNew: 569K->45K(576K), 0.0012240 secs]6.560: [Train: 117030K->117030K(117184K), 0.0013800 secs] 117545K->117417K(117760K), 0.0034610 secs]
6.562: [GC 6.563: [DefNew: 556K->22K(576K), 0.0010160 secs]6.564: [Train: 117066K->117066K(117184K), 0.0013650 secs] 117586K->117473K(117760K), 0.0032360 secs]
6.565: [GC 6.566: [DefNew: 534K->52K(576K), 0.0010020 secs]6.567: [Train: 117066K->117066K(117184K), 0.0013670 secs] 117600K->117502K(117760K), 0.0032350 secs]
6.569: [GC 6.570: [DefNew: 560K->36K(576K), 0.0010210 secs]6.571: [Train: 117090K->117090K(117248K), 0.0013870 secs] 117626K->117510K(117824K), 0.0032590 secs]
6.572: [GC 6.573: [DefNew: 547K->45K(576K), 0.0010170 secs]6.574: [Train: 117110K->117110K(117248K), 0.0013820 secs] 117638K->117540K(117824K), 0.0032520 secs]
6.576: [GC 6.576: [DefNew: 553K->36K(576K), 0.0010830 secs]6.577: [Train: 117126K->117126K(117248K), 0.0013820 secs] 117664K->117546K(117824K), 0.0033220 secs]
6.579: [GC 6.580: [DefNew: 547K->45K(576K), 0.0010120 secs]6.581: [Train: 117146K->117146K(117248K), 0.0013680 secs] 117674K->117533K(117824K), 0.0032340 secs]
6.582: [GC 6.583: [DefNew: 556K->42K(576K), 0.0010150 secs]6.584: [Train: 117164K->117164K(117312K), 0.0014720 secs] 117703K->117463K(117888K), 0.0033390 secs]
6.586: [GC 6.587: [DefNew: 549K->58K(576K), 0.0010170 secs]6.588: [Train: 117184K->117184K(117312K), 0.0013730 secs] 117714K->117243K(117888K), 0.0032430 secs]
6.590: [GC 6.590: [DefNew: 561K->62K(576K), 0.0010510 secs]6.592: [Train: 117254K->117254K(117376K), 0.0013770 secs] 117745K->117317K(117952K), 0.0032870 secs]
6.593: [GC 6.594: [DefNew: 564K->62K(576K), 0.0010500 secs] 117819K->117390K(117952K), 0.0018980 secs]
6.596: [GC 6.597: [DefNew: 564K->62K(576K), 0.0010590 secs]6.598: [Train: 117402K->117402K(117504K), 0.0013880 secs] 117893K->117464K(118080K), 0.0033080 secs]
6.600: [GC 6.600: [DefNew: 564K->62K(576K), 0.0010600 secs]6.601: [Train: 117478K->117478K(117632K), 0.0014050 secs] 117967K->117796K(118208K), 0.0033240 secs]
6.603: [GC 6.604: [DefNew: 569K->36K(576K), 0.0010410 secs]6.605: [Train: 117542K->117542K(117696K), 0.0015700 secs] 118047K->117919K(118272K), 0.0034720 secs]
6.607: [GC 6.608: [DefNew: 546K->32K(576K), 0.0010260 secs]6.609: [Train: 117578K->117578K(117696K), 0.0013940 secs] 118089K->117994K(118272K), 0.0032830 secs]
6.610: [GC 6.611: [DefNew: 543K->19K(576K), 0.0010220 secs]6.612: [Train: 117602K->117602K(117760K), 0.0013510 secs] 118122K->118006K(118336K), 0.0033110 secs]
6.614: [GC 6.614: [DefNew: 530K->49K(576K), 0.0010050 secs]6.615: [Train: 117602K->117602K(117760K), 0.0013600 secs] 118133K->118035K(118336K), 0.0032360 secs]
6.617: [GC 6.618: [DefNew: 557K->36K(576K), 0.0010140 secs]6.619: [Train: 117622K->117622K(117760K), 0.0013350 secs] 118159K->118042K(118336K), 0.0032090 secs]
6.620: [GC 6.621: [DefNew: 547K->45K(576K), 0.0010190 secs]6.622: [Train: 117642K->117642K(117760K), 0.0013260 secs] 118169K->118071K(118336K), 0.0031990 secs]
6.624: [GC 6.624: [DefNew: 553K->36K(576K), 0.0010110 secs]6.625: [Train: 117658K->117658K(117760K), 0.0013440 secs] 118195K->118035K(118336K), 0.0032100 secs]
6.627: [GC 6.628: [DefNew: 546K->49K(576K), 0.0010180 secs]6.629: [Train: 117679K->117679K(117824K), 0.0013620 secs] 118205K->117985K(118400K), 0.0032350 secs]
6.631: [GC 6.631: [DefNew: 559K->49K(576K), 0.0010270 secs]6.632: [Train: 117719K->117719K(117824K), 0.0013370 secs] 118239K->117768K(118400K), 0.0032190 secs]
6.634: [GC 6.635: [DefNew: 551K->62K(576K), 0.0010630 secs]6.636: [Train: 117779K->117779K(117888K), 0.0013670 secs] 118270K->117842K(118464K), 0.0033110 secs]
6.638: [GC 6.639: [DefNew: 564K->62K(576K), 0.0010720 secs] 118344K->117917K(118528K), 0.0019250 secs]
6.640: [GC 6.641: [DefNew: 564K->62K(576K), 0.0010650 secs]6.642: [Train: 117929K->117929K(118080K), 0.0013500 secs] 118420K->117991K(118656K), 0.0032730 secs]
6.644: [GC 6.645: [DefNew: 564K->62K(576K), 0.0010630 secs]6.646: [Train: 118003K->118003K(118144K), 0.0013400 secs] 118493K->118321K(118720K), 0.0032670 secs]
6.648: [GC 6.648: [DefNew: 569K->45K(576K), 0.0010400 secs]6.649: [Train: 118057K->118057K(118208K), 0.0014100 secs] 118572K->118444K(118784K), 0.0033120 secs]
6.651: [GC 6.652: [DefNew: 556K->22K(576K), 0.0010260 secs]6.653: [Train: 118093K->118093K(118208K), 0.0013410 secs] 118614K->118500K(118784K), 0.0032300 secs]
6.654: [GC 6.655: [DefNew: 534K->52K(576K), 0.0010080 secs]6.656: [Train: 118093K->118093K(118208K), 0.0013230 secs] 118627K->118529K(118784K), 0.0031890 secs]
6.658: [GC 6.659: [DefNew: 560K->36K(576K), 0.0012000 secs]6.660: [Train: 118118K->118118K(118272K), 0.0014000 secs] 118653K->118538K(118848K), 0.0034600 secs]
6.661: [GC 6.662: [DefNew: 547K->45K(576K), 0.0010210 secs]6.663: [Train: 118137K->118137K(118272K), 0.0013650 secs] 118665K->118567K(118848K), 0.0032620 secs]
6.665: [GC 6.666: [DefNew: 553K->36K(576K), 0.0010200 secs]6.667: [Train: 118154K->118154K(118272K), 0.0013300 secs] 118691K->118574K(118848K), 0.0032090 secs]
6.668: [GC 6.669: [DefNew: 547K->45K(576K), 0.0010280 secs]6.670: [Train: 118175K->118175K(118336K), 0.0013510 secs] 118701K->118562K(118912K), 0.0032410 secs]
6.671: [GC 6.672: [DefNew: 556K->42K(576K), 0.0010170 secs]6.673: [Train: 118191K->118191K(118336K), 0.0013340 secs] 118732K->118490K(118912K), 0.0032120 secs]
6.675: [GC 6.676: [DefNew: 549K->58K(576K), 0.0010210 secs]6.677: [Train: 118211K->118211K(118336K), 0.0013470 secs] 118741K->118270K(118912K), 0.0032260 secs]
6.679: [GC 6.679: [DefNew: 561K->62K(576K), 0.0010540 secs]6.680: [Train: 118282K->118282K(118400K), 0.0013540 secs] 118772K->118344K(118976K), 0.0032720 secs]
6.682: [GC 6.683: [DefNew: 564K->62K(576K), 0.0010560 secs] 118846K->118418K(118976K), 0.0019060 secs]
6.685: [GC 6.685: [DefNew: 564K->62K(576K), 0.0010830 secs]6.687: [Train: 118431K->118431K(118592K), 0.0013470 secs] 118920K->118493K(119168K), 0.0032900 secs]
6.688: [GC 6.689: [DefNew: 564K->62K(576K), 0.0010640 secs]6.690: [Train: 118505K->118505K(118656K), 0.0013270 secs] 118996K->118823K(119232K), 0.0032560 secs]
6.692: [GC 6.693: [DefNew: 569K->36K(576K), 0.0010520 secs]6.694: [Train: 118569K->118569K(118720K), 0.0013280 secs] 119074K->118946K(119296K), 0.0032420 secs]
6.695: [GC 6.696: [DefNew: 546K->32K(576K), 0.0010260 secs]6.697: [Train: 118605K->118605K(118720K), 0.0013160 secs] 119116K->119022K(119296K), 0.0032030 secs]
6.699: [GC 6.699: [DefNew: 543K->19K(576K), 0.0010230 secs]6.700: [Train: 118630K->118630K(118784K), 0.0013600 secs] 119149K->119033K(119360K), 0.0032520 secs]
6.702: [GC 6.703: [DefNew: 530K->49K(576K), 0.0010120 secs]6.704: [Train: 118630K->118630K(118784K), 0.0013480 secs] 119161K->119063K(119360K), 0.0032210 secs]
6.705: [GC 6.706: [DefNew: 557K->36K(576K), 0.0010220 secs]6.707: [Train: 118649K->118649K(118784K), 0.0013230 secs] 119187K->119069K(119360K), 0.0032330 secs]
6.709: [GC 6.710: [DefNew: 547K->45K(576K), 0.0010360 secs]6.711: [Train: 118669K->118669K(118784K), 0.0013330 secs] 119197K->119099K(119360K), 0.0032310 secs]
6.712: [GC 6.713: [DefNew: 553K->36K(576K), 0.0010270 secs]6.714: [Train: 118687K->118687K(118848K), 0.0013280 secs] 119223K->119064K(119424K), 0.0032180 secs]
6.716: [GC 6.716: [DefNew: 546K->49K(576K), 0.0010230 secs]6.717: [Train: 118707K->118707K(118848K), 0.0013120 secs] 119234K->119012K(119424K), 0.0031970 secs]
6.719: [GC 6.720: [DefNew: 559K->49K(576K), 0.0010320 secs]6.721: [Train: 118746K->118746K(118848K), 0.0013240 secs] 119266K->118795K(119424K), 0.0032200 secs]
6.723: [GC 6.723: [DefNew: 551K->62K(576K), 0.0010510 secs]6.724: [Train: 118807K->118807K(118912K), 0.0013300 secs] 119297K->118869K(119488K), 0.0032500 secs]
6.726: [GC 6.727: [DefNew: 564K->62K(576K), 0.0010700 secs] 119371K->118945K(119552K), 0.0019240 secs]
6.729: [GC 6.729: [DefNew: 564K->62K(576K), 0.0010740 secs]6.731: [Train: 118956K->118956K(119104K), 0.0013660 secs] 119447K->119018K(119680K), 0.0033050 secs]
6.732: [GC 6.733: [DefNew: 564K->62K(576K), 0.0010730 secs]6.734: [Train: 119030K->119030K(119168K), 0.0013430 secs] 119521K->119348K(119744K), 0.0032850 secs]
6.736: [GC 6.737: [DefNew: 569K->45K(576K), 0.0010810 secs]6.738: [Train: 119084K->119084K(119232K), 0.0013430 secs] 119599K->119471K(119808K), 0.0033140 secs]
6.739: [GC 6.740: [DefNew: 556K->22K(576K), 0.0010380 secs]6.741: [Train: 119120K->119120K(119232K), 0.0013330 secs] 119641K->119527K(119808K), 0.0032390 secs]
6.743: [GC 6.744: [DefNew: 534K->52K(576K), 0.0010160 secs]6.745: [Train: 119120K->119120K(119232K), 0.0013210 secs] 119654K->119557K(119808K), 0.0032060 secs]
6.746: [GC 6.747: [DefNew: 560K->36K(576K), 0.0010350 secs]6.748: [Train: 119145K->119145K(119296K), 0.0013040 secs] 119680K->119565K(119872K), 0.0032070 secs]
6.749: [GC 6.750: [DefNew: 547K->45K(576K), 0.0010300 secs]6.751: [Train: 119165K->119165K(119296K), 0.0012890 secs] 119692K->119594K(119872K), 0.0031900 secs]
6.753: [GC 6.754: [DefNew: 553K->36K(576K), 0.0010290 secs]6.755: [Train: 119181K->119181K(119296K), 0.0012910 secs] 119718K->119601K(119872K), 0.0031860 secs]
6.756: [GC 6.757: [DefNew: 547K->45K(576K), 0.0010460 secs]6.758: [Train: 119202K->119202K(119360K), 0.0013220 secs] 119728K->119632K(119936K), 0.0032420 secs]
6.760: [GC 6.760: [DefNew: 553K->36K(576K), 0.0010340 secs]6.762: [Train: 119219K->119219K(119360K), 0.0012980 secs] 119756K->119596K(119936K), 0.0033870 secs]
6.763: [GC 6.764: [DefNew: 546K->49K(576K), 0.0010310 secs]6.765: [Train: 119238K->119238K(119360K), 0.0013320 secs] 119766K->119543K(119936K), 0.0032330 secs]
6.767: [GC 6.767: [DefNew: 559K->49K(576K), 0.0010450 secs]6.768: [Train: 119279K->119279K(119424K), 0.0013040 secs] 119798K->119329K(120000K), 0.0032170 secs]
6.770: [GC 6.771: [DefNew: 551K->62K(576K), 0.0010660 secs]6.772: [Train: 119340K->119340K(119488K), 0.0013210 secs] 119831K->119402K(120064K), 0.0032590 secs]
6.774: [GC 6.775: [DefNew: 564K->62K(576K), 0.0010710 secs] 119905K->119476K(120064K), 0.0019300 secs]
6.776: [GC 6.777: [DefNew: 564K->62K(576K), 0.0010790 secs]6.778: [Train: 119488K->119488K(119616K), 0.0012960 secs] 119979K->119550K(120192K), 0.0032430 secs]
6.780: [GC 6.781: [DefNew: 564K->62K(576K), 0.0010850 secs]6.782: [Train: 119562K->119562K(119680K), 0.0013350 secs] 120052K->119880K(120256K), 0.0032920 secs]
6.783: [GC 6.784: [DefNew: 569K->45K(576K), 0.0011520 secs]6.785: [Train: 119616K->119616K(119744K), 0.0013300 secs] 120131K->120003K(120320K), 0.0033560 secs]
6.787: [GC 6.788: [DefNew: 556K->22K(576K), 0.0010430 secs]6.789: [Train: 119654K->119654K(119808K), 0.0013040 secs] 120173K->120061K(120384K), 0.0032190 secs]
6.790: [GC 6.791: [DefNew: 534K->52K(576K), 0.0010200 secs]6.792: [Train: 119654K->119654K(119808K), 0.0012880 secs] 120188K->120090K(120384K), 0.0031780 secs]
6.794: [GC 6.794: [DefNew: 560K->36K(576K), 0.0010310 secs]6.796: [Train: 119677K->119677K(119808K), 0.0012800 secs] 120214K->120097K(120384K), 0.0031820 secs]
6.797: [GC 6.798: [DefNew: 547K->45K(576K), 0.0010310 secs]6.799: [Train: 119696K->119696K(119808K), 0.0013220 secs] 120224K->120126K(120384K), 0.0032300 secs]
6.800: [GC 6.801: [DefNew: 553K->36K(576K), 0.0010450 secs]6.802: [Train: 119714K->119714K(119872K), 0.0012840 secs] 120250K->120134K(120448K), 0.0032000 secs]
6.804: [GC 6.805: [DefNew: 547K->45K(576K), 0.0010310 secs]6.806: [Train: 119734K->119734K(119872K), 0.0013250 secs] 120262K->120121K(120448K), 0.0032290 secs]
6.807: [GC 6.808: [DefNew: 556K->42K(576K), 0.0010310 secs]6.809: [Train: 119750K->119750K(119872K), 0.0012890 secs] 120291K->120049K(120448K), 0.0031900 secs]
6.811: [GC 6.811: [DefNew: 549K->58K(576K), 0.0010350 secs]6.812: [Train: 119770K->119770K(119872K), 0.0012980 secs] 120300K->119829K(120448K), 0.0032030 secs]
6.814: [GC 6.815: [DefNew: 561K->62K(576K), 0.0010800 secs]6.816: [Train: 119842K->119842K(120000K), 0.0013300 secs] 120331K->119905K(120576K), 0.0032830 secs]
6.818: [GC 6.819: [DefNew: 564K->62K(576K), 0.0010720 secs] 120407K->119978K(120576K), 0.0019310 secs]
6.820: [GC 6.821: [DefNew: 564K->62K(576K), 0.0010760 secs]6.822: [Train: 119990K->119990K(120128K), 0.0013120 secs] 120481K->120052K(120704K), 0.0032590 secs]
6.824: [GC 6.826: [DefNew: 564K->62K(576K), 0.0011030 secs]6.827: [Train: 120064K->120064K(120192K), 0.0013420 secs] 120555K->120382K(120768K), 0.0042430 secs]
6.829: [GC 6.829: [DefNew: 569K->36K(576K), 0.0010790 secs]6.830: [Train: 120128K->120128K(120256K), 0.0012910 secs] 120633K->120505K(120832K), 0.0032510 secs]
6.832: [GC 6.833: [DefNew: 546K->32K(576K), 0.0010500 secs]6.834: [Train: 120166K->120166K(120320K), 0.0012840 secs] 120675K->120582K(120896K), 0.0032100 secs]
6.835: [GC 6.836: [DefNew: 543K->19K(576K), 0.0010330 secs]6.837: [Train: 120189K->120189K(120320K), 0.0013050 secs] 120710K->120592K(120896K), 0.0032120 secs]
6.839: [GC 6.839: [DefNew: 530K->49K(576K), 0.0010230 secs]6.840: [Train: 120189K->120189K(120320K), 0.0012800 secs] 120719K->120622K(120896K), 0.0031760 secs]
6.842: [GC 6.843: [DefNew: 557K->36K(576K), 0.0010320 secs]6.844: [Train: 120208K->120208K(120320K), 0.0012590 secs] 120746K->120628K(120896K), 0.0031620 secs]
6.845: [GC 6.846: [DefNew: 547K->45K(576K), 0.0010370 secs]6.847: [Train: 120230K->120230K(120384K), 0.0012650 secs] 120755K->120659K(120960K), 0.0031870 secs]
6.849: [GC 6.849: [DefNew: 553K->36K(576K), 0.0010350 secs]6.850: [Train: 120246K->120246K(120384K), 0.0013000 secs] 120783K->120623K(120960K), 0.0032070 secs]
6.852: [GC 6.853: [DefNew: 546K->49K(576K), 0.0010460 secs]6.854: [Train: 120266K->120266K(120384K), 0.0012430 secs] 120793K->120571K(120960K), 0.0031620 secs]
6.855: [GC 6.856: [DefNew: 559K->49K(576K), 0.0010490 secs]6.857: [Train: 120307K->120307K(120448K), 0.0012950 secs] 120825K->120356K(121024K), 0.0032190 secs]
6.859: [GC 6.860: [DefNew: 551K->62K(576K), 0.0012570 secs]6.861: [Train: 120367K->120367K(120512K), 0.0012760 secs] 120858K->120430K(121088K), 0.0034120 secs]
6.863: [GC 6.864: [DefNew: 564K->62K(576K), 0.0010740 secs] 120932K->120503K(121088K), 0.0019410 secs]
6.865: [GC 6.866: [DefNew: 564K->62K(576K), 0.0010810 secs]6.867: [Train: 120515K->120515K(120640K), 0.0013260 secs] 121006K->120577K(121216K), 0.0032940 secs]
6.869: [GC 6.870: [DefNew: 564K->62K(576K), 0.0010750 secs]6.871: [Train: 120589K->120589K(120704K), 0.0012650 secs] 121080K->120907K(121280K), 0.0032270 secs]
6.872: [GC 6.873: [DefNew: 569K->45K(576K), 0.0010620 secs]6.874: [Train: 120643K->120643K(120768K), 0.0012800 secs] 121158K->121030K(121344K), 0.0032190 secs]
6.876: [GC 6.877: [DefNew: 556K->22K(576K), 0.0010600 secs]6.878: [Train: 120681K->120681K(120832K), 0.0012730 secs] 121200K->121088K(121408K), 0.0032110 secs]
6.879: [GC 6.880: [DefNew: 534K->52K(576K), 0.0010250 secs]6.881: [Train: 120681K->120681K(120832K), 0.0012400 secs] 121215K->121117K(121408K), 0.0031420 secs]
6.882: [GC 6.883: [DefNew: 560K->36K(576K), 0.0010390 secs]6.884: [Train: 120704K->120704K(120832K), 0.0012350 secs] 121241K->121124K(121408K), 0.0031490 secs]
6.886: [GC 6.887: [DefNew: 547K->45K(576K), 0.0010360 secs]6.888: [Train: 120723K->120723K(120832K), 0.0012590 secs] 121251K->121153K(121408K), 0.0031710 secs]
6.889: [GC 6.890: [DefNew: 553K->36K(576K), 0.0010400 secs]6.891: [Train: 120742K->120742K(120896K), 0.0012550 secs] 121277K->121162K(121472K), 0.0031840 secs]
6.892: [GC 6.893: [DefNew: 547K->45K(576K), 0.0010440 secs]6.894: [Train: 120761K->120761K(120896K), 0.0012410 secs] 121289K->121148K(121472K), 0.0031610 secs]
6.896: [GC 6.896: [DefNew: 556K->42K(576K), 0.0010330 secs]6.898: [Train: 120778K->120778K(120896K), 0.0012770 secs] 121318K->121076K(121472K), 0.0031870 secs]
6.899: [GC 6.900: [DefNew: 549K->58K(576K), 0.0010430 secs]6.901: [Train: 120799K->120799K(120960K), 0.0012720 secs] 121327K->120858K(121536K), 0.0031940 secs]
6.903: [GC 6.904: [DefNew: 561K->62K(576K), 0.0011090 secs]6.905: [Train: 120870K->120870K(121024K), 0.0012620 secs] 121360K->120932K(121600K), 0.0032590 secs]
6.906: [GC 6.907: [DefNew: 564K->62K(576K), 0.0012760 secs] 121434K->121006K(121600K), 0.0021510 secs]
6.909: [GC 6.910: [DefNew: 564K->62K(576K), 0.0010850 secs]6.911: [Train: 121017K->121017K(121152K), 0.0012780 secs] 121508K->121079K(121728K), 0.0032500 secs]
6.913: [GC 6.914: [DefNew: 564K->62K(576K), 0.0010960 secs]6.915: [Train: 121091K->121091K(121216K), 0.0012460 secs] 121582K->121409K(121792K), 0.0032270 secs]
6.916: [GC 6.917: [DefNew: 569K->36K(576K), 0.0010700 secs]6.918: [Train: 121155K->121155K(121280K), 0.0012370 secs] 121660K->121532K(121856K), 0.0031880 secs]
6.920: [GC 6.920: [DefNew: 546K->32K(576K), 0.0010520 secs]6.921: [Train: 121193K->121193K(121344K), 0.0012780 secs] 121702K->121610K(121920K), 0.0032110 secs]
6.923: [GC 6.924: [DefNew: 543K->19K(576K), 0.0010380 secs]6.925: [Train: 121216K->121216K(121344K), 0.0012330 secs] 121737K->121619K(121920K), 0.0031510 secs]
6.926: [GC 6.927: [DefNew: 530K->49K(576K), 0.0010310 secs]6.928: [Train: 121216K->121216K(121344K), 0.0012190 secs] 121747K->121649K(121920K), 0.0031290 secs]
6.929: [GC 6.930: [DefNew: 557K->36K(576K), 0.0010370 secs]6.931: [Train: 121235K->121235K(121344K), 0.0012500 secs] 121773K->121655K(121920K), 0.0031700 secs]
6.933: [GC 6.934: [DefNew: 547K->45K(576K), 0.0010520 secs]6.935: [Train: 121257K->121257K(121408K), 0.0012270 secs] 121783K->121687K(121984K), 0.0031600 secs]
6.936: [GC 6.937: [DefNew: 553K->36K(576K), 0.0010550 secs]6.938: [Train: 121273K->121273K(121408K), 0.0012480 secs] 121811K->121651K(121984K), 0.0031810 secs]
6.939: [GC 6.940: [DefNew: 546K->49K(576K), 0.0010410 secs]6.941: [Train: 121293K->121293K(121408K), 0.0012380 secs] 121820K->121598K(121984K), 0.0031610 secs]
6.943: [GC 6.944: [DefNew: 559K->49K(576K), 0.0010560 secs]6.945: [Train: 121334K->121334K(121472K), 0.0012530 secs] 121852K->121383K(122048K), 0.0031930 secs]
6.946: [GC 6.947: [DefNew: 551K->62K(576K), 0.0010800 secs]6.948: [Train: 121395K->121395K(121536K), 0.0012420 secs] 121885K->121457K(122112K), 0.0032230 secs]
6.950: [GC 6.951: [DefNew: 564K->62K(576K), 0.0010900 secs] 121959K->121531K(122112K), 0.0019630 secs]
6.953: [GC 6.953: [DefNew: 564K->62K(576K), 0.0010940 secs]6.954: [Train: 121542K->121542K(121664K), 0.0012440 secs] 122033K->121605K(122240K), 0.0032220 secs]
6.956: [GC 6.957: [DefNew: 564K->62K(576K), 0.0010930 secs]6.958: [Train: 121616K->121616K(121728K), 0.0012450 secs] 122107K->121934K(122304K), 0.0032240 secs]
6.960: [GC 6.961: [DefNew: 569K->45K(576K), 0.0010910 secs]6.962: [Train: 121670K->121670K(121792K), 0.0012780 secs] 122186K->122058K(122368K), 0.0034440 secs]
6.963: [GC 6.964: [DefNew: 556K->22K(576K), 0.0010610 secs]6.965: [Train: 121708K->121708K(121856K), 0.0012540 secs] 122227K->122115K(122432K), 0.0032010 secs]
6.967: [GC 6.967: [DefNew: 534K->52K(576K), 0.0010340 secs]6.968: [Train: 121708K->121708K(121856K), 0.0012310 secs] 122242K->122145K(122432K), 0.0031480 secs]
6.970: [GC 6.971: [DefNew: 560K->36K(576K), 0.0010470 secs]6.972: [Train: 121731K->121731K(121856K), 0.0012320 secs] 122268K->122151K(122432K), 0.0031630 secs]
6.973: [GC 6.974: [DefNew: 547K->45K(576K), 0.0010480 secs]6.975: [Train: 121751K->121751K(121856K), 0.0012300 secs] 122278K->122181K(122432K), 0.0031770 secs]
6.977: [GC 6.977: [DefNew: 553K->36K(576K), 0.0010560 secs]6.978: [Train: 121769K->121769K(121920K), 0.0012180 secs] 122304K->122189K(122496K), 0.0031580 secs]
6.980: [GC 6.981: [DefNew: 547K->45K(576K), 0.0010510 secs]6.982: [Train: 121789K->121789K(121920K), 0.0012110 secs] 122316K->122176K(122496K), 0.0031450 secs]
6.983: [GC 6.984: [DefNew: 556K->42K(576K), 0.0010450 secs]6.985: [Train: 121805K->121805K(121920K), 0.0012460 secs] 122345K->122103K(122496K), 0.0031770 secs]
6.987: [GC 6.988: [DefNew: 549K->58K(576K), 0.0011720 secs]6.989: [Train: 121826K->121826K(121984K), 0.0012540 secs] 122355K->121885K(122560K), 0.0033290 secs]
6.991: [GC 6.991: [DefNew: 561K->62K(576K), 0.0022390 secs]6.994: [Train: 121897K->121897K(122048K), 0.0031600 secs] 122388K->121959K(122624K), 0.0063090 secs]
6.997: [GC 6.998: [DefNew: 564K->62K(576K), 0.0011270 secs] 122462K->122033K(122624K), 0.0020670 secs]
7.000: [GC 7.001: [DefNew: 564K->62K(576K), 0.0011010 secs]7.002: [Train: 122045K->122045K(122176K), 0.0012390 secs] 122535K->122107K(122752K), 0.0032260 secs]
7.004: [GC 7.004: [DefNew: 564K->62K(576K), 0.0010930 secs]7.006: [Train: 122118K->122118K(122240K), 0.0012200 secs] 122609K->122437K(122816K), 0.0032070 secs]
7.007: [GC 7.008: [DefNew: 569K->36K(576K), 0.0010790 secs]7.009: [Train: 122182K->122182K(122304K), 0.0012250 secs] 122688K->122560K(122880K), 0.0031960 secs]
7.010: [GC 7.011: [DefNew: 546K->32K(576K), 0.0010650 secs]7.012: [Train: 122220K->122220K(122368K), 0.0012220 secs] 122729K->122637K(122944K), 0.0031750 secs]
7.014: [GC 7.015: [DefNew: 543K->19K(576K), 0.0010460 secs]7.016: [Train: 122243K->122243K(122368K), 0.0012570 secs] 122764K->122647K(122944K), 0.0031910 secs]
7.017: [GC 7.018: [DefNew: 530K->49K(576K), 0.0010390 secs]7.019: [Train: 122243K->122243K(122368K), 0.0011990 secs] 122774K->122676K(122944K), 0.0031320 secs]
7.020: [GC 7.021: [DefNew: 557K->36K(576K), 0.0012590 secs]7.022: [Train: 122263K->122263K(122368K), 0.0011990 secs] 122800K->122683K(122944K), 0.0033460 secs]
7.024: [GC 7.025: [DefNew: 547K->45K(576K), 0.0010640 secs]7.026: [Train: 122284K->122284K(122432K), 0.0012170 secs] 122810K->122714K(123008K), 0.0031700 secs]
7.027: [GC 7.028: [DefNew: 553K->36K(576K), 0.0010470 secs]7.029: [Train: 122301K->122301K(122432K), 0.0012040 secs] 122838K->122678K(123008K), 0.0031420 secs]
7.030: [GC 7.031: [DefNew: 546K->49K(576K), 0.0010520 secs]7.032: [Train: 122320K->122320K(122432K), 0.0012380 secs] 122848K->122625K(123008K), 0.0031790 secs]
7.034: [GC 7.035: [DefNew: 559K->49K(576K), 0.0010690 secs]7.036: [Train: 122361K->122361K(122496K), 0.0012210 secs] 122880K->122410K(123072K), 0.0031800 secs]
7.038: [GC 7.038: [DefNew: 551K->62K(576K), 0.0010850 secs]7.039: [Train: 122422K->122422K(122560K), 0.0012350 secs] 122913K->122484K(123136K), 0.0032190 secs]
7.041: [GC 7.042: [DefNew: 564K->62K(576K), 0.0010940 secs] 122987K->122558K(123136K), 0.0019780 secs]
7.044: [GC 7.044: [DefNew: 564K->62K(576K), 0.0010960 secs]7.045: [Train: 122570K->122570K(122688K), 0.0012310 secs] 123060K->122632K(123264K), 0.0032170 secs]
7.047: [GC 7.048: [DefNew: 564K->62K(576K), 0.0010950 secs]7.049: [Train: 122643K->122643K(122752K), 0.0012300 secs] 123134K->122962K(123328K), 0.0032170 secs]
7.051: [GC 7.051: [DefNew: 569K->45K(576K), 0.0010790 secs]7.053: [Train: 122698K->122698K(122816K), 0.0012140 secs] 123213K->123085K(123392K), 0.0031850 secs]
7.054: [GC 7.055: [DefNew: 556K->22K(576K), 0.0010650 secs]7.056: [Train: 122735K->122735K(122880K), 0.0011900 secs] 123254K->123142K(123456K), 0.0031490 secs]
7.057: [GC 7.058: [DefNew: 534K->52K(576K), 0.0010420 secs]7.059: [Train: 122735K->122735K(122880K), 0.0011980 secs] 123270K->123172K(123456K), 0.0031480 secs]
7.061: [GC 7.062: [DefNew: 560K->36K(576K), 0.0010650 secs]7.063: [Train: 122758K->122758K(122880K), 0.0011880 secs] 123296K->123178K(123456K), 0.0031510 secs]
7.064: [GC 7.065: [DefNew: 547K->45K(576K), 0.0010590 secs]7.066: [Train: 122778K->122778K(122880K), 0.0011680 secs] 123306K->123208K(123456K), 0.0031170 secs]
7.067: [GC 7.068: [DefNew: 553K->36K(576K), 0.0010540 secs]7.069: [Train: 122796K->122796K(122944K), 0.0012130 secs] 123332K->123216K(123520K), 0.0031580 secs]
7.071: [GC 7.071: [DefNew: 547K->45K(576K), 0.0010540 secs]7.072: [Train: 122816K->122816K(122944K), 0.0012150 secs] 123343K->123203K(123520K), 0.0031590 secs]
7.074: [GC 7.075: [DefNew: 556K->42K(576K), 0.0010530 secs]7.076: [Train: 122832K->122832K(122944K), 0.0012460 secs] 123373K->123131K(123520K), 0.0031890 secs]
7.077: [GC 7.078: [DefNew: 549K->58K(576K), 0.0010680 secs]7.079: [Train: 122854K->122854K(123008K), 0.0012080 secs] 123382K->122913K(123584K), 0.0031750 secs]
7.081: [GC 7.082: [DefNew: 561K->62K(576K), 0.0011010 secs]7.083: [Train: 122924K->122924K(123072K), 0.0012040 secs] 123415K->122986K(123648K), 0.0032140 secs]
7.085: [GC 7.085: [DefNew: 564K->62K(576K), 0.0011130 secs] 123489K->123060K(123648K), 0.0019940 secs]
7.087: [GC 7.088: [DefNew: 564K->62K(576K), 0.0010990 secs]7.089: [Train: 123072K->123072K(123200K), 0.0012280 secs] 123563K->123134K(123776K), 0.0032190 secs]
7.091: [GC 7.092: [DefNew: 564K->62K(576K), 0.0011010 secs]7.093: [Train: 123146K->123146K(123264K), 0.0012210 secs] 123636K->123464K(123840K), 0.0032200 secs]
7.094: [GC 7.095: [DefNew: 569K->36K(576K), 0.0010880 secs]7.096: [Train: 123210K->123210K(123328K), 0.0011930 secs] 123715K->123587K(123904K), 0.0031760 secs]
7.098: [GC 7.098: [DefNew: 546K->32K(576K), 0.0010690 secs]7.099: [Train: 123247K->123247K(123392K), 0.0011970 secs] 123757K->123664K(123968K), 0.0031650 secs]
7.101: [GC 7.102: [DefNew: 543K->19K(576K), 0.0010550 secs]7.103: [Train: 123270K->123270K(123392K), 0.0011930 secs] 123791K->123674K(123968K), 0.0031480 secs]
7.104: [GC 7.105: [DefNew: 530K->49K(576K), 0.0010570 secs]7.106: [Train: 123270K->123270K(123392K), 0.0014180 secs] 123801K->123703K(123968K), 0.0033680 secs]
7.108: [GC 7.109: [DefNew: 557K->36K(576K), 0.0010610 secs]7.110: [Train: 123290K->123290K(123392K), 0.0011800 secs] 123827K->123710K(123968K), 0.0031400 secs]
7.111: [GC 7.112: [DefNew: 547K->45K(576K), 0.0010610 secs]7.113: [Train: 123311K->123311K(123456K), 0.0011940 secs] 123837K->123741K(124032K), 0.0031480 secs]
7.114: [GC 7.115: [DefNew: 553K->36K(576K), 0.0010560 secs]7.116: [Train: 123328K->123328K(123456K), 0.0011620 secs] 123865K->123705K(124032K), 0.0031180 secs]
7.118: [GC 7.118: [DefNew: 546K->49K(576K), 0.0010560 secs]7.119: [Train: 123347K->123347K(123456K), 0.0011690 secs] 123875K->123653K(124032K), 0.0031320 secs]
7.121: [GC 7.122: [DefNew: 559K->49K(576K), 0.0010760 secs]7.123: [Train: 123389K->123389K(123520K), 0.0012270 secs] 123907K->123438K(124096K), 0.0032040 secs]
7.125: [GC 7.125: [DefNew: 551K->62K(576K), 0.0010990 secs]7.126: [Train: 123449K->123449K(123584K), 0.0011710 secs] 123940K->123511K(124160K), 0.0031680 secs]
7.128: [GC 7.129: [DefNew: 564K->62K(576K), 0.0011140 secs] 124014K->123585K(124160K), 0.0019990 secs]
7.131: [GC 7.131: [DefNew: 564K->62K(576K), 0.0011020 secs]7.133: [Train: 123597K->123597K(123712K), 0.0011940 secs] 124088K->123659K(124288K), 0.0031930 secs]
7.134: [GC 7.135: [DefNew: 564K->62K(576K), 0.0011010 secs]7.136: [Train: 123671K->123671K(123776K), 0.0012360 secs] 124161K->123989K(124352K), 0.0032350 secs]
7.138: [GC 7.139: [DefNew: 569K->45K(576K), 0.0010870 secs]7.140: [Train: 123725K->123725K(123840K), 0.0011500 secs] 124240K->124112K(124416K), 0.0031340 secs]
7.141: [GC 7.142: [DefNew: 556K->22K(576K), 0.0010730 secs]7.143: [Train: 123763K->123763K(123904K), 0.0011580 secs] 124282K->124170K(124480K), 0.0031410 secs]
7.144: [GC 7.145: [DefNew: 534K->52K(576K), 0.0010540 secs]7.146: [Train: 123763K->123763K(123904K), 0.0011750 secs] 124297K->124199K(124480K), 0.0031260 secs]
7.148: [GC 7.148: [DefNew: 560K->36K(576K), 0.0010600 secs]7.149: [Train: 123786K->123786K(123904K), 0.0011630 secs] 124323K->124206K(124480K), 0.0031190 secs]
7.151: [GC 7.152: [DefNew: 547K->45K(576K), 0.0010630 secs]7.153: [Train: 123807K->123807K(123968K), 0.0011890 secs] 124333K->124237K(124544K), 0.0031500 secs]
7.154: [GC 7.155: [DefNew: 553K->36K(576K), 0.0010560 secs]7.156: [Train: 123823K->123823K(123968K), 0.0011580 secs] 124361K->124243K(124544K), 0.0031130 secs]
7.157: [GC 7.158: [DefNew: 547K->45K(576K), 0.0010600 secs]7.159: [Train: 123843K->123843K(123968K), 0.0011440 secs] 124371K->124230K(124544K), 0.0031070 secs]
7.161: [GC 7.162: [DefNew: 556K->42K(576K), 0.0010680 secs]7.163: [Train: 123859K->123859K(123968K), 0.0011810 secs] 124400K->124158K(124544K), 0.0033320 secs]
7.164: [GC 7.165: [DefNew: 549K->58K(576K), 0.0010870 secs]7.166: [Train: 123881K->123881K(124032K), 0.0011680 secs] 124409K->123940K(124608K), 0.0031540 secs]
7.168: [GC 7.169: [DefNew: 561K->62K(576K), 0.0011090 secs]7.170: [Train: 123951K->123951K(124096K), 0.0013290 secs] 124442K->124014K(124672K), 0.0033440 secs]
7.172: [GC 7.172: [DefNew: 564K->62K(576K), 0.0011080 secs] 124516K->124087K(124672K), 0.0019990 secs]
7.174: [GC 7.175: [DefNew: 564K->62K(576K), 0.0011200 secs]7.176: [Train: 124099K->124099K(124224K), 0.0012050 secs] 124590K->124161K(124800K), 0.0032460 secs]
7.178: [GC 7.179: [DefNew: 564K->62K(576K), 0.0011180 secs]7.180: [Train: 124173K->124173K(124288K), 0.0011760 secs] 124664K->124491K(124864K), 0.0032140 secs]
7.181: [GC 7.182: [DefNew: 569K->36K(576K), 0.0010970 secs]7.183: [Train: 124237K->124237K(124352K), 0.0011750 secs] 124742K->124614K(124928K), 0.0031830 secs]
7.185: [GC 7.185: [DefNew: 546K->32K(576K), 0.0010890 secs]7.186: [Train: 124275K->124275K(124416K), 0.0011640 secs] 124784K->124691K(124992K), 0.0031560 secs]
7.188: [GC 7.189: [DefNew: 543K->19K(576K), 0.0010770 secs]7.190: [Train: 124298K->124298K(124416K), 0.0011900 secs] 124819K->124701K(124992K), 0.0031690 secs]
7.191: [GC 7.192: [DefNew: 530K->49K(576K), 0.0011530 secs]7.193: [Train: 124298K->124298K(124416K), 0.0011400 secs] 124829K->124731K(124992K), 0.0031960 secs]
7.194: [GC 7.195: [DefNew: 557K->36K(576K), 0.0010660 secs]7.196: [Train: 124319K->124319K(124480K), 0.0011580 secs] 124855K->124739K(125056K), 0.0031270 secs]
7.198: [GC 7.199: [DefNew: 547K->45K(576K), 0.0010620 secs]7.200: [Train: 124339K->124339K(124480K), 0.0011210 secs] 124866K->124769K(125056K), 0.0030850 secs]
7.201: [GC 7.202: [DefNew: 553K->36K(576K), 0.0010600 secs]7.203: [Train: 124355K->124355K(124480K), 0.0011460 secs] 124892K->124732K(125056K), 0.0031260 secs]
7.204: [GC 7.205: [DefNew: 546K->49K(576K), 0.0010690 secs]7.206: [Train: 124375K->124375K(124480K), 0.0011150 secs] 124902K->124680K(125056K), 0.0030850 secs]
7.208: [GC 7.208: [DefNew: 559K->49K(576K), 0.0010800 secs]7.210: [Train: 124416K->124416K(124544K), 0.0011630 secs] 124934K->124465K(125120K), 0.0031460 secs]
7.211: [GC 7.212: [DefNew: 551K->62K(576K), 0.0010920 secs]7.213: [Train: 124477K->124477K(124608K), 0.0011550 secs] 124967K->124539K(125184K), 0.0031530 secs]
7.215: [GC 7.216: [DefNew: 564K->62K(576K), 0.0011000 secs] 125041K->124613K(125184K), 0.0019920 secs]
7.217: [GC 7.218: [DefNew: 564K->62K(576K), 0.0011070 secs]7.219: [Train: 124624K->124624K(124736K), 0.0011280 secs] 125115K->124686K(125312K), 0.0031420 secs]
7.221: [GC 7.222: [DefNew: 564K->62K(576K), 0.0011040 secs]7.223: [Train: 124698K->124698K(124800K), 0.0011290 secs] 125189K->125016K(125376K), 0.0031380 secs]
7.224: [GC 7.225: [DefNew: 569K->45K(576K), 0.0010980 secs]7.226: [Train: 124752K->124752K(124864K), 0.0011320 secs] 125267K->125139K(125440K), 0.0031340 secs]
7.227: [GC 7.228: [DefNew: 556K->22K(576K), 0.0010730 secs]7.229: [Train: 124790K->124790K(124928K), 0.0011670 secs] 125309K->125197K(125504K), 0.0031440 secs]
7.231: [GC 7.232: [DefNew: 534K->52K(576K), 0.0010540 secs]7.233: [Train: 124790K->124790K(124928K), 0.0011090 secs] 125324K->125226K(125504K), 0.0030660 secs]
7.234: [GC 7.235: [DefNew: 560K->36K(576K), 0.0010650 secs]7.236: [Train: 124813K->124813K(124928K), 0.0011380 secs] 125350K->125233K(125504K), 0.0031060 secs]
7.237: [GC 7.238: [DefNew: 547K->45K(576K), 0.0010700 secs]7.239: [Train: 124834K->124834K(124992K), 0.0011400 secs] 125360K->125264K(125568K), 0.0031270 secs]
7.240: [GC 7.241: [DefNew: 553K->36K(576K), 0.0010690 secs]7.242: [Train: 124851K->124851K(124992K), 0.0011200 secs] 125388K->125271K(125568K), 0.0030940 secs]
7.244: [GC 7.245: [DefNew: 547K->45K(576K), 0.0010640 secs]7.246: [Train: 124870K->124870K(124992K), 0.0011180 secs] 125398K->125258K(125568K), 0.0030890 secs]
7.247: [GC 7.248: [DefNew: 556K->42K(576K), 0.0010640 secs]7.249: [Train: 124887K->124887K(124992K), 0.0011220 secs] 125427K->125185K(125568K), 0.0030920 secs]
7.250: [GC 7.251: [DefNew: 549K->58K(576K), 0.0010780 secs]7.252: [Train: 124908K->124908K(125056K), 0.0011150 secs] 125436K->124967K(125632K), 0.0030990 secs]
7.254: [GC 7.255: [DefNew: 561K->62K(576K), 0.0011070 secs]7.256: [Train: 124979K->124979K(125120K), 0.0011260 secs] 125470K->125041K(125696K), 0.0031390 secs]
7.257: [GC 7.258: [DefNew: 564K->62K(576K), 0.0011100 secs] 125543K->125115K(125696K), 0.0020090 secs]
7.260: [GC 7.261: [DefNew: 564K->62K(576K), 0.0011300 secs]7.262: [Train: 125126K->125126K(125248K), 0.0011590 secs] 125617K->125189K(125824K), 0.0031970 secs]
7.264: [GC 7.264: [DefNew: 564K->62K(576K), 0.0011110 secs]7.265: [Train: 125200K->125200K(125312K), 0.0011180 secs] 125691K->125518K(125888K), 0.0031410 secs]
7.267: [GC 7.268: [DefNew: 569K->36K(576K), 0.0011020 secs]7.269: [Train: 125264K->125264K(125376K), 0.0011500 secs] 125770K->125642K(125952K), 0.0031610 secs]
7.270: [GC 7.271: [DefNew: 546K->32K(576K), 0.0010840 secs]7.272: [Train: 125302K->125302K(125440K), 0.0011110 secs] 125811K->125719K(126016K), 0.0031020 secs]
7.273: [GC 7.277: [DefNew: 543K->19K(576K), 0.0012070 secs]7.278: [Train: 125325K->125325K(125440K), 0.0011940 secs] 125846K->125729K(126016K), 0.0062550 secs]
7.280: [GC 7.281: [DefNew: 530K->49K(576K), 0.0011070 secs]7.282: [Train: 125325K->125325K(125440K), 0.0011430 secs] 125856K->125758K(126016K), 0.0032060 secs]
7.283: [GC 7.284: [DefNew: 557K->36K(576K), 0.0010820 secs]7.285: [Train: 125346K->125346K(125504K), 0.0011890 secs] 125882K->125766K(126080K), 0.0031880 secs]
7.287: [GC 7.287: [DefNew: 547K->45K(576K), 0.0010860 secs]7.289: [Train: 125366K->125366K(125504K), 0.0011070 secs] 125894K->125796K(126080K), 0.0031250 secs]
7.290: [GC 7.291: [DefNew: 553K->36K(576K), 0.0010750 secs]7.292: [Train: 125382K->125382K(125504K), 0.0010920 secs] 125920K->125760K(126080K), 0.0030850 secs]
7.293: [GC 7.294: [DefNew: 546K->49K(576K), 0.0010860 secs]7.295: [Train: 125402K->125402K(125504K), 0.0011450 secs] 125929K->125707K(126080K), 0.0031570 secs]
7.297: [GC 7.297: [DefNew: 559K->49K(576K), 0.0011090 secs]7.298: [Train: 125443K->125443K(125568K), 0.0011120 secs] 125962K->125492K(126144K), 0.0031350 secs]
7.300: [GC 7.301: [DefNew: 551K->62K(576K), 0.0011220 secs]7.302: [Train: 125504K->125504K(125632K), 0.0011770 secs] 125995K->125566K(126208K), 0.0032210 secs]
7.304: [GC 7.305: [DefNew: 564K->62K(576K), 0.0011400 secs] 126068K->125640K(126208K), 0.0020650 secs]
7.306: [GC 7.307: [DefNew: 564K->62K(576K), 0.0011270 secs]7.308: [Train: 125651K->125651K(125760K), 0.0011140 secs] 126142K->125714K(126336K), 0.0031510 secs]
7.310: [GC 7.311: [DefNew: 564K->62K(576K), 0.0011320 secs]7.312: [Train: 125727K->125727K(125888K), 0.0011220 secs] 126216K->126045K(126464K), 0.0031740 secs]
7.313: [GC 7.314: [DefNew: 569K->45K(576K), 0.0010950 secs]7.315: [Train: 125779K->125779K(125888K), 0.0010930 secs] 126296K->126167K(126464K), 0.0031100 secs]
7.317: [GC 7.317: [DefNew: 556K->22K(576K), 0.0010920 secs]7.319: [Train: 125817K->125817K(125952K), 0.0011090 secs] 126336K->126224K(126528K), 0.0031130 secs]
7.320: [GC 7.321: [DefNew: 534K->52K(576K), 0.0010770 secs]7.322: [Train: 125817K->125817K(125952K), 0.0011420 secs] 126351K->126254K(126528K), 0.0031310 secs]
7.323: [GC 7.324: [DefNew: 560K->36K(576K), 0.0010750 secs]7.325: [Train: 125840K->125840K(125952K), 0.0013030 secs] 126378K->126260K(126528K), 0.0032950 secs]
7.327: [GC 7.327: [DefNew: 547K->45K(576K), 0.0010930 secs]7.329: [Train: 125862K->125862K(126016K), 0.0010990 secs] 126387K->126291K(126592K), 0.0031280 secs]
7.330: [GC 7.331: [DefNew: 553K->36K(576K), 0.0010770 secs]7.332: [Train: 125878K->125878K(126016K), 0.0010880 secs] 126415K->126298K(126592K), 0.0030780 secs]
7.333: [GC 7.334: [DefNew: 547K->45K(576K), 0.0010760 secs]7.335: [Train: 125898K->125898K(126016K), 0.0010850 secs] 126425K->126285K(126592K), 0.0030900 secs]
7.336: [GC 7.337: [DefNew: 556K->42K(576K), 0.0010790 secs]7.338: [Train: 125914K->125914K(126016K), 0.0011720 secs] 126454K->126213K(126592K), 0.0031630 secs]
7.340: [GC 7.341: [DefNew: 549K->58K(576K), 0.0010930 secs]7.342: [Train: 125935K->125935K(126080K), 0.0010980 secs] 126464K->125994K(126656K), 0.0031070 secs]
7.343: [GC 7.344: [DefNew: 561K->62K(576K), 0.0011220 secs]7.345: [Train: 126006K->126006K(126144K), 0.0011350 secs] 126497K->126068K(126720K), 0.0031750 secs]
7.347: [GC 7.348: [DefNew: 564K->62K(576K), 0.0011210 secs] 126571K->126142K(126720K), 0.0020250 secs]
7.349: [GC 7.350: [DefNew: 564K->62K(576K), 0.0011190 secs]7.351: [Train: 126154K->126154K(126272K), 0.0011140 secs] 126644K->126216K(126848K), 0.0031530 secs]
7.353: [GC 7.354: [DefNew: 564K->62K(576K), 0.0011200 secs]7.355: [Train: 126227K->126227K(126336K), 0.0010810 secs] 126718K->126546K(126912K), 0.0031260 secs]
7.356: [GC 7.357: [DefNew: 569K->36K(576K), 0.0011200 secs]7.358: [Train: 126291K->126291K(126400K), 0.0010900 secs] 126797K->126669K(126976K), 0.0031250 secs]
7.360: [GC 7.360: [DefNew: 546K->32K(576K), 0.0010910 secs]7.362: [Train: 126329K->126329K(126464K), 0.0010780 secs] 126838K->126746K(127040K), 0.0030840 secs]
7.363: [GC 7.364: [DefNew: 543K->19K(576K), 0.0010780 secs]7.365: [Train: 126352K->126352K(126464K), 0.0010600 secs] 126873K->126756K(127040K), 0.0030550 secs]
7.366: [GC 7.367: [DefNew: 530K->49K(576K), 0.0010650 secs]7.368: [Train: 126352K->126352K(126464K), 0.0010750 secs] 126883K->126785K(127040K), 0.0030550 secs]
7.369: [GC 7.370: [DefNew: 557K->36K(576K), 0.0010810 secs]7.371: [Train: 126374K->126374K(126528K), 0.0010690 secs] 126909K->126794K(127104K), 0.0030800 secs]
7.372: [GC 7.373: [DefNew: 547K->45K(576K), 0.0010840 secs]7.374: [Train: 126393K->126393K(126528K), 0.0010630 secs] 126921K->126823K(127104K), 0.0030630 secs]
7.376: [GC 7.376: [DefNew: 553K->36K(576K), 0.0010760 secs]7.378: [Train: 126410K->126410K(126528K), 0.0010590 secs] 126947K->126787K(127104K), 0.0030500 secs]
7.379: [GC 7.380: [DefNew: 546K->49K(576K), 0.0010820 secs]7.381: [Train: 126431K->126431K(126592K), 0.0010940 secs] 126957K->126736K(127168K), 0.0031000 secs]
7.382: [GC 7.383: [DefNew: 559K->49K(576K), 0.0010920 secs]7.384: [Train: 126470K->126470K(126592K), 0.0010690 secs] 126991K->126519K(127168K), 0.0030790 secs]
7.386: [GC 7.387: [DefNew: 551K->62K(576K), 0.0011120 secs]7.388: [Train: 126531K->126531K(126656K), 0.0010830 secs] 127022K->126593K(127232K), 0.0031160 secs]
7.389: [GC 7.390: [DefNew: 564K->62K(576K), 0.0011240 secs] 127096K->126667K(127232K), 0.0020380 secs]
7.392: [GC 7.393: [DefNew: 564K->62K(576K), 0.0011340 secs]7.394: [Train: 126679K->126679K(126784K), 0.0010640 secs] 127169K->126741K(127360K), 0.0031160 secs]
7.395: [GC 7.396: [DefNew: 564K->62K(576K), 0.0011290 secs]7.397: [Train: 126754K->126754K(126912K), 0.0011090 secs] 127243K->127073K(127488K), 0.0031590 secs]
7.399: [GC 7.400: [DefNew: 569K->45K(576K), 0.0012060 secs]7.401: [Train: 126807K->126807K(126912K), 0.0010690 secs] 127324K->127194K(127488K), 0.0031960 secs]
7.402: [GC 7.403: [DefNew: 556K->22K(576K), 0.0010950 secs]7.404: [Train: 126845K->126845K(126976K), 0.0010840 secs] 127364K->127251K(127552K), 0.0030980 secs]
7.405: [GC 7.406: [DefNew: 534K->52K(576K), 0.0010700 secs]7.407: [Train: 126845K->126845K(126976K), 0.0011930 secs] 127379K->127281K(127552K), 0.0031990 secs]
7.409: [GC 7.409: [DefNew: 560K->36K(576K), 0.0011500 secs]7.411: [Train: 126867K->126867K(126976K), 0.0010920 secs] 127405K->127287K(127552K), 0.0031630 secs]
7.412: [GC 7.413: [DefNew: 547K->45K(576K), 0.0010960 secs]7.414: [Train: 126889K->126889K(127040K), 0.0010820 secs] 127415K->127319K(127616K), 0.0031020 secs]
7.415: [GC 7.416: [DefNew: 553K->36K(576K), 0.0010890 secs]7.417: [Train: 126905K->126905K(127040K), 0.0011010 secs] 127443K->127325K(127616K), 0.0031180 secs]
7.418: [GC 7.419: [DefNew: 547K->45K(576K), 0.0010850 secs]7.420: [Train: 126925K->126925K(127040K), 0.0012190 secs] 127453K->127355K(127616K), 0.0032320 secs]
7.422: [GC 7.423: [DefNew: 553K->36K(576K), 0.0010890 secs]7.424: [Train: 126943K->126943K(127104K), 0.0010560 secs] 127479K->127320K(127680K), 0.0030670 secs]
7.425: [GC 7.426: [DefNew: 546K->49K(576K), 0.0010870 secs]7.427: [Train: 126963K->126963K(127104K), 0.0010570 secs] 127490K->127268K(127680K), 0.0030700 secs]
7.428: [GC 7.429: [DefNew: 559K->49K(576K), 0.0011090 secs]7.430: [Train: 127002K->127002K(127104K), 0.0010280 secs] 127522K->127051K(127680K), 0.0030600 secs]
7.432: [GC 7.433: [DefNew: 551K->62K(576K), 0.0011230 secs]7.434: [Train: 127063K->127063K(127168K), 0.0010390 secs] 127553K->127125K(127744K), 0.0030850 secs]
7.435: [GC 7.436: [DefNew: 564K->62K(576K), 0.0011400 secs] 127627K->127201K(127808K), 0.0020500 secs]
7.438: [GC 7.439: [DefNew: 564K->62K(576K), 0.0011240 secs]7.440: [Train: 127212K->127212K(127360K), 0.0010770 secs] 127703K->127274K(127936K), 0.0031210 secs]
7.441: [GC 7.442: [DefNew: 564K->62K(576K), 0.0011250 secs]7.443: [Train: 127286K->127286K(127424K), 0.0010490 secs] 127777K->127604K(128000K), 0.0031120 secs]
7.445: [GC 7.446: [DefNew: 569K->45K(576K), 0.0011150 secs]7.447: [Train: 127340K->127340K(127488K), 0.0010600 secs] 127855K->127727K(128064K), 0.0030980 secs]
7.448: [GC 7.449: [DefNew: 556K->22K(576K), 0.0011010 secs]7.450: [Train: 127376K->127376K(127488K), 0.0010380 secs] 127897K->127783K(128064K), 0.0030610 secs]
7.451: [GC 7.452: [DefNew: 534K->52K(576K), 0.0010740 secs]7.453: [Train: 127376K->127376K(127488K), 0.0010590 secs] 127910K->127813K(128064K), 0.0030540 secs]
7.454: [GC 7.455: [DefNew: 560K->36K(576K), 0.0010910 secs]7.456: [Train: 127401K->127401K(127552K), 0.0010580 secs] 127936K->127821K(128128K), 0.0030720 secs]
7.458: [GC 7.458: [DefNew: 547K->45K(576K), 0.0010840 secs]7.460: [Train: 127421K->127421K(127552K), 0.0010400 secs] 127948K->127850K(128128K), 0.0030520 secs]
7.461: [GC 7.462: [DefNew: 553K->36K(576K), 0.0010810 secs]7.463: [Train: 127437K->127437K(127552K), 0.0010780 secs] 127974K->127857K(128128K), 0.0030860 secs]
7.464: [GC 7.465: [DefNew: 547K->45K(576K), 0.0011030 secs]7.466: [Train: 127458K->127458K(127616K), 0.0010520 secs] 127984K->127845K(128192K), 0.0030850 secs]
7.467: [GC 7.468: [DefNew: 556K->42K(576K), 0.0010830 secs]7.469: [Train: 127475K->127475K(127616K), 0.0010540 secs] 128015K->127773K(128192K), 0.0030610 secs]
7.471: [GC 7.471: [DefNew: 549K->58K(576K), 0.0010870 secs]7.473: [Train: 127494K->127494K(127616K), 0.0010400 secs] 128024K->127553K(128192K), 0.0030580 secs]
7.474: [GC 7.475: [DefNew: 561K->62K(576K), 0.0011190 secs]7.476: [Train: 127565K->127565K(127680K), 0.0010580 secs] 128056K->127627K(128256K), 0.0031010 secs]
7.478: [GC 7.479: [DefNew: 564K->62K(576K), 0.0011220 secs] 128130K->127701K(128256K), 0.0020340 secs]
7.480: [GC 7.481: [DefNew: 564K->62K(576K), 0.0011440 secs]7.482: [Train: 127714K->127714K(127872K), 0.0010540 secs] 128203K->127777K(128448K), 0.0031220 secs]
7.484: [GC 7.485: [DefNew: 564K->62K(576K), 0.0011230 secs]7.486: [Train: 127788K->127788K(127936K), 0.0010270 secs] 128279K->128106K(128512K), 0.0030820 secs]
7.487: [GC 7.488: [DefNew: 569K->36K(576K), 0.0011130 secs]7.489: [Train: 127852K->127852K(128000K), 0.0010680 secs] 128358K->128230K(128576K), 0.0031100 secs]
7.490: [GC 7.491: [DefNew: 546K->32K(576K), 0.0010990 secs]7.492: [Train: 127888K->127888K(128000K), 0.0010090 secs] 128399K->128305K(128576K), 0.0030390 secs]
7.493: [GC 7.494: [DefNew: 543K->19K(576K), 0.0010900 secs]7.495: [Train: 127913K->127913K(128064K), 0.0010110 secs] 128432K->128317K(128640K), 0.0030340 secs]
7.497: [GC 7.498: [DefNew: 530K->49K(576K), 0.0010820 secs]7.499: [Train: 127913K->127913K(128064K), 0.0010320 secs] 128444K->128346K(128640K), 0.0030410 secs]
7.500: [GC 7.501: [DefNew: 557K->36K(576K), 0.0010990 secs]7.502: [Train: 127933K->127933K(128064K), 0.0010030 secs] 128470K->128353K(128640K), 0.0030300 secs]
7.503: [GC 7.504: [DefNew: 547K->45K(576K), 0.0010870 secs]7.505: [Train: 127952K->127952K(128064K), 0.0009980 secs] 128480K->128382K(128640K), 0.0030090 secs]
7.506: [GC 7.507: [DefNew: 553K->36K(576K), 0.0010900 secs]7.508: [Train: 127970K->127970K(128128K), 0.0010380 secs] 128506K->128348K(128704K), 0.0030550 secs]
7.509: [GC 7.510: [DefNew: 546K->49K(576K), 0.0010950 secs]7.511: [Train: 127990K->127990K(128128K), 0.0010190 secs] 128517K->128295K(128704K), 0.0030730 secs]
7.513: [GC 7.514: [DefNew: 559K->49K(576K), 0.0011230 secs]7.515: [Train: 128031K->128031K(128192K), 0.0010310 secs] 128550K->128080K(128768K), 0.0030850 secs]
7.516: [GC 7.517: [DefNew: 551K->62K(576K), 0.0011200 secs]7.518: [Train: 128090K->128090K(128192K), 0.0010150 secs] 128583K->128152K(128768K), 0.0030660 secs]
7.520: [GC 7.521: [DefNew: 564K->62K(576K), 0.0012400 secs] 128655K->128228K(128832K), 0.0021570 secs]
7.522: [GC 7.523: [DefNew: 564K->62K(576K), 0.0011340 secs]7.524: [Train: 128239K->128239K(128384K), 0.0010540 secs] 128730K->128302K(128960K), 0.0031530 secs]
7.526: [GC 7.527: [DefNew: 564K->62K(576K), 0.0011330 secs]7.528: [Train: 128313K->128313K(128448K), 0.0010410 secs] 128804K->128631K(129024K), 0.0031150 secs]
7.529: [GC 7.530: [DefNew: 569K->45K(576K), 0.0011130 secs]7.531: [Train: 128367K->128367K(128512K), 0.0010780 secs] 128883K->128755K(129088K), 0.0031280 secs]
7.533: [GC 7.533: [DefNew: 556K->22K(576K), 0.0011000 secs]7.535: [Train: 128403K->128403K(128512K), 0.0010190 secs] 128924K->128810K(129088K), 0.0030480 secs]
7.536: [GC 7.537: [DefNew: 534K->52K(576K), 0.0010940 secs]7.538: [Train: 128403K->128403K(128512K), 0.0010040 secs] 128938K->128840K(129088K), 0.0030260 secs]
7.539: [GC 7.540: [DefNew: 560K->36K(576K), 0.0010960 secs]7.541: [Train: 128428K->128428K(128576K), 0.0010180 secs] 128964K->128848K(129152K), 0.0030430 secs]
7.542: [GC 7.543: [DefNew: 547K->45K(576K), 0.0010900 secs]7.544: [Train: 128448K->128448K(128576K), 0.0010250 secs] 128975K->128878K(129152K), 0.0030430 secs]
7.545: [GC 7.546: [DefNew: 553K->36K(576K), 0.0010890 secs]7.547: [Train: 128464K->128464K(128576K), 0.0010350 secs] 129002K->128884K(129152K), 0.0030570 secs]
7.549: [GC 7.549: [DefNew: 547K->45K(576K), 0.0013210 secs]7.551: [Train: 128486K->128486K(128640K), 0.0010230 secs] 129011K->128873K(129216K), 0.0032750 secs]
7.552: [GC 7.553: [DefNew: 556K->42K(576K), 0.0010980 secs]7.554: [Train: 128502K->128502K(128640K), 0.0009970 secs] 129042K->128801K(129216K), 0.0030260 secs]
7.555: [GC 7.556: [DefNew: 549K->58K(576K), 0.0010940 secs]7.557: [Train: 128522K->128522K(128640K), 0.0010000 secs] 129052K->128581K(129216K), 0.0030240 secs]
7.559: [GC 7.560: [DefNew: 561K->62K(576K), 0.0011260 secs]7.561: [Train: 128592K->128592K(128704K), 0.0010430 secs] 129083K->128654K(129280K), 0.0031040 secs]
7.562: [GC 7.563: [DefNew: 564K->62K(576K), 0.0011280 secs] 129157K->128728K(129280K), 0.0020470 secs]
7.565: [GC 7.566: [DefNew: 564K->62K(576K), 0.0011520 secs]7.567: [Train: 128742K->128742K(128896K), 0.0009960 secs] 129231K->128804K(129472K), 0.0030790 secs]
7.568: [GC 7.569: [DefNew: 564K->62K(576K), 0.0011360 secs]7.570: [Train: 128815K->128815K(128960K), 0.0010190 secs] 129306K->129134K(129536K), 0.0030880 secs]
7.572: [GC 7.572: [DefNew: 569K->36K(576K), 0.0011180 secs]7.574: [Train: 128879K->128879K(129024K), 0.0010210 secs] 129385K->129257K(129600K), 0.0030720 secs]
7.575: [GC 7.576: [DefNew: 546K->32K(576K), 0.0011000 secs]7.577: [Train: 128915K->128915K(129024K), 0.0009840 secs] 129426K->129332K(129600K), 0.0030160 secs]
7.578: [GC 7.579: [DefNew: 543K->19K(576K), 0.0010970 secs]7.580: [Train: 128940K->128940K(129088K), 0.0010000 secs] 129459K->129344K(129664K), 0.0030290 secs]
7.581: [GC 7.582: [DefNew: 530K->49K(576K), 0.0010850 secs]7.583: [Train: 128940K->128940K(129088K), 0.0009800 secs] 129471K->129373K(129664K), 0.0030030 secs]
7.584: [GC 7.585: [DefNew: 557K->36K(576K), 0.0011040 secs]7.586: [Train: 128960K->128960K(129088K), 0.0009740 secs] 129497K->129380K(129664K), 0.0030110 secs]
7.587: [GC 7.588: [DefNew: 547K->45K(576K), 0.0010930 secs]7.589: [Train: 128979K->128979K(129088K), 0.0009820 secs] 129507K->129409K(129664K), 0.0030080 secs]
7.591: [GC 7.591: [DefNew: 553K->36K(576K), 0.0010980 secs]7.592: [Train: 128998K->128998K(129152K), 0.0009840 secs] 129533K->129375K(129728K), 0.0030150 secs]
7.594: [GC 7.595: [DefNew: 546K->49K(576K), 0.0010960 secs]7.596: [Train: 129017K->129017K(129152K), 0.0009830 secs] 129545K->129322K(129728K), 0.0030120 secs]
7.597: [GC 7.598: [DefNew: 559K->49K(576K), 0.0012130 secs]7.599: [Train: 129058K->129058K(129216K), 0.0009900 secs] 129577K->129107K(129792K), 0.0031510 secs]
7.601: [GC 7.601: [DefNew: 551K->62K(576K), 0.0011320 secs]7.603: [Train: 129119K->129119K(129280K), 0.0009880 secs] 129610K->129181K(129856K), 0.0030570 secs]
7.604: [GC 7.605: [DefNew: 564K->62K(576K), 0.0011730 secs] 129684K->129255K(129856K), 0.0020970 secs]
7.607: [GC 7.607: [DefNew: 564K->62K(576K), 0.0011510 secs]7.609: [Train: 129267K->129267K(129408K), 0.0009780 secs] 129757K->129329K(129984K), 0.0030800 secs]
7.610: [GC 7.611: [DefNew: 564K->62K(576K), 0.0011470 secs]7.612: [Train: 129341K->129341K(129472K), 0.0010090 secs] 129831K->129659K(130048K), 0.0031980 secs]
7.614: [GC 7.614: [DefNew: 569K->45K(576K), 0.0011210 secs]7.616: [Train: 129395K->129395K(129536K), 0.0009960 secs] 129910K->129782K(130112K), 0.0030600 secs]
7.617: [GC 7.618: [DefNew: 556K->22K(576K), 0.0011030 secs]7.619: [Train: 129431K->129431K(129536K), 0.0009830 secs] 129951K->129838K(130112K), 0.0030270 secs]
7.620: [GC 7.621: [DefNew: 534K->52K(576K), 0.0011000 secs]7.622: [Train: 129431K->129431K(129536K), 0.0009650 secs] 129965K->129867K(130112K), 0.0030000 secs]
7.623: [GC 7.624: [DefNew: 560K->36K(576K), 0.0011040 secs]7.625: [Train: 129455K->129455K(129600K), 0.0009770 secs] 129991K->129875K(130176K), 0.0030170 secs]
7.626: [GC 7.627: [DefNew: 547K->45K(576K), 0.0010980 secs]7.628: [Train: 129475K->129475K(129600K), 0.0009620 secs] 130003K->129905K(130176K), 0.0029950 secs]
7.629: [GC 7.630: [DefNew: 553K->36K(576K), 0.0010960 secs]7.631: [Train: 129491K->129491K(129600K), 0.0009700 secs] 130029K->129911K(130176K), 0.0030080 secs]
7.633: [GC 7.633: [DefNew: 547K->45K(576K), 0.0011160 secs]7.635: [Train: 129513K->129513K(129664K), 0.0009750 secs] 130039K->129900K(130240K), 0.0030270 secs]
7.636: [GC 7.637: [DefNew: 556K->42K(576K), 0.0011020 secs]7.638: [Train: 129529K->129529K(129664K), 0.0009650 secs] 130070K->129828K(130240K), 0.0030090 secs]
7.639: [GC 7.640: [DefNew: 549K->58K(576K), 0.0011000 secs]7.641: [Train: 129549K->129549K(129664K), 0.0009740 secs] 130079K->129608K(130240K), 0.0030100 secs]
7.642: [GC 7.643: [DefNew: 561K->62K(576K), 0.0011300 secs]7.644: [Train: 129619K->129619K(129728K), 0.0009620 secs] 130110K->129682K(130304K), 0.0030330 secs]
7.646: [GC 7.647: [DefNew: 564K->62K(576K), 0.0011410 secs] 130184K->129757K(130368K), 0.0020680 secs]
7.648: [GC 7.649: [DefNew: 564K->62K(576K), 0.0011570 secs]7.650: [Train: 129769K->129769K(129920K), 0.0009980 secs] 130260K->129831K(130496K), 0.0030930 secs]
7.652: [GC 7.653: [DefNew: 564K->62K(576K), 0.0011390 secs]7.654: [Train: 129843K->129843K(129984K), 0.0009660 secs] 130334K->130161K(130560K), 0.0030450 secs]
7.655: [GC 7.656: [DefNew: 569K->36K(576K), 0.0011250 secs]7.657: [Train: 129907K->129907K(130048K), 0.0009780 secs] 130412K->130284K(130624K), 0.0030440 secs]
7.658: [GC 7.659: [DefNew: 546K->32K(576K), 0.0011060 secs]7.660: [Train: 129943K->129943K(130048K), 0.0009660 secs] 130454K->130359K(130624K), 0.0030120 secs]
7.662: [GC 7.662: [DefNew: 543K->19K(576K), 0.0011050 secs]7.664: [Train: 129967K->129967K(130112K), 0.0009530 secs] 130487K->130371K(130688K), 0.0030030 secs]
7.665: [GC 7.666: [DefNew: 530K->49K(576K), 0.0010950 secs]7.667: [Train: 129967K->129967K(130112K), 0.0009450 secs] 130498K->130401K(130688K), 0.0029800 secs]
7.668: [GC 7.669: [DefNew: 557K->36K(576K), 0.0011110 secs]7.670: [Train: 129987K->129987K(130112K), 0.0009940 secs] 130524K->130407K(130688K), 0.0030460 secs]
7.671: [GC 7.672: [DefNew: 547K->45K(576K), 0.0011020 secs]7.673: [Train: 130007K->130007K(130112K), 0.0009880 secs] 130534K->130437K(130688K), 0.0030310 secs]
7.674: [GC 7.675: [DefNew: 553K->36K(576K), 0.0011060 secs]7.676: [Train: 130025K->130025K(130176K), 0.0009590 secs] 130560K->130402K(130752K), 0.0030050 secs]
7.677: [GC 7.678: [DefNew: 546K->49K(576K), 0.0011050 secs]7.679: [Train: 130045K->130045K(130176K), 0.0009560 secs] 130572K->130350K(130752K), 0.0030090 secs]
7.681: [GC 7.681: [DefNew: 559K->49K(576K), 0.0011410 secs]7.683: [Train: 130086K->130086K(130240K), 0.0009700 secs] 130604K->130135K(130816K), 0.0030530 secs]
7.684: [GC 7.685: [DefNew: 551K->62K(576K), 0.0011480 secs]7.686: [Train: 130146K->130146K(130304K), 0.0009690 secs] 130637K->130209K(130880K), 0.0030610 secs]
7.688: [GC 7.688: [DefNew: 564K->62K(576K), 0.0011540 secs] 130711K->130282K(130880K), 0.0020890 secs]
7.690: [GC 7.691: [DefNew: 564K->62K(576K), 0.0011510 secs]7.692: [Train: 130294K->130294K(130432K), 0.0009600 secs] 130785K->130356K(131008K), 0.0030520 secs]
7.694: [GC 7.694: [DefNew: 564K->62K(576K), 0.0011520 secs]7.696: [Train: 130368K->130368K(130496K), 0.0009830 secs] 130859K->130686K(131072K), 0.0030940 secs]
7.697: [GC 7.698: [DefNew: 569K->45K(576K), 0.0011360 secs]7.699: [Train: 130422K->130422K(130560K), 0.0009650 secs] 130937K->130809K(131136K), 0.0030510 secs]
7.700: [GC 7.701: [DefNew: 556K->22K(576K), 0.0011220 secs]7.702: [Train: 130458K->130458K(130560K), 0.0009570 secs] 130979K->130865K(131136K), 0.0030220 secs]
7.703: [GC 7.704: [DefNew: 534K->52K(576K), 0.0010940 secs]7.705: [Train: 130458K->130458K(130560K), 0.0009870 secs] 130992K->130894K(131136K), 0.0030250 secs]
7.706: [GC 7.707: [DefNew: 560K->36K(576K), 0.0011150 secs]7.708: [Train: 130483K->130483K(130624K), 0.0009430 secs] 131018K->130903K(131200K), 0.0030030 secs]
7.710: [GC 7.710: [DefNew: 547K->45K(576K), 0.0011080 secs]7.712: [Train: 130502K->130502K(130624K), 0.0009280 secs] 131030K->130932K(131200K), 0.0029870 secs]
7.713: [GC 7.714: [DefNew: 553K->36K(576K), 0.0011260 secs]7.715: [Train: 130519K->130519K(130624K), 0.0009270 secs] 131056K->130939K(131200K), 0.0030100 secs]
7.716: [GC 7.717: [DefNew: 547K->45K(576K), 0.0011330 secs]7.718: [Train: 130540K->130540K(130688K), 0.0009640 secs] 131066K->130927K(131264K), 0.0030430 secs]
7.719: [GC 7.720: [DefNew: 556K->42K(576K), 0.0011070 secs]7.721: [Train: 130557K->130557K(130688K), 0.0009390 secs] 131097K->130855K(131264K), 0.0029960 secs]
7.722: [GC 7.723: [DefNew: 549K->58K(576K), 0.0011130 secs]7.724: [Train: 130576K->130576K(130688K), 0.0009250 secs] 131106K->130635K(131264K), 0.0029820 secs]
7.726: [GC 7.727: [DefNew: 561K->62K(576K), 0.0011510 secs]7.728: [Train: 130647K->130647K(130752K), 0.0009510 secs] 131138K->130709K(131328K), 0.0030560 secs]
7.729: [GC 7.730: [DefNew: 564K->62K(576K), 0.0011580 secs] 131211K->130785K(131392K), 0.0021080 secs]
7.732: [GC 7.733: [DefNew: 564K->62K(576K), 0.0011600 secs]7.734: [Train: 130796K->130796K(130944K), 0.0009380 secs] 131287K->130858K(131520K), 0.0030430 secs]
7.735: [GC 7.736: [DefNew: 564K->62K(576K), 0.0011400 secs]7.737: [Train: 130870K->130870K(131008K), 0.0009280 secs] 131361K->131188K(131584K), 0.0030150 secs]
7.739: [GC 7.740: [DefNew: 569K->36K(576K), 0.0011330 secs]7.741: [Train: 130934K->130934K(131072K), 0.0009540 secs] 131439K->131311K(131648K), 0.0030470 secs]
7.742: [GC 7.743: [DefNew: 546K->32K(576K), 0.0011150 secs]7.744: [Train: 130970K->130970K(131072K), 0.0009130 secs] 131481K->131387K(131648K), 0.0029770 secs]
7.745: [GC 7.746: [DefNew: 543K->19K(576K), 0.0011110 secs]7.747: [Train: 130995K->130995K(131136K), 0.0009700 secs] 131514K->131398K(131712K), 0.0030330 secs]
7.748: [GC 7.749: [DefNew: 530K->49K(576K), 0.0011030 secs]7.750: [Train: 130995K->130995K(131136K), 0.0009170 secs] 131526K->131428K(131712K), 0.0029650 secs]
7.751: [GC 7.752: [DefNew: 557K->36K(576K), 0.0011070 secs]7.753: [Train: 131014K->131014K(131136K), 0.0009120 secs] 131552K->131434K(131712K), 0.0029650 secs]
7.754: [GC 7.755: [DefNew: 547K->45K(576K), 0.0011090 secs]7.756: [Train: 131034K->131034K(131136K), 0.0009350 secs] 131562K->131464K(131712K), 0.0029890 secs]
7.757: [GC 7.758: [DefNew: 553K->36K(576K), 0.0011320 secs]7.760: [Train: 131052K->131052K(131200K), 0.0009560 secs] 131588K->131430K(131776K), 0.0030400 secs]
7.761: [GC 7.762: [DefNew: 546K->49K(576K), 0.0011150 secs]7.763: [Train: 131072K->131072K(131200K), 0.0009270 secs] 131599K->131377K(131776K), 0.0029880 secs]
7.764: [GC 7.765: [DefNew: 559K->49K(576K), 0.0011750 secs]7.766: [Train: 131113K->131113K(131264K), 0.0009100 secs] 131631K->131162K(131840K), 0.0030340 secs]
7.767: [GC 7.768: [DefNew: 551K->62K(576K), 0.0011410 secs]7.769: [Train: 131174K->131174K(131328K), 0.0009420 secs] 131664K->131236K(131904K), 0.0030330 secs]
7.774: [GC 7.775: [DefNew: 564K->62K(576K), 0.0011560 secs] 131738K->131310K(131904K), 0.0021060 secs]
7.776: [GC 7.777: [DefNew: 564K->62K(576K), 0.0011850 secs]7.778: [Train: 131321K->131321K(131456K), 0.0009240 secs] 131812K->131383K(132032K), 0.0030600 secs]
7.780: [GC 7.781: [DefNew: 564K->62K(576K), 0.0011520 secs]7.782: [Train: 131395K->131395K(131520K), 0.0009350 secs] 131886K->131713K(132096K), 0.0030400 secs]
7.783: [GC 7.784: [DefNew: 569K->45K(576K), 0.0011350 secs]7.785: [Train: 131449K->131449K(131584K), 0.0009220 secs] 131964K->131836K(132160K), 0.0030060 secs]
7.786: [GC 7.787: [DefNew: 556K->22K(576K), 0.0011210 secs]7.788: [Train: 131487K->131487K(131648K), 0.0009070 secs] 132006K->131894K(132224K), 0.0029790 secs]
7.789: [GC 7.790: [DefNew: 534K->52K(576K), 0.0011030 secs]7.791: [Train: 131487K->131487K(131648K), 0.0008860 secs] 132021K->131923K(132224K), 0.0029550 secs]
7.792: [GC 7.793: [DefNew: 560K->36K(576K), 0.0011290 secs]7.794: [Train: 131510K->131510K(131648K), 0.0008980 secs] 132047K->131930K(132224K), 0.0029760 secs]
7.795: [GC 7.796: [DefNew: 547K->45K(576K), 0.0011120 secs]7.797: [Train: 131530K->131530K(131648K), 0.0009130 secs] 132057K->131959K(132224K), 0.0029750 secs]
7.799: [GC 7.799: [DefNew: 553K->36K(576K), 0.0011140 secs]7.801: [Train: 131546K->131546K(131648K), 0.0008900 secs] 132083K->131966K(132224K), 0.0029540 secs]
7.802: [GC 7.803: [DefNew: 547K->45K(576K), 0.0011180 secs]7.804: [Train: 131567K->131567K(131712K), 0.0009070 secs] 132093K->131955K(132288K), 0.0029750 secs]
7.805: [GC 7.806: [DefNew: 556K->42K(576K), 0.0011130 secs]7.807: [Train: 131584K->131584K(131712K), 0.0009190 secs] 132124K->131882K(132288K), 0.0029870 secs]
7.808: [GC 7.809: [DefNew: 549K->58K(576K), 0.0011210 secs]7.810: [Train: 131603K->131603K(131712K), 0.0009170 secs] 132134K->131662K(132288K), 0.0029930 secs]
7.812: [GC 7.812: [DefNew: 561K->62K(576K), 0.0011480 secs]7.814: [Train: 131674K->131674K(131776K), 0.0009320 secs] 132165K->131736K(132352K), 0.0030340 secs]
7.815: [GC 7.816: [DefNew: 564K->62K(576K), 0.0011560 secs] 132239K->131812K(132416K), 0.0020980 secs]
7.817: [GC 7.818: [DefNew: 564K->62K(576K), 0.0011650 secs]7.820: [Train: 131823K->131823K(131968K), 0.0009430 secs] 132314K->131886K(132544K), 0.0030690 secs]
7.821: [GC 7.822: [DefNew: 564K->62K(576K), 0.0011500 secs]7.823: [Train: 131897K->131897K(132032K), 0.0009310 secs] 132388K->132215K(132608K), 0.0030430 secs]
7.824: [GC 7.825: [DefNew: 569K->36K(576K), 0.0019970 secs]7.827: [Train: 131961K->131961K(132096K), 0.0009390 secs] 132467K->132339K(132672K), 0.0038980 secs]
7.828: [GC 7.829: [DefNew: 546K->32K(576K), 0.0011380 secs]7.830: [Train: 131999K->131999K(132160K), 0.0009180 secs] 132508K->132416K(132736K), 0.0030160 secs]
7.832: [GC 7.832: [DefNew: 543K->19K(576K), 0.0011150 secs]7.834: [Train: 132022K->132022K(132160K), 0.0008850 secs] 132543K->132426K(132736K), 0.0029550 secs]
7.835: [GC 7.835: [DefNew: 530K->49K(576K), 0.0011070 secs]7.837: [Train: 132022K->132022K(132160K), 0.0008750 secs] 132553K->132455K(132736K), 0.0029370 secs]
7.838: [GC 7.839: [DefNew: 557K->36K(576K), 0.0011160 secs]7.840: [Train: 132042K->132042K(132160K), 0.0008780 secs] 132579K->132462K(132736K), 0.0029520 secs]
7.841: [GC 7.842: [DefNew: 547K->45K(576K), 0.0011270 secs]7.843: [Train: 132063K->132063K(132224K), 0.0008780 secs] 132589K->132493K(132800K), 0.0029600 secs]
7.844: [GC 7.845: [DefNew: 553K->36K(576K), 0.0011180 secs]7.846: [Train: 132079K->132079K(132224K), 0.0008590 secs] 132617K->132457K(132800K), 0.0029320 secs]
7.847: [GC 7.848: [DefNew: 546K->49K(576K), 0.0011170 secs]7.849: [Train: 132099K->132099K(132224K), 0.0009280 secs] 132626K->132404K(132800K), 0.0030000 secs]
7.850: [GC 7.851: [DefNew: 559K->49K(576K), 0.0011340 secs]7.852: [Train: 132140K->132140K(132288K), 0.0008700 secs] 132659K->132189K(132864K), 0.0029620 secs]
7.854: [GC 7.855: [DefNew: 551K->62K(576K), 0.0011500 secs]7.856: [Train: 132201K->132201K(132352K), 0.0008740 secs] 132692K->132263K(132928K), 0.0030730 secs]
7.857: [GC 7.858: [DefNew: 564K->62K(576K), 0.0011590 secs] 132765K->132337K(132928K), 0.0021110 secs]
7.860: [GC 7.861: [DefNew: 564K->62K(576K), 0.0011760 secs]7.862: [Train: 132349K->132349K(132480K), 0.0008930 secs] 132839K->132411K(133056K), 0.0030260 secs]
7.863: [GC 7.864: [DefNew: 566K->49K(576K), 0.0032230 secs]7.867: [Train: 132668K->132670K(132800K), 0.0004320 secs] 132915K->132975K(133376K), 0.0046270 secs]
7.868: [GC 7.869: [DefNew: 556K->45K(576K), 0.0011430 secs]7.870: [Train: 132709K->132709K(132800K), 0.0004510 secs] 133226K->133096K(133376K), 0.0025580 secs]
7.871: [GC 7.872: [DefNew: 556K->22K(576K), 0.0011280 secs]7.873: [Train: 132747K->132747K(132864K), 0.0004270 secs] 133266K->133154K(133440K), 0.0025150 secs]
7.873: [GC 7.874: [DefNew: 534K->52K(576K), 0.0011280 secs]7.876: [Train: 132747K->132747K(132864K), 0.0004160 secs] 133281K->133183K(133440K), 0.0027360 secs]
7.876: [GC 7.877: [DefNew: 560K->36K(576K), 0.0011280 secs]7.878: [Train: 132770K->132770K(132864K), 0.0003930 secs] 133307K->133190K(133440K), 0.0024820 secs]
7.879: [GC 7.880: [DefNew: 547K->45K(576K), 0.0011250 secs]7.881: [Train: 132791K->132791K(132928K), 0.0004790 secs] 133317K->133221K(133504K), 0.0025650 secs]
7.881: [GC 7.882: [DefNew: 553K->36K(576K), 0.0011180 secs]7.883: [Train: 132808K->132808K(132928K), 0.0004130 secs] 133345K->133228K(133504K), 0.0024980 secs]
7.884: [GC 7.885: [DefNew: 547K->45K(576K), 0.0011320 secs]7.886: [Train: 132827K->132827K(132928K), 0.0004270 secs] 133355K->133257K(133504K), 0.0025200 secs]
7.887: [GC 7.888: [DefNew: 553K->36K(576K), 0.0011170 secs]7.889: [Train: 132844K->132844K(132928K), 0.0004210 secs] 133381K->133264K(133504K), 0.0024980 secs]
7.889: [GC 7.890: [DefNew: 547K->45K(576K), 0.0011260 secs]7.891: [Train: 132865K->132865K(132992K), 0.0004380 secs] 133391K->133295K(133568K), 0.0025390 secs]
7.892: [GC 7.893: [DefNew: 553K->36K(576K), 0.0011230 secs]7.894: [Train: 132881K->132881K(132992K), 0.0004470 secs] 133419K->133301K(133568K), 0.0025300 secs]
7.895: [GC 7.896: [DefNew: 547K->45K(576K), 0.0011210 secs]7.897: [Train: 132901K->132901K(132992K), 0.0004100 secs] 133429K->133331K(133568K), 0.0024920 secs]
7.897: [GC 7.898: [DefNew: 553K->36K(576K), 0.0011220 secs]7.899: [Train: 132919K->132919K(133056K), 0.0004100 secs] 133455K->133339K(133632K), 0.0025050 secs]
7.900: [GC 7.901: [DefNew: 547K->45K(576K), 0.0011270 secs]7.902: [Train: 132939K->132939K(133056K), 0.0003980 secs] 133466K->133369K(133632K), 0.0024840 secs]
7.903: [GC 7.903: [DefNew: 553K->36K(576K), 0.0011170 secs]7.905: [Train: 132955K->132955K(133056K), 0.0004370 secs] 133493K->133375K(133632K), 0.0025110 secs]
7.905: [GC 7.906: [DefNew: 547K->45K(576K), 0.0011210 secs]7.907: [Train: 132975K->132975K(133056K), 0.0003870 secs] 133502K->133405K(133632K), 0.0024710 secs]
7.908: [GC 7.909: [DefNew: 553K->36K(576K), 0.0011330 secs]7.910: [Train: 132993K->132993K(133120K), 0.0004570 secs] 133529K->133370K(133696K), 0.0025480 secs]
7.911: [GC 7.911: [DefNew: 546K->49K(576K), 0.0011220 secs]7.913: [Train: 133013K->133013K(133120K), 0.0003950 secs] 133540K->133318K(133696K), 0.0024740 secs]
7.913: [GC 7.914: [DefNew: 559K->49K(576K), 0.0011410 secs]7.915: [Train: 133054K->133054K(133184K), 0.0003840 secs] 133572K->133103K(133760K), 0.0024930 secs]
7.916: [GC 7.917: [DefNew: 551K->62K(576K), 0.0011570 secs]7.918: [Train: 133114K->133114K(133248K), 0.0004250 secs] 133605K->133177K(133824K), 0.0025440 secs]
7.919: [GC 7.920: [DefNew: 564K->62K(576K), 0.0011570 secs] 133679K->133250K(133824K), 0.0021060 secs]
7.922: [GC 7.923: [DefNew: 564K->62K(576K), 0.0011730 secs]7.924: [Train: 133262K->133262K(133376K), 0.0004270 secs] 133753K->133324K(133952K), 0.0025610 secs]
7.925: [GC 7.926: [DefNew: 564K->62K(576K), 0.0011690 secs]7.927: [Train: 133336K->133336K(133440K), 0.0004460 secs] 133827K->133654K(134016K), 0.0025780 secs]
7.928: [GC 7.928: [DefNew: 569K->45K(576K), 0.0011500 secs]7.930: [Train: 133390K->133390K(133504K), 0.0004440 secs] 133905K->133777K(134080K), 0.0025580 secs]
7.930: [GC 7.931: [DefNew: 556K->22K(576K), 0.0011370 secs]7.932: [Train: 133428K->133428K(133568K), 0.0004200 secs] 133947K->133835K(134144K), 0.0025190 secs]
7.933: [GC 7.934: [DefNew: 534K->52K(576K), 0.0011150 secs]7.935: [Train: 133428K->133428K(133568K), 0.0004120 secs] 133962K->133864K(134144K), 0.0025020 secs]
7.936: [GC 7.936: [DefNew: 560K->36K(576K), 0.0011270 secs]7.938: [Train: 133451K->133451K(133568K), 0.0004200 secs] 133988K->133871K(134144K), 0.0025100 secs]
7.938: [GC 7.939: [DefNew: 547K->45K(576K), 0.0011270 secs]7.940: [Train: 133470K->133470K(133568K), 0.0004110 secs] 133998K->133900K(134144K), 0.0024980 secs]
7.941: [GC 7.942: [DefNew: 553K->36K(576K), 0.0011250 secs]7.943: [Train: 133487K->133487K(133568K), 0.0003950 secs] 134024K->133907K(134144K), 0.0024880 secs]
7.943: [GC 7.944: [DefNew: 547K->45K(576K), 0.0011310 secs]7.945: [Train: 133508K->133508K(133632K), 0.0004190 secs] 134034K->133895K(134208K), 0.0025140 secs]
7.946: [GC 7.947: [DefNew: 556K->42K(576K), 0.0011270 secs]7.948: [Train: 133525K->133525K(133632K), 0.0003950 secs] 134065K->133823K(134208K), 0.0024840 secs]
7.949: [GC 7.950: [DefNew: 549K->58K(576K), 0.0011300 secs]7.951: [Train: 133544K->133544K(133632K), 0.0004500 secs] 134074K->133603K(134208K), 0.0025490 secs]
7.952: [GC 7.953: [DefNew: 561K->62K(576K), 0.0011730 secs]7.954: [Train: 133615K->133615K(133696K), 0.0004100 secs] 134106K->133677K(134272K), 0.0025480 secs]
7.955: [GC 7.956: [DefNew: 564K->62K(576K), 0.0011750 secs] 134179K->133753K(134336K), 0.0021280 secs]
7.957: [GC 7.958: [DefNew: 564K->62K(576K), 0.0011740 secs]7.959: [Train: 133764K->133764K(133888K), 0.0004210 secs] 134255K->133826K(134464K), 0.0025720 secs]
7.960: [GC 7.961: [DefNew: 564K->62K(576K), 0.0011750 secs]7.962: [Train: 133838K->133838K(133952K), 0.0004570 secs] 134329K->134156K(134528K), 0.0026050 secs]
7.963: [GC 7.964: [DefNew: 569K->36K(576K), 0.0011610 secs]7.965: [Train: 133902K->133902K(134016K), 0.0004190 secs] 134407K->134279K(134592K), 0.0025460 secs]
7.966: [GC 7.967: [DefNew: 546K->32K(576K), 0.0011420 secs]7.968: [Train: 133940K->133940K(134080K), 0.0003870 secs] 134449K->134357K(134656K), 0.0024950 secs]
7.969: [GC 7.969: [DefNew: 543K->19K(576K), 0.0011400 secs]7.971: [Train: 133963K->133963K(134080K), 0.0004310 secs] 134484K->134366K(134656K), 0.0025380 secs]
7.971: [GC 7.972: [DefNew: 530K->49K(576K), 0.0011180 secs]7.973: [Train: 133963K->133963K(134080K), 0.0003900 secs] 134494K->134396K(134656K), 0.0024790 secs]
7.974: [GC 7.975: [DefNew: 557K->36K(576K), 0.0011350 secs]7.976: [Train: 133982K->133982K(134080K), 0.0004100 secs] 134520K->134402K(134656K), 0.0026850 secs]
7.977: [GC 7.978: [DefNew: 547K->45K(576K), 0.0011400 secs]7.979: [Train: 134004K->134004K(134144K), 0.0004330 secs] 134530K->134434K(134720K), 0.0025400 secs]
7.979: [GC 7.980: [DefNew: 553K->36K(576K), 0.0011270 secs]7.981: [Train: 134020K->134020K(134144K), 0.0004090 secs] 134558K->134398K(134720K), 0.0025040 secs]
7.982: [GC 7.983: [DefNew: 546K->49K(576K), 0.0011300 secs]7.984: [Train: 134040K->134040K(134144K), 0.0004570 secs] 134567K->134345K(134720K), 0.0025550 secs]
7.985: [GC 7.986: [DefNew: 559K->49K(576K), 0.0011480 secs]7.987: [Train: 134081K->134081K(134208K), 0.0004180 secs] 134599K->134130K(134784K), 0.0025410 secs]
7.988: [GC 7.989: [DefNew: 551K->62K(576K), 0.0011670 secs]7.990: [Train: 134142K->134142K(134272K), 0.0004130 secs] 134632K->134204K(134848K), 0.0025500 secs]
7.991: [GC 7.992: [DefNew: 564K->62K(576K), 0.0011770 secs] 134706K->134278K(134848K), 0.0021340 secs]
7.993: [GC 7.994: [DefNew: 564K->62K(576K), 0.0011890 secs]7.995: [Train: 134289K->134289K(134400K), 0.0004220 secs] 134780K->134351K(134976K), 0.0026020 secs]
7.996: [GC 7.997: [DefNew: 564K->62K(576K), 0.0011760 secs]7.998: [Train: 134363K->134363K(134464K), 0.0004140 secs] 134854K->134681K(135040K), 0.0025620 secs]
7.999: [GC 8.000: [DefNew: 569K->45K(576K), 0.0011550 secs]8.001: [Train: 134417K->134417K(134528K), 0.0004300 secs] 134933K->134804K(135104K), 0.0025610 secs]
8.002: [GC 8.003: [DefNew: 556K->22K(576K), 0.0011420 secs]8.004: [Train: 134455K->134455K(134592K), 0.0004390 secs] 134974K->134862K(135168K), 0.0025510 secs]
8.005: [GC 8.005: [DefNew: 534K->52K(576K), 0.0011350 secs]8.007: [Train: 134455K->134455K(134592K), 0.0004060 secs] 134989K->134891K(135168K), 0.0025120 secs]
8.007: [GC 8.008: [DefNew: 560K->36K(576K), 0.0011340 secs]8.009: [Train: 134478K->134478K(134592K), 0.0004050 secs] 135015K->134898K(135168K), 0.0025150 secs]
8.010: [GC 8.011: [DefNew: 547K->45K(576K), 0.0011330 secs]8.012: [Train: 134498K->134498K(134592K), 0.0004470 secs] 135025K->134927K(135168K), 0.0025510 secs]
8.013: [GC 8.013: [DefNew: 553K->36K(576K), 0.0011390 secs]8.015: [Train: 134516K->134516K(134656K), 0.0004350 secs] 135051K->134936K(135232K), 0.0025450 secs]
8.015: [GC 8.016: [DefNew: 547K->45K(576K), 0.0011320 secs]8.017: [Train: 134536K->134536K(134656K), 0.0004510 secs] 135063K->134923K(135232K), 0.0025540 secs]
8.018: [GC 8.019: [DefNew: 556K->42K(576K), 0.0011300 secs]8.020: [Train: 134552K->134552K(134656K), 0.0004110 secs] 135092K->134850K(135232K), 0.0025150 secs]
8.021: [GC 8.022: [DefNew: 549K->58K(576K), 0.0011430 secs]8.023: [Train: 134572K->134572K(134656K), 0.0004660 secs] 135102K->134630K(135232K), 0.0025850 secs]
8.024: [GC 8.025: [DefNew: 561K->62K(576K), 0.0011960 secs]8.026: [Train: 134644K->134644K(134784K), 0.0004650 secs] 135133K->134706K(135360K), 0.0026430 secs]
8.027: [GC 8.028: [DefNew: 564K->62K(576K), 0.0011730 secs] 135208K->134780K(135360K), 0.0021360 secs]
8.029: [GC 8.030: [DefNew: 564K->62K(576K), 0.0011860 secs]8.031: [Train: 134792K->134792K(134912K), 0.0004240 secs] 135282K->134854K(135488K), 0.0026190 secs]
8.032: [GC 8.033: [DefNew: 564K->62K(576K), 0.0011730 secs]8.034: [Train: 134865K->134865K(134976K), 0.0004110 secs] 135356K->135184K(135552K), 0.0025600 secs]
8.035: [GC 8.036: [DefNew: 569K->36K(576K), 0.0011590 secs]8.037: [Train: 134929K->134929K(135040K), 0.0004050 secs] 135435K->135307K(135616K), 0.0025380 secs]
8.038: [GC 8.039: [DefNew: 546K->32K(576K), 0.0011470 secs]8.040: [Train: 134967K->134967K(135104K), 0.0004230 secs] 135476K->135384K(135680K), 0.0025440 secs]
8.041: [GC 8.041: [DefNew: 543K->19K(576K), 0.0011460 secs]8.043: [Train: 134990K->134990K(135104K), 0.0004190 secs] 135511K->135394K(135680K), 0.0025390 secs]
8.043: [GC 8.044: [DefNew: 530K->49K(576K), 0.0011250 secs]8.045: [Train: 134990K->134990K(135104K), 0.0003960 secs] 135521K->135423K(135680K), 0.0024960 secs]
8.046: [GC 8.047: [DefNew: 557K->36K(576K), 0.0011340 secs]8.048: [Train: 135010K->135010K(135104K), 0.0003960 secs] 135547K->135430K(135680K), 0.0025050 secs]
8.049: [GC 8.049: [DefNew: 547K->45K(576K), 0.0011440 secs]8.051: [Train: 135031K->135031K(135168K), 0.0004030 secs] 135557K->135461K(135744K), 0.0025210 secs]
8.051: [GC 8.052: [DefNew: 553K->36K(576K), 0.0011320 secs]8.053: [Train: 135048K->135048K(135168K), 0.0003920 secs] 135585K->135425K(135744K), 0.0025110 secs]
8.054: [GC 8.055: [DefNew: 546K->49K(576K), 0.0011370 secs]8.056: [Train: 135067K->135067K(135168K), 0.0004490 secs] 135594K->135372K(135744K), 0.0025610 secs]
8.057: [GC 8.058: [DefNew: 559K->49K(576K), 0.0011570 secs]8.059: [Train: 135108K->135108K(135232K), 0.0004020 secs] 135627K->135157K(135808K), 0.0025350 secs]
8.060: [GC 8.061: [DefNew: 551K->62K(576K), 0.0011700 secs]8.062: [Train: 135169K->135169K(135296K), 0.0004390 secs] 135660K->135231K(135872K), 0.0025850 secs]
8.063: [GC 8.064: [DefNew: 564K->62K(576K), 0.0011720 secs] 135734K->135305K(135872K), 0.0021350 secs]
8.065: [GC 8.066: [DefNew: 564K->62K(576K), 0.0011880 secs]8.067: [Train: 135317K->135317K(135424K), 0.0004500 secs] 135807K->135379K(136000K), 0.0026240 secs]
8.068: [GC 8.069: [DefNew: 564K->62K(576K), 0.0011770 secs]8.070: [Train: 135390K->135390K(135488K), 0.0004090 secs] 135881K->135709K(136064K), 0.0025630 secs]
8.071: [GC 8.072: [DefNew: 569K->45K(576K), 0.0011590 secs]8.073: [Train: 135445K->135445K(135552K), 0.0004330 secs] 135960K->135832K(136128K), 0.0025690 secs]
8.074: [GC 8.075: [DefNew: 556K->22K(576K), 0.0011550 secs]8.076: [Train: 135482K->135482K(135616K), 0.0004530 secs] 136001K->135889K(136192K), 0.0027590 secs]
8.077: [GC 8.078: [DefNew: 534K->52K(576K), 0.0011420 secs]8.079: [Train: 135482K->135482K(135616K), 0.0004280 secs] 136017K->135919K(136192K), 0.0025500 secs]
8.079: [GC 8.080: [DefNew: 560K->36K(576K), 0.0011420 secs]8.081: [Train: 135505K->135505K(135616K), 0.0004390 secs] 136043K->135925K(136192K), 0.0025590 secs]
8.082: [GC 8.083: [DefNew: 547K->45K(576K), 0.0011420 secs]8.084: [Train: 135525K->135525K(135616K), 0.0004170 secs] 136053K->135955K(136192K), 0.0025970 secs]
8.085: [GC 8.086: [DefNew: 553K->36K(576K), 0.0011420 secs]8.087: [Train: 135543K->135543K(135680K), 0.0003950 secs] 136079K->135963K(136256K), 0.0025200 secs]
8.087: [GC 8.088: [DefNew: 547K->45K(576K), 0.0011400 secs]8.090: [Train: 135563K->135563K(135680K), 0.0004270 secs] 136090K->135950K(136256K), 0.0025440 secs]
8.090: [GC 8.091: [DefNew: 556K->42K(576K), 0.0011380 secs]8.092: [Train: 135579K->135579K(135680K), 0.0003950 secs] 136120K->135878K(136256K), 0.0025100 secs]
8.093: [GC 8.094: [DefNew: 549K->58K(576K), 0.0011410 secs]8.095: [Train: 135599K->135599K(135680K), 0.0003870 secs] 136129K->135658K(136256K), 0.0025110 secs]
8.096: [GC 8.097: [DefNew: 561K->62K(576K), 0.0011940 secs]8.098: [Train: 135671K->135671K(135808K), 0.0004170 secs] 136160K->135733K(136384K), 0.0025920 secs]
8.099: [GC 8.100: [DefNew: 564K->62K(576K), 0.0011740 secs] 136236K->135807K(136384K), 0.0021410 secs]
8.101: [GC 8.102: [DefNew: 564K->62K(576K), 0.0011920 secs]8.104: [Train: 135819K->135819K(135936K), 0.0004200 secs] 136310K->135881K(136512K), 0.0026040 secs]
8.104: [GC 8.105: [DefNew: 564K->62K(576K), 0.0011810 secs]8.107: [Train: 135893K->135893K(136000K), 0.0004580 secs] 136383K->136211K(136576K), 0.0026200 secs]
8.107: [GC 8.108: [DefNew: 569K->36K(576K), 0.0011650 secs]8.109: [Train: 135957K->135957K(136064K), 0.0004690 secs] 136462K->136334K(136640K), 0.0026260 secs]
8.110: [GC 8.111: [DefNew: 546K->32K(576K), 0.0011980 secs]8.112: [Train: 135994K->135994K(136128K), 0.0004020 secs] 136504K->136411K(136704K), 0.0025840 secs]
8.113: [GC 8.114: [DefNew: 543K->19K(576K), 0.0011480 secs]8.115: [Train: 136017K->136017K(136128K), 0.0004030 secs] 136538K->136421K(136704K), 0.0025480 secs]
8.116: [GC 8.116: [DefNew: 530K->49K(576K), 0.0011340 secs]8.118: [Train: 136017K->136017K(136128K), 0.0004110 secs] 136548K->136450K(136704K), 0.0025260 secs]
8.118: [GC 8.119: [DefNew: 557K->36K(576K), 0.0011410 secs]8.120: [Train: 136037K->136037K(136128K), 0.0004710 secs] 136574K->136457K(136704K), 0.0025930 secs]
8.121: [GC 8.122: [DefNew: 547K->45K(576K), 0.0011500 secs]8.123: [Train: 136058K->136058K(136192K), 0.0004520 secs] 136584K->136488K(136768K), 0.0025880 secs]
8.124: [GC 8.125: [DefNew: 553K->36K(576K), 0.0011530 secs]8.126: [Train: 136075K->136075K(136192K), 0.0004240 secs] 136612K->136452K(136768K), 0.0025590 secs]
8.126: [GC 8.127: [DefNew: 546K->49K(576K), 0.0011440 secs]8.128: [Train: 136094K->136094K(136192K), 0.0004280 secs] 136622K->136399K(136768K), 0.0025530 secs]
8.129: [GC 8.130: [DefNew: 559K->49K(576K), 0.0011600 secs]8.131: [Train: 136136K->136136K(136256K), 0.0004190 secs] 136654K->136185K(136832K), 0.0025690 secs]
8.132: [GC 8.133: [DefNew: 551K->62K(576K), 0.0011780 secs]8.134: [Train: 136196K->136196K(136320K), 0.0004250 secs] 136687K->136258K(136896K), 0.0025890 secs]
8.135: [GC 8.136: [DefNew: 564K->62K(576K), 0.0011820 secs] 136761K->136332K(136896K), 0.0021530 secs]
8.138: [GC 8.139: [DefNew: 564K->62K(576K), 0.0011900 secs]8.140: [Train: 136344K->136344K(136448K), 0.0004310 secs] 136835K->136406K(137024K), 0.0026070 secs]
8.141: [GC 8.142: [DefNew: 564K->62K(576K), 0.0011810 secs]8.143: [Train: 136418K->136418K(136512K), 0.0004100 secs] 136908K->136736K(137088K), 0.0025840 secs]
8.144: [GC 8.145: [DefNew: 569K->45K(576K), 0.0011690 secs]8.146: [Train: 136472K->136472K(136576K), 0.0004140 secs] 136987K->136859K(137152K), 0.0025670 secs]
8.146: [GC 8.147: [DefNew: 556K->22K(576K), 0.0011580 secs]8.148: [Train: 136510K->136510K(136640K), 0.0004090 secs] 137029K->136917K(137216K), 0.0025520 secs]
8.149: [GC 8.150: [DefNew: 534K->52K(576K), 0.0011380 secs]8.151: [Train: 136510K->136510K(136640K), 0.0004360 secs] 137044K->136946K(137216K), 0.0025710 secs]
8.152: [GC 8.153: [DefNew: 560K->36K(576K), 0.0011540 secs]8.154: [Train: 136533K->136533K(136640K), 0.0004320 secs] 137070K->136953K(137216K), 0.0025730 secs]
8.154: [GC 8.155: [DefNew: 547K->45K(576K), 0.0011450 secs]8.157: [Train: 136552K->136552K(136640K), 0.0003870 secs] 137080K->136982K(137216K), 0.0025180 secs]
8.157: [GC 8.158: [DefNew: 553K->36K(576K), 0.0011480 secs]8.159: [Train: 136570K->136570K(136704K), 0.0004120 secs] 137106K->136990K(137280K), 0.0025510 secs]
8.160: [GC 8.161: [DefNew: 547K->45K(576K), 0.0011580 secs]8.162: [Train: 136590K->136590K(136704K), 0.0003950 secs] 137118K->136977K(137280K), 0.0025400 secs]
8.163: [GC 8.163: [DefNew: 556K->42K(576K), 0.0011460 secs]8.165: [Train: 136606K->136606K(136704K), 0.0004200 secs] 137147K->136905K(137280K), 0.0025520 secs]
8.165: [GC 8.166: [DefNew: 549K->58K(576K), 0.0011540 secs]8.167: [Train: 136628K->136628K(136768K), 0.0004370 secs] 137156K->136687K(137344K), 0.0025830 secs]
8.168: [GC 8.169: [DefNew: 561K->62K(576K), 0.0011890 secs]8.170: [Train: 136698K->136698K(136832K), 0.0004250 secs] 137189K->136761K(137408K), 0.0026030 secs]
8.171: [GC 8.172: [DefNew: 564K->62K(576K), 0.0011820 secs] 137263K->136834K(137408K), 0.0021580 secs]
8.174: [GC 8.175: [DefNew: 564K->62K(576K), 0.0012030 secs]8.176: [Train: 136846K->136846K(136960K), 0.0004250 secs] 137337K->136908K(137536K), 0.0027850 secs]
8.177: [GC 8.178: [DefNew: 564K->62K(576K), 0.0011880 secs]8.179: [Train: 136920K->136920K(137024K), 0.0004600 secs] 137411K->137238K(137600K), 0.0026430 secs]
8.180: [GC 8.181: [DefNew: 569K->36K(576K), 0.0011840 secs]8.182: [Train: 136984K->136984K(137088K), 0.0004270 secs] 137489K->137361K(137664K), 0.0026080 secs]
8.183: [GC 8.184: [DefNew: 546K->32K(576K), 0.0011670 secs]8.185: [Train: 137022K->137022K(137152K), 0.0004310 secs] 137531K->137438K(137728K), 0.0025870 secs]
8.186: [GC 8.186: [DefNew: 543K->19K(576K), 0.0011520 secs]8.188: [Train: 137045K->137045K(137152K), 0.0004290 secs] 137566K->137448K(137728K), 0.0025820 secs]
8.188: [GC 8.189: [DefNew: 530K->49K(576K), 0.0011450 secs]8.190: [Train: 137045K->137045K(137152K), 0.0004240 secs] 137575K->137478K(137728K), 0.0025590 secs]
8.191: [GC 8.192: [DefNew: 557K->36K(576K), 0.0011500 secs]8.193: [Train: 137064K->137064K(137152K), 0.0004170 secs] 137602K->137484K(137728K), 0.0025560 secs]
8.194: [GC 8.195: [DefNew: 547K->45K(576K), 0.0011600 secs]8.196: [Train: 137086K->137086K(137216K), 0.0004220 secs] 137611K->137515K(137792K), 0.0026020 secs]
8.196: [GC 8.197: [DefNew: 553K->36K(576K), 0.0011620 secs]8.198: [Train: 137102K->137102K(137216K), 0.0004660 secs] 137639K->137479K(137792K), 0.0026180 secs]
8.199: [GC 8.200: [DefNew: 546K->49K(576K), 0.0011530 secs]8.201: [Train: 137122K->137122K(137216K), 0.0004320 secs] 137649K->137427K(137792K), 0.0025770 secs]
8.202: [GC 8.203: [DefNew: 559K->49K(576K), 0.0011700 secs]8.204: [Train: 137163K->137163K(137280K), 0.0004470 secs] 137681K->137212K(137856K), 0.0026080 secs]
8.205: [GC 8.206: [DefNew: 551K->62K(576K), 0.0011860 secs]8.207: [Train: 137224K->137224K(137344K), 0.0004360 secs] 137714K->137286K(137920K), 0.0026210 secs]
8.208: [GC 8.209: [DefNew: 564K->62K(576K), 0.0012740 secs] 137788K->137359K(137920K), 0.0022540 secs]
8.211: [GC 8.212: [DefNew: 564K->62K(576K), 0.0012010 secs]8.213: [Train: 137371K->137371K(137472K), 0.0004590 secs] 137862K->137433K(138048K), 0.0026500 secs]
8.214: [GC 8.215: [DefNew: 564K->62K(576K), 0.0011950 secs]8.216: [Train: 137445K->137445K(137536K), 0.0004320 secs] 137936K->137763K(138112K), 0.0026470 secs]
8.217: [GC 8.218: [DefNew: 569K->45K(576K), 0.0011820 secs]8.219: [Train: 137499K->137499K(137600K), 0.0004400 secs] 138014K->137886K(138176K), 0.0026160 secs]
8.220: [GC 8.220: [DefNew: 556K->22K(576K), 0.0011690 secs]8.222: [Train: 137537K->137537K(137664K), 0.0004160 secs] 138056K->137944K(138240K), 0.0025790 secs]
8.222: [GC 8.223: [DefNew: 534K->52K(576K), 0.0011440 secs]8.224: [Train: 137537K->137537K(137664K), 0.0004300 secs] 138071K->137973K(138240K), 0.0025670 secs]
8.225: [GC 8.226: [DefNew: 560K->36K(576K), 0.0011550 secs]8.227: [Train: 137560K->137560K(137664K), 0.0004170 secs] 138097K->137980K(138240K), 0.0025700 secs]
8.228: [GC 8.229: [DefNew: 547K->45K(576K), 0.0011600 secs]8.230: [Train: 137580K->137580K(137664K), 0.0004040 secs] 138107K->138009K(138240K), 0.0025580 secs]
8.230: [GC 8.231: [DefNew: 553K->36K(576K), 0.0011590 secs]8.232: [Train: 137598K->137598K(137728K), 0.0004270 secs] 138133K->138018K(138304K), 0.0025800 secs]
8.233: [GC 8.234: [DefNew: 547K->45K(576K), 0.0011690 secs]8.235: [Train: 137617K->137617K(137728K), 0.0004280 secs] 138145K->138004K(138304K), 0.0026050 secs]
8.236: [GC 8.237: [DefNew: 556K->42K(576K), 0.0011630 secs]8.238: [Train: 137634K->137634K(137728K), 0.0004120 secs] 138174K->137932K(138304K), 0.0025720 secs]
8.239: [GC 8.240: [DefNew: 549K->58K(576K), 0.0011680 secs]8.241: [Train: 137655K->137655K(137792K), 0.0004190 secs] 138183K->137714K(138368K), 0.0025820 secs]
8.242: [GC 8.243: [DefNew: 561K->62K(576K), 0.0011990 secs]8.244: [Train: 137726K->137726K(137856K), 0.0004110 secs] 138216K->137788K(138432K), 0.0026070 secs]
8.245: [GC 8.246: [DefNew: 564K->62K(576K), 0.0012100 secs] 138290K->137862K(138432K), 0.0021910 secs]
8.247: [GC 8.248: [DefNew: 564K->62K(576K), 0.0012060 secs]8.249: [Train: 137873K->137873K(137984K), 0.0004380 secs] 138364K->137936K(138560K), 0.0026400 secs]
8.250: [GC 8.251: [DefNew: 564K->62K(576K), 0.0011970 secs]8.253: [Train: 137947K->137947K(138048K), 0.0004200 secs] 138438K->138265K(138624K), 0.0026150 secs]
8.253: [GC 8.254: [DefNew: 569K->36K(576K), 0.0011880 secs]8.255: [Train: 138011K->138011K(138112K), 0.0004730 secs] 138517K->138389K(138688K), 0.0026620 secs]
8.256: [GC 8.257: [DefNew: 546K->32K(576K), 0.0011880 secs]8.258: [Train: 138049K->138049K(138176K), 0.0004190 secs] 138558K->138466K(138752K), 0.0026030 secs]
8.259: [GC 8.260: [DefNew: 543K->19K(576K), 0.0011580 secs]8.261: [Train: 138072K->138072K(138176K), 0.0004440 secs] 138593K->138476K(138752K), 0.0025980 secs]
8.262: [GC 8.262: [DefNew: 530K->49K(576K), 0.0011490 secs]8.264: [Train: 138072K->138072K(138176K), 0.0004330 secs] 138603K->138505K(138752K), 0.0025840 secs]
8.264: [GC 8.265: [DefNew: 557K->36K(576K), 0.0011640 secs]8.266: [Train: 138092K->138092K(138176K), 0.0004140 secs] 138629K->138512K(138752K), 0.0025750 secs]
8.267: [GC 8.268: [DefNew: 547K->45K(576K), 0.0011650 secs]8.269: [Train: 138113K->138113K(138240K), 0.0004220 secs] 138639K->138543K(138816K), 0.0025840 secs]
8.270: [GC 8.271: [DefNew: 553K->36K(576K), 0.0011570 secs]8.272: [Train: 138129K->138129K(138240K), 0.0004220 secs] 138667K->138507K(138816K), 0.0025740 secs]
8.272: [GC 8.273: [DefNew: 546K->49K(576K), 0.0357020 secs]8.309: [Train: 138149K->138149K(138240K), 0.0006100 secs] 138676K->138454K(138816K), 0.0373410 secs]
8.312: [GC 8.313: [DefNew: 559K->49K(576K), 0.0012030 secs]8.314: [Train: 138190K->138190K(138304K), 0.0004170 secs] 138709K->138239K(138880K), 0.0026510 secs]
8.318: [GC 8.319: [DefNew: 551K->62K(576K), 0.0012210 secs]8.320: [Train: 138251K->138251K(138368K), 0.0004330 secs] 138742K->138313K(138944K), 0.0027190 secs]
8.327: [GC 8.328: [DefNew: 564K->62K(576K), 0.0012510 secs] 138815K->138387K(138944K), 0.0023850 secs]
8.330: [GC 8.331: [DefNew: 564K->62K(576K), 0.0012220 secs]8.332: [Train: 138398K->138398K(138496K), 0.0004400 secs] 138889K->138461K(139072K), 0.0026890 secs]
8.336: [GC 8.337: [DefNew: 564K->62K(576K), 0.0012340 secs]8.339: [Train: 138472K->138472K(138560K), 0.0004530 secs] 138963K->138790K(139136K), 0.0027420 secs]
8.339: [GC 8.340: [DefNew: 569K->45K(576K), 0.0011890 secs]8.341: [Train: 138526K->138526K(138624K), 0.0004530 secs] 139042K->138914K(139200K), 0.0026440 secs]
8.342: [GC 8.343: [DefNew: 556K->22K(576K), 0.0011750 secs]8.344: [Train: 138564K->138564K(138688K), 0.0004260 secs] 139083K->138971K(139264K), 0.0026030 secs]
8.345: [GC 8.346: [DefNew: 534K->52K(576K), 0.0011520 secs]8.347: [Train: 138564K->138564K(138688K), 0.0004050 secs] 139098K->139001K(139264K), 0.0025620 secs]
8.348: [GC 8.348: [DefNew: 560K->36K(576K), 0.0011640 secs]8.350: [Train: 138587K->138587K(138688K), 0.0004630 secs] 139125K->139007K(139264K), 0.0026270 secs]
8.350: [GC 8.351: [DefNew: 547K->45K(576K), 0.0011760 secs]8.352: [Train: 138607K->138607K(138688K), 0.0004180 secs] 139134K->139037K(139264K), 0.0026070 secs]
8.353: [GC 8.354: [DefNew: 553K->36K(576K), 0.0011680 secs]8.355: [Train: 138625K->138625K(138752K), 0.0004230 secs] 139161K->139045K(139328K), 0.0026070 secs]
8.356: [GC 8.357: [DefNew: 547K->45K(576K), 0.0011690 secs]8.358: [Train: 138645K->138645K(138752K), 0.0004050 secs] 139172K->139074K(139328K), 0.0025740 secs]
8.358: [GC 8.359: [DefNew: 553K->36K(576K), 0.0011610 secs]8.361: [Train: 138661K->138661K(138752K), 0.0004140 secs] 139198K->139038K(139328K), 0.0025740 secs]
8.361: [GC 8.362: [DefNew: 546K->49K(576K), 0.0011690 secs]8.363: [Train: 138682K->138682K(138816K), 0.0004200 secs] 139208K->138987K(139392K), 0.0025930 secs]
8.364: [GC 8.365: [DefNew: 559K->49K(576K), 0.0011950 secs]8.366: [Train: 138722K->138722K(138816K), 0.0004300 secs] 139242K->138771K(139392K), 0.0026270 secs]
8.367: [GC 8.368: [DefNew: 551K->62K(576K), 0.0011980 secs]8.369: [Train: 138782K->138782K(138880K), 0.0004190 secs] 139273K->138845K(139456K), 0.0026200 secs]
8.370: [GC 8.371: [DefNew: 564K->62K(576K), 0.0012060 secs] 139347K->138918K(139456K), 0.0021950 secs]
8.373: [GC 8.374: [DefNew: 564K->62K(576K), 0.0012180 secs]8.375: [Train: 138932K->138932K(139072K), 0.0004210 secs] 139421K->138994K(139648K), 0.0026470 secs]
8.376: [GC 8.377: [DefNew: 564K->62K(576K), 0.0012450 secs]8.378: [Train: 139006K->139006K(139136K), 0.0004690 secs] 139496K->139324K(139712K), 0.0027240 secs]
8.379: [GC 8.380: [DefNew: 569K->45K(576K), 0.0011960 secs]8.381: [Train: 139060K->139060K(139200K), 0.0004290 secs] 139575K->139447K(139776K), 0.0026270 secs]
8.382: [GC 8.383: [DefNew: 556K->22K(576K), 0.0011730 secs]8.384: [Train: 139096K->139096K(139200K), 0.0004220 secs] 139617K->139503K(139776K), 0.0026050 secs]
8.384: [GC 8.385: [DefNew: 534K->52K(576K), 0.0011610 secs]8.386: [Train: 139096K->139096K(139200K), 0.0004240 secs] 139630K->139532K(139776K), 0.0025870 secs]
8.387: [GC 8.388: [DefNew: 560K->36K(576K), 0.0011700 secs]8.389: [Train: 139119K->139119K(139200K), 0.0004160 secs] 139656K->139539K(139776K), 0.0026010 secs]
8.390: [GC 8.391: [DefNew: 547K->45K(576K), 0.0011730 secs]8.392: [Train: 139140K->139140K(139264K), 0.0004110 secs] 139666K->139570K(139840K), 0.0025870 secs]
8.393: [GC 8.393: [DefNew: 553K->36K(576K), 0.0011700 secs]8.395: [Train: 139157K->139157K(139264K), 0.0003940 secs] 139694K->139577K(139840K), 0.0025670 secs]
8.395: [GC 8.396: [DefNew: 547K->45K(576K), 0.0011670 secs]8.397: [Train: 139176K->139176K(139264K), 0.0004140 secs] 139704K->139563K(139840K), 0.0025840 secs]
8.398: [GC 8.399: [DefNew: 556K->42K(576K), 0.0011700 secs]8.400: [Train: 139194K->139194K(139328K), 0.0004020 secs] 139733K->139493K(139904K), 0.0025780 secs]
8.401: [GC 8.402: [DefNew: 549K->58K(576K), 0.0011690 secs]8.403: [Train: 139214K->139214K(139328K), 0.0004000 secs] 139744K->139273K(139904K), 0.0025870 secs]
8.404: [GC 8.405: [DefNew: 561K->62K(576K), 0.0012050 secs]8.406: [Train: 139285K->139285K(139392K), 0.0004090 secs] 139775K->139347K(139968K), 0.0026200 secs]
8.407: [GC 8.408: [DefNew: 564K->62K(576K), 0.0012020 secs] 139849K->139421K(139968K), 0.0021970 secs]
8.410: [GC 8.410: [DefNew: 564K->62K(576K), 0.0012060 secs]8.412: [Train: 139432K->139432K(139520K), 0.0004430 secs] 139923K->139494K(140096K), 0.0026610 secs]
8.413: [GC 8.414: [DefNew: 564K->62K(576K), 0.0012320 secs]8.415: [Train: 139508K->139508K(139648K), 0.0004200 secs] 139997K->139826K(140224K), 0.0026590 secs]
8.416: [GC 8.416: [DefNew: 569K->36K(576K), 0.0011930 secs]8.418: [Train: 139572K->139572K(139712K), 0.0004620 secs] 140077K->139949K(140288K), 0.0026620 secs]
8.418: [GC 8.419: [DefNew: 546K->32K(576K), 0.0011750 secs]8.420: [Train: 139608K->139608K(139712K), 0.0004290 secs] 140119K->140025K(140288K), 0.0026110 secs]
8.421: [GC 8.422: [DefNew: 543K->19K(576K), 0.0011700 secs]8.423: [Train: 139631K->139631K(139712K), 0.0004040 secs] 140152K->140034K(140288K), 0.0025910 secs]
8.424: [GC 8.425: [DefNew: 530K->49K(576K), 0.0011730 secs]8.426: [Train: 139631K->139631K(139712K), 0.0004940 secs] 140162K->140064K(140288K), 0.0026760 secs]
8.427: [GC 8.428: [DefNew: 557K->36K(576K), 0.0011720 secs]8.429: [Train: 139652K->139652K(139776K), 0.0004370 secs] 140188K->140072K(140352K), 0.0026180 secs]
8.429: [GC 8.430: [DefNew: 547K->45K(576K), 0.0011700 secs]8.431: [Train: 139672K->139672K(139776K), 0.0004080 secs] 140199K->140102K(140352K), 0.0025910 secs]
8.432: [GC 8.433: [DefNew: 553K->36K(576K), 0.0011710 secs]8.434: [Train: 139688K->139688K(139776K), 0.0004450 secs] 140226K->140066K(140352K), 0.0026230 secs]
8.435: [GC 8.436: [DefNew: 546K->49K(576K), 0.0011750 secs]8.437: [Train: 139710K->139710K(139840K), 0.0004540 secs] 140235K->140015K(140416K), 0.0026370 secs]
8.438: [GC 8.439: [DefNew: 559K->49K(576K), 0.0011800 secs]8.440: [Train: 139749K->139749K(139840K), 0.0004450 secs] 140269K->139798K(140416K), 0.0026340 secs]
8.441: [GC 8.442: [DefNew: 551K->62K(576K), 0.0012030 secs]8.443: [Train: 139810K->139810K(139904K), 0.0004240 secs] 140300K->139872K(140480K), 0.0026450 secs]
8.444: [GC 8.445: [DefNew: 564K->62K(576K), 0.0012180 secs] 140374K->139946K(140480K), 0.0022160 secs]
8.447: [GC 8.447: [DefNew: 564K->62K(576K), 0.0012300 secs]8.449: [Train: 139959K->139959K(140096K), 0.0004350 secs] 140448K->140021K(140672K), 0.0026740 secs]
8.450: [GC 8.451: [DefNew: 564K->62K(576K), 0.0012200 secs]8.452: [Train: 140033K->140033K(140160K), 0.0004420 secs] 140524K->140351K(140736K), 0.0026730 secs]
8.453: [GC 8.454: [DefNew: 569K->45K(576K), 0.0012050 secs]8.455: [Train: 140087K->140087K(140224K), 0.0004080 secs] 140602K->140474K(140800K), 0.0026300 secs]
8.455: [GC 8.456: [DefNew: 556K->22K(576K), 0.0011820 secs]8.458: [Train: 140123K->140123K(140224K), 0.0004230 secs] 140644K->140530K(140800K), 0.0026150 secs]
8.458: [GC 8.459: [DefNew: 534K->52K(576K), 0.0011620 secs]8.460: [Train: 140123K->140123K(140224K), 0.0004550 secs] 140657K->140559K(140800K), 0.0026290 secs]
8.461: [GC 8.462: [DefNew: 560K->36K(576K), 0.0011820 secs]8.463: [Train: 140148K->140148K(140288K), 0.0004090 secs] 140683K->140568K(140864K), 0.0026140 secs]
8.464: [GC 8.465: [DefNew: 547K->45K(576K), 0.0011800 secs]8.466: [Train: 140168K->140168K(140288K), 0.0004600 secs] 140695K->140597K(140864K), 0.0026520 secs]
8.466: [GC 8.467: [DefNew: 553K->36K(576K), 0.0011720 secs]8.469: [Train: 140184K->140184K(140288K), 0.0003950 secs] 140721K->140604K(140864K), 0.0025780 secs]
8.469: [GC 8.470: [DefNew: 547K->45K(576K), 0.0011750 secs]8.471: [Train: 140204K->140204K(140288K), 0.0005020 secs] 140731K->140591K(140864K), 0.0026940 secs]
8.472: [GC 8.473: [DefNew: 556K->42K(576K), 0.0011980 secs]8.474: [Train: 140222K->140222K(140352K), 0.0004630 secs] 140760K->140520K(140928K), 0.0026730 secs]
8.475: [GC 8.476: [DefNew: 549K->58K(576K), 0.0011830 secs]8.477: [Train: 140241K->140241K(140352K), 0.0004710 secs] 140771K->140300K(140928K), 0.0026660 secs]
8.478: [GC 8.479: [DefNew: 561K->62K(576K), 0.0012200 secs]8.480: [Train: 140312K->140312K(140416K), 0.0004570 secs] 140803K->140374K(140992K), 0.0026970 secs]
8.481: [GC 8.482: [DefNew: 564K->62K(576K), 0.0012210 secs] 140876K->140448K(140992K), 0.0022270 secs]
8.484: [GC 8.485: [DefNew: 564K->62K(576K), 0.0012330 secs]8.486: [Train: 140460K->140460K(140544K), 0.0004590 secs] 140950K->140522K(141120K), 0.0027050 secs]
8.487: [GC 8.488: [DefNew: 564K->62K(576K), 0.0012260 secs]8.489: [Train: 140535K->140535K(140672K), 0.0004540 secs] 141024K->140853K(141248K), 0.0026980 secs]
8.490: [GC 8.491: [DefNew: 569K->36K(576K), 0.0012110 secs]8.492: [Train: 140599K->140599K(140736K), 0.0004450 secs] 141105K->140976K(141312K), 0.0026720 secs]
8.493: [GC 8.494: [DefNew: 546K->32K(576K), 0.0011870 secs]8.495: [Train: 140635K->140635K(140736K), 0.0004310 secs] 141146K->141052K(141312K), 0.0026380 secs]
8.496: [GC 8.496: [DefNew: 543K->19K(576K), 0.0011830 secs]8.498: [Train: 140660K->140660K(140800K), 0.0004600 secs] 141179K->141064K(141376K), 0.0026580 secs]
8.498: [GC 8.499: [DefNew: 530K->49K(576K), 0.0011700 secs]8.500: [Train: 140660K->140660K(140800K), 0.0004110 secs] 141191K->141093K(141376K), 0.0025990 secs]
8.501: [GC 8.502: [DefNew: 557K->36K(576K), 0.0011790 secs]8.503: [Train: 140680K->140680K(140800K), 0.0004260 secs] 141217K->141100K(141376K), 0.0026270 secs]
8.504: [GC 8.505: [DefNew: 547K->45K(576K), 0.0011840 secs]8.506: [Train: 140699K->140699K(140800K), 0.0004360 secs] 141227K->141129K(141376K), 0.0026350 secs]
8.507: [GC 8.508: [DefNew: 553K->36K(576K), 0.0011750 secs]8.509: [Train: 140716K->140716K(140800K), 0.0004120 secs] 141253K->141093K(141376K), 0.0026000 secs]
8.509: [GC 8.510: [DefNew: 546K->49K(576K), 0.0011860 secs]8.511: [Train: 140737K->140737K(140864K), 0.0004210 secs] 141263K->141042K(141440K), 0.0026330 secs]
8.512: [GC 8.513: [DefNew: 559K->49K(576K), 0.0012110 secs]8.514: [Train: 140776K->140776K(140864K), 0.0004040 secs] 141297K->140825K(141440K), 0.0026320 secs]
8.515: [GC 8.516: [DefNew: 551K->62K(576K), 0.0012150 secs]8.517: [Train: 140837K->140837K(140928K), 0.0004160 secs] 141328K->140899K(141504K), 0.0026500 secs]
8.518: [GC 8.519: [DefNew: 564K->62K(576K), 0.0012200 secs] 141402K->140973K(141504K), 0.0022250 secs]
8.521: [GC 8.522: [DefNew: 564K->62K(576K), 0.0012420 secs]8.523: [Train: 140986K->140986K(141120K), 0.0004990 secs] 141475K->141049K(141696K), 0.0027730 secs]
8.524: [GC 8.525: [DefNew: 564K->62K(576K), 0.0012290 secs]8.526: [Train: 141060K->141060K(141184K), 0.0004400 secs] 141551K->141378K(141760K), 0.0026890 secs]
8.527: [GC 8.528: [DefNew: 569K->45K(576K), 0.0012100 secs]8.529: [Train: 141114K->141114K(141248K), 0.0004390 secs] 141630K->141502K(141824K), 0.0026740 secs]
8.530: [GC 8.531: [DefNew: 556K->22K(576K), 0.0011910 secs]8.532: [Train: 141150K->141150K(141248K), 0.0004150 secs] 141671K->141557K(141824K), 0.0026390 secs]
8.533: [GC 8.534: [DefNew: 534K->52K(576K), 0.0011730 secs]8.535: [Train: 141150K->141150K(141248K), 0.0004520 secs] 141685K->141587K(141824K), 0.0026570 secs]
8.536: [GC 8.537: [DefNew: 560K->36K(576K), 0.0011920 secs]8.538: [Train: 141175K->141175K(141312K), 0.0004280 secs] 141711K->141595K(141888K), 0.0026370 secs]
8.538: [GC 8.539: [DefNew: 547K->45K(576K), 0.0011840 secs]8.541: [Train: 141195K->141195K(141312K), 0.0004000 secs] 141722K->141625K(141888K), 0.0025990 secs]
8.541: [GC 8.542: [DefNew: 553K->36K(576K), 0.0011810 secs]8.543: [Train: 141211K->141211K(141312K), 0.0004150 secs] 141749K->141631K(141888K), 0.0026210 secs]
8.544: [GC 8.545: [DefNew: 547K->45K(576K), 0.0011950 secs]8.546: [Train: 141231K->141231K(141312K), 0.0004280 secs] 141758K->141618K(141888K), 0.0026410 secs]
8.547: [GC 8.548: [DefNew: 556K->42K(576K), 0.0011860 secs]8.549: [Train: 141249K->141249K(141376K), 0.0004250 secs] 141788K->141548K(141952K), 0.0026260 secs]
8.550: [GC 8.550: [DefNew: 549K->58K(576K), 0.0011880 secs]8.552: [Train: 141269K->141269K(141376K), 0.0004460 secs] 141799K->141328K(141952K), 0.0026570 secs]
8.553: [GC 8.554: [DefNew: 561K->62K(576K), 0.0012270 secs]8.555: [Train: 141339K->141339K(141440K), 0.0004330 secs] 141830K->141401K(142016K), 0.0026790 secs]
8.556: [GC 8.557: [DefNew: 564K->62K(576K), 0.0012460 secs] 141904K->141475K(142016K), 0.0022540 secs]
8.558: [GC 8.559: [DefNew: 564K->62K(576K), 0.0012290 secs]8.561: [Train: 141487K->141487K(141568K), 0.0004850 secs] 141978K->141549K(142144K), 0.0027350 secs]
8.562: [GC 8.563: [DefNew: 564K->62K(576K), 0.0012410 secs]8.564: [Train: 141562K->141562K(141696K), 0.0004420 secs] 142051K->141881K(142272K), 0.0027130 secs]
8.565: [GC 8.565: [DefNew: 569K->36K(576K), 0.0012230 secs]8.567: [Train: 141626K->141626K(141760K), 0.0004400 secs] 142132K->142004K(142336K), 0.0026820 secs]
8.567: [GC 8.568: [DefNew: 546K->32K(576K), 0.0011920 secs]8.570: [Train: 141662K->141662K(141760K), 0.0004340 secs] 142173K->142079K(142336K), 0.0026460 secs]
8.570: [GC 8.571: [DefNew: 543K->19K(576K), 0.0011900 secs]8.572: [Train: 141687K->141687K(141824K), 0.0004210 secs] 142206K->142091K(142400K), 0.0026320 secs]
8.573: [GC 8.574: [DefNew: 530K->49K(576K), 0.0011740 secs]8.575: [Train: 141687K->141687K(141824K), 0.0004420 secs] 142218K->142120K(142400K), 0.0026420 secs]
8.576: [GC 8.577: [DefNew: 557K->36K(576K), 0.0011900 secs]8.578: [Train: 141707K->141707K(141824K), 0.0004060 secs] 142244K->142127K(142400K), 0.0026170 secs]
8.578: [GC 8.579: [DefNew: 547K->45K(576K), 0.0011870 secs]8.581: [Train: 141726K->141726K(141824K), 0.0004470 secs] 142254K->142156K(142400K), 0.0026560 secs]
8.581: [GC 8.582: [DefNew: 553K->36K(576K), 0.0011830 secs]8.583: [Train: 141743K->141743K(141824K), 0.0004240 secs] 142280K->142120K(142400K), 0.0026410 secs]
8.584: [GC 8.585: [DefNew: 546K->49K(576K), 0.0011960 secs]8.586: [Train: 141764K->141764K(141888K), 0.0004210 secs] 142290K->142069K(142464K), 0.0026380 secs]
8.587: [GC 8.588: [DefNew: 559K->49K(576K), 0.0011980 secs]8.589: [Train: 141804K->141804K(141888K), 0.0004310 secs] 142324K->141853K(142464K), 0.0026520 secs]
8.590: [GC 8.591: [DefNew: 551K->62K(576K), 0.0012180 secs]8.592: [Train: 141864K->141864K(141952K), 0.0004200 secs] 142355K->141926K(142528K), 0.0026620 secs]
8.593: [GC 8.594: [DefNew: 564K->62K(576K), 0.0012390 secs] 142429K->142002K(142592K), 0.0022660 secs]
8.596: [GC 8.597: [DefNew: 564K->62K(576K), 0.0012370 secs]8.598: [Train: 142014K->142014K(142144K), 0.0004420 secs] 142504K->142076K(142720K), 0.0027040 secs]
8.599: [GC 8.600: [DefNew: 564K->62K(576K), 0.0012280 secs]8.601: [Train: 142088K->142088K(142208K), 0.0004810 secs] 142578K->142406K(142784K), 0.0027390 secs]
8.602: [GC 8.603: [DefNew: 569K->45K(576K), 0.0012140 secs]8.604: [Train: 142142K->142142K(142272K), 0.0004340 secs] 142657K->142529K(142848K), 0.0026700 secs]
8.605: [GC 8.606: [DefNew: 556K->22K(576K), 0.0011990 secs]8.607: [Train: 142178K->142178K(142272K), 0.0003970 secs] 142698K->142585K(142848K), 0.0026330 secs]
8.608: [GC 8.608: [DefNew: 534K->52K(576K), 0.0011830 secs]8.610: [Train: 142178K->142178K(142272K), 0.0004040 secs] 142712K->142614K(142848K), 0.0026110 secs]
8.610: [GC 8.611: [DefNew: 560K->36K(576K), 0.0011950 secs]8.612: [Train: 142202K->142202K(142336K), 0.0004670 secs] 142738K->142622K(142912K), 0.0026870 secs]
8.613: [GC 8.614: [DefNew: 547K->45K(576K), 0.0011920 secs]8.615: [Train: 142222K->142222K(142336K), 0.0004230 secs] 142750K->142652K(142912K), 0.0026460 secs]
8.616: [GC 8.617: [DefNew: 553K->36K(576K), 0.0012060 secs]8.618: [Train: 142238K->142238K(142336K), 0.0004150 secs] 142776K->142658K(142912K), 0.0026470 secs]
8.619: [GC 8.620: [DefNew: 547K->45K(576K), 0.0011980 secs]8.621: [Train: 142260K->142260K(142400K), 0.0004270 secs] 142786K->142647K(142976K), 0.0026510 secs]
8.622: [GC 8.622: [DefNew: 556K->42K(576K), 0.0011890 secs]8.624: [Train: 142276K->142276K(142400K), 0.0004230 secs] 142817K->142575K(142976K), 0.0026430 secs]
8.624: [GC 8.625: [DefNew: 549K->58K(576K), 0.0011990 secs]8.627: [Train: 142296K->142296K(142400K), 0.0004180 secs] 142826K->142355K(142976K), 0.0026440 secs]
8.627: [GC 8.628: [DefNew: 561K->62K(576K), 0.0012540 secs]8.630: [Train: 142366K->142366K(142464K), 0.0004500 secs] 142857K->142429K(143040K), 0.0027360 secs]
8.631: [GC 8.632: [DefNew: 564K->62K(576K), 0.0012340 secs] 142931K->142502K(143040K), 0.0022550 secs]
8.633: [GC 8.634: [DefNew: 564K->62K(576K), 0.0012430 secs]8.636: [Train: 142516K->142516K(142656K), 0.0004230 secs] 143005K->142578K(143232K), 0.0027010 secs]
8.636: [GC 8.637: [DefNew: 564K->62K(576K), 0.0012390 secs]8.639: [Train: 142590K->142590K(142720K), 0.0004560 secs] 143080K->142908K(143296K), 0.0027250 secs]
8.639: [GC 8.640: [DefNew: 569K->36K(576K), 0.0012210 secs]8.642: [Train: 142654K->142654K(142784K), 0.0004440 secs] 143159K->143031K(143360K), 0.0026950 secs]
8.642: [GC 8.643: [DefNew: 546K->32K(576K), 0.0012000 secs]8.644: [Train: 142690K->142690K(142784K), 0.0004090 secs] 143201K->143106K(143360K), 0.0026370 secs]
8.645: [GC 8.646: [DefNew: 543K->19K(576K), 0.0011960 secs]8.647: [Train: 142714K->142714K(142848K), 0.0004460 secs] 143234K->143118K(143424K), 0.0026770 secs]
8.648: [GC 8.649: [DefNew: 530K->49K(576K), 0.0011890 secs]8.650: [Train: 142714K->142714K(142848K), 0.0004110 secs] 143245K->143147K(143424K), 0.0026300 secs]
8.651: [GC 8.652: [DefNew: 557K->36K(576K), 0.0011920 secs]8.653: [Train: 142734K->142734K(142848K), 0.0004310 secs] 143271K->143154K(143424K), 0.0026520 secs]
8.653: [GC 8.654: [DefNew: 547K->45K(576K), 0.0011940 secs]8.656: [Train: 142754K->142754K(142848K), 0.0004280 secs] 143281K->143183K(143424K), 0.0026660 secs]
8.656: [GC 8.657: [DefNew: 553K->36K(576K), 0.0012080 secs]8.658: [Train: 142772K->142772K(142912K), 0.0004640 secs] 143307K->143149K(143488K), 0.0027010 secs]
8.659: [GC 8.660: [DefNew: 546K->49K(576K), 0.0011930 secs]8.661: [Train: 142792K->142792K(142912K), 0.0004300 secs] 143319K->143097K(143488K), 0.0026550 secs]
8.662: [GC 8.663: [DefNew: 559K->49K(576K), 0.0012020 secs]8.664: [Train: 142831K->142831K(142912K), 0.0004510 secs] 143351K->142880K(143488K), 0.0026840 secs]
8.665: [GC 8.666: [DefNew: 551K->62K(576K), 0.0012210 secs]8.667: [Train: 142892K->142892K(142976K), 0.0004340 secs] 143382K->142954K(143552K), 0.0027010 secs]
8.668: [GC 8.669: [DefNew: 564K->62K(576K), 0.0012440 secs] 143456K->143029K(143616K), 0.0022600 secs]
8.671: [GC 8.672: [DefNew: 564K->62K(576K), 0.0012350 secs]8.673: [Train: 143041K->143041K(143168K), 0.0004900 secs] 143532K->143103K(143744K), 0.0027600 secs]
8.674: [GC 8.675: [DefNew: 564K->62K(576K), 0.0012280 secs]8.676: [Train: 143115K->143115K(143232K), 0.0004300 secs] 143606K->143433K(143808K), 0.0026910 secs]
8.677: [GC 8.678: [DefNew: 569K->45K(576K), 0.0012180 secs]8.679: [Train: 143169K->143169K(143296K), 0.0004610 secs] 143684K->143556K(143872K), 0.0027230 secs]
8.680: [GC 8.681: [DefNew: 556K->22K(576K), 0.0012060 secs]8.682: [Train: 143205K->143205K(143296K), 0.0004270 secs] 143726K->143612K(143872K), 0.0026720 secs]
8.683: [GC 8.684: [DefNew: 534K->52K(576K), 0.0011860 secs]8.685: [Train: 143205K->143205K(143296K), 0.0004380 secs] 143739K->143641K(143872K), 0.0026550 secs]
8.686: [GC 8.686: [DefNew: 560K->36K(576K), 0.0012000 secs]8.688: [Train: 143230K->143230K(143360K), 0.0004180 secs] 143765K->143650K(143936K), 0.0026540 secs]
8.688: [GC 8.689: [DefNew: 547K->45K(576K), 0.0012070 secs]8.690: [Train: 143249K->143249K(143360K), 0.0004120 secs] 143777K->143679K(143936K), 0.0026520 secs]
8.691: [GC 8.692: [DefNew: 553K->36K(576K), 0.0011920 secs]8.693: [Train: 143266K->143266K(143360K), 0.0004060 secs] 143803K->143686K(143936K), 0.0026310 secs]
8.694: [GC 8.695: [DefNew: 547K->45K(576K), 0.0011990 secs]8.696: [Train: 143287K->143287K(143424K), 0.0004360 secs] 143813K->143674K(144000K), 0.0026680 secs]
8.697: [GC 8.698: [DefNew: 556K->42K(576K), 0.0011930 secs]8.699: [Train: 143304K->143304K(143424K), 0.0004230 secs] 143844K->143602K(144000K), 0.0026540 secs]
8.700: [GC 8.701: [DefNew: 549K->58K(576K), 0.0012080 secs]8.702: [Train: 143323K->143323K(143424K), 0.0004010 secs] 143853K->143382K(144000K), 0.0026410 secs]
8.703: [GC 8.704: [DefNew: 561K->62K(576K), 0.0012270 secs]8.705: [Train: 143394K->143394K(143488K), 0.0004220 secs] 143884K->143456K(144064K), 0.0026840 secs]
8.706: [GC 8.707: [DefNew: 564K->62K(576K), 0.0012290 secs] 143958K->143530K(144064K), 0.0022510 secs]
8.708: [GC 8.709: [DefNew: 564K->62K(576K), 0.0012590 secs]8.711: [Train: 143543K->143543K(143680K), 0.0004200 secs] 144032K->143605K(144256K), 0.0027140 secs]
8.712: [GC 8.713: [DefNew: 564K->62K(576K), 0.0012420 secs]8.714: [Train: 143617K->143617K(143744K), 0.0004150 secs] 144108K->143935K(144320K), 0.0026940 secs]
8.715: [GC 8.715: [DefNew: 569K->36K(576K), 0.0012220 secs]8.717: [Train: 143681K->143681K(143808K), 0.0004200 secs] 144186K->144058K(144384K), 0.0026760 secs]
8.717: [GC 8.718: [DefNew: 546K->32K(576K), 0.0012040 secs]8.720: [Train: 143717K->143717K(143808K), 0.0004070 secs] 144228K->144134K(144384K), 0.0026510 secs]
8.720: [GC 8.721: [DefNew: 543K->19K(576K), 0.0012050 secs]8.722: [Train: 143742K->143742K(143872K), 0.0004880 secs] 144261K->144145K(144448K), 0.0027270 secs]
8.723: [GC 8.724: [DefNew: 530K->49K(576K), 0.0011890 secs]8.725: [Train: 143742K->143742K(143872K), 0.0004310 secs] 144273K->144175K(144448K), 0.0026660 secs]
8.726: [GC 8.727: [DefNew: 557K->36K(576K), 0.0012000 secs]8.728: [Train: 143761K->143761K(143872K), 0.0004050 secs] 144299K->144181K(144448K), 0.0026390 secs]
8.729: [GC 8.730: [DefNew: 547K->45K(576K), 0.0012090 secs]8.731: [Train: 143781K->143781K(143872K), 0.0004770 secs] 144309K->144211K(144448K), 0.0027210 secs]
8.731: [GC 8.732: [DefNew: 553K->36K(576K), 0.0012020 secs]8.734: [Train: 143799K->143799K(143936K), 0.0004380 secs] 144335K->144176K(144512K), 0.0026760 secs]
8.734: [GC 8.735: [DefNew: 546K->49K(576K), 0.0012020 secs]8.736: [Train: 143819K->143819K(143936K), 0.0004650 secs] 144346K->144124K(144512K), 0.0027000 secs]
8.737: [GC 8.738: [DefNew: 559K->49K(576K), 0.0012240 secs]8.739: [Train: 143860K->143860K(144000K), 0.0004690 secs] 144378K->143909K(144576K), 0.0027410 secs]
8.740: [GC 8.741: [DefNew: 551K->62K(576K), 0.0012380 secs]8.743: [Train: 143919K->143919K(144000K), 0.0004370 secs] 144411K->143981K(144576K), 0.0027130 secs]
8.744: [GC 8.745: [DefNew: 564K->62K(576K), 0.0012640 secs] 144483K->144057K(144640K), 0.0022890 secs]
8.746: [GC 8.747: [DefNew: 564K->62K(576K), 0.0012490 secs]8.748: [Train: 144068K->144068K(144192K), 0.0004640 secs] 144559K->144130K(144768K), 0.0027510 secs]
8.749: [GC 8.750: [DefNew: 564K->62K(576K), 0.0012480 secs]8.752: [Train: 144142K->144142K(144256K), 0.0004660 secs] 144633K->144460K(144832K), 0.0027670 secs]
8.752: [GC 8.753: [DefNew: 569K->45K(576K), 0.0012380 secs]8.755: [Train: 144196K->144196K(144320K), 0.0004540 secs] 144711K->144583K(144896K), 0.0027310 secs]
8.755: [GC 8.756: [DefNew: 556K->22K(576K), 0.0012100 secs]8.758: [Train: 144232K->144232K(144320K), 0.0004560 secs] 144753K->144639K(144896K), 0.0027120 secs]
8.758: [GC 8.759: [DefNew: 534K->52K(576K), 0.0012010 secs]8.760: [Train: 144232K->144232K(144320K), 0.0004320 secs] 144766K->144669K(144896K), 0.0026860 secs]
8.761: [GC 8.762: [DefNew: 560K->36K(576K), 0.0012160 secs]8.763: [Train: 144257K->144257K(144384K), 0.0004640 secs] 144793K->144677K(144960K), 0.0027370 secs]
8.764: [GC 8.765: [DefNew: 547K->45K(576K), 0.0012100 secs]8.766: [Train: 144277K->144277K(144384K), 0.0004130 secs] 144804K->144706K(144960K), 0.0026630 secs]
8.767: [GC 8.768: [DefNew: 553K->36K(576K), 0.0012020 secs]8.769: [Train: 144293K->144293K(144384K), 0.0004020 secs] 144830K->144713K(144960K), 0.0026440 secs]
8.769: [GC 8.770: [DefNew: 547K->45K(576K), 0.0012110 secs]8.772: [Train: 144314K->144314K(144448K), 0.0005160 secs] 144840K->144702K(145024K), 0.0027710 secs]
8.772: [GC 8.773: [DefNew: 556K->42K(576K), 0.0012170 secs]8.775: [Train: 144331K->144331K(144448K), 0.0004190 secs] 144871K->144629K(145024K), 0.0026780 secs]
8.775: [GC 8.776: [DefNew: 549K->58K(576K), 0.0012100 secs]8.778: [Train: 144350K->144350K(144448K), 0.0004720 secs] 144881K->144409K(145024K), 0.0027230 secs]
8.779: [GC 8.779: [DefNew: 561K->62K(576K), 0.0012460 secs]8.781: [Train: 144421K->144421K(144512K), 0.0004360 secs] 144912K->144483K(145088K), 0.0027250 secs]
8.782: [GC 8.783: [DefNew: 564K->62K(576K), 0.0012440 secs] 144986K->144557K(145088K), 0.0022740 secs]
8.784: [GC 8.785: [DefNew: 564K->62K(576K), 0.0012920 secs]8.787: [Train: 144570K->144570K(144704K), 0.0004720 secs] 145059K->144633K(145280K), 0.0028090 secs]
8.788: [GC 8.789: [DefNew: 564K->62K(576K), 0.0012520 secs]8.790: [Train: 144644K->144644K(144768K), 0.0004640 secs] 145135K->144962K(145344K), 0.0027620 secs]
8.791: [GC 8.792: [DefNew: 569K->36K(576K), 0.0012370 secs]8.793: [Train: 144708K->144708K(144832K), 0.0004470 secs] 145214K->145086K(145408K), 0.0027270 secs]
8.794: [GC 8.794: [DefNew: 546K->32K(576K), 0.0012160 secs]8.796: [Train: 144744K->144744K(144832K), 0.0004220 secs] 145255K->145161K(145408K), 0.0026860 secs]
8.796: [GC 8.797: [DefNew: 543K->19K(576K), 0.0012290 secs]8.799: [Train: 144769K->144769K(144896K), 0.0004420 secs] 145288K->145173K(145472K), 0.0027140 secs]
8.799: [GC 8.800: [DefNew: 530K->49K(576K), 0.0011950 secs]8.801: [Train: 144769K->144769K(144896K), 0.0004450 secs] 145300K->145202K(145472K), 0.0026840 secs]
8.802: [GC 8.803: [DefNew: 557K->36K(576K), 0.0012080 secs]8.804: [Train: 144789K->144789K(144896K), 0.0004200 secs] 145326K->145209K(145472K), 0.0026720 secs]
8.805: [GC 8.806: [DefNew: 547K->45K(576K), 0.0012100 secs]8.807: [Train: 144808K->144808K(144896K), 0.0004560 secs] 145336K->145238K(145472K), 0.0027160 secs]
8.808: [GC 8.809: [DefNew: 553K->36K(576K), 0.0012240 secs]8.810: [Train: 144826K->144826K(144960K), 0.0004150 secs] 145362K->145204K(145536K), 0.0026830 secs]
8.811: [GC 8.811: [DefNew: 546K->49K(576K), 0.0012080 secs]8.813: [Train: 144846K->144846K(144960K), 0.0004120 secs] 145373K->145151K(145536K), 0.0026630 secs]
8.813: [GC 8.814: [DefNew: 559K->49K(576K), 0.0012300 secs]8.816: [Train: 144887K->144887K(145024K), 0.0004490 secs] 145406K->144936K(145600K), 0.0027280 secs]
8.817: [GC 8.818: [DefNew: 551K->62K(576K), 0.0012510 secs]8.819: [Train: 144948K->144948K(145088K), 0.0004490 secs] 145439K->145010K(145664K), 0.0027470 secs]
8.820: [GC 8.821: [DefNew: 564K->62K(576K), 0.0012680 secs] 145512K->145084K(145664K), 0.0023020 secs]
8.822: [GC 8.823: [DefNew: 564K->62K(576K), 0.0012600 secs]8.825: [Train: 145096K->145096K(145216K), 0.0004360 secs] 145586K->145158K(145792K), 0.0027420 secs]
8.826: [GC 8.827: [DefNew: 564K->62K(576K), 0.0012530 secs]8.828: [Train: 145169K->145169K(145280K), 0.0004360 secs] 145660K->145487K(145856K), 0.0027360 secs]
8.829: [GC 8.830: [DefNew: 569K->45K(576K), 0.0013080 secs]8.831: [Train: 145224K->145224K(145344K), 0.0004240 secs] 145739K->145611K(145920K), 0.0027820 secs]
8.832: [GC 8.833: [DefNew: 556K->22K(576K), 0.0012370 secs]8.834: [Train: 145260K->145260K(145344K), 0.0004030 secs] 145780K->145666K(145920K), 0.0026890 secs]
8.834: [GC 8.835: [DefNew: 534K->52K(576K), 0.0012000 secs]8.837: [Train: 145260K->145260K(145344K), 0.0004790 secs] 145794K->145696K(145920K), 0.0027240 secs]
8.837: [GC 8.838: [DefNew: 560K->36K(576K), 0.0012170 secs]8.839: [Train: 145284K->145284K(145408K), 0.0004050 secs] 145820K->145704K(145984K), 0.0026750 secs]
8.840: [GC 8.841: [DefNew: 547K->45K(576K), 0.0012160 secs]8.842: [Train: 145304K->145304K(145408K), 0.0004560 secs] 145831K->145734K(145984K), 0.0027180 secs]
8.843: [GC 8.844: [DefNew: 553K->36K(576K), 0.0012080 secs]8.845: [Train: 145320K->145320K(145408K), 0.0004000 secs] 145858K->145740K(145984K), 0.0026550 secs]
8.846: [GC 8.847: [DefNew: 547K->45K(576K), 0.0012160 secs]8.848: [Train: 145342K->145342K(145472K), 0.0004690 secs] 145867K->145729K(146048K), 0.0027320 secs]
8.849: [GC 8.850: [DefNew: 556K->42K(576K), 0.0012170 secs]8.851: [Train: 145358K->145358K(145472K), 0.0004350 secs] 145898K->145657K(146048K), 0.0027000 secs]
8.852: [GC 8.853: [DefNew: 549K->58K(576K), 0.0012180 secs]8.854: [Train: 145378K->145378K(145472K), 0.0004150 secs] 145908K->145437K(146048K), 0.0026800 secs]
8.855: [GC 8.856: [DefNew: 561K->62K(576K), 0.0012410 secs]8.857: [Train: 145448K->145448K(145536K), 0.0004280 secs] 145939K->145510K(146112K), 0.0027190 secs]
8.858: [GC 8.859: [DefNew: 564K->62K(576K), 0.0012540 secs] 146013K->145586K(146176K), 0.0022900 secs]
8.861: [GC 8.862: [DefNew: 564K->62K(576K), 0.0012640 secs]8.863: [Train: 145598K->145598K(145728K), 0.0004140 secs] 146088K->145660K(146304K), 0.0027260 secs]
8.864: [GC 8.865: [DefNew: 564K->62K(576K), 0.0012490 secs]8.866: [Train: 145672K->145672K(145792K), 0.0004430 secs] 146162K->145990K(146368K), 0.0027420 secs]
8.867: [GC 8.868: [DefNew: 569K->36K(576K), 0.0012360 secs]8.869: [Train: 145736K->145736K(145856K), 0.0004320 secs] 146241K->146113K(146432K), 0.0027160 secs]
8.870: [GC 8.871: [DefNew: 546K->32K(576K), 0.0012180 secs]8.872: [Train: 145772K->145772K(145856K), 0.0004250 secs] 146282K->146188K(146432K), 0.0027040 secs]
8.872: [GC 8.873: [DefNew: 543K->19K(576K), 0.0012200 secs]8.875: [Train: 145796K->145796K(145920K), 0.0004130 secs] 146315K->146200K(146496K), 0.0026830 secs]
8.875: [GC 8.876: [DefNew: 530K->49K(576K), 0.0012020 secs]8.877: [Train: 145796K->145796K(145920K), 0.0004330 secs] 146327K->146229K(146496K), 0.0026860 secs]
8.878: [GC 8.879: [DefNew: 557K->36K(576K), 0.0012110 secs]8.880: [Train: 145816K->145816K(145920K), 0.0004370 secs] 146353K->146236K(146496K), 0.0026990 secs]
8.881: [GC 8.882: [DefNew: 547K->45K(576K), 0.0012150 secs]8.883: [Train: 145836K->145836K(145920K), 0.0004680 secs] 146363K->146265K(146496K), 0.0027440 secs]
8.884: [GC 8.885: [DefNew: 553K->36K(576K), 0.0012230 secs]8.886: [Train: 145854K->145854K(145984K), 0.0004160 secs] 146389K->146231K(146560K), 0.0026910 secs]
8.887: [GC 8.888: [DefNew: 546K->49K(576K), 0.0012150 secs]8.889: [Train: 145873K->145873K(145984K), 0.0004630 secs] 146401K->146178K(146560K), 0.0027300 secs]
8.890: [GC 8.891: [DefNew: 559K->49K(576K), 0.0012300 secs]8.892: [Train: 145914K->145914K(146048K), 0.0004090 secs] 146433K->145963K(146624K), 0.0026920 secs]
8.893: [GC 8.894: [DefNew: 551K->62K(576K), 0.0012430 secs]8.895: [Train: 145975K->145975K(146112K), 0.0004390 secs] 146466K->146037K(146688K), 0.0027460 secs]
8.896: [GC 8.897: [DefNew: 564K->62K(576K), 0.0012550 secs] 146540K->146111K(146688K), 0.0022940 secs]
8.899: [GC 8.900: [DefNew: 564K->62K(576K), 0.0012620 secs]8.901: [Train: 146123K->146123K(146240K), 0.0004600 secs] 146614K->146185K(146816K), 0.0027750 secs]
8.902: [GC 8.903: [DefNew: 564K->62K(576K), 0.0012510 secs]8.904: [Train: 146197K->146197K(146304K), 0.0004310 secs] 146687K->146515K(146880K), 0.0027360 secs]
8.905: [GC 8.906: [DefNew: 569K->45K(576K), 0.0012360 secs]8.907: [Train: 146251K->146251K(146368K), 0.0004280 secs] 146766K->146638K(146944K), 0.0027300 secs]
8.908: [GC 8.909: [DefNew: 556K->22K(576K), 0.0012270 secs]8.910: [Train: 146287K->146287K(146368K), 0.0004240 secs] 146808K->146694K(146944K), 0.0027060 secs]
8.911: [GC 8.912: [DefNew: 534K->52K(576K), 0.0012060 secs]8.913: [Train: 146287K->146287K(146368K), 0.0004270 secs] 146821K->146723K(146944K), 0.0026950 secs]
8.913: [GC 8.914: [DefNew: 560K->36K(576K), 0.0012220 secs]8.916: [Train: 146312K->146312K(146432K), 0.0004240 secs] 146847K->146732K(147008K), 0.0027070 secs]
8.916: [GC 8.917: [DefNew: 547K->45K(576K), 0.0012530 secs]8.918: [Train: 146331K->146331K(146432K), 0.0004500 secs] 146859K->146761K(147008K), 0.0027620 secs]
8.919: [GC 8.920: [DefNew: 553K->36K(576K), 0.0012170 secs]8.921: [Train: 146348K->146348K(146432K), 0.0004640 secs] 146885K->146768K(147008K), 0.0027400 secs]
8.922: [GC 8.923: [DefNew: 547K->45K(576K), 0.0012240 secs]8.924: [Train: 146369K->146369K(146496K), 0.0004290 secs] 146895K->146799K(147072K), 0.0027100 secs]
8.925: [GC 8.926: [DefNew: 553K->36K(576K), 0.0012150 secs]8.927: [Train: 146385K->146385K(146496K), 0.0004170 secs] 146923K->146763K(147072K), 0.0026930 secs]
8.928: [GC 8.929: [DefNew: 546K->49K(576K), 0.0012310 secs]8.930: [Train: 146405K->146405K(146496K), 0.0004330 secs] 146932K->146710K(147072K), 0.0027180 secs]
8.931: [GC 8.932: [DefNew: 559K->49K(576K), 0.0012340 secs]8.933: [Train: 146446K->146446K(146560K), 0.0004310 secs] 146965K->146495K(147136K), 0.0027210 secs]
8.934: [GC 8.935: [DefNew: 551K->62K(576K), 0.0012470 secs]8.936: [Train: 146507K->146507K(146624K), 0.0004630 secs] 146998K->146569K(147200K), 0.0027680 secs]
8.937: [GC 8.938: [DefNew: 564K->62K(576K), 0.0012540 secs] 147071K->146643K(147200K), 0.0023040 secs]
8.940: [GC 8.941: [DefNew: 564K->62K(576K), 0.0012820 secs]8.942: [Train: 146654K->146654K(146752K), 0.0004490 secs] 147145K->146717K(147328K), 0.0027870 secs]
8.943: [GC 8.944: [DefNew: 564K->62K(576K), 0.0012520 secs]8.945: [Train: 146728K->146728K(146816K), 0.0004440 secs] 147219K->147046K(147392K), 0.0027550 secs]
8.946: [GC 8.947: [DefNew: 569K->45K(576K), 0.0012410 secs]8.948: [Train: 146782K->146782K(146880K), 0.0004570 secs] 147298K->147170K(147456K), 0.0027580 secs]
8.949: [GC 8.950: [DefNew: 556K->22K(576K), 0.0012300 secs]8.951: [Train: 146820K->146820K(146944K), 0.0004620 secs] 147339K->147227K(147520K), 0.0027540 secs]
8.952: [GC 8.953: [DefNew: 534K->52K(576K), 0.0012250 secs]8.954: [Train: 146820K->146820K(146944K), 0.0004140 secs] 147354K->147257K(147520K), 0.0026950 secs]
8.955: [GC 8.956: [DefNew: 560K->36K(576K), 0.0012220 secs]8.957: [Train: 146843K->146843K(146944K), 0.0004230 secs] 147381K->147263K(147520K), 0.0027030 secs]
8.957: [GC 8.958: [DefNew: 547K->45K(576K), 0.0012210 secs]8.960: [Train: 146863K->146863K(146944K), 0.0004090 secs] 147390K->147293K(147520K), 0.0026930 secs]
8.960: [GC 8.961: [DefNew: 553K->36K(576K), 0.0012270 secs]8.962: [Train: 146881K->146881K(147008K), 0.0004510 secs] 147417K->147301K(147584K), 0.0027350 secs]
8.963: [GC 8.964: [DefNew: 547K->45K(576K), 0.0012220 secs]8.965: [Train: 146901K->146840K(147008K), 0.0003580 secs] 147428K->147270K(147584K), 0.0026380 secs]
8.966: [GC 8.967: [DefNew: 553K->36K(576K), 0.0012180 secs]8.968: [Train: 146856K->146702K(147008K), 0.0004100 secs] 147394K->147079K(147584K), 0.0026860 secs]
8.969: [GC 8.970: [DefNew: 546K->49K(576K), 0.0012210 secs]8.971: [Train: 146722K->146722K(147008K), 0.0004370 secs] 147249K->147027K(147584K), 0.0027200 secs]
8.972: [GC 8.973: [DefNew: 559K->49K(576K), 0.0012400 secs]8.974: [Train: 146763K->146763K(147008K), 0.0004280 secs] 147281K->146812K(147584K), 0.0027270 secs]
8.975: [GC 8.976: [DefNew: 551K->62K(576K), 0.0012550 secs]8.977: [Train: 146824K->146824K(147008K), 0.0004330 secs] 147314K->146886K(147584K), 0.0027610 secs]
8.978: [GC 8.979: [DefNew: 564K->62K(576K), 0.0012590 secs] 147388K->146959K(147584K), 0.0023050 secs]
8.981: [GC 8.982: [DefNew: 564K->62K(576K), 0.0012640 secs]8.983: [Train: 146971K->146971K(147072K), 0.0004270 secs] 147462K->147033K(147648K), 0.0027580 secs]
8.984: [GC 8.985: [DefNew: 564K->62K(576K), 0.0012630 secs]8.986: [Train: 147045K->147045K(147136K), 0.0004410 secs] 147536K->147363K(147712K), 0.0027650 secs]
8.987: [GC 8.988: [DefNew: 569K->45K(576K), 0.0012430 secs]8.989: [Train: 147099K->147099K(147200K), 0.0004610 secs] 147614K->147486K(147776K), 0.0027750 secs]
8.990: [GC 8.991: [DefNew: 556K->22K(576K), 0.0012370 secs]8.992: [Train: 147137K->147137K(147264K), 0.0004310 secs] 147656K->147544K(147840K), 0.0027300 secs]
8.993: [GC 8.994: [DefNew: 534K->52K(576K), 0.0012140 secs]8.995: [Train: 147137K->147137K(147264K), 0.0004110 secs] 147671K->147573K(147840K), 0.0026900 secs]
8.996: [GC 8.997: [DefNew: 560K->36K(576K), 0.0012270 secs]8.998: [Train: 147160K->147160K(147264K), 0.0004140 secs] 147697K->147537K(147840K), 0.0027010 secs]
8.999: [GC 8.999: [DefNew: 546K->49K(576K), 0.0012230 secs]9.001: [Train: 147180K->147180K(147264K), 0.0004340 secs] 147707K->147485K(147840K), 0.0027170 secs]
9.001: [GC 9.002: [DefNew: 559K->49K(576K), 0.0012470 secs]9.004: [Train: 147221K->147221K(147328K), 0.0004250 secs] 147739K->147270K(147904K), 0.0027580 secs]
9.005: [GC 9.006: [DefNew: 551K->62K(576K), 0.0012590 secs]9.007: [Train: 147281K->147281K(147392K), 0.0004300 secs] 147772K->147343K(147968K), 0.0027540 secs]
9.008: [GC 9.009: [DefNew: 564K->62K(576K), 0.0012630 secs] 147846K->147417K(147968K), 0.0023130 secs]
9.011: [GC 9.012: [DefNew: 564K->62K(576K), 0.0012800 secs]9.013: [Train: 147429K->147429K(147520K), 0.0004300 secs] 147920K->147491K(148096K), 0.0027750 secs]
9.014: [GC 9.015: [DefNew: 564K->62K(576K), 0.0012640 secs]9.016: [Train: 147503K->147503K(147584K), 0.0004270 secs] 147994K->147821K(148160K), 0.0027570 secs]
9.017: [GC 9.018: [DefNew: 569K->45K(576K), 0.0012470 secs]9.019: [Train: 147557K->147557K(147648K), 0.0004320 secs] 148072K->147944K(148224K), 0.0027470 secs]
9.020: [GC 9.021: [DefNew: 556K->22K(576K), 0.0012420 secs]9.022: [Train: 147595K->147595K(147712K), 0.0004220 secs] 148114K->148002K(148288K), 0.0027290 secs]
9.023: [GC 9.024: [DefNew: 534K->52K(576K), 0.0012180 secs]9.025: [Train: 147595K->147595K(147712K), 0.0004020 secs] 148129K->148031K(148288K), 0.0026840 secs]
9.025: [GC 9.026: [DefNew: 560K->36K(576K), 0.0012280 secs]9.028: [Train: 147618K->147618K(147712K), 0.0004010 secs] 148155K->148038K(148288K), 0.0027060 secs]
9.028: [GC 9.029: [DefNew: 547K->45K(576K), 0.0012740 secs]9.031: [Train: 147639K->147639K(147776K), 0.0004070 secs] 148165K->148069K(148352K), 0.0027470 secs]
9.031: [GC 9.032: [DefNew: 553K->36K(576K), 0.0012240 secs]9.033: [Train: 147656K->147656K(147776K), 0.0004210 secs] 148193K->148076K(148352K), 0.0027230 secs]
9.034: [GC 9.035: [DefNew: 547K->45K(576K), 0.0012290 secs]9.036: [Train: 147675K->147675K(147776K), 0.0004260 secs] 148203K->148062K(148352K), 0.0027200 secs]
9.037: [GC 9.038: [DefNew: 556K->42K(576K), 0.0012270 secs]9.039: [Train: 147692K->147692K(147776K), 0.0004120 secs] 148232K->147990K(148352K), 0.0027170 secs]
9.040: [GC 9.041: [DefNew: 549K->58K(576K), 0.0012400 secs]9.042: [Train: 147713K->147713K(147840K), 0.0004300 secs] 148241K->147772K(148416K), 0.0027360 secs]
9.043: [GC 9.044: [DefNew: 561K->62K(576K), 0.0012610 secs]9.045: [Train: 147784K->147784K(147904K), 0.0004200 secs] 148274K->147846K(148480K), 0.0027480 secs]
9.046: [GC 9.047: [DefNew: 564K->62K(576K), 0.0012620 secs] 148348K->147920K(148480K), 0.0023160 secs]
9.049: [GC 9.050: [DefNew: 564K->62K(576K), 0.0012750 secs]9.051: [Train: 147931K->147931K(148032K), 0.0004140 secs] 148422K->147993K(148608K), 0.0027650 secs]
9.052: [GC 9.053: [DefNew: 564K->62K(576K), 0.0012770 secs]9.054: [Train: 148005K->148005K(148096K), 0.0004110 secs] 148496K->148323K(148672K), 0.0027550 secs]
9.055: [GC 9.056: [DefNew: 569K->36K(576K), 0.0012680 secs]9.057: [Train: 148069K->148069K(148160K), 0.0004490 secs] 148574K->148446K(148736K), 0.0027860 secs]
9.058: [GC 9.059: [DefNew: 546K->32K(576K), 0.0012420 secs]9.060: [Train: 148107K->148107K(148224K), 0.0004020 secs] 148616K->148523K(148800K), 0.0027140 secs]
9.061: [GC 9.062: [DefNew: 543K->19K(576K), 0.0012300 secs]9.063: [Train: 148130K->148130K(148224K), 0.0004020 secs] 148651K->148533K(148800K), 0.0027150 secs]
9.064: [GC 9.065: [DefNew: 530K->49K(576K), 0.0012250 secs]9.066: [Train: 148130K->148130K(148224K), 0.0003930 secs] 148661K->148563K(148800K), 0.0026860 secs]
9.067: [GC 9.068: [DefNew: 557K->36K(576K), 0.0012340 secs]9.069: [Train: 148151K->148151K(148288K), 0.0004120 secs] 148687K->148571K(148864K), 0.0027120 secs]
9.069: [GC 9.070: [DefNew: 547K->45K(576K), 0.0012320 secs]9.072: [Train: 148171K->148171K(148288K), 0.0004000 secs] 148698K->148601K(148864K), 0.0027050 secs]
9.072: [GC 9.073: [DefNew: 553K->36K(576K), 0.0012430 secs]9.075: [Train: 148187K->148187K(148288K), 0.0004080 secs] 148725K->148565K(148864K), 0.0027180 secs]
9.075: [GC 9.076: [DefNew: 546K->49K(576K), 0.0012310 secs]9.077: [Train: 148207K->148207K(148288K), 0.0004480 secs] 148734K->148512K(148864K), 0.0027470 secs]
9.078: [GC 9.079: [DefNew: 559K->49K(576K), 0.0012450 secs]9.080: [Train: 148248K->148248K(148352K), 0.0004170 secs] 148766K->148297K(148928K), 0.0027310 secs]
9.081: [GC 9.082: [DefNew: 551K->62K(576K), 0.0012610 secs]9.084: [Train: 148309K->148309K(148416K), 0.0004410 secs] 148799K->148371K(148992K), 0.0027760 secs]
9.085: [GC 9.086: [DefNew: 564K->62K(576K), 0.0012810 secs] 148873K->148445K(148992K), 0.0023360 secs]
9.087: [GC 9.088: [DefNew: 564K->62K(576K), 0.0012790 secs]9.090: [Train: 148456K->148456K(148544K), 0.0004500 secs] 148947K->148518K(149120K), 0.0027970 secs]
9.091: [GC 9.092: [DefNew: 564K->62K(576K), 0.0012800 secs]9.093: [Train: 148532K->148532K(148672K), 0.0004270 secs] 149021K->148850K(149248K), 0.0027790 secs]
9.094: [GC 9.095: [DefNew: 569K->45K(576K), 0.0012510 secs]9.096: [Train: 148584K->148584K(148672K), 0.0004350 secs] 149101K->148971K(149248K), 0.0027660 secs]
9.096: [GC 9.097: [DefNew: 556K->22K(576K), 0.0012620 secs]9.099: [Train: 148622K->148622K(148736K), 0.0004330 secs] 149141K->149029K(149312K), 0.0027670 secs]
9.099: [GC 9.100: [DefNew: 534K->52K(576K), 0.0012240 secs]9.102: [Train: 148622K->148622K(148736K), 0.0004220 secs] 149156K->149058K(149312K), 0.0027170 secs]
9.102: [GC 9.103: [DefNew: 560K->36K(576K), 0.0012370 secs]9.104: [Train: 148645K->148645K(148736K), 0.0004200 secs] 149182K->149065K(149312K), 0.0027270 secs]
9.105: [GC 9.106: [DefNew: 547K->45K(576K), 0.0012400 secs]9.107: [Train: 148666K->148666K(148800K), 0.0004140 secs] 149192K->149096K(149376K), 0.0027310 secs]
9.108: [GC 9.109: [DefNew: 553K->36K(576K), 0.0012450 secs]9.110: [Train: 148683K->148683K(148800K), 0.0004210 secs] 149220K->149103K(149376K), 0.0027360 secs]
9.111: [GC 9.112: [DefNew: 547K->45K(576K), 0.0012360 secs]9.113: [Train: 148702K->148702K(148800K), 0.0004030 secs] 149230K->149090K(149376K), 0.0027080 secs]
9.114: [GC 9.115: [DefNew: 556K->42K(576K), 0.0012370 secs]9.116: [Train: 148719K->148719K(148800K), 0.0004010 secs] 149259K->149017K(149376K), 0.0027090 secs]
9.117: [GC 9.118: [DefNew: 549K->58K(576K), 0.0012510 secs]9.119: [Train: 148740K->148740K(148864K), 0.0004250 secs] 149269K->148799K(149440K), 0.0027530 secs]
9.120: [GC 9.121: [DefNew: 561K->62K(576K), 0.0012950 secs]9.122: [Train: 148811K->148811K(148928K), 0.0004190 secs] 149302K->148873K(149504K), 0.0027870 secs]
9.123: [GC 9.124: [DefNew: 564K->62K(576K), 0.0012800 secs] 149375K->148947K(149504K), 0.0023400 secs]
9.126: [GC 9.127: [DefNew: 564K->62K(576K), 0.0012820 secs]9.128: [Train: 148958K->148958K(149056K), 0.0004390 secs] 149449K->149021K(149632K), 0.0027940 secs]
9.129: [GC 9.130: [DefNew: 564K->62K(576K), 0.0012790 secs]9.131: [Train: 149032K->149032K(149120K), 0.0004160 secs] 149523K->149350K(149696K), 0.0027740 secs]
9.132: [GC 9.133: [DefNew: 569K->36K(576K), 0.0012790 secs]9.134: [Train: 149096K->149096K(149184K), 0.0004240 secs] 149602K->149474K(149760K), 0.0027780 secs]
9.135: [GC 9.136: [DefNew: 546K->32K(576K), 0.0012550 secs]9.137: [Train: 149134K->149134K(149248K), 0.0004210 secs] 149643K->149551K(149824K), 0.0027490 secs]
9.138: [GC 9.139: [DefNew: 543K->19K(576K), 0.0012380 secs]9.140: [Train: 149157K->149157K(149248K), 0.0004040 secs] 149678K->149561K(149824K), 0.0027140 secs]
9.141: [GC 9.142: [DefNew: 530K->49K(576K), 0.0012270 secs]9.143: [Train: 149157K->149157K(149248K), 0.0004100 secs] 149688K->149590K(149824K), 0.0027140 secs]
9.144: [GC 9.145: [DefNew: 557K->36K(576K), 0.0012560 secs]9.146: [Train: 149178K->149178K(149312K), 0.0004320 secs] 149714K->149598K(149888K), 0.0027690 secs]
9.147: [GC 9.148: [DefNew: 547K->45K(576K), 0.0012410 secs]9.149: [Train: 149198K->149198K(149312K), 0.0004170 secs] 149726K->149628K(149888K), 0.0027320 secs]
9.149: [GC 9.150: [DefNew: 553K->36K(576K), 0.0012490 secs]9.152: [Train: 149214K->149214K(149312K), 0.0004210 secs] 149752K->149592K(149888K), 0.0027490 secs]
9.152: [GC 9.153: [DefNew: 546K->49K(576K), 0.0012500 secs]9.155: [Train: 149236K->149236K(149376K), 0.0004190 secs] 149761K->149541K(149952K), 0.0027420 secs]
9.155: [GC 9.156: [DefNew: 559K->49K(576K), 0.0012570 secs]9.158: [Train: 149275K->149275K(149376K), 0.0004550 secs] 149795K->149324K(149952K), 0.0027880 secs]
9.159: [GC 9.160: [DefNew: 551K->62K(576K), 0.0012730 secs]9.161: [Train: 149336K->149336K(149440K), 0.0004240 secs] 149827K->149398K(150016K), 0.0027750 secs]
9.162: [GC 9.163: [DefNew: 564K->62K(576K), 0.0012840 secs] 149900K->149472K(150016K), 0.0023490 secs]
9.165: [GC 9.165: [DefNew: 564K->62K(576K), 0.0012920 secs]9.167: [Train: 149484K->149484K(149568K), 0.0004280 secs] 149974K->149546K(150144K), 0.0027980 secs]
9.168: [GC 9.169: [DefNew: 564K->62K(576K), 0.0013150 secs]9.170: [Train: 149559K->149559K(149696K), 0.0004360 secs] 150048K->149877K(150272K), 0.0028300 secs]
9.171: [GC 9.172: [DefNew: 569K->45K(576K), 0.0012600 secs]9.173: [Train: 149612K->149612K(149696K), 0.0004280 secs] 150129K->149999K(150272K), 0.0027670 secs]
9.174: [GC 9.175: [DefNew: 556K->22K(576K), 0.0012570 secs]9.176: [Train: 149649K->149649K(149760K), 0.0004250 secs] 150168K->150056K(150336K), 0.0027600 secs]
9.177: [GC 9.178: [DefNew: 534K->52K(576K), 0.0012390 secs]9.179: [Train: 149649K->149649K(149760K), 0.0004040 secs] 150183K->150086K(150336K), 0.0027220 secs]
9.179: [GC 9.180: [DefNew: 560K->36K(576K), 0.0012560 secs]9.182: [Train: 149672K->149672K(149760K), 0.0004240 secs] 150210K->150092K(150336K), 0.0027600 secs]
9.182: [GC 9.183: [DefNew: 547K->45K(576K), 0.0012490 secs]9.185: [Train: 149694K->149694K(149824K), 0.0004270 secs] 150219K->150123K(150400K), 0.0027540 secs]
9.185: [GC 9.186: [DefNew: 553K->36K(576K), 0.0012410 secs]9.188: [Train: 149710K->149710K(149824K), 0.0004070 secs] 150247K->150130K(150400K), 0.0027310 secs]
9.188: [GC 9.189: [DefNew: 547K->45K(576K), 0.0012470 secs]9.190: [Train: 149730K->149730K(149824K), 0.0004240 secs] 150257K->150117K(150400K), 0.0027480 secs]
9.191: [GC 9.192: [DefNew: 556K->42K(576K), 0.0012460 secs]9.193: [Train: 149748K->149748K(149888K), 0.0004240 secs] 150286K->150046K(150464K), 0.0027760 secs]
9.194: [GC 9.195: [DefNew: 549K->58K(576K), 0.0012460 secs]9.196: [Train: 149768K->149768K(149888K), 0.0004380 secs] 150298K->149826K(150464K), 0.0027630 secs]
9.197: [GC 9.198: [DefNew: 561K->62K(576K), 0.0012810 secs]9.200: [Train: 149838K->149838K(149952K), 0.0004190 secs] 150329K->149900K(150528K), 0.0027900 secs]
9.201: [GC 9.201: [DefNew: 564K->62K(576K), 0.0012830 secs] 150403K->149974K(150528K), 0.0023510 secs]
9.203: [GC 9.204: [DefNew: 564K->62K(576K), 0.0012950 secs]9.206: [Train: 149986K->149986K(150080K), 0.0004490 secs] 150476K->150048K(150656K), 0.0028260 secs]
9.207: [GC 9.208: [DefNew: 564K->62K(576K), 0.0012790 secs]9.209: [Train: 150060K->150060K(150144K), 0.0004610 secs] 150550K->150378K(150720K), 0.0028210 secs]
9.210: [GC 9.211: [DefNew: 569K->36K(576K), 0.0012690 secs]9.212: [Train: 150124K->150124K(150208K), 0.0004310 secs] 150629K->150501K(150784K), 0.0027870 secs]
9.213: [GC 9.214: [DefNew: 546K->32K(576K), 0.0012870 secs]9.215: [Train: 150161K->150161K(150272K), 0.0004210 secs] 150671K->150578K(150848K), 0.0027900 secs]
9.215: [GC 9.216: [DefNew: 543K->19K(576K), 0.0012520 secs]9.218: [Train: 150184K->150184K(150272K), 0.0004180 secs] 150705K->150588K(150848K), 0.0027520 secs]
9.218: [GC 9.219: [DefNew: 530K->49K(576K), 0.0012340 secs]9.221: [Train: 150184K->150184K(150272K), 0.0004070 secs] 150715K->150617K(150848K), 0.0027220 secs]
9.221: [GC 9.222: [DefNew: 557K->36K(576K), 0.0012490 secs]9.223: [Train: 150206K->150206K(150336K), 0.0004200 secs] 150741K->150626K(150912K), 0.0027630 secs]
9.224: [GC 9.225: [DefNew: 547K->45K(576K), 0.0012510 secs]9.226: [Train: 150225K->150225K(150336K), 0.0004140 secs] 150753K->150655K(150912K), 0.0027460 secs]
9.227: [GC 9.228: [DefNew: 553K->36K(576K), 0.0012440 secs]9.229: [Train: 150242K->150242K(150336K), 0.0004140 secs] 150779K->150619K(150912K), 0.0027520 secs]
9.230: [GC 9.231: [DefNew: 546K->49K(576K), 0.0012530 secs]9.232: [Train: 150263K->150263K(150400K), 0.0004290 secs] 150789K->150568K(150976K), 0.0027640 secs]
9.233: [GC 9.234: [DefNew: 559K->49K(576K), 0.0012570 secs]9.235: [Train: 150302K->150302K(150400K), 0.0004050 secs] 150823K->150351K(150976K), 0.0027480 secs]
9.236: [GC 9.237: [DefNew: 551K->62K(576K), 0.0012790 secs]9.238: [Train: 150363K->150363K(150464K), 0.0004250 secs] 150854K->150425K(151040K), 0.0027890 secs]
9.239: [GC 9.240: [DefNew: 564K->62K(576K), 0.0012830 secs] 150928K->150499K(151040K), 0.0023680 secs]
9.242: [GC 9.243: [DefNew: 564K->62K(576K), 0.0012940 secs]9.244: [Train: 150511K->150511K(150592K), 0.0004310 secs] 151002K->150573K(151168K), 0.0028100 secs]
9.245: [GC 9.246: [DefNew: 564K->62K(576K), 0.0012920 secs]9.248: [Train: 150586K->150586K(150720K), 0.0004200 secs] 151075K->150905K(151296K), 0.0028020 secs]
9.248: [GC 9.249: [DefNew: 569K->45K(576K), 0.0012680 secs]9.251: [Train: 150639K->150639K(150720K), 0.0004110 secs] 151156K->151026K(151296K), 0.0027640 secs]
9.251: [GC 9.252: [DefNew: 556K->22K(576K), 0.0012570 secs]9.254: [Train: 150677K->150677K(150784K), 0.0004280 secs] 151196K->151084K(151360K), 0.0027710 secs]
9.254: [GC 9.255: [DefNew: 534K->52K(576K), 0.0012390 secs]9.256: [Train: 150677K->150677K(150784K), 0.0004120 secs] 151211K->151113K(151360K), 0.0027360 secs]
9.257: [GC 9.258: [DefNew: 560K->36K(576K), 0.0012480 secs]9.259: [Train: 150700K->150700K(150784K), 0.0004070 secs] 151237K->151120K(151360K), 0.0027450 secs]
9.260: [GC 9.261: [DefNew: 547K->45K(576K), 0.0012600 secs]9.262: [Train: 150721K->150721K(150848K), 0.0004350 secs] 151247K->151151K(151424K), 0.0027820 secs]
9.263: [GC 9.264: [DefNew: 553K->36K(576K), 0.0012560 secs]9.265: [Train: 150737K->150737K(150848K), 0.0004170 secs] 151275K->151157K(151424K), 0.0027880 secs]
9.266: [GC 9.267: [DefNew: 547K->45K(576K), 0.0012520 secs]9.268: [Train: 150757K->150757K(150848K), 0.0004220 secs] 151285K->151144K(151424K), 0.0027610 secs]
9.269: [GC 9.270: [DefNew: 556K->42K(576K), 0.0012530 secs]9.271: [Train: 150775K->150775K(150912K), 0.0004220 secs] 151314K->151074K(151488K), 0.0027680 secs]
9.272: [GC 9.273: [DefNew: 549K->58K(576K), 0.0054070 secs]9.278: [Train: 150795K->150795K(150912K), 0.0006850 secs] 151325K->150854K(151488K), 0.0072070 secs]
9.279: [GC 9.280: [DefNew: 561K->62K(576K), 0.0013170 secs]9.282: [Train: 150865K->150865K(150976K), 0.0113530 secs] 151356K->150928K(151552K), 0.0138130 secs]
9.294: [GC 9.295: [DefNew: 564K->62K(576K), 0.0013260 secs] 151430K->151001K(151552K), 0.0024510 secs]
9.297: [GC 9.298: [DefNew: 564K->62K(576K), 0.0013350 secs]9.299: [Train: 151013K->151013K(151104K), 0.0004580 secs] 151504K->151075K(151680K), 0.0028890 secs]
9.300: [GC 9.301: [DefNew: 564K->62K(576K), 0.0013450 secs]9.302: [Train: 151087K->151087K(151168K), 0.0004430 secs] 151578K->151405K(151744K), 0.0028960 secs]
9.303: [GC 9.304: [DefNew: 569K->36K(576K), 0.0012870 secs]9.305: [Train: 151151K->151151K(151232K), 0.0004360 secs] 151656K->151528K(151808K), 0.0028160 secs]
9.306: [GC 9.307: [DefNew: 546K->32K(576K), 0.0012830 secs]9.308: [Train: 151189K->151189K(151296K), 0.0004450 secs] 151698K->151605K(151872K), 0.0028280 secs]
9.309: [GC 9.310: [DefNew: 543K->19K(576K), 0.0012600 secs]9.311: [Train: 151212K->151212K(151296K), 0.0004200 secs] 151733K->151615K(151872K), 0.0027850 secs]
9.312: [GC 9.313: [DefNew: 530K->49K(576K), 0.0012680 secs]9.314: [Train: 151212K->151212K(151296K), 0.0004210 secs] 151742K->151645K(151872K), 0.0027830 secs]
9.315: [GC 9.316: [DefNew: 557K->36K(576K), 0.0012620 secs]9.317: [Train: 151233K->151233K(151360K), 0.0004590 secs] 151769K->151653K(151936K), 0.0028130 secs]
9.318: [GC 9.319: [DefNew: 547K->45K(576K), 0.0012640 secs]9.320: [Train: 151253K->151253K(151360K), 0.0004090 secs] 151780K->151682K(151936K), 0.0027640 secs]
9.321: [GC 9.322: [DefNew: 553K->36K(576K), 0.0012590 secs]9.323: [Train: 151269K->151269K(151360K), 0.0004400 secs] 151806K->151646K(151936K), 0.0027960 secs]
9.324: [GC 9.325: [DefNew: 546K->49K(576K), 0.0012830 secs]9.326: [Train: 151290K->151290K(151424K), 0.0004280 secs] 151816K->151595K(152000K), 0.0028050 secs]
9.327: [GC 9.328: [DefNew: 559K->49K(576K), 0.0012770 secs]9.329: [Train: 151330K->151330K(151424K), 0.0004420 secs] 151850K->151379K(152000K), 0.0028080 secs]
9.330: [GC 9.331: [DefNew: 551K->62K(576K), 0.0013190 secs]9.332: [Train: 151390K->151390K(151488K), 0.0004250 secs] 151881K->151453K(152064K), 0.0028930 secs]
9.333: [GC 9.334: [DefNew: 564K->62K(576K), 0.0013030 secs] 151955K->151526K(152064K), 0.0023890 secs]
9.336: [GC 9.337: [DefNew: 564K->62K(576K), 0.0013350 secs]9.339: [Train: 151540K->151540K(151680K), 0.0004640 secs] 152029K->151602K(152256K), 0.0028900 secs]
9.340: [GC 9.341: [DefNew: 564K->62K(576K), 0.0013150 secs]9.342: [Train: 151614K->151614K(151744K), 0.0004250 secs] 152104K->151932K(152320K), 0.0028340 secs]
9.343: [GC 9.344: [DefNew: 569K->45K(576K), 0.0012910 secs]9.345: [Train: 151668K->151668K(151808K), 0.0004420 secs] 152183K->152055K(152384K), 0.0028260 secs]
9.346: [GC 9.347: [DefNew: 556K->22K(576K), 0.0012650 secs]9.348: [Train: 151704K->151704K(151808K), 0.0004330 secs] 152225K->152111K(152384K), 0.0027970 secs]
9.349: [GC 9.350: [DefNew: 534K->52K(576K), 0.0012620 secs]9.351: [Train: 151704K->151704K(151808K), 0.0004090 secs] 152238K->152140K(152384K), 0.0027620 secs]
9.351: [GC 9.352: [DefNew: 560K->36K(576K), 0.0012680 secs]9.354: [Train: 151727K->151727K(151808K), 0.0004360 secs] 152264K->152147K(152384K), 0.0027940 secs]
9.354: [GC 9.355: [DefNew: 547K->45K(576K), 0.0012620 secs]9.357: [Train: 151748K->151748K(151872K), 0.0004400 secs] 152274K->152178K(152448K), 0.0027930 secs]
9.357: [GC 9.358: [DefNew: 553K->36K(576K), 0.0012570 secs]9.360: [Train: 151765K->151765K(151872K), 0.0004270 secs] 152302K->152185K(152448K), 0.0027820 secs]
9.360: [GC 9.361: [DefNew: 547K->45K(576K), 0.0012690 secs]9.363: [Train: 151784K->151784K(151872K), 0.0004160 secs] 152312K->152171K(152448K), 0.0027780 secs]
9.363: [GC 9.364: [DefNew: 556K->42K(576K), 0.0012630 secs]9.365: [Train: 151802K->151802K(151936K), 0.0004330 secs] 152341K->152101K(152512K), 0.0027870 secs]
9.366: [GC 9.367: [DefNew: 549K->58K(576K), 0.0012620 secs]9.368: [Train: 151822K->151822K(151936K), 0.0004050 secs] 152352K->151881K(152512K), 0.0027580 secs]
9.369: [GC 9.370: [DefNew: 561K->62K(576K), 0.0012980 secs]9.372: [Train: 151893K->151893K(152000K), 0.0004520 secs] 152383K->151955K(152576K), 0.0028550 secs]
9.373: [GC 9.374: [DefNew: 564K->62K(576K), 0.0012990 secs] 152457K->152029K(152576K), 0.0023930 secs]
9.376: [GC 9.377: [DefNew: 564K->62K(576K), 0.0013300 secs]9.378: [Train: 152040K->152040K(152128K), 0.0004380 secs] 152531K->152102K(152704K), 0.0028630 secs]
9.379: [GC 9.380: [DefNew: 564K->62K(576K), 0.0013140 secs]9.381: [Train: 152116K->152116K(152256K), 0.0004400 secs] 152605K->152434K(152832K), 0.0028560 secs]
9.382: [GC 9.383: [DefNew: 569K->36K(576K), 0.0012910 secs]9.384: [Train: 152180K->152180K(152320K), 0.0004200 secs] 152685K->152557K(152896K), 0.0028090 secs]
9.385: [GC 9.386: [DefNew: 546K->32K(576K), 0.0012700 secs]9.387: [Train: 152216K->152216K(152320K), 0.0004150 secs] 152727K->152633K(152896K), 0.0027930 secs]
9.388: [GC 9.389: [DefNew: 543K->19K(576K), 0.0012700 secs]9.390: [Train: 152239K->152239K(152320K), 0.0004030 secs] 152760K->152642K(152896K), 0.0027660 secs]
9.391: [GC 9.392: [DefNew: 530K->49K(576K), 0.0012500 secs]9.393: [Train: 152239K->152239K(152320K), 0.0004060 secs] 152770K->152672K(152896K), 0.0027490 secs]
9.394: [GC 9.395: [DefNew: 557K->36K(576K), 0.0012650 secs]9.396: [Train: 152260K->152260K(152384K), 0.0004470 secs] 152796K->152680K(152960K), 0.0028130 secs]
9.397: [GC 9.398: [DefNew: 547K->45K(576K), 0.0012820 secs]9.399: [Train: 152280K->152280K(152384K), 0.0004240 secs] 152807K->152710K(152960K), 0.0028130 secs]
9.399: [GC 9.400: [DefNew: 553K->36K(576K), 0.0012650 secs]9.402: [Train: 152296K->152296K(152384K), 0.0004290 secs] 152834K->152674K(152960K), 0.0027910 secs]
9.402: [GC 9.403: [DefNew: 546K->49K(576K), 0.0012690 secs]9.405: [Train: 152318K->152318K(152448K), 0.0004100 secs] 152843K->152623K(153024K), 0.0027750 secs]
9.405: [GC 9.406: [DefNew: 559K->49K(576K), 0.0012990 secs]9.408: [Train: 152357K->152357K(152448K), 0.0004500 secs] 152877K->152406K(153024K), 0.0028570 secs]
9.409: [GC 9.410: [DefNew: 551K->62K(576K), 0.0013020 secs]9.411: [Train: 152418K->152418K(152512K), 0.0004300 secs] 152908K->152480K(153088K), 0.0028490 secs]
9.412: [GC 9.413: [DefNew: 564K->62K(576K), 0.0013100 secs] 152982K->152554K(153088K), 0.0023980 secs]
9.415: [GC 9.416: [DefNew: 564K->62K(576K), 0.0013190 secs]9.417: [Train: 152567K->152567K(152704K), 0.0004380 secs] 153056K->152629K(153280K), 0.0028560 secs]
9.418: [GC 9.419: [DefNew: 564K->62K(576K), 0.0013130 secs]9.421: [Train: 152641K->152641K(152768K), 0.0004280 secs] 153132K->152959K(153344K), 0.0028470 secs]
9.421: [GC 9.422: [DefNew: 569K->45K(576K), 0.0012940 secs]9.424: [Train: 152695K->152695K(152832K), 0.0004410 secs] 153210K->153082K(153408K), 0.0028510 secs]
9.424: [GC 9.425: [DefNew: 556K->22K(576K), 0.0012860 secs]9.427: [Train: 152731K->152731K(152832K), 0.0004180 secs] 153252K->153138K(153408K), 0.0028050 secs]
9.427: [GC 9.428: [DefNew: 534K->52K(576K), 0.0012550 secs]9.429: [Train: 152731K->152731K(152832K), 0.0004400 secs] 153265K->153167K(153408K), 0.0027940 secs]
9.430: [GC 9.431: [DefNew: 560K->36K(576K), 0.0012740 secs]9.432: [Train: 152756K->152756K(152896K), 0.0004180 secs] 153291K->153176K(153472K), 0.0027930 secs]
9.433: [GC 9.434: [DefNew: 547K->45K(576K), 0.0012680 secs]9.435: [Train: 152776K->152776K(152896K), 0.0004370 secs] 153303K->153205K(153472K), 0.0028240 secs]
9.436: [GC 9.437: [DefNew: 553K->36K(576K), 0.0012670 secs]9.438: [Train: 152792K->152792K(152896K), 0.0004330 secs] 153329K->153212K(153472K), 0.0028000 secs]
9.439: [GC 9.440: [DefNew: 547K->45K(576K), 0.0012660 secs]9.441: [Train: 152812K->152812K(152896K), 0.0004500 secs] 153339K->153241K(153472K), 0.0028150 secs]
9.442: [GC 9.443: [DefNew: 553K->36K(576K), 0.0012700 secs]9.444: [Train: 152830K->152830K(152960K), 0.0004230 secs] 153365K->153207K(153536K), 0.0027930 secs]
9.445: [GC 9.446: [DefNew: 546K->49K(576K), 0.0012670 secs]9.447: [Train: 152849K->152849K(152960K), 0.0004400 secs] 153377K->153154K(153536K), 0.0028200 secs]
9.448: [GC 9.449: [DefNew: 559K->49K(576K), 0.0012890 secs]9.450: [Train: 152890K->152890K(153024K), 0.0004190 secs] 153409K->152939K(153600K), 0.0028110 secs]
9.451: [GC 9.452: [DefNew: 551K->62K(576K), 0.0013010 secs]9.454: [Train: 152951K->152951K(153088K), 0.0004540 secs] 153442K->153013K(153664K), 0.0028600 secs]
9.454: [GC 9.456: [DefNew: 564K->62K(576K), 0.0013110 secs] 153516K->153087K(153664K), 0.0024020 secs]
9.457: [GC 9.458: [DefNew: 564K->62K(576K), 0.0013130 secs]9.460: [Train: 153099K->153099K(153216K), 0.0004160 secs] 153590K->153161K(153792K), 0.0028410 secs]
9.461: [GC 9.462: [DefNew: 564K->62K(576K), 0.0013160 secs]9.463: [Train: 153173K->153173K(153280K), 0.0004110 secs] 153663K->153491K(153856K), 0.0028320 secs]
9.464: [GC 9.465: [DefNew: 569K->45K(576K), 0.0013000 secs]9.466: [Train: 153227K->153227K(153344K), 0.0004190 secs] 153742K->153614K(153920K), 0.0028220 secs]
9.467: [GC 9.468: [DefNew: 556K->22K(576K), 0.0012780 secs]9.469: [Train: 153263K->153263K(153344K), 0.0004100 secs] 153784K->153670K(153920K), 0.0027930 secs]
9.470: [GC 9.471: [DefNew: 534K->52K(576K), 0.0012590 secs]9.472: [Train: 153263K->153263K(153344K), 0.0004650 secs] 153797K->153699K(153920K), 0.0028390 secs]
9.473: [GC 9.474: [DefNew: 560K->36K(576K), 0.0012800 secs]9.475: [Train: 153288K->153288K(153408K), 0.0004280 secs] 153823K->153708K(153984K), 0.0028130 secs]
9.475: [GC 9.477: [DefNew: 547K->45K(576K), 0.0012780 secs]9.478: [Train: 153307K->153307K(153408K), 0.0004160 secs] 153835K->153737K(153984K), 0.0028050 secs]
9.478: [GC 9.479: [DefNew: 553K->36K(576K), 0.0012650 secs]9.481: [Train: 153324K->153324K(153408K), 0.0004140 secs] 153861K->153744K(153984K), 0.0027830 secs]
9.481: [GC 9.482: [DefNew: 547K->45K(576K), 0.0012790 secs]9.484: [Train: 153345K->153345K(153472K), 0.0004230 secs] 153871K->153732K(154048K), 0.0028200 secs]
9.484: [GC 9.485: [DefNew: 556K->42K(576K), 0.0012760 secs]9.487: [Train: 153361K->153361K(153472K), 0.0004410 secs] 153902K->153660K(154048K), 0.0028220 secs]
9.487: [GC 9.488: [DefNew: 549K->58K(576K), 0.0012780 secs]9.490: [Train: 153381K->153381K(153472K), 0.0004280 secs] 153911K->153440K(154048K), 0.0028120 secs]
9.491: [GC 9.492: [DefNew: 561K->62K(576K), 0.0014590 secs]9.493: [Train: 153452K->153452K(153536K), 0.0005740 secs] 153942K->153514K(154112K), 0.0031470 secs]
9.494: [GC 9.495: [DefNew: 564K->62K(576K), 0.0013510 secs] 154016K->153589K(154176K), 0.0024750 secs]
9.497: [GC 9.499: [DefNew: 564K->62K(576K), 0.0013720 secs]9.501: [Train: 153601K->153601K(153728K), 0.0004480 secs] 154092K->153663K(154304K), 0.0041200 secs]
9.502: [GC 9.503: [DefNew: 564K->62K(576K), 0.0013290 secs]9.504: [Train: 153675K->153675K(153792K), 0.0004720 secs] 154166K->153993K(154368K), 0.0031720 secs]
9.505: [GC 9.506: [DefNew: 569K->36K(576K), 0.0013030 secs]9.508: [Train: 153739K->153739K(153856K), 0.0004300 secs] 154244K->154116K(154432K), 0.0028640 secs]
9.508: [GC 9.509: [DefNew: 546K->32K(576K), 0.0012850 secs]9.511: [Train: 153775K->153775K(153856K), 0.0004340 secs] 154286K->154191K(154432K), 0.0028280 secs]
9.511: [GC 9.512: [DefNew: 543K->19K(576K), 0.0012760 secs]9.513: [Train: 153800K->153800K(153920K), 0.0004470 secs] 154319K->154203K(154496K), 0.0028320 secs]
9.514: [GC 9.515: [DefNew: 530K->49K(576K), 0.0012620 secs]9.516: [Train: 153800K->153800K(153920K), 0.0004330 secs] 154330K->154233K(154496K), 0.0028030 secs]
9.517: [GC 9.518: [DefNew: 557K->36K(576K), 0.0012740 secs]9.519: [Train: 153819K->153819K(153920K), 0.0004110 secs] 154357K->154239K(154496K), 0.0028060 secs]
9.520: [GC 9.521: [DefNew: 547K->45K(576K), 0.0012780 secs]9.522: [Train: 153839K->153839K(153920K), 0.0004140 secs] 154366K->154269K(154496K), 0.0028010 secs]
9.523: [GC 9.524: [DefNew: 553K->36K(576K), 0.0012750 secs]9.525: [Train: 153857K->153857K(153984K), 0.0004260 secs] 154393K->154234K(154560K), 0.0028090 secs]
9.526: [GC 9.527: [DefNew: 546K->49K(576K), 0.0012770 secs]9.528: [Train: 153877K->153877K(153984K), 0.0004050 secs] 154404K->154182K(154560K), 0.0027930 secs]
9.529: [GC 9.530: [DefNew: 559K->49K(576K), 0.0012930 secs]9.531: [Train: 153918K->153918K(154048K), 0.0004620 secs] 154436K->153967K(154624K), 0.0028760 secs]
9.532: [GC 9.533: [DefNew: 551K->62K(576K), 0.0014930 secs]9.535: [Train: 153978K->153978K(154112K), 0.0004290 secs] 154469K->154041K(154688K), 0.0030370 secs]
9.536: [GC 9.537: [DefNew: 564K->62K(576K), 0.0013150 secs] 154543K->154114K(154688K), 0.0024140 secs]
9.539: [GC 9.540: [DefNew: 564K->62K(576K), 0.0013200 secs]9.541: [Train: 154126K->154126K(154240K), 0.0004500 secs] 154617K->154188K(154816K), 0.0028800 secs]
9.542: [GC 9.543: [DefNew: 564K->62K(576K), 0.0013070 secs]9.544: [Train: 154200K->154200K(154304K), 0.0004350 secs] 154691K->154518K(154880K), 0.0028540 secs]
9.545: [GC 9.546: [DefNew: 569K->45K(576K), 0.0012980 secs]9.547: [Train: 154254K->154254K(154368K), 0.0004410 secs] 154769K->154641K(154944K), 0.0028560 secs]
9.548: [GC 9.549: [DefNew: 556K->22K(576K), 0.0012900 secs]9.550: [Train: 154292K->154292K(154432K), 0.0004240 secs] 154811K->154699K(155008K), 0.0028270 secs]
9.551: [GC 9.552: [DefNew: 534K->52K(576K), 0.0012640 secs]9.553: [Train: 154292K->154292K(154432K), 0.0004510 secs] 154826K->154728K(155008K), 0.0028250 secs]
9.554: [GC 9.555: [DefNew: 560K->36K(576K), 0.0012750 secs]9.556: [Train: 154315K->154315K(154432K), 0.0004160 secs] 154852K->154735K(155008K), 0.0028020 secs]
9.557: [GC 9.558: [DefNew: 547K->45K(576K), 0.0012760 secs]9.559: [Train: 154334K->154334K(154432K), 0.0004160 secs] 154862K->154764K(155008K), 0.0028080 secs]
9.560: [GC 9.561: [DefNew: 553K->36K(576K), 0.0012780 secs]9.562: [Train: 154351K->154351K(154432K), 0.0004180 secs] 154888K->154771K(155008K), 0.0028060 secs]
9.563: [GC 9.564: [DefNew: 547K->45K(576K), 0.0012790 secs]9.565: [Train: 154372K->154372K(154496K), 0.0004200 secs] 154898K->154759K(155072K), 0.0028090 secs]
9.566: [GC 9.567: [DefNew: 556K->42K(576K), 0.0012770 secs]9.568: [Train: 154389K->154389K(154496K), 0.0004110 secs] 154929K->154687K(155072K), 0.0028050 secs]
9.569: [GC 9.570: [DefNew: 549K->58K(576K), 0.0012760 secs]9.571: [Train: 154408K->154408K(154496K), 0.0004340 secs] 154938K->154467K(155072K), 0.0028280 secs]
9.572: [GC 9.573: [DefNew: 561K->62K(576K), 0.0013160 secs]9.574: [Train: 154479K->154479K(154560K), 0.0004380 secs] 154970K->154541K(155136K), 0.0028670 secs]
9.575: [GC 9.576: [DefNew: 564K->62K(576K), 0.0013390 secs] 155043K->154617K(155200K), 0.0024410 secs]
9.578: [GC 9.579: [DefNew: 564K->62K(576K), 0.0013240 secs]9.581: [Train: 154628K->154628K(154752K), 0.0004260 secs] 155119K->154690K(155328K), 0.0028640 secs]
9.582: [GC 9.583: [DefNew: 564K->62K(576K), 0.0013200 secs]9.584: [Train: 154702K->154702K(154816K), 0.0004320 secs] 155193K->155020K(155392K), 0.0028730 secs]
9.585: [GC 9.586: [DefNew: 569K->36K(576K), 0.0013110 secs]9.587: [Train: 154766K->154766K(154880K), 0.0004180 secs] 155271K->155143K(155456K), 0.0028500 secs]
9.588: [GC 9.589: [DefNew: 546K->32K(576K), 0.0013070 secs]9.590: [Train: 154804K->154804K(154944K), 0.0004270 secs] 155313K->155221K(155520K), 0.0028480 secs]
9.591: [GC 9.592: [DefNew: 543K->19K(576K), 0.0012780 secs]9.593: [Train: 154827K->154827K(154944K), 0.0004120 secs] 155348K->155230K(155520K), 0.0028030 secs]
9.594: [GC 9.595: [DefNew: 530K->49K(576K), 0.0012690 secs]9.596: [Train: 154827K->154827K(154944K), 0.0004300 secs] 155358K->155260K(155520K), 0.0028190 secs]
9.597: [GC 9.598: [DefNew: 557K->36K(576K), 0.0012860 secs]9.599: [Train: 154846K->154846K(154944K), 0.0004200 secs] 155384K->155266K(155520K), 0.0028190 secs]
9.600: [GC 9.601: [DefNew: 547K->45K(576K), 0.0013030 secs]9.602: [Train: 154868K->154868K(155008K), 0.0004430 secs] 155394K->155298K(155584K), 0.0028600 secs]
9.603: [GC 9.604: [DefNew: 553K->36K(576K), 0.0012780 secs]9.605: [Train: 154884K->154884K(155008K), 0.0004270 secs] 155422K->155262K(155584K), 0.0028190 secs]
9.606: [GC 9.607: [DefNew: 546K->49K(576K), 0.0012830 secs]9.608: [Train: 154904K->154904K(155008K), 0.0004330 secs] 155431K->155209K(155584K), 0.0028370 secs]
9.609: [GC 9.610: [DefNew: 559K->49K(576K), 0.0013110 secs]9.611: [Train: 154945K->154945K(155072K), 0.0004280 secs] 155463K->154994K(155648K), 0.0028550 secs]
9.612: [GC 9.613: [DefNew: 551K->62K(576K), 0.0013330 secs]9.614: [Train: 155006K->155006K(155136K), 0.0004250 secs] 155496K->155068K(155712K), 0.0028760 secs]
9.615: [GC 9.616: [DefNew: 564K->62K(576K), 0.0013460 secs] 155570K->155142K(155712K), 0.0024860 secs]
9.618: [GC 9.619: [DefNew: 564K->62K(576K), 0.0013420 secs]9.621: [Train: 155153K->155153K(155264K), 0.0004500 secs] 155644K->155215K(155840K), 0.0030730 secs]
9.622: [GC 9.623: [DefNew: 564K->62K(576K), 0.0013290 secs]9.624: [Train: 155227K->155227K(155328K), 0.0004200 secs] 155718K->155545K(155904K), 0.0028760 secs]
9.625: [GC 9.626: [DefNew: 569K->45K(576K), 0.0013220 secs]9.627: [Train: 155281K->155281K(155392K), 0.0004310 secs] 155797K->155668K(155968K), 0.0028880 secs]
9.628: [GC 9.629: [DefNew: 556K->22K(576K), 0.0013080 secs]9.630: [Train: 155319K->155319K(155456K), 0.0004330 secs] 155838K->155726K(156032K), 0.0028570 secs]
9.631: [GC 9.632: [DefNew: 534K->52K(576K), 0.0012730 secs]9.633: [Train: 155319K->155319K(155456K), 0.0004350 secs] 155853K->155755K(156032K), 0.0028260 secs]
9.634: [GC 9.635: [DefNew: 560K->36K(576K), 0.0012870 secs]9.636: [Train: 155342K->155342K(155456K), 0.0004200 secs] 155879K->155762K(156032K), 0.0028240 secs]
9.637: [GC 9.638: [DefNew: 547K->45K(576K), 0.0012890 secs]9.639: [Train: 155362K->155362K(155456K), 0.0004450 secs] 155889K->155791K(156032K), 0.0028660 secs]
9.640: [GC 9.641: [DefNew: 553K->36K(576K), 0.0012920 secs]9.642: [Train: 155380K->155380K(155520K), 0.0004280 secs] 155915K->155800K(156096K), 0.0028390 secs]
9.643: [GC 9.644: [DefNew: 547K->45K(576K), 0.0012850 secs]9.645: [Train: 155400K->155400K(155520K), 0.0004350 secs] 155927K->155787K(156096K), 0.0028370 secs]
9.646: [GC 9.647: [DefNew: 556K->42K(576K), 0.0012880 secs]9.648: [Train: 155416K->155416K(155520K), 0.0004530 secs] 155956K->155714K(156096K), 0.0028590 secs]
9.649: [GC 9.650: [DefNew: 549K->58K(576K), 0.0012880 secs]9.651: [Train: 155436K->155436K(155520K), 0.0004280 secs] 155966K->155494K(156096K), 0.0028480 secs]
9.652: [GC 9.653: [DefNew: 561K->62K(576K), 0.0013460 secs]9.655: [Train: 155508K->155508K(155648K), 0.0004540 secs] 155997K->155570K(156224K), 0.0029210 secs]
9.655: [GC 9.657: [DefNew: 564K->62K(576K), 0.0013340 secs] 156072K->155644K(156224K), 0.0024450 secs]
9.658: [GC 9.659: [DefNew: 564K->62K(576K), 0.0013390 secs]9.661: [Train: 155656K->155656K(155776K), 0.0004300 secs] 156146K->155718K(156352K), 0.0028900 secs]
9.662: [GC 9.663: [DefNew: 564K->62K(576K), 0.0013280 secs]9.664: [Train: 155729K->155729K(155840K), 0.0004280 secs] 156220K->156048K(156416K), 0.0028790 secs]
9.665: [GC 9.666: [DefNew: 569K->36K(576K), 0.0013170 secs]9.667: [Train: 155793K->155793K(155904K), 0.0004650 secs] 156299K->156171K(156480K), 0.0029080 secs]
9.668: [GC 9.669: [DefNew: 546K->32K(576K), 0.0013060 secs]9.670: [Train: 155831K->155831K(155968K), 0.0004350 secs] 156340K->156248K(156544K), 0.0028640 secs]
9.671: [GC 9.672: [DefNew: 543K->19K(576K), 0.0012870 secs]9.673: [Train: 155854K->155854K(155968K), 0.0004430 secs] 156375K->156258K(156544K), 0.0028630 secs]
9.674: [GC 9.675: [DefNew: 530K->49K(576K), 0.0012820 secs]9.676: [Train: 155854K->155854K(155968K), 0.0004330 secs] 156385K->156287K(156544K), 0.0031050 secs]
9.677: [GC 9.678: [DefNew: 557K->36K(576K), 0.0013010 secs]9.680: [Train: 155874K->155874K(155968K), 0.0004440 secs] 156411K->156294K(156544K), 0.0031430 secs]
9.680: [GC 9.681: [DefNew: 547K->45K(576K), 0.0013020 secs]9.683: [Train: 155895K->155895K(156032K), 0.0004470 secs] 156421K->156325K(156608K), 0.0028740 secs]
9.683: [GC 9.684: [DefNew: 553K->36K(576K), 0.0013000 secs]9.686: [Train: 155912K->155912K(156032K), 0.0004280 secs] 156449K->156289K(156608K), 0.0028490 secs]
9.686: [GC 9.687: [DefNew: 546K->49K(576K), 0.0012890 secs]9.689: [Train: 155931K->155931K(156032K), 0.0004210 secs] 156458K->156236K(156608K), 0.0028330 secs]
9.689: [GC 9.691: [DefNew: 559K->49K(576K), 0.0013080 secs]9.692: [Train: 155972K->155972K(156096K), 0.0004320 secs] 156491K->156021K(156672K), 0.0028720 secs]
9.693: [GC 9.694: [DefNew: 551K->62K(576K), 0.0013270 secs]9.695: [Train: 156033K->156033K(156160K), 0.0004380 secs] 156524K->156095K(156736K), 0.0029000 secs]
9.696: [GC 9.697: [DefNew: 564K->62K(576K), 0.0013480 secs] 156598K->156169K(156736K), 0.0024590 secs]
9.699: [GC 9.700: [DefNew: 564K->62K(576K), 0.0013370 secs]9.701: [Train: 156181K->156181K(156288K), 0.0004370 secs] 156671K->156243K(156864K), 0.0028990 secs]
9.702: [GC 9.703: [DefNew: 564K->62K(576K), 0.0013320 secs]9.705: [Train: 156254K->156254K(156352K), 0.0004200 secs] 156745K->156573K(156928K), 0.0028790 secs]
9.705: [GC 9.707: [DefNew: 569K->45K(576K), 0.0013220 secs]9.708: [Train: 156309K->156309K(156416K), 0.0004230 secs] 156824K->156696K(156992K), 0.0028780 secs]
9.709: [GC 9.710: [DefNew: 556K->22K(576K), 0.0013170 secs]9.711: [Train: 156346K->156346K(156480K), 0.0004430 secs] 156865K->156753K(157056K), 0.0028860 secs]
9.712: [GC 9.713: [DefNew: 534K->52K(576K), 0.0012850 secs]9.714: [Train: 156346K->156346K(156480K), 0.0004230 secs] 156881K->156783K(157056K), 0.0028320 secs]
9.715: [GC 9.716: [DefNew: 560K->36K(576K), 0.0012930 secs]9.717: [Train: 156369K->156369K(156480K), 0.0004330 secs] 156907K->156789K(157056K), 0.0028490 secs]
9.717: [GC 9.719: [DefNew: 547K->45K(576K), 0.0012950 secs]9.720: [Train: 156389K->156389K(156480K), 0.0004210 secs] 156917K->156819K(157056K), 0.0028470 secs]
9.720: [GC 9.722: [DefNew: 553K->36K(576K), 0.0013070 secs]9.723: [Train: 156407K->156407K(156544K), 0.0004320 secs] 156943K->156827K(157120K), 0.0028720 secs]
9.723: [GC 9.725: [DefNew: 547K->45K(576K), 0.0012970 secs]9.726: [Train: 156427K->156427K(156544K), 0.0004210 secs] 156954K->156814K(157120K), 0.0028430 secs]
9.727: [GC 9.728: [DefNew: 556K->42K(576K), 0.0013050 secs]9.729: [Train: 156443K->156443K(156544K), 0.0004190 secs] 156984K->156742K(157120K), 0.0028510 secs]
9.730: [GC 9.731: [DefNew: 549K->58K(576K), 0.0012960 secs]9.732: [Train: 156463K->156463K(156544K), 0.0004150 secs] 156993K->156522K(157120K), 0.0028470 secs]
9.733: [GC 9.734: [DefNew: 561K->62K(576K), 0.0013460 secs]9.735: [Train: 156535K->156535K(156672K), 0.0004300 secs] 157024K->156597K(157248K), 0.0029210 secs]
9.736: [GC 9.737: [DefNew: 564K->62K(576K), 0.0013390 secs] 157100K->156671K(157248K), 0.0024540 secs]
9.739: [GC 9.740: [DefNew: 564K->62K(576K), 0.0013400 secs]9.742: [Train: 156683K->156683K(156800K), 0.0004260 secs] 157174K->156745K(157376K), 0.0028930 secs]
9.742: [GC 9.743: [DefNew: 564K->62K(576K), 0.0013330 secs]9.745: [Train: 156757K->156757K(156864K), 0.0004650 secs] 157247K->157075K(157440K), 0.0029280 secs]
9.746: [GC 9.747: [DefNew: 569K->36K(576K), 0.0013240 secs]9.748: [Train: 156821K->156821K(156928K), 0.0004400 secs] 157326K->157198K(157504K), 0.0029090 secs]
9.749: [GC 9.750: [DefNew: 546K->32K(576K), 0.0013080 secs]9.751: [Train: 156858K->156858K(156992K), 0.0004730 secs] 157368K->157275K(157568K), 0.0029160 secs]
9.752: [GC 9.753: [DefNew: 543K->19K(576K), 0.0013040 secs]9.754: [Train: 156881K->156881K(156992K), 0.0004440 secs] 157402K->157285K(157568K), 0.0028740 secs]
9.755: [GC 9.756: [DefNew: 530K->49K(576K), 0.0012830 secs]9.757: [Train: 156881K->156881K(156992K), 0.0004220 secs] 157412K->157314K(157568K), 0.0028310 secs]
9.758: [GC 9.759: [DefNew: 557K->36K(576K), 0.0012940 secs]9.760: [Train: 156901K->156901K(156992K), 0.0004300 secs] 157438K->157321K(157568K), 0.0028530 secs]
9.761: [GC 9.762: [DefNew: 547K->45K(576K), 0.0013010 secs]9.763: [Train: 156922K->156922K(157056K), 0.0004490 secs] 157448K->157352K(157632K), 0.0028850 secs]
9.764: [GC 9.765: [DefNew: 553K->36K(576K), 0.0012960 secs]9.766: [Train: 156939K->156939K(157056K), 0.0004480 secs] 157476K->157316K(157632K), 0.0028730 secs]
9.767: [GC 9.768: [DefNew: 546K->49K(576K), 0.0012950 secs]9.769: [Train: 156958K->156958K(157056K), 0.0004380 secs] 157486K->157263K(157632K), 0.0028630 secs]
9.770: [GC 9.771: [DefNew: 559K->49K(576K), 0.0013110 secs]9.772: [Train: 157000K->157000K(157120K), 0.0004340 secs] 157518K->157049K(157696K), 0.0028740 secs]
9.773: [GC 9.774: [DefNew: 551K->62K(576K), 0.0013230 secs]9.776: [Train: 157060K->157060K(157184K), 0.0004270 secs] 157551K->157122K(157760K), 0.0028880 secs]
9.777: [GC 9.778: [DefNew: 564K->62K(576K), 0.0013320 secs] 157625K->157196K(157760K), 0.0024510 secs]
9.779: [GC 9.780: [DefNew: 564K->62K(576K), 0.0013480 secs]9.782: [Train: 157208K->157208K(157312K), 0.0004300 secs] 157699K->157270K(157888K), 0.0029100 secs]
9.783: [GC 9.784: [DefNew: 564K->62K(576K), 0.0013280 secs]9.785: [Train: 157282K->157282K(157376K), 0.0004260 secs] 157772K->157600K(157952K), 0.0028870 secs]
9.786: [GC 9.787: [DefNew: 569K->45K(576K), 0.0013160 secs]9.788: [Train: 157336K->157336K(157440K), 0.0004230 secs] 157851K->157723K(158016K), 0.0028730 secs]
9.789: [GC 9.790: [DefNew: 556K->22K(576K), 0.0013080 secs]9.791: [Train: 157374K->157374K(157504K), 0.0004260 secs] 157893K->157781K(158080K), 0.0028700 secs]
9.792: [GC 9.793: [DefNew: 534K->52K(576K), 0.0013000 secs]9.794: [Train: 157374K->157374K(157504K), 0.0004090 secs] 157908K->157810K(158080K), 0.0028410 secs]
9.795: [GC 9.796: [DefNew: 560K->36K(576K), 0.0013000 secs]9.797: [Train: 157397K->157397K(157504K), 0.0004150 secs] 157934K->157817K(158080K), 0.0028460 secs]
9.798: [GC 9.799: [DefNew: 547K->45K(576K), 0.0012950 secs]9.800: [Train: 157416K->157416K(157504K), 0.0004180 secs] 157944K->157846K(158080K), 0.0028440 secs]
9.801: [GC 9.802: [DefNew: 553K->36K(576K), 0.0013000 secs]9.803: [Train: 157434K->157434K(157568K), 0.0004400 secs] 157970K->157854K(158144K), 0.0028820 secs]
9.804: [GC 9.805: [DefNew: 547K->45K(576K), 0.0013100 secs]9.806: [Train: 157454K->157454K(157568K), 0.0004180 secs] 157982K->157841K(158144K), 0.0028590 secs]
9.807: [GC 9.808: [DefNew: 556K->42K(576K), 0.0012960 secs]9.809: [Train: 157470K->157470K(157568K), 0.0004470 secs] 158011K->157769K(158144K), 0.0028760 secs]
9.810: [GC 9.811: [DefNew: 549K->58K(576K), 0.0013070 secs]9.812: [Train: 157492K->157492K(157632K), 0.0004170 secs] 158020K->157551K(158208K), 0.0028590 secs]
9.813: [GC 9.814: [DefNew: 561K->62K(576K), 0.0013310 secs]9.816: [Train: 157562K->157562K(157696K), 0.0004520 secs] 158053K->157625K(158272K), 0.0029230 secs]
9.817: [GC 9.818: [DefNew: 564K->62K(576K), 0.0013340 secs] 158127K->157698K(158272K), 0.0024700 secs]
9.820: [GC 9.821: [DefNew: 564K->62K(576K), 0.0013570 secs]9.822: [Train: 157710K->157710K(157824K), 0.0004300 secs] 158201K->157772K(158400K), 0.0029210 secs]
9.823: [GC 9.824: [DefNew: 564K->62K(576K), 0.0013320 secs]9.825: [Train: 157784K->157784K(157888K), 0.0004350 secs] 158275K->158102K(158464K), 0.0029020 secs]
9.826: [GC 9.827: [DefNew: 569K->36K(576K), 0.0013230 secs]9.828: [Train: 157848K->157848K(157952K), 0.0004570 secs] 158353K->158225K(158528K), 0.0029130 secs]
9.829: [GC 9.830: [DefNew: 546K->32K(576K), 0.0015340 secs]9.832: [Train: 157886K->157886K(158016K), 0.0004870 secs] 158395K->158302K(158592K), 0.0031730 secs]
9.832: [GC 9.833: [DefNew: 543K->19K(576K), 0.0013120 secs]9.835: [Train: 157909K->157909K(158016K), 0.0004320 secs] 158430K->158312K(158592K), 0.0028870 secs]
9.835: [GC 9.836: [DefNew: 530K->49K(576K), 0.0012960 secs]9.838: [Train: 157909K->157909K(158016K), 0.0004380 secs] 158439K->158342K(158592K), 0.0028690 secs]
9.838: [GC 9.840: [DefNew: 557K->36K(576K), 0.0013000 secs]9.841: [Train: 157928K->157928K(158016K), 0.0004280 secs] 158466K->158348K(158592K), 0.0028610 secs]
9.841: [GC 9.843: [DefNew: 547K->45K(576K), 0.0013080 secs]9.844: [Train: 157950K->157950K(158080K), 0.0004330 secs] 158475K->158379K(158656K), 0.0028920 secs]
9.844: [GC 9.846: [DefNew: 553K->36K(576K), 0.0013050 secs]9.847: [Train: 157966K->157966K(158080K), 0.0004220 secs] 158503K->158343K(158656K), 0.0028620 secs]
9.848: [GC 9.849: [DefNew: 546K->49K(576K), 0.0013080 secs]9.850: [Train: 157986K->157986K(158080K), 0.0004220 secs] 158513K->158291K(158656K), 0.0028650 secs]
9.851: [GC 9.852: [DefNew: 559K->49K(576K), 0.0013170 secs]9.853: [Train: 158027K->158027K(158144K), 0.0004240 secs] 158545K->158076K(158720K), 0.0028770 secs]
9.854: [GC 9.855: [DefNew: 551K->62K(576K), 0.0013300 secs]9.856: [Train: 158088K->158088K(158208K), 0.0004440 secs] 158578K->158150K(158784K), 0.0029140 secs]
9.857: [GC 9.858: [DefNew: 564K->62K(576K), 0.0013390 secs] 158652K->158223K(158784K), 0.0024710 secs]
9.860: [GC 9.861: [DefNew: 564K->62K(576K), 0.0013570 secs]9.863: [Train: 158235K->158235K(158336K), 0.0004290 secs] 158726K->158297K(158912K), 0.0029240 secs]
9.864: [GC 9.865: [DefNew: 564K->62K(576K), 0.0013500 secs]9.866: [Train: 158309K->158309K(158400K), 0.0004250 secs] 158800K->158627K(158976K), 0.0029150 secs]
9.867: [GC 9.868: [DefNew: 569K->45K(576K), 0.0013370 secs]9.869: [Train: 158363K->158363K(158464K), 0.0004440 secs] 158878K->158750K(159040K), 0.0029370 secs]
9.870: [GC 9.871: [DefNew: 556K->22K(576K), 0.0013170 secs]9.872: [Train: 158401K->158401K(158528K), 0.0004480 secs] 158920K->158808K(159104K), 0.0029030 secs]
9.873: [GC 9.874: [DefNew: 534K->52K(576K), 0.0012960 secs]9.875: [Train: 158401K->158401K(158528K), 0.0004320 secs] 158935K->158837K(159104K), 0.0028710 secs]
9.876: [GC 9.877: [DefNew: 560K->36K(576K), 0.0013190 secs]9.878: [Train: 158424K->158424K(158528K), 0.0004220 secs] 158961K->158844K(159104K), 0.0028790 secs]
9.879: [GC 9.880: [DefNew: 547K->45K(576K), 0.0013040 secs]9.881: [Train: 158444K->158444K(158528K), 0.0004460 secs] 158971K->158873K(159104K), 0.0028880 secs]
9.882: [GC 9.883: [DefNew: 553K->36K(576K), 0.0013060 secs]9.884: [Train: 158462K->158462K(158592K), 0.0004440 secs] 158997K->158882K(159168K), 0.0028890 secs]
9.885: [GC 9.886: [DefNew: 547K->45K(576K), 0.0013060 secs]9.887: [Train: 158481K->158481K(158592K), 0.0004260 secs] 159009K->158868K(159168K), 0.0028760 secs]
9.888: [GC 9.889: [DefNew: 556K->42K(576K), 0.0013170 secs]9.890: [Train: 158498K->158498K(158592K), 0.0004430 secs] 159038K->158796K(159168K), 0.0029010 secs]
9.891: [GC 9.892: [DefNew: 549K->58K(576K), 0.0013120 secs]9.893: [Train: 158519K->158519K(158656K), 0.0004370 secs] 159047K->158578K(159232K), 0.0028910 secs]
9.894: [GC 9.896: [DefNew: 561K->62K(576K), 0.0013410 secs]9.897: [Train: 158590K->158590K(158720K), 0.0004290 secs] 159080K->158652K(159296K), 0.0029140 secs]
9.898: [GC 9.899: [DefNew: 564K->62K(576K), 0.0013410 secs] 159154K->158726K(159296K), 0.0024720 secs]
9.901: [GC 9.902: [DefNew: 564K->62K(576K), 0.0013630 secs]9.903: [Train: 158737K->158737K(158848K), 0.0004310 secs] 159228K->158800K(159424K), 0.0029490 secs]
9.904: [GC 9.905: [DefNew: 564K->62K(576K), 0.0013440 secs]9.906: [Train: 158811K->158811K(158912K), 0.0004580 secs] 159302K->159129K(159488K), 0.0029460 secs]
9.907: [GC 9.908: [DefNew: 569K->36K(576K), 0.0013370 secs]9.910: [Train: 158875K->158875K(158976K), 0.0004440 secs] 159381K->159253K(159552K), 0.0029250 secs]
9.910: [GC 9.911: [DefNew: 546K->32K(576K), 0.0013200 secs]9.913: [Train: 158913K->158913K(159040K), 0.0004310 secs] 159422K->159330K(159616K), 0.0028950 secs]
9.913: [GC 9.914: [DefNew: 543K->19K(576K), 0.0013080 secs]9.916: [Train: 158936K->158936K(159040K), 0.0004270 secs] 159457K->159340K(159616K), 0.0028990 secs]
9.916: [GC 9.917: [DefNew: 530K->49K(576K), 0.0013050 secs]9.919: [Train: 158936K->158936K(159040K), 0.0004370 secs] 159467K->159369K(159616K), 0.0028880 secs]
9.919: [GC 9.921: [DefNew: 557K->36K(576K), 0.0013130 secs]9.922: [Train: 158956K->158956K(159040K), 0.0004170 secs] 159493K->159376K(159616K), 0.0028770 secs]
9.922: [GC 9.924: [DefNew: 547K->45K(576K), 0.0013150 secs]9.925: [Train: 158977K->158977K(159104K), 0.0004200 secs] 159503K->159407K(159680K), 0.0028800 secs]
9.925: [GC 9.927: [DefNew: 553K->36K(576K), 0.0013060 secs]9.928: [Train: 158993K->158993K(159104K), 0.0004140 secs] 159531K->159371K(159680K), 0.0028790 secs]
9.929: [GC 9.930: [DefNew: 546K->49K(576K), 0.0013140 secs]9.931: [Train: 159013K->159013K(159104K), 0.0004250 secs] 159540K->159318K(159680K), 0.0028840 secs]
9.932: [GC 9.933: [DefNew: 559K->49K(576K), 0.0013290 secs]9.934: [Train: 159054K->159054K(159168K), 0.0004430 secs] 159573K->159103K(159744K), 0.0029170 secs]
9.935: [GC 9.936: [DefNew: 551K->62K(576K), 0.0013370 secs]9.937: [Train: 159115K->159115K(159232K), 0.0004710 secs] 159606K->159177K(159808K), 0.0029550 secs]
9.938: [GC 9.939: [DefNew: 564K->62K(576K), 0.0013470 secs] 159679K->159251K(159808K), 0.0024800 secs]
9.941: [GC 9.942: [DefNew: 564K->62K(576K), 0.0013560 secs]9.944: [Train: 159262K->159262K(159360K), 0.0004370 secs] 159753K->159325K(159936K), 0.0029450 secs]
9.945: [GC 9.946: [DefNew: 564K->62K(576K), 0.0013430 secs]9.947: [Train: 159336K->159336K(159424K), 0.0004310 secs] 159827K->159654K(160000K), 0.0029280 secs]
9.948: [GC 9.949: [DefNew: 569K->45K(576K), 0.0013450 secs]9.950: [Train: 159390K->159390K(159488K), 0.0004500 secs] 159906K->159778K(160064K), 0.0029420 secs]
9.951: [GC 9.952: [DefNew: 556K->22K(576K), 0.0013220 secs]9.953: [Train: 159428K->159428K(159552K), 0.0004280 secs] 159947K->159835K(160128K), 0.0028970 secs]
9.954: [GC 9.955: [DefNew: 534K->52K(576K), 0.0013020 secs]9.956: [Train: 159428K->159428K(159552K), 0.0004550 secs] 159962K->159865K(160128K), 0.0029030 secs]
9.957: [GC 9.958: [DefNew: 560K->36K(576K), 0.0013130 secs]9.959: [Train: 159451K->159451K(159552K), 0.0004280 secs] 159989K->159871K(160128K), 0.0028950 secs]
9.960: [GC 9.961: [DefNew: 547K->45K(576K), 0.0013240 secs]9.962: [Train: 159471K->159471K(159552K), 0.0004450 secs] 159998K->159901K(160128K), 0.0029140 secs]
9.963: [GC 9.964: [DefNew: 553K->36K(576K), 0.0013150 secs]9.965: [Train: 159489K->159489K(159616K), 0.0004340 secs] 160025K->159909K(160192K), 0.0028960 secs]
9.966: [GC 9.967: [DefNew: 547K->45K(576K), 0.0013120 secs]9.969: [Train: 159509K->159509K(159616K), 0.0004250 secs] 160036K->159896K(160192K), 0.0028900 secs]
9.969: [GC 9.970: [DefNew: 556K->42K(576K), 0.0013110 secs]9.972: [Train: 159525K->159525K(159616K), 0.0004410 secs] 160065K->159824K(160192K), 0.0029010 secs]
9.972: [GC 9.973: [DefNew: 549K->58K(576K), 0.0013320 secs]9.975: [Train: 159546K->159546K(159680K), 0.0004380 secs] 160075K->159605K(160256K), 0.0029160 secs]
9.976: [GC 9.977: [DefNew: 561K->62K(576K), 0.0013510 secs]9.978: [Train: 159617K->159617K(159744K), 0.0004630 secs] 160108K->159679K(160320K), 0.0029610 secs]
9.979: [GC 9.980: [DefNew: 564K->62K(576K), 0.0013470 secs] 160182K->159753K(160320K), 0.0024820 secs]
9.982: [GC 9.983: [DefNew: 564K->62K(576K), 0.0013720 secs]9.984: [Train: 159765K->159765K(159872K), 0.0004320 secs] 160255K->159827K(160448K), 0.0029520 secs]
9.985: [GC 9.986: [DefNew: 564K->62K(576K), 0.0013480 secs]9.988: [Train: 159838K->159838K(159936K), 0.0004500 secs] 160329K->160157K(160512K), 0.0029610 secs]
9.989: [GC 9.990: [DefNew: 569K->36K(576K), 0.0013440 secs]9.991: [Train: 159902K->159902K(160000K), 0.0004290 secs] 160408K->160280K(160576K), 0.0029240 secs]
9.992: [GC 9.993: [DefNew: 546K->32K(576K), 0.0013300 secs]9.994: [Train: 159940K->159940K(160064K), 0.0004690 secs] 160449K->160357K(160640K), 0.0029470 secs]
9.995: [GC 9.996: [DefNew: 543K->19K(576K), 0.0013130 secs]9.997: [Train: 159963K->159963K(160064K), 0.0004190 secs] 160484K->160367K(160640K), 0.0028790 secs]
9.998: [GC 9.999: [DefNew: 530K->49K(576K), 0.0013050 secs]10.000: [Train: 159963K->159963K(160064K), 0.0004150 secs] 160494K->160396K(160640K), 0.0028680 secs]
10.001: [GC 10.002: [DefNew: 557K->36K(576K), 0.0013410 secs]10.003: [Train: 159983K->159983K(160064K), 0.0004390 secs] 160520K->160403K(160640K), 0.0029480 secs]
10.004: [GC 10.005: [DefNew: 547K->45K(576K), 0.0013290 secs]10.006: [Train: 160004K->160004K(160128K), 0.0004370 secs] 160530K->160434K(160704K), 0.0029180 secs]
10.007: [GC 10.008: [DefNew: 553K->36K(576K), 0.0013180 secs]10.009: [Train: 160021K->160021K(160128K), 0.0004420 secs] 160558K->160398K(160704K), 0.0029120 secs]
10.010: [GC 10.011: [DefNew: 546K->49K(576K), 0.0013180 secs]10.012: [Train: 160040K->160040K(160128K), 0.0004430 secs] 160568K->160345K(160704K), 0.0029120 secs]
10.013: [GC 10.014: [DefNew: 559K->49K(576K), 0.0013390 secs]10.016: [Train: 160081K->160081K(160192K), 0.0004350 secs] 160600K->160130K(160768K), 0.0029300 secs]
10.017: [GC 10.018: [DefNew: 551K->62K(576K), 0.0013680 secs]10.019: [Train: 160142K->160142K(160256K), 0.0004330 secs] 160633K->160204K(160832K), 0.0029540 secs]
10.020: [GC 10.021: [DefNew: 564K->62K(576K), 0.0013780 secs] 160707K->160278K(160832K), 0.0025190 secs]
10.023: [GC 10.024: [DefNew: 564K->62K(576K), 0.0013660 secs]10.025: [Train: 160290K->160290K(160384K), 0.0004460 secs] 160780K->160352K(160960K), 0.0029660 secs]
10.026: [GC 10.027: [DefNew: 564K->62K(576K), 0.0013610 secs]10.029: [Train: 160364K->160364K(160448K), 0.0004290 secs] 160854K->160682K(161024K), 0.0029460 secs]
10.029: [GC 10.030: [DefNew: 569K->45K(576K), 0.0013490 secs]10.032: [Train: 160418K->160418K(160512K), 0.0004310 secs] 160933K->160805K(161088K), 0.0029370 secs]
10.033: [GC 10.034: [DefNew: 556K->22K(576K), 0.0013870 secs]10.035: [Train: 160456K->160456K(160576K), 0.0004500 secs] 160974K->160862K(161152K), 0.0029890 secs]
10.036: [GC 10.037: [DefNew: 534K->52K(576K), 0.0013290 secs]10.038: [Train: 160456K->160456K(160576K), 0.0004360 secs] 160990K->160892K(161152K), 0.0029180 secs]
10.039: [GC 10.040: [DefNew: 560K->36K(576K), 0.0013240 secs]10.041: [Train: 160478K->160478K(160576K), 0.0004400 secs] 161016K->160898K(161152K), 0.0029170 secs]
10.042: [GC 10.043: [DefNew: 547K->45K(576K), 0.0013290 secs]10.044: [Train: 160500K->160500K(160640K), 0.0004360 secs] 161026K->160930K(161216K), 0.0029190 secs]
10.045: [GC 10.046: [DefNew: 553K->36K(576K), 0.0013170 secs]10.047: [Train: 160516K->160516K(160640K), 0.0004220 secs] 161054K->160936K(161216K), 0.0029080 secs]
10.048: [GC 10.049: [DefNew: 547K->45K(576K), 0.0013250 secs]10.050: [Train: 160536K->160536K(160640K), 0.0004300 secs] 161063K->160966K(161216K), 0.0029150 secs]
10.051: [GC 10.052: [DefNew: 553K->36K(576K), 0.0013160 secs]10.053: [Train: 160552K->160552K(160640K), 0.0004180 secs] 161090K->160930K(161216K), 0.0028880 secs]
10.054: [GC 10.055: [DefNew: 546K->49K(576K), 0.0013260 secs]10.056: [Train: 160574K->160574K(160704K), 0.0004390 secs] 161099K->160879K(161280K), 0.0029200 secs]
10.057: [GC 10.058: [DefNew: 559K->49K(576K), 0.0013320 secs]10.060: [Train: 160613K->160613K(160704K), 0.0004440 secs] 161133K->160662K(161280K), 0.0029420 secs]
10.061: [GC 10.062: [DefNew: 551K->62K(576K), 0.0013540 secs]10.063: [Train: 160674K->160674K(160768K), 0.0004230 secs] 161164K->160736K(161344K), 0.0029340 secs]
10.064: [GC 10.065: [DefNew: 564K->62K(576K), 0.0013620 secs] 161238K->160810K(161344K), 0.0025050 secs]
10.067: [GC 10.068: [DefNew: 564K->62K(576K), 0.0013770 secs]10.069: [Train: 160823K->160823K(160960K), 0.0004380 secs] 161312K->160885K(161536K), 0.0029730 secs]
10.070: [GC 10.071: [DefNew: 564K->62K(576K), 0.0013600 secs]10.073: [Train: 160897K->160897K(161024K), 0.0004290 secs] 161388K->161215K(161600K), 0.0029460 secs]
10.073: [GC 10.074: [DefNew: 569K->45K(576K), 0.0013440 secs]10.076: [Train: 160951K->160951K(161088K), 0.0004470 secs] 161466K->161338K(161664K), 0.0029660 secs]
10.077: [GC 10.078: [DefNew: 556K->22K(576K), 0.0013340 secs]10.079: [Train: 160987K->160987K(161088K), 0.0004240 secs] 161508K->161394K(161664K), 0.0029160 secs]
10.080: [GC 10.081: [DefNew: 534K->52K(576K), 0.0013250 secs]10.082: [Train: 160987K->160987K(161088K), 0.0004250 secs] 161521K->161423K(161664K), 0.0029070 secs]
10.083: [GC 10.084: [DefNew: 560K->36K(576K), 0.0013290 secs]10.085: [Train: 161012K->161012K(161152K), 0.0004210 secs] 161547K->161432K(161728K), 0.0029080 secs]
10.086: [GC 10.087: [DefNew: 547K->45K(576K), 0.0013240 secs]10.088: [Train: 161032K->161032K(161152K), 0.0004390 secs] 161559K->161461K(161728K), 0.0029220 secs]
10.089: [GC 10.090: [DefNew: 553K->36K(576K), 0.0013200 secs]10.091: [Train: 161048K->161048K(161152K), 0.0004290 secs] 161585K->161468K(161728K), 0.0029120 secs]
10.092: [GC 10.093: [DefNew: 547K->45K(576K), 0.0013350 secs]10.094: [Train: 161068K->161068K(161152K), 0.0004300 secs] 161595K->161455K(161728K), 0.0029230 secs]
10.095: [GC 10.096: [DefNew: 556K->42K(576K), 0.0013360 secs]10.097: [Train: 161086K->161086K(161216K), 0.0004630 secs] 161624K->161384K(161792K), 0.0029600 secs]
10.098: [GC 10.099: [DefNew: 549K->58K(576K), 0.0013300 secs]10.101: [Train: 161105K->161105K(161216K), 0.0004330 secs] 161635K->161164K(161792K), 0.0029300 secs]
10.101: [GC 10.103: [DefNew: 561K->62K(576K), 0.0013570 secs]10.104: [Train: 161176K->161176K(161280K), 0.0004450 secs] 161667K->161238K(161856K), 0.0029700 secs]
10.105: [GC 10.106: [DefNew: 564K->62K(576K), 0.0013630 secs] 161740K->161312K(161856K), 0.0025300 secs]
10.108: [GC 10.109: [DefNew: 564K->62K(576K), 0.0013800 secs]10.110: [Train: 161324K->161324K(161408K), 0.0004560 secs] 161814K->161386K(161984K), 0.0029960 secs]
10.111: [GC 10.112: [DefNew: 564K->62K(576K), 0.0013720 secs]10.114: [Train: 161399K->161399K(161536K), 0.0004600 secs] 161888K->161717K(162112K), 0.0029960 secs]
10.114: [GC 10.116: [DefNew: 569K->36K(576K), 0.0013490 secs]10.117: [Train: 161463K->161463K(161600K), 0.0004370 secs] 161969K->161840K(162176K), 0.0029480 secs]
10.118: [GC 10.119: [DefNew: 546K->32K(576K), 0.0013410 secs]10.120: [Train: 161499K->161499K(161600K), 0.0004570 secs] 162010K->161916K(162176K), 0.0029810 secs]
10.121: [GC 10.122: [DefNew: 543K->19K(576K), 0.0013310 secs]10.123: [Train: 161524K->161524K(161664K), 0.0004320 secs] 162043K->161928K(162240K), 0.0029320 secs]
10.124: [GC 10.125: [DefNew: 530K->49K(576K), 0.0013220 secs]10.126: [Train: 161524K->161524K(161664K), 0.0004210 secs] 162055K->161957K(162240K), 0.0029050 secs]
10.127: [GC 10.128: [DefNew: 557K->36K(576K), 0.0013260 secs]10.129: [Train: 161544K->161544K(161664K), 0.0004360 secs] 162081K->161964K(162240K), 0.0029230 secs]
10.130: [GC 10.131: [DefNew: 547K->45K(576K), 0.0013280 secs]10.132: [Train: 161563K->161563K(161664K), 0.0004290 secs] 162091K->161993K(162240K), 0.0029260 secs]
10.133: [GC 10.134: [DefNew: 553K->36K(576K), 0.0013250 secs]10.135: [Train: 161580K->161580K(161664K), 0.0004110 secs] 162117K->161957K(162240K), 0.0029040 secs]
10.136: [GC 10.137: [DefNew: 546K->49K(576K), 0.0013380 secs]10.138: [Train: 161601K->161601K(161728K), 0.0004190 secs] 162127K->161906K(162304K), 0.0029190 secs]
10.139: [GC 10.140: [DefNew: 559K->49K(576K), 0.0013370 secs]10.142: [Train: 161640K->161640K(161728K), 0.0004400 secs] 162161K->161689K(162304K), 0.0029390 secs]
10.143: [GC 10.144: [DefNew: 551K->62K(576K), 0.0013570 secs]10.145: [Train: 161701K->161701K(161792K), 0.0004310 secs] 162192K->161763K(162368K), 0.0029510 secs]
10.146: [GC 10.147: [DefNew: 564K->62K(576K), 0.0013660 secs] 162266K->161837K(162368K), 0.0025160 secs]
10.149: [GC 10.150: [DefNew: 564K->62K(576K), 0.0013880 secs]10.151: [Train: 161850K->161850K(161984K), 0.0004670 secs] 162339K->161913K(162560K), 0.0030220 secs]
10.152: [GC 10.153: [DefNew: 564K->62K(576K), 0.0013770 secs]10.155: [Train: 161924K->161924K(162048K), 0.0004280 secs] 162415K->162242K(162624K), 0.0029720 secs]
10.156: [GC 10.157: [DefNew: 569K->45K(576K), 0.0013560 secs]10.158: [Train: 161978K->161978K(162112K), 0.0004570 secs] 162494K->162366K(162688K), 0.0029770 secs]
10.159: [GC 10.160: [DefNew: 556K->22K(576K), 0.0013340 secs]10.161: [Train: 162014K->162014K(162112K), 0.0004380 secs] 162535K->162421K(162688K), 0.0029420 secs]
10.162: [GC 10.163: [DefNew: 534K->52K(576K), 0.0013220 secs]10.164: [Train: 162014K->162014K(162112K), 0.0004120 secs] 162549K->162451K(162688K), 0.0028990 secs]
10.165: [GC 10.166: [DefNew: 560K->36K(576K), 0.0013370 secs]10.167: [Train: 162039K->162039K(162176K), 0.0004420 secs] 162575K->162459K(162752K), 0.0029570 secs]
10.168: [GC 10.169: [DefNew: 547K->45K(576K), 0.0013370 secs]10.170: [Train: 162059K->162059K(162176K), 0.0004300 secs] 162586K->162489K(162752K), 0.0029300 secs]
10.171: [GC 10.172: [DefNew: 553K->36K(576K), 0.0013280 secs]10.173: [Train: 162075K->162075K(162176K), 0.0004270 secs] 162613K->162495K(162752K), 0.0029180 secs]
10.174: [GC 10.175: [DefNew: 547K->45K(576K), 0.0013310 secs]10.176: [Train: 162095K->162095K(162176K), 0.0004360 secs] 162622K->162482K(162752K), 0.0029370 secs]
10.177: [GC 10.178: [DefNew: 556K->42K(576K), 0.0013350 secs]10.180: [Train: 162113K->162113K(162240K), 0.0004360 secs] 162652K->162412K(162816K), 0.0029460 secs]
10.180: [GC 10.181: [DefNew: 549K->58K(576K), 0.0013380 secs]10.183: [Train: 162133K->162133K(162240K), 0.0004250 secs] 162663K->162192K(162816K), 0.0029270 secs]
10.184: [GC 10.185: [DefNew: 561K->62K(576K), 0.0013680 secs]10.186: [Train: 162203K->162203K(162304K), 0.0004490 secs] 162694K->162265K(162880K), 0.0029830 secs]
10.187: [GC 10.188: [DefNew: 564K->62K(576K), 0.0013670 secs] 162768K->162339K(162880K), 0.0025220 secs]
10.190: [GC 10.191: [DefNew: 564K->62K(576K), 0.0013780 secs]10.193: [Train: 162351K->162351K(162432K), 0.0004410 secs] 162842K->162413K(163008K), 0.0029870 secs]
10.193: [GC 10.195: [DefNew: 564K->62K(576K), 0.0013760 secs]10.196: [Train: 162426K->162426K(162560K), 0.0004330 secs] 162915K->162745K(163136K), 0.0030100 secs]
10.197: [GC 10.198: [DefNew: 569K->36K(576K), 0.0013580 secs]10.199: [Train: 162490K->162490K(162624K), 0.0004360 secs] 162996K->162868K(163200K), 0.0029700 secs]
10.200: [GC 10.201: [DefNew: 546K->32K(576K), 0.0013530 secs]10.202: [Train: 162526K->162526K(162624K), 0.0004200 secs] 163037K->162943K(163200K), 0.0029390 secs]
10.203: [GC 10.204: [DefNew: 543K->19K(576K), 0.0013370 secs]10.205: [Train: 162551K->162551K(162688K), 0.0004290 secs] 163070K->162955K(163264K), 0.0029320 secs]
10.206: [GC 10.207: [DefNew: 530K->49K(576K), 0.0013230 secs]10.208: [Train: 162551K->162551K(162688K), 0.0004270 secs] 163082K->162984K(163264K), 0.0029160 secs]
10.209: [GC 10.210: [DefNew: 557K->36K(576K), 0.0013340 secs]10.211: [Train: 162571K->162571K(162688K), 0.0004190 secs] 163108K->162991K(163264K), 0.0029270 secs]
10.212: [GC 10.213: [DefNew: 547K->45K(576K), 0.0013700 secs]10.215: [Train: 162590K->162590K(162688K), 0.0004490 secs] 163118K->163020K(163264K), 0.0029900 secs]
10.215: [GC 10.216: [DefNew: 553K->36K(576K), 0.0013310 secs]10.218: [Train: 162607K->162607K(162688K), 0.0004190 secs] 163144K->162984K(163264K), 0.0029240 secs]
10.218: [GC 10.219: [DefNew: 546K->49K(576K), 0.0013380 secs]10.221: [Train: 162628K->162628K(162752K), 0.0004300 secs] 163154K->162933K(163328K), 0.0029370 secs]
10.222: [GC 10.223: [DefNew: 559K->49K(576K), 0.0013470 secs]10.224: [Train: 162668K->162668K(162752K), 0.0004260 secs] 163188K->162717K(163328K), 0.0029520 secs]
10.225: [GC 10.226: [DefNew: 551K->62K(576K), 0.0013640 secs]10.227: [Train: 162728K->162728K(162816K), 0.0004380 secs] 163219K->162790K(163392K), 0.0029890 secs]
10.228: [GC 10.229: [DefNew: 564K->62K(576K), 0.0013870 secs] 163293K->162866K(163456K), 0.0025440 secs]
10.231: [GC 10.232: [DefNew: 564K->62K(576K), 0.0013880 secs]10.234: [Train: 162878K->162878K(163008K), 0.0004400 secs] 163368K->162940K(163584K), 0.0030000 secs]
10.235: [GC 10.236: [DefNew: 564K->62K(576K), 0.0013780 secs]10.237: [Train: 162952K->162952K(163072K), 0.0004530 secs] 163442K->163270K(163648K), 0.0030180 secs]
10.238: [GC 10.239: [DefNew: 569K->45K(576K), 0.0013670 secs]10.240: [Train: 163006K->163006K(163136K), 0.0004390 secs] 163521K->163393K(163712K), 0.0029800 secs]
10.241: [GC 10.242: [DefNew: 556K->22K(576K), 0.0013520 secs]10.244: [Train: 163042K->163042K(163136K), 0.0004690 secs] 163562K->163449K(163712K), 0.0029980 secs]
10.244: [GC 10.245: [DefNew: 534K->52K(576K), 0.0013330 secs]10.247: [Train: 163042K->163042K(163136K), 0.0004330 secs] 163576K->163478K(163712K), 0.0029380 secs]
10.247: [GC 10.248: [DefNew: 560K->36K(576K), 0.0013610 secs]10.250: [Train: 163066K->163066K(163200K), 0.0004530 secs] 163602K->163486K(163776K), 0.0029880 secs]
10.250: [GC 10.252: [DefNew: 547K->45K(576K), 0.0013410 secs]10.253: [Train: 163086K->163086K(163200K), 0.0004280 secs] 163614K->163516K(163776K), 0.0029400 secs]
10.254: [GC 10.255: [DefNew: 553K->36K(576K), 0.0013360 secs]10.256: [Train: 163102K->163102K(163200K), 0.0004230 secs] 163640K->163522K(163776K), 0.0029360 secs]
10.257: [GC 10.258: [DefNew: 547K->45K(576K), 0.0013450 secs]10.259: [Train: 163124K->163124K(163264K), 0.0004330 secs] 163650K->163511K(163840K), 0.0029570 secs]
10.260: [GC 10.261: [DefNew: 556K->42K(576K), 0.0013510 secs]10.262: [Train: 163140K->163140K(163264K), 0.0004280 secs] 163681K->163439K(163840K), 0.0029530 secs]
10.263: [GC 10.264: [DefNew: 549K->58K(576K), 0.0013450 secs]10.265: [Train: 163160K->163160K(163264K), 0.0004450 secs] 163690K->163219K(163840K), 0.0029630 secs]
10.266: [GC 10.267: [DefNew: 561K->62K(576K), 0.0013830 secs]10.269: [Train: 163230K->163230K(163328K), 0.0004390 secs] 163721K->163293K(163904K), 0.0029990 secs]
10.270: [GC 10.271: [DefNew: 564K->62K(576K), 0.0013820 secs] 163795K->163366K(163904K), 0.0025460 secs]
10.273: [GC 10.274: [DefNew: 564K->62K(576K), 0.0175410 secs]10.291: [Train: 163380K->163380K(163520K), 0.0005230 secs] 163869K->163442K(164096K), 0.0192830 secs]
10.293: [GC 10.294: [DefNew: 564K->62K(576K), 0.0014110 secs]10.295: [Train: 163454K->163454K(163584K), 0.0004490 secs] 163944K->163772K(164160K), 0.0030600 secs]
10.296: [GC 10.297: [DefNew: 569K->36K(576K), 0.0013960 secs]10.298: [Train: 163518K->163518K(163648K), 0.0004440 secs] 164023K->163895K(164224K), 0.0030200 secs]
10.299: [GC 10.300: [DefNew: 546K->32K(576K), 0.0013520 secs]10.301: [Train: 163554K->163554K(163648K), 0.0004240 secs] 164065K->163970K(164224K), 0.0029530 secs]
10.302: [GC 10.303: [DefNew: 543K->19K(576K), 0.0013480 secs]10.305: [Train: 163578K->163578K(163712K), 0.0004290 secs] 164098K->163982K(164288K), 0.0029550 secs]
10.305: [GC 10.306: [DefNew: 530K->49K(576K), 0.0013320 secs]10.308: [Train: 163578K->163578K(163712K), 0.0004600 secs] 164109K->164011K(164288K), 0.0029740 secs]
10.308: [GC 10.309: [DefNew: 557K->36K(576K), 0.0013570 secs]10.311: [Train: 163598K->163598K(163712K), 0.0004280 secs] 164135K->164018K(164288K), 0.0029620 secs]
10.311: [GC 10.312: [DefNew: 547K->45K(576K), 0.0013500 secs]10.314: [Train: 163618K->163618K(163712K), 0.0004270 secs] 164145K->164047K(164288K), 0.0029540 secs]
10.314: [GC 10.316: [DefNew: 553K->36K(576K), 0.0013450 secs]10.317: [Train: 163636K->163636K(163776K), 0.0004240 secs] 164171K->164013K(164352K), 0.0029470 secs]
10.318: [GC 10.319: [DefNew: 546K->49K(576K), 0.0013450 secs]10.320: [Train: 163656K->163656K(163776K), 0.0004260 secs] 164183K->163961K(164352K), 0.0029560 secs]
10.321: [GC 10.322: [DefNew: 559K->49K(576K), 0.0013670 secs]10.323: [Train: 163695K->163695K(163776K), 0.0004350 secs] 164215K->163744K(164352K), 0.0029940 secs]
10.324: [GC 10.325: [DefNew: 551K->62K(576K), 0.0013830 secs]10.327: [Train: 163756K->163756K(163840K), 0.0004660 secs] 164246K->163818K(164416K), 0.0030320 secs]
10.328: [GC 10.329: [DefNew: 564K->62K(576K), 0.0014090 secs] 164320K->163893K(164480K), 0.0025760 secs]
10.331: [GC 10.332: [DefNew: 564K->62K(576K), 0.0014480 secs]10.333: [Train: 163905K->163905K(164032K), 0.0004880 secs] 164396K->163967K(164608K), 0.0031670 secs]
10.334: [GC 10.335: [DefNew: 564K->62K(576K), 0.0013900 secs]10.337: [Train: 163979K->163979K(164096K), 0.0004680 secs] 164470K->164297K(164672K), 0.0030430 secs]
10.338: [GC 10.339: [DefNew: 569K->45K(576K), 0.0013720 secs]10.340: [Train: 164033K->164033K(164160K), 0.0004490 secs] 164548K->164420K(164736K), 0.0030090 secs]
10.341: [GC 10.342: [DefNew: 556K->22K(576K), 0.0013530 secs]10.343: [Train: 164069K->164069K(164160K), 0.0004250 secs] 164590K->164476K(164736K), 0.0029640 secs]
10.344: [GC 10.345: [DefNew: 534K->52K(576K), 0.0013480 secs]10.346: [Train: 164069K->164069K(164160K), 0.0004420 secs] 164603K->164505K(164736K), 0.0029690 secs]
10.347: [GC 10.348: [DefNew: 560K->36K(576K), 0.0013510 secs]10.349: [Train: 164094K->164094K(164224K), 0.0004470 secs] 164629K->164514K(164800K), 0.0029790 secs]
10.350: [GC 10.351: [DefNew: 547K->45K(576K), 0.0013470 secs]10.353: [Train: 164113K->164113K(164224K), 0.0004360 secs] 164641K->164543K(164800K), 0.0029640 secs]
10.353: [GC 10.354: [DefNew: 553K->36K(576K), 0.0013410 secs]10.356: [Train: 164130K->164130K(164224K), 0.0004360 secs] 164667K->164550K(164800K), 0.0029620 secs]
10.356: [GC 10.357: [DefNew: 547K->45K(576K), 0.0013620 secs]10.359: [Train: 164151K->164151K(164288K), 0.0004350 secs] 164677K->164538K(164864K), 0.0029780 secs]
10.359: [GC 10.361: [DefNew: 556K->42K(576K), 0.0013490 secs]10.362: [Train: 164168K->164168K(164288K), 0.0004350 secs] 164708K->164466K(164864K), 0.0029650 secs]
10.363: [GC 10.364: [DefNew: 549K->58K(576K), 0.0013490 secs]10.365: [Train: 164187K->164187K(164288K), 0.0004210 secs] 164717K->164246K(164864K), 0.0029500 secs]
10.366: [GC 10.367: [DefNew: 561K->62K(576K), 0.0013800 secs]10.369: [Train: 164258K->164258K(164352K), 0.0004390 secs] 164748K->164320K(164928K), 0.0030010 secs]
10.370: [GC 10.371: [DefNew: 564K->62K(576K), 0.0013820 secs] 164822K->164394K(164928K), 0.0025630 secs]
10.373: [GC 10.374: [DefNew: 564K->62K(576K), 0.0014100 secs]10.375: [Train: 164407K->164407K(164544K), 0.0004330 secs] 164896K->164469K(165120K), 0.0030240 secs]
10.376: [GC 10.377: [DefNew: 564K->62K(576K), 0.0014070 secs]10.378: [Train: 164481K->164481K(164608K), 0.0004320 secs] 164972K->164799K(165184K), 0.0030210 secs]
10.379: [GC 10.380: [DefNew: 569K->36K(576K), 0.0013830 secs]10.382: [Train: 164545K->164545K(164672K), 0.0004510 secs] 165050K->164922K(165248K), 0.0030180 secs]
10.382: [GC 10.383: [DefNew: 546K->32K(576K), 0.0013540 secs]10.385: [Train: 164581K->164581K(164672K), 0.0004280 secs] 165092K->164998K(165248K), 0.0029640 secs]
10.386: [GC 10.387: [DefNew: 543K->19K(576K), 0.0013520 secs]10.388: [Train: 164606K->164606K(164736K), 0.0004300 secs] 165125K->165009K(165312K), 0.0029700 secs]
10.389: [GC 10.390: [DefNew: 530K->49K(576K), 0.0013390 secs]10.391: [Train: 164606K->164606K(164736K), 0.0004220 secs] 165137K->165039K(165312K), 0.0029500 secs]
10.392: [GC 10.393: [DefNew: 557K->36K(576K), 0.0013610 secs]10.394: [Train: 164625K->164625K(164736K), 0.0004190 secs] 165163K->165045K(165312K), 0.0029700 secs]
10.395: [GC 10.396: [DefNew: 547K->45K(576K), 0.0013490 secs]10.397: [Train: 164645K->164645K(164736K), 0.0004620 secs] 165173K->165075K(165312K), 0.0029930 secs]
10.398: [GC 10.399: [DefNew: 553K->36K(576K), 0.0013650 secs]10.400: [Train: 164663K->164663K(164800K), 0.0004470 secs] 165199K->165040K(165376K), 0.0030040 secs]
10.401: [GC 10.402: [DefNew: 546K->49K(576K), 0.0013510 secs]10.404: [Train: 164683K->164683K(164800K), 0.0004260 secs] 165210K->164988K(165376K), 0.0029690 secs]
10.404: [GC 10.405: [DefNew: 559K->49K(576K), 0.0013820 secs]10.407: [Train: 164724K->164724K(164864K), 0.0004340 secs] 165242K->164773K(165440K), 0.0029990 secs]
10.408: [GC 10.409: [DefNew: 551K->62K(576K), 0.0013830 secs]10.410: [Train: 164783K->164783K(164864K), 0.0004430 secs] 165275K->164845K(165440K), 0.0030160 secs]
10.411: [GC 10.412: [DefNew: 564K->62K(576K), 0.0014000 secs] 165347K->164921K(165504K), 0.0025730 secs]
10.414: [GC 10.415: [DefNew: 564K->62K(576K), 0.0014020 secs]10.417: [Train: 164932K->164932K(165056K), 0.0004490 secs] 165423K->164994K(165632K), 0.0030360 secs]
10.418: [GC 10.419: [DefNew: 564K->62K(576K), 0.0013880 secs]10.420: [Train: 165006K->165006K(165120K), 0.0004440 secs] 165497K->165324K(165696K), 0.0030220 secs]
10.421: [GC 10.422: [DefNew: 569K->45K(576K), 0.0013920 secs]10.423: [Train: 165060K->165060K(165184K), 0.0004500 secs] 165575K->165447K(165760K), 0.0030380 secs]
10.424: [GC 10.425: [DefNew: 556K->22K(576K), 0.0013630 secs]10.427: [Train: 165096K->165096K(165184K), 0.0004260 secs] 165617K->165503K(165760K), 0.0029760 secs]
10.427: [GC 10.428: [DefNew: 534K->52K(576K), 0.0013570 secs]10.430: [Train: 165096K->165096K(165184K), 0.0004610 secs] 165630K->165533K(165760K), 0.0030040 secs]
10.430: [GC 10.432: [DefNew: 560K->36K(576K), 0.0013610 secs]10.433: [Train: 165121K->165121K(165248K), 0.0004350 secs] 165657K->165541K(165824K), 0.0029820 secs]
10.434: [GC 10.435: [DefNew: 547K->45K(576K), 0.0013540 secs]10.436: [Train: 165141K->165141K(165248K), 0.0004200 secs] 165668K->165570K(165824K), 0.0029650 secs]
10.437: [GC 10.438: [DefNew: 553K->36K(576K), 0.0013500 secs]10.439: [Train: 165157K->165157K(165248K), 0.0004210 secs] 165694K->165577K(165824K), 0.0029610 secs]
10.440: [GC 10.441: [DefNew: 547K->45K(576K), 0.0013700 secs]10.442: [Train: 165178K->165178K(165312K), 0.0004380 secs] 165704K->165566K(165888K), 0.0029930 secs]
10.443: [GC 10.444: [DefNew: 556K->42K(576K), 0.0013510 secs]10.445: [Train: 165195K->165195K(165312K), 0.0004180 secs] 165735K->165493K(165888K), 0.0029560 secs]
10.446: [GC 10.447: [DefNew: 549K->58K(576K), 0.0013550 secs]10.449: [Train: 165214K->165214K(165312K), 0.0004500 secs] 165745K->165273K(165888K), 0.0029910 secs]
10.450: [GC 10.451: [DefNew: 561K->62K(576K), 0.0013880 secs]10.452: [Train: 165285K->165285K(165376K), 0.0004420 secs] 165776K->165347K(165952K), 0.0030280 secs]
10.453: [GC 10.454: [DefNew: 564K->62K(576K), 0.0013900 secs] 165850K->165421K(165952K), 0.0025810 secs]
10.456: [GC 10.457: [DefNew: 564K->62K(576K), 0.0014140 secs]10.459: [Train: 165434K->165434K(165568K), 0.0004470 secs] 165923K->165497K(166144K), 0.0030510 secs]
10.459: [GC 10.461: [DefNew: 564K->62K(576K), 0.0013940 secs]10.462: [Train: 165508K->165508K(165632K), 0.0004660 secs] 165999K->165826K(166208K), 0.0030530 secs]
10.463: [GC 10.464: [DefNew: 569K->36K(576K), 0.0013800 secs]10.465: [Train: 165572K->165572K(165696K), 0.0004470 secs] 166078K->165950K(166272K), 0.0030160 secs]
10.466: [GC 10.467: [DefNew: 546K->32K(576K), 0.0013620 secs]10.468: [Train: 165608K->165608K(165696K), 0.0004320 secs] 166119K->166025K(166272K), 0.0029830 secs]
10.469: [GC 10.470: [DefNew: 543K->19K(576K), 0.0013610 secs]10.472: [Train: 165633K->165633K(165760K), 0.0004400 secs] 166152K->166037K(166336K), 0.0029960 secs]
10.472: [GC 10.473: [DefNew: 530K->49K(576K), 0.0013510 secs]10.475: [Train: 165633K->165633K(165760K), 0.0004390 secs] 166164K->166066K(166336K), 0.0029770 secs]
10.475: [GC 10.476: [DefNew: 557K->36K(576K), 0.0013650 secs]10.478: [Train: 165653K->165653K(165760K), 0.0004580 secs] 166190K->166073K(166336K), 0.0030200 secs]
10.478: [GC 10.480: [DefNew: 547K->45K(576K), 0.0013560 secs]10.481: [Train: 165672K->165672K(165760K), 0.0004430 secs] 166200K->166102K(166336K), 0.0029880 secs]
10.482: [GC 10.483: [DefNew: 553K->36K(576K), 0.0013580 secs]10.484: [Train: 165690K->165690K(165824K), 0.0004280 secs] 166226K->166068K(166400K), 0.0029800 secs]
10.485: [GC 10.486: [DefNew: 546K->49K(576K), 0.0013560 secs]10.487: [Train: 165710K->165710K(165824K), 0.0004240 secs] 166237K->166015K(166400K), 0.0029760 secs]
10.488: [GC 10.489: [DefNew: 559K->49K(576K), 0.0013840 secs]10.490: [Train: 165751K->165751K(165888K), 0.0004490 secs] 166270K->165800K(166464K), 0.0030230 secs]
10.491: [GC 10.493: [DefNew: 551K->62K(576K), 0.0013890 secs]10.494: [Train: 165812K->165812K(165952K), 0.0004560 secs] 166303K->165874K(166528K), 0.0030400 secs]
10.495: [GC 10.496: [DefNew: 564K->62K(576K), 0.0013940 secs] 166376K->165948K(166528K), 0.0025730 secs]
10.498: [GC 10.499: [DefNew: 564K->62K(576K), 0.0014390 secs]10.500: [Train: 165960K->165960K(166080K), 0.0004460 secs] 166450K->166022K(166656K), 0.0030910 secs]
10.501: [GC 10.503: [DefNew: 564K->62K(576K), 0.0014020 secs]10.504: [Train: 166033K->166033K(166144K), 0.0004390 secs] 166524K->166351K(166720K), 0.0030580 secs]
10.505: [GC 10.506: [DefNew: 569K->45K(576K), 0.0013980 secs]10.507: [Train: 166088K->166088K(166208K), 0.0004480 secs] 166603K->166475K(166784K), 0.0030500 secs]
10.508: [GC 10.509: [DefNew: 556K->22K(576K), 0.0013710 secs]10.510: [Train: 166124K->166124K(166208K), 0.0004260 secs] 166644K->166530K(166784K), 0.0029920 secs]
10.511: [GC 10.512: [DefNew: 534K->52K(576K), 0.0013500 secs]10.514: [Train: 166124K->166124K(166208K), 0.0004340 secs] 166658K->166560K(166784K), 0.0029770 secs]
10.514: [GC 10.515: [DefNew: 560K->36K(576K), 0.0013660 secs]10.517: [Train: 166148K->166148K(166272K), 0.0004230 secs] 166684K->166568K(166848K), 0.0029830 secs]
10.517: [GC 10.518: [DefNew: 547K->45K(576K), 0.0013610 secs]10.520: [Train: 166168K->166168K(166272K), 0.0004440 secs] 166695K->166598K(166848K), 0.0030050 secs]
10.520: [GC 10.522: [DefNew: 553K->36K(576K), 0.0013630 secs]10.523: [Train: 166184K->166184K(166272K), 0.0004540 secs] 166722K->166604K(166848K), 0.0030110 secs]
10.524: [GC 10.525: [DefNew: 547K->45K(576K), 0.0013800 secs]10.526: [Train: 166206K->166206K(166336K), 0.0004360 secs] 166731K->166593K(166912K), 0.0030120 secs]
10.527: [GC 10.528: [DefNew: 556K->42K(576K), 0.0013610 secs]10.529: [Train: 166222K->166222K(166336K), 0.0004380 secs] 166762K->166521K(166912K), 0.0029930 secs]
10.530: [GC 10.531: [DefNew: 549K->58K(576K), 0.0013630 secs]10.532: [Train: 166242K->166242K(166336K), 0.0004270 secs] 166772K->166301K(166912K), 0.0029860 secs]
10.533: [GC 10.535: [DefNew: 561K->62K(576K), 0.0013970 secs]10.536: [Train: 166312K->166312K(166400K), 0.0004460 secs] 166803K->166374K(166976K), 0.0030510 secs]
10.537: [GC 10.538: [DefNew: 564K->62K(576K), 0.0014170 secs] 166877K->166450K(167040K), 0.0026630 secs]
10.540: [GC 10.541: [DefNew: 564K->62K(576K), 0.0014190 secs]10.543: [Train: 166462K->166462K(166592K), 0.0004450 secs] 166952K->166524K(167168K), 0.0030610 secs]
10.544: [GC 10.545: [DefNew: 564K->62K(576K), 0.0014090 secs]10.546: [Train: 166536K->166536K(166656K), 0.0004470 secs] 167026K->166854K(167232K), 0.0030550 secs]
10.547: [GC 10.548: [DefNew: 569K->36K(576K), 0.0013940 secs]10.549: [Train: 166600K->166600K(166720K), 0.0004620 secs] 167105K->166977K(167296K), 0.0030530 secs]
10.550: [GC 10.551: [DefNew: 546K->32K(576K), 0.0013740 secs]10.553: [Train: 166636K->166636K(166720K), 0.0004400 secs] 167146K->167052K(167296K), 0.0030120 secs]
10.553: [GC 10.554: [DefNew: 543K->19K(576K), 0.0013680 secs]10.556: [Train: 166660K->166660K(166784K), 0.0004440 secs] 167179K->167064K(167360K), 0.0030160 secs]
10.556: [GC 10.557: [DefNew: 530K->49K(576K), 0.0013590 secs]10.559: [Train: 166660K->166660K(166784K), 0.0004370 secs] 167191K->167093K(167360K), 0.0029920 secs]
10.559: [GC 10.561: [DefNew: 557K->36K(576K), 0.0013800 secs]10.562: [Train: 166680K->166680K(166784K), 0.0004640 secs] 167217K->167100K(167360K), 0.0030500 secs]
10.563: [GC 10.564: [DefNew: 547K->45K(576K), 0.0013670 secs]10.565: [Train: 166700K->166700K(166784K), 0.0004330 secs] 167227K->167129K(167360K), 0.0029990 secs]
10.566: [GC 10.567: [DefNew: 553K->36K(576K), 0.0013680 secs]10.568: [Train: 166718K->166718K(166848K), 0.0004480 secs] 167253K->167095K(167424K), 0.0030160 secs]
10.569: [GC 10.570: [DefNew: 546K->49K(576K), 0.0013700 secs]10.571: [Train: 166737K->166737K(166848K), 0.0004460 secs] 167265K->167042K(167424K), 0.0030190 secs]
10.572: [GC 10.573: [DefNew: 559K->49K(576K), 0.0014070 secs]10.575: [Train: 166778K->166778K(166912K), 0.0004570 secs] 167297K->166827K(167488K), 0.0030650 secs]
10.576: [GC 10.577: [DefNew: 551K->62K(576K), 0.0014130 secs]10.578: [Train: 166839K->166839K(166976K), 0.0004520 secs] 167330K->166901K(167552K), 0.0030660 secs]
10.579: [GC 10.580: [DefNew: 564K->62K(576K), 0.0014180 secs] 167404K->166975K(167552K), 0.0026040 secs]
10.582: [GC 10.583: [DefNew: 564K->62K(576K), 0.0014140 secs]10.585: [Train: 166987K->166987K(167104K), 0.0004350 secs] 167478K->167049K(167680K), 0.0030500 secs]
10.586: [GC 10.587: [DefNew: 564K->62K(576K), 0.0014110 secs]10.588: [Train: 167061K->167061K(167168K), 0.0004420 secs] 167551K->167379K(167744K), 0.0030560 secs]
10.589: [GC 10.590: [DefNew: 569K->45K(576K), 0.0013920 secs]10.592: [Train: 167115K->167115K(167232K), 0.0004450 secs] 167630K->167502K(167808K), 0.0030460 secs]
10.592: [GC 10.593: [DefNew: 556K->22K(576K), 0.0013810 secs]10.595: [Train: 167151K->167151K(167232K), 0.0004400 secs] 167672K->167558K(167808K), 0.0030230 secs]
10.595: [GC 10.597: [DefNew: 534K->52K(576K), 0.0013690 secs]10.598: [Train: 167151K->167151K(167232K), 0.0004330 secs] 167685K->167587K(167808K), 0.0030040 secs]
10.599: [GC 10.600: [DefNew: 560K->36K(576K), 0.0013740 secs]10.601: [Train: 167176K->167176K(167296K), 0.0004370 secs] 167711K->167596K(167872K), 0.0030130 secs]
10.602: [GC 10.603: [DefNew: 547K->45K(576K), 0.0013710 secs]10.604: [Train: 167195K->167195K(167296K), 0.0004330 secs] 167723K->167625K(167872K), 0.0030100 secs]
10.605: [GC 10.606: [DefNew: 553K->36K(576K), 0.0013660 secs]10.607: [Train: 167212K->167212K(167296K), 0.0004250 secs] 167749K->167632K(167872K), 0.0029980 secs]
10.608: [GC 10.609: [DefNew: 547K->45K(576K), 0.0013890 secs]10.611: [Train: 167233K->167233K(167360K), 0.0004460 secs] 167759K->167663K(167936K), 0.0030350 secs]
10.611: [GC 10.612: [DefNew: 553K->36K(576K), 0.0013710 secs]10.614: [Train: 167249K->167249K(167360K), 0.0004480 secs] 167787K->167627K(167936K), 0.0030190 secs]
10.614: [GC 10.615: [DefNew: 546K->49K(576K), 0.0013690 secs]10.617: [Train: 167269K->167269K(167360K), 0.0004430 secs] 167796K->167574K(167936K), 0.0030160 secs]
10.618: [GC 10.619: [DefNew: 559K->49K(576K), 0.0013890 secs]10.620: [Train: 167310K->167310K(167424K), 0.0004390 secs] 167829K->167359K(168000K), 0.0030350 secs]
10.621: [GC 10.622: [DefNew: 551K->62K(576K), 0.0014120 secs]10.624: [Train: 167371K->167371K(167488K), 0.0004440 secs] 167862K->167433K(168064K), 0.0030850 secs]
10.625: [GC 10.626: [DefNew: 564K->62K(576K), 0.0014240 secs] 167935K->167507K(168064K), 0.0026190 secs]
10.628: [GC 10.629: [DefNew: 564K->62K(576K), 0.0014200 secs]10.630: [Train: 167518K->167518K(167616K), 0.0004400 secs] 168009K->167581K(168192K), 0.0030660 secs]
10.631: [GC 10.632: [DefNew: 564K->62K(576K), 0.0014460 secs]10.634: [Train: 167592K->167592K(167680K), 0.0004480 secs] 168083K->167910K(168256K), 0.0031270 secs]
10.635: [GC 10.636: [DefNew: 569K->45K(576K), 0.0014010 secs]10.637: [Train: 167646K->167646K(167744K), 0.0004760 secs] 168162K->168034K(168320K), 0.0030920 secs]
10.638: [GC 10.639: [DefNew: 556K->22K(576K), 0.0013860 secs]10.640: [Train: 167684K->167684K(167808K), 0.0004510 secs] 168203K->168091K(168384K), 0.0030410 secs]
10.641: [GC 10.642: [DefNew: 534K->52K(576K), 0.0013620 secs]10.644: [Train: 167684K->167684K(167808K), 0.0004380 secs] 168218K->168121K(168384K), 0.0030090 secs]
10.644: [GC 10.645: [DefNew: 560K->36K(576K), 0.0013930 secs]10.647: [Train: 167707K->167707K(167808K), 0.0004490 secs] 168245K->168127K(168384K), 0.0030520 secs]
10.647: [GC 10.648: [DefNew: 547K->45K(576K), 0.0013800 secs]10.650: [Train: 167727K->167727K(167808K), 0.0004640 secs] 168254K->168157K(168384K), 0.0030480 secs]
10.651: [GC 10.652: [DefNew: 553K->36K(576K), 0.0013770 secs]10.653: [Train: 167745K->167745K(167872K), 0.0004460 secs] 168281K->168165K(168448K), 0.0030280 secs]
10.654: [GC 10.655: [DefNew: 547K->45K(576K), 0.0013740 secs]10.656: [Train: 167765K->167765K(167872K), 0.0004230 secs] 168292K->168152K(168448K), 0.0030020 secs]
10.657: [GC 10.658: [DefNew: 556K->42K(576K), 0.0013720 secs]10.659: [Train: 167781K->167781K(167872K), 0.0004810 secs] 168321K->168080K(168448K), 0.0030710 secs]
10.660: [GC 10.661: [DefNew: 549K->58K(576K), 0.0013870 secs]10.663: [Train: 167802K->167802K(167936K), 0.0004490 secs] 168331K->167861K(168512K), 0.0030430 secs]
10.664: [GC 10.665: [DefNew: 561K->62K(576K), 0.0014190 secs]10.666: [Train: 167873K->167873K(168000K), 0.0004470 secs] 168364K->167935K(168576K), 0.0030770 secs]
10.667: [GC 10.668: [DefNew: 564K->62K(576K), 0.0014250 secs] 168438K->168009K(168576K), 0.0026210 secs]
10.670: [GC 10.671: [DefNew: 564K->62K(576K), 0.0014270 secs]10.673: [Train: 168021K->168021K(168128K), 0.0004800 secs] 168511K->168083K(168704K), 0.0031140 secs]
10.674: [GC 10.675: [DefNew: 564K->62K(576K), 0.0014160 secs]10.676: [Train: 168094K->168094K(168192K), 0.0004390 secs] 168585K->168413K(168768K), 0.0030660 secs]
10.677: [GC 10.678: [DefNew: 569K->36K(576K), 0.0014050 secs]10.680: [Train: 168158K->168158K(168256K), 0.0004420 secs] 168664K->168536K(168832K), 0.0030610 secs]
10.680: [GC 10.681: [DefNew: 546K->32K(576K), 0.0014010 secs]10.683: [Train: 168196K->168196K(168320K), 0.0004490 secs] 168705K->168613K(168896K), 0.0030560 secs]
10.684: [GC 10.685: [DefNew: 543K->19K(576K), 0.0013800 secs]10.686: [Train: 168219K->168219K(168320K), 0.0004740 secs] 168740K->168623K(168896K), 0.0030620 secs]
10.687: [GC 10.688: [DefNew: 530K->49K(576K), 0.0013650 secs]10.689: [Train: 168219K->168219K(168320K), 0.0004660 secs] 168750K->168652K(168896K), 0.0030370 secs]
10.690: [GC 10.691: [DefNew: 557K->36K(576K), 0.0013760 secs]10.692: [Train: 168239K->168239K(168320K), 0.0004530 secs] 168776K->168659K(168896K), 0.0030360 secs]
10.693: [GC 10.694: [DefNew: 547K->45K(576K), 0.0013820 secs]10.696: [Train: 168260K->168260K(168384K), 0.0004620 secs] 168786K->168690K(168960K), 0.0030640 secs]
10.696: [GC 10.697: [DefNew: 553K->36K(576K), 0.0013800 secs]10.699: [Train: 168277K->168277K(168384K), 0.0004320 secs] 168814K->168654K(168960K), 0.0030200 secs]
10.699: [GC 10.701: [DefNew: 546K->49K(576K), 0.0013800 secs]10.702: [Train: 168296K->168296K(168384K), 0.0004410 secs] 168824K->168601K(168960K), 0.0030290 secs]
10.703: [GC 10.704: [DefNew: 559K->49K(576K), 0.0013980 secs]10.705: [Train: 168337K->168337K(168448K), 0.0004660 secs] 168856K->168386K(169024K), 0.0030720 secs]
10.706: [GC 10.707: [DefNew: 551K->62K(576K), 0.0014110 secs]10.709: [Train: 168398K->168398K(168512K), 0.0004600 secs] 168889K->168460K(169088K), 0.0030840 secs]
10.710: [GC 10.711: [DefNew: 564K->62K(576K), 0.0014190 secs] 168963K->168534K(169088K), 0.0026180 secs]
10.713: [GC 10.714: [DefNew: 564K->62K(576K), 0.0014230 secs]10.715: [Train: 168546K->168546K(168640K), 0.0004440 secs] 169036K->168608K(169216K), 0.0030840 secs]
10.716: [GC 10.717: [DefNew: 564K->62K(576K), 0.0014340 secs]10.719: [Train: 168620K->168620K(168704K), 0.0004370 secs] 169110K->168938K(169280K), 0.0030830 secs]
10.720: [GC 10.721: [DefNew: 569K->45K(576K), 0.0014110 secs]10.722: [Train: 168674K->168674K(168768K), 0.0004390 secs] 169189K->169061K(169344K), 0.0030610 secs]
10.723: [GC 10.724: [DefNew: 556K->22K(576K), 0.0013900 secs]10.725: [Train: 168712K->168712K(168832K), 0.0004430 secs] 169230K->169118K(169408K), 0.0030420 secs]
10.726: [GC 10.727: [DefNew: 534K->52K(576K), 0.0013690 secs]10.729: [Train: 168712K->168712K(168832K), 0.0004270 secs] 169246K->169148K(169408K), 0.0030060 secs]
10.729: [GC 10.730: [DefNew: 560K->36K(576K), 0.0013880 secs]10.732: [Train: 168734K->168734K(168832K), 0.0004440 secs] 169272K->169154K(169408K), 0.0030620 secs]
10.732: [GC 10.734: [DefNew: 547K->45K(576K), 0.0013920 secs]10.735: [Train: 168756K->168756K(168896K), 0.0004710 secs] 169282K->169186K(169472K), 0.0030750 secs]
10.736: [GC 10.737: [DefNew: 553K->36K(576K), 0.0013830 secs]10.738: [Train: 168772K->168772K(168896K), 0.0004280 secs] 169310K->169192K(169472K), 0.0030240 secs]
10.739: [GC 10.740: [DefNew: 547K->45K(576K), 0.0013810 secs]10.741: [Train: 168792K->168792K(168896K), 0.0004560 secs] 169319K->169179K(169472K), 0.0030490 secs]
10.742: [GC 10.743: [DefNew: 556K->42K(576K), 0.0013790 secs]10.744: [Train: 168808K->168808K(168896K), 0.0004460 secs] 169349K->169107K(169472K), 0.0030380 secs]
10.745: [GC 10.746: [DefNew: 549K->58K(576K), 0.0013910 secs]10.748: [Train: 168830K->168830K(168960K), 0.0004530 secs] 169358K->168889K(169536K), 0.0030630 secs]
10.749: [GC 10.750: [DefNew: 561K->62K(576K), 0.0014200 secs]10.751: [Train: 168900K->168900K(169024K), 0.0004310 secs] 169391K->168962K(169600K), 0.0030740 secs]
10.752: [GC 10.753: [DefNew: 564K->62K(576K), 0.0014280 secs] 169465K->169036K(169600K), 0.0026310 secs]
10.755: [GC 10.756: [DefNew: 564K->62K(576K), 0.0014270 secs]10.758: [Train: 169048K->169048K(169152K), 0.0004630 secs] 169539K->169110K(169728K), 0.0031060 secs]
10.759: [GC 10.760: [DefNew: 564K->62K(576K), 0.0014180 secs]10.761: [Train: 169122K->169122K(169216K), 0.0004680 secs] 169612K->169440K(169792K), 0.0031030 secs]
10.762: [GC 10.763: [DefNew: 569K->36K(576K), 0.0014040 secs]10.765: [Train: 169186K->169186K(169280K), 0.0004490 secs] 169691K->169563K(169856K), 0.0030700 secs]
10.765: [GC 10.767: [DefNew: 546K->32K(576K), 0.0013990 secs]10.768: [Train: 169224K->169224K(169344K), 0.0004700 secs] 169733K->169640K(169920K), 0.0031030 secs]
10.769: [GC 10.770: [DefNew: 543K->19K(576K), 0.0013830 secs]10.771: [Train: 169246K->169246K(169344K), 0.0004530 secs] 169767K->169650K(169920K), 0.0030650 secs]
10.772: [GC 10.773: [DefNew: 530K->49K(576K), 0.0013800 secs]10.774: [Train: 169246K->169246K(169344K), 0.0004380 secs] 169777K->169679K(169920K), 0.0030350 secs]
10.775: [GC 10.776: [DefNew: 557K->36K(576K), 0.0013880 secs]10.778: [Train: 169268K->169268K(169408K), 0.0004680 secs] 169803K->169688K(169984K), 0.0030730 secs]
10.778: [GC 10.779: [DefNew: 547K->45K(576K), 0.0013830 secs]10.781: [Train: 169288K->169288K(169408K), 0.0004310 secs] 169815K->169717K(169984K), 0.0030310 secs]
10.781: [GC 10.783: [DefNew: 553K->36K(576K), 0.0013790 secs]10.784: [Train: 169304K->169304K(169408K), 0.0004290 secs] 169841K->169681K(169984K), 0.0030300 secs]
10.785: [GC 10.786: [DefNew: 546K->49K(576K), 0.0013840 secs]10.787: [Train: 169324K->169324K(169408K), 0.0004450 secs] 169851K->169629K(169984K), 0.0030510 secs]
10.788: [GC 10.789: [DefNew: 559K->49K(576K), 0.0014120 secs]10.790: [Train: 169365K->169365K(169472K), 0.0004430 secs] 169883K->169414K(170048K), 0.0030730 secs]
10.791: [GC 10.793: [DefNew: 551K->62K(576K), 0.0014180 secs]10.794: [Train: 169425K->169425K(169536K), 0.0004490 secs] 169916K->169487K(170112K), 0.0030850 secs]
10.795: [GC 10.796: [DefNew: 564K->62K(576K), 0.0014200 secs] 169990K->169561K(170112K), 0.0026230 secs]
10.798: [GC 10.799: [DefNew: 564K->62K(576K), 0.0014350 secs]10.801: [Train: 169573K->169573K(169664K), 0.0004360 secs] 170064K->169635K(170240K), 0.0030880 secs]
10.802: [GC 10.803: [DefNew: 564K->62K(576K), 0.0014200 secs]10.804: [Train: 169647K->169647K(169728K), 0.0004690 secs] 170138K->169965K(170304K), 0.0031220 secs]
10.805: [GC 10.806: [DefNew: 569K->45K(576K), 0.0014080 secs]10.807: [Train: 169701K->169701K(169792K), 0.0004610 secs] 170216K->170088K(170368K), 0.0030930 secs]
10.808: [GC 10.809: [DefNew: 556K->22K(576K), 0.0014000 secs]10.811: [Train: 169739K->169739K(169856K), 0.0004580 secs] 170258K->170146K(170432K), 0.0030780 secs]
10.811: [GC 10.812: [DefNew: 534K->52K(576K), 0.0013880 secs]10.814: [Train: 169739K->169739K(169856K), 0.0004390 secs] 170273K->170175K(170432K), 0.0030480 secs]
10.815: [GC 10.816: [DefNew: 560K->36K(576K), 0.0013870 secs]10.817: [Train: 169762K->169762K(169856K), 0.0004350 secs] 170299K->170182K(170432K), 0.0030410 secs]
10.818: [GC 10.819: [DefNew: 547K->45K(576K), 0.0013920 secs]10.820: [Train: 169783K->169783K(169920K), 0.0004390 secs] 170309K->170213K(170496K), 0.0030520 secs]
10.821: [GC 10.822: [DefNew: 553K->36K(576K), 0.0013820 secs]10.823: [Train: 169800K->169800K(169920K), 0.0004420 secs] 170337K->170220K(170496K), 0.0030480 secs]
10.824: [GC 10.825: [DefNew: 547K->45K(576K), 0.0014010 secs]10.827: [Train: 169819K->169819K(169920K), 0.0004480 secs] 170347K->170206K(170496K), 0.0030670 secs]
10.827: [GC 10.828: [DefNew: 556K->42K(576K), 0.0013900 secs]10.830: [Train: 169836K->169836K(169920K), 0.0004580 secs] 170376K->170134K(170496K), 0.0030670 secs]
10.831: [GC 10.832: [DefNew: 549K->58K(576K), 0.0014670 secs]10.833: [Train: 169857K->169857K(169984K), 0.0004980 secs] 170385K->169916K(170560K), 0.0031910 secs]
10.834: [GC 10.835: [DefNew: 561K->62K(576K), 0.0014390 secs]10.837: [Train: 169928K->169928K(170048K), 0.0004440 secs] 170418K->169990K(170624K), 0.0031190 secs]
10.838: [GC 10.839: [DefNew: 564K->62K(576K), 0.0014320 secs] 170492K->170064K(170624K), 0.0026440 secs]
10.841: [GC 10.842: [DefNew: 564K->62K(576K), 0.0014420 secs]10.844: [Train: 170075K->170075K(170176K), 0.0004340 secs] 170566K->170137K(170752K), 0.0031060 secs]
10.845: [GC 10.846: [DefNew: 564K->62K(576K), 0.0014400 secs]10.847: [Train: 170149K->170149K(170240K), 0.0004640 secs] 170640K->170467K(170816K), 0.0031280 secs]
10.848: [GC 10.849: [DefNew: 569K->36K(576K), 0.0014330 secs]10.850: [Train: 170213K->170213K(170304K), 0.0004590 secs] 170718K->170590K(170880K), 0.0031170 secs]
10.851: [GC 10.852: [DefNew: 546K->32K(576K), 0.0014070 secs]10.854: [Train: 170251K->170251K(170368K), 0.0004750 secs] 170760K->170667K(170944K), 0.0031050 secs]
10.854: [GC 10.856: [DefNew: 543K->19K(576K), 0.0013950 secs]10.857: [Train: 170274K->170274K(170368K), 0.0004300 secs] 170795K->170677K(170944K), 0.0030450 secs]
10.858: [GC 10.859: [DefNew: 530K->49K(576K), 0.0013810 secs]10.860: [Train: 170274K->170274K(170368K), 0.0004790 secs] 170805K->170707K(170944K), 0.0030880 secs]
10.861: [GC 10.862: [DefNew: 557K->36K(576K), 0.0013970 secs]10.863: [Train: 170295K->170295K(170432K), 0.0004380 secs] 170831K->170715K(171008K), 0.0030700 secs]
10.864: [GC 10.865: [DefNew: 547K->45K(576K), 0.0014010 secs]10.867: [Train: 170315K->170315K(170432K), 0.0004380 secs] 170842K->170745K(171008K), 0.0030620 secs]
10.867: [GC 10.868: [DefNew: 553K->36K(576K), 0.0013950 secs]10.870: [Train: 170331K->170331K(170432K), 0.0004250 secs] 170869K->170709K(171008K), 0.0030410 secs]
10.870: [GC 10.872: [DefNew: 546K->49K(576K), 0.0013930 secs]10.873: [Train: 170351K->170351K(170432K), 0.0004490 secs] 170878K->170656K(171008K), 0.0030630 secs]
10.874: [GC 10.875: [DefNew: 559K->49K(576K), 0.0014150 secs]10.876: [Train: 170392K->170392K(170496K), 0.0004650 secs] 170910K->170441K(171072K), 0.0031030 secs]
10.877: [GC 10.878: [DefNew: 551K->62K(576K), 0.0014340 secs]10.880: [Train: 170453K->170453K(170560K), 0.0004410 secs] 170943K->170515K(171136K), 0.0031080 secs]
10.881: [GC 10.882: [DefNew: 564K->62K(576K), 0.0014400 secs] 171017K->170589K(171136K), 0.0026570 secs]
10.884: [GC 10.885: [DefNew: 564K->62K(576K), 0.0014510 secs]10.886: [Train: 170600K->170600K(170688K), 0.0004710 secs] 171091K->170662K(171264K), 0.0031490 secs]
10.887: [GC 10.889: [DefNew: 564K->62K(576K), 0.0014570 secs]10.890: [Train: 170676K->170676K(170816K), 0.0004460 secs] 171165K->170994K(171392K), 0.0031320 secs]
10.891: [GC 10.892: [DefNew: 569K->45K(576K), 0.0014180 secs]10.893: [Train: 170728K->170728K(170816K), 0.0004520 secs] 171245K->171115K(171392K), 0.0030950 secs]
10.894: [GC 10.895: [DefNew: 556K->22K(576K), 0.0014090 secs]10.897: [Train: 170766K->170766K(170880K), 0.0004510 secs] 171285K->171173K(171456K), 0.0030830 secs]
10.897: [GC 10.898: [DefNew: 534K->52K(576K), 0.0013850 secs]10.900: [Train: 170766K->170766K(170880K), 0.0004540 secs] 171300K->171202K(171456K), 0.0030910 secs]
10.901: [GC 10.902: [DefNew: 560K->36K(576K), 0.0014070 secs]10.903: [Train: 170789K->170789K(170880K), 0.0004520 secs] 171326K->171209K(171456K), 0.0031120 secs]
10.904: [GC 10.905: [DefNew: 547K->45K(576K), 0.0014060 secs]10.906: [Train: 170810K->170810K(170944K), 0.0004610 secs] 171336K->171240K(171520K), 0.0030950 secs]
10.907: [GC 10.908: [DefNew: 553K->36K(576K), 0.0013950 secs]10.910: [Train: 170827K->170827K(170944K), 0.0004610 secs] 171364K->171247K(171520K), 0.0030850 secs]
10.910: [GC 10.911: [DefNew: 547K->45K(576K), 0.0013960 secs]10.913: [Train: 170846K->170846K(170944K), 0.0004450 secs] 171374K->171234K(171520K), 0.0030680 secs]
10.914: [GC 10.915: [DefNew: 556K->42K(576K), 0.0013950 secs]10.916: [Train: 170863K->170863K(170944K), 0.0004580 secs] 171403K->171161K(171520K), 0.0030870 secs]
10.917: [GC 10.918: [DefNew: 549K->58K(576K), 0.0014040 secs]10.919: [Train: 170884K->170884K(171008K), 0.0004520 secs] 171413K->170943K(171584K), 0.0030900 secs]
10.920: [GC 10.922: [DefNew: 561K->62K(576K), 0.0014670 secs]10.923: [Train: 170955K->170955K(171072K), 0.0004760 secs] 171446K->171017K(171648K), 0.0031760 secs]
10.924: [GC 10.925: [DefNew: 564K->62K(576K), 0.0014440 secs] 171519K->171091K(171648K), 0.0026600 secs]
10.927: [GC 10.928: [DefNew: 564K->62K(576K), 0.0014480 secs]10.930: [Train: 171102K->171102K(171200K), 0.0004510 secs] 171593K->171165K(171776K), 0.0031280 secs]
10.931: [GC 10.932: [DefNew: 564K->62K(576K), 0.0014380 secs]10.933: [Train: 171176K->171176K(171264K), 0.0004560 secs] 171667K->171494K(171840K), 0.0031260 secs]
10.934: [GC 10.935: [DefNew: 569K->36K(576K), 0.0014300 secs]10.937: [Train: 171240K->171240K(171328K), 0.0004560 secs] 171746K->171618K(171904K), 0.0031200 secs]
10.937: [GC 10.938: [DefNew: 546K->32K(576K), 0.0014120 secs]10.940: [Train: 171278K->171278K(171392K), 0.0004300 secs] 171787K->171695K(171968K), 0.0030790 secs]
10.941: [GC 10.942: [DefNew: 543K->19K(576K), 0.0014030 secs]10.943: [Train: 171301K->171301K(171392K), 0.0004450 secs] 171822K->171705K(171968K), 0.0030770 secs]
10.944: [GC 10.945: [DefNew: 530K->49K(576K), 0.0013990 secs]10.946: [Train: 171301K->171301K(171392K), 0.0004370 secs] 171832K->171734K(171968K), 0.0030670 secs]
10.947: [GC 10.948: [DefNew: 557K->36K(576K), 0.0014030 secs]10.949: [Train: 171322K->171322K(171456K), 0.0004630 secs] 171858K->171742K(172032K), 0.0030960 secs]
10.950: [GC 10.951: [DefNew: 547K->45K(576K), 0.0014020 secs]10.953: [Train: 171342K->171342K(171456K), 0.0004270 secs] 171870K->171772K(172032K), 0.0030600 secs]
10.953: [GC 10.954: [DefNew: 553K->36K(576K), 0.0013960 secs]10.956: [Train: 171358K->171358K(171456K), 0.0004540 secs] 171896K->171736K(172032K), 0.0030850 secs]
10.957: [GC 10.958: [DefNew: 546K->49K(576K), 0.0014060 secs]10.959: [Train: 171380K->171380K(171520K), 0.0004330 secs] 171905K->171685K(172096K), 0.0030820 secs]
10.960: [GC 10.961: [DefNew: 559K->49K(576K), 0.0014180 secs]10.963: [Train: 171419K->171419K(171520K), 0.0004510 secs] 171939K->171468K(172096K), 0.0031010 secs]
10.963: [GC 10.965: [DefNew: 551K->62K(576K), 0.0014430 secs]10.966: [Train: 171480K->171480K(171584K), 0.0004470 secs] 171971K->171542K(172160K), 0.0031260 secs]
10.967: [GC 10.968: [DefNew: 564K->62K(576K), 0.0014450 secs] 172044K->171616K(172160K), 0.0026790 secs]
10.970: [GC 10.971: [DefNew: 564K->62K(576K), 0.0014460 secs]10.973: [Train: 171628K->171628K(171712K), 0.0004560 secs] 172118K->171690K(172288K), 0.0031340 secs]
10.974: [GC 10.975: [DefNew: 564K->62K(576K), 0.0014520 secs]10.976: [Train: 171703K->171703K(171840K), 0.0004590 secs] 172192K->172021K(172416K), 0.0031460 secs]
10.977: [GC 10.978: [DefNew: 569K->45K(576K), 0.0014240 secs]10.980: [Train: 171756K->171756K(171840K), 0.0004450 secs] 172273K->172143K(172416K), 0.0031080 secs]
10.980: [GC 10.982: [DefNew: 556K->22K(576K), 0.0014310 secs]10.983: [Train: 171793K->171793K(171904K), 0.0004800 secs] 172312K->172200K(172480K), 0.0031450 secs]
10.984: [GC 10.985: [DefNew: 534K->52K(576K), 0.0013960 secs]10.986: [Train: 171793K->171793K(171904K), 0.0004400 secs] 172327K->172230K(172480K), 0.0030760 secs]
10.987: [GC 10.988: [DefNew: 560K->36K(576K), 0.0014020 secs]10.989: [Train: 171816K->171816K(171904K), 0.0004450 secs] 172354K->172236K(172480K), 0.0030810 secs]
10.990: [GC 10.991: [DefNew: 547K->45K(576K), 0.0014100 secs]10.993: [Train: 171838K->171838K(171968K), 0.0004340 secs] 172363K->172267K(172544K), 0.0030790 secs]
10.993: [GC 10.994: [DefNew: 553K->36K(576K), 0.0014010 secs]10.996: [Train: 171854K->171854K(171968K), 0.0004480 secs] 172391K->172274K(172544K), 0.0030960 secs]
10.997: [GC 10.998: [DefNew: 547K->45K(576K), 0.0014040 secs]10.999: [Train: 171874K->171874K(171968K), 0.0004370 secs] 172401K->172261K(172544K), 0.0030790 secs]
11.000: [GC 11.001: [DefNew: 556K->42K(576K), 0.0014100 secs]11.002: [Train: 171892K->171892K(172032K), 0.0004480 secs] 172430K->172190K(172608K), 0.0030930 secs]
11.003: [GC 11.004: [DefNew: 549K->58K(576K), 0.0014180 secs]11.006: [Train: 171912K->171912K(172032K), 0.0004600 secs] 172442K->171970K(172608K), 0.0031150 secs]
11.007: [GC 11.008: [DefNew: 561K->62K(576K), 0.0014440 secs]11.009: [Train: 171982K->171982K(172096K), 0.0004590 secs] 172473K->172044K(172672K), 0.0031460 secs]
11.010: [GC 11.011: [DefNew: 564K->62K(576K), 0.0014510 secs] 172547K->172118K(172672K), 0.0026880 secs]
11.013: [GC 11.015: [DefNew: 564K->62K(576K), 0.0014700 secs]11.016: [Train: 172130K->172130K(172224K), 0.0004480 secs] 172620K->172192K(172800K), 0.0031630 secs]
11.017: [GC 11.018: [DefNew: 564K->62K(576K), 0.0014530 secs]11.020: [Train: 172204K->172204K(172288K), 0.0004500 secs] 172694K->172522K(172864K), 0.0031670 secs]
11.020: [GC 11.022: [DefNew: 569K->36K(576K), 0.0014420 secs]11.023: [Train: 172268K->172268K(172352K), 0.0004550 secs] 172773K->172645K(172928K), 0.0031350 secs]
11.024: [GC 11.025: [DefNew: 546K->32K(576K), 0.0014250 secs]11.026: [Train: 172305K->172305K(172416K), 0.0004360 secs] 172815K->172722K(172992K), 0.0031000 secs]
11.027: [GC 11.028: [DefNew: 543K->19K(576K), 0.0014020 secs]11.030: [Train: 172328K->172328K(172416K), 0.0004800 secs] 172849K->172732K(172992K), 0.0031200 secs]
11.030: [GC 11.031: [DefNew: 530K->49K(576K), 0.0013950 secs]11.033: [Train: 172328K->172328K(172416K), 0.0004400 secs] 172859K->172761K(172992K), 0.0030730 secs]
11.033: [GC 11.035: [DefNew: 557K->36K(576K), 0.0014120 secs]11.036: [Train: 172350K->172350K(172480K), 0.0004480 secs] 172885K->172770K(173056K), 0.0031030 secs]
11.037: [GC 11.038: [DefNew: 547K->45K(576K), 0.0014600 secs]11.039: [Train: 172369K->172369K(172480K), 0.0004660 secs] 172897K->172799K(173056K), 0.0031740 secs]
11.040: [GC 11.041: [DefNew: 553K->36K(576K), 0.0014370 secs]11.043: [Train: 172386K->172386K(172480K), 0.0004550 secs] 172923K->172763K(173056K), 0.0031310 secs]
11.043: [GC 11.044: [DefNew: 546K->49K(576K), 0.0014180 secs]11.046: [Train: 172407K->172407K(172544K), 0.0004620 secs] 172933K->172712K(173120K), 0.0031180 secs]
11.047: [GC 11.048: [DefNew: 559K->49K(576K), 0.0014170 secs]11.049: [Train: 172446K->172446K(172544K), 0.0004390 secs] 172967K->172495K(173120K), 0.0030950 secs]
11.050: [GC 11.051: [DefNew: 551K->62K(576K), 0.0014320 secs]11.053: [Train: 172507K->172507K(172608K), 0.0004390 secs] 172998K->172569K(173184K), 0.0031120 secs]
11.054: [GC 11.055: [DefNew: 564K->62K(576K), 0.0014410 secs] 173072K->172643K(173184K), 0.0026680 secs]
11.057: [GC 11.058: [DefNew: 564K->62K(576K), 0.0014490 secs]11.059: [Train: 172655K->172655K(172736K), 0.0004490 secs] 173146K->172717K(173312K), 0.0031430 secs]
11.060: [GC 11.062: [DefNew: 564K->62K(576K), 0.0014560 secs]11.063: [Train: 172730K->172730K(172864K), 0.0004510 secs] 173219K->173049K(173440K), 0.0031530 secs]
11.064: [GC 11.065: [DefNew: 569K->45K(576K), 0.0014360 secs]11.066: [Train: 172783K->172783K(172864K), 0.0004500 secs] 173300K->173170K(173440K), 0.0031290 secs]
11.067: [GC 11.068: [DefNew: 556K->22K(576K), 0.0014230 secs]11.070: [Train: 172821K->172821K(172928K), 0.0005180 secs] 173340K->173228K(173504K), 0.0031830 secs]
11.070: [GC 11.072: [DefNew: 534K->52K(576K), 0.0013980 secs]11.073: [Train: 172821K->172821K(172928K), 0.0004460 secs] 173355K->173257K(173504K), 0.0030900 secs]
11.074: [GC 11.075: [DefNew: 560K->36K(576K), 0.0014090 secs]11.076: [Train: 172844K->172844K(172928K), 0.0004350 secs] 173381K->173264K(173504K), 0.0030820 secs]
11.077: [GC 11.078: [DefNew: 547K->45K(576K), 0.0014130 secs]11.079: [Train: 172865K->172865K(172992K), 0.0004340 secs] 173391K->173295K(173568K), 0.0030960 secs]
11.080: [GC 11.081: [DefNew: 553K->36K(576K), 0.0014090 secs]11.083: [Train: 172881K->172881K(172992K), 0.0004290 secs] 173419K->173301K(173568K), 0.0030770 secs]
11.083: [GC 11.084: [DefNew: 547K->45K(576K), 0.0014120 secs]11.086: [Train: 172901K->172901K(172992K), 0.0004260 secs] 173429K->173288K(173568K), 0.0030770 secs]
11.087: [GC 11.088: [DefNew: 556K->42K(576K), 0.0014120 secs]11.089: [Train: 172919K->172919K(173056K), 0.0004370 secs] 173458K->173218K(173632K), 0.0031000 secs]
11.090: [GC 11.091: [DefNew: 549K->58K(576K), 0.0014110 secs]11.092: [Train: 172939K->172939K(173056K), 0.0004470 secs] 173469K->172998K(173632K), 0.0030980 secs]
11.093: [GC 11.095: [DefNew: 561K->62K(576K), 0.0014420 secs]11.096: [Train: 173009K->173009K(173120K), 0.0004390 secs] 173500K->173072K(173696K), 0.0031300 secs]
11.097: [GC 11.098: [DefNew: 564K->62K(576K), 0.0014430 secs] 173574K->173145K(173696K), 0.0026820 secs]
11.100: [GC 11.101: [DefNew: 564K->62K(576K), 0.0014760 secs]11.103: [Train: 173157K->173157K(173248K), 0.0004670 secs] 173648K->173219K(173824K), 0.0031850 secs]
11.104: [GC 11.105: [DefNew: 564K->62K(576K), 0.0014500 secs]11.106: [Train: 173231K->173231K(173312K), 0.0004460 secs] 173722K->173549K(173888K), 0.0031410 secs]
11.107: [GC 11.108: [DefNew: 569K->36K(576K), 0.0014370 secs]11.110: [Train: 173295K->173295K(173376K), 0.0004890 secs] 173800K->173672K(173952K), 0.0031700 secs]
11.110: [GC 11.112: [DefNew: 546K->32K(576K), 0.0014210 secs]11.113: [Train: 173333K->173333K(173440K), 0.0004480 secs] 173842K->173749K(174016K), 0.0031120 secs]
11.114: [GC 11.115: [DefNew: 543K->19K(576K), 0.0014090 secs]11.116: [Train: 173356K->173356K(173440K), 0.0004700 secs] 173877K->173759K(174016K), 0.0031230 secs]
11.117: [GC 11.118: [DefNew: 530K->49K(576K), 0.0014010 secs]11.120: [Train: 173356K->173356K(173440K), 0.0004510 secs] 173886K->173789K(174016K), 0.0030990 secs]
11.120: [GC 11.121: [DefNew: 557K->36K(576K), 0.0014280 secs]11.123: [Train: 173377K->173377K(173504K), 0.0004690 secs] 173913K->173797K(174080K), 0.0031400 secs]
11.123: [GC 11.125: [DefNew: 547K->45K(576K), 0.0014480 secs]11.126: [Train: 173397K->173397K(173504K), 0.0004710 secs] 173924K->173826K(174080K), 0.0031690 secs]
11.127: [GC 11.128: [DefNew: 553K->36K(576K), 0.0014110 secs]11.129: [Train: 173413K->173413K(173504K), 0.0004530 secs] 173950K->173790K(174080K), 0.0031090 secs]
11.130: [GC 11.131: [DefNew: 546K->49K(576K), 0.0014180 secs]11.133: [Train: 173434K->173434K(173568K), 0.0004510 secs] 173960K->173739K(174144K), 0.0031120 secs]
11.133: [GC 11.135: [DefNew: 559K->49K(576K), 0.0014270 secs]11.136: [Train: 173474K->173474K(173568K), 0.0004510 secs] 173994K->173523K(174144K), 0.0031280 secs]
11.137: [GC 11.138: [DefNew: 551K->62K(576K), 0.0014620 secs]11.140: [Train: 173534K->173534K(173632K), 0.0004920 secs] 174025K->173597K(174208K), 0.0032230 secs]
11.141: [GC 11.142: [DefNew: 564K->62K(576K), 0.0014610 secs] 174099K->173670K(174208K), 0.0027040 secs]
11.144: [GC 11.145: [DefNew: 564K->62K(576K), 0.0014790 secs]11.146: [Train: 173684K->173684K(173824K), 0.0004510 secs] 174173K->173746K(174400K), 0.0031780 secs]
11.147: [GC 11.149: [DefNew: 564K->62K(576K), 0.0014760 secs]11.150: [Train: 173758K->173758K(173888K), 0.0004700 secs] 174248K->174076K(174464K), 0.0031970 secs]
11.151: [GC 11.152: [DefNew: 569K->45K(576K), 0.0014500 secs]11.153: [Train: 173812K->173812K(173952K), 0.0004540 secs] 174327K->174199K(174528K), 0.0031500 secs]
11.154: [GC 11.155: [DefNew: 556K->22K(576K), 0.0014250 secs]11.157: [Train: 173848K->173848K(173952K), 0.0004390 secs] 174369K->174255K(174528K), 0.0031090 secs]
11.157: [GC 11.159: [DefNew: 534K->52K(576K), 0.0014050 secs]11.160: [Train: 173848K->173848K(173952K), 0.0004340 secs] 174382K->174284K(174528K), 0.0030990 secs]
11.161: [GC 11.162: [DefNew: 560K->36K(576K), 0.0014190 secs]11.163: [Train: 173871K->173871K(173952K), 0.0004320 secs] 174408K->174291K(174528K), 0.0031110 secs]
11.164: [GC 11.165: [DefNew: 547K->45K(576K), 0.0014300 secs]11.166: [Train: 173892K->173892K(174016K), 0.0004770 secs] 174418K->174322K(174592K), 0.0031550 secs]
11.167: [GC 11.168: [DefNew: 553K->36K(576K), 0.0014200 secs]11.170: [Train: 173909K->173909K(174016K), 0.0004550 secs] 174446K->174329K(174592K), 0.0031240 secs]
11.170: [GC 11.172: [DefNew: 547K->45K(576K), 0.0014170 secs]11.173: [Train: 173928K->173928K(174016K), 0.0004670 secs] 174456K->174315K(174592K), 0.0031320 secs]
11.174: [GC 11.175: [DefNew: 556K->42K(576K), 0.0014240 secs]11.176: [Train: 173946K->173946K(174080K), 0.0004600 secs] 174485K->174245K(174656K), 0.0031340 secs]
11.177: [GC 11.178: [DefNew: 549K->58K(576K), 0.0014200 secs]11.180: [Train: 173966K->173966K(174080K), 0.0004480 secs] 174496K->174025K(174656K), 0.0031240 secs]
11.181: [GC 11.182: [DefNew: 561K->62K(576K), 0.0014580 secs]11.183: [Train: 174037K->174037K(174144K), 0.0004730 secs] 174527K->174099K(174720K), 0.0031880 secs]
11.184: [GC 11.185: [DefNew: 564K->62K(576K), 0.0014700 secs] 174601K->174173K(174720K), 0.0027090 secs]
11.187: [GC 11.189: [DefNew: 564K->62K(576K), 0.0014730 secs]11.190: [Train: 174184K->174184K(174272K), 0.0004570 secs] 174675K->174246K(174848K), 0.0031820 secs]
11.191: [GC 11.192: [DefNew: 564K->62K(576K), 0.0014750 secs]11.194: [Train: 174260K->174260K(174400K), 0.0004890 secs] 174749K->174578K(174976K), 0.0032160 secs]
11.195: [GC 11.196: [DefNew: 569K->36K(576K), 0.0014510 secs]11.197: [Train: 174324K->174324K(174464K), 0.0004470 secs] 174829K->174701K(175040K), 0.0031630 secs]
11.198: [GC 11.199: [DefNew: 546K->32K(576K), 0.0014280 secs]11.200: [Train: 174360K->174360K(174464K), 0.0004460 secs] 174871K->174777K(175040K), 0.0031260 secs]
11.201: [GC 11.202: [DefNew: 543K->19K(576K), 0.0014190 secs]11.204: [Train: 174383K->174383K(174464K), 0.0004370 secs] 174904K->174786K(175040K), 0.0031140 secs]
11.204: [GC 11.206: [DefNew: 530K->49K(576K), 0.0014140 secs]11.207: [Train: 174383K->174383K(174464K), 0.0004440 secs] 174914K->174816K(175040K), 0.0031080 secs]
11.208: [GC 11.209: [DefNew: 557K->36K(576K), 0.0014360 secs]11.210: [Train: 174404K->174404K(174528K), 0.0004920 secs] 174940K->174824K(175104K), 0.0031810 secs]
11.211: [GC 11.212: [DefNew: 547K->45K(576K), 0.0014220 secs]11.214: [Train: 174424K->174424K(174528K), 0.0004580 secs] 174951K->174854K(175104K), 0.0031330 secs]
11.214: [GC 11.215: [DefNew: 553K->36K(576K), 0.0014190 secs]11.217: [Train: 174440K->174440K(174528K), 0.0004460 secs] 174978K->174818K(175104K), 0.0031430 secs]
11.218: [GC 11.219: [DefNew: 546K->49K(576K), 0.0014280 secs]11.220: [Train: 174462K->174462K(174592K), 0.0004450 secs] 174987K->174767K(175168K), 0.0031310 secs]
11.221: [GC 11.222: [DefNew: 559K->49K(576K), 0.0014350 secs]11.224: [Train: 174501K->174501K(174592K), 0.0004360 secs] 175021K->174550K(175168K), 0.0031370 secs]
11.224: [GC 11.226: [DefNew: 551K->62K(576K), 0.0014610 secs]11.227: [Train: 174562K->174562K(174656K), 0.0004490 secs] 175052K->174624K(175232K), 0.0031650 secs]
11.228: [GC 11.229: [DefNew: 564K->62K(576K), 0.0014720 secs] 175126K->174698K(175232K), 0.0027120 secs]
11.231: [GC 11.232: [DefNew: 564K->62K(576K), 0.0014890 secs]11.234: [Train: 174711K->174711K(174848K), 0.0004550 secs] 175200K->174773K(175424K), 0.0031990 secs]
11.235: [GC 11.236: [DefNew: 564K->62K(576K), 0.0014660 secs]11.237: [Train: 174785K->174785K(174912K), 0.0004470 secs] 175276K->175103K(175488K), 0.0031680 secs]
11.238: [GC 11.239: [DefNew: 569K->45K(576K), 0.0014510 secs]11.241: [Train: 174839K->174839K(174976K), 0.0004550 secs] 175354K->175226K(175552K), 0.0031610 secs]
11.242: [GC 11.243: [DefNew: 556K->22K(576K), 0.0014360 secs]11.244: [Train: 174875K->174875K(174976K), 0.0004480 secs] 175396K->175282K(175552K), 0.0031510 secs]
11.245: [GC 11.246: [DefNew: 534K->52K(576K), 0.0014270 secs]11.247: [Train: 174875K->174875K(174976K), 0.0004510 secs] 175409K->175311K(175552K), 0.0031780 secs]
11.248: [GC 11.249: [DefNew: 560K->36K(576K), 0.0014370 secs]11.251: [Train: 174900K->174900K(175040K), 0.0004490 secs] 175435K->175320K(175616K), 0.0031420 secs]
11.251: [GC 11.253: [DefNew: 547K->45K(576K), 0.0014310 secs]11.254: [Train: 174920K->174920K(175040K), 0.0004320 secs] 175447K->175349K(175616K), 0.0031170 secs]
11.255: [GC 11.256: [DefNew: 553K->36K(576K), 0.0014210 secs]11.257: [Train: 174936K->174936K(175040K), 0.0004470 secs] 175473K->175356K(175616K), 0.0031240 secs]
11.258: [GC 11.259: [DefNew: 547K->45K(576K), 0.0014230 secs]11.261: [Train: 174956K->174956K(175040K), 0.0004410 secs] 175483K->175385K(175616K), 0.0031190 secs]
11.261: [GC 11.262: [DefNew: 553K->36K(576K), 0.0014270 secs]11.264: [Train: 174974K->174974K(175104K), 0.0004480 secs] 175509K->175351K(175680K), 0.0031370 secs]
11.265: [GC 11.266: [DefNew: 546K->49K(576K), 0.0014230 secs]11.267: [Train: 174993K->174993K(175104K), 0.0004580 secs] 175521K->175298K(175680K), 0.0031390 secs]
11.268: [GC 11.269: [DefNew: 559K->49K(576K), 0.0014520 secs]11.271: [Train: 175034K->175034K(175168K), 0.0004540 secs] 175553K->175083K(175744K), 0.0031590 secs]
11.272: [GC 11.273: [DefNew: 551K->62K(576K), 0.0154560 secs]11.288: [Train: 175095K->175095K(175232K), 0.0008140 secs] 175586K->175157K(175808K), 0.0175610 secs]
11.290: [GC 11.291: [DefNew: 564K->62K(576K), 0.0015140 secs] 175660K->175231K(175808K), 0.0028210 secs]
11.293: [GC 11.294: [DefNew: 564K->62K(576K), 0.0015350 secs]11.296: [Train: 175243K->175243K(175360K), 0.0005200 secs] 175734K->175305K(175936K), 0.0033930 secs]
11.297: [GC 11.298: [DefNew: 564K->62K(576K), 0.0014960 secs]11.299: [Train: 175317K->175317K(175424K), 0.0004680 secs] 175807K->175635K(176000K), 0.0032630 secs]
11.300: [GC 11.301: [DefNew: 569K->45K(576K), 0.0014830 secs]11.303: [Train: 175371K->175371K(175488K), 0.0004990 secs] 175886K->175758K(176064K), 0.0032570 secs]
11.304: [GC 11.305: [DefNew: 556K->22K(576K), 0.0014660 secs]11.306: [Train: 175407K->175407K(175488K), 0.0004770 secs] 175928K->175814K(176064K), 0.0032130 secs]
11.307: [GC 11.308: [DefNew: 534K->52K(576K), 0.0014350 secs]11.310: [Train: 175407K->175407K(175488K), 0.0005120 secs] 175941K->175843K(176064K), 0.0032160 secs]
11.310: [GC 11.312: [DefNew: 560K->36K(576K), 0.0014370 secs]11.313: [Train: 175432K->175432K(175552K), 0.0004640 secs] 175967K->175852K(176128K), 0.0031640 secs]
11.314: [GC 11.315: [DefNew: 547K->45K(576K), 0.0014350 secs]11.316: [Train: 175451K->175451K(175552K), 0.0004320 secs] 175979K->175881K(176128K), 0.0031250 secs]
11.317: [GC 11.318: [DefNew: 553K->36K(576K), 0.0014250 secs]11.320: [Train: 175468K->175468K(175552K), 0.0004320 secs] 176005K->175888K(176128K), 0.0031290 secs]
11.320: [GC 11.321: [DefNew: 547K->45K(576K), 0.0014370 secs]11.323: [Train: 175489K->175489K(175616K), 0.0004500 secs] 176015K->175876K(176192K), 0.0031470 secs]
11.324: [GC 11.325: [DefNew: 556K->42K(576K), 0.0014300 secs]11.326: [Train: 175505K->175505K(175616K), 0.0004330 secs] 176046K->175804K(176192K), 0.0031230 secs]
11.327: [GC 11.328: [DefNew: 549K->58K(576K), 0.0014310 secs]11.330: [Train: 175525K->175525K(175616K), 0.0004520 secs] 176055K->175584K(176192K), 0.0031410 secs]
11.331: [GC 11.332: [DefNew: 561K->62K(576K), 0.0014690 secs]11.333: [Train: 175596K->175596K(175680K), 0.0004680 secs] 176086K->175658K(176256K), 0.0032020 secs]
11.334: [GC 11.335: [DefNew: 564K->62K(576K), 0.0014950 secs] 176160K->175733K(176320K), 0.0027830 secs]
11.337: [GC 11.339: [DefNew: 564K->62K(576K), 0.0014820 secs]11.340: [Train: 175745K->175745K(175872K), 0.0004600 secs] 176236K->175807K(176448K), 0.0032120 secs]
11.341: [GC 11.342: [DefNew: 564K->62K(576K), 0.0014780 secs]11.344: [Train: 175819K->175819K(175936K), 0.0004690 secs] 176310K->176137K(176512K), 0.0032320 secs]
11.345: [GC 11.346: [DefNew: 569K->36K(576K), 0.0014700 secs]11.347: [Train: 175883K->175883K(176000K), 0.0004640 secs] 176388K->176260K(176576K), 0.0032080 secs]
11.348: [GC 11.349: [DefNew: 546K->32K(576K), 0.0014580 secs]11.351: [Train: 175919K->175919K(176000K), 0.0004360 secs] 176430K->176335K(176576K), 0.0031620 secs]
11.351: [GC 11.352: [DefNew: 543K->19K(576K), 0.0014490 secs]11.354: [Train: 175944K->175944K(176064K), 0.0004790 secs] 176463K->176347K(176640K), 0.0031920 secs]
11.355: [GC 11.356: [DefNew: 530K->49K(576K), 0.0014210 secs]11.357: [Train: 175944K->175944K(176064K), 0.0004440 secs] 176474K->176377K(176640K), 0.0031320 secs]
11.358: [GC 11.359: [DefNew: 557K->36K(576K), 0.0014300 secs]11.360: [Train: 175963K->175963K(176064K), 0.0004770 secs] 176501K->176383K(176640K), 0.0031680 secs]
11.361: [GC 11.362: [DefNew: 547K->45K(576K), 0.0014310 secs]11.364: [Train: 175983K->175983K(176064K), 0.0004390 secs] 176510K->176413K(176640K), 0.0031380 secs]
11.364: [GC 11.366: [DefNew: 553K->36K(576K), 0.0014450 secs]11.367: [Train: 176001K->176001K(176128K), 0.0004570 secs] 176537K->176378K(176704K), 0.0031650 secs]
11.368: [GC 11.369: [DefNew: 546K->49K(576K), 0.0014350 secs]11.370: [Train: 176021K->176021K(176128K), 0.0004520 secs] 176548K->176326K(176704K), 0.0031500 secs]
11.371: [GC 11.372: [DefNew: 559K->49K(576K), 0.0014520 secs]11.374: [Train: 176062K->176062K(176192K), 0.0004490 secs] 176580K->176111K(176768K), 0.0031650 secs]
11.375: [GC 11.376: [DefNew: 551K->62K(576K), 0.0014620 secs]11.377: [Train: 176122K->176122K(176256K), 0.0004690 secs] 176613K->176185K(176832K), 0.0032200 secs]
11.378: [GC 11.380: [DefNew: 564K->62K(576K), 0.0014680 secs] 176687K->176258K(176832K), 0.0027220 secs]
11.382: [GC 11.383: [DefNew: 564K->62K(576K), 0.0014820 secs]11.384: [Train: 176270K->176270K(176384K), 0.0004540 secs] 176761K->176332K(176960K), 0.0032080 secs]
11.385: [GC 11.386: [DefNew: 564K->62K(576K), 0.0014680 secs]11.388: [Train: 176344K->176344K(176448K), 0.0004540 secs] 176835K->176662K(177024K), 0.0031960 secs]
11.389: [GC 11.390: [DefNew: 569K->45K(576K), 0.0014560 secs]11.391: [Train: 176398K->176398K(176512K), 0.0004640 secs] 176913K->176785K(177088K), 0.0031990 secs]
11.392: [GC 11.393: [DefNew: 556K->22K(576K), 0.0014470 secs]11.395: [Train: 176436K->176436K(176576K), 0.0004650 secs] 176955K->176843K(177152K), 0.0031780 secs]
11.395: [GC 11.396: [DefNew: 534K->52K(576K), 0.0014280 secs]11.398: [Train: 176436K->176436K(176576K), 0.0004340 secs] 176970K->176872K(177152K), 0.0031290 secs]
11.399: [GC 11.400: [DefNew: 560K->36K(576K), 0.0014340 secs]11.401: [Train: 176459K->176459K(176576K), 0.0004360 secs] 176996K->176879K(177152K), 0.0031470 secs]
11.402: [GC 11.403: [DefNew: 547K->45K(576K), 0.0014350 secs]11.404: [Train: 176478K->176478K(176576K), 0.0004530 secs] 177006K->176908K(177152K), 0.0031540 secs]
11.405: [GC 11.406: [DefNew: 553K->36K(576K), 0.0014320 secs]11.408: [Train: 176495K->176495K(176576K), 0.0004390 secs] 177032K->176915K(177152K), 0.0031430 secs]
11.408: [GC 11.410: [DefNew: 547K->45K(576K), 0.0014430 secs]11.411: [Train: 176516K->176516K(176640K), 0.0004460 secs] 177042K->176903K(177216K), 0.0031550 secs]
11.412: [GC 11.413: [DefNew: 556K->42K(576K), 0.0014440 secs]11.414: [Train: 176533K->176533K(176640K), 0.0004370 secs] 177073K->176831K(177216K), 0.0031490 secs]
11.415: [GC 11.416: [DefNew: 549K->58K(576K), 0.0014410 secs]11.418: [Train: 176552K->176552K(176640K), 0.0004440 secs] 177082K->176611K(177216K), 0.0031520 secs]
11.419: [GC 11.420: [DefNew: 561K->62K(576K), 0.0014700 secs]11.421: [Train: 176623K->176623K(176704K), 0.0004620 secs] 177114K->176685K(177280K), 0.0032010 secs]
11.422: [GC 11.424: [DefNew: 564K->62K(576K), 0.0014850 secs] 177187K->176761K(177344K), 0.0027510 secs]
11.426: [GC 11.427: [DefNew: 564K->62K(576K), 0.0014900 secs]11.428: [Train: 176772K->176772K(176896K), 0.0004840 secs] 177263K->176834K(177472K), 0.0032580 secs]
11.429: [GC 11.430: [DefNew: 564K->62K(576K), 0.0014730 secs]11.432: [Train: 176846K->176846K(176960K), 0.0004880 secs] 177337K->177164K(177536K), 0.0032380 secs]
11.433: [GC 11.434: [DefNew: 569K->36K(576K), 0.0014670 secs]11.435: [Train: 176910K->176910K(177024K), 0.0004650 secs] 177415K->177287K(177600K), 0.0032090 secs]
11.436: [GC 11.437: [DefNew: 546K->32K(576K), 0.0014630 secs]11.439: [Train: 176948K->176948K(177088K), 0.0004520 secs] 177457K->177365K(177664K), 0.0031840 secs]
11.439: [GC 11.441: [DefNew: 543K->19K(576K), 0.0014410 secs]11.442: [Train: 176971K->176971K(177088K), 0.0004480 secs] 177492K->177374K(177664K), 0.0031600 secs]
11.443: [GC 11.444: [DefNew: 530K->49K(576K), 0.0014290 secs]11.445: [Train: 176971K->176971K(177088K), 0.0004400 secs] 177502K->177404K(177664K), 0.0031420 secs]
11.446: [GC 11.447: [DefNew: 557K->36K(576K), 0.0014360 secs]11.449: [Train: 176990K->176990K(177088K), 0.0004460 secs] 177528K->177410K(177664K), 0.0031520 secs]
11.449: [GC 11.450: [DefNew: 547K->45K(576K), 0.0014430 secs]11.452: [Train: 177012K->177012K(177152K), 0.0004410 secs] 177538K->177442K(177728K), 0.0031690 secs]
11.453: [GC 11.454: [DefNew: 553K->36K(576K), 0.0014360 secs]11.455: [Train: 177028K->177028K(177152K), 0.0004490 secs] 177566K->177406K(177728K), 0.0031620 secs]
11.456: [GC 11.457: [DefNew: 546K->49K(576K), 0.0014430 secs]11.459: [Train: 177048K->177048K(177152K), 0.0004380 secs] 177575K->177353K(177728K), 0.0031510 secs]
11.459: [GC 11.461: [DefNew: 559K->49K(576K), 0.0014670 secs]11.462: [Train: 177089K->177089K(177216K), 0.0004610 secs] 177607K->177138K(177792K), 0.0032000 secs]
11.463: [GC 11.464: [DefNew: 551K->62K(576K), 0.0014740 secs]11.466: [Train: 177150K->177150K(177280K), 0.0005040 secs] 177640K->177212K(177856K), 0.0032530 secs]
11.467: [GC 11.468: [DefNew: 564K->62K(576K), 0.0014790 secs] 177714K->177286K(177856K), 0.0027380 secs]
11.470: [GC 11.471: [DefNew: 564K->62K(576K), 0.0015120 secs]11.473: [Train: 177297K->177297K(177408K), 0.0004540 secs] 177788K->177359K(177984K), 0.0032430 secs]
11.474: [GC 11.475: [DefNew: 564K->62K(576K), 0.0014790 secs]11.476: [Train: 177371K->177371K(177472K), 0.0004400 secs] 177862K->177689K(178048K), 0.0032170 secs]
11.477: [GC 11.478: [DefNew: 569K->45K(576K), 0.0014640 secs]11.480: [Train: 177425K->177425K(177536K), 0.0004510 secs] 177941K->177812K(178112K), 0.0031970 secs]
11.480: [GC 11.482: [DefNew: 556K->22K(576K), 0.0014550 secs]11.483: [Train: 177463K->177463K(177600K), 0.0004410 secs] 177982K->177870K(178176K), 0.0031710 secs]
11.484: [GC 11.485: [DefNew: 534K->52K(576K), 0.0014450 secs]11.486: [Train: 177463K->177463K(177600K), 0.0004850 secs] 177997K->177899K(178176K), 0.0032030 secs]
11.487: [GC 11.488: [DefNew: 560K->36K(576K), 0.0014460 secs]11.490: [Train: 177486K->177486K(177600K), 0.0004650 secs] 178023K->177906K(178176K), 0.0031860 secs]
11.490: [GC 11.492: [DefNew: 547K->45K(576K), 0.0014460 secs]11.493: [Train: 177506K->177506K(177600K), 0.0004410 secs] 178033K->177935K(178176K), 0.0031670 secs]
11.494: [GC 11.495: [DefNew: 553K->36K(576K), 0.0014440 secs]11.496: [Train: 177524K->177524K(177664K), 0.0004650 secs] 178059K->177944K(178240K), 0.0031860 secs]
11.497: [GC 11.498: [DefNew: 547K->45K(576K), 0.0014430 secs]11.500: [Train: 177544K->177544K(177664K), 0.0004720 secs] 178071K->177931K(178240K), 0.0032030 secs]
11.500: [GC 11.502: [DefNew: 556K->42K(576K), 0.0014450 secs]11.503: [Train: 177560K->177560K(177664K), 0.0004640 secs] 178100K->177858K(178240K), 0.0031850 secs]
11.504: [GC 11.505: [DefNew: 549K->58K(576K), 0.0014490 secs]11.506: [Train: 177580K->177580K(177664K), 0.0004370 secs] 178110K->177638K(178240K), 0.0031590 secs]
11.507: [GC 11.509: [DefNew: 561K->62K(576K), 0.0015010 secs]11.510: [Train: 177652K->177652K(177792K), 0.0004760 secs] 178141K->177714K(178368K), 0.0032540 secs]
11.511: [GC 11.512: [DefNew: 564K->62K(576K), 0.0014850 secs] 178216K->177788K(178368K), 0.0027530 secs]
11.514: [GC 11.515: [DefNew: 564K->62K(576K), 0.0015000 secs]11.517: [Train: 177800K->177800K(177920K), 0.0004910 secs] 178290K->177862K(178496K), 0.0032770 secs]
11.518: [GC 11.519: [DefNew: 564K->62K(576K), 0.0014800 secs]11.521: [Train: 177873K->177873K(177984K), 0.0005050 secs] 178364K->178192K(178560K), 0.0032640 secs]
11.522: [GC 11.523: [DefNew: 569K->36K(576K), 0.0014700 secs]11.524: [Train: 177937K->177937K(178048K), 0.0004700 secs] 178443K->178315K(178624K), 0.0032420 secs]
11.525: [GC 11.526: [DefNew: 546K->32K(576K), 0.0014560 secs]11.528: [Train: 177975K->177975K(178112K), 0.0004580 secs] 178484K->178392K(178688K), 0.0031980 secs]
11.528: [GC 11.529: [DefNew: 543K->19K(576K), 0.0014460 secs]11.531: [Train: 177998K->177998K(178112K), 0.0004430 secs] 178519K->178402K(178688K), 0.0031660 secs]
11.532: [GC 11.533: [DefNew: 530K->49K(576K), 0.0014470 secs]11.534: [Train: 177998K->177998K(178112K), 0.0004450 secs] 178529K->178431K(178688K), 0.0031660 secs]
11.535: [GC 11.536: [DefNew: 557K->36K(576K), 0.0014430 secs]11.537: [Train: 178018K->178018K(178112K), 0.0004530 secs] 178555K->178438K(178688K), 0.0031700 secs]
11.538: [GC 11.539: [DefNew: 547K->45K(576K), 0.0014500 secs]11.541: [Train: 178039K->178039K(178176K), 0.0004780 secs] 178565K->178469K(178752K), 0.0032060 secs]
11.542: [GC 11.543: [DefNew: 553K->36K(576K), 0.0014670 secs]11.544: [Train: 178056K->178056K(178176K), 0.0004390 secs] 178593K->178433K(178752K), 0.0032250 secs]
11.545: [GC 11.546: [DefNew: 546K->49K(576K), 0.0014480 secs]11.548: [Train: 178075K->178075K(178176K), 0.0004310 secs] 178602K->178380K(178752K), 0.0031710 secs]
11.548: [GC 11.549: [DefNew: 559K->49K(576K), 0.0014670 secs]11.551: [Train: 178116K->178116K(178240K), 0.0004720 secs] 178635K->178165K(178816K), 0.0032150 secs]
11.552: [GC 11.553: [DefNew: 551K->62K(576K), 0.0014840 secs]11.555: [Train: 178177K->178177K(178304K), 0.0004630 secs] 178668K->178239K(178880K), 0.0032270 secs]
11.556: [GC 11.557: [DefNew: 564K->62K(576K), 0.0014940 secs] 178742K->178313K(178880K), 0.0027610 secs]
11.559: [GC 11.560: [DefNew: 564K->62K(576K), 0.0014960 secs]11.562: [Train: 178325K->178325K(178432K), 0.0004760 secs] 178815K->178387K(179008K), 0.0032500 secs]
11.563: [GC 11.564: [DefNew: 564K->62K(576K), 0.0014840 secs]11.565: [Train: 178398K->178398K(178496K), 0.0004560 secs] 178889K->178717K(179072K), 0.0032270 secs]
11.566: [GC 11.567: [DefNew: 569K->45K(576K), 0.0014770 secs]11.569: [Train: 178453K->178453K(178560K), 0.0004610 secs] 178968K->178840K(179136K), 0.0032190 secs]
11.569: [GC 11.571: [DefNew: 556K->22K(576K), 0.0014650 secs]11.572: [Train: 178490K->178490K(178624K), 0.0004560 secs] 179009K->178897K(179200K), 0.0032120 secs]
11.573: [GC 11.574: [DefNew: 534K->52K(576K), 0.0014410 secs]11.575: [Train: 178490K->178490K(178624K), 0.0004420 secs] 179025K->178927K(179200K), 0.0031660 secs]
11.576: [GC 11.577: [DefNew: 560K->36K(576K), 0.0014550 secs]11.579: [Train: 178513K->178513K(178624K), 0.0004530 secs] 179051K->178933K(179200K), 0.0031850 secs]
11.579: [GC 11.581: [DefNew: 547K->45K(576K), 0.0014690 secs]11.582: [Train: 178533K->178533K(178624K), 0.0004480 secs] 179061K->178963K(179200K), 0.0031950 secs]
11.583: [GC 11.584: [DefNew: 553K->36K(576K), 0.0014540 secs]11.585: [Train: 178551K->178551K(178688K), 0.0004610 secs] 179087K->178971K(179264K), 0.0031950 secs]
11.586: [GC 11.587: [DefNew: 547K->45K(576K), 0.0014520 secs]11.589: [Train: 178571K->178571K(178688K), 0.0004560 secs] 179098K->178958K(179264K), 0.0031870 secs]
11.589: [GC 11.591: [DefNew: 556K->42K(576K), 0.0014490 secs]11.592: [Train: 178587K->178587K(178688K), 0.0004750 secs] 179128K->178886K(179264K), 0.0032100 secs]
11.593: [GC 11.594: [DefNew: 549K->58K(576K), 0.0014550 secs]11.595: [Train: 178607K->178607K(178688K), 0.0004480 secs] 179137K->178666K(179264K), 0.0031960 secs]
11.596: [GC 11.598: [DefNew: 561K->62K(576K), 0.0015070 secs]11.599: [Train: 178679K->178679K(178816K), 0.0004500 secs] 179168K->178741K(179392K), 0.0032410 secs]
11.600: [GC 11.601: [DefNew: 564K->62K(576K), 0.0015110 secs] 179244K->178815K(179392K), 0.0028090 secs]
11.603: [GC 11.605: [DefNew: 564K->62K(576K), 0.0015160 secs]11.606: [Train: 178827K->178827K(178944K), 0.0004720 secs] 179318K->178889K(179520K), 0.0032720 secs]
11.607: [GC 11.608: [DefNew: 564K->62K(576K), 0.0015010 secs]11.610: [Train: 178901K->178901K(179008K), 0.0004850 secs] 179391K->179219K(179584K), 0.0032840 secs]
11.611: [GC 11.612: [DefNew: 569K->36K(576K), 0.0014770 secs]11.613: [Train: 178965K->178965K(179072K), 0.0004490 secs] 179470K->179342K(179648K), 0.0032200 secs]
11.614: [GC 11.615: [DefNew: 546K->32K(576K), 0.0014640 secs]11.617: [Train: 179002K->179002K(179136K), 0.0004480 secs] 179512K->179419K(179712K), 0.0031980 secs]
11.617: [GC 11.619: [DefNew: 543K->19K(576K), 0.0014540 secs]11.620: [Train: 179025K->179025K(179136K), 0.0004300 secs] 179546K->179429K(179712K), 0.0031840 secs]
11.621: [GC 11.622: [DefNew: 530K->49K(576K), 0.0014480 secs]11.623: [Train: 179025K->179025K(179136K), 0.0004280 secs] 179556K->179458K(179712K), 0.0031660 secs]
11.624: [GC 11.625: [DefNew: 557K->36K(576K), 0.0014590 secs]11.627: [Train: 179045K->179045K(179136K), 0.0004580 secs] 179582K->179465K(179712K), 0.0032000 secs]
11.627: [GC 11.628: [DefNew: 547K->45K(576K), 0.0014700 secs]11.630: [Train: 179066K->179066K(179200K), 0.0004470 secs] 179592K->179496K(179776K), 0.0032020 secs]
11.631: [GC 11.632: [DefNew: 553K->36K(576K), 0.0014500 secs]11.633: [Train: 179083K->179083K(179200K), 0.0004440 secs] 179620K->179460K(179776K), 0.0031770 secs]
11.634: [GC 11.635: [DefNew: 546K->49K(576K), 0.0014530 secs]11.637: [Train: 179102K->179102K(179200K), 0.0004360 secs] 179630K->179407K(179776K), 0.0031710 secs]
11.637: [GC 11.639: [DefNew: 559K->49K(576K), 0.0014680 secs]11.640: [Train: 179144K->179144K(179264K), 0.0004750 secs] 179662K->179193K(179840K), 0.0032340 secs]
11.641: [GC 11.642: [DefNew: 551K->62K(576K), 0.0014910 secs]11.644: [Train: 179204K->179204K(179328K), 0.0004700 secs] 179695K->179266K(179904K), 0.0032620 secs]
11.645: [GC 11.646: [DefNew: 564K->62K(576K), 0.0014960 secs] 179769K->179340K(179904K), 0.0027790 secs]
11.648: [GC 11.649: [DefNew: 564K->62K(576K), 0.0015040 secs]11.651: [Train: 179352K->179352K(179456K), 0.0004620 secs] 179843K->179414K(180032K), 0.0032540 secs]
11.652: [GC 11.653: [DefNew: 564K->62K(576K), 0.0015050 secs]11.654: [Train: 179426K->179426K(179520K), 0.0004800 secs] 179916K->179744K(180096K), 0.0032720 secs]
11.655: [GC 11.656: [DefNew: 569K->45K(576K), 0.0014800 secs]11.658: [Train: 179480K->179480K(179584K), 0.0004530 secs] 179995K->179867K(180160K), 0.0032210 secs]
11.659: [GC 11.660: [DefNew: 556K->22K(576K), 0.0014660 secs]11.661: [Train: 179518K->179518K(179648K), 0.0004880 secs] 180037K->179925K(180224K), 0.0032430 secs]
11.662: [GC 11.663: [DefNew: 534K->52K(576K), 0.0014460 secs]11.665: [Train: 179518K->179518K(179648K), 0.0004420 secs] 180052K->179954K(180224K), 0.0031760 secs]
11.665: [GC 11.666: [DefNew: 560K->36K(576K), 0.0014590 secs]11.668: [Train: 179541K->179541K(179648K), 0.0004590 secs] 180078K->179961K(180224K), 0.0032200 secs]
11.669: [GC 11.670: [DefNew: 547K->45K(576K), 0.0014560 secs]11.671: [Train: 179560K->179560K(179648K), 0.0004820 secs] 180088K->179990K(180224K), 0.0032360 secs]
11.672: [GC 11.673: [DefNew: 553K->36K(576K), 0.0014640 secs]11.675: [Train: 179578K->179578K(179712K), 0.0004640 secs] 180114K->179998K(180288K), 0.0032170 secs]
11.675: [GC 11.677: [DefNew: 547K->45K(576K), 0.0014690 secs]11.678: [Train: 179598K->179598K(179712K), 0.0004390 secs] 180126K->179985K(180288K), 0.0031960 secs]
11.679: [GC 11.680: [DefNew: 556K->42K(576K), 0.0014550 secs]11.681: [Train: 179614K->179614K(179712K), 0.0004430 secs] 180155K->179913K(180288K), 0.0031860 secs]
11.682: [GC 11.683: [DefNew: 549K->58K(576K), 0.0014630 secs]11.685: [Train: 179636K->179636K(179776K), 0.0004480 secs] 180164K->179695K(180352K), 0.0032010 secs]
11.686: [GC 11.687: [DefNew: 561K->62K(576K), 0.0014910 secs]11.688: [Train: 179706K->179706K(179840K), 0.0004640 secs] 180197K->179769K(180416K), 0.0032490 secs]
11.689: [GC 11.691: [DefNew: 564K->62K(576K), 0.0014920 secs] 180271K->179842K(180416K), 0.0027840 secs]
11.693: [GC 11.694: [DefNew: 564K->62K(576K), 0.0015080 secs]11.695: [Train: 179854K->179854K(179968K), 0.0004670 secs] 180345K->179916K(180544K), 0.0032710 secs]
11.696: [GC 11.698: [DefNew: 564K->62K(576K), 0.0014990 secs]11.699: [Train: 179928K->179928K(180032K), 0.0004540 secs] 180419K->180246K(180608K), 0.0032470 secs]
11.700: [GC 11.701: [DefNew: 569K->36K(576K), 0.0014930 secs]11.703: [Train: 179992K->179992K(180096K), 0.0004750 secs] 180497K->180369K(180672K), 0.0032660 secs]
11.703: [GC 11.704: [DefNew: 546K->32K(576K), 0.0014760 secs]11.706: [Train: 180030K->180030K(180160K), 0.0004600 secs] 180539K->180446K(180736K), 0.0032290 secs]
11.707: [GC 11.708: [DefNew: 543K->19K(576K), 0.0014570 secs]11.709: [Train: 180053K->180053K(180160K), 0.0004420 secs] 180574K->180456K(180736K), 0.0031900 secs]
11.710: [GC 11.711: [DefNew: 530K->49K(576K), 0.0014490 secs]11.713: [Train: 180053K->180053K(180160K), 0.0004420 secs] 180583K->180486K(180736K), 0.0031810 secs]
11.713: [GC 11.715: [DefNew: 557K->36K(576K), 0.0014570 secs]11.716: [Train: 180072K->180072K(180160K), 0.0004360 secs] 180610K->180492K(180736K), 0.0031970 secs]
11.717: [GC 11.718: [DefNew: 547K->45K(576K), 0.0014660 secs]11.719: [Train: 180094K->180094K(180224K), 0.0004410 secs] 180619K->180523K(180800K), 0.0032050 secs]
11.720: [GC 11.721: [DefNew: 553K->36K(576K), 0.0014630 secs]11.723: [Train: 180110K->180110K(180224K), 0.0004740 secs] 180647K->180487K(180800K), 0.0032280 secs]
11.723: [GC 11.725: [DefNew: 546K->49K(576K), 0.0014760 secs]11.726: [Train: 180130K->180130K(180224K), 0.0004550 secs] 180657K->180435K(180800K), 0.0032230 secs]
11.727: [GC 11.728: [DefNew: 559K->49K(576K), 0.0014770 secs]11.730: [Train: 180171K->180171K(180288K), 0.0004670 secs] 180689K->180220K(180864K), 0.0032390 secs]
11.731: [GC 11.732: [DefNew: 551K->62K(576K), 0.0014870 secs]11.733: [Train: 180232K->180232K(180352K), 0.0004850 secs] 180722K->180294K(180928K), 0.0032680 secs]
11.734: [GC 11.735: [DefNew: 564K->62K(576K), 0.0014990 secs] 180796K->180367K(180928K), 0.0027800 secs]
11.737: [GC 11.739: [DefNew: 564K->62K(576K), 0.0015090 secs]11.740: [Train: 180379K->180379K(180480K), 0.0004710 secs] 180870K->180441K(181056K), 0.0032880 secs]
11.741: [GC 11.742: [DefNew: 564K->62K(576K), 0.0014980 secs]11.744: [Train: 180453K->180453K(180544K), 0.0004690 secs] 180944K->180771K(181120K), 0.0032680 secs]
11.745: [GC 11.746: [DefNew: 569K->45K(576K), 0.0014900 secs]11.747: [Train: 180507K->180507K(180608K), 0.0004670 secs] 181022K->180894K(181184K), 0.0032610 secs]
11.748: [GC 11.749: [DefNew: 556K->22K(576K), 0.0014870 secs]11.751: [Train: 180545K->180545K(180672K), 0.0004660 secs] 181064K->180952K(181248K), 0.0032490 secs]
11.751: [GC 11.753: [DefNew: 534K->52K(576K), 0.0014590 secs]11.754: [Train: 180545K->180545K(180672K), 0.0004500 secs] 181079K->180981K(181248K), 0.0032030 secs]
11.755: [GC 11.756: [DefNew: 560K->36K(576K), 0.0014630 secs]11.757: [Train: 180568K->180568K(180672K), 0.0004530 secs] 181105K->180988K(181248K), 0.0032100 secs]
11.758: [GC 11.759: [DefNew: 547K->45K(576K), 0.0014640 secs]11.761: [Train: 180588K->180588K(180672K), 0.0004600 secs] 181115K->181017K(181248K), 0.0032190 secs]
11.762: [GC 11.763: [DefNew: 553K->36K(576K), 0.0014670 secs]11.764: [Train: 180606K->180606K(180736K), 0.0004690 secs] 181141K->181026K(181312K), 0.0032410 secs]
11.765: [GC 11.766: [DefNew: 547K->45K(576K), 0.0014790 secs]11.768: [Train: 180625K->180625K(180736K), 0.0004420 secs] 181153K->181012K(181312K), 0.0032390 secs]
11.768: [GC 11.770: [DefNew: 556K->42K(576K), 0.0014700 secs]11.771: [Train: 180642K->180642K(180736K), 0.0004350 secs] 181182K->180940K(181312K), 0.0032000 secs]
11.772: [GC 11.773: [DefNew: 549K->58K(576K), 0.0014860 secs]11.774: [Train: 180663K->180663K(180800K), 0.0004780 secs] 181191K->180722K(181376K), 0.0032580 secs]
11.775: [GC 11.777: [DefNew: 561K->62K(576K), 0.0015050 secs]11.778: [Train: 180734K->180734K(180864K), 0.0004460 secs] 181224K->180796K(181440K), 0.0032500 secs]
11.779: [GC 11.780: [DefNew: 564K->62K(576K), 0.0015030 secs] 181298K->180870K(181440K), 0.0027880 secs]
11.782: [GC 11.784: [DefNew: 564K->62K(576K), 0.0015210 secs]11.785: [Train: 180881K->180881K(180992K), 0.0004680 secs] 181372K->180944K(181568K), 0.0032840 secs]
11.786: [GC 11.787: [DefNew: 564K->62K(576K), 0.0015090 secs]11.789: [Train: 180955K->180955K(181056K), 0.0004570 secs] 181446K->181273K(181632K), 0.0032660 secs]
11.790: [GC 11.791: [DefNew: 569K->36K(576K), 0.0015010 secs]11.792: [Train: 181019K->181019K(181120K), 0.0004800 secs] 181525K->181397K(181696K), 0.0032940 secs]
11.793: [GC 11.794: [DefNew: 546K->32K(576K), 0.0014860 secs]11.796: [Train: 181057K->181057K(181184K), 0.0004690 secs] 181566K->181474K(181760K), 0.0032580 secs]
11.796: [GC 11.798: [DefNew: 543K->19K(576K), 0.0014690 secs]11.799: [Train: 181080K->181080K(181184K), 0.0004490 secs] 181601K->181484K(181760K), 0.0032290 secs]
11.800: [GC 11.801: [DefNew: 530K->49K(576K), 0.0014650 secs]11.802: [Train: 181080K->181080K(181184K), 0.0004630 secs] 181611K->181513K(181760K), 0.0032270 secs]
11.803: [GC 11.804: [DefNew: 557K->36K(576K), 0.0014760 secs]11.806: [Train: 181100K->181100K(181184K), 0.0004480 secs] 181637K->181520K(181760K), 0.0032220 secs]
11.807: [GC 11.808: [DefNew: 547K->45K(576K), 0.0014760 secs]11.809: [Train: 181121K->181121K(181248K), 0.0004930 secs] 181647K->181551K(181824K), 0.0032690 secs]
11.810: [GC 11.811: [DefNew: 553K->36K(576K), 0.0014670 secs]11.813: [Train: 181137K->181137K(181248K), 0.0004530 secs] 181675K->181515K(181824K), 0.0032210 secs]
11.813: [GC 11.815: [DefNew: 546K->49K(576K), 0.0014730 secs]11.816: [Train: 181157K->181157K(181248K), 0.0004340 secs] 181684K->181462K(181824K), 0.0032110 secs]
11.817: [GC 11.818: [DefNew: 559K->49K(576K), 0.0014900 secs]11.819: [Train: 181198K->181198K(181312K), 0.0004660 secs] 181717K->181247K(181888K), 0.0032600 secs]
11.821: [GC 11.822: [DefNew: 551K->62K(576K), 0.0015100 secs]11.823: [Train: 181259K->181259K(181376K), 0.0004730 secs] 181750K->181321K(181952K), 0.0033010 secs]
11.824: [GC 11.825: [DefNew: 564K->62K(576K), 0.0015250 secs] 181823K->181395K(181952K), 0.0028150 secs]
11.827: [GC 11.829: [DefNew: 564K->62K(576K), 0.0015200 secs]11.830: [Train: 181406K->181406K(181504K), 0.0004750 secs] 181897K->181469K(182080K), 0.0032960 secs]
11.831: [GC 11.832: [DefNew: 564K->62K(576K), 0.0015310 secs]11.834: [Train: 181480K->181480K(181568K), 0.0004810 secs] 181971K->181798K(182144K), 0.0033220 secs]
11.835: [GC 11.836: [DefNew: 569K->45K(576K), 0.0015150 secs]11.838: [Train: 181534K->181534K(181632K), 0.0004880 secs] 182050K->181922K(182208K), 0.0033380 secs]
11.838: [GC 11.840: [DefNew: 556K->22K(576K), 0.0014870 secs]11.841: [Train: 181572K->181572K(181696K), 0.0004570 secs] 182091K->181979K(182272K), 0.0032490 secs]
11.842: [GC 11.843: [DefNew: 534K->52K(576K), 0.0014620 secs]11.844: [Train: 181572K->181572K(181696K), 0.0004460 secs] 182106K->182009K(182272K), 0.0032100 secs]
11.845: [GC 11.846: [DefNew: 560K->36K(576K), 0.0014760 secs]11.848: [Train: 181595K->181595K(181696K), 0.0004380 secs] 182133K->182015K(182272K), 0.0032310 secs]
11.848: [GC 11.850: [DefNew: 547K->45K(576K), 0.0014860 secs]11.851: [Train: 181615K->181615K(181696K), 0.0004500 secs] 182142K->182045K(182272K), 0.0032380 secs]
11.852: [GC 11.853: [DefNew: 553K->36K(576K), 0.0015600 secs]11.855: [Train: 181633K->181633K(181760K), 0.0004530 secs] 182169K->182053K(182336K), 0.0033200 secs]
11.855: [GC 11.856: [DefNew: 547K->45K(576K), 0.0014940 secs]11.858: [Train: 181653K->181653K(181760K), 0.0004490 secs] 182180K->182040K(182336K), 0.0032460 secs]
11.859: [GC 11.860: [DefNew: 556K->42K(576K), 0.0014710 secs]11.861: [Train: 181669K->181669K(181760K), 0.0004610 secs] 182209K->181968K(182336K), 0.0032370 secs]
11.862: [GC 11.863: [DefNew: 549K->58K(576K), 0.0014820 secs]11.865: [Train: 181690K->181690K(181824K), 0.0004460 secs] 182219K->181749K(182400K), 0.0032330 secs]
11.866: [GC 11.867: [DefNew: 561K->62K(576K), 0.0015190 secs]11.869: [Train: 181761K->181761K(181888K), 0.0004580 secs] 182252K->181823K(182464K), 0.0032860 secs]
11.870: [GC 11.871: [DefNew: 564K->62K(576K), 0.0015190 secs] 182326K->181897K(182464K), 0.0028250 secs]
11.873: [GC 11.874: [DefNew: 564K->62K(576K), 0.0015320 secs]11.876: [Train: 181909K->181909K(182016K), 0.0004640 secs] 182399K->181971K(182592K), 0.0033110 secs]
11.877: [GC 11.878: [DefNew: 564K->62K(576K), 0.0015180 secs]11.879: [Train: 181982K->181982K(182080K), 0.0004600 secs] 182473K->182301K(182656K), 0.0032900 secs]
11.880: [GC 11.881: [DefNew: 569K->36K(576K), 0.0015190 secs]11.883: [Train: 182046K->182046K(182144K), 0.0004560 secs] 182552K->182424K(182720K), 0.0032810 secs]
11.884: [GC 11.885: [DefNew: 546K->32K(576K), 0.0014960 secs]11.886: [Train: 182084K->182084K(182208K), 0.0004730 secs] 182593K->182501K(182784K), 0.0032750 secs]
11.887: [GC 11.888: [DefNew: 543K->19K(576K), 0.0014820 secs]11.890: [Train: 182107K->182107K(182208K), 0.0004530 secs] 182628K->182511K(182784K), 0.0032420 secs]
11.890: [GC 11.892: [DefNew: 530K->49K(576K), 0.0014650 secs]11.893: [Train: 182107K->182107K(182208K), 0.0004710 secs] 182638K->182540K(182784K), 0.0032430 secs]
11.894: [GC 11.895: [DefNew: 557K->36K(576K), 0.0014910 secs]11.896: [Train: 182127K->182127K(182208K), 0.0004750 secs] 182664K->182547K(182784K), 0.0032750 secs]
11.897: [GC 11.898: [DefNew: 547K->45K(576K), 0.0014900 secs]11.900: [Train: 182148K->182148K(182272K), 0.0004720 secs] 182674K->182578K(182848K), 0.0032820 secs]
11.901: [GC 11.902: [DefNew: 553K->36K(576K), 0.0014770 secs]11.903: [Train: 182165K->182165K(182272K), 0.0004610 secs] 182702K->182542K(182848K), 0.0032510 secs]
11.904: [GC 11.905: [DefNew: 546K->49K(576K), 0.0014920 secs]11.907: [Train: 182184K->182184K(182272K), 0.0004590 secs] 182712K->182489K(182848K), 0.0032590 secs]
11.908: [GC 11.909: [DefNew: 559K->49K(576K), 0.0015030 secs]11.910: [Train: 182225K->182225K(182336K), 0.0004520 secs] 182744K->182274K(182912K), 0.0032630 secs]
11.911: [GC 11.912: [DefNew: 551K->62K(576K), 0.0015190 secs]11.914: [Train: 182286K->182286K(182400K), 0.0004640 secs] 182777K->182348K(182976K), 0.0032960 secs]
11.915: [GC 11.916: [DefNew: 564K->62K(576K), 0.0015320 secs] 182851K->182422K(182976K), 0.0028300 secs]
11.918: [GC 11.919: [DefNew: 564K->62K(576K), 0.0015240 secs]11.921: [Train: 182434K->182434K(182528K), 0.0004540 secs] 182924K->182496K(183104K), 0.0032870 secs]
11.922: [GC 11.923: [DefNew: 564K->62K(576K), 0.0015270 secs]11.925: [Train: 182508K->182508K(182592K), 0.0004410 secs] 182998K->182826K(183168K), 0.0032870 secs]
11.925: [GC 11.927: [DefNew: 569K->45K(576K), 0.0015050 secs]11.928: [Train: 182562K->182562K(182656K), 0.0004930 secs] 183077K->182949K(183232K), 0.0033150 secs]
11.929: [GC 11.930: [DefNew: 556K->22K(576K), 0.0014920 secs]11.932: [Train: 182600K->182600K(182720K), 0.0004480 secs] 183118K->183006K(183296K), 0.0032640 secs]
11.932: [GC 11.934: [DefNew: 534K->52K(576K), 0.0014740 secs]11.935: [Train: 182600K->182600K(182720K), 0.0004660 secs] 183134K->183036K(183296K), 0.0032490 secs]
11.936: [GC 11.937: [DefNew: 560K->36K(576K), 0.0014870 secs]11.938: [Train: 182622K->182622K(182720K), 0.0004440 secs] 183160K->183042K(183296K), 0.0032400 secs]
11.939: [GC 11.940: [DefNew: 547K->45K(576K), 0.0014990 secs]11.942: [Train: 182644K->182644K(182784K), 0.0004610 secs] 183170K->183074K(183360K), 0.0032700 secs]
11.943: [GC 11.944: [DefNew: 553K->36K(576K), 0.0014760 secs]11.945: [Train: 182660K->182660K(182784K), 0.0004610 secs] 183198K->183080K(183360K), 0.0032470 secs]
11.946: [GC 11.947: [DefNew: 547K->45K(576K), 0.0014850 secs]11.949: [Train: 182680K->182680K(182784K), 0.0004700 secs] 183207K->183110K(183360K), 0.0032650 secs]
11.949: [GC 11.951: [DefNew: 553K->36K(576K), 0.0014830 secs]11.952: [Train: 182696K->182696K(182784K), 0.0004540 secs] 183234K->183074K(183360K), 0.0032570 secs]
11.953: [GC 11.954: [DefNew: 546K->49K(576K), 0.0014880 secs]11.955: [Train: 182718K->182718K(182848K), 0.0004530 secs] 183243K->183023K(183424K), 0.0032680 secs]
11.956: [GC 11.957: [DefNew: 559K->49K(576K), 0.0014950 secs]11.959: [Train: 182757K->182757K(182848K), 0.0004560 secs] 183277K->182806K(183424K), 0.0032640 secs]
11.960: [GC 11.961: [DefNew: 551K->62K(576K), 0.0015130 secs]11.963: [Train: 182818K->182818K(182912K), 0.0004580 secs] 183308K->182880K(183488K), 0.0032840 secs]
11.964: [GC 11.965: [DefNew: 564K->62K(576K), 0.0015280 secs] 183382K->182954K(183488K), 0.0028290 secs]
11.967: [GC 11.968: [DefNew: 564K->62K(576K), 0.0015420 secs]11.970: [Train: 182967K->182967K(183104K), 0.0004580 secs] 183456K->183029K(183680K), 0.0033150 secs]
11.971: [GC 11.972: [DefNew: 564K->62K(576K), 0.0015190 secs]11.973: [Train: 183041K->183041K(183168K), 0.0004630 secs] 183532K->183359K(183744K), 0.0032980 secs]
11.974: [GC 11.975: [DefNew: 569K->45K(576K), 0.0015020 secs]11.977: [Train: 183095K->183095K(183232K), 0.0004840 secs] 183610K->183482K(183808K), 0.0032990 secs]
11.978: [GC 11.979: [DefNew: 556K->22K(576K), 0.0014880 secs]11.980: [Train: 183131K->183131K(183232K), 0.0004510 secs] 183652K->183538K(183808K), 0.0032520 secs]
11.981: [GC 11.982: [DefNew: 534K->52K(576K), 0.0014720 secs]11.984: [Train: 183131K->183131K(183232K), 0.0004650 secs] 183665K->183567K(183808K), 0.0032550 secs]
11.984: [GC 11.986: [DefNew: 560K->36K(576K), 0.0014880 secs]11.987: [Train: 183156K->183156K(183296K), 0.0004560 secs] 183691K->183576K(183872K), 0.0032620 secs]
11.988: [GC 11.989: [DefNew: 547K->45K(576K), 0.0014950 secs]11.991: [Train: 183176K->183176K(183296K), 0.0004490 secs] 183703K->183605K(183872K), 0.0032570 secs]
11.991: [GC 11.992: [DefNew: 553K->36K(576K), 0.0014880 secs]11.994: [Train: 183192K->183192K(183296K), 0.0004660 secs] 183729K->183612K(183872K), 0.0032710 secs]
11.995: [GC 11.996: [DefNew: 547K->45K(576K), 0.0014920 secs]11.997: [Train: 183212K->183212K(183296K), 0.0004440 secs] 183739K->183599K(183872K), 0.0032680 secs]
11.998: [GC 11.999: [DefNew: 556K->42K(576K), 0.0014890 secs]12.001: [Train: 183230K->183230K(183360K), 0.0004930 secs] 183768K->183528K(183936K), 0.0032940 secs]
12.002: [GC 12.003: [DefNew: 549K->58K(576K), 0.0015000 secs]12.005: [Train: 183249K->183249K(183360K), 0.0004640 secs] 183779K->183308K(183936K), 0.0036140 secs]
12.006: [GC 12.008: [DefNew: 561K->62K(576K), 0.0015460 secs]12.009: [Train: 183320K->183320K(183424K), 0.0004880 secs] 183811K->183382K(184000K), 0.0039980 secs]
12.010: [GC 12.011: [DefNew: 564K->62K(576K), 0.0015240 secs] 183884K->183456K(184000K), 0.0028330 secs]
12.013: [GC 12.015: [DefNew: 564K->62K(576K), 0.0015360 secs]12.016: [Train: 183468K->183468K(183552K), 0.0004730 secs] 183958K->183530K(184128K), 0.0033400 secs]
12.017: [GC 12.018: [DefNew: 564K->62K(576K), 0.0015440 secs]12.020: [Train: 183543K->183543K(183680K), 0.0004700 secs] 184032K->183861K(184256K), 0.0033540 secs]
12.021: [GC 12.022: [DefNew: 569K->36K(576K), 0.0015120 secs]12.024: [Train: 183607K->183607K(183744K), 0.0004720 secs] 184113K->183984K(184320K), 0.0033090 secs]
12.024: [GC 12.026: [DefNew: 546K->32K(576K), 0.0015360 secs]12.027: [Train: 183643K->183643K(183744K), 0.0004890 secs] 184154K->184060K(184320K), 0.0033450 secs]
12.028: [GC 12.029: [DefNew: 543K->19K(576K), 0.0014950 secs]12.031: [Train: 183668K->183668K(183808K), 0.0004530 secs] 184187K->184072K(184384K), 0.0032680 secs]
12.031: [GC 12.032: [DefNew: 530K->49K(576K), 0.0014810 secs]12.034: [Train: 183668K->183668K(183808K), 0.0004560 secs] 184199K->184101K(184384K), 0.0032540 secs]
12.035: [GC 12.036: [DefNew: 557K->36K(576K), 0.0014860 secs]12.037: [Train: 183688K->183688K(183808K), 0.0004700 secs] 184225K->184108K(184384K), 0.0032710 secs]
12.038: [GC 12.039: [DefNew: 547K->45K(576K), 0.0014870 secs]12.041: [Train: 183707K->183707K(183808K), 0.0004600 secs] 184235K->184137K(184384K), 0.0032630 secs]
12.041: [GC 12.043: [DefNew: 553K->36K(576K), 0.0015360 secs]12.044: [Train: 183724K->183724K(183808K), 0.0004550 secs] 184261K->184101K(184384K), 0.0033110 secs]
12.045: [GC 12.046: [DefNew: 546K->49K(576K), 0.0014920 secs]12.048: [Train: 183745K->183745K(183872K), 0.0004630 secs] 184271K->184050K(184448K), 0.0032770 secs]
12.048: [GC 12.050: [DefNew: 559K->49K(576K), 0.0015120 secs]12.051: [Train: 183784K->183784K(183872K), 0.0004700 secs] 184305K->183833K(184448K), 0.0033010 secs]
12.052: [GC 12.053: [DefNew: 551K->62K(576K), 0.0015380 secs]12.055: [Train: 183845K->183845K(183936K), 0.0004870 secs] 184336K->183907K(184512K), 0.0033490 secs]
12.056: [GC 12.057: [DefNew: 564K->62K(576K), 0.0015390 secs] 184410K->183981K(184512K), 0.0028520 secs]
12.059: [GC 12.060: [DefNew: 564K->62K(576K), 0.0015600 secs]12.062: [Train: 183994K->183994K(184128K), 0.0004640 secs] 184483K->184057K(184704K), 0.0033500 secs]
12.063: [GC 12.064: [DefNew: 564K->62K(576K), 0.0015300 secs]12.066: [Train: 184068K->184068K(184192K), 0.0004470 secs] 184559K->184386K(184768K), 0.0033010 secs]
12.067: [GC 12.068: [DefNew: 569K->45K(576K), 0.0015100 secs]12.069: [Train: 184122K->184122K(184256K), 0.0004710 secs] 184638K->184510K(184832K), 0.0033010 secs]
12.070: [GC 12.071: [DefNew: 556K->22K(576K), 0.0014910 secs]12.073: [Train: 184158K->184158K(184256K), 0.0004480 secs] 184679K->184565K(184832K), 0.0032580 secs]
12.073: [GC 12.075: [DefNew: 534K->52K(576K), 0.0014810 secs]12.076: [Train: 184158K->184158K(184256K), 0.0004510 secs] 184693K->184595K(184832K), 0.0032700 secs]
12.077: [GC 12.078: [DefNew: 560K->36K(576K), 0.0014960 secs]12.080: [Train: 184183K->184183K(184320K), 0.0004520 secs] 184719K->184603K(184896K), 0.0032750 secs]
12.080: [GC 12.081: [DefNew: 547K->45K(576K), 0.0014970 secs]12.083: [Train: 184203K->184203K(184320K), 0.0004620 secs] 184730K->184633K(184896K), 0.0032810 secs]
12.084: [GC 12.085: [DefNew: 553K->36K(576K), 0.0015070 secs]12.086: [Train: 184219K->184219K(184320K), 0.0004590 secs] 184757K->184639K(184896K), 0.0032860 secs]
12.087: [GC 12.088: [DefNew: 547K->45K(576K), 0.0014970 secs]12.090: [Train: 184239K->184239K(184320K), 0.0004500 secs] 184766K->184626K(184896K), 0.0032680 secs]
12.091: [GC 12.092: [DefNew: 556K->42K(576K), 0.0014960 secs]12.093: [Train: 184257K->184257K(184384K), 0.0004690 secs] 184796K->184556K(184960K), 0.0032850 secs]
12.094: [GC 12.095: [DefNew: 549K->58K(576K), 0.0014960 secs]12.097: [Train: 184277K->184277K(184384K), 0.0004450 secs] 184807K->184336K(184960K), 0.0032610 secs]
12.098: [GC 12.099: [DefNew: 561K->62K(576K), 0.0015320 secs]12.101: [Train: 184347K->184347K(184448K), 0.0004530 secs] 184838K->184409K(185024K), 0.0033090 secs]
12.102: [GC 12.103: [DefNew: 564K->62K(576K), 0.0015360 secs] 184912K->184483K(185024K), 0.0028520 secs]
12.105: [GC 12.106: [DefNew: 564K->62K(576K), 0.0015420 secs]12.108: [Train: 184495K->184495K(184576K), 0.0004910 secs] 184986K->184557K(185152K), 0.0033610 secs]
12.109: [GC 12.110: [DefNew: 564K->62K(576K), 0.0015490 secs]12.111: [Train: 184570K->184570K(184704K), 0.0004710 secs] 185059K->184889K(185280K), 0.0033620 secs]
12.112: [GC 12.113: [DefNew: 569K->36K(576K), 0.0015310 secs]12.115: [Train: 184634K->184634K(184768K), 0.0004770 secs] 185140K->185012K(185344K), 0.0033330 secs]
12.116: [GC 12.117: [DefNew: 546K->32K(576K), 0.0015060 secs]12.118: [Train: 184670K->184670K(184768K), 0.0004630 secs] 185181K->185087K(185344K), 0.0032930 secs]
12.119: [GC 12.120: [DefNew: 543K->19K(576K), 0.0015220 secs]12.122: [Train: 184695K->184695K(184832K), 0.0004630 secs] 185214K->185099K(185408K), 0.0033090 secs]
12.123: [GC 12.124: [DefNew: 530K->49K(576K), 0.0014840 secs]12.125: [Train: 184695K->184695K(184832K), 0.0004700 secs] 185226K->185128K(185408K), 0.0032800 secs]
12.126: [GC 12.127: [DefNew: 557K->36K(576K), 0.0014970 secs]12.129: [Train: 184715K->184715K(184832K), 0.0004830 secs] 185252K->185135K(185408K), 0.0033070 secs]
12.129: [GC 12.131: [DefNew: 547K->45K(576K), 0.0014960 secs]12.132: [Train: 184734K->184734K(184832K), 0.0004670 secs] 185262K->185164K(185408K), 0.0032930 secs]
12.133: [GC 12.134: [DefNew: 553K->36K(576K), 0.0014930 secs]12.136: [Train: 184751K->184751K(184832K), 0.0004500 secs] 185288K->185128K(185408K), 0.0032790 secs]
12.136: [GC 12.138: [DefNew: 546K->49K(576K), 0.0015060 secs]12.139: [Train: 184772K->184772K(184896K), 0.0004730 secs] 185298K->185077K(185472K), 0.0033040 secs]
12.140: [GC 12.141: [DefNew: 559K->49K(576K), 0.0015180 secs]12.143: [Train: 184812K->184812K(184896K), 0.0004770 secs] 185332K->184861K(185472K), 0.0033200 secs]
12.144: [GC 12.145: [DefNew: 551K->62K(576K), 0.0015460 secs]12.146: [Train: 184872K->184872K(184960K), 0.0004860 secs] 185363K->184934K(185536K), 0.0033610 secs]
12.147: [GC 12.149: [DefNew: 564K->62K(576K), 0.0015550 secs] 185437K->185010K(185600K), 0.0028700 secs]
12.151: [GC 12.152: [DefNew: 564K->62K(576K), 0.0015420 secs]12.154: [Train: 185022K->185022K(185152K), 0.0004580 secs] 185512K->185084K(185728K), 0.0033320 secs]
12.154: [GC 12.156: [DefNew: 564K->62K(576K), 0.0015440 secs]12.157: [Train: 185096K->185096K(185216K), 0.0004850 secs] 185586K->185414K(185792K), 0.0033620 secs]
12.158: [GC 12.159: [DefNew: 569K->45K(576K), 0.0015320 secs]12.161: [Train: 185150K->185150K(185280K), 0.0004690 secs] 185665K->185537K(185856K), 0.0033340 secs]
12.162: [GC 12.163: [DefNew: 556K->22K(576K), 0.0015300 secs]12.164: [Train: 185186K->185186K(185280K), 0.0004630 secs] 185706K->185593K(185856K), 0.0033310 secs]
12.165: [GC 12.166: [DefNew: 534K->52K(576K), 0.0014910 secs]12.168: [Train: 185186K->185186K(185280K), 0.0004930 secs] 185720K->185622K(185856K), 0.0033260 secs]
12.169: [GC 12.170: [DefNew: 560K->36K(576K), 0.0015090 secs]12.171: [Train: 185210K->185210K(185344K), 0.0004650 secs] 185746K->185630K(185920K), 0.0033180 secs]
12.172: [GC 12.173: [DefNew: 547K->45K(576K), 0.0015090 secs]12.175: [Train: 185230K->185230K(185344K), 0.0004580 secs] 185758K->185660K(185920K), 0.0032980 secs]
12.175: [GC 12.177: [DefNew: 553K->36K(576K), 0.0015020 secs]12.178: [Train: 185246K->185246K(185344K), 0.0004710 secs] 185784K->185666K(185920K), 0.0033000 secs]
12.179: [GC 12.180: [DefNew: 547K->45K(576K), 0.0015060 secs]12.182: [Train: 185268K->185268K(185408K), 0.0006590 secs] 185794K->185655K(185984K), 0.0034960 secs]
12.183: [GC 12.184: [DefNew: 556K->42K(576K), 0.0015030 secs]12.185: [Train: 185284K->185284K(185408K), 0.0004760 secs] 185825K->185583K(185984K), 0.0034450 secs]
12.186: [GC 12.188: [DefNew: 549K->58K(576K), 0.0015160 secs]12.189: [Train: 185304K->185304K(185408K), 0.0004710 secs] 185834K->185363K(185984K), 0.0033430 secs]
12.190: [GC 12.191: [DefNew: 561K->62K(576K), 0.0015440 secs]12.193: [Train: 185374K->185374K(185472K), 0.0004850 secs] 185865K->185437K(186048K), 0.0033650 secs]
12.194: [GC 12.195: [DefNew: 564K->62K(576K), 0.0015450 secs] 185939K->185510K(186048K), 0.0028890 secs]
12.197: [GC 12.198: [DefNew: 564K->62K(576K), 0.0015600 secs]12.200: [Train: 185524K->185524K(185664K), 0.0005040 secs] 186013K->185586K(186240K), 0.0033990 secs]
12.201: [GC 12.202: [DefNew: 564K->62K(576K), 0.0015430 secs]12.204: [Train: 185598K->185598K(185728K), 0.0004700 secs] 186088K->185916K(186304K), 0.0033530 secs]
12.205: [GC 12.206: [DefNew: 569K->36K(576K), 0.0015340 secs]12.207: [Train: 185662K->185662K(185792K), 0.0004700 secs] 186167K->186039K(186368K), 0.0033500 secs]
12.208: [GC 12.209: [DefNew: 546K->32K(576K), 0.0015140 secs]12.211: [Train: 185698K->185698K(185792K), 0.0004580 secs] 186209K->186114K(186368K), 0.0033030 secs]
12.212: [GC 12.213: [DefNew: 543K->19K(576K), 0.0015360 secs]12.214: [Train: 185722K->185722K(185856K), 0.0004630 secs] 186242K->186126K(186432K), 0.0033330 secs]
12.215: [GC 12.216: [DefNew: 530K->49K(576K), 0.0015050 secs]12.218: [Train: 185722K->185722K(185856K), 0.0004650 secs] 186253K->186155K(186432K), 0.0033020 secs]
12.219: [GC 12.220: [DefNew: 557K->36K(576K), 0.0015020 secs]12.221: [Train: 185742K->185742K(185856K), 0.0004620 secs] 186279K->186162K(186432K), 0.0032970 secs]
12.222: [GC 12.223: [DefNew: 547K->45K(576K), 0.0015040 secs]12.225: [Train: 185762K->185762K(185856K), 0.0004640 secs] 186289K->186191K(186432K), 0.0033000 secs]
12.225: [GC 12.227: [DefNew: 553K->36K(576K), 0.0015040 secs]12.228: [Train: 185780K->185780K(185920K), 0.0004590 secs] 186315K->186157K(186496K), 0.0032990 secs]
12.229: [GC 12.230: [DefNew: 546K->49K(576K), 0.0015060 secs]12.232: [Train: 185800K->185800K(185920K), 0.0004430 secs] 186327K->186105K(186496K), 0.0032950 secs]
12.232: [GC 12.234: [DefNew: 559K->49K(576K), 0.0015210 secs]12.235: [Train: 185839K->185839K(185920K), 0.0004570 secs] 186359K->185888K(186496K), 0.0033100 secs]
12.236: [GC 12.237: [DefNew: 551K->62K(576K), 0.0015440 secs]12.239: [Train: 185900K->185900K(185984K), 0.0004940 secs] 186390K->185962K(186560K), 0.0033730 secs]
12.240: [GC 12.241: [DefNew: 564K->62K(576K), 0.0015680 secs] 186464K->186037K(186624K), 0.0028900 secs]
12.243: [GC 12.245: [DefNew: 564K->62K(576K), 0.0015600 secs]12.246: [Train: 186049K->186049K(186176K), 0.0004560 secs] 186540K->186111K(186752K), 0.0033570 secs]
12.247: [GC 12.248: [DefNew: 564K->62K(576K), 0.0015530 secs]12.250: [Train: 186123K->186123K(186240K), 0.0004720 secs] 186614K->186441K(186816K), 0.0033600 secs]
12.251: [GC 12.252: [DefNew: 569K->45K(576K), 0.0015330 secs]12.253: [Train: 186177K->186177K(186304K), 0.0004750 secs] 186692K->186564K(186880K), 0.0033450 secs]
12.254: [GC 12.255: [DefNew: 556K->22K(576K), 0.0015150 secs]12.257: [Train: 186213K->186213K(186304K), 0.0004780 secs] 186734K->186620K(186880K), 0.0033260 secs]
12.258: [GC 12.259: [DefNew: 534K->52K(576K), 0.0014950 secs]12.260: [Train: 186213K->186213K(186304K), 0.0004630 secs] 186747K->186649K(186880K), 0.0032900 secs]
12.261: [GC 12.262: [DefNew: 560K->36K(576K), 0.0015190 secs]12.264: [Train: 186238K->186238K(186368K), 0.0004740 secs] 186773K->186658K(186944K), 0.0033380 secs]
12.265: [GC 12.266: [DefNew: 547K->45K(576K), 0.0015090 secs]12.267: [Train: 186257K->186257K(186368K), 0.0004620 secs] 186785K->186687K(186944K), 0.0033190 secs]
12.268: [GC 12.269: [DefNew: 553K->36K(576K), 0.0015090 secs]12.271: [Train: 186274K->186274K(186368K), 0.0004610 secs] 186811K->186694K(186944K), 0.0033040 secs]
12.271: [GC 12.273: [DefNew: 547K->45K(576K), 0.0050170 secs]12.278: [Train: 186295K->186295K(186432K), 0.0007950 secs] 186821K->186682K(187008K), 0.0071730 secs]
12.279: [GC 12.280: [DefNew: 556K->42K(576K), 0.0015540 secs]12.282: [Train: 186312K->186312K(186432K), 0.0004920 secs] 186852K->186610K(187008K), 0.0034570 secs]
12.283: [GC 12.284: [DefNew: 549K->58K(576K), 0.0015340 secs]12.285: [Train: 186331K->186331K(186432K), 0.0005010 secs] 186861K->186390K(187008K), 0.0034040 secs]
12.286: [GC 12.288: [DefNew: 561K->62K(576K), 0.0015680 secs]12.289: [Train: 186402K->186402K(186496K), 0.0005030 secs] 186892K->186464K(187072K), 0.0034310 secs]
12.290: [GC 12.292: [DefNew: 564K->62K(576K), 0.0015610 secs] 186966K->186538K(187072K), 0.0029010 secs]
12.294: [GC 12.295: [DefNew: 564K->62K(576K), 0.0016600 secs]12.297: [Train: 186551K->186551K(186688K), 0.0005100 secs] 187040K->186613K(187264K), 0.0035360 secs]
12.298: [GC 12.299: [DefNew: 564K->62K(576K), 0.0015870 secs]12.301: [Train: 186625K->186625K(186752K), 0.0004980 secs] 187116K->186943K(187328K), 0.0034690 secs]
12.301: [GC 12.303: [DefNew: 569K->36K(576K), 0.0015560 secs]12.304: [Train: 186689K->186689K(186816K), 0.0004670 secs] 187194K->187066K(187392K), 0.0034020 secs]
12.305: [GC 12.306: [DefNew: 546K->32K(576K), 0.0015310 secs]12.308: [Train: 186725K->186725K(186816K), 0.0005010 secs] 187236K->187142K(187392K), 0.0033950 secs]
12.309: [GC 12.310: [DefNew: 543K->19K(576K), 0.0015280 secs]12.311: [Train: 186750K->186750K(186880K), 0.0004820 secs] 187269K->187153K(187456K), 0.0033770 secs]
12.312: [GC 12.313: [DefNew: 530K->49K(576K), 0.0015330 secs]12.315: [Train: 186750K->186750K(186880K), 0.0004480 secs] 187281K->187183K(187456K), 0.0033320 secs]
12.316: [GC 12.317: [DefNew: 557K->36K(576K), 0.0015460 secs]12.318: [Train: 186769K->186769K(186880K), 0.0004660 secs] 187307K->187189K(187456K), 0.0033640 secs]
12.319: [GC 12.320: [DefNew: 547K->45K(576K), 0.0015180 secs]12.322: [Train: 186789K->186789K(186880K), 0.0004660 secs] 187317K->187219K(187456K), 0.0033230 secs]
12.323: [GC 12.324: [DefNew: 553K->36K(576K), 0.0015250 secs]12.325: [Train: 186807K->186807K(186944K), 0.0004990 secs] 187343K->187184K(187520K), 0.0033680 secs]
12.326: [GC 12.327: [DefNew: 546K->49K(576K), 0.0015120 secs]12.329: [Train: 186827K->186827K(186944K), 0.0004850 secs] 187354K->187132K(187520K), 0.0033360 secs]
12.330: [GC 12.331: [DefNew: 559K->49K(576K), 0.0015260 secs]12.332: [Train: 186868K->186868K(187008K), 0.0004550 secs] 187386K->186917K(187584K), 0.0033210 secs]
12.333: [GC 12.335: [DefNew: 551K->62K(576K), 0.0023030 secs]12.337: [Train: 186927K->186927K(187008K), 0.0005140 secs] 187419K->186989K(187584K), 0.0043790 secs]
12.338: [GC 12.340: [DefNew: 564K->62K(576K), 0.0015630 secs] 187491K->187065K(187648K), 0.0028980 secs]
12.342: [GC 12.343: [DefNew: 564K->62K(576K), 0.0015650 secs]12.344: [Train: 187076K->187076K(187200K), 0.0004810 secs] 187567K->187138K(187776K), 0.0034020 secs]
12.345: [GC 12.347: [DefNew: 564K->62K(576K), 0.0015500 secs]12.348: [Train: 187150K->187150K(187264K), 0.0004600 secs] 187641K->187468K(187840K), 0.0033590 secs]
12.349: [GC 12.350: [DefNew: 569K->45K(576K), 0.0015330 secs]12.352: [Train: 187204K->187204K(187328K), 0.0004900 secs] 187719K->187591K(187904K), 0.0033770 secs]
12.353: [GC 12.354: [DefNew: 556K->22K(576K), 0.0015160 secs]12.355: [Train: 187240K->187240K(187328K), 0.0004610 secs] 187761K->187647K(187904K), 0.0033240 secs]
12.356: [GC 12.357: [DefNew: 534K->52K(576K), 0.0015070 secs]12.359: [Train: 187240K->187240K(187328K), 0.0004460 secs] 187774K->187677K(187904K), 0.0032940 secs]
12.360: [GC 12.361: [DefNew: 560K->36K(576K), 0.0015370 secs]12.362: [Train: 187265K->187265K(187392K), 0.0006770 secs] 187801K->187685K(187968K), 0.0035580 secs]
12.363: [GC 12.364: [DefNew: 547K->45K(576K), 0.0015210 secs]12.366: [Train: 187285K->187285K(187392K), 0.0004500 secs] 187812K->187714K(187968K), 0.0033170 secs]
12.367: [GC 12.368: [DefNew: 553K->36K(576K), 0.0015090 secs]12.369: [Train: 187301K->187301K(187392K), 0.0004720 secs] 187838K->187721K(187968K), 0.0033210 secs]
12.370: [GC 12.371: [DefNew: 547K->45K(576K), 0.0015160 secs]12.373: [Train: 187322K->187322K(187456K), 0.0004580 secs] 187848K->187710K(188032K), 0.0033150 secs]
12.374: [GC 12.375: [DefNew: 556K->42K(576K), 0.0015120 secs]12.376: [Train: 187339K->187339K(187456K), 0.0004470 secs] 187879K->187637K(188032K), 0.0033120 secs]
12.377: [GC 12.378: [DefNew: 549K->58K(576K), 0.0015160 secs]12.380: [Train: 187358K->187358K(187456K), 0.0004690 secs] 187889K->187417K(188032K), 0.0033320 secs]
12.381: [GC 12.382: [DefNew: 561K->62K(576K), 0.0015490 secs]12.384: [Train: 187429K->187429K(187520K), 0.0004600 secs] 187920K->187491K(188096K), 0.0033600 secs]
12.385: [GC 12.386: [DefNew: 564K->62K(576K), 0.0015510 secs] 187994K->187565K(188096K), 0.0028990 secs]
12.388: [GC 12.389: [DefNew: 564K->62K(576K), 0.0015850 secs]12.391: [Train: 187578K->187578K(187712K), 0.0004980 secs] 188067K->187641K(188288K), 0.0034250 secs]
12.392: [GC 12.393: [DefNew: 564K->62K(576K), 0.0015570 secs]12.395: [Train: 187652K->187652K(187776K), 0.0004570 secs] 188143K->187970K(188352K), 0.0033610 secs]
12.396: [GC 12.397: [DefNew: 569K->36K(576K), 0.0015510 secs]12.398: [Train: 187716K->187716K(187840K), 0.0004790 secs] 188222K->188094K(188416K), 0.0033750 secs]
12.399: [GC 12.400: [DefNew: 546K->32K(576K), 0.0015300 secs]12.402: [Train: 187752K->187752K(187840K), 0.0004560 secs] 188263K->188169K(188416K), 0.0033310 secs]
12.403: [GC 12.404: [DefNew: 543K->19K(576K), 0.0015180 secs]12.405: [Train: 187777K->187777K(187904K), 0.0004630 secs] 188296K->188181K(188480K), 0.0033250 secs]
12.406: [GC 12.407: [DefNew: 530K->49K(576K), 0.0016460 secs]12.409: [Train: 187777K->187777K(187904K), 0.0004580 secs] 188308K->188210K(188480K), 0.0034500 secs]
12.410: [GC 12.411: [DefNew: 557K->36K(576K), 0.0015150 secs]12.412: [Train: 187797K->187797K(187904K), 0.0004480 secs] 188334K->188217K(188480K), 0.0033200 secs]
12.413: [GC 12.414: [DefNew: 547K->45K(576K), 0.0015150 secs]12.416: [Train: 187816K->187816K(187904K), 0.0004890 secs] 188344K->188246K(188480K), 0.0033530 secs]
12.417: [GC 12.418: [DefNew: 553K->36K(576K), 0.0015180 secs]12.419: [Train: 187834K->187834K(187968K), 0.0004600 secs] 188370K->188212K(188544K), 0.0033280 secs]
12.420: [GC 12.421: [DefNew: 546K->49K(576K), 0.0015290 secs]12.423: [Train: 187854K->187854K(187968K), 0.0006630 secs] 188381K->188159K(188544K), 0.0035390 secs]
12.424: [GC 12.425: [DefNew: 559K->49K(576K), 0.0015400 secs]12.427: [Train: 187895K->187895K(188032K), 0.0004910 secs] 188414K->187944K(188608K), 0.0033790 secs]
12.428: [GC 12.429: [DefNew: 551K->62K(576K), 0.0015510 secs]12.430: [Train: 187956K->187956K(188096K), 0.0004710 secs] 188447K->188018K(188672K), 0.0033740 secs]
12.431: [GC 12.433: [DefNew: 564K->62K(576K), 0.0015690 secs] 188520K->188092K(188672K), 0.0029030 secs]
12.435: [GC 12.436: [DefNew: 564K->62K(576K), 0.0015930 secs]12.438: [Train: 188104K->188104K(188224K), 0.0004850 secs] 188594K->188166K(188800K), 0.0034380 secs]
12.439: [GC 12.440: [DefNew: 564K->62K(576K), 0.0015570 secs]12.442: [Train: 188177K->188177K(188288K), 0.0004980 secs] 188668K->188495K(188864K), 0.0034070 secs]
12.442: [GC 12.444: [DefNew: 569K->45K(576K), 0.0015410 secs]12.445: [Train: 188232K->188232K(188352K), 0.0004900 secs] 188747K->188619K(188928K), 0.0033790 secs]
12.446: [GC 12.447: [DefNew: 556K->22K(576K), 0.0015240 secs]12.449: [Train: 188268K->188268K(188352K), 0.0004760 secs] 188788K->188674K(188928K), 0.0033480 secs]
12.449: [GC 12.451: [DefNew: 534K->52K(576K), 0.0015090 secs]12.452: [Train: 188268K->188268K(188352K), 0.0004860 secs] 188802K->188704K(188928K), 0.0033550 secs]
12.453: [GC 12.454: [DefNew: 560K->36K(576K), 0.0015350 secs]12.456: [Train: 188292K->188292K(188416K), 0.0004980 secs] 188828K->188712K(188992K), 0.0034120 secs]
12.457: [GC 12.458: [DefNew: 547K->45K(576K), 0.0015250 secs]12.459: [Train: 188312K->188312K(188416K), 0.0004510 secs] 188839K->188742K(188992K), 0.0033440 secs]
12.460: [GC 12.461: [DefNew: 553K->36K(576K), 0.0017500 secs]12.463: [Train: 188328K->188328K(188416K), 0.0004670 secs] 188866K->188748K(188992K), 0.0035710 secs]
12.464: [GC 12.465: [DefNew: 547K->45K(576K), 0.0015330 secs]12.467: [Train: 188350K->188350K(188480K), 0.0004830 secs] 188875K->188737K(189056K), 0.0033660 secs]
12.467: [GC 12.469: [DefNew: 556K->42K(576K), 0.0015350 secs]12.470: [Train: 188366K->188366K(188480K), 0.0004560 secs] 188906K->188665K(189056K), 0.0033420 secs]
12.471: [GC 12.472: [DefNew: 549K->58K(576K), 0.0015250 secs]12.474: [Train: 188386K->188386K(188480K), 0.0004570 secs] 188916K->188445K(189056K), 0.0033380 secs]
12.475: [GC 12.476: [DefNew: 561K->62K(576K), 0.0015540 secs]12.477: [Train: 188456K->188456K(188544K), 0.0004890 secs] 188947K->188518K(189120K), 0.0033970 secs]
12.479: [GC 12.480: [DefNew: 564K->62K(576K), 0.0015820 secs] 189021K->188594K(189184K), 0.0029230 secs]
12.482: [GC 12.483: [DefNew: 564K->62K(576K), 0.0016750 secs]12.485: [Train: 188606K->188606K(188736K), 0.0004740 secs] 189096K->188668K(189312K), 0.0035020 secs]
12.486: [GC 12.487: [DefNew: 564K->62K(576K), 0.0015720 secs]12.489: [Train: 188680K->188680K(188800K), 0.0004890 secs] 189170K->188998K(189376K), 0.0034180 secs]
12.489: [GC 12.491: [DefNew: 569K->36K(576K), 0.0015600 secs]12.492: [Train: 188744K->188744K(188864K), 0.0004600 secs] 189249K->189121K(189440K), 0.0033790 secs]
12.493: [GC 12.494: [DefNew: 546K->32K(576K), 0.0015380 secs]12.496: [Train: 188780K->188780K(188864K), 0.0004630 secs] 189290K->189196K(189440K), 0.0033690 secs]
12.497: [GC 12.498: [DefNew: 543K->19K(576K), 0.0015320 secs]12.499: [Train: 188804K->188804K(188928K), 0.0004640 secs] 189323K->189208K(189504K), 0.0033520 secs]
12.500: [GC 12.501: [DefNew: 530K->49K(576K), 0.0015180 secs]12.503: [Train: 188804K->188804K(188928K), 0.0004520 secs] 189335K->189237K(189504K), 0.0033200 secs]
12.503: [GC 12.505: [DefNew: 557K->36K(576K), 0.0015410 secs]12.506: [Train: 188824K->188824K(188928K), 0.0004510 secs] 189361K->189244K(189504K), 0.0033410 secs]
12.507: [GC 12.508: [DefNew: 547K->45K(576K), 0.0015300 secs]12.510: [Train: 188844K->188844K(188928K), 0.0004750 secs] 189371K->189273K(189504K), 0.0033580 secs]
12.510: [GC 12.512: [DefNew: 553K->36K(576K), 0.0015290 secs]12.513: [Train: 188862K->188862K(188992K), 0.0004670 secs] 189397K->189239K(189568K), 0.0033480 secs]
12.514: [GC 12.515: [DefNew: 546K->49K(576K), 0.0015280 secs]12.517: [Train: 188881K->188881K(188992K), 0.0004570 secs] 189409K->189186K(189568K), 0.0033370 secs]
12.518: [GC 12.519: [DefNew: 559K->49K(576K), 0.0015600 secs]12.521: [Train: 188922K->188922K(189056K), 0.0004730 secs] 189441K->188971K(189632K), 0.0037230 secs]
12.522: [GC 12.523: [DefNew: 551K->62K(576K), 0.0015660 secs]12.525: [Train: 188983K->188983K(189120K), 0.0004620 secs] 189474K->189045K(189696K), 0.0033870 secs]
12.526: [GC 12.527: [DefNew: 564K->62K(576K), 0.0015730 secs] 189548K->189119K(189696K), 0.0029200 secs]
12.529: [GC 12.530: [DefNew: 564K->62K(576K), 0.0015770 secs]12.532: [Train: 189131K->189131K(189248K), 0.0004690 secs] 189622K->189193K(189824K), 0.0034140 secs]
12.533: [GC 12.534: [DefNew: 564K->62K(576K), 0.0016610 secs]12.536: [Train: 189205K->189205K(189312K), 0.0004690 secs] 189695K->189523K(189888K), 0.0034940 secs]
12.536: [GC 12.538: [DefNew: 569K->45K(576K), 0.0015530 secs]12.539: [Train: 189259K->189259K(189376K), 0.0004870 secs] 189774K->189646K(189952K), 0.0034020 secs]
12.540: [GC 12.541: [DefNew: 556K->22K(576K), 0.0015500 secs]12.543: [Train: 189295K->189295K(189376K), 0.0004750 secs] 189816K->189702K(189952K), 0.0033800 secs]
12.544: [GC 12.545: [DefNew: 534K->52K(576K), 0.0015280 secs]12.546: [Train: 189295K->189295K(189376K), 0.0004550 secs] 189829K->189731K(189952K), 0.0033370 secs]
12.547: [GC 12.548: [DefNew: 560K->36K(576K), 0.0015450 secs]12.550: [Train: 189320K->189320K(189440K), 0.0004610 secs] 189855K->189740K(190016K), 0.0033610 secs]
12.551: [GC 12.552: [DefNew: 547K->45K(576K), 0.0015300 secs]12.553: [Train: 189339K->189339K(189440K), 0.0004690 secs] 189867K->189769K(190016K), 0.0033540 secs]
12.554: [GC 12.555: [DefNew: 553K->36K(576K), 0.0015320 secs]12.557: [Train: 189356K->189356K(189440K), 0.0004930 secs] 189893K->189776K(190016K), 0.0033840 secs]
12.558: [GC 12.559: [DefNew: 547K->45K(576K), 0.0015420 secs]12.560: [Train: 189377K->189377K(189504K), 0.0004650 secs] 189903K->189807K(190080K), 0.0033750 secs]
12.561: [GC 12.562: [DefNew: 553K->36K(576K), 0.0016490 secs]12.564: [Train: 189393K->189393K(189504K), 0.0004790 secs] 189931K->189771K(190080K), 0.0034940 secs]
12.565: [GC 12.566: [DefNew: 546K->49K(576K), 0.0015310 secs]12.568: [Train: 189413K->189413K(189504K), 0.0004760 secs] 189940K->189718K(190080K), 0.0033830 secs]
12.574: [GC 12.575: [DefNew: 559K->49K(576K), 0.0015580 secs]12.577: [Train: 189454K->189454K(189568K), 0.0004680 secs] 189973K->189503K(190144K), 0.0033930 secs]
12.578: [GC 12.579: [DefNew: 551K->62K(576K), 0.0015720 secs]12.581: [Train: 189515K->189515K(189632K), 0.0005010 secs] 190006K->189577K(190208K), 0.0034410 secs]
12.582: [GC 12.583: [DefNew: 564K->62K(576K), 0.0015810 secs] 190079K->189651K(190208K), 0.0029310 secs]
12.586: [GC 12.587: [DefNew: 564K->62K(576K), 0.0015780 secs]12.589: [Train: 189662K->189662K(189760K), 0.0004970 secs] 190153K->189725K(190336K), 0.0034350 secs]
12.590: [GC 12.591: [DefNew: 564K->62K(576K), 0.0015920 secs]12.593: [Train: 189736K->189736K(189824K), 0.0005180 secs] 190227K->190054K(190400K), 0.0034860 secs]
12.594: [GC 12.595: [DefNew: 569K->45K(576K), 0.0015600 secs]12.597: [Train: 189790K->189790K(189888K), 0.0004780 secs] 190306K->190178K(190464K), 0.0034000 secs]
12.597: [GC 12.599: [DefNew: 556K->22K(576K), 0.0015460 secs]12.600: [Train: 189828K->189828K(189952K), 0.0004820 secs] 190347K->190235K(190528K), 0.0033940 secs]
12.610: [GC 12.611: [DefNew: 534K->52K(576K), 0.0015280 secs]12.613: [Train: 189828K->189828K(189952K), 0.0004770 secs] 190362K->190265K(190528K), 0.0033730 secs]
12.613: [GC 12.615: [DefNew: 560K->36K(576K), 0.0015350 secs]12.616: [Train: 189851K->189851K(189952K), 0.0004740 secs] 190389K->190271K(190528K), 0.0033790 secs]
12.617: [GC 12.618: [DefNew: 547K->45K(576K), 0.0015340 secs]12.620: [Train: 189871K->189871K(189952K), 0.0004580 secs] 190398K->190301K(190528K), 0.0033560 secs]
12.620: [GC 12.622: [DefNew: 553K->36K(576K), 0.0015400 secs]12.623: [Train: 189889K->189889K(190016K), 0.0004850 secs] 190425K->190309K(190592K), 0.0033830 secs]
12.624: [GC 12.625: [DefNew: 547K->45K(576K), 0.0055510 secs]12.631: [Train: 189909K->189909K(190016K), 0.0004670 secs] 190436K->190296K(190592K), 0.0073790 secs]
12.631: [GC 12.633: [DefNew: 556K->42K(576K), 0.0015400 secs]12.634: [Train: 189925K->189925K(190016K), 0.0004770 secs] 190465K->190224K(190592K), 0.0033790 secs]
12.635: [GC 12.636: [DefNew: 549K->58K(576K), 0.0015540 secs]12.638: [Train: 189946K->189946K(190080K), 0.0004680 secs] 190475K->190005K(190656K), 0.0033830 secs]
12.639: [GC 12.640: [DefNew: 561K->62K(576K), 0.0015790 secs]12.642: [Train: 190017K->190017K(190144K), 0.0004680 secs] 190508K->190079K(190720K), 0.0034220 secs]
12.643: [GC 12.644: [DefNew: 564K->62K(576K), 0.0015680 secs] 190582K->190153K(190720K), 0.0029190 secs]
12.646: [GC 12.647: [DefNew: 564K->62K(576K), 0.0015760 secs]12.649: [Train: 190165K->190165K(190272K), 0.0004530 secs] 190655K->190227K(190848K), 0.0033900 secs]
12.654: [GC 12.655: [DefNew: 564K->62K(576K), 0.0015720 secs]12.657: [Train: 190238K->190238K(190336K), 0.0004630 secs] 190729K->190557K(190912K), 0.0034050 secs]
12.658: [GC 12.659: [DefNew: 569K->36K(576K), 0.0015550 secs]12.660: [Train: 190302K->190302K(190400K), 0.0004860 secs] 190808K->190680K(190976K), 0.0034100 secs]
12.661: [GC 12.666: [DefNew: 546K->32K(576K), 0.0015530 secs]12.668: [Train: 190340K->190340K(190464K), 0.0004540 secs] 190849K->190757K(191040K), 0.0074600 secs]
12.669: [GC 12.670: [DefNew: 543K->19K(576K), 0.0015330 secs]12.672: [Train: 190363K->190363K(190464K), 0.0004790 secs] 190884K->190767K(191040K), 0.0033840 secs]
12.672: [GC 12.673: [DefNew: 530K->49K(576K), 0.0055410 secs]12.679: [Train: 190363K->190363K(190464K), 0.0004530 secs] 190894K->190796K(191040K), 0.0073610 secs]
12.680: [GC 12.681: [DefNew: 557K->36K(576K), 0.0015560 secs]12.683: [Train: 190383K->190383K(190464K), 0.0004870 secs] 190920K->190803K(191040K), 0.0034320 secs]
12.683: [GC 12.685: [DefNew: 547K->45K(576K), 0.0055540 secs]12.690: [Train: 190404K->190404K(190528K), 0.0004830 secs] 190930K->190834K(191104K), 0.0074140 secs]
12.691: [GC 12.692: [DefNew: 553K->36K(576K), 0.0015450 secs]12.694: [Train: 190421K->190421K(190528K), 0.0004670 secs] 190958K->190798K(191104K), 0.0033790 secs]
12.694: [GC 12.696: [DefNew: 546K->49K(576K), 0.0015360 secs]12.697: [Train: 190440K->190440K(190528K), 0.0004710 secs] 190968K->190745K(191104K), 0.0033720 secs]
12.698: [GC 12.699: [DefNew: 559K->49K(576K), 0.0015530 secs]12.701: [Train: 190481K->190481K(190592K), 0.0004720 secs] 191000K->190530K(191168K), 0.0033900 secs]
12.702: [GC 12.703: [DefNew: 551K->62K(576K), 0.0015660 secs]12.705: [Train: 190542K->190542K(190656K), 0.0004820 secs] 191033K->190604K(191232K), 0.0034180 secs]
12.706: [GC 12.707: [DefNew: 564K->62K(576K), 0.0015750 secs] 191107K->190678K(191232K), 0.0029280 secs]
12.709: [GC 12.710: [DefNew: 564K->62K(576K), 0.0015900 secs]12.712: [Train: 190690K->190690K(190784K), 0.0004980 secs] 191180K->190752K(191360K), 0.0034670 secs]
12.713: [GC 12.714: [DefNew: 564K->62K(576K), 0.0015750 secs]12.716: [Train: 190764K->190764K(190848K), 0.0004980 secs] 191254K->191082K(191424K), 0.0034470 secs]
12.717: [GC 12.718: [DefNew: 569K->45K(576K), 0.0015610 secs]12.720: [Train: 190818K->190818K(190912K), 0.0004780 secs] 191333K->191205K(191488K), 0.0034130 secs]
12.720: [GC 12.722: [DefNew: 556K->22K(576K), 0.0015630 secs]12.723: [Train: 190856K->190856K(190976K), 0.0004830 secs] 191374K->191262K(191552K), 0.0034130 secs]
12.724: [GC 12.725: [DefNew: 534K->52K(576K), 0.0015330 secs]12.727: [Train: 190856K->190856K(190976K), 0.0004630 secs] 191390K->191292K(191552K), 0.0033640 secs]
12.727: [GC 12.729: [DefNew: 560K->36K(576K), 0.0015430 secs]12.730: [Train: 190878K->190878K(190976K), 0.0004590 secs] 191416K->191298K(191552K), 0.0033680 secs]
12.731: [GC 12.732: [DefNew: 547K->45K(576K), 0.0015430 secs]12.734: [Train: 190900K->190900K(191040K), 0.0004780 secs] 191426K->191330K(191616K), 0.0033890 secs]
12.734: [GC 12.736: [DefNew: 553K->36K(576K), 0.0015350 secs]12.737: [Train: 190916K->190916K(191040K), 0.0004580 secs] 191454K->191336K(191616K), 0.0033670 secs]
12.738: [GC 12.739: [DefNew: 547K->45K(576K), 0.0015400 secs]12.741: [Train: 190936K->190936K(191040K), 0.0004480 secs] 191463K->191323K(191616K), 0.0033560 secs]
12.741: [GC 12.743: [DefNew: 556K->42K(576K), 0.0015370 secs]12.744: [Train: 190952K->190952K(191040K), 0.0004450 secs] 191493K->191251K(191616K), 0.0033510 secs]
12.745: [GC 12.746: [DefNew: 549K->58K(576K), 0.0015470 secs]12.748: [Train: 190974K->190974K(191104K), 0.0005090 secs] 191502K->191033K(191680K), 0.0034350 secs]
12.749: [GC 12.750: [DefNew: 561K->62K(576K), 0.0015750 secs]12.752: [Train: 191044K->191044K(191168K), 0.0004640 secs] 191535K->191106K(191744K), 0.0034220 secs]
12.753: [GC 12.754: [DefNew: 564K->62K(576K), 0.0015770 secs] 191609K->191180K(191744K), 0.0029390 secs]
12.756: [GC 12.757: [DefNew: 564K->62K(576K), 0.0016140 secs]12.759: [Train: 191192K->191192K(191296K), 0.0004920 secs] 191683K->191254K(191872K), 0.0034760 secs]
12.760: [GC 12.761: [DefNew: 564K->62K(576K), 0.0015880 secs]12.763: [Train: 191266K->191266K(191360K), 0.0004690 secs] 191756K->191584K(191936K), 0.0034320 secs]
12.764: [GC 12.765: [DefNew: 569K->36K(576K), 0.0016920 secs]12.767: [Train: 191330K->191330K(191424K), 0.0004930 secs] 191835K->191707K(192000K), 0.0035660 secs]
12.767: [GC 12.769: [DefNew: 546K->32K(576K), 0.0015720 secs]12.770: [Train: 191368K->191368K(191488K), 0.0004830 secs] 191877K->191784K(192064K), 0.0034300 secs]
12.771: [GC 12.772: [DefNew: 543K->19K(576K), 0.0015520 secs]12.774: [Train: 191390K->191390K(191488K), 0.0004520 secs] 191911K->191794K(192064K), 0.0033740 secs]
12.774: [GC 12.776: [DefNew: 530K->49K(576K), 0.0015330 secs]12.777: [Train: 191390K->191390K(191488K), 0.0004690 secs] 191921K->191823K(192064K), 0.0033730 secs]
12.778: [GC 12.779: [DefNew: 557K->36K(576K), 0.0015470 secs]12.781: [Train: 191412K->191412K(191552K), 0.0004880 secs] 191947K->191832K(192128K), 0.0034030 secs]
12.782: [GC 12.783: [DefNew: 547K->45K(576K), 0.0015490 secs]12.784: [Train: 191432K->191432K(191552K), 0.0004600 secs] 191959K->191861K(192128K), 0.0033910 secs]
12.785: [GC 12.786: [DefNew: 553K->36K(576K), 0.0015390 secs]12.788: [Train: 191448K->191448K(191552K), 0.0004810 secs] 191985K->191825K(192128K), 0.0033960 secs]
12.789: [GC 12.790: [DefNew: 546K->49K(576K), 0.0015420 secs]12.791: [Train: 191468K->191468K(191552K), 0.0004520 secs] 191995K->191773K(192128K), 0.0033700 secs]
12.792: [GC 12.794: [DefNew: 559K->49K(576K), 0.0015720 secs]12.795: [Train: 191509K->191509K(191616K), 0.0004880 secs] 192027K->191558K(192192K), 0.0034330 secs]
12.796: [GC 12.797: [DefNew: 551K->62K(576K), 0.0015790 secs]12.799: [Train: 191569K->191569K(191680K), 0.0004710 secs] 192060K->191631K(192256K), 0.0034260 secs]
12.800: [GC 12.801: [DefNew: 564K->62K(576K), 0.0015850 secs] 192134K->191705K(192256K), 0.0029460 secs]
12.803: [GC 12.805: [DefNew: 564K->62K(576K), 0.0016030 secs]12.806: [Train: 191717K->191717K(191808K), 0.0004850 secs] 192208K->191779K(192384K), 0.0034620 secs]
12.807: [GC 12.809: [DefNew: 564K->62K(576K), 0.0015870 secs]12.810: [Train: 191791K->191791K(191872K), 0.0004800 secs] 192282K->192109K(192448K), 0.0034460 secs]
12.811: [GC 12.812: [DefNew: 569K->45K(576K), 0.0015720 secs]12.814: [Train: 191845K->191845K(191936K), 0.0004910 secs] 192360K->192232K(192512K), 0.0034400 secs]
12.815: [GC 12.816: [DefNew: 556K->22K(576K), 0.0015540 secs]12.817: [Train: 191883K->191883K(192000K), 0.0004900 secs] 192402K->192290K(192576K), 0.0034190 secs]
12.818: [GC 12.819: [DefNew: 534K->52K(576K), 0.0015350 secs]12.821: [Train: 191883K->191883K(192000K), 0.0004450 secs] 192417K->192319K(192576K), 0.0033520 secs]
12.822: [GC 12.823: [DefNew: 560K->36K(576K), 0.0015460 secs]12.824: [Train: 191906K->191906K(192000K), 0.0004560 secs] 192443K->192326K(192576K), 0.0033800 secs]
12.825: [GC 12.826: [DefNew: 547K->45K(576K), 0.0015510 secs]12.828: [Train: 191927K->191927K(192064K), 0.0004640 secs] 192453K->192357K(192640K), 0.0033930 secs]
12.829: [GC 12.830: [DefNew: 553K->36K(576K), 0.0015440 secs]12.831: [Train: 191944K->191944K(192064K), 0.0004630 secs] 192481K->192364K(192640K), 0.0033920 secs]
12.832: [GC 12.833: [DefNew: 547K->45K(576K), 0.0015500 secs]12.835: [Train: 191963K->191963K(192064K), 0.0004720 secs] 192491K->192350K(192640K), 0.0033960 secs]
12.836: [GC 12.837: [DefNew: 556K->42K(576K), 0.0015710 secs]12.839: [Train: 191980K->191980K(192064K), 0.0004650 secs] 192520K->192278K(192640K), 0.0034500 secs]
12.839: [GC 12.841: [DefNew: 549K->58K(576K), 0.0015700 secs]12.842: [Train: 192001K->192001K(192128K), 0.0005060 secs] 192529K->192060K(192704K), 0.0034530 secs]
12.843: [GC 12.845: [DefNew: 561K->62K(576K), 0.0015890 secs]12.846: [Train: 192072K->192072K(192192K), 0.0004680 secs] 192562K->192134K(192768K), 0.0034360 secs]
12.847: [GC 12.848: [DefNew: 564K->62K(576K), 0.0015880 secs] 192636K->192208K(192768K), 0.0029530 secs]
12.851: [GC 12.852: [DefNew: 564K->62K(576K), 0.0015990 secs]12.853: [Train: 192219K->192219K(192320K), 0.0004830 secs] 192710K->192281K(192896K), 0.0034580 secs]
12.855: [GC 12.856: [DefNew: 564K->62K(576K), 0.0015830 secs]12.857: [Train: 192293K->192293K(192384K), 0.0004980 secs] 192784K->192611K(192960K), 0.0034620 secs]
12.858: [GC 12.859: [DefNew: 569K->36K(576K), 0.0015730 secs]12.861: [Train: 192357K->192357K(192448K), 0.0004640 secs] 192862K->192734K(193024K), 0.0034150 secs]
12.862: [GC 12.863: [DefNew: 546K->32K(576K), 0.0015790 secs]12.865: [Train: 192395K->192395K(192512K), 0.0004910 secs] 192904K->192811K(193088K), 0.0034510 secs]
12.865: [GC 12.867: [DefNew: 543K->19K(576K), 0.0015540 secs]12.868: [Train: 192418K->192418K(192512K), 0.0004960 secs] 192939K->192821K(193088K), 0.0035400 secs]
12.869: [GC 12.870: [DefNew: 530K->49K(576K), 0.0015420 secs]12.872: [Train: 192418K->192418K(192512K), 0.0004830 secs] 192949K->192851K(193088K), 0.0034090 secs]
12.873: [GC 12.874: [DefNew: 557K->36K(576K), 0.0015610 secs]12.875: [Train: 192439K->192439K(192576K), 0.0004820 secs] 192975K->192859K(193152K), 0.0034270 secs]
12.876: [GC 12.877: [DefNew: 547K->45K(576K), 0.0015640 secs]12.879: [Train: 192459K->192459K(192576K), 0.0004730 secs] 192986K->192889K(193152K), 0.0034140 secs]
12.880: [GC 12.881: [DefNew: 553K->36K(576K), 0.0015540 secs]12.883: [Train: 192475K->192475K(192576K), 0.0004570 secs] 193013K->192853K(193152K), 0.0033880 secs]
12.883: [GC 12.885: [DefNew: 546K->49K(576K), 0.0015570 secs]12.886: [Train: 192495K->192495K(192576K), 0.0004660 secs] 193022K->192800K(193152K), 0.0034000 secs]
12.887: [GC 12.888: [DefNew: 559K->49K(576K), 0.0015760 secs]12.890: [Train: 192536K->192536K(192640K), 0.0004630 secs] 193054K->192585K(193216K), 0.0034180 secs]
12.891: [GC 12.892: [DefNew: 551K->62K(576K), 0.0015930 secs]12.894: [Train: 192597K->192597K(192704K), 0.0005230 secs] 193087K->192659K(193280K), 0.0035020 secs]
12.895: [GC 12.896: [DefNew: 564K->62K(576K), 0.0015870 secs] 193161K->192733K(193280K), 0.0029640 secs]
12.898: [GC 12.899: [DefNew: 564K->62K(576K), 0.0015970 secs]12.901: [Train: 192744K->192744K(192832K), 0.0004820 secs] 193235K->192806K(193408K), 0.0034560 secs]
12.902: [GC 12.903: [DefNew: 564K->62K(576K), 0.0015980 secs]12.905: [Train: 192820K->192820K(192960K), 0.0004700 secs] 193309K->193138K(193536K), 0.0034520 secs]
12.906: [GC 12.907: [DefNew: 569K->45K(576K), 0.0015680 secs]12.909: [Train: 192872K->192872K(192960K), 0.0004620 secs] 193389K->193259K(193536K), 0.0034100 secs]
12.909: [GC 12.911: [DefNew: 556K->22K(576K), 0.0015620 secs]12.912: [Train: 192910K->192910K(193024K), 0.0004710 secs] 193429K->193317K(193600K), 0.0034190 secs]
12.913: [GC 12.914: [DefNew: 534K->52K(576K), 0.0015430 secs]12.916: [Train: 192910K->192910K(193024K), 0.0004740 secs] 193444K->193346K(193600K), 0.0034090 secs]
12.916: [GC 12.918: [DefNew: 560K->36K(576K), 0.0015530 secs]12.919: [Train: 192933K->192933K(193024K), 0.0004660 secs] 193470K->193353K(193600K), 0.0034040 secs]
12.920: [GC 12.921: [DefNew: 547K->45K(576K), 0.0015630 secs]12.923: [Train: 192954K->192954K(193088K), 0.0004630 secs] 193480K->193384K(193664K), 0.0034060 secs]
12.924: [GC 12.925: [DefNew: 553K->36K(576K), 0.0015650 secs]12.926: [Train: 192971K->192971K(193088K), 0.0004740 secs] 193508K->193391K(193664K), 0.0034210 secs]
12.927: [GC 12.928: [DefNew: 547K->45K(576K), 0.0015590 secs]12.930: [Train: 192990K->192990K(193088K), 0.0004660 secs] 193518K->193378K(193664K), 0.0034060 secs]
12.931: [GC 12.932: [DefNew: 556K->42K(576K), 0.0015570 secs]12.934: [Train: 193007K->193007K(193088K), 0.0004790 secs] 193547K->193305K(193664K), 0.0034170 secs]
12.934: [GC 12.936: [DefNew: 549K->58K(576K), 0.0015600 secs]12.937: [Train: 193028K->193028K(193152K), 0.0005010 secs] 193557K->193087K(193728K), 0.0034450 secs]
12.938: [GC 12.939: [DefNew: 561K->62K(576K), 0.0015920 secs]12.941: [Train: 193099K->193099K(193216K), 0.0004730 secs] 193590K->193161K(193792K), 0.0034590 secs]
12.942: [GC 12.943: [DefNew: 564K->62K(576K), 0.0015900 secs] 193663K->193235K(193792K), 0.0029620 secs]
12.945: [GC 12.947: [DefNew: 564K->62K(576K), 0.0016070 secs]12.948: [Train: 193246K->193246K(193344K), 0.0004890 secs] 193737K->193309K(193920K), 0.0034850 secs]
12.949: [GC 12.951: [DefNew: 564K->62K(576K), 0.0015910 secs]12.952: [Train: 193320K->193320K(193408K), 0.0004940 secs] 193811K->193638K(193984K), 0.0034890 secs]
12.953: [GC 12.954: [DefNew: 569K->36K(576K), 0.0015800 secs]12.956: [Train: 193384K->193384K(193472K), 0.0004750 secs] 193890K->193762K(194048K), 0.0034450 secs]
12.957: [GC 12.958: [DefNew: 546K->32K(576K), 0.0015680 secs]12.960: [Train: 193422K->193422K(193536K), 0.0004950 secs] 193931K->193839K(194112K), 0.0034540 secs]
12.960: [GC 12.962: [DefNew: 543K->19K(576K), 0.0015670 secs]12.963: [Train: 193445K->193445K(193536K), 0.0004700 secs] 193966K->193849K(194112K), 0.0034230 secs]
12.964: [GC 12.965: [DefNew: 530K->49K(576K), 0.0016330 secs]12.967: [Train: 193445K->193445K(193536K), 0.0004620 secs] 193976K->193878K(194112K), 0.0034820 secs]
12.968: [GC 12.969: [DefNew: 557K->36K(576K), 0.0015670 secs]12.970: [Train: 193466K->193466K(193600K), 0.0004820 secs] 194002K->193886K(194176K), 0.0034340 secs]
12.971: [GC 12.972: [DefNew: 547K->45K(576K), 0.0015690 secs]12.974: [Train: 193486K->193486K(193600K), 0.0004620 secs] 194014K->193916K(194176K), 0.0034180 secs]
12.975: [GC 12.976: [DefNew: 553K->36K(576K), 0.0015610 secs]12.977: [Train: 193502K->193502K(193600K), 0.0004870 secs] 194040K->193880K(194176K), 0.0034350 secs]
12.978: [GC 12.980: [DefNew: 546K->49K(576K), 0.0015610 secs]12.981: [Train: 193524K->193524K(193664K), 0.0004610 secs] 194049K->193829K(194240K), 0.0034140 secs]
12.982: [GC 12.983: [DefNew: 559K->49K(576K), 0.0015680 secs]12.985: [Train: 193563K->193563K(193664K), 0.0004710 secs] 194083K->193612K(194240K), 0.0034250 secs]
12.986: [GC 12.987: [DefNew: 551K->62K(576K), 0.0015870 secs]12.989: [Train: 193624K->193624K(193728K), 0.0004670 secs] 194115K->193686K(194304K), 0.0034450 secs]
12.990: [GC 12.991: [DefNew: 564K->62K(576K), 0.0015960 secs] 194188K->193760K(194304K), 0.0029710 secs]
12.993: [GC 12.994: [DefNew: 564K->62K(576K), 0.0016060 secs]12.996: [Train: 193772K->193772K(193856K), 0.0005020 secs] 194262K->193834K(194432K), 0.0035010 secs]
12.997: [GC 12.998: [DefNew: 564K->62K(576K), 0.0016040 secs]13.000: [Train: 193847K->193847K(193984K), 0.0004770 secs] 194336K->194165K(194560K), 0.0034840 secs]
13.001: [GC 13.002: [DefNew: 569K->45K(576K), 0.0015770 secs]13.004: [Train: 193900K->193900K(193984K), 0.0004760 secs] 194417K->194287K(194560K), 0.0034490 secs]
13.004: [GC 13.006: [DefNew: 556K->22K(576K), 0.0015750 secs]13.007: [Train: 193937K->193937K(194048K), 0.0004870 secs] 194456K->194344K(194624K), 0.0034510 secs]
13.008: [GC 13.009: [DefNew: 534K->52K(576K), 0.0015650 secs]13.011: [Train: 193937K->193937K(194048K), 0.0004740 secs] 194471K->194374K(194624K), 0.0034260 secs]
13.012: [GC 13.013: [DefNew: 560K->36K(576K), 0.0015860 secs]13.014: [Train: 193960K->193960K(194048K), 0.0004900 secs] 194498K->194380K(194624K), 0.0034660 secs]
13.015: [GC 13.016: [DefNew: 547K->45K(576K), 0.0015750 secs]13.018: [Train: 193982K->193982K(194112K), 0.0004730 secs] 194507K->194411K(194688K), 0.0034400 secs]
13.019: [GC 13.020: [DefNew: 553K->36K(576K), 0.0015590 secs]13.022: [Train: 193998K->193998K(194112K), 0.0005270 secs] 194535K->194418K(194688K), 0.0034780 secs]
13.022: [GC 13.024: [DefNew: 547K->45K(576K), 0.0015670 secs]13.025: [Train: 194018K->194018K(194112K), 0.0004660 secs] 194545K->194405K(194688K), 0.0034370 secs]
13.026: [GC 13.027: [DefNew: 556K->42K(576K), 0.0015650 secs]13.029: [Train: 194036K->194036K(194176K), 0.0004720 secs] 194574K->194334K(194752K), 0.0034260 secs]
13.030: [GC 13.031: [DefNew: 549K->58K(576K), 0.0015640 secs]13.032: [Train: 194056K->194056K(194176K), 0.0004570 secs] 194586K->194114K(194752K), 0.0034220 secs]
13.033: [GC 13.035: [DefNew: 561K->62K(576K), 0.0016000 secs]13.036: [Train: 194126K->194126K(194240K), 0.0004970 secs] 194617K->194188K(194816K), 0.0035060 secs]
13.037: [GC 13.039: [DefNew: 564K->62K(576K), 0.0015970 secs] 194691K->194262K(194816K), 0.0029820 secs]
13.041: [GC 13.042: [DefNew: 564K->62K(576K), 0.0016140 secs]13.044: [Train: 194274K->194274K(194368K), 0.0004770 secs] 194764K->194336K(194944K), 0.0034850 secs]
13.045: [GC 13.046: [DefNew: 564K->62K(576K), 0.0016020 secs]13.048: [Train: 194348K->194348K(194432K), 0.0004920 secs] 194838K->194666K(195008K), 0.0035360 secs]
13.049: [GC 13.050: [DefNew: 569K->36K(576K), 0.0015960 secs]13.051: [Train: 194412K->194412K(194496K), 0.0004830 secs] 194917K->194789K(195072K), 0.0034820 secs]
13.052: [GC 13.053: [DefNew: 546K->32K(576K), 0.0015820 secs]13.055: [Train: 194449K->194449K(194560K), 0.0004730 secs] 194959K->194866K(195136K), 0.0034460 secs]
13.056: [GC 13.057: [DefNew: 543K->19K(576K), 0.0015730 secs]13.059: [Train: 194472K->194472K(194560K), 0.0004540 secs] 194993K->194876K(195136K), 0.0034180 secs]
13.059: [GC 13.061: [DefNew: 530K->49K(576K), 0.0015600 secs]13.062: [Train: 194472K->194472K(194560K), 0.0004490 secs] 195003K->194905K(195136K), 0.0033990 secs]
13.063: [GC 13.064: [DefNew: 557K->36K(576K), 0.0015750 secs]13.066: [Train: 194494K->194494K(194624K), 0.0004770 secs] 195029K->194914K(195200K), 0.0034420 secs]
13.066: [GC 13.068: [DefNew: 547K->45K(576K), 0.0015680 secs]13.069: [Train: 194513K->194513K(194624K), 0.0004700 secs] 195041K->194943K(195200K), 0.0034320 secs]
13.070: [GC 13.071: [DefNew: 553K->36K(576K), 0.0015610 secs]13.073: [Train: 194530K->194530K(194624K), 0.0004680 secs] 195067K->194907K(195200K), 0.0034210 secs]
13.074: [GC 13.075: [DefNew: 546K->49K(576K), 0.0015710 secs]13.077: [Train: 194551K->194551K(194688K), 0.0004600 secs] 195077K->194856K(195264K), 0.0034230 secs]
13.077: [GC 13.079: [DefNew: 559K->49K(576K), 0.0015760 secs]13.080: [Train: 194590K->194590K(194688K), 0.0004610 secs] 195111K->194639K(195264K), 0.0034430 secs]
13.081: [GC 13.083: [DefNew: 551K->62K(576K), 0.0015960 secs]13.084: [Train: 194651K->194651K(194752K), 0.0004830 secs] 195142K->194713K(195328K), 0.0034870 secs]
13.085: [GC 13.086: [DefNew: 564K->62K(576K), 0.0016050 secs] 195216K->194787K(195328K), 0.0029940 secs]
13.089: [GC 13.090: [DefNew: 564K->62K(576K), 0.0016180 secs]13.092: [Train: 194799K->194799K(194880K), 0.0004810 secs] 195290K->194861K(195456K), 0.0035000 secs]
13.093: [GC 13.094: [DefNew: 564K->62K(576K), 0.0016180 secs]13.095: [Train: 194874K->194874K(195008K), 0.0004930 secs] 195363K->195193K(195584K), 0.0035230 secs]
13.096: [GC 13.098: [DefNew: 569K->45K(576K), 0.0015930 secs]13.099: [Train: 194927K->194927K(195008K), 0.0004710 secs] 195444K->195314K(195584K), 0.0034620 secs]
13.100: [GC 13.101: [DefNew: 556K->22K(576K), 0.0015820 secs]13.103: [Train: 194965K->194965K(195072K), 0.0004930 secs] 195484K->195372K(195648K), 0.0034710 secs]
13.104: [GC 13.105: [DefNew: 534K->52K(576K), 0.0015700 secs]13.106: [Train: 194965K->194965K(195072K), 0.0004700 secs] 195499K->195401K(195648K), 0.0034360 secs]
13.107: [GC 13.108: [DefNew: 560K->36K(576K), 0.0015730 secs]13.110: [Train: 194988K->194988K(195072K), 0.0004740 secs] 195525K->195408K(195648K), 0.0034420 secs]
13.111: [GC 13.112: [DefNew: 547K->45K(576K), 0.0015730 secs]13.114: [Train: 195009K->195009K(195136K), 0.0004770 secs] 195535K->195439K(195712K), 0.0034470 secs]
13.114: [GC 13.116: [DefNew: 553K->36K(576K), 0.0015650 secs]13.117: [Train: 195025K->195025K(195136K), 0.0004670 secs] 195563K->195445K(195712K), 0.0034390 secs]
13.118: [GC 13.119: [DefNew: 547K->45K(576K), 0.0015690 secs]13.121: [Train: 195045K->195045K(195136K), 0.0004810 secs] 195573K->195432K(195712K), 0.0034460 secs]
13.121: [GC 13.123: [DefNew: 556K->42K(576K), 0.0015710 secs]13.124: [Train: 195063K->195063K(195200K), 0.0004780 secs] 195602K->195362K(195776K), 0.0034500 secs]
13.125: [GC 13.126: [DefNew: 549K->58K(576K), 0.0015710 secs]13.128: [Train: 195083K->195083K(195200K), 0.0004640 secs] 195613K->195142K(195776K), 0.0034420 secs]
13.129: [GC 13.130: [DefNew: 561K->62K(576K), 0.0016090 secs]13.132: [Train: 195153K->195153K(195264K), 0.0004690 secs] 195644K->195216K(195840K), 0.0034920 secs]
13.133: [GC 13.134: [DefNew: 564K->62K(576K), 0.0016110 secs] 195718K->195289K(195840K), 0.0030110 secs]
13.136: [GC 13.138: [DefNew: 564K->62K(576K), 0.0016260 secs]13.139: [Train: 195301K->195301K(195392K), 0.0004670 secs] 195792K->195363K(195968K), 0.0034990 secs]
13.140: [GC 13.142: [DefNew: 564K->62K(576K), 0.0016220 secs]13.143: [Train: 195375K->195375K(195456K), 0.0004640 secs] 195866K->195693K(196032K), 0.0034870 secs]
13.144: [GC 13.145: [DefNew: 569K->36K(576K), 0.0016000 secs]13.147: [Train: 195439K->195439K(195520K), 0.0004850 secs] 195944K->195816K(196096K), 0.0034860 secs]
13.148: [GC 13.149: [DefNew: 546K->32K(576K), 0.0015890 secs]13.151: [Train: 195477K->195477K(195584K), 0.0004640 secs] 195986K->195893K(196160K), 0.0034640 secs]
13.151: [GC 13.153: [DefNew: 543K->19K(576K), 0.0015890 secs]13.154: [Train: 195500K->195500K(195584K), 0.0004870 secs] 196021K->195903K(196160K), 0.0034740 secs]
13.155: [GC 13.156: [DefNew: 530K->49K(576K), 0.0015660 secs]13.158: [Train: 195500K->195500K(195584K), 0.0004540 secs] 196030K->195933K(196160K), 0.0034200 secs]
13.158: [GC 13.160: [DefNew: 557K->36K(576K), 0.0015750 secs]13.161: [Train: 195521K->195521K(195648K), 0.0004850 secs] 196057K->195941K(196224K), 0.0034590 secs]
13.162: [GC 13.163: [DefNew: 547K->45K(576K), 0.0015720 secs]13.165: [Train: 195541K->195541K(195648K), 0.0005040 secs] 196068K->195970K(196224K), 0.0034760 secs]
13.166: [GC 13.167: [DefNew: 553K->36K(576K), 0.0015730 secs]13.169: [Train: 195557K->195557K(195648K), 0.0004850 secs] 196094K->195934K(196224K), 0.0035460 secs]
13.169: [GC 13.171: [DefNew: 546K->49K(576K), 0.0015780 secs]13.172: [Train: 195578K->195578K(195712K), 0.0004770 secs] 196104K->195883K(196288K), 0.0034630 secs]
13.173: [GC 13.174: [DefNew: 559K->49K(576K), 0.0015860 secs]13.176: [Train: 195618K->195618K(195712K), 0.0004790 secs] 196138K->195667K(196288K), 0.0034720 secs]
13.177: [GC 13.178: [DefNew: 551K->62K(576K), 0.0016030 secs]13.180: [Train: 195678K->195678K(195776K), 0.0005060 secs] 196169K->195741K(196352K), 0.0035280 secs]
13.181: [GC 13.182: [DefNew: 564K->62K(576K), 0.0016130 secs] 196243K->195814K(196352K), 0.0030100 secs]
13.184: [GC 13.186: [DefNew: 564K->62K(576K), 0.0016310 secs]13.187: [Train: 195828K->195828K(195968K), 0.0004850 secs] 196317K->195890K(196544K), 0.0035230 secs]
13.188: [GC 13.190: [DefNew: 564K->62K(576K), 0.0016200 secs]13.191: [Train: 195902K->195902K(196032K), 0.0004800 secs] 196392K->196220K(196608K), 0.0035170 secs]
13.192: [GC 13.193: [DefNew: 569K->45K(576K), 0.0016370 secs]13.195: [Train: 195956K->195956K(196096K), 0.0004770 secs] 196471K->196343K(196672K), 0.0035190 secs]
13.196: [GC 13.197: [DefNew: 556K->22K(576K), 0.0015910 secs]13.199: [Train: 195992K->195992K(196096K), 0.0004820 secs] 196513K->196399K(196672K), 0.0034760 secs]
13.200: [GC 13.201: [DefNew: 534K->52K(576K), 0.0015790 secs]13.202: [Train: 195992K->195992K(196096K), 0.0004760 secs] 196526K->196428K(196672K), 0.0034580 secs]
13.203: [GC 13.204: [DefNew: 560K->36K(576K), 0.0015870 secs]13.206: [Train: 196015K->196015K(196096K), 0.0004650 secs] 196552K->196435K(196672K), 0.0034540 secs]
13.207: [GC 13.208: [DefNew: 547K->45K(576K), 0.0015840 secs]13.210: [Train: 196036K->196036K(196160K), 0.0004770 secs] 196562K->196466K(196736K), 0.0034670 secs]
13.210: [GC 13.212: [DefNew: 553K->36K(576K), 0.0015750 secs]13.213: [Train: 196053K->196053K(196160K), 0.0004920 secs] 196590K->196473K(196736K), 0.0034710 secs]
13.214: [GC 13.215: [DefNew: 547K->45K(576K), 0.0015780 secs]13.217: [Train: 196072K->196072K(196160K), 0.0004540 secs] 196600K->196459K(196736K), 0.0034610 secs]
13.218: [GC 13.219: [DefNew: 556K->42K(576K), 0.0015850 secs]13.220: [Train: 196090K->196090K(196224K), 0.0004850 secs] 196629K->196389K(196800K), 0.0034850 secs]
13.221: [GC 13.223: [DefNew: 549K->58K(576K), 0.0015930 secs]13.224: [Train: 196110K->196110K(196224K), 0.0004740 secs] 196640K->196169K(196800K), 0.0035110 secs]
13.225: [GC 13.227: [DefNew: 561K->62K(576K), 0.0016230 secs]13.228: [Train: 196181K->196181K(196288K), 0.0004750 secs] 196671K->196243K(196864K), 0.0035260 secs]
13.229: [GC 13.231: [DefNew: 564K->62K(576K), 0.0016200 secs] 196745K->196317K(196864K), 0.0030210 secs]
13.233: [GC 13.234: [DefNew: 564K->62K(576K), 0.0016280 secs]13.236: [Train: 196328K->196328K(196416K), 0.0004960 secs] 196819K->196390K(196992K), 0.0035350 secs]
13.237: [GC 13.238: [DefNew: 564K->62K(576K), 0.0016590 secs]13.240: [Train: 196404K->196404K(196544K), 0.0004830 secs] 196893K->196722K(197120K), 0.0035770 secs]
13.240: [GC 13.242: [DefNew: 569K->36K(576K), 0.0016110 secs]13.243: [Train: 196468K->196468K(196608K), 0.0005100 secs] 196973K->196845K(197184K), 0.0035380 secs]
13.244: [GC 13.245: [DefNew: 546K->32K(576K), 0.0015940 secs]13.247: [Train: 196504K->196504K(196608K), 0.0004700 secs] 197015K->196921K(197184K), 0.0034710 secs]
13.248: [GC 13.249: [DefNew: 543K->19K(576K), 0.0015950 secs]13.251: [Train: 196527K->196527K(196608K), 0.0004770 secs] 197048K->196930K(197184K), 0.0034770 secs]
13.251: [GC 13.253: [DefNew: 530K->49K(576K), 0.0015730 secs]13.254: [Train: 196527K->196527K(196608K), 0.0004680 secs] 197058K->196960K(197184K), 0.0034450 secs]
13.255: [GC 13.256: [DefNew: 557K->36K(576K), 0.0015880 secs]13.258: [Train: 196548K->196548K(196672K), 0.0005240 secs] 197084K->196968K(197248K), 0.0035160 secs]
13.259: [GC 13.260: [DefNew: 547K->45K(576K), 0.0015810 secs]13.262: [Train: 196568K->196568K(196672K), 0.0005170 secs] 197095K->196998K(197248K), 0.0035030 secs]
13.262: [GC 13.264: [DefNew: 553K->36K(576K), 0.0015760 secs]13.265: [Train: 196584K->196584K(196672K), 0.0004740 secs] 197122K->196962K(197248K), 0.0034630 secs]
13.266: [GC 13.267: [DefNew: 546K->49K(576K), 0.0015870 secs]13.269: [Train: 196606K->196606K(196736K), 0.0004810 secs] 197131K->196911K(197312K), 0.0034740 secs]
13.270: [GC 13.271: [DefNew: 559K->49K(576K), 0.0015990 secs]13.273: [Train: 196645K->196645K(196736K), 0.0005030 secs] 197165K->196694K(197312K), 0.0035290 secs]
13.274: [GC 13.278: [DefNew: 551K->62K(576K), 0.0017490 secs]13.280: [Train: 196706K->196706K(196800K), 0.0005300 secs] 197196K->196768K(197376K), 0.0073270 secs]
13.281: [GC 13.283: [DefNew: 564K->62K(576K), 0.0017400 secs] 197270K->196842K(197376K), 0.0032540 secs]
13.285: [GC 13.287: [DefNew: 564K->62K(576K), 0.0016890 secs]13.288: [Train: 196855K->196855K(196992K), 0.0005330 secs] 197344K->196917K(197568K), 0.0036890 secs]
13.289: [GC 13.291: [DefNew: 564K->62K(576K), 0.0016470 secs]13.292: [Train: 196929K->196929K(197056K), 0.0005260 secs] 197420K->197247K(197632K), 0.0036250 secs]
13.293: [GC 13.295: [DefNew: 569K->45K(576K), 0.0016240 secs]13.296: [Train: 196983K->196983K(197120K), 0.0004820 secs] 197498K->197370K(197696K), 0.0035560 secs]
13.297: [GC 13.298: [DefNew: 556K->22K(576K), 0.0015960 secs]13.300: [Train: 197019K->197019K(197120K), 0.0004740 secs] 197540K->197426K(197696K), 0.0035000 secs]
13.301: [GC 13.302: [DefNew: 534K->52K(576K), 0.0015740 secs]13.303: [Train: 197019K->197019K(197120K), 0.0004630 secs] 197553K->197455K(197696K), 0.0034520 secs]
13.304: [GC 13.305: [DefNew: 560K->36K(576K), 0.0015970 secs]13.307: [Train: 197044K->197044K(197184K), 0.0004880 secs] 197579K->197464K(197760K), 0.0034970 secs]
13.308: [GC 13.309: [DefNew: 547K->45K(576K), 0.0016010 secs]13.311: [Train: 197064K->197064K(197184K), 0.0004950 secs] 197591K->197493K(197760K), 0.0035070 secs]
13.311: [GC 13.313: [DefNew: 553K->36K(576K), 0.0015850 secs]13.314: [Train: 197080K->197080K(197184K), 0.0004660 secs] 197617K->197500K(197760K), 0.0034600 secs]
13.315: [GC 13.316: [DefNew: 547K->45K(576K), 0.0015900 secs]13.318: [Train: 197100K->197100K(197184K), 0.0004720 secs] 197627K->197529K(197760K), 0.0034710 secs]
13.319: [GC 13.320: [DefNew: 553K->36K(576K), 0.0015890 secs]13.322: [Train: 197118K->197118K(197248K), 0.0004830 secs] 197653K->197495K(197824K), 0.0034810 secs]
13.322: [GC 13.324: [DefNew: 546K->49K(576K), 0.0015850 secs]13.325: [Train: 197137K->197137K(197248K), 0.0004790 secs] 197665K->197442K(197824K), 0.0034820 secs]
13.326: [GC 13.327: [DefNew: 559K->49K(576K), 0.0016030 secs]13.329: [Train: 197178K->197178K(197312K), 0.0004710 secs] 197697K->197227K(197888K), 0.0034870 secs]
13.330: [GC 13.331: [DefNew: 551K->62K(576K), 0.0016210 secs]13.333: [Train: 197239K->197239K(197376K), 0.0004780 secs] 197730K->197301K(197952K), 0.0035160 secs]
13.334: [GC 13.335: [DefNew: 564K->62K(576K), 0.0016340 secs] 197804K->197375K(197952K), 0.0030440 secs]
13.337: [GC 13.339: [DefNew: 564K->62K(576K), 0.0016610 secs]13.340: [Train: 197387K->197387K(197504K), 0.0004900 secs] 197878K->197449K(198080K), 0.0036100 secs]
13.342: [GC 13.343: [DefNew: 564K->62K(576K), 0.0016340 secs]13.344: [Train: 197461K->197461K(197568K), 0.0005200 secs] 197951K->197779K(198144K), 0.0035810 secs]
13.345: [GC 13.347: [DefNew: 569K->45K(576K), 0.0016160 secs]13.348: [Train: 197515K->197515K(197632K), 0.0004750 secs] 198030K->197902K(198208K), 0.0035240 secs]
13.349: [GC 13.350: [DefNew: 556K->22K(576K), 0.0015940 secs]13.352: [Train: 197551K->197551K(197632K), 0.0004960 secs] 198072K->197958K(198208K), 0.0035110 secs]
13.353: [GC 13.354: [DefNew: 534K->52K(576K), 0.0015770 secs]13.356: [Train: 197551K->197551K(197632K), 0.0004790 secs] 198085K->197987K(198208K), 0.0034750 secs]
13.356: [GC 13.358: [DefNew: 560K->36K(576K), 0.0016400 secs]13.359: [Train: 197576K->197576K(197696K), 0.0005060 secs] 198111K->197996K(198272K), 0.0035690 secs]
13.360: [GC 13.361: [DefNew: 547K->45K(576K), 0.0015970 secs]13.363: [Train: 197595K->197595K(197696K), 0.0004750 secs] 198123K->198025K(198272K), 0.0034900 secs]
13.364: [GC 13.365: [DefNew: 553K->36K(576K), 0.0015910 secs]13.367: [Train: 197612K->197612K(197696K), 0.0004640 secs] 198149K->198032K(198272K), 0.0034690 secs]
13.367: [GC 13.369: [DefNew: 547K->45K(576K), 0.0016070 secs]13.370: [Train: 197633K->197633K(197760K), 0.0004840 secs] 198159K->198020K(198336K), 0.0035070 secs]
13.371: [GC 13.372: [DefNew: 556K->42K(576K), 0.0015950 secs]13.374: [Train: 197649K->197649K(197760K), 0.0004590 secs] 198190K->197948K(198336K), 0.0034730 secs]
13.375: [GC 13.376: [DefNew: 549K->58K(576K), 0.0015920 secs]13.378: [Train: 197669K->197669K(197760K), 0.0004820 secs] 198199K->197728K(198336K), 0.0034910 secs]
13.379: [GC 13.380: [DefNew: 561K->62K(576K), 0.0016380 secs]13.382: [Train: 197740K->197740K(197824K), 0.0005400 secs] 198230K->197802K(198400K), 0.0035980 secs]
13.383: [GC 13.384: [DefNew: 564K->62K(576K), 0.0016410 secs] 198304K->197877K(198464K), 0.0030540 secs]
13.386: [GC 13.387: [DefNew: 564K->62K(576K), 0.0016360 secs]13.389: [Train: 197889K->197889K(198016K), 0.0004740 secs] 198380K->197951K(198592K), 0.0035320 secs]
13.390: [GC 13.391: [DefNew: 564K->62K(576K), 0.0016300 secs]13.393: [Train: 197963K->197963K(198080K), 0.0005310 secs] 198454K->198281K(198656K), 0.0035950 secs]
13.394: [GC 13.395: [DefNew: 569K->36K(576K), 0.0016230 secs]13.397: [Train: 198027K->198027K(198144K), 0.0004700 secs] 198532K->198404K(198720K), 0.0035120 secs]
13.398: [GC 13.399: [DefNew: 546K->32K(576K), 0.0015990 secs]13.401: [Train: 198063K->198063K(198144K), 0.0004770 secs] 198574K->198479K(198720K), 0.0034980 secs]
13.401: [GC 13.403: [DefNew: 543K->19K(576K), 0.0015920 secs]13.404: [Train: 198088K->198088K(198208K), 0.0004700 secs] 198607K->198491K(198784K), 0.0034840 secs]
13.405: [GC 13.406: [DefNew: 530K->49K(576K), 0.0015800 secs]13.408: [Train: 198088K->198088K(198208K), 0.0004780 secs] 198618K->198521K(198784K), 0.0034890 secs]
13.409: [GC 13.410: [DefNew: 557K->36K(576K), 0.0015890 secs]13.411: [Train: 198107K->198107K(198208K), 0.0004570 secs] 198645K->198527K(198784K), 0.0034690 secs]
13.412: [GC 13.413: [DefNew: 547K->45K(576K), 0.0015940 secs]13.415: [Train: 198127K->198127K(198208K), 0.0004790 secs] 198654K->198557K(198784K), 0.0034900 secs]
13.416: [GC 13.417: [DefNew: 553K->36K(576K), 0.0016020 secs]13.419: [Train: 198145K->198145K(198272K), 0.0004850 secs] 198681K->198522K(198848K), 0.0035050 secs]
13.419: [GC 13.421: [DefNew: 546K->49K(576K), 0.0015970 secs]13.422: [Train: 198165K->198165K(198272K), 0.0004710 secs] 198692K->198470K(198848K), 0.0034840 secs]
13.423: [GC 13.424: [DefNew: 559K->49K(576K), 0.0016160 secs]13.426: [Train: 198206K->198206K(198336K), 0.0004780 secs] 198724K->198255K(198912K), 0.0035130 secs]
13.427: [GC 13.428: [DefNew: 551K->62K(576K), 0.0016470 secs]13.430: [Train: 198266K->198266K(198400K), 0.0004790 secs] 198757K->198329K(198976K), 0.0035520 secs]
13.431: [GC 13.432: [DefNew: 564K->62K(576K), 0.0016430 secs] 198831K->198402K(198976K), 0.0030520 secs]
13.435: [GC 13.436: [DefNew: 564K->62K(576K), 0.0016500 secs]13.438: [Train: 198414K->198414K(198528K), 0.0004810 secs] 198905K->198476K(199104K), 0.0035630 secs]
13.439: [GC 13.440: [DefNew: 564K->62K(576K), 0.0016380 secs]13.442: [Train: 198488K->198488K(198592K), 0.0004970 secs] 198979K->198806K(199168K), 0.0035580 secs]
13.442: [GC 13.444: [DefNew: 363K->16K(576K), 0.0016220 secs]13.445: [Train: 198542K->198542K(198656K), 0.0004840 secs] 198852K->198900K(199232K), 0.0035320 secs]
13.446: [GC 13.450: [DefNew: 527K->29K(576K), 0.0017030 secs]13.452: [Train: 198887K->198926K(199104K), 0.0005290 secs] 199414K->199340K(199680K), 0.0062150 secs]
13.453: [GC 13.454: [DefNew: 540K->58K(576K), 0.0015960 secs]13.456: [Train: 198926K->198924K(199104K), 0.0004980 secs] 199467K->199367K(199680K), 0.0035440 secs]
13.456: [GC 13.458: [DefNew: 566K->36K(576K), 0.0016140 secs]13.459: [Train: 198956K->198956K(199104K), 0.0004750 secs] 199491K->199376K(199680K), 0.0035180 secs]
13.460: [GC 13.461: [DefNew: 547K->45K(576K), 0.0016080 secs]13.463: [Train: 198975K->198975K(199104K), 0.0004910 secs] 199503K->199405K(199680K), 0.0035230 secs]
13.464: [GC 13.465: [DefNew: 553K->36K(576K), 0.0016110 secs]13.467: [Train: 198992K->198992K(199104K), 0.0005110 secs] 199529K->199369K(199680K), 0.0035460 secs]
13.467: [GC 13.469: [DefNew: 546K->49K(576K), 0.0016080 secs]13.470: [Train: 199013K->199011K(199104K), 0.0004750 secs] 199539K->199316K(199680K), 0.0035090 secs]
13.471: [GC 13.472: [DefNew: 559K->49K(576K), 0.0016310 secs]13.474: [Train: 199052K->199052K(199168K), 0.0004880 secs] 199571K->199101K(199744K), 0.0035470 secs]
13.475: [GC 13.476: [DefNew: 551K->62K(576K), 0.0016550 secs]13.478: [Train: 199113K->199115K(199296K), 0.0005050 secs] 199604K->199177K(199872K), 0.0035920 secs]
13.479: [GC 13.480: [DefNew: 564K->62K(576K), 0.0016560 secs] 199679K->199251K(199872K), 0.0030700 secs]
13.483: [GC 13.484: [DefNew: 564K->62K(576K), 0.0016510 secs]13.486: [Train: 199262K->199261K(199360K), 0.0004840 secs] 199753K->199323K(199936K), 0.0035630 secs]
13.487: [GC 13.488: [DefNew: 564K->62K(576K), 0.0016510 secs]13.490: [Train: 199334K->199336K(199488K), 0.0005080 secs] 199825K->199654K(200064K), 0.0035870 secs]
13.490: [GC 13.492: [DefNew: 569K->45K(576K), 0.0016270 secs]13.493: [Train: 199390K->199389K(199488K), 0.0005550 secs] 199906K->199776K(200064K), 0.0036110 secs]
13.494: [GC 13.496: [DefNew: 556K->22K(576K), 0.0016160 secs]13.497: [Train: 199426K->199426K(199552K), 0.0005010 secs] 199945K->199833K(200128K), 0.0035470 secs]
13.498: [GC 13.499: [DefNew: 534K->52K(576K), 0.0016040 secs]13.501: [Train: 199426K->199426K(199552K), 0.0005140 secs] 199961K->199863K(200128K), 0.0035760 secs]
13.502: [GC 13.503: [DefNew: 560K->36K(576K), 0.0016070 secs]13.505: [Train: 199449K->199449K(199552K), 0.0004930 secs] 199987K->199869K(200128K), 0.0035310 secs]
13.505: [GC 13.507: [DefNew: 547K->45K(576K), 0.0016100 secs]13.508: [Train: 199471K->199471K(199616K), 0.0005050 secs] 199997K->199901K(200192K), 0.0035510 secs]
13.509: [GC 13.510: [DefNew: 553K->36K(576K), 0.0015990 secs]13.512: [Train: 199487K->199487K(199616K), 0.0004970 secs] 200025K->199907K(200192K), 0.0035910 secs]
13.513: [GC 13.514: [DefNew: 547K->45K(576K), 0.0016110 secs]13.516: [Train: 199509K->199509K(199680K), 0.0004870 secs] 200034K->199896K(200256K), 0.0035420 secs]
13.517: [GC 13.518: [DefNew: 556K->42K(576K), 0.0016000 secs]13.519: [Train: 199525K->199523K(199680K), 0.0005280 secs] 200065K->199822K(200256K), 0.0035620 secs]
13.520: [GC 13.522: [DefNew: 549K->58K(576K), 0.0016500 secs]13.523: [Train: 199545K->199545K(199680K), 0.0005010 secs] 200073K->199604K(200256K), 0.0036040 secs]
13.524: [GC 13.526: [DefNew: 561K->62K(576K), 0.0016490 secs]13.527: [Train: 199615K->199615K(199744K), 0.0005320 secs] 200106K->199677K(200320K), 0.0036390 secs]
13.528: [GC 13.530: [DefNew: 564K->62K(576K), 0.0016450 secs] 200180K->199751K(200320K), 0.0030720 secs]
13.532: [GC 13.533: [DefNew: 564K->62K(576K), 0.0016710 secs]13.535: [Train: 199765K->199765K(199936K), 0.0005330 secs] 200254K->199827K(200512K), 0.0036330 secs]
13.536: [GC 13.537: [DefNew: 564K->62K(576K), 0.0016660 secs]13.539: [Train: 199838K->199837K(199936K), 0.0004900 secs] 200329K->200155K(200512K), 0.0035890 secs]
13.540: [GC 13.541: [DefNew: 569K->36K(576K), 0.0016370 secs]13.543: [Train: 199901K->199901K(200000K), 0.0005170 secs] 200406K->200278K(200576K), 0.0035850 secs]
13.544: [GC 13.545: [DefNew: 546K->32K(576K), 0.0016250 secs]13.547: [Train: 199938K->199938K(200064K), 0.0004770 secs] 200448K->200355K(200640K), 0.0035340 secs]
13.547: [GC 13.549: [DefNew: 543K->19K(576K), 0.0016170 secs]13.550: [Train: 199961K->199961K(200064K), 0.0005530 secs] 200482K->200365K(200640K), 0.0036000 secs]
13.551: [GC 13.552: [DefNew: 530K->49K(576K), 0.0016020 secs]13.554: [Train: 199961K->199961K(200064K), 0.0004850 secs] 200492K->200394K(200640K), 0.0035160 secs]
13.555: [GC 13.556: [DefNew: 557K->36K(576K), 0.0016080 secs]13.558: [Train: 199983K->199983K(200128K), 0.0004780 secs] 200518K->200403K(200704K), 0.0035220 secs]
13.558: [GC 13.560: [DefNew: 547K->45K(576K), 0.0016040 secs]13.561: [Train: 200002K->200002K(200128K), 0.0005230 secs] 200530K->200432K(200704K), 0.0035560 secs]
13.562: [GC 13.563: [DefNew: 553K->36K(576K), 0.0016080 secs]13.565: [Train: 200021K->200019K(200128K), 0.0004840 secs] 200556K->200396K(200704K), 0.0035210 secs]
13.566: [GC 13.567: [DefNew: 546K->49K(576K), 0.0016050 secs]13.569: [Train: 200038K->200040K(200192K), 0.0005320 secs] 200566K->200345K(200768K), 0.0035660 secs]
13.570: [GC 13.571: [DefNew: 559K->49K(576K), 0.0016230 secs]13.573: [Train: 200081K->200080K(200192K), 0.0005000 secs] 200600K->200129K(200768K), 0.0035600 secs]
13.574: [GC 13.575: [DefNew: 551K->62K(576K), 0.0016480 secs]13.577: [Train: 200140K->200142K(200320K), 0.0004930 secs] 200631K->200204K(200896K), 0.0036040 secs]
13.578: [GC 13.579: [DefNew: 564K->62K(576K), 0.0016460 secs] 200707K->200278K(200896K), 0.0030760 secs]
13.581: [GC 13.582: [DefNew: 564K->62K(576K), 0.0016520 secs]13.584: [Train: 200290K->200288K(200384K), 0.0005070 secs] 200780K->200350K(200960K), 0.0036050 secs]
13.585: [GC 13.587: [DefNew: 564K->62K(576K), 0.0016660 secs]13.588: [Train: 200364K->200364K(200512K), 0.0005230 secs] 200852K->200682K(201088K), 0.0036420 secs]
13.589: [GC 13.590: [DefNew: 569K->45K(576K), 0.0016380 secs]13.592: [Train: 200418K->200418K(200576K), 0.0005090 secs] 200933K->200805K(201152K), 0.0035870 secs]
13.593: [GC 13.594: [DefNew: 556K->22K(576K), 0.0016150 secs]13.596: [Train: 200454K->200454K(200576K), 0.0005450 secs] 200974K->200861K(201152K), 0.0035970 secs]
13.597: [GC 13.598: [DefNew: 534K->52K(576K), 0.0016030 secs]13.600: [Train: 200454K->200456K(200640K), 0.0005470 secs] 200988K->200892K(201216K), 0.0036010 secs]
13.600: [GC 13.602: [DefNew: 560K->36K(576K), 0.0016110 secs]13.603: [Train: 200478K->200477K(200640K), 0.0005000 secs] 201016K->200897K(201216K), 0.0035510 secs]
13.604: [GC 13.605: [DefNew: 547K->45K(576K), 0.0016210 secs]13.607: [Train: 200498K->200498K(200640K), 0.0004860 secs] 201024K->200928K(201216K), 0.0035390 secs]
13.608: [GC 13.609: [DefNew: 553K->36K(576K), 0.0016190 secs]13.611: [Train: 200514K->200514K(200640K), 0.0005360 secs] 201052K->200934K(201216K), 0.0035890 secs]
13.611: [GC 13.613: [DefNew: 547K->45K(576K), 0.0016340 secs]13.614: [Train: 200536K->200536K(200704K), 0.0005270 secs] 201062K->200923K(201280K), 0.0035960 secs]
13.615: [GC 13.617: [DefNew: 556K->42K(576K), 0.0016120 secs]13.618: [Train: 200552K->200550K(200704K), 0.0004730 secs] 201093K->200849K(201280K), 0.0035210 secs]
13.619: [GC 13.620: [DefNew: 549K->58K(576K), 0.0016350 secs]13.622: [Train: 200572K->200572K(200704K), 0.0005600 secs] 201100K->200631K(201280K), 0.0036310 secs]
13.623: [GC 13.624: [DefNew: 561K->62K(576K), 0.0016580 secs]13.626: [Train: 200642K->200642K(200768K), 0.0004900 secs] 201133K->200705K(201344K), 0.0035880 secs]
13.627: [GC 13.628: [DefNew: 564K->62K(576K), 0.0016580 secs] 201207K->200778K(201344K), 0.0030840 secs]
13.631: [GC 13.632: [DefNew: 564K->62K(576K), 0.0016520 secs]13.634: [Train: 200790K->200792K(200960K), 0.0005230 secs] 201281K->200854K(201536K), 0.0036130 secs]
13.635: [GC 13.636: [DefNew: 564K->62K(576K), 0.0016590 secs]13.638: [Train: 200866K->200864K(200960K), 0.0004850 secs] 201356K->201182K(201536K), 0.0035980 secs]
13.638: [GC 13.640: [DefNew: 569K->36K(576K), 0.0016370 secs]13.641: [Train: 200928K->200928K(201024K), 0.0004820 secs] 201433K->201305K(201600K), 0.0035570 secs]
13.642: [GC 13.644: [DefNew: 546K->32K(576K), 0.0016250 secs]13.645: [Train: 200966K->200968K(201152K), 0.0005170 secs] 201475K->201384K(201728K), 0.0035800 secs]
13.646: [GC 13.647: [DefNew: 543K->19K(576K), 0.0016110 secs]13.649: [Train: 200990K->200989K(201152K), 0.0005830 secs] 201511K->201392K(201728K), 0.0036320 secs]
13.650: [GC 13.651: [DefNew: 530K->49K(576K), 0.0015990 secs]13.653: [Train: 200989K->200990K(201152K), 0.0005070 secs] 201520K->201423K(201728K), 0.0035450 secs]
13.653: [GC 13.655: [DefNew: 557K->36K(576K), 0.0016100 secs]13.656: [Train: 201010K->201010K(201152K), 0.0005020 secs] 201547K->201430K(201728K), 0.0035550 secs]
13.657: [GC 13.658: [DefNew: 547K->45K(576K), 0.0016120 secs]13.660: [Train: 201030K->201032K(201216K), 0.0005230 secs] 201557K->201461K(201792K), 0.0035860 secs]
13.661: [GC 13.662: [DefNew: 553K->36K(576K), 0.0016100 secs]13.664: [Train: 201048K->201046K(201216K), 0.0004940 secs] 201585K->201423K(201792K), 0.0035480 secs]
13.665: [GC 13.666: [DefNew: 546K->49K(576K), 0.0016190 secs]13.668: [Train: 201068K->201068K(201216K), 0.0005070 secs] 201593K->201373K(201792K), 0.0035690 secs]
13.668: [GC 13.670: [DefNew: 559K->49K(576K), 0.0016240 secs]13.671: [Train: 201107K->201107K(201216K), 0.0004820 secs] 201627K->201156K(201792K), 0.0035580 secs]
13.672: [GC 13.674: [DefNew: 551K->62K(576K), 0.0016650 secs]13.675: [Train: 201168K->201169K(201344K), 0.0005390 secs] 201658K->201231K(201920K), 0.0036570 secs]
13.676: [GC 13.678: [DefNew: 564K->62K(576K), 0.0016730 secs] 201734K->201305K(201920K), 0.0031280 secs]
13.680: [GC 13.681: [DefNew: 564K->62K(576K), 0.0016860 secs]13.683: [Train: 201317K->201315K(201408K), 0.0004980 secs] 201808K->201377K(201984K), 0.0036290 secs]
13.684: [GC 13.685: [DefNew: 564K->62K(576K), 0.0016660 secs]13.687: [Train: 201389K->201391K(201536K), 0.0005430 secs] 201880K->201709K(202112K), 0.0036660 secs]
13.688: [GC 13.689: [DefNew: 569K->45K(576K), 0.0016450 secs]13.691: [Train: 201443K->201445K(201600K), 0.0005380 secs] 201960K->201832K(202176K), 0.0036280 secs]
13.692: [GC 13.693: [DefNew: 556K->22K(576K), 0.0016380 secs]13.695: [Train: 201481K->201481K(201600K), 0.0004950 secs] 202002K->201888K(202176K), 0.0035760 secs]
13.696: [GC 13.697: [DefNew: 534K->52K(576K), 0.0016090 secs]13.699: [Train: 201481K->201483K(201664K), 0.0005310 secs] 202015K->201919K(202240K), 0.0035830 secs]
13.699: [GC 13.701: [DefNew: 560K->36K(576K), 0.0016210 secs]13.702: [Train: 201506K->201504K(201664K), 0.0004980 secs] 202043K->201924K(202240K), 0.0035610 secs]
13.703: [GC 13.704: [DefNew: 547K->45K(576K), 0.0016470 secs]13.706: [Train: 201525K->201525K(201664K), 0.0005180 secs] 202051K->201955K(202240K), 0.0036080 secs]
13.707: [GC 13.708: [DefNew: 553K->36K(576K), 0.0016190 secs]13.710: [Train: 201542K->201542K(201664K), 0.0004740 secs] 202079K->201962K(202240K), 0.0035350 secs]
13.710: [GC 13.712: [DefNew: 547K->45K(576K), 0.0016160 secs]13.713: [Train: 201561K->201561K(201664K), 0.0004890 secs] 202089K->201948K(202240K), 0.0035480 secs]
13.714: [GC 13.715: [DefNew: 556K->42K(576K), 0.0016200 secs]13.717: [Train: 201580K->201580K(201728K), 0.0004800 secs] 202118K->201878K(202304K), 0.0035660 secs]
13.718: [GC 13.719: [DefNew: 549K->58K(576K), 0.0016200 secs]13.721: [Train: 201599K->201599K(201728K), 0.0004670 secs] 202129K->201658K(202304K), 0.0035300 secs]
13.722: [GC 13.723: [DefNew: 561K->62K(576K), 0.0016600 secs]13.725: [Train: 201670K->201670K(201792K), 0.0005440 secs] 202160K->201732K(202368K), 0.0036490 secs]
13.726: [GC 13.727: [DefNew: 564K->62K(576K), 0.0016670 secs] 202234K->201808K(202432K), 0.0031000 secs]
13.730: [GC 13.731: [DefNew: 564K->62K(576K), 0.0016650 secs]13.733: [Train: 201819K->201817K(201920K), 0.0005010 secs] 202310K->201880K(202496K), 0.0036220 secs]
13.734: [GC 13.735: [DefNew: 564K->62K(576K), 0.0016560 secs]13.737: [Train: 201891K->201893K(202048K), 0.0004970 secs] 202382K->202211K(202624K), 0.0036030 secs]
13.737: [GC 13.739: [DefNew: 569K->36K(576K), 0.0016500 secs]13.740: [Train: 201957K->201955K(202048K), 0.0004990 secs] 202462K->202333K(202624K), 0.0036060 secs]
13.741: [GC 13.743: [DefNew: 546K->32K(576K), 0.0016330 secs]13.744: [Train: 201993K->201995K(202176K), 0.0005010 secs] 202502K->202411K(202752K), 0.0035910 secs]
13.745: [GC 13.746: [DefNew: 543K->19K(576K), 0.0016180 secs]13.748: [Train: 202018K->202016K(202176K), 0.0004670 secs] 202539K->202420K(202752K), 0.0035340 secs]
13.749: [GC 13.750: [DefNew: 530K->49K(576K), 0.0016060 secs]13.752: [Train: 202016K->202018K(202176K), 0.0005160 secs] 202547K->202451K(202752K), 0.0035710 secs]
13.752: [GC 13.754: [DefNew: 557K->36K(576K), 0.0016160 secs]13.755: [Train: 202037K->202037K(202176K), 0.0005160 secs] 202575K->202457K(202752K), 0.0035890 secs]
13.756: [GC 13.757: [DefNew: 547K->45K(576K), 0.0016260 secs]13.759: [Train: 202059K->202059K(202240K), 0.0004830 secs] 202585K->202489K(202816K), 0.0035540 secs]
13.760: [GC 13.761: [DefNew: 553K->36K(576K), 0.0016180 secs]13.763: [Train: 202075K->202073K(202240K), 0.0004810 secs] 202613K->202451K(202816K), 0.0035440 secs]
13.763: [GC 13.765: [DefNew: 546K->49K(576K), 0.0016310 secs]13.766: [Train: 202093K->202095K(202240K), 0.0005250 secs] 202620K->202400K(202816K), 0.0035990 secs]
13.767: [GC 13.769: [DefNew: 559K->49K(576K), 0.0016330 secs]13.770: [Train: 202134K->202134K(202240K), 0.0004740 secs] 202654K->202183K(202816K), 0.0035520 secs]
13.771: [GC 13.773: [DefNew: 551K->62K(576K), 0.0016510 secs]13.774: [Train: 202195K->202197K(202368K), 0.0005320 secs] 202686K->202259K(202944K), 0.0036300 secs]
13.775: [GC 13.777: [DefNew: 564K->62K(576K), 0.0016700 secs] 202761K->202333K(202944K), 0.0031050 secs]
13.779: [GC 13.780: [DefNew: 564K->62K(576K), 0.0016850 secs]13.782: [Train: 202344K->202344K(202496K), 0.0005250 secs] 202835K->202406K(203072K), 0.0036560 secs]
13.783: [GC 13.784: [DefNew: 564K->62K(576K), 0.0016620 secs]13.786: [Train: 202418K->202418K(202560K), 0.0005190 secs] 202909K->202736K(203136K), 0.0036330 secs]
13.787: [GC 13.788: [DefNew: 569K->45K(576K), 0.0016760 secs]13.790: [Train: 202470K->202472K(202624K), 0.0005070 secs] 202987K->202859K(203200K), 0.0036390 secs]
13.791: [GC 13.792: [DefNew: 556K->22K(576K), 0.0016250 secs]13.794: [Train: 202508K->202508K(202624K), 0.0005010 secs] 203029K->202915K(203200K), 0.0035810 secs]
13.794: [GC 13.796: [DefNew: 534K->52K(576K), 0.0016110 secs]13.797: [Train: 202508K->202508K(202624K), 0.0004880 secs] 203042K->202945K(203200K), 0.0035480 secs]
13.798: [GC 13.799: [DefNew: 560K->36K(576K), 0.0016290 secs]13.801: [Train: 202533K->202531K(202624K), 0.0004990 secs] 203069K->202951K(203200K), 0.0035850 secs]
13.802: [GC 13.803: [DefNew: 547K->45K(576K), 0.0016300 secs]13.805: [Train: 202553K->202553K(202688K), 0.0004960 secs] 203078K->202982K(203264K), 0.0035730 secs]
13.806: [GC 13.807: [DefNew: 553K->36K(576K), 0.0016200 secs]13.808: [Train: 202569K->202571K(202752K), 0.0005120 secs] 203106K->202991K(203328K), 0.0035840 secs]
13.809: [GC 13.811: [DefNew: 547K->45K(576K), 0.0016280 secs]13.812: [Train: 202590K->202589K(202752K), 0.0005050 secs] 203118K->202976K(203328K), 0.0035860 secs]
13.813: [GC 13.814: [DefNew: 556K->42K(576K), 0.0016340 secs]13.816: [Train: 202607K->202607K(202752K), 0.0004950 secs] 203145K->202905K(203328K), 0.0035980 secs]
13.817: [GC 13.818: [DefNew: 549K->58K(576K), 0.0016350 secs]13.820: [Train: 202628K->202626K(202752K), 0.0004980 secs] 203157K->202685K(203328K), 0.0035880 secs]
13.821: [GC 13.822: [DefNew: 561K->62K(576K), 0.0016690 secs]13.824: [Train: 202697K->202699K(202880K), 0.0005050 secs] 203188K->202761K(203456K), 0.0036360 secs]
13.825: [GC 13.826: [DefNew: 564K->62K(576K), 0.0016840 secs] 203263K->202835K(203456K), 0.0031770 secs]
13.829: [GC 13.830: [DefNew: 564K->62K(576K), 0.0016830 secs]13.832: [Train: 202846K->202845K(202944K), 0.0005360 secs] 203337K->202907K(203520K), 0.0036820 secs]
13.833: [GC 13.834: [DefNew: 564K->62K(576K), 0.0016730 secs]13.836: [Train: 202918K->202920K(203072K), 0.0005250 secs] 203409K->203238K(203648K), 0.0036650 secs]
13.837: [GC 13.838: [DefNew: 569K->36K(576K), 0.0017010 secs]13.840: [Train: 202984K->202984K(203136K), 0.0005270 secs] 203490K->203362K(203712K), 0.0037190 secs]
13.841: [GC 13.842: [DefNew: 546K->32K(576K), 0.0016390 secs]13.844: [Train: 203020K->203022K(203200K), 0.0005190 secs] 203531K->203439K(203776K), 0.0036230 secs]
13.844: [GC 13.846: [DefNew: 543K->19K(576K), 0.0016320 secs]13.847: [Train: 203045K->203043K(203200K), 0.0004910 secs] 203566K->203447K(203776K), 0.0035780 secs]
13.848: [GC 13.849: [DefNew: 530K->49K(576K), 0.0016280 secs]13.851: [Train: 203043K->203043K(203200K), 0.0005160 secs] 203574K->203476K(203776K), 0.0035960 secs]
13.852: [GC 13.853: [DefNew: 557K->36K(576K), 0.0016390 secs]13.855: [Train: 203065K->203065K(203200K), 0.0004940 secs] 203600K->203485K(203776K), 0.0035850 secs]
13.855: [GC 13.857: [DefNew: 547K->45K(576K), 0.0016320 secs]13.858: [Train: 203084K->203086K(203264K), 0.0004990 secs] 203612K->203516K(203840K), 0.0035840 secs]
13.859: [GC 13.861: [DefNew: 553K->36K(576K), 0.0016360 secs]13.862: [Train: 203102K->203102K(203264K), 0.0004930 secs] 203640K->203480K(203840K), 0.0035820 secs]
13.863: [GC 13.864: [DefNew: 546K->49K(576K), 0.0016330 secs]13.866: [Train: 203122K->203122K(203264K), 0.0005280 secs] 203649K->203427K(203840K), 0.0036150 secs]
13.867: [GC 13.868: [DefNew: 559K->49K(576K), 0.0016510 secs]13.870: [Train: 203161K->203161K(203264K), 0.0004800 secs] 203682K->203210K(203840K), 0.0035850 secs]
13.871: [GC 13.872: [DefNew: 551K->62K(576K), 0.0016800 secs]13.874: [Train: 203222K->203222K(203328K), 0.0004930 secs] 203713K->203284K(203904K), 0.0036310 secs]
13.875: [GC 13.876: [DefNew: 564K->62K(576K), 0.0016740 secs] 203787K->203358K(203904K), 0.0031180 secs]
13.878: [GC 13.880: [DefNew: 564K->62K(576K), 0.0016840 secs]13.881: [Train: 203372K->203372K(203520K), 0.0005190 secs] 203860K->203434K(204096K), 0.0036600 secs]
13.883: [GC 13.884: [DefNew: 564K->62K(576K), 0.0016740 secs]13.886: [Train: 203445K->203445K(203584K), 0.0005400 secs] 203936K->203764K(204160K), 0.0036840 secs]
13.886: [GC 13.888: [DefNew: 569K->45K(576K), 0.0016590 secs]13.889: [Train: 203500K->203500K(203648K), 0.0004980 secs] 204015K->203887K(204224K), 0.0036140 secs]
13.890: [GC 13.892: [DefNew: 556K->22K(576K), 0.0016380 secs]13.893: [Train: 203536K->203537K(203712K), 0.0005330 secs] 204056K->203944K(204288K), 0.0036270 secs]
13.894: [GC 13.895: [DefNew: 534K->52K(576K), 0.0016200 secs]13.897: [Train: 203537K->203536K(203712K), 0.0004710 secs] 204071K->203972K(204288K), 0.0035450 secs]
13.898: [GC 13.899: [DefNew: 560K->36K(576K), 0.0016310 secs]13.901: [Train: 203558K->203560K(203712K), 0.0004990 secs] 204096K->203980K(204288K), 0.0035860 secs]
13.901: [GC 13.903: [DefNew: 547K->45K(576K), 0.0016310 secs]13.904: [Train: 203580K->203580K(203712K), 0.0004770 secs] 204107K->204010K(204288K), 0.0035710 secs]
13.905: [GC 13.907: [DefNew: 553K->36K(576K), 0.0016290 secs]13.908: [Train: 203596K->203598K(203776K), 0.0005060 secs] 204134K->204018K(204352K), 0.0035980 secs]
13.909: [GC 13.910: [DefNew: 547K->45K(576K), 0.0016360 secs]13.912: [Train: 203618K->203616K(203776K), 0.0004680 secs] 204145K->204003K(204352K), 0.0035750 secs]
13.913: [GC 13.914: [DefNew: 556K->42K(576K), 0.0016350 secs]13.916: [Train: 203634K->203634K(203776K), 0.0004800 secs] 204173K->203933K(204352K), 0.0035830 secs]
13.917: [GC 13.918: [DefNew: 549K->58K(576K), 0.0016340 secs]13.920: [Train: 203654K->203656K(203840K), 0.0005740 secs] 204184K->203714K(204416K), 0.0036690 secs]
13.921: [GC 13.922: [DefNew: 561K->62K(576K), 0.0016750 secs]13.924: [Train: 203726K->203726K(203904K), 0.0005260 secs] 204217K->203788K(204480K), 0.0036770 secs]
13.925: [GC 13.926: [DefNew: 564K->62K(576K), 0.0016740 secs] 204291K->203862K(204480K), 0.0031280 secs]
13.928: [GC 13.930: [DefNew: 564K->62K(576K), 0.0017040 secs]13.931: [Train: 203874K->203872K(203968K), 0.0005080 secs] 204364K->203934K(204544K), 0.0036730 secs]
13.932: [GC 13.934: [DefNew: 564K->62K(576K), 0.0016790 secs]13.935: [Train: 203946K->203948K(204096K), 0.0005020 secs] 204436K->204266K(204672K), 0.0036560 secs]
13.936: [GC 13.938: [DefNew: 569K->36K(576K), 0.0016800 secs]13.939: [Train: 204012K->204012K(204160K), 0.0005170 secs] 204517K->204389K(204736K), 0.0036990 secs]
13.940: [GC 13.942: [DefNew: 546K->32K(576K), 0.0016520 secs]13.943: [Train: 204048K->204049K(204224K), 0.0005370 secs] 204559K->204466K(204800K), 0.0036510 secs]
13.944: [GC 13.945: [DefNew: 543K->19K(576K), 0.0016510 secs]13.947: [Train: 204072K->204072K(204224K), 0.0005230 secs] 204593K->204476K(204800K), 0.0036350 secs]
13.948: [GC 13.949: [DefNew: 530K->49K(576K), 0.0016270 secs]13.951: [Train: 204072K->204070K(204224K), 0.0005280 secs] 204603K->204504K(204800K), 0.0036140 secs]
13.951: [GC 13.953: [DefNew: 557K->36K(576K), 0.0016440 secs]13.954: [Train: 204092K->204092K(204224K), 0.0005180 secs] 204627K->204512K(204800K), 0.0036200 secs]
13.955: [GC 13.957: [DefNew: 547K->45K(576K), 0.0016520 secs]13.958: [Train: 204113K->204112K(204224K), 0.0004970 secs] 204639K->204541K(204800K), 0.0036070 secs]
13.959: [GC 13.960: [DefNew: 553K->36K(576K), 0.0016340 secs]13.962: [Train: 204128K->204130K(204288K), 0.0005360 secs] 204665K->204507K(204864K), 0.0036290 secs]
13.963: [GC 13.964: [DefNew: 546K->49K(576K), 0.0016380 secs]13.966: [Train: 204149K->204149K(204288K), 0.0004960 secs] 204677K->204454K(204864K), 0.0035950 secs]
13.967: [GC 13.968: [DefNew: 559K->49K(576K), 0.0016500 secs]13.970: [Train: 204189K->204189K(204288K), 0.0004830 secs] 204709K->204238K(204864K), 0.0035930 secs]
13.971: [GC 13.972: [DefNew: 551K->62K(576K), 0.0016790 secs]13.974: [Train: 204249K->204251K(204416K), 0.0005190 secs] 204740K->204313K(204992K), 0.0036650 secs]
13.975: [GC 13.976: [DefNew: 564K->62K(576K), 0.0016760 secs] 204816K->204387K(204992K), 0.0031270 secs]
13.978: [GC 13.980: [DefNew: 564K->62K(576K), 0.0016750 secs]13.981: [Train: 204399K->204399K(204544K), 0.0005350 secs] 204890K->204461K(205120K), 0.0036710 secs]
13.982: [GC 13.984: [DefNew: 564K->62K(576K), 0.0016710 secs]13.985: [Train: 204473K->204473K(204608K), 0.0005060 secs] 204963K->204791K(205184K), 0.0036420 secs]
13.986: [GC 13.988: [DefNew: 569K->45K(576K), 0.0016530 secs]13.989: [Train: 204525K->204527K(204672K), 0.0005320 secs] 205042K->204914K(205248K), 0.0036540 secs]
13.990: [GC 13.992: [DefNew: 556K->22K(576K), 0.0016410 secs]13.993: [Train: 204563K->204565K(204736K), 0.0004900 secs] 205084K->204972K(205312K), 0.0036360 secs]
13.994: [GC 13.995: [DefNew: 534K->52K(576K), 0.0016270 secs]13.997: [Train: 204565K->204563K(204736K), 0.0004960 secs] 205099K->204999K(205312K), 0.0035860 secs]
13.998: [GC 13.999: [DefNew: 560K->36K(576K), 0.0016400 secs]14.001: [Train: 204588K->204588K(204736K), 0.0004750 secs] 205123K->205008K(205312K), 0.0035820 secs]
14.001: [GC 14.003: [DefNew: 547K->45K(576K), 0.0016350 secs]14.004: [Train: 204607K->204607K(204736K), 0.0004920 secs] 205135K->205037K(205312K), 0.0035950 secs]
14.005: [GC 14.006: [DefNew: 553K->36K(576K), 0.0016320 secs]14.008: [Train: 204624K->204625K(204800K), 0.0005290 secs] 205161K->205045K(205376K), 0.0036350 secs]
14.009: [GC 14.010: [DefNew: 547K->45K(576K), 0.0016370 secs]14.012: [Train: 204645K->204643K(204800K), 0.0004950 secs] 205173K->205030K(205376K), 0.0036010 secs]
14.013: [GC 14.014: [DefNew: 556K->42K(576K), 0.0016410 secs]14.016: [Train: 204661K->204661K(204800K), 0.0004660 secs] 205200K->204960K(205376K), 0.0035850 secs]
14.016: [GC 14.018: [DefNew: 549K->58K(576K), 0.0016390 secs]14.019: [Train: 204681K->204681K(204800K), 0.0004780 secs] 205211K->204740K(205376K), 0.0035940 secs]
14.021: [GC 14.022: [DefNew: 561K->62K(576K), 0.0016700 secs]14.024: [Train: 204752K->204753K(204928K), 0.0005400 secs] 205242K->204816K(205504K), 0.0036810 secs]
14.025: [GC 14.026: [DefNew: 564K->62K(576K), 0.0016930 secs] 205318K->204889K(205504K), 0.0031610 secs]
14.028: [GC 14.030: [DefNew: 564K->62K(576K), 0.0017150 secs]14.031: [Train: 204901K->204901K(205056K), 0.0005470 secs] 205392K->204963K(205632K), 0.0037290 secs]
14.032: [GC 14.034: [DefNew: 564K->62K(576K), 0.0016780 secs]14.035: [Train: 204975K->204975K(205120K), 0.0005090 secs] 205466K->205293K(205696K), 0.0036650 secs]
14.036: [GC 14.038: [DefNew: 569K->36K(576K), 0.0016870 secs]14.039: [Train: 205039K->205039K(205184K), 0.0005590 secs] 205544K->205416K(205760K), 0.0037600 secs]
14.040: [GC 14.042: [DefNew: 546K->32K(576K), 0.0016660 secs]14.043: [Train: 205075K->205075K(205184K), 0.0004810 secs] 205586K->205492K(205760K), 0.0036200 secs]
14.044: [GC 14.045: [DefNew: 543K->19K(576K), 0.0016480 secs]14.047: [Train: 205100K->205100K(205248K), 0.0004790 secs] 205619K->205503K(205824K), 0.0035960 secs]
14.048: [GC 14.049: [DefNew: 530K->49K(576K), 0.0016350 secs]14.051: [Train: 205100K->205100K(205248K), 0.0004940 secs] 205630K->205533K(205824K), 0.0035940 secs]
14.051: [GC 14.053: [DefNew: 557K->36K(576K), 0.0016510 secs]14.054: [Train: 205119K->205119K(205248K), 0.0004650 secs] 205657K->205539K(205824K), 0.0035820 secs]
14.055: [GC 14.057: [DefNew: 547K->45K(576K), 0.0016520 secs]14.058: [Train: 205139K->205141K(205312K), 0.0005230 secs] 205666K->205570K(205888K), 0.0036440 secs]
14.059: [GC 14.060: [DefNew: 553K->36K(576K), 0.0016440 secs]14.062: [Train: 205157K->205155K(205312K), 0.0004920 secs] 205694K->205533K(205888K), 0.0036040 secs]
14.063: [GC 14.064: [DefNew: 546K->49K(576K), 0.0016680 secs]14.066: [Train: 205177K->205177K(205312K), 0.0005150 secs] 205702K->205482K(205888K), 0.0036510 secs]
14.067: [GC 14.068: [DefNew: 559K->49K(576K), 0.0016550 secs]14.070: [Train: 205218K->205216K(205312K), 0.0005260 secs] 205736K->205265K(205888K), 0.0036560 secs]
14.071: [GC 14.072: [DefNew: 551K->62K(576K), 0.0016870 secs]14.074: [Train: 205277K->205278K(205440K), 0.0005240 secs] 205767K->205341K(206016K), 0.0036860 secs]
14.075: [GC 14.076: [DefNew: 564K->62K(576K), 0.0016930 secs] 205843K->205414K(206016K), 0.0031520 secs]
14.078: [GC 14.080: [DefNew: 564K->62K(576K), 0.0016890 secs]14.082: [Train: 205426K->205426K(205568K), 0.0005610 secs] 205917K->205488K(206144K), 0.0037200 secs]
14.083: [GC 14.084: [DefNew: 564K->62K(576K), 0.0016790 secs]14.086: [Train: 205500K->205500K(205632K), 0.0005340 secs] 205991K->205818K(206208K), 0.0036920 secs]
14.087: [GC 14.088: [DefNew: 569K->45K(576K), 0.0016670 secs]14.090: [Train: 205554K->205554K(205696K), 0.0005670 secs] 206069K->205941K(206272K), 0.0037070 secs]
14.090: [GC 14.092: [DefNew: 556K->22K(576K), 0.0016550 secs]14.093: [Train: 205592K->205592K(205760K), 0.0005460 secs] 206111K->205999K(206336K), 0.0036760 secs]
14.094: [GC 14.096: [DefNew: 534K->52K(576K), 0.0016350 secs]14.097: [Train: 205592K->205590K(205760K), 0.0005220 secs] 206126K->206026K(206336K), 0.0036290 secs]
14.098: [GC 14.099: [DefNew: 560K->36K(576K), 0.0016510 secs]14.101: [Train: 205615K->205615K(205760K), 0.0004950 secs] 206150K->206035K(206336K), 0.0036160 secs]
14.102: [GC 14.103: [DefNew: 547K->45K(576K), 0.0016440 secs]14.105: [Train: 205634K->205634K(205760K), 0.0005310 secs] 206162K->206064K(206336K), 0.0036460 secs]
14.106: [GC 14.107: [DefNew: 553K->36K(576K), 0.0016420 secs]14.109: [Train: 205651K->205653K(205824K), 0.0005070 secs] 206188K->206073K(206400K), 0.0036240 secs]
14.109: [GC 14.111: [DefNew: 547K->45K(576K), 0.0016440 secs]14.112: [Train: 205672K->205670K(205824K), 0.0004830 secs] 206200K->206058K(206400K), 0.0036030 secs]
14.113: [GC 14.115: [DefNew: 556K->42K(576K), 0.0016530 secs]14.116: [Train: 205689K->205689K(205824K), 0.0005030 secs] 206227K->205987K(206400K), 0.0036480 secs]
14.117: [GC 14.118: [DefNew: 549K->58K(576K), 0.0016470 secs]14.120: [Train: 205708K->205710K(205888K), 0.0004870 secs] 206238K->205769K(206464K), 0.0036120 secs]
14.121: [GC 14.122: [DefNew: 561K->62K(576K), 0.0016820 secs]14.124: [Train: 205781K->205779K(205888K), 0.0005120 secs] 206271K->205841K(206464K), 0.0036760 secs]
14.125: [GC 14.127: [DefNew: 564K->62K(576K), 0.0016820 secs] 206343K->205915K(206464K), 0.0031580 secs]
14.129: [GC 14.130: [DefNew: 564K->62K(576K), 0.0017000 secs]14.132: [Train: 205926K->205928K(206080K), 0.0005220 secs] 206417K->205990K(206656K), 0.0037000 secs]
14.133: [GC 14.134: [DefNew: 564K->62K(576K), 0.0016810 secs]14.136: [Train: 206002K->206002K(206144K), 0.0005000 secs] 206493K->206320K(206720K), 0.0036640 secs]
14.137: [GC 14.138: [DefNew: 569K->36K(576K), 0.0016760 secs]14.140: [Train: 206066K->206066K(206208K), 0.0004790 secs] 206571K->206443K(206784K), 0.0036470 secs]
14.141: [GC 14.142: [DefNew: 546K->32K(576K), 0.0016520 secs]14.144: [Train: 206102K->206104K(206272K), 0.0005250 secs] 206613K->206521K(206848K), 0.0036570 secs]
14.144: [GC 14.146: [DefNew: 543K->19K(576K), 0.0016450 secs]14.147: [Train: 206127K->206127K(206272K), 0.0005210 secs] 206648K->206530K(206848K), 0.0036440 secs]
14.148: [GC 14.150: [DefNew: 530K->49K(576K), 0.0016490 secs]14.151: [Train: 206127K->206127K(206272K), 0.0004850 secs] 206658K->206560K(206848K), 0.0036070 secs]
14.152: [GC 14.153: [DefNew: 557K->36K(576K), 0.0016500 secs]14.155: [Train: 206146K->206146K(206272K), 0.0005240 secs] 206684K->206566K(206848K), 0.0036480 secs]
14.156: [GC 14.157: [DefNew: 547K->45K(576K), 0.0016520 secs]14.159: [Train: 206166K->206168K(206336K), 0.0004880 secs] 206694K->206598K(206912K), 0.0036150 secs]
14.160: [GC 14.161: [DefNew: 553K->36K(576K), 0.0016550 secs]14.163: [Train: 206184K->206182K(206336K), 0.0004710 secs] 206722K->206560K(206912K), 0.0035990 secs]
14.163: [GC 14.165: [DefNew: 546K->49K(576K), 0.0016570 secs]14.166: [Train: 206204K->206204K(206336K), 0.0004780 secs] 206729K->206509K(206912K), 0.0036080 secs]
14.167: [GC 14.168: [DefNew: 559K->49K(576K), 0.0016670 secs]14.170: [Train: 206245K->206245K(206400K), 0.0005190 secs] 206763K->206294K(206976K), 0.0036610 secs]
14.171: [GC 14.173: [DefNew: 551K->62K(576K), 0.0016930 secs]14.174: [Train: 206306K->206306K(206464K), 0.0005050 secs] 206796K->206368K(207040K), 0.0036800 secs]
14.175: [GC 14.177: [DefNew: 564K->62K(576K), 0.0016900 secs] 206870K->206442K(207040K), 0.0031550 secs]
14.179: [GC 14.180: [DefNew: 564K->62K(576K), 0.0017040 secs]14.182: [Train: 206453K->206453K(206592K), 0.0005190 secs] 206944K->206516K(207168K), 0.0037010 secs]
14.183: [GC 14.184: [DefNew: 564K->62K(576K), 0.0017020 secs]14.186: [Train: 206527K->206527K(206656K), 0.0005500 secs] 207018K->206845K(207232K), 0.0037290 secs]
14.187: [GC 14.188: [DefNew: 569K->45K(576K), 0.0016770 secs]14.190: [Train: 206581K->206581K(206720K), 0.0005130 secs] 207097K->206968K(207296K), 0.0036690 secs]
14.191: [GC 14.192: [DefNew: 556K->22K(576K), 0.0016730 secs]14.194: [Train: 206619K->206619K(206784K), 0.0005570 secs] 207138K->207026K(207360K), 0.0037090 secs]
14.195: [GC 14.196: [DefNew: 534K->52K(576K), 0.0016570 secs]14.198: [Train: 206619K->206617K(206784K), 0.0004890 secs] 207153K->207054K(207360K), 0.0036280 secs]
14.199: [GC 14.200: [DefNew: 560K->36K(576K), 0.0016640 secs]14.202: [Train: 206642K->206642K(206784K), 0.0005540 secs] 207178K->207062K(207360K), 0.0036960 secs]
14.202: [GC 14.204: [DefNew: 547K->45K(576K), 0.0016520 secs]14.205: [Train: 206662K->206662K(206784K), 0.0005170 secs] 207189K->207092K(207360K), 0.0036460 secs]
14.206: [GC 14.207: [DefNew: 553K->36K(576K), 0.0016480 secs]14.209: [Train: 206678K->206678K(206784K), 0.0004760 secs] 207215K->207098K(207360K), 0.0036130 secs]
14.210: [GC 14.211: [DefNew: 547K->45K(576K), 0.0016750 secs]14.213: [Train: 206700K->206700K(206848K), 0.0005240 secs] 207225K->207129K(207424K), 0.0037000 secs]
14.214: [GC 14.215: [DefNew: 553K->36K(576K), 0.0016520 secs]14.217: [Train: 206716K->206716K(206848K), 0.0004840 secs] 207253K->207093K(207424K), 0.0036460 secs]
14.218: [GC 14.219: [DefNew: 546K->49K(576K), 0.0016530 secs]14.221: [Train: 206736K->206736K(206848K), 0.0004900 secs] 207263K->207041K(207424K), 0.0036260 secs]
14.221: [GC 14.223: [DefNew: 559K->49K(576K), 0.0016700 secs]14.224: [Train: 206777K->206777K(206912K), 0.0005090 secs] 207295K->206826K(207488K), 0.0036740 secs]
14.226: [GC 14.227: [DefNew: 551K->62K(576K), 0.0016870 secs]14.229: [Train: 206837K->206837K(206976K), 0.0005290 secs] 207328K->206900K(207552K), 0.0037080 secs]
14.230: [GC 14.231: [DefNew: 564K->62K(576K), 0.0016940 secs] 207402K->206973K(207552K), 0.0031660 secs]
14.233: [GC 14.235: [DefNew: 564K->62K(576K), 0.0017040 secs]14.236: [Train: 206985K->206987K(207168K), 0.0005070 secs] 207476K->207049K(207744K), 0.0037030 secs]
14.237: [GC 14.239: [DefNew: 564K->62K(576K), 0.0016900 secs]14.241: [Train: 207061K->207059K(207168K), 0.0005090 secs] 207551K->207377K(207744K), 0.0036880 secs]
14.241: [GC 14.243: [DefNew: 569K->45K(576K), 0.0016760 secs]14.244: [Train: 207113K->207115K(207296K), 0.0005020 secs] 207628K->207502K(207872K), 0.0036640 secs]
14.245: [GC 14.247: [DefNew: 556K->22K(576K), 0.0016590 secs]14.248: [Train: 207151K->207151K(207296K), 0.0005380 secs] 207672K->207558K(207872K), 0.0036900 secs]
14.249: [GC 14.250: [DefNew: 534K->52K(576K), 0.0016450 secs]14.252: [Train: 207151K->207151K(207296K), 0.0005030 secs] 207685K->207587K(207872K), 0.0036340 secs]
14.253: [GC 14.254: [DefNew: 560K->36K(576K), 0.0016550 secs]14.256: [Train: 207174K->207176K(207360K), 0.0005230 secs] 207711K->207596K(207936K), 0.0036620 secs]
14.257: [GC 14.258: [DefNew: 547K->45K(576K), 0.0016560 secs]14.260: [Train: 207195K->207195K(207360K), 0.0005580 secs] 207723K->207625K(207936K), 0.0037050 secs]
14.260: [GC 14.262: [DefNew: 553K->36K(576K), 0.0016520 secs]14.263: [Train: 207212K->207212K(207360K), 0.0004910 secs] 207749K->207632K(207936K), 0.0036300 secs]
14.264: [GC 14.266: [DefNew: 547K->45K(576K), 0.0016600 secs]14.267: [Train: 207231K->207231K(207360K), 0.0005080 secs] 207759K->207618K(207936K), 0.0036490 secs]
14.268: [GC 14.269: [DefNew: 556K->42K(576K), 0.0016660 secs]14.271: [Train: 207248K->207248K(207360K), 0.0004900 secs] 207788K->207546K(207936K), 0.0036380 secs]
14.272: [GC 14.273: [DefNew: 549K->58K(576K), 0.0051630 secs]14.278: [Train: 207269K->207269K(207424K), 0.0006710 secs] 207797K->207328K(208000K), 0.0073410 secs]
14.280: [GC 14.281: [DefNew: 561K->62K(576K), 0.0018330 secs]14.283: [Train: 207340K->207338K(207424K), 0.0005880 secs] 207830K->207400K(208000K), 0.0039450 secs]
14.284: [GC 14.286: [DefNew: 564K->62K(576K), 0.0018470 secs] 207902K->207476K(208064K), 0.0033950 secs]
14.288: [GC 14.289: [DefNew: 564K->62K(576K), 0.0017870 secs]14.291: [Train: 207487K->207487K(207616K), 0.0005400 secs] 207978K->207549K(208192K), 0.0038840 secs]
14.292: [GC 14.301: [DefNew: 564K->62K(576K), 0.0018810 secs]14.303: [Train: 207561K->207563K(207744K), 0.0005720 secs] 208052K->207881K(208320K), 0.0115560 secs]
14.304: [GC 14.306: [DefNew: 569K->36K(576K), 0.0017320 secs]14.307: [Train: 207627K->207625K(207744K), 0.0005290 secs] 208132K->208002K(208320K), 0.0037740 secs]
14.308: [GC 14.310: [DefNew: 546K->32K(576K), 0.0016960 secs]14.311: [Train: 207663K->207663K(207808K), 0.0005240 secs] 208172K->208079K(208384K), 0.0037150 secs]
14.312: [GC 14.313: [DefNew: 543K->19K(576K), 0.0016910 secs]14.315: [Train: 207686K->207686K(207808K), 0.0005340 secs] 208207K->208089K(208384K), 0.0037380 secs]
14.316: [GC 14.317: [DefNew: 530K->49K(576K), 0.0016860 secs]14.319: [Train: 207686K->207686K(207808K), 0.0004800 secs] 208217K->208119K(208384K), 0.0036690 secs]
14.320: [GC 14.321: [DefNew: 557K->36K(576K), 0.0016700 secs]14.323: [Train: 207705K->207707K(207872K), 0.0005010 secs] 208243K->208127K(208448K), 0.0036560 secs]
14.324: [GC 14.325: [DefNew: 547K->45K(576K), 0.0017130 secs]14.327: [Train: 207727K->207727K(207872K), 0.0005250 secs] 208254K->208157K(208448K), 0.0037980 secs]
14.327: [GC 14.329: [DefNew: 553K->36K(576K), 0.0016990 secs]14.331: [Train: 207743K->207743K(207872K), 0.0004870 secs] 208281K->208121K(208448K), 0.0036900 secs]
14.331: [GC 14.333: [DefNew: 546K->49K(576K), 0.0016690 secs]14.334: [Train: 207763K->207763K(207872K), 0.0005020 secs] 208290K->208068K(208448K), 0.0036590 secs]
14.335: [GC 14.337: [DefNew: 559K->49K(576K), 0.0016920 secs]14.338: [Train: 207804K->207806K(208000K), 0.0005410 secs] 208322K->207855K(208576K), 0.0037280 secs]
14.339: [GC 14.341: [DefNew: 551K->62K(576K), 0.0017460 secs]14.343: [Train: 207866K->207865K(208000K), 0.0005230 secs] 208357K->207927K(208576K), 0.0038200 secs]
14.344: [GC 14.345: [DefNew: 564K->62K(576K), 0.0017130 secs] 208429K->208001K(208576K), 0.0031910 secs]
14.347: [GC 14.349: [DefNew: 564K->62K(576K), 0.0017200 secs]14.350: [Train: 208012K->208012K(208128K), 0.0005150 secs] 208503K->208074K(208704K), 0.0037250 secs]
14.352: [GC 14.353: [DefNew: 564K->62K(576K), 0.0017310 secs]14.355: [Train: 208088K->208088K(208256K), 0.0005130 secs] 208577K->208406K(208832K), 0.0037370 secs]
14.356: [GC 14.357: [DefNew: 569K->45K(576K), 0.0016930 secs]14.359: [Train: 208140K->208142K(208320K), 0.0005070 secs] 208657K->208529K(208896K), 0.0036920 secs]
14.359: [GC 14.361: [DefNew: 556K->22K(576K), 0.0016780 secs]14.362: [Train: 208178K->208178K(208320K), 0.0005430 secs] 208699K->208585K(208896K), 0.0037100 secs]
14.363: [GC 14.365: [DefNew: 534K->52K(576K), 0.0016660 secs]14.366: [Train: 208178K->208178K(208320K), 0.0005260 secs] 208712K->208614K(208896K), 0.0036810 secs]
14.367: [GC 14.368: [DefNew: 560K->36K(576K), 0.0016700 secs]14.370: [Train: 208201K->208201K(208320K), 0.0004930 secs] 208738K->208621K(208896K), 0.0036510 secs]
14.371: [GC 14.372: [DefNew: 547K->45K(576K), 0.0016780 secs]14.374: [Train: 208222K->208222K(208384K), 0.0005310 secs] 208748K->208652K(208960K), 0.0036970 secs]
14.375: [GC 14.376: [DefNew: 553K->36K(576K), 0.0016720 secs]14.378: [Train: 208239K->208239K(208384K), 0.0005180 secs] 208776K->208659K(208960K), 0.0036780 secs]
14.378: [GC 14.380: [DefNew: 547K->45K(576K), 0.0016650 secs]14.382: [Train: 208258K->208258K(208384K), 0.0005240 secs] 208786K->208646K(208960K), 0.0036780 secs]
14.382: [GC 14.384: [DefNew: 556K->42K(576K), 0.0016610 secs]14.385: [Train: 208275K->208275K(208384K), 0.0005230 secs] 208815K->208573K(208960K), 0.0036760 secs]
14.386: [GC 14.388: [DefNew: 549K->58K(576K), 0.0016720 secs]14.389: [Train: 208296K->208294K(208384K), 0.0004930 secs] 208825K->208353K(208960K), 0.0036570 secs]
14.390: [GC 14.392: [DefNew: 561K->62K(576K), 0.0017120 secs]14.393: [Train: 208367K->208367K(208512K), 0.0005390 secs] 208856K->208429K(209088K), 0.0037470 secs]
14.395: [GC 14.396: [DefNew: 564K->62K(576K), 0.0017020 secs] 208931K->208503K(209088K), 0.0031990 secs]
14.398: [GC 14.400: [DefNew: 564K->62K(576K), 0.0017240 secs]14.401: [Train: 208514K->208514K(208640K), 0.0005240 secs] 209005K->208577K(209216K), 0.0037550 secs]
14.402: [GC 14.404: [DefNew: 564K->62K(576K), 0.0017030 secs]14.406: [Train: 208588K->208588K(208704K), 0.0004910 secs] 209079K->208906K(209280K), 0.0036920 secs]
14.406: [GC 14.408: [DefNew: 569K->36K(576K), 0.0016970 secs]14.409: [Train: 208652K->208654K(208832K), 0.0005290 secs] 209158K->209031K(209408K), 0.0037200 secs]
14.410: [GC 14.412: [DefNew: 546K->32K(576K), 0.0016720 secs]14.413: [Train: 208690K->208690K(208832K), 0.0005340 secs] 209201K->209107K(209408K), 0.0037000 secs]
14.414: [GC 14.415: [DefNew: 543K->19K(576K), 0.0016660 secs]14.417: [Train: 208713K->208715K(208896K), 0.0005120 secs] 209234K->209118K(209472K), 0.0036760 secs]
14.418: [GC 14.419: [DefNew: 530K->49K(576K), 0.0016550 secs]14.421: [Train: 208715K->208713K(208896K), 0.0004730 secs] 209246K->209146K(209472K), 0.0036200 secs]
14.422: [GC 14.423: [DefNew: 557K->36K(576K), 0.0016980 secs]14.425: [Train: 208733K->208734K(208896K), 0.0005290 secs] 209270K->209154K(209472K), 0.0037330 secs]
14.426: [GC 14.427: [DefNew: 547K->45K(576K), 0.0017770 secs]14.429: [Train: 208754K->208754K(208896K), 0.0006070 secs] 209282K->209184K(209472K), 0.0040200 secs]
14.430: [GC 14.431: [DefNew: 553K->36K(576K), 0.0017620 secs]14.433: [Train: 208770K->208770K(208896K), 0.0005530 secs] 209308K->209148K(209472K), 0.0039560 secs]
14.434: [GC 14.435: [DefNew: 546K->49K(576K), 0.0016890 secs]14.437: [Train: 208792K->208792K(208960K), 0.0005160 secs] 209317K->209097K(209536K), 0.0037280 secs]
14.438: [GC 14.439: [DefNew: 559K->49K(576K), 0.0022140 secs]14.442: [Train: 208833K->208833K(209024K), 0.0007420 secs] 209351K->208882K(209600K), 0.0046390 secs]
14.443: [GC 14.445: [DefNew: 551K->62K(576K), 0.0017760 secs]14.446: [Train: 208894K->208892K(209024K), 0.0005490 secs] 209384K->208954K(209600K), 0.0039730 secs]
14.448: [GC 14.449: [DefNew: 564K->62K(576K), 0.0017340 secs] 209456K->209028K(209600K), 0.0032250 secs]
14.451: [GC 14.453: [DefNew: 564K->62K(576K), 0.0017250 secs]14.454: [Train: 209040K->209040K(209152K), 0.0005590 secs] 209530K->209102K(209728K), 0.0037830 secs]
14.455: [GC 14.457: [DefNew: 564K->62K(576K), 0.0017580 secs]14.459: [Train: 209113K->209115K(209280K), 0.0005590 secs] 209604K->209433K(209856K), 0.0038240 secs]
14.459: [GC 14.461: [DefNew: 569K->45K(576K), 0.0017220 secs]14.463: [Train: 209169K->209169K(209344K), 0.0005030 secs] 209685K->209556K(209920K), 0.0037320 secs]
14.463: [GC 14.465: [DefNew: 556K->22K(576K), 0.0016820 secs]14.466: [Train: 209205K->209205K(209344K), 0.0004900 secs] 209726K->209612K(209920K), 0.0036710 secs]
14.467: [GC 14.469: [DefNew: 534K->52K(576K), 0.0016670 secs]14.470: [Train: 209205K->209205K(209344K), 0.0005340 secs] 209739K->209642K(209920K), 0.0036990 secs]
14.471: [GC 14.472: [DefNew: 560K->36K(576K), 0.0016870 secs]14.474: [Train: 209228K->209230K(209408K), 0.0004970 secs] 209766K->209650K(209984K), 0.0036810 secs]
14.475: [GC 14.476: [DefNew: 547K->45K(576K), 0.0016770 secs]14.478: [Train: 209250K->209248K(209408K), 0.0004850 secs] 209777K->209678K(209984K), 0.0036580 secs]
14.479: [GC 14.480: [DefNew: 553K->36K(576K), 0.0016780 secs]14.482: [Train: 209266K->209266K(209408K), 0.0004950 secs] 209802K->209686K(209984K), 0.0036680 secs]
14.482: [GC 14.484: [DefNew: 547K->45K(576K), 0.0016750 secs]14.486: [Train: 209288K->209286K(209408K), 0.0005080 secs] 209813K->209673K(209984K), 0.0036790 secs]
14.486: [GC 14.488: [DefNew: 556K->42K(576K), 0.0016680 secs]14.489: [Train: 209302K->209302K(209408K), 0.0004780 secs] 209842K->209601K(209984K), 0.0036430 secs]
14.490: [GC 14.492: [DefNew: 549K->58K(576K), 0.0016780 secs]14.493: [Train: 209324K->209322K(209408K), 0.0004830 secs] 209852K->209381K(209984K), 0.0036590 secs]
14.494: [GC 14.496: [DefNew: 561K->62K(576K), 0.0017230 secs]14.497: [Train: 209394K->209394K(209536K), 0.0005420 secs] 209883K->209456K(210112K), 0.0037730 secs]
14.499: [GC 14.500: [DefNew: 564K->62K(576K), 0.0017540 secs] 209959K->209530K(210112K), 0.0033280 secs]
14.502: [GC 14.504: [DefNew: 564K->62K(576K), 0.0017320 secs]14.506: [Train: 209542K->209542K(209664K), 0.0005190 secs] 210032K->209604K(210240K), 0.0037540 secs]
14.507: [GC 14.508: [DefNew: 564K->62K(576K), 0.0017270 secs]14.510: [Train: 209616K->209616K(209728K), 0.0016880 secs] 210106K->209934K(210304K), 0.0049290 secs]
14.512: [GC 14.513: [DefNew: 569K->36K(576K), 0.0017270 secs]14.515: [Train: 209680K->209680K(209792K), 0.0005250 secs] 210185K->210057K(210368K), 0.0037950 secs]
14.516: [GC 14.517: [DefNew: 546K->32K(576K), 0.0016920 secs]14.519: [Train: 209717K->209717K(209856K), 0.0005080 secs] 210227K->210134K(210432K), 0.0037030 secs]
14.520: [GC 14.521: [DefNew: 543K->19K(576K), 0.0016880 secs]14.523: [Train: 209740K->209742K(209920K), 0.0005030 secs] 210261K->210146K(210496K), 0.0036930 secs]
14.523: [GC 14.525: [DefNew: 530K->49K(576K), 0.0016730 secs]14.526: [Train: 209742K->209742K(209920K), 0.0005410 secs] 210273K->210175K(210496K), 0.0037210 secs]
14.527: [GC 14.529: [DefNew: 557K->36K(576K), 0.0019470 secs]14.531: [Train: 209762K->209762K(209920K), 0.0005240 secs] 210299K->210182K(210496K), 0.0039750 secs]
14.531: [GC 14.533: [DefNew: 547K->45K(576K), 0.0017100 secs]14.534: [Train: 209783K->209781K(209920K), 0.0005130 secs] 210309K->210211K(210496K), 0.0037320 secs]
14.535: [GC 14.537: [DefNew: 553K->36K(576K), 0.0016770 secs]14.538: [Train: 209798K->209798K(209920K), 0.0005050 secs] 210335K->210175K(210496K), 0.0036840 secs]
14.539: [GC 14.540: [DefNew: 546K->49K(576K), 0.0016940 secs]14.542: [Train: 209817K->209819K(209984K), 0.0005530 secs] 210345K->210124K(210560K), 0.0037540 secs]
14.543: [GC 14.545: [DefNew: 559K->49K(576K), 0.0017180 secs]14.546: [Train: 209858K->209860K(210048K), 0.0005280 secs] 210379K->209909K(210624K), 0.0037730 secs]
14.547: [GC 14.549: [DefNew: 551K->62K(576K), 0.0017220 secs]14.550: [Train: 209921K->209919K(210048K), 0.0005000 secs] 210412K->209981K(210624K), 0.0037340 secs]
14.552: [GC 14.553: [DefNew: 564K->62K(576K), 0.0017230 secs] 210484K->210055K(210624K), 0.0032160 secs]
14.555: [GC 14.557: [DefNew: 564K->62K(576K), 0.0017370 secs]14.558: [Train: 210067K->210067K(210176K), 0.0006030 secs] 210558K->210129K(210752K), 0.0038440 secs]
14.559: [GC 14.561: [DefNew: 564K->62K(576K), 0.0018870 secs]14.563: [Train: 210141K->210142K(210304K), 0.0005480 secs] 210631K->210461K(210880K), 0.0039450 secs]
14.564: [GC 14.565: [DefNew: 569K->45K(576K), 0.0017090 secs]14.567: [Train: 210195K->210195K(210304K), 0.0005170 secs] 210712K->210582K(210880K), 0.0037330 secs]
14.568: [GC 14.569: [DefNew: 556K->22K(576K), 0.0017100 secs]14.571: [Train: 210233K->210233K(210368K), 0.0005280 secs] 210752K->210640K(210944K), 0.0037430 secs]
14.571: [GC 14.573: [DefNew: 534K->52K(576K), 0.0016730 secs]14.575: [Train: 210233K->210233K(210368K), 0.0005290 secs] 210767K->210669K(210944K), 0.0037050 secs]
14.575: [GC 14.577: [DefNew: 560K->36K(576K), 0.0016840 secs]14.578: [Train: 210256K->210256K(210368K), 0.0004750 secs] 210793K->210676K(210944K), 0.0036620 secs]
14.579: [GC 14.580: [DefNew: 547K->45K(576K), 0.0016930 secs]14.582: [Train: 210275K->210277K(210432K), 0.0005540 secs] 210803K->210707K(211008K), 0.0037510 secs]
14.583: [GC 14.584: [DefNew: 553K->36K(576K), 0.0016810 secs]14.586: [Train: 210293K->210293K(210432K), 0.0005250 secs] 210831K->210713K(211008K), 0.0037070 secs]
14.587: [GC 14.588: [DefNew: 547K->45K(576K), 0.0016850 secs]14.590: [Train: 210313K->210313K(210432K), 0.0005030 secs] 210841K->210700K(211008K), 0.0036900 secs]
14.591: [GC 14.592: [DefNew: 556K->42K(576K), 0.0016930 secs]14.594: [Train: 210329K->210329K(210432K), 0.0005090 secs] 210870K->210628K(211008K), 0.0037050 secs]
14.595: [GC 14.596: [DefNew: 549K->58K(576K), 0.0016950 secs]14.598: [Train: 210351K->210349K(210432K), 0.0005060 secs] 210879K->210408K(211008K), 0.0037040 secs]
14.599: [GC 14.600: [DefNew: 561K->62K(576K), 0.0017530 secs]14.602: [Train: 210421K->210421K(210560K), 0.0005480 secs] 210910K->210484K(211136K), 0.0038280 secs]
14.603: [GC 14.604: [DefNew: 564K->62K(576K), 0.0017550 secs] 210986K->210557K(211136K), 0.0032550 secs]
14.607: [GC 14.608: [DefNew: 564K->62K(576K), 0.0017530 secs]14.610: [Train: 210569K->210569K(210688K), 0.0005170 secs] 211060K->210631K(211264K), 0.0037840 secs]
14.611: [GC 14.612: [DefNew: 564K->62K(576K), 0.0017520 secs]14.614: [Train: 210645K->210645K(210816K), 0.0005120 secs] 211134K->210963K(211392K), 0.0037760 secs]
14.615: [GC 14.616: [DefNew: 569K->36K(576K), 0.0017270 secs]14.618: [Train: 210709K->210709K(210880K), 0.0004850 secs] 211214K->211086K(211456K), 0.0037230 secs]
14.619: [GC 14.620: [DefNew: 546K->32K(576K), 0.0017020 secs]14.622: [Train: 210746K->210745K(210880K), 0.0005300 secs] 211256K->211161K(211456K), 0.0037360 secs]
14.623: [GC 14.624: [DefNew: 543K->19K(576K), 0.0016850 secs]14.626: [Train: 210768K->210768K(210880K), 0.0004970 secs] 211289K->211171K(211456K), 0.0036870 secs]
14.627: [GC 14.628: [DefNew: 530K->49K(576K), 0.0016830 secs]14.630: [Train: 210768K->210769K(210944K), 0.0005190 secs] 211298K->211202K(211520K), 0.0037070 secs]
14.630: [GC 14.632: [DefNew: 557K->36K(576K), 0.0016810 secs]14.634: [Train: 210789K->210789K(210944K), 0.0005050 secs] 211326K->211209K(211520K), 0.0036920 secs]
14.634: [GC 14.636: [DefNew: 547K->45K(576K), 0.0016840 secs]14.637: [Train: 210809K->210809K(210944K), 0.0005020 secs] 211336K->211238K(211520K), 0.0037000 secs]
14.638: [GC 14.640: [DefNew: 553K->36K(576K), 0.0016790 secs]14.641: [Train: 210825K->210825K(210944K), 0.0006770 secs] 211362K->211202K(211520K), 0.0038650 secs]
14.642: [GC 14.644: [DefNew: 546K->49K(576K), 0.0016870 secs]14.645: [Train: 210845K->210846K(211008K), 0.0005170 secs] 211372K->211151K(211584K), 0.0037190 secs]
14.646: [GC 14.648: [DefNew: 559K->49K(576K), 0.0017030 secs]14.649: [Train: 210888K->210886K(211008K), 0.0005130 secs] 211406K->210935K(211584K), 0.0037260 secs]
14.650: [GC 14.652: [DefNew: 551K->62K(576K), 0.0017230 secs]14.653: [Train: 210946K->210948K(211136K), 0.0005490 secs] 211437K->211010K(211712K), 0.0037860 secs]
14.655: [GC 14.656: [DefNew: 564K->62K(576K), 0.0017330 secs] 211513K->211084K(211712K), 0.0032350 secs]
14.658: [GC 14.660: [DefNew: 564K->62K(576K), 0.0017400 secs]14.661: [Train: 211096K->211094K(211200K), 0.0005030 secs] 211587K->211156K(211776K), 0.0037560 secs]
14.662: [GC 14.664: [DefNew: 564K->62K(576K), 0.0017280 secs]14.666: [Train: 211168K->211168K(211264K), 0.0005250 secs] 211659K->211486K(211840K), 0.0037690 secs]
14.666: [GC 14.668: [DefNew: 569K->45K(576K), 0.0017150 secs]14.670: [Train: 211222K->211222K(211328K), 0.0005100 secs] 211737K->211609K(211904K), 0.0037360 secs]
14.670: [GC 14.672: [DefNew: 556K->22K(576K), 0.0017020 secs]14.673: [Train: 211260K->211260K(211392K), 0.0005140 secs] 211779K->211667K(211968K), 0.0037270 secs]
14.674: [GC 14.676: [DefNew: 534K->52K(576K), 0.0016750 secs]14.677: [Train: 211260K->211260K(211392K), 0.0004930 secs] 211794K->211696K(211968K), 0.0036790 secs]
14.678: [GC 14.679: [DefNew: 560K->36K(576K), 0.0017170 secs]14.681: [Train: 211283K->211283K(211392K), 0.0005820 secs] 211820K->211703K(211968K), 0.0038170 secs]
14.682: [GC 14.683: [DefNew: 547K->45K(576K), 0.0017010 secs]14.685: [Train: 211304K->211302K(211392K), 0.0004940 secs] 211830K->211732K(211968K), 0.0037180 secs]
14.686: [GC 14.687: [DefNew: 553K->36K(576K), 0.0017020 secs]14.689: [Train: 211321K->211321K(211456K), 0.0005430 secs] 211856K->211741K(212032K), 0.0040440 secs]
14.690: [GC 14.692: [DefNew: 547K->45K(576K), 0.0017020 secs]14.693: [Train: 211340K->211342K(211520K), 0.0005580 secs] 211868K->211729K(212096K), 0.0038040 secs]
14.694: [GC 14.696: [DefNew: 556K->42K(576K), 0.0016910 secs]14.697: [Train: 211358K->211358K(211520K), 0.0005090 secs] 211899K->211657K(212096K), 0.0037160 secs]
14.698: [GC 14.700: [DefNew: 549K->58K(576K), 0.0016930 secs]14.701: [Train: 211378K->211378K(211520K), 0.0005690 secs] 211908K->211437K(212096K), 0.0037860 secs]
14.702: [GC 14.704: [DefNew: 561K->62K(576K), 0.0017360 secs]14.706: [Train: 211449K->211449K(211584K), 0.0005550 secs] 211939K->211511K(212160K), 0.0038230 secs]
14.707: [GC 14.708: [DefNew: 564K->62K(576K), 0.0017370 secs] 212013K->211585K(212160K), 0.0032440 secs]
14.710: [GC 14.712: [DefNew: 564K->62K(576K), 0.0017420 secs]14.714: [Train: 211596K->211596K(211712K), 0.0005500 secs] 212087K->211658K(212288K), 0.0038100 secs]
14.715: [GC 14.716: [DefNew: 564K->62K(576K), 0.0017360 secs]14.718: [Train: 211670K->211672K(211840K), 0.0005860 secs] 212161K->211990K(212416K), 0.0038420 secs]
14.719: [GC 14.720: [DefNew: 569K->36K(576K), 0.0017260 secs]14.722: [Train: 211736K->211736K(211904K), 0.0005270 secs] 212241K->212113K(212480K), 0.0037700 secs]
14.723: [GC 14.724: [DefNew: 546K->32K(576K), 0.0017220 secs]14.726: [Train: 211774K->211772K(211904K), 0.0005120 secs] 212283K->212189K(212480K), 0.0037490 secs]
14.727: [GC 14.728: [DefNew: 543K->19K(576K), 0.0016930 secs]14.730: [Train: 211795K->211795K(211904K), 0.0005130 secs] 212316K->212198K(212480K), 0.0037210 secs]
14.730: [GC 14.732: [DefNew: 530K->49K(576K), 0.0016780 secs]14.734: [Train: 211795K->211797K(211968K), 0.0005170 secs] 212326K->212230K(212544K), 0.0037100 secs]
14.734: [GC 14.736: [DefNew: 557K->36K(576K), 0.0016900 secs]14.737: [Train: 211816K->211814K(211968K), 0.0005260 secs] 212354K->212234K(212544K), 0.0037290 secs]
14.738: [GC 14.740: [DefNew: 547K->45K(576K), 0.0016970 secs]14.741: [Train: 211836K->211836K(211968K), 0.0004880 secs] 212362K->212266K(212544K), 0.0036990 secs]
14.742: [GC 14.743: [DefNew: 553K->36K(576K), 0.0016890 secs]14.745: [Train: 211852K->211852K(211968K), 0.0005120 secs] 212390K->212230K(212544K), 0.0037200 secs]
14.746: [GC 14.747: [DefNew: 546K->49K(576K), 0.0016920 secs]14.749: [Train: 211872K->211872K(211968K), 0.0004820 secs] 212399K->212177K(212544K), 0.0036890 secs]
14.750: [GC 14.751: [DefNew: 559K->49K(576K), 0.0017100 secs]14.753: [Train: 211913K->211913K(212032K), 0.0004940 secs] 212431K->211962K(212608K), 0.0037190 secs]
14.754: [GC 14.755: [DefNew: 551K->62K(576K), 0.0017280 secs]14.757: [Train: 211974K->211974K(212096K), 0.0004930 secs] 212464K->212036K(212672K), 0.0037490 secs]
14.758: [GC 14.760: [DefNew: 564K->62K(576K), 0.0017340 secs] 212538K->212110K(212672K), 0.0032410 secs]
14.762: [GC 14.763: [DefNew: 564K->62K(576K), 0.0017420 secs]14.765: [Train: 212121K->212123K(212288K), 0.0005380 secs] 212612K->212185K(212864K), 0.0038030 secs]
14.766: [GC 14.768: [DefNew: 564K->62K(576K), 0.0017380 secs]14.769: [Train: 212197K->212195K(212288K), 0.0005120 secs] 212688K->212513K(212864K), 0.0037730 secs]
14.770: [GC 14.772: [DefNew: 569K->45K(576K), 0.0017210 secs]14.773: [Train: 212249K->212251K(212416K), 0.0005260 secs] 212765K->212638K(212992K), 0.0037650 secs]
14.774: [GC 14.775: [DefNew: 556K->22K(576K), 0.0017060 secs]14.777: [Train: 212287K->212287K(212416K), 0.0005050 secs] 212808K->212694K(212992K), 0.0037300 secs]
14.778: [GC 14.779: [DefNew: 534K->52K(576K), 0.0016810 secs]14.781: [Train: 212287K->212287K(212416K), 0.0005370 secs] 212821K->212724K(212992K), 0.0037430 secs]
14.782: [GC 14.783: [DefNew: 560K->36K(576K), 0.0016960 secs]14.785: [Train: 212310K->212312K(212480K), 0.0005030 secs] 212847K->212732K(213056K), 0.0037170 secs]
14.786: [GC 14.787: [DefNew: 547K->45K(576K), 0.0016980 secs]14.789: [Train: 212332K->212332K(212480K), 0.0004950 secs] 212859K->212761K(213056K), 0.0037110 secs]
14.790: [GC 14.791: [DefNew: 553K->36K(576K), 0.0016980 secs]14.793: [Train: 212350K->212348K(212480K), 0.0005050 secs] 212885K->212768K(213056K), 0.0037270 secs]
14.793: [GC 14.795: [DefNew: 547K->45K(576K), 0.0016940 secs]14.796: [Train: 212368K->212368K(212480K), 0.0005420 secs] 212895K->212755K(213056K), 0.0037600 secs]
14.797: [GC 14.799: [DefNew: 556K->42K(576K), 0.0016970 secs]14.800: [Train: 212386K->212386K(212544K), 0.0005210 secs] 212924K->212684K(213120K), 0.0037500 secs]
14.801: [GC 14.803: [DefNew: 549K->58K(576K), 0.0017190 secs]14.804: [Train: 212405K->212405K(212544K), 0.0005530 secs] 212935K->212464K(213120K), 0.0038240 secs]
14.806: [GC 14.807: [DefNew: 561K->62K(576K), 0.0017560 secs]14.809: [Train: 212478K->212476K(212608K), 0.0005380 secs] 212967K->212538K(213184K), 0.0038570 secs]
14.810: [GC 14.811: [DefNew: 564K->62K(576K), 0.0017370 secs] 213040K->212612K(213184K), 0.0032540 secs]
14.814: [GC 14.815: [DefNew: 564K->62K(576K), 0.0017480 secs]14.817: [Train: 212624K->212624K(212736K), 0.0005270 secs] 213114K->212686K(213312K), 0.0038020 secs]
14.818: [GC 14.819: [DefNew: 564K->62K(576K), 0.0017320 secs]14.821: [Train: 212697K->212699K(212864K), 0.0005470 secs] 213188K->213017K(213440K), 0.0038200 secs]
14.822: [GC 14.823: [DefNew: 569K->36K(576K), 0.0017230 secs]14.825: [Train: 212763K->212763K(212928K), 0.0005430 secs] 213269K->213141K(213504K), 0.0037950 secs]
14.826: [GC 14.827: [DefNew: 546K->32K(576K), 0.0017080 secs]14.829: [Train: 212801K->212799K(212928K), 0.0005100 secs] 213310K->213216K(213504K), 0.0037470 secs]
14.830: [GC 14.831: [DefNew: 543K->19K(576K), 0.0016960 secs]14.833: [Train: 212822K->212824K(212992K), 0.0005360 secs] 213343K->213228K(213568K), 0.0037560 secs]
14.834: [GC 14.835: [DefNew: 530K->49K(576K), 0.0016860 secs]14.837: [Train: 212824K->212822K(212992K), 0.0004970 secs] 213355K->213255K(213568K), 0.0037070 secs]
14.838: [GC 14.839: [DefNew: 557K->36K(576K), 0.0017480 secs]14.841: [Train: 212844K->212844K(212992K), 0.0005010 secs] 213379K->213264K(213568K), 0.0037810 secs]
14.841: [GC 14.843: [DefNew: 547K->45K(576K), 0.0017020 secs]14.845: [Train: 212863K->212863K(212992K), 0.0004780 secs] 213391K->213293K(213568K), 0.0037170 secs]
14.845: [GC 14.847: [DefNew: 553K->36K(576K), 0.0016920 secs]14.848: [Train: 212880K->212880K(212992K), 0.0005360 secs] 213417K->213257K(213568K), 0.0037620 secs]
14.849: [GC 14.851: [DefNew: 546K->49K(576K), 0.0017020 secs]14.852: [Train: 212901K->212899K(212992K), 0.0004850 secs] 213427K->213204K(213568K), 0.0037140 secs]
14.853: [GC 14.855: [DefNew: 559K->49K(576K), 0.0017150 secs]14.856: [Train: 212940K->212940K(213056K), 0.0005130 secs] 213459K->212989K(213632K), 0.0037530 secs]
14.857: [GC 14.859: [DefNew: 551K->62K(576K), 0.0017300 secs]14.861: [Train: 213001K->213001K(213120K), 0.0005040 secs] 213492K->213063K(213696K), 0.0037740 secs]
14.862: [GC 14.863: [DefNew: 564K->62K(576K), 0.0017360 secs] 213566K->213137K(213696K), 0.0032490 secs]
14.865: [GC 14.867: [DefNew: 564K->62K(576K), 0.0017460 secs]14.869: [Train: 213149K->213150K(213312K), 0.0005220 secs] 213639K->213213K(213888K), 0.0037960 secs]
14.870: [GC 14.871: [DefNew: 564K->62K(576K), 0.0017400 secs]14.873: [Train: 213224K->213224K(213376K), 0.0005150 secs] 213715K->213542K(213952K), 0.0038000 secs]
14.874: [GC 14.875: [DefNew: 569K->45K(576K), 0.0017220 secs]14.877: [Train: 213278K->213277K(213376K), 0.0004880 secs] 213794K->213664K(213952K), 0.0037400 secs]
14.878: [GC 14.879: [DefNew: 556K->22K(576K), 0.0017100 secs]14.881: [Train: 213314K->213314K(213440K), 0.0004970 secs] 213833K->213721K(214016K), 0.0037380 secs]
14.881: [GC 14.883: [DefNew: 534K->52K(576K), 0.0016900 secs]14.885: [Train: 213314K->213314K(213440K), 0.0005140 secs] 213849K->213751K(214016K), 0.0037420 secs]
14.885: [GC 14.887: [DefNew: 560K->36K(576K), 0.0017010 secs]14.888: [Train: 213337K->213339K(213504K), 0.0005370 secs] 213875K->213759K(214080K), 0.0037660 secs]
14.889: [GC 14.891: [DefNew: 547K->45K(576K), 0.0017000 secs]14.892: [Train: 213359K->213359K(213504K), 0.0005000 secs] 213886K->213789K(214080K), 0.0037280 secs]
14.893: [GC 14.894: [DefNew: 553K->36K(576K), 0.0017020 secs]14.896: [Train: 213377K->213375K(213504K), 0.0004840 secs] 213913K->213795K(214080K), 0.0037200 secs]
14.897: [GC 14.898: [DefNew: 547K->45K(576K), 0.0017290 secs]14.900: [Train: 213395K->213395K(213504K), 0.0005250 secs] 213922K->213782K(214080K), 0.0037870 secs]
14.901: [GC 14.902: [DefNew: 556K->42K(576K), 0.0017090 secs]14.904: [Train: 213413K->213413K(213568K), 0.0005080 secs] 213952K->213712K(214144K), 0.0037520 secs]
14.905: [GC 14.906: [DefNew: 549K->58K(576K), 0.0017060 secs]14.908: [Train: 213433K->213433K(213568K), 0.0005360 secs] 213963K->213492K(214144K), 0.0038200 secs]
14.909: [GC 14.911: [DefNew: 561K->62K(576K), 0.0017530 secs]14.912: [Train: 213503K->213503K(213632K), 0.0005430 secs] 213994K->213565K(214208K), 0.0038500 secs]
14.913: [GC 14.915: [DefNew: 564K->62K(576K), 0.0017550 secs] 214068K->213639K(214208K), 0.0032870 secs]
14.917: [GC 14.919: [DefNew: 564K->62K(576K), 0.0017560 secs]14.920: [Train: 213651K->213651K(213760K), 0.0004980 secs] 214142K->213713K(214336K), 0.0037980 secs]
14.921: [GC 14.923: [DefNew: 564K->62K(576K), 0.0017500 secs]14.925: [Train: 213725K->213725K(213824K), 0.0005350 secs] 214215K->214043K(214400K), 0.0038270 secs]
14.925: [GC 14.927: [DefNew: 569K->36K(576K), 0.0017340 secs]14.929: [Train: 213789K->213789K(213888K), 0.0005020 secs] 214294K->214166K(214464K), 0.0037750 secs]
14.929: [GC 14.931: [DefNew: 546K->32K(576K), 0.0017260 secs]14.933: [Train: 213826K->213826K(213952K), 0.0004940 secs] 214336K->214243K(214528K), 0.0037760 secs]
14.933: [GC 14.935: [DefNew: 543K->19K(576K), 0.0017050 secs]14.936: [Train: 213849K->213851K(214016K), 0.0005670 secs] 214370K->214255K(214592K), 0.0038080 secs]
14.937: [GC 14.939: [DefNew: 530K->49K(576K), 0.0016950 secs]14.940: [Train: 213851K->213849K(214016K), 0.0004860 secs] 214382K->214282K(214592K), 0.0037160 secs]
14.941: [GC 14.943: [DefNew: 557K->36K(576K), 0.0017180 secs]14.944: [Train: 213871K->213871K(214016K), 0.0005220 secs] 214406K->214291K(214592K), 0.0037900 secs]
14.945: [GC 14.946: [DefNew: 547K->45K(576K), 0.0017050 secs]14.948: [Train: 213890K->213890K(214016K), 0.0005160 secs] 214418K->214320K(214592K), 0.0037570 secs]
14.949: [GC 14.950: [DefNew: 553K->36K(576K), 0.0017060 secs]14.952: [Train: 213907K->213907K(214016K), 0.0005670 secs] 214444K->214284K(214592K), 0.0038080 secs]
14.953: [GC 14.954: [DefNew: 546K->49K(576K), 0.0017120 secs]14.956: [Train: 213928K->213926K(214016K), 0.0005470 secs] 214454K->214232K(214592K), 0.0038000 secs]
14.957: [GC 14.958: [DefNew: 559K->49K(576K), 0.0017270 secs]14.960: [Train: 213968K->213968K(214080K), 0.0005500 secs] 214486K->214017K(214656K), 0.0038130 secs]
14.961: [GC 14.963: [DefNew: 551K->62K(576K), 0.0017420 secs]14.964: [Train: 214028K->214028K(214144K), 0.0005500 secs] 214519K->214090K(214720K), 0.0038360 secs]
14.966: [GC 14.967: [DefNew: 564K->62K(576K), 0.0017500 secs] 214593K->214164K(214720K), 0.0032880 secs]
14.969: [GC 14.971: [DefNew: 564K->62K(576K), 0.0017560 secs]14.972: [Train: 214176K->214178K(214336K), 0.0005470 secs] 214667K->214240K(214912K), 0.0038420 secs]
14.974: [GC 14.975: [DefNew: 564K->62K(576K), 0.0017520 secs]14.977: [Train: 214252K->214252K(214400K), 0.0005530 secs] 214742K->214570K(214976K), 0.0038460 secs]
14.978: [GC 14.979: [DefNew: 569K->45K(576K), 0.0017360 secs]14.981: [Train: 214306K->214306K(214464K), 0.0005610 secs] 214821K->214693K(215040K), 0.0038460 secs]
14.982: [GC 14.983: [DefNew: 556K->22K(576K), 0.0017220 secs]14.985: [Train: 214344K->214342K(214464K), 0.0005400 secs] 214862K->214749K(215040K), 0.0038010 secs]
14.986: [GC 14.987: [DefNew: 534K->52K(576K), 0.0016970 secs]14.989: [Train: 214342K->214342K(214464K), 0.0005380 secs] 214876K->214778K(215040K), 0.0037740 secs]
14.989: [GC 14.991: [DefNew: 560K->36K(576K), 0.0017140 secs]14.993: [Train: 214365K->214366K(214528K), 0.0005490 secs] 214902K->214786K(215104K), 0.0038090 secs]
14.993: [GC 14.995: [DefNew: 547K->45K(576K), 0.0017100 secs]14.997: [Train: 214386K->214386K(214528K), 0.0005360 secs] 214914K->214816K(215104K), 0.0037850 secs]
14.997: [GC 14.999: [DefNew: 553K->36K(576K), 0.0017130 secs]15.001: [Train: 214404K->214402K(214528K), 0.0005260 secs] 214940K->214822K(215104K), 0.0037840 secs]
15.001: [GC 15.003: [DefNew: 547K->45K(576K), 0.0017110 secs]15.004: [Train: 214422K->214424K(214592K), 0.0005160 secs] 214950K->214854K(215168K), 0.0037730 secs]
15.005: [GC 15.007: [DefNew: 553K->36K(576K), 0.0017080 secs]15.008: [Train: 214440K->214438K(214592K), 0.0005400 secs] 214978K->214816K(215168K), 0.0037950 secs]
15.009: [GC 15.011: [DefNew: 546K->49K(576K), 0.0017160 secs]15.012: [Train: 214460K->214460K(214592K), 0.0004870 secs] 214985K->214765K(215168K), 0.0037460 secs]
15.013: [GC 15.015: [DefNew: 559K->49K(576K), 0.0017300 secs]15.016: [Train: 214499K->214499K(214592K), 0.0004860 secs] 215019K->214548K(215168K), 0.0037760 secs]
15.017: [GC 15.019: [DefNew: 551K->62K(576K), 0.0017480 secs]15.021: [Train: 214560K->214562K(214720K), 0.0005390 secs] 215051K->214624K(215296K), 0.0038380 secs]
15.022: [GC 15.023: [DefNew: 564K->62K(576K), 0.0017570 secs] 215126K->214698K(215296K), 0.0032860 secs]
15.025: [GC 15.027: [DefNew: 564K->62K(576K), 0.0017620 secs]15.029: [Train: 214709K->214709K(214848K), 0.0005320 secs] 215200K->214772K(215424K), 0.0038450 secs]
15.030: [GC 15.031: [DefNew: 564K->62K(576K), 0.0017570 secs]15.033: [Train: 214783K->214783K(214912K), 0.0005440 secs] 215274K->215101K(215488K), 0.0038410 secs]
15.034: [GC 15.035: [DefNew: 569K->45K(576K), 0.0017390 secs]15.037: [Train: 214837K->214837K(214976K), 0.0005240 secs] 215353K->215224K(215552K), 0.0038020 secs]
15.038: [GC 15.039: [DefNew: 556K->22K(576K), 0.0017280 secs]15.041: [Train: 214873K->214875K(215040K), 0.0005250 secs] 215394K->215282K(215616K), 0.0038160 secs]
15.042: [GC 15.043: [DefNew: 534K->52K(576K), 0.0017030 secs]15.045: [Train: 214875K->214873K(215040K), 0.0005170 secs] 215409K->215310K(215616K), 0.0037600 secs]
15.046: [GC 15.047: [DefNew: 560K->36K(576K), 0.0017450 secs]15.049: [Train: 214898K->214898K(215040K), 0.0005320 secs] 215434K->215318K(215616K), 0.0038340 secs]
15.050: [GC 15.051: [DefNew: 547K->45K(576K), 0.0017220 secs]15.053: [Train: 214918K->214918K(215040K), 0.0005250 secs] 215445K->215348K(215616K), 0.0038130 secs]
15.054: [GC 15.055: [DefNew: 553K->36K(576K), 0.0017110 secs]15.057: [Train: 214934K->214934K(215040K), 0.0005190 secs] 215471K->215354K(215616K), 0.0037770 secs]
15.057: [GC 15.059: [DefNew: 547K->45K(576K), 0.0017200 secs]15.061: [Train: 214956K->214956K(215104K), 0.0005370 secs] 215481K->215343K(215680K), 0.0038070 secs]
15.061: [GC 15.063: [DefNew: 556K->42K(576K), 0.0017130 secs]15.065: [Train: 214972K->214972K(215104K), 0.0005150 secs] 215512K->215270K(215680K), 0.0037850 secs]
15.066: [GC 15.067: [DefNew: 549K->58K(576K), 0.0017250 secs]15.069: [Train: 214992K->214992K(215104K), 0.0005220 secs] 215522K->215050K(215680K), 0.0038060 secs]
15.070: [GC 15.071: [DefNew: 561K->62K(576K), 0.0017590 secs]15.073: [Train: 215062K->215062K(215168K), 0.0005280 secs] 215553K->215124K(215744K), 0.0038350 secs]
15.074: [GC 15.075: [DefNew: 564K->62K(576K), 0.0017690 secs] 215627K->215200K(215808K), 0.0033010 secs]
15.078: [GC 15.079: [DefNew: 564K->62K(576K), 0.0017660 secs]15.081: [Train: 215212K->215212K(215360K), 0.0005160 secs] 215702K->215274K(215936K), 0.0038230 secs]
15.082: [GC 15.084: [DefNew: 564K->62K(576K), 0.0017600 secs]15.085: [Train: 215285K->215285K(215424K), 0.0005640 secs] 215776K->215604K(216000K), 0.0038700 secs]
15.086: [GC 15.088: [DefNew: 569K->36K(576K), 0.0017480 secs]15.089: [Train: 215349K->215349K(215488K), 0.0005370 secs] 215855K->215727K(216064K), 0.0038270 secs]
15.090: [GC 15.092: [DefNew: 546K->32K(576K), 0.0017260 secs]15.093: [Train: 215385K->215385K(215488K), 0.0004990 secs] 215896K->215802K(216064K), 0.0037670 secs]
15.094: [GC 15.096: [DefNew: 543K->19K(576K), 0.0017210 secs]15.097: [Train: 215410K->215410K(215552K), 0.0005400 secs] 215929K->215814K(216128K), 0.0038030 secs]
15.098: [GC 15.099: [DefNew: 530K->49K(576K), 0.0017060 secs]15.101: [Train: 215410K->215410K(215552K), 0.0005240 secs] 215941K->215843K(216128K), 0.0037720 secs]
15.102: [GC 15.103: [DefNew: 557K->36K(576K), 0.0017170 secs]15.105: [Train: 215430K->215430K(215552K), 0.0005000 secs] 215967K->215850K(216128K), 0.0037630 secs]
15.106: [GC 15.107: [DefNew: 547K->45K(576K), 0.0017200 secs]15.109: [Train: 215449K->215451K(215616K), 0.0005220 secs] 215977K->215881K(216192K), 0.0037840 secs]
15.110: [GC 15.111: [DefNew: 553K->36K(576K), 0.0017150 secs]15.113: [Train: 215468K->215468K(215616K), 0.0004990 secs] 216005K->215845K(216192K), 0.0037560 secs]
15.114: [GC 15.115: [DefNew: 546K->49K(576K), 0.0017270 secs]15.117: [Train: 215487K->215487K(215616K), 0.0005310 secs] 216015K->215792K(216192K), 0.0038120 secs]
15.118: [GC 15.119: [DefNew: 559K->49K(576K), 0.0017400 secs]15.121: [Train: 215528K->215526K(215616K), 0.0004950 secs] 216047K->215576K(216192K), 0.0037790 secs]
15.122: [GC 15.123: [DefNew: 551K->62K(576K), 0.0017550 secs]15.125: [Train: 215587K->215589K(215744K), 0.0005550 secs] 216078K->215651K(216320K), 0.0038620 secs]
15.126: [GC 15.128: [DefNew: 564K->62K(576K), 0.0017640 secs] 216154K->215725K(216320K), 0.0033020 secs]
15.130: [GC 15.132: [DefNew: 564K->62K(576K), 0.0017680 secs]15.133: [Train: 215737K->215737K(215872K), 0.0005710 secs] 216227K->215799K(216448K), 0.0038860 secs]
15.134: [GC 15.136: [DefNew: 564K->62K(576K), 0.0017640 secs]15.138: [Train: 215810K->215810K(215936K), 0.0005340 secs] 216301K->216129K(216512K), 0.0038480 secs]
15.139: [GC 15.140: [DefNew: 569K->45K(576K), 0.0017490 secs]15.142: [Train: 215865K->215865K(216000K), 0.0005280 secs] 216380K->216252K(216576K), 0.0038240 secs]
15.143: [GC 15.144: [DefNew: 556K->22K(576K), 0.0017360 secs]15.146: [Train: 215901K->215902K(216064K), 0.0005320 secs] 216421K->216309K(216640K), 0.0038160 secs]
15.146: [GC 15.148: [DefNew: 534K->52K(576K), 0.0017100 secs]15.150: [Train: 215902K->215902K(216064K), 0.0005220 secs] 216437K->216339K(216640K), 0.0037830 secs]
15.150: [GC 15.152: [DefNew: 560K->36K(576K), 0.0017210 secs]15.154: [Train: 215925K->215925K(216064K), 0.0005190 secs] 216463K->216345K(216640K), 0.0037890 secs]
15.154: [GC 15.156: [DefNew: 547K->45K(576K), 0.0017190 secs]15.157: [Train: 215945K->215945K(216064K), 0.0005450 secs] 216473K->216375K(216640K), 0.0038060 secs]
15.158: [GC 15.160: [DefNew: 553K->36K(576K), 0.0017160 secs]15.161: [Train: 215961K->215961K(216064K), 0.0005230 secs] 216499K->216381K(216640K), 0.0037820 secs]
15.162: [GC 15.164: [DefNew: 547K->45K(576K), 0.0017250 secs]15.165: [Train: 215983K->215983K(216128K), 0.0005370 secs] 216509K->216370K(216704K), 0.0038050 secs]
15.166: [GC 15.168: [DefNew: 556K->42K(576K), 0.0017190 secs]15.169: [Train: 215999K->216001K(216192K), 0.0005240 secs] 216540K->216300K(216768K), 0.0037850 secs]
15.170: [GC 15.172: [DefNew: 549K->58K(576K), 0.0017220 secs]15.173: [Train: 216021K->216019K(216192K), 0.0005390 secs] 216551K->216078K(216768K), 0.0038080 secs]
15.174: [GC 15.176: [DefNew: 561K->62K(576K), 0.0017570 secs]15.178: [Train: 216089K->216089K(216192K), 0.0005340 secs] 216580K->216152K(216768K), 0.0038430 secs]
15.179: [GC 15.180: [DefNew: 564K->62K(576K), 0.0017700 secs] 216654K->216225K(216768K), 0.0033050 secs]
15.182: [GC 15.184: [DefNew: 564K->62K(576K), 0.0018100 secs]15.186: [Train: 216237K->216239K(216384K), 0.0005260 secs] 216728K->216301K(216960K), 0.0039190 secs]
15.187: [GC 15.188: [DefNew: 564K->62K(576K), 0.0017710 secs]15.190: [Train: 216313K->216313K(216448K), 0.0005180 secs] 216803K->216631K(217024K), 0.0038490 secs]
15.191: [GC 15.192: [DefNew: 569K->36K(576K), 0.0017640 secs]15.194: [Train: 216377K->216377K(216512K), 0.0005400 secs] 216882K->216754K(217088K), 0.0038560 secs]
15.195: [GC 15.196: [DefNew: 546K->32K(576K), 0.0017350 secs]15.198: [Train: 216413K->216414K(216576K), 0.0005360 secs] 216924K->216831K(217152K), 0.0038200 secs]
15.199: [GC 15.200: [DefNew: 543K->19K(576K), 0.0017270 secs]15.202: [Train: 216437K->216437K(216576K), 0.0005330 secs] 216958K->216841K(217152K), 0.0038070 secs]
15.203: [GC 15.204: [DefNew: 530K->49K(576K), 0.0017260 secs]15.206: [Train: 216437K->216437K(216576K), 0.0005090 secs] 216968K->216870K(217152K), 0.0037820 secs]
15.207: [GC 15.208: [DefNew: 557K->36K(576K), 0.0017330 secs]15.210: [Train: 216457K->216457K(216576K), 0.0005010 secs] 216994K->216877K(217152K), 0.0037810 secs]
15.211: [GC 15.212: [DefNew: 547K->45K(576K), 0.0017290 secs]15.214: [Train: 216477K->216478K(216640K), 0.0005200 secs] 217004K->216908K(217216K), 0.0038220 secs]
15.215: [GC 15.216: [DefNew: 553K->36K(576K), 0.0017380 secs]15.218: [Train: 216495K->216495K(216640K), 0.0005090 secs] 217032K->216872K(217216K), 0.0037990 secs]
15.219: [GC 15.220: [DefNew: 546K->49K(576K), 0.0017310 secs]15.222: [Train: 216514K->216514K(216640K), 0.0005380 secs] 217042K->216820K(217216K), 0.0038210 secs]
15.223: [GC 15.224: [DefNew: 559K->49K(576K), 0.0017460 secs]15.226: [Train: 216556K->216556K(216704K), 0.0005120 secs] 217074K->216605K(217280K), 0.0038070 secs]
15.227: [GC 15.228: [DefNew: 551K->62K(576K), 0.0017680 secs]15.230: [Train: 216616K->216616K(216768K), 0.0005170 secs] 217107K->216678K(217344K), 0.0038410 secs]
15.231: [GC 15.233: [DefNew: 564K->62K(576K), 0.0017710 secs] 217181K->216752K(217344K), 0.0033120 secs]
15.235: [GC 15.236: [DefNew: 564K->62K(576K), 0.0017810 secs]15.238: [Train: 216764K->216764K(216896K), 0.0005650 secs] 217255K->216826K(217472K), 0.0038980 secs]
15.239: [GC 15.241: [DefNew: 564K->62K(576K), 0.0017870 secs]15.243: [Train: 216840K->216838K(216960K), 0.0005170 secs] 217328K->217156K(217536K), 0.0038590 secs]
15.243: [GC 15.245: [DefNew: 569K->45K(576K), 0.0017540 secs]15.247: [Train: 216892K->216892K(217024K), 0.0005550 secs] 217407K->217279K(217600K), 0.0038630 secs]
15.247: [GC 15.249: [DefNew: 556K->22K(576K), 0.0025540 secs]15.251: [Train: 216928K->216930K(217088K), 0.0005720 secs] 217449K->217337K(217664K), 0.0046840 secs]
15.252: [GC 15.254: [DefNew: 534K->52K(576K), 0.0017240 secs]15.255: [Train: 216930K->216930K(217088K), 0.0005100 secs] 217464K->217366K(217664K), 0.0038090 secs]
15.256: [GC 15.258: [DefNew: 560K->36K(576K), 0.0017290 secs]15.259: [Train: 216953K->216953K(217088K), 0.0005100 secs] 217490K->217373K(217664K), 0.0038040 secs]
15.260: [GC 15.262: [DefNew: 547K->45K(576K), 0.0017310 secs]15.263: [Train: 216972K->216972K(217088K), 0.0005620 secs] 217500K->217402K(217664K), 0.0038460 secs]
15.264: [GC 15.266: [DefNew: 553K->36K(576K), 0.0017380 secs]15.267: [Train: 216989K->216989K(217088K), 0.0004960 secs] 217526K->217409K(217664K), 0.0037870 secs]
15.268: [GC 15.270: [DefNew: 547K->45K(576K), 0.0017380 secs]15.271: [Train: 217010K->217010K(217152K), 0.0005410 secs] 217536K->217397K(217728K), 0.0038310 secs]
15.272: [GC 15.274: [DefNew: 556K->42K(576K), 0.0054400 secs]15.279: [Train: 217026K->217026K(217152K), 0.0006040 secs] 217567K->217325K(217728K), 0.0076240 secs]
15.280: [GC 15.281: [DefNew: 549K->58K(576K), 0.0018090 secs]15.283: [Train: 217046K->217046K(217152K), 0.0005240 secs] 217576K->217105K(217728K), 0.0039130 secs]
15.284: [GC 15.286: [DefNew: 561K->62K(576K), 0.0018000 secs]15.288: [Train: 217117K->217118K(217280K), 0.0005590 secs] 217607K->217181K(217856K), 0.0039680 secs]
15.289: [GC 15.290: [DefNew: 564K->62K(576K), 0.0018740 secs] 217683K->217254K(217856K), 0.0035220 secs]
15.293: [GC 15.294: [DefNew: 564K->62K(576K), 0.0018640 secs]15.296: [Train: 217266K->217266K(217408K), 0.0005500 secs] 217757K->217328K(217984K), 0.0040420 secs]
15.297: [GC 15.299: [DefNew: 564K->62K(576K), 0.0017890 secs]15.301: [Train: 217340K->217340K(217472K), 0.0005320 secs] 217831K->217658K(218048K), 0.0039310 secs]
15.302: [GC 15.303: [DefNew: 569K->36K(576K), 0.0018230 secs]15.305: [Train: 217404K->217404K(217536K), 0.0005840 secs] 217909K->217781K(218112K), 0.0040740 secs]
15.306: [GC 15.307: [DefNew: 546K->32K(576K), 0.0017730 secs]15.309: [Train: 217440K->217442K(217600K), 0.0005730 secs] 217951K->217858K(218176K), 0.0039560 secs]
15.310: [GC 15.311: [DefNew: 543K->19K(576K), 0.0017530 secs]15.313: [Train: 217465K->217465K(217600K), 0.0005770 secs] 217986K->217868K(218176K), 0.0039280 secs]
15.314: [GC 15.315: [DefNew: 530K->49K(576K), 0.0017280 secs]15.317: [Train: 217465K->217465K(217600K), 0.0005490 secs] 217995K->217898K(218176K), 0.0038510 secs]
15.318: [GC 15.319: [DefNew: 557K->36K(576K), 0.0017570 secs]15.321: [Train: 217484K->217484K(217600K), 0.0005460 secs] 218022K->217904K(218176K), 0.0038990 secs]
15.322: [GC 15.324: [DefNew: 547K->45K(576K), 0.0017500 secs]15.325: [Train: 217504K->217506K(217664K), 0.0005690 secs] 218032K->217935K(218240K), 0.0039210 secs]
15.326: [GC 15.328: [DefNew: 553K->36K(576K), 0.0017310 secs]15.329: [Train: 217522K->217522K(217664K), 0.0005100 secs] 218059K->217899K(218240K), 0.0038030 secs]
15.330: [GC 15.332: [DefNew: 546K->49K(576K), 0.0022000 secs]15.334: [Train: 217544K->217542K(217664K), 0.0005330 secs] 218069K->217847K(218240K), 0.0048200 secs]
15.335: [GC 15.337: [DefNew: 559K->49K(576K), 0.0017770 secs]15.338: [Train: 217583K->217583K(217728K), 0.0005090 secs] 218101K->217632K(218304K), 0.0038520 secs]
15.339: [GC 15.341: [DefNew: 551K->62K(576K), 0.0018290 secs]15.343: [Train: 217644K->217644K(217792K), 0.0005670 secs] 218134K->217706K(218368K), 0.0039970 secs]
15.344: [GC 15.345: [DefNew: 564K->62K(576K), 0.0017870 secs] 218208K->217780K(218368K), 0.0033400 secs]
15.348: [GC 15.349: [DefNew: 564K->62K(576K), 0.0018070 secs]15.351: [Train: 217791K->217791K(217920K), 0.0005430 secs] 218282K->217853K(218496K), 0.0039130 secs]
15.352: [GC 15.354: [DefNew: 564K->62K(576K), 0.0018250 secs]15.355: [Train: 217867K->217867K(218048K), 0.0005520 secs] 218356K->218185K(218624K), 0.0039860 secs]
15.356: [GC 15.358: [DefNew: 569K->45K(576K), 0.0017660 secs]15.360: [Train: 217921K->217919K(218048K), 0.0005090 secs] 218436K->218306K(218624K), 0.0038470 secs]
15.360: [GC 15.362: [DefNew: 556K->22K(576K), 0.0017400 secs]15.364: [Train: 217955K->217955K(218048K), 0.0004990 secs] 218476K->218362K(218624K), 0.0038170 secs]
15.364: [GC 15.366: [DefNew: 534K->52K(576K), 0.0017260 secs]15.367: [Train: 217955K->217955K(218048K), 0.0005250 secs] 218489K->218392K(218624K), 0.0038180 secs]
15.368: [GC 15.370: [DefNew: 560K->36K(576K), 0.0017410 secs]15.371: [Train: 217980K->217980K(218112K), 0.0004940 secs] 218515K->218400K(218688K), 0.0038000 secs]
15.372: [GC 15.374: [DefNew: 547K->45K(576K), 0.0017490 secs]15.375: [Train: 218000K->218000K(218112K), 0.0004890 secs] 218527K->218429K(218688K), 0.0037990 secs]
15.376: [GC 15.378: [DefNew: 553K->36K(576K), 0.0017370 secs]15.379: [Train: 218016K->218018K(218176K), 0.0005070 secs] 218553K->218438K(218752K), 0.0038030 secs]
15.380: [GC 15.381: [DefNew: 547K->45K(576K), 0.0017680 secs]15.383: [Train: 218037K->218037K(218176K), 0.0005080 secs] 218565K->218424K(218752K), 0.0038360 secs]
15.384: [GC 15.399: [DefNew: 556K->42K(576K), 0.0017820 secs]15.401: [Train: 218054K->218054K(218176K), 0.0005140 secs] 218594K->218352K(218752K), 0.0171580 secs]
15.401: [GC 15.403: [DefNew: 549K->58K(576K), 0.0017570 secs]15.405: [Train: 218075K->218073K(218176K), 0.0005050 secs] 218603K->218132K(218752K), 0.0038400 secs]
15.406: [GC 15.408: [DefNew: 561K->62K(576K), 0.0018030 secs]15.410: [Train: 218144K->218146K(218304K), 0.0005860 secs] 218635K->218208K(218880K), 0.0039870 secs]
15.411: [GC 15.412: [DefNew: 564K->62K(576K), 0.0018070 secs] 218710K->218282K(218880K), 0.0033650 secs]
15.415: [GC 15.416: [DefNew: 564K->62K(576K), 0.0017980 secs]15.418: [Train: 218293K->218293K(218432K), 0.0005720 secs] 218784K->218356K(219008K), 0.0039360 secs]
15.419: [GC 15.420: [DefNew: 564K->62K(576K), 0.0018070 secs]15.422: [Train: 218367K->218367K(218496K), 0.0005340 secs] 218858K->218685K(219072K), 0.0039240 secs]
15.423: [GC 15.425: [DefNew: 569K->36K(576K), 0.0017820 secs]15.426: [Train: 218431K->218431K(218560K), 0.0005530 secs] 218937K->218809K(219136K), 0.0039020 secs]
15.427: [GC 15.429: [DefNew: 546K->32K(576K), 0.0017600 secs]15.430: [Train: 218469K->218469K(218624K), 0.0005420 secs] 218978K->218886K(219200K), 0.0038700 secs]
15.431: [GC 15.433: [DefNew: 543K->19K(576K), 0.0018090 secs]15.434: [Train: 218492K->218492K(218624K), 0.0005330 secs] 219013K->218896K(219200K), 0.0039120 secs]
15.435: [GC 15.437: [DefNew: 530K->49K(576K), 0.0017370 secs]15.438: [Train: 218492K->218492K(218624K), 0.0005070 secs] 219023K->218925K(219200K), 0.0038100 secs]
15.439: [GC 15.441: [DefNew: 557K->36K(576K), 0.0017490 secs]15.442: [Train: 218512K->218512K(218624K), 0.0005410 secs] 219049K->218932K(219200K), 0.0038580 secs]
15.443: [GC 15.445: [DefNew: 547K->45K(576K), 0.0017540 secs]15.446: [Train: 218531K->218533K(218688K), 0.0005910 secs] 219059K->218963K(219264K), 0.0039080 secs]
15.447: [GC 15.449: [DefNew: 553K->36K(576K), 0.0017450 secs]15.450: [Train: 218549K->218549K(218688K), 0.0005190 secs] 219087K->218927K(219264K), 0.0038280 secs]
15.451: [GC 15.453: [DefNew: 546K->49K(576K), 0.0017510 secs]15.454: [Train: 218571K->218569K(218688K), 0.0005350 secs] 219096K->218874K(219264K), 0.0038510 secs]
15.455: [GC 15.457: [DefNew: 559K->49K(576K), 0.0018060 secs]15.459: [Train: 218610K->218610K(218752K), 0.0005340 secs] 219129K->218659K(219328K), 0.0039280 secs]
15.460: [GC 15.461: [DefNew: 551K->62K(576K), 0.0017860 secs]15.463: [Train: 218671K->218671K(218816K), 0.0005180 secs] 219162K->218733K(219392K), 0.0038850 secs]
15.464: [GC 15.465: [DefNew: 564K->62K(576K), 0.0017930 secs] 219235K->218807K(219392K), 0.0033540 secs]
15.468: [GC 15.469: [DefNew: 564K->62K(576K), 0.0018050 secs]15.471: [Train: 218818K->218818K(218944K), 0.0005510 secs] 219309K->218881K(219520K), 0.0039280 secs]
15.472: [GC 15.474: [DefNew: 564K->62K(576K), 0.0017930 secs]15.475: [Train: 218892K->218892K(219008K), 0.0005240 secs] 219383K->219210K(219584K), 0.0038940 secs]
15.476: [GC 15.478: [DefNew: 569K->45K(576K), 0.0017710 secs]15.480: [Train: 218946K->218946K(219072K), 0.0005030 secs] 219462K->219334K(219648K), 0.0038500 secs]
15.480: [GC 15.482: [DefNew: 556K->22K(576K), 0.0017510 secs]15.484: [Train: 218982K->218984K(219136K), 0.0005440 secs] 219503K->219391K(219712K), 0.0038770 secs]
15.484: [GC 15.486: [DefNew: 534K->52K(576K), 0.0017320 secs]15.488: [Train: 218984K->218982K(219136K), 0.0005090 secs] 219518K->219419K(219712K), 0.0038160 secs]
15.488: [GC 15.490: [DefNew: 560K->36K(576K), 0.0017580 secs]15.492: [Train: 219007K->219007K(219136K), 0.0005290 secs] 219543K->219427K(219712K), 0.0038610 secs]
15.492: [GC 15.494: [DefNew: 547K->45K(576K), 0.0017500 secs]15.496: [Train: 219029K->219027K(219136K), 0.0005120 secs] 219554K->219457K(219712K), 0.0038420 secs]
15.496: [GC 15.498: [DefNew: 553K->36K(576K), 0.0017410 secs]15.500: [Train: 219043K->219045K(219200K), 0.0005240 secs] 219581K->219465K(219776K), 0.0038370 secs]
15.500: [GC 15.502: [DefNew: 547K->45K(576K), 0.0017460 secs]15.503: [Train: 219065K->219065K(219200K), 0.0005260 secs] 219592K->219452K(219776K), 0.0038450 secs]
15.504: [GC 15.506: [DefNew: 556K->42K(576K), 0.0017430 secs]15.508: [Train: 219081K->219081K(219200K), 0.0005090 secs] 219621K->219380K(219776K), 0.0038290 secs]
15.508: [GC 15.510: [DefNew: 549K->58K(576K), 0.0017500 secs]15.512: [Train: 219101K->219101K(219200K), 0.0005040 secs] 219631K->219160K(219776K), 0.0038290 secs]
15.513: [GC 15.514: [DefNew: 561K->62K(576K), 0.0017860 secs]15.516: [Train: 219171K->219173K(219328K), 0.0005220 secs] 219662K->219235K(219904K), 0.0038880 secs]
15.517: [GC 15.518: [DefNew: 564K->62K(576K), 0.0017830 secs] 219738K->219309K(219904K), 0.0033580 secs]
15.521: [GC 15.522: [DefNew: 564K->62K(576K), 0.0018030 secs]15.524: [Train: 219321K->219321K(219456K), 0.0005350 secs] 219811K->219383K(220032K), 0.0039220 secs]
15.525: [GC 15.527: [DefNew: 564K->62K(576K), 0.0017970 secs]15.528: [Train: 219396K->219394K(219520K), 0.0005150 secs] 219885K->219713K(220096K), 0.0038960 secs]
15.529: [GC 15.531: [DefNew: 569K->36K(576K), 0.0017720 secs]15.533: [Train: 219458K->219458K(219584K), 0.0005130 secs] 219964K->219836K(220160K), 0.0038710 secs]
15.533: [GC 15.535: [DefNew: 546K->32K(576K), 0.0017510 secs]15.537: [Train: 219494K->219496K(219648K), 0.0005370 secs] 220005K->219913K(220224K), 0.0038640 secs]
15.537: [GC 15.539: [DefNew: 543K->19K(576K), 0.0017650 secs]15.541: [Train: 219519K->219519K(219648K), 0.0005380 secs] 220040K->219923K(220224K), 0.0038840 secs]
15.541: [GC 15.543: [DefNew: 530K->49K(576K), 0.0017380 secs]15.545: [Train: 219519K->219519K(219648K), 0.0005360 secs] 220050K->219952K(220224K), 0.0038650 secs]
15.545: [GC 15.547: [DefNew: 557K->36K(576K), 0.0017460 secs]15.549: [Train: 219539K->219539K(219648K), 0.0005190 secs] 220076K->219959K(220224K), 0.0038410 secs]
15.549: [GC 15.551: [DefNew: 547K->45K(576K), 0.0017460 secs]15.553: [Train: 219558K->219558K(219648K), 0.0004840 secs] 220086K->219988K(220224K), 0.0038060 secs]
15.553: [GC 15.555: [DefNew: 553K->36K(576K), 0.0017500 secs]15.557: [Train: 219577K->219577K(219712K), 0.0005210 secs] 220112K->219954K(220288K), 0.0038540 secs]
15.557: [GC 15.559: [DefNew: 546K->49K(576K), 0.0017470 secs]15.561: [Train: 219596K->219596K(219712K), 0.0004830 secs] 220124K->219901K(220288K), 0.0038040 secs]
15.561: [GC 15.563: [DefNew: 559K->49K(576K), 0.0017630 secs]15.565: [Train: 219637K->219637K(219776K), 0.0005170 secs] 220156K->219686K(220352K), 0.0038550 secs]
15.566: [GC 15.567: [DefNew: 551K->62K(576K), 0.0017840 secs]15.569: [Train: 219698K->219698K(219840K), 0.0005550 secs] 220189K->219760K(220416K), 0.0039190 secs]
15.570: [GC 15.572: [DefNew: 564K->62K(576K), 0.0017930 secs] 220263K->219834K(220416K), 0.0033700 secs]
15.574: [GC 15.575: [DefNew: 564K->62K(576K), 0.0018300 secs]15.577: [Train: 219846K->219846K(219968K), 0.0005770 secs] 220336K->219908K(220544K), 0.0039880 secs]
15.578: [GC 15.580: [DefNew: 564K->62K(576K), 0.0017970 secs]15.582: [Train: 219920K->219921K(220096K), 0.0005500 secs] 220410K->220239K(220672K), 0.0039390 secs]
15.583: [GC 15.584: [DefNew: 569K->45K(576K), 0.0017750 secs]15.586: [Train: 219974K->219974K(220096K), 0.0005230 secs] 220491K->220361K(220672K), 0.0038790 secs]
15.587: [GC 15.588: [DefNew: 556K->22K(576K), 0.0017750 secs]15.590: [Train: 220012K->220012K(220160K), 0.0005290 secs] 220530K->220418K(220736K), 0.0038780 secs]
15.591: [GC 15.592: [DefNew: 534K->52K(576K), 0.0017450 secs]15.594: [Train: 220012K->220012K(220160K), 0.0004910 secs] 220546K->220448K(220736K), 0.0038190 secs]
15.595: [GC 15.596: [DefNew: 560K->36K(576K), 0.0017550 secs]15.598: [Train: 220034K->220034K(220160K), 0.0005300 secs] 220572K->220454K(220736K), 0.0038600 secs]
15.599: [GC 15.600: [DefNew: 547K->45K(576K), 0.0017620 secs]15.602: [Train: 220054K->220056K(220224K), 0.0005300 secs] 220582K->220486K(220800K), 0.0038670 secs]
15.603: [GC 15.604: [DefNew: 553K->36K(576K), 0.0017530 secs]15.606: [Train: 220072K->220072K(220224K), 0.0005030 secs] 220610K->220492K(220800K), 0.0038300 secs]
15.607: [GC 15.608: [DefNew: 547K->45K(576K), 0.0017550 secs]15.610: [Train: 220092K->220094K(220288K), 0.0005250 secs] 220619K->220481K(220864K), 0.0038570 secs]
15.611: [GC 15.612: [DefNew: 556K->42K(576K), 0.0017620 secs]15.614: [Train: 220110K->220108K(220288K), 0.0005580 secs] 220650K->220407K(220864K), 0.0039020 secs]
15.615: [GC 15.616: [DefNew: 549K->58K(576K), 0.0018420 secs]15.618: [Train: 220128K->220128K(220288K), 0.0005440 secs] 220658K->220187K(220864K), 0.0040430 secs]
15.619: [GC 15.621: [DefNew: 561K->62K(576K), 0.0018920 secs]15.623: [Train: 220200K->220200K(220352K), 0.0005620 secs] 220689K->220262K(220928K), 0.0041350 secs]
15.624: [GC 15.625: [DefNew: 564K->62K(576K), 0.0018290 secs] 220765K->220336K(220928K), 0.0034210 secs]
15.628: [GC 15.629: [DefNew: 564K->62K(576K), 0.0018150 secs]15.631: [Train: 220348K->220348K(220480K), 0.0005160 secs] 220839K->220410K(221056K), 0.0039120 secs]
15.632: [GC 15.634: [DefNew: 564K->62K(576K), 0.0018140 secs]15.635: [Train: 220424K->220422K(220544K), 0.0005300 secs] 220912K->220740K(221120K), 0.0039290 secs]
15.636: [GC 15.638: [DefNew: 569K->36K(576K), 0.0017810 secs]15.640: [Train: 220486K->220486K(220608K), 0.0005080 secs] 220991K->220863K(221184K), 0.0038890 secs]
15.640: [GC 15.642: [DefNew: 546K->32K(576K), 0.0017660 secs]15.644: [Train: 220524K->220524K(220672K), 0.0005160 secs] 221033K->220940K(221248K), 0.0038660 secs]
15.644: [GC 15.646: [DefNew: 543K->19K(576K), 0.0017530 secs]15.648: [Train: 220546K->220546K(220672K), 0.0004940 secs] 221067K->220950K(221248K), 0.0038300 secs]
15.648: [GC 15.650: [DefNew: 530K->49K(576K), 0.0017550 secs]15.652: [Train: 220546K->220546K(220672K), 0.0004920 secs] 221077K->220980K(221248K), 0.0038430 secs]
15.652: [GC 15.654: [DefNew: 557K->36K(576K), 0.0017550 secs]15.656: [Train: 220566K->220566K(220672K), 0.0004850 secs] 221103K->220986K(221248K), 0.0038230 secs]
15.656: [GC 15.658: [DefNew: 547K->45K(576K), 0.0017600 secs]15.659: [Train: 220588K->220588K(220736K), 0.0005150 secs] 221113K->221017K(221312K), 0.0038610 secs]
15.660: [GC 15.662: [DefNew: 553K->36K(576K), 0.0017530 secs]15.664: [Train: 220604K->220604K(220736K), 0.0004880 secs] 221141K->220981K(221312K), 0.0038340 secs]
15.664: [GC 15.666: [DefNew: 546K->49K(576K), 0.0017550 secs]15.667: [Train: 220624K->220625K(220736K), 0.0004750 secs] 221151K->220930K(221312K), 0.0038160 secs]
15.668: [GC 15.670: [DefNew: 559K->49K(576K), 0.0017720 secs]15.672: [Train: 220666K->220659K(220736K), 0.0006100 secs] 221185K->220708K(221312K), 0.0039660 secs]
15.673: [GC 15.674: [DefNew: 551K->62K(576K), 0.0017890 secs]15.676: [Train: 220719K->220683K(220800K), 0.0005290 secs] 221211K->221002K(221376K), 0.0039180 secs]
15.677: [GC 15.678: [DefNew: 569K->45K(576K), 0.0017830 secs]15.680: [Train: 220737K->220504K(220800K), 0.0004980 secs] 221253K->220550K(221376K), 0.0038740 secs]
15.681: [GC 15.683: [DefNew: 548K->62K(576K), 0.0017980 secs]15.684: [Train: 220561K->220561K(220800K), 0.0005300 secs] 221052K->220623K(221376K), 0.0039150 secs]
15.686: [GC 15.687: [DefNew: 564K->62K(576K), 0.0018000 secs] 221126K->220697K(221376K), 0.0033840 secs]
15.689: [GC 15.691: [DefNew: 564K->62K(576K), 0.0018060 secs]15.693: [Train: 220709K->220709K(220800K), 0.0005500 secs] 221200K->220771K(221376K), 0.0039430 secs]
15.694: [GC 15.695: [DefNew: 564K->62K(576K), 0.0017930 secs]15.697: [Train: 220783K->220783K(220864K), 0.0005240 secs] 221274K->221101K(221440K), 0.0039170 secs]
15.698: [GC 15.699: [DefNew: 569K->45K(576K), 0.0017780 secs]15.701: [Train: 220837K->220837K(220928K), 0.0005310 secs] 221352K->221224K(221504K), 0.0039040 secs]
15.711: [GC 15.713: [DefNew: 556K->22K(576K), 0.0018450 secs]15.715: [Train: 220875K->220875K(220992K), 0.0005370 secs] 221394K->221282K(221568K), 0.0041770 secs]
15.716: [GC 15.717: [DefNew: 534K->52K(576K), 0.0017660 secs]15.719: [Train: 220875K->220875K(220992K), 0.0005070 secs] 221409K->221311K(221568K), 0.0038610 secs]
15.720: [GC 15.721: [DefNew: 560K->36K(576K), 0.0017890 secs]15.723: [Train: 220898K->220898K(220992K), 0.0005790 secs] 221435K->221318K(221568K), 0.0039580 secs]
15.724: [GC 15.725: [DefNew: 547K->45K(576K), 0.0017740 secs]15.727: [Train: 220917K->220917K(220992K), 0.0005280 secs] 221445K->221304K(221568K), 0.0038940 secs]
15.728: [GC 15.729: [DefNew: 556K->42K(576K), 0.0017740 secs]15.731: [Train: 220936K->220936K(221056K), 0.0005380 secs] 221474K->221234K(221632K), 0.0038960 secs]
15.732: [GC 15.734: [DefNew: 549K->58K(576K), 0.0017860 secs]15.735: [Train: 220955K->220955K(221056K), 0.0005250 secs] 221485K->221014K(221632K), 0.0038980 secs]
15.736: [GC 15.738: [DefNew: 561K->62K(576K), 0.0018050 secs]15.740: [Train: 221026K->221026K(221120K), 0.0005390 secs] 221516K->221088K(221696K), 0.0039420 secs]
15.741: [GC 15.742: [DefNew: 564K->62K(576K), 0.0018090 secs] 221590K->221162K(221696K), 0.0033990 secs]
15.745: [GC 15.746: [DefNew: 564K->62K(576K), 0.0018110 secs]15.748: [Train: 221173K->221173K(221248K), 0.0005410 secs] 221664K->221236K(221824K), 0.0039550 secs]
15.749: [GC 15.751: [DefNew: 564K->62K(576K), 0.0018140 secs]15.752: [Train: 221249K->221249K(221376K), 0.0005350 secs] 221738K->221567K(221952K), 0.0039550 secs]
15.753: [GC 15.755: [DefNew: 569K->36K(576K), 0.0017960 secs]15.757: [Train: 221313K->221313K(221440K), 0.0005350 secs] 221818K->221690K(222016K), 0.0039240 secs]
15.757: [GC 15.759: [DefNew: 546K->32K(576K), 0.0017700 secs]15.761: [Train: 221349K->221349K(221440K), 0.0005120 secs] 221860K->221766K(222016K), 0.0038820 secs]
15.761: [GC 15.763: [DefNew: 543K->19K(576K), 0.0017670 secs]15.765: [Train: 221374K->221374K(221504K), 0.0005260 secs] 221893K->221777K(222080K), 0.0038820 secs]
15.765: [GC 15.767: [DefNew: 530K->49K(576K), 0.0017520 secs]15.769: [Train: 221374K->221374K(221504K), 0.0005270 secs] 221905K->221807K(222080K), 0.0038710 secs]
15.769: [GC 15.771: [DefNew: 557K->36K(576K), 0.0017650 secs]15.773: [Train: 221393K->221393K(221504K), 0.0005200 secs] 221931K->221813K(222080K), 0.0038840 secs]
15.773: [GC 15.775: [DefNew: 547K->45K(576K), 0.0017630 secs]15.777: [Train: 221413K->221413K(221504K), 0.0005340 secs] 221941K->221843K(222080K), 0.0038910 secs]
15.777: [GC 15.779: [DefNew: 553K->36K(576K), 0.0017590 secs]15.781: [Train: 221429K->221429K(221504K), 0.0004920 secs] 221967K->221807K(222080K), 0.0038400 secs]
15.782: [GC 15.783: [DefNew: 546K->49K(576K), 0.0017670 secs]15.785: [Train: 221451K->221451K(221568K), 0.0005450 secs] 221976K->221756K(222144K), 0.0039100 secs]
15.786: [GC 15.787: [DefNew: 559K->49K(576K), 0.0017780 secs]15.789: [Train: 221490K->221490K(221568K), 0.0005100 secs] 222010K->221539K(222144K), 0.0038770 secs]
15.790: [GC 15.791: [DefNew: 551K->62K(576K), 0.0018000 secs]15.793: [Train: 221551K->221551K(221632K), 0.0005280 secs] 222042K->221613K(222208K), 0.0039210 secs]
15.794: [GC 15.796: [DefNew: 564K->62K(576K), 0.0018210 secs] 222115K->221689K(222272K), 0.0034060 secs]
15.798: [GC 15.800: [DefNew: 564K->62K(576K), 0.0018140 secs]15.801: [Train: 221700K->221700K(221824K), 0.0005220 secs] 222191K->221762K(222400K), 0.0039250 secs]
15.803: [GC 15.804: [DefNew: 564K->62K(576K), 0.0018320 secs]15.806: [Train: 221774K->221774K(221888K), 0.0005040 secs] 222265K->222092K(222464K), 0.0039320 secs]
15.807: [GC 15.808: [DefNew: 569K->45K(576K), 0.0018020 secs]15.810: [Train: 221828K->221828K(221952K), 0.0005310 secs] 222343K->222215K(222528K), 0.0039260 secs]
15.811: [GC 15.812: [DefNew: 556K->22K(576K), 0.0017810 secs]15.814: [Train: 221864K->221864K(221952K), 0.0005180 secs] 222385K->222271K(222528K), 0.0038880 secs]
15.815: [GC 15.816: [DefNew: 534K->52K(576K), 0.0017670 secs]15.818: [Train: 221864K->221864K(221952K), 0.0004950 secs] 222398K->222301K(222528K), 0.0038570 secs]
15.819: [GC 15.820: [DefNew: 560K->36K(576K), 0.0017750 secs]15.822: [Train: 221889K->221889K(222016K), 0.0005070 secs] 222425K->222309K(222592K), 0.0038780 secs]
15.823: [GC 15.824: [DefNew: 547K->45K(576K), 0.0017730 secs]15.826: [Train: 221909K->221909K(222016K), 0.0005000 secs] 222436K->222338K(222592K), 0.0038690 secs]
15.827: [GC 15.828: [DefNew: 553K->36K(576K), 0.0017720 secs]15.830: [Train: 221925K->221925K(222016K), 0.0005490 secs] 222462K->222345K(222592K), 0.0039070 secs]
15.831: [GC 15.832: [DefNew: 547K->45K(576K), 0.0017730 secs]15.834: [Train: 221946K->221946K(222080K), 0.0005000 secs] 222472K->222334K(222656K), 0.0038620 secs]
15.835: [GC 15.836: [DefNew: 556K->42K(576K), 0.0017670 secs]15.838: [Train: 221963K->221963K(222080K), 0.0005240 secs] 222503K->222261K(222656K), 0.0038780 secs]
15.839: [GC 15.841: [DefNew: 549K->58K(576K), 0.0018330 secs]15.842: [Train: 221982K->221982K(222080K), 0.0005380 secs] 222513K->222041K(222656K), 0.0039640 secs]
15.844: [GC 15.845: [DefNew: 561K->62K(576K), 0.0018110 secs]15.847: [Train: 222053K->222053K(222144K), 0.0005410 secs] 222544K->222115K(222720K), 0.0039560 secs]
15.848: [GC 15.849: [DefNew: 564K->62K(576K), 0.0018060 secs] 222618K->222189K(222720K), 0.0033880 secs]
15.852: [GC 15.853: [DefNew: 564K->62K(576K), 0.0018920 secs]15.855: [Train: 222202K->222202K(222336K), 0.0005180 secs] 222691K->222265K(222912K), 0.0040010 secs]
15.856: [GC 15.858: [DefNew: 564K->62K(576K), 0.0018050 secs]15.859: [Train: 222276K->222276K(222400K), 0.0005320 secs] 222767K->222594K(222976K), 0.0039390 secs]
15.860: [GC 15.862: [DefNew: 569K->36K(576K), 0.0017910 secs]15.864: [Train: 222340K->222340K(222464K), 0.0005250 secs] 222846K->222718K(223040K), 0.0039150 secs]
15.864: [GC 15.866: [DefNew: 546K->32K(576K), 0.0017740 secs]15.868: [Train: 222376K->222376K(222464K), 0.0005120 secs] 222887K->222793K(223040K), 0.0038910 secs]
15.868: [GC 15.870: [DefNew: 543K->19K(576K), 0.0017700 secs]15.872: [Train: 222401K->222401K(222528K), 0.0005060 secs] 222920K->222805K(223104K), 0.0038700 secs]
15.872: [GC 15.874: [DefNew: 530K->49K(576K), 0.0017550 secs]15.876: [Train: 222401K->222401K(222528K), 0.0004910 secs] 222932K->222834K(223104K), 0.0038410 secs]
15.876: [GC 15.878: [DefNew: 557K->36K(576K), 0.0017660 secs]15.880: [Train: 222421K->222421K(222528K), 0.0004980 secs] 222958K->222841K(223104K), 0.0038660 secs]
15.880: [GC 15.882: [DefNew: 547K->45K(576K), 0.0017760 secs]15.884: [Train: 222440K->222440K(222528K), 0.0005190 secs] 222968K->222870K(223104K), 0.0038900 secs]
15.884: [GC 15.886: [DefNew: 553K->36K(576K), 0.0017670 secs]15.888: [Train: 222458K->222458K(222592K), 0.0005310 secs] 222994K->222836K(223168K), 0.0038960 secs]
15.889: [GC 15.890: [DefNew: 546K->49K(576K), 0.0017680 secs]15.892: [Train: 222478K->222478K(222592K), 0.0004860 secs] 223005K->222783K(223168K), 0.0038660 secs]
15.893: [GC 15.894: [DefNew: 559K->49K(576K), 0.0017780 secs]15.896: [Train: 222517K->222517K(222592K), 0.0005030 secs] 223038K->222566K(223168K), 0.0038870 secs]
15.897: [GC 15.898: [DefNew: 551K->62K(576K), 0.0017970 secs]15.900: [Train: 222578K->222578K(222656K), 0.0005060 secs] 223069K->222640K(223232K), 0.0039020 secs]
15.901: [GC 15.903: [DefNew: 564K->62K(576K), 0.0018140 secs] 223143K->222716K(223296K), 0.0034080 secs]
15.905: [GC 15.907: [DefNew: 564K->62K(576K), 0.0018170 secs]15.908: [Train: 222728K->222728K(222848K), 0.0005030 secs] 223218K->222790K(223424K), 0.0039170 secs]
15.909: [GC 15.911: [DefNew: 564K->62K(576K), 0.0018030 secs]15.913: [Train: 222801K->222801K(222912K), 0.0005490 secs] 223292K->223119K(223488K), 0.0039530 secs]
15.914: [GC 15.915: [DefNew: 569K->45K(576K), 0.0017920 secs]15.917: [Train: 222856K->222856K(222976K), 0.0005190 secs] 223371K->223243K(223552K), 0.0039090 secs]
15.918: [GC 15.919: [DefNew: 556K->22K(576K), 0.0017750 secs]15.921: [Train: 222892K->222892K(222976K), 0.0005490 secs] 223412K->223298K(223552K), 0.0039330 secs]
15.922: [GC 15.923: [DefNew: 534K->52K(576K), 0.0017700 secs]15.925: [Train: 222892K->222892K(222976K), 0.0005000 secs] 223426K->223328K(223552K), 0.0038920 secs]
15.926: [GC 15.927: [DefNew: 560K->36K(576K), 0.0017760 secs]15.929: [Train: 222916K->222916K(223040K), 0.0005100 secs] 223452K->223336K(223616K), 0.0038810 secs]
15.930: [GC 15.931: [DefNew: 547K->45K(576K), 0.0017760 secs]15.933: [Train: 222936K->222936K(223040K), 0.0005030 secs] 223463K->223366K(223616K), 0.0038890 secs]
15.934: [GC 15.935: [DefNew: 553K->36K(576K), 0.0017660 secs]15.937: [Train: 222952K->222952K(223040K), 0.0005030 secs] 223490K->223372K(223616K), 0.0038610 secs]
15.938: [GC 15.939: [DefNew: 547K->45K(576K), 0.0017770 secs]15.941: [Train: 222974K->222974K(223104K), 0.0005130 secs] 223499K->223361K(223680K), 0.0038860 secs]
15.942: [GC 15.944: [DefNew: 556K->42K(576K), 0.0017680 secs]15.945: [Train: 222990K->222990K(223104K), 0.0005210 secs] 223530K->223289K(223680K), 0.0038820 secs]
15.946: [GC 15.948: [DefNew: 549K->58K(576K), 0.0017740 secs]15.949: [Train: 223010K->223010K(223104K), 0.0005250 secs] 223540K->223069K(223680K), 0.0038920 secs]
15.951: [GC 15.952: [DefNew: 561K->62K(576K), 0.0018110 secs]15.954: [Train: 223080K->223080K(223168K), 0.0005080 secs] 223571K->223142K(223744K), 0.0039190 secs]
15.955: [GC 15.956: [DefNew: 564K->62K(576K), 0.0018110 secs] 223645K->223216K(223744K), 0.0033970 secs]
15.959: [GC 15.960: [DefNew: 564K->62K(576K), 0.0018580 secs]15.962: [Train: 223230K->223230K(223360K), 0.0005480 secs] 223719K->223292K(223936K), 0.0040030 secs]
15.963: [GC 15.965: [DefNew: 564K->62K(576K), 0.0018180 secs]15.966: [Train: 223304K->223304K(223424K), 0.0005160 secs] 223794K->223622K(224000K), 0.0039360 secs]
15.967: [GC 15.969: [DefNew: 569K->36K(576K), 0.0018020 secs]15.971: [Train: 223368K->223368K(223488K), 0.0005640 secs] 223873K->223745K(224064K), 0.0039660 secs]
15.971: [GC 15.973: [DefNew: 546K->32K(576K), 0.0017930 secs]15.975: [Train: 223404K->223404K(223488K), 0.0005030 secs] 223914K->223820K(224064K), 0.0038920 secs]
15.975: [GC 15.977: [DefNew: 543K->19K(576K), 0.0017810 secs]15.979: [Train: 223428K->223428K(223552K), 0.0005210 secs] 223947K->223832K(224128K), 0.0038980 secs]
15.980: [GC 15.981: [DefNew: 530K->49K(576K), 0.0017860 secs]15.983: [Train: 223428K->223428K(223552K), 0.0004920 secs] 223959K->223861K(224128K), 0.0038740 secs]
15.984: [GC 15.985: [DefNew: 557K->36K(576K), 0.0017850 secs]15.987: [Train: 223448K->223448K(223552K), 0.0005010 secs] 223985K->223868K(224128K), 0.0038830 secs]
15.988: [GC 15.989: [DefNew: 547K->45K(576K), 0.0017780 secs]15.991: [Train: 223468K->223468K(223552K), 0.0004950 secs] 223995K->223897K(224128K), 0.0038700 secs]
15.992: [GC 15.993: [DefNew: 553K->36K(576K), 0.0017800 secs]15.995: [Train: 223486K->223486K(223616K), 0.0005130 secs] 224021K->223863K(224192K), 0.0038890 secs]
15.996: [GC 15.997: [DefNew: 546K->49K(576K), 0.0017870 secs]15.999: [Train: 223505K->223505K(223616K), 0.0005030 secs] 224033K->223810K(224192K), 0.0038870 secs]
16.000: [GC 16.001: [DefNew: 559K->49K(576K), 0.0017940 secs]16.003: [Train: 223546K->223546K(223680K), 0.0005130 secs] 224065K->223595K(224256K), 0.0039050 secs]
16.004: [GC 16.006: [DefNew: 551K->62K(576K), 0.0018050 secs]16.007: [Train: 223605K->223605K(223680K), 0.0005120 secs] 224098K->223668K(224256K), 0.0039180 secs]
16.008: [GC 16.010: [DefNew: 564K->62K(576K), 0.0018240 secs] 224170K->223743K(224320K), 0.0034260 secs]
16.012: [GC 16.014: [DefNew: 564K->62K(576K), 0.0018200 secs]16.016: [Train: 223755K->223755K(223872K), 0.0005380 secs] 224246K->223817K(224448K), 0.0039650 secs]
16.017: [GC 16.018: [DefNew: 564K->62K(576K), 0.0018150 secs]16.020: [Train: 223829K->223829K(223936K), 0.0005290 secs] 224319K->224147K(224512K), 0.0039540 secs]
16.021: [GC 16.022: [DefNew: 569K->45K(576K), 0.0018060 secs]16.024: [Train: 223883K->223883K(224000K), 0.0005230 secs] 224398K->224270K(224576K), 0.0039460 secs]
16.025: [GC 16.026: [DefNew: 556K->22K(576K), 0.0017850 secs]16.028: [Train: 223919K->223919K(224000K), 0.0005130 secs] 224440K->224326K(224576K), 0.0039090 secs]
16.029: [GC 16.031: [DefNew: 534K->52K(576K), 0.0017680 secs]16.032: [Train: 223919K->223919K(224000K), 0.0005180 secs] 224453K->224355K(224576K), 0.0038980 secs]
16.033: [GC 16.035: [DefNew: 560K->36K(576K), 0.0017840 secs]16.036: [Train: 223944K->223944K(224064K), 0.0005190 secs] 224479K->224364K(224640K), 0.0039150 secs]
16.037: [GC 16.039: [DefNew: 547K->45K(576K), 0.0017920 secs]16.040: [Train: 223963K->223963K(224064K), 0.0005200 secs] 224491K->224393K(224640K), 0.0039180 secs]
16.041: [GC 16.043: [DefNew: 553K->36K(576K), 0.0017770 secs]16.044: [Train: 223980K->223980K(224064K), 0.0005400 secs] 224517K->224400K(224640K), 0.0039250 secs]
16.045: [GC 16.047: [DefNew: 547K->45K(576K), 0.0017820 secs]16.049: [Train: 224001K->224001K(224128K), 0.0005420 secs] 224527K->224388K(224704K), 0.0039400 secs]
16.049: [GC 16.051: [DefNew: 556K->42K(576K), 0.0017770 secs]16.053: [Train: 224017K->224017K(224128K), 0.0005250 secs] 224558K->224316K(224704K), 0.0039090 secs]
16.054: [GC 16.055: [DefNew: 549K->58K(576K), 0.0017810 secs]16.057: [Train: 224037K->224037K(224128K), 0.0005080 secs] 224567K->224096K(224704K), 0.0038970 secs]
16.058: [GC 16.059: [DefNew: 561K->62K(576K), 0.0018140 secs]16.061: [Train: 224108K->224108K(224192K), 0.0005320 secs] 224598K->224170K(224768K), 0.0039540 secs]
16.062: [GC 16.064: [DefNew: 564K->62K(576K), 0.0018160 secs] 224672K->224244K(224768K), 0.0034170 secs]
16.066: [GC 16.068: [DefNew: 564K->62K(576K), 0.0018400 secs]16.069: [Train: 224257K->224257K(224384K), 0.0005660 secs] 224746K->224319K(224960K), 0.0040130 secs]
16.071: [GC 16.072: [DefNew: 564K->62K(576K), 0.0018370 secs]16.074: [Train: 224331K->224331K(224448K), 0.0005280 secs] 224822K->224649K(225024K), 0.0039830 secs]
16.075: [GC 16.076: [DefNew: 569K->36K(576K), 0.0018110 secs]16.078: [Train: 224395K->224395K(224512K), 0.0005310 secs] 224900K->224772K(225088K), 0.0039480 secs]
16.079: [GC 16.080: [DefNew: 546K->32K(576K), 0.0017980 secs]16.082: [Train: 224431K->224431K(224512K), 0.0005110 secs] 224942K->224847K(225088K), 0.0039140 secs]
16.083: [GC 16.084: [DefNew: 543K->19K(576K), 0.0017910 secs]16.086: [Train: 224456K->224456K(224576K), 0.0005040 secs] 224975K->224859K(225152K), 0.0038980 secs]
16.087: [GC 16.088: [DefNew: 530K->49K(576K), 0.0017760 secs]16.090: [Train: 224456K->224456K(224576K), 0.0005050 secs] 224986K->224889K(225152K), 0.0038850 secs]
16.091: [GC 16.092: [DefNew: 557K->36K(576K), 0.0017910 secs]16.094: [Train: 224475K->224475K(224576K), 0.0005090 secs] 225013K->224895K(225152K), 0.0039030 secs]
16.095: [GC 16.097: [DefNew: 547K->45K(576K), 0.0017880 secs]16.098: [Train: 224495K->224495K(224576K), 0.0005040 secs] 225022K->224925K(225152K), 0.0038960 secs]
16.099: [GC 16.101: [DefNew: 553K->36K(576K), 0.0017890 secs]16.102: [Train: 224513K->224513K(224640K), 0.0005060 secs] 225049K->224890K(225216K), 0.0038990 secs]
16.103: [GC 16.105: [DefNew: 546K->49K(576K), 0.0017930 secs]16.106: [Train: 224533K->224533K(224640K), 0.0005020 secs] 225060K->224838K(225216K), 0.0039010 secs]
16.107: [GC 16.109: [DefNew: 559K->49K(576K), 0.0018010 secs]16.111: [Train: 224574K->224574K(224704K), 0.0005140 secs] 225092K->224623K(225280K), 0.0039230 secs]
16.112: [GC 16.113: [DefNew: 551K->62K(576K), 0.0018390 secs]16.115: [Train: 224634K->224634K(224768K), 0.0005510 secs] 225125K->224697K(225344K), 0.0040020 secs]
16.116: [GC 16.118: [DefNew: 564K->62K(576K), 0.0018430 secs] 225199K->224770K(225344K), 0.0034490 secs]
16.120: [GC 16.121: [DefNew: 564K->62K(576K), 0.0018410 secs]16.123: [Train: 224782K->224782K(224896K), 0.0005490 secs] 225273K->224844K(225472K), 0.0039980 secs]
16.124: [GC 16.126: [DefNew: 564K->62K(576K), 0.0018330 secs]16.128: [Train: 224856K->224856K(224960K), 0.0005100 secs] 225347K->225174K(225536K), 0.0039660 secs]
16.129: [GC 16.130: [DefNew: 569K->45K(576K), 0.0018160 secs]16.132: [Train: 224910K->224910K(225024K), 0.0005170 secs] 225425K->225297K(225600K), 0.0039590 secs]
16.133: [GC 16.134: [DefNew: 556K->22K(576K), 0.0017940 secs]16.136: [Train: 224946K->224946K(225024K), 0.0005080 secs] 225467K->225353K(225600K), 0.0039170 secs]
16.137: [GC 16.138: [DefNew: 534K->52K(576K), 0.0017790 secs]16.140: [Train: 224946K->224946K(225024K), 0.0005060 secs] 225480K->225382K(225600K), 0.0039020 secs]
16.141: [GC 16.142: [DefNew: 560K->36K(576K), 0.0017940 secs]16.144: [Train: 224971K->224971K(225088K), 0.0005120 secs] 225506K->225391K(225664K), 0.0039290 secs]
16.145: [GC 16.146: [DefNew: 547K->45K(576K), 0.0017870 secs]16.148: [Train: 224990K->224990K(225088K), 0.0005400 secs] 225518K->225420K(225664K), 0.0039420 secs]
16.149: [GC 16.151: [DefNew: 553K->36K(576K), 0.0017910 secs]16.152: [Train: 225007K->225007K(225088K), 0.0005410 secs] 225544K->225427K(225664K), 0.0039540 secs]
16.153: [GC 16.155: [DefNew: 547K->45K(576K), 0.0017950 secs]16.156: [Train: 225028K->225028K(225152K), 0.0005260 secs] 225554K->225415K(225728K), 0.0039440 secs]
16.157: [GC 16.159: [DefNew: 556K->42K(576K), 0.0017860 secs]16.161: [Train: 225045K->225045K(225152K), 0.0005020 secs] 225585K->225343K(225728K), 0.0039030 secs]
16.161: [GC 16.163: [DefNew: 549K->58K(576K), 0.0017930 secs]16.165: [Train: 225064K->225064K(225152K), 0.0005470 secs] 225594K->225123K(225728K), 0.0039550 secs]
16.166: [GC 16.167: [DefNew: 561K->62K(576K), 0.0018280 secs]16.169: [Train: 225135K->225135K(225216K), 0.0005100 secs] 225626K->225197K(225792K), 0.0039690 secs]
16.170: [GC 16.172: [DefNew: 564K->62K(576K), 0.0018470 secs] 225699K->225273K(225856K), 0.0034460 secs]
16.174: [GC 16.176: [DefNew: 564K->62K(576K), 0.0018400 secs]16.177: [Train: 225284K->225284K(225408K), 0.0005230 secs] 225775K->225346K(225984K), 0.0039750 secs]
16.178: [GC 16.180: [DefNew: 564K->62K(576K), 0.0018370 secs]16.182: [Train: 225358K->225358K(225472K), 0.0005240 secs] 225849K->225676K(226048K), 0.0039760 secs]
16.183: [GC 16.184: [DefNew: 569K->36K(576K), 0.0018260 secs]16.186: [Train: 225422K->225422K(225536K), 0.0005390 secs] 225927K->225799K(226112K), 0.0039790 secs]
16.187: [GC 16.188: [DefNew: 546K->32K(576K), 0.0018110 secs]16.190: [Train: 225458K->225458K(225536K), 0.0005000 secs] 225969K->225875K(226112K), 0.0039260 secs]
16.191: [GC 16.192: [DefNew: 543K->19K(576K), 0.0018000 secs]16.194: [Train: 225483K->225483K(225600K), 0.0005370 secs] 226002K->225886K(226176K), 0.0039490 secs]
16.195: [GC 16.196: [DefNew: 530K->49K(576K), 0.0017840 secs]16.198: [Train: 225483K->225483K(225600K), 0.0005170 secs] 226014K->225916K(226176K), 0.0039160 secs]
16.199: [GC 16.201: [DefNew: 557K->36K(576K), 0.0018040 secs]16.202: [Train: 225502K->225502K(225600K), 0.0005210 secs] 226040K->225922K(226176K), 0.0039370 secs]
16.203: [GC 16.205: [DefNew: 547K->45K(576K), 0.0017960 secs]16.206: [Train: 225522K->225522K(225600K), 0.0005410 secs] 226050K->225952K(226176K), 0.0039510 secs]
16.207: [GC 16.209: [DefNew: 553K->36K(576K), 0.0017980 secs]16.211: [Train: 225540K->225540K(225664K), 0.0005180 secs] 226076K->225918K(226240K), 0.0039290 secs]
16.211: [GC 16.213: [DefNew: 546K->49K(576K), 0.0018220 secs]16.215: [Train: 225560K->225560K(225664K), 0.0005520 secs] 226087K->225865K(226240K), 0.0039860 secs]
16.216: [GC 16.217: [DefNew: 559K->49K(576K), 0.0018160 secs]16.219: [Train: 225601K->225601K(225728K), 0.0005490 secs] 226119K->225650K(226304K), 0.0039780 secs]
16.220: [GC 16.221: [DefNew: 551K->62K(576K), 0.0018360 secs]16.223: [Train: 225662K->225662K(225792K), 0.0005320 secs] 226152K->225724K(226368K), 0.0039920 secs]
16.224: [GC 16.226: [DefNew: 564K->62K(576K), 0.0018410 secs] 226226K->225798K(226368K), 0.0034670 secs]
16.228: [GC 16.230: [DefNew: 564K->62K(576K), 0.0018430 secs]16.232: [Train: 225809K->225809K(225920K), 0.0005270 secs] 226300K->225871K(226496K), 0.0039910 secs]
16.233: [GC 16.234: [DefNew: 564K->62K(576K), 0.0018360 secs]16.236: [Train: 225883K->225883K(225984K), 0.0005260 secs] 226374K->226201K(226560K), 0.0039860 secs]
16.237: [GC 16.238: [DefNew: 569K->45K(576K), 0.0018200 secs]16.240: [Train: 225937K->225937K(226048K), 0.0005310 secs] 226453K->226324K(226624K), 0.0039820 secs]
16.241: [GC 16.243: [DefNew: 556K->22K(576K), 0.0018010 secs]16.244: [Train: 225973K->225973K(226048K), 0.0005050 secs] 226494K->226380K(226624K), 0.0039290 secs]
16.245: [GC 16.247: [DefNew: 534K->52K(576K), 0.0017820 secs]16.248: [Train: 225973K->225973K(226048K), 0.0004990 secs] 226507K->226410K(226624K), 0.0039010 secs]
16.249: [GC 16.251: [DefNew: 560K->36K(576K), 0.0018000 secs]16.253: [Train: 225998K->225998K(226112K), 0.0005080 secs] 226534K->226418K(226688K), 0.0039350 secs]
16.253: [GC 16.255: [DefNew: 547K->45K(576K), 0.0017950 secs]16.257: [Train: 226018K->226018K(226112K), 0.0005180 secs] 226545K->226447K(226688K), 0.0039320 secs]
16.257: [GC 16.259: [DefNew: 553K->36K(576K), 0.0017910 secs]16.261: [Train: 226034K->226034K(226112K), 0.0005010 secs] 226571K->226454K(226688K), 0.0039120 secs]
16.261: [GC 16.263: [DefNew: 547K->45K(576K), 0.0018010 secs]16.265: [Train: 226056K->226056K(226176K), 0.0005230 secs] 226581K->226443K(226752K), 0.0039510 secs]
16.266: [GC 16.267: [DefNew: 556K->42K(576K), 0.0017920 secs]16.269: [Train: 226072K->226072K(226176K), 0.0005190 secs] 226612K->226370K(226752K), 0.0039330 secs]
16.270: [GC 16.271: [DefNew: 549K->58K(576K), 0.0017980 secs]16.273: [Train: 226092K->226092K(226176K), 0.0005020 secs] 226622K->226150K(226752K), 0.0039280 secs]
16.278: [GC 16.280: [DefNew: 561K->62K(576K), 0.0020100 secs]16.283: [Train: 226162K->226162K(226240K), 0.0005990 secs] 226653K->226224K(226816K), 0.0047380 secs]
16.284: [GC 16.285: [DefNew: 564K->62K(576K), 0.0018940 secs] 226727K->226300K(226880K), 0.0035210 secs]
16.288: [GC 16.289: [DefNew: 564K->62K(576K), 0.0018590 secs]16.291: [Train: 226312K->226312K(226432K), 0.0005120 secs] 226802K->226374K(227008K), 0.0039950 secs]
16.292: [GC 16.294: [DefNew: 564K->62K(576K), 0.0018500 secs]16.295: [Train: 226385K->226385K(226496K), 0.0005330 secs] 226876K->226704K(227072K), 0.0040150 secs]
16.296: [GC 16.298: [DefNew: 569K->36K(576K), 0.0018290 secs]16.300: [Train: 226449K->226449K(226560K), 0.0005290 secs] 226955K->226827K(227136K), 0.0039970 secs]
16.301: [GC 16.302: [DefNew: 546K->32K(576K), 0.0018070 secs]16.304: [Train: 226485K->226485K(226560K), 0.0005090 secs] 226996K->226902K(227136K), 0.0039420 secs]
16.305: [GC 16.306: [DefNew: 543K->19K(576K), 0.0018020 secs]16.308: [Train: 226510K->226510K(226624K), 0.0005270 secs] 227029K->226914K(227200K), 0.0039530 secs]
16.309: [GC 16.310: [DefNew: 530K->49K(576K), 0.0017870 secs]16.312: [Train: 226510K->226510K(226624K), 0.0005220 secs] 227041K->226943K(227200K), 0.0039410 secs]
16.313: [GC 16.314: [DefNew: 557K->36K(576K), 0.0017980 secs]16.316: [Train: 226530K->226530K(226624K), 0.0005250 secs] 227067K->226950K(227200K), 0.0039470 secs]
16.317: [GC 16.318: [DefNew: 547K->45K(576K), 0.0018000 secs]16.320: [Train: 226549K->226549K(226624K), 0.0005600 secs] 227077K->226979K(227200K), 0.0039840 secs]
16.321: [GC 16.323: [DefNew: 553K->36K(576K), 0.0018020 secs]16.324: [Train: 226568K->226568K(226688K), 0.0005570 secs] 227103K->226945K(227264K), 0.0039930 secs]
16.325: [GC 16.327: [DefNew: 546K->49K(576K), 0.0018000 secs]16.328: [Train: 226587K->226587K(226688K), 0.0005150 secs] 227114K->226892K(227264K), 0.0039420 secs]
16.329: [GC 16.331: [DefNew: 559K->49K(576K), 0.0018440 secs]16.333: [Train: 226628K->226628K(226752K), 0.0005940 secs] 227147K->226677K(227328K), 0.0040930 secs]
16.334: [GC 16.336: [DefNew: 551K->62K(576K), 0.0018910 secs]16.338: [Train: 226689K->226689K(226816K), 0.0005620 secs] 227180K->226751K(227392K), 0.0042080 secs]
16.339: [GC 16.340: [DefNew: 564K->62K(576K), 0.0018650 secs] 227254K->226825K(227392K), 0.0034920 secs]
16.343: [GC 16.344: [DefNew: 564K->62K(576K), 0.0018740 secs]16.346: [Train: 226837K->226837K(226944K), 0.0005260 secs] 227327K->226899K(227520K), 0.0040240 secs]
16.347: [GC 16.349: [DefNew: 564K->62K(576K), 0.0018510 secs]16.351: [Train: 226910K->226910K(227008K), 0.0005200 secs] 227401K->227229K(227584K), 0.0039980 secs]
16.351: [GC 16.353: [DefNew: 569K->45K(576K), 0.0018370 secs]16.355: [Train: 226965K->226965K(227072K), 0.0005200 secs] 227480K->227352K(227648K), 0.0039830 secs]
16.356: [GC 16.357: [DefNew: 556K->22K(576K), 0.0018290 secs]16.359: [Train: 227002K->227002K(227136K), 0.0005230 secs] 227521K->227409K(227712K), 0.0039830 secs]
16.360: [GC 16.361: [DefNew: 534K->52K(576K), 0.0018010 secs]16.363: [Train: 227002K->227002K(227136K), 0.0004960 secs] 227537K->227439K(227712K), 0.0039200 secs]
16.364: [GC 16.365: [DefNew: 560K->36K(576K), 0.0018100 secs]16.367: [Train: 227025K->227025K(227136K), 0.0005300 secs] 227563K->227445K(227712K), 0.0039630 secs]
16.368: [GC 16.369: [DefNew: 547K->45K(576K), 0.0018150 secs]16.371: [Train: 227045K->227045K(227136K), 0.0005150 secs] 227573K->227475K(227712K), 0.0039530 secs]
16.372: [GC 16.373: [DefNew: 553K->36K(576K), 0.0018040 secs]16.375: [Train: 227061K->227061K(227136K), 0.0005090 secs] 227599K->227481K(227712K), 0.0039360 secs]
16.376: [GC 16.378: [DefNew: 547K->45K(576K), 0.0018120 secs]16.379: [Train: 227083K->227083K(227200K), 0.0005240 secs] 227609K->227513K(227776K), 0.0039580 secs]
16.380: [GC 16.382: [DefNew: 553K->36K(576K), 0.0018140 secs]16.383: [Train: 227099K->227099K(227200K), 0.0005040 secs] 227637K->227477K(227776K), 0.0039410 secs]
16.384: [GC 16.386: [DefNew: 546K->49K(576K), 0.0018010 secs]16.388: [Train: 227119K->227119K(227200K), 0.0005140 secs] 227646K->227424K(227776K), 0.0039430 secs]
16.388: [GC 16.390: [DefNew: 559K->49K(576K), 0.0018230 secs]16.392: [Train: 227160K->227160K(227264K), 0.0005130 secs] 227678K->227209K(227840K), 0.0039690 secs]
16.393: [GC 16.394: [DefNew: 551K->62K(576K), 0.0018410 secs]16.396: [Train: 227221K->227221K(227328K), 0.0005580 secs] 227711K->227283K(227904K), 0.0040480 secs]
16.397: [GC 16.399: [DefNew: 564K->62K(576K), 0.0018470 secs] 227785K->227357K(227904K), 0.0034690 secs]
16.401: [GC 16.403: [DefNew: 564K->62K(576K), 0.0018540 secs]16.405: [Train: 227368K->227368K(227456K), 0.0005570 secs] 227859K->227430K(228032K), 0.0040420 secs]
16.406: [GC 16.407: [DefNew: 564K->62K(576K), 0.0018420 secs]16.409: [Train: 227442K->227442K(227520K), 0.0005100 secs] 227933K->227760K(228096K), 0.0039990 secs]
16.410: [GC 16.411: [DefNew: 569K->45K(576K), 0.0018260 secs]16.413: [Train: 227496K->227496K(227584K), 0.0005120 secs] 228011K->227883K(228160K), 0.0039670 secs]
16.414: [GC 16.416: [DefNew: 556K->22K(576K), 0.0018130 secs]16.417: [Train: 227534K->227534K(227648K), 0.0005340 secs] 228053K->227941K(228224K), 0.0039740 secs]
16.419: [GC 16.420: [DefNew: 534K->52K(576K), 0.0018270 secs]16.422: [Train: 227534K->227534K(227648K), 0.0005070 secs] 228068K->227970K(228224K), 0.0039760 secs]
16.423: [GC 16.424: [DefNew: 560K->36K(576K), 0.0018180 secs]16.426: [Train: 227557K->227557K(227648K), 0.0005110 secs] 228094K->227977K(228224K), 0.0039570 secs]
16.427: [GC 16.428: [DefNew: 547K->45K(576K), 0.0018220 secs]16.430: [Train: 227578K->227578K(227712K), 0.0005220 secs] 228104K->228008K(228288K), 0.0039720 secs]
16.431: [GC 16.432: [DefNew: 553K->36K(576K), 0.0018060 secs]16.434: [Train: 227595K->227595K(227712K), 0.0005290 secs] 228132K->228015K(228288K), 0.0039620 secs]
16.435: [GC 16.436: [DefNew: 547K->45K(576K), 0.0018130 secs]16.438: [Train: 227614K->227614K(227712K), 0.0004990 secs] 228142K->228002K(228288K), 0.0039410 secs]
16.439: [GC 16.441: [DefNew: 556K->42K(576K), 0.0018140 secs]16.442: [Train: 227631K->227631K(227712K), 0.0005120 secs] 228171K->227929K(228288K), 0.0039540 secs]
16.443: [GC 16.445: [DefNew: 549K->58K(576K), 0.0018180 secs]16.447: [Train: 227652K->227652K(227776K), 0.0005110 secs] 228181K->227711K(228352K), 0.0039590 secs]
16.448: [GC 16.449: [DefNew: 561K->62K(576K), 0.0018470 secs]16.451: [Train: 227723K->227723K(227840K), 0.0005230 secs] 228214K->227785K(228416K), 0.0040070 secs]
16.452: [GC 16.454: [DefNew: 564K->62K(576K), 0.0018820 secs] 228287K->227859K(228416K), 0.0035020 secs]
16.456: [GC 16.458: [DefNew: 564K->62K(576K), 0.0018640 secs]16.459: [Train: 227870K->227870K(227968K), 0.0005330 secs] 228361K->227933K(228544K), 0.0040300 secs]
16.461: [GC 16.462: [DefNew: 564K->62K(576K), 0.0018530 secs]16.464: [Train: 227944K->227944K(228032K), 0.0005320 secs] 228435K->228262K(228608K), 0.0040280 secs]
16.465: [GC 16.466: [DefNew: 569K->36K(576K), 0.0018390 secs]16.468: [Train: 228008K->228008K(228096K), 0.0005660 secs] 228514K->228386K(228672K), 0.0040610 secs]
16.469: [GC 16.471: [DefNew: 546K->32K(576K), 0.0018220 secs]16.472: [Train: 228046K->228046K(228160K), 0.0005220 secs] 228555K->228463K(228736K), 0.0039830 secs]
16.473: [GC 16.475: [DefNew: 543K->19K(576K), 0.0018090 secs]16.476: [Train: 228069K->228069K(228160K), 0.0005150 secs] 228590K->228473K(228736K), 0.0039590 secs]
16.477: [GC 16.479: [DefNew: 530K->49K(576K), 0.0017980 secs]16.481: [Train: 228069K->228069K(228160K), 0.0005140 secs] 228600K->228502K(228736K), 0.0039570 secs]
16.481: [GC 16.483: [DefNew: 557K->36K(576K), 0.0018130 secs]16.485: [Train: 228090K->228090K(228224K), 0.0005450 secs] 228626K->228510K(228800K), 0.0039960 secs]
16.485: [GC 16.487: [DefNew: 547K->45K(576K), 0.0018100 secs]16.489: [Train: 228110K->228110K(228224K), 0.0005230 secs] 228638K->228540K(228800K), 0.0039710 secs]
16.490: [GC 16.491: [DefNew: 553K->36K(576K), 0.0018120 secs]16.493: [Train: 228126K->228126K(228224K), 0.0005110 secs] 228664K->228504K(228800K), 0.0039750 secs]
16.494: [GC 16.495: [DefNew: 546K->49K(576K), 0.0018110 secs]16.497: [Train: 228146K->228146K(228224K), 0.0005280 secs] 228673K->228451K(228800K), 0.0039800 secs]
16.498: [GC 16.499: [DefNew: 559K->49K(576K), 0.0018320 secs]16.501: [Train: 228187K->228187K(228288K), 0.0005460 secs] 228706K->228236K(228864K), 0.0040120 secs]
16.502: [GC 16.504: [DefNew: 551K->62K(576K), 0.0018540 secs]16.506: [Train: 228248K->228248K(228352K), 0.0005380 secs] 228739K->228310K(228928K), 0.0040310 secs]
16.507: [GC 16.508: [DefNew: 564K->62K(576K), 0.0018590 secs] 228812K->228384K(228928K), 0.0034820 secs]
16.511: [GC 16.512: [DefNew: 564K->62K(576K), 0.0018800 secs]16.514: [Train: 228396K->228396K(228480K), 0.0005750 secs] 228886K->228458K(229056K), 0.0040880 secs]
16.515: [GC 16.517: [DefNew: 564K->62K(576K), 0.0018660 secs]16.519: [Train: 228469K->228469K(228544K), 0.0005350 secs] 228960K->228788K(229120K), 0.0040400 secs]
16.520: [GC 16.521: [DefNew: 569K->45K(576K), 0.0018450 secs]16.523: [Train: 228524K->228524K(228608K), 0.0005230 secs] 229039K->228911K(229184K), 0.0040050 secs]
16.524: [GC 16.525: [DefNew: 556K->22K(576K), 0.0018440 secs]16.527: [Train: 228561K->228561K(228672K), 0.0005340 secs] 229080K->228968K(229248K), 0.0040170 secs]
16.528: [GC 16.529: [DefNew: 534K->52K(576K), 0.0018190 secs]16.531: [Train: 228561K->228561K(228672K), 0.0005320 secs] 229095K->228998K(229248K), 0.0039880 secs]
16.532: [GC 16.534: [DefNew: 560K->36K(576K), 0.0018950 secs]16.536: [Train: 228584K->228584K(228672K), 0.0005810 secs] 229122K->229004K(229248K), 0.0041900 secs]
16.537: [GC 16.538: [DefNew: 547K->45K(576K), 0.0018270 secs]16.540: [Train: 228606K->228606K(228736K), 0.0005160 secs] 229131K->229035K(229312K), 0.0040030 secs]
16.541: [GC 16.542: [DefNew: 553K->36K(576K), 0.0018110 secs]16.544: [Train: 228622K->228622K(228736K), 0.0005050 secs] 229159K->229042K(229312K), 0.0039580 secs]
16.545: [GC 16.546: [DefNew: 547K->45K(576K), 0.0018140 secs]16.548: [Train: 228642K->228642K(228736K), 0.0005230 secs] 229169K->229029K(229312K), 0.0039770 secs]
16.549: [GC 16.550: [DefNew: 556K->42K(576K), 0.0018120 secs]16.552: [Train: 228658K->228658K(228736K), 0.0005180 secs] 229198K->228957K(229312K), 0.0039780 secs]
16.553: [GC 16.555: [DefNew: 549K->58K(576K), 0.0018240 secs]16.556: [Train: 228680K->228680K(228800K), 0.0005380 secs] 229208K->228738K(229376K), 0.0040050 secs]
16.558: [GC 16.559: [DefNew: 561K->62K(576K), 0.0018580 secs]16.561: [Train: 228750K->228750K(228864K), 0.0005150 secs] 229241K->228812K(229440K), 0.0040220 secs]
16.562: [GC 16.564: [DefNew: 564K->62K(576K), 0.0018630 secs] 229315K->228886K(229440K), 0.0034900 secs]
16.566: [GC 16.568: [DefNew: 564K->62K(576K), 0.0018650 secs]16.569: [Train: 228898K->228898K(228992K), 0.0005440 secs] 229388K->228960K(229568K), 0.0040480 secs]
16.570: [GC 16.572: [DefNew: 564K->62K(576K), 0.0018720 secs]16.574: [Train: 228972K->228972K(229056K), 0.0005290 secs] 229462K->229290K(229632K), 0.0040450 secs]
16.575: [GC 16.576: [DefNew: 569K->36K(576K), 0.0018510 secs]16.578: [Train: 229036K->229036K(229120K), 0.0005150 secs] 229541K->229413K(229696K), 0.0040140 secs]
16.579: [GC 16.580: [DefNew: 546K->32K(576K), 0.0018330 secs]16.582: [Train: 229073K->229073K(229184K), 0.0005320 secs] 229583K->229490K(229760K), 0.0040040 secs]
16.583: [GC 16.585: [DefNew: 543K->19K(576K), 0.0018280 secs]16.586: [Train: 229096K->229096K(229184K), 0.0005190 secs] 229617K->229500K(229760K), 0.0039830 secs]
16.587: [GC 16.589: [DefNew: 530K->49K(576K), 0.0018120 secs]16.591: [Train: 229096K->229096K(229184K), 0.0005130 secs] 229627K->229529K(229760K), 0.0039640 secs]
16.591: [GC 16.593: [DefNew: 557K->36K(576K), 0.0018270 secs]16.595: [Train: 229118K->229118K(229248K), 0.0005150 secs] 229653K->229538K(229824K), 0.0039790 secs]
16.595: [GC 16.597: [DefNew: 547K->45K(576K), 0.0018450 secs]16.599: [Train: 229137K->229137K(229248K), 0.0005200 secs] 229665K->229567K(229824K), 0.0040040 secs]
16.600: [GC 16.601: [DefNew: 553K->36K(576K), 0.0018220 secs]16.603: [Train: 229154K->229154K(229248K), 0.0005150 secs] 229691K->229531K(229824K), 0.0039760 secs]
16.604: [GC 16.605: [DefNew: 546K->49K(576K), 0.0018210 secs]16.607: [Train: 229173K->229173K(229248K), 0.0005120 secs] 229701K->229478K(229824K), 0.0039730 secs]
16.608: [GC 16.609: [DefNew: 559K->49K(576K), 0.0018470 secs]16.611: [Train: 229214K->229214K(229312K), 0.0005230 secs] 229733K->229263K(229888K), 0.0040100 secs]
16.612: [GC 16.614: [DefNew: 551K->62K(576K), 0.0018530 secs]16.616: [Train: 229275K->229275K(229376K), 0.0005260 secs] 229766K->229337K(229952K), 0.0040290 secs]
16.617: [GC 16.618: [DefNew: 564K->62K(576K), 0.0018670 secs] 229840K->229411K(229952K), 0.0035060 secs]
16.621: [GC 16.622: [DefNew: 564K->62K(576K), 0.0018690 secs]16.624: [Train: 229423K->229423K(229504K), 0.0005360 secs] 229914K->229485K(230080K), 0.0040620 secs]
16.625: [GC 16.627: [DefNew: 564K->62K(576K), 0.0018960 secs]16.629: [Train: 229498K->229498K(229632K), 0.0005290 secs] 229987K->229817K(230208K), 0.0040750 secs]
16.630: [GC 16.631: [DefNew: 569K->45K(576K), 0.0018410 secs]16.633: [Train: 229551K->229551K(229632K), 0.0005120 secs] 230068K->229938K(230208K), 0.0040100 secs]
16.634: [GC 16.635: [DefNew: 556K->22K(576K), 0.0018330 secs]16.637: [Train: 229589K->229589K(229696K), 0.0005220 secs] 230108K->229996K(230272K), 0.0039970 secs]
16.638: [GC 16.639: [DefNew: 534K->52K(576K), 0.0018080 secs]16.641: [Train: 229589K->229589K(229696K), 0.0005130 secs] 230123K->230025K(230272K), 0.0039630 secs]
16.642: [GC 16.644: [DefNew: 560K->36K(576K), 0.0018240 secs]16.645: [Train: 229612K->229612K(229696K), 0.0005430 secs] 230149K->230032K(230272K), 0.0040080 secs]
16.646: [GC 16.648: [DefNew: 547K->45K(576K), 0.0018260 secs]16.650: [Train: 229633K->229633K(229760K), 0.0005190 secs] 230159K->230063K(230336K), 0.0039900 secs]
16.650: [GC 16.652: [DefNew: 553K->36K(576K), 0.0018180 secs]16.654: [Train: 229649K->229649K(229760K), 0.0005180 secs] 230187K->230069K(230336K), 0.0039810 secs]
16.654: [GC 16.656: [DefNew: 547K->45K(576K), 0.0018340 secs]16.658: [Train: 229669K->229669K(229760K), 0.0005370 secs] 230197K->230056K(230336K), 0.0040120 secs]
16.659: [GC 16.660: [DefNew: 556K->42K(576K), 0.0018240 secs]16.662: [Train: 229685K->229685K(229760K), 0.0005250 secs] 230226K->229984K(230336K), 0.0039890 secs]
16.663: [GC 16.664: [DefNew: 549K->58K(576K), 0.0018350 secs]16.666: [Train: 229707K->229707K(229824K), 0.0005250 secs] 230235K->229766K(230400K), 0.0040030 secs]
16.667: [GC 16.669: [DefNew: 561K->62K(576K), 0.0018780 secs]16.671: [Train: 229777K->229777K(229888K), 0.0005440 secs] 230268K->229840K(230464K), 0.0040710 secs]
16.672: [GC 16.673: [DefNew: 564K->62K(576K), 0.0018730 secs] 230342K->229913K(230464K), 0.0035080 secs]
16.676: [GC 16.677: [DefNew: 564K->62K(576K), 0.0018770 secs]16.679: [Train: 229925K->229925K(230016K), 0.0005350 secs] 230416K->229987K(230592K), 0.0040570 secs]
16.680: [GC 16.682: [DefNew: 564K->62K(576K), 0.0018650 secs]16.684: [Train: 229999K->229999K(230080K), 0.0005340 secs] 230490K->230317K(230656K), 0.0040630 secs]
16.685: [GC 16.686: [DefNew: 569K->36K(576K), 0.0018510 secs]16.688: [Train: 230063K->230063K(230144K), 0.0005230 secs] 230568K->230440K(230720K), 0.0040330 secs]
16.689: [GC 16.690: [DefNew: 546K->32K(576K), 0.0018370 secs]16.692: [Train: 230101K->230101K(230208K), 0.0005360 secs] 230610K->230517K(230784K), 0.0040220 secs]
16.693: [GC 16.694: [DefNew: 543K->19K(576K), 0.0018250 secs]16.696: [Train: 230124K->230124K(230208K), 0.0005250 secs] 230645K->230527K(230784K), 0.0040090 secs]
16.697: [GC 16.699: [DefNew: 530K->49K(576K), 0.0018130 secs]16.700: [Train: 230124K->230124K(230208K), 0.0005150 secs] 230654K->230557K(230784K), 0.0039780 secs]
16.701: [GC 16.703: [DefNew: 557K->36K(576K), 0.0018280 secs]16.705: [Train: 230145K->230145K(230272K), 0.0005520 secs] 230681K->230565K(230848K), 0.0040300 secs]
16.705: [GC 16.707: [DefNew: 547K->45K(576K), 0.0018240 secs]16.709: [Train: 230165K->230165K(230272K), 0.0005090 secs] 230692K->230594K(230848K), 0.0039910 secs]
16.709: [GC 16.711: [DefNew: 553K->36K(576K), 0.0018220 secs]16.713: [Train: 230181K->230181K(230272K), 0.0005070 secs] 230718K->230558K(230848K), 0.0039840 secs]
16.714: [GC 16.715: [DefNew: 546K->49K(576K), 0.0018330 secs]16.717: [Train: 230202K->230202K(230336K), 0.0005260 secs] 230728K->230507K(230912K), 0.0040090 secs]
16.718: [GC 16.719: [DefNew: 559K->49K(576K), 0.0018410 secs]16.721: [Train: 230242K->230242K(230336K), 0.0005290 secs] 230762K->230291K(230912K), 0.0040190 secs]
16.722: [GC 16.724: [DefNew: 551K->62K(576K), 0.0018650 secs]16.726: [Train: 230302K->230302K(230400K), 0.0005150 secs] 230793K->230365K(230976K), 0.0040350 secs]
16.727: [GC 16.728: [DefNew: 564K->62K(576K), 0.0018810 secs] 230867K->230438K(230976K), 0.0035160 secs]
16.731: [GC 16.732: [DefNew: 564K->62K(576K), 0.0019840 secs]16.734: [Train: 230450K->230450K(230528K), 0.0006310 secs] 230941K->230512K(231104K), 0.0043030 secs]
16.736: [GC 16.737: [DefNew: 564K->62K(576K), 0.0019090 secs]16.739: [Train: 230526K->230526K(230656K), 0.0005200 secs] 231015K->230844K(231232K), 0.0041320 secs]
16.740: [GC 16.741: [DefNew: 569K->45K(576K), 0.0018680 secs]16.743: [Train: 230578K->230578K(230656K), 0.0005140 secs] 231095K->230965K(231232K), 0.0040400 secs]
16.744: [GC 16.746: [DefNew: 556K->22K(576K), 0.0018470 secs]16.748: [Train: 230616K->230616K(230720K), 0.0005410 secs] 231135K->231023K(231296K), 0.0040380 secs]
16.748: [GC 16.750: [DefNew: 534K->52K(576K), 0.0018160 secs]16.752: [Train: 230616K->230616K(230720K), 0.0005250 secs] 231150K->231052K(231296K), 0.0039980 secs]
16.752: [GC 16.754: [DefNew: 560K->36K(576K), 0.0018280 secs]16.756: [Train: 230639K->230639K(230720K), 0.0005230 secs] 231176K->231059K(231296K), 0.0040120 secs]
16.757: [GC 16.758: [DefNew: 547K->45K(576K), 0.0018350 secs]16.760: [Train: 230660K->230660K(230784K), 0.0005180 secs] 231186K->231090K(231360K), 0.0040080 secs]
16.761: [GC 16.762: [DefNew: 553K->36K(576K), 0.0018270 secs]16.764: [Train: 230677K->230677K(230784K), 0.0005210 secs] 231214K->231097K(231360K), 0.0040030 secs]
16.765: [GC 16.766: [DefNew: 547K->45K(576K), 0.0018300 secs]16.768: [Train: 230696K->230696K(230784K), 0.0005440 secs] 231224K->231083K(231360K), 0.0040440 secs]
16.769: [GC 16.771: [DefNew: 556K->42K(576K), 0.0018320 secs]16.772: [Train: 230714K->230714K(230848K), 0.0005360 secs] 231253K->231013K(231424K), 0.0040210 secs]
16.773: [GC 16.775: [DefNew: 549K->58K(576K), 0.0018320 secs]16.777: [Train: 230734K->230734K(230848K), 0.0005130 secs] 231264K->230793K(231424K), 0.0039990 secs]
16.778: [GC 16.779: [DefNew: 561K->62K(576K), 0.0018730 secs]16.781: [Train: 230805K->230805K(230912K), 0.0005450 secs] 231295K->230867K(231488K), 0.0040750 secs]
16.782: [GC 16.784: [DefNew: 564K->62K(576K), 0.0018820 secs] 231369K->230941K(231488K), 0.0035290 secs]
16.786: [GC 16.788: [DefNew: 564K->62K(576K), 0.0018920 secs]16.790: [Train: 230952K->230952K(231040K), 0.0005240 secs] 231443K->231014K(231616K), 0.0040680 secs]
16.791: [GC 16.792: [DefNew: 564K->62K(576K), 0.0018780 secs]16.794: [Train: 231026K->231026K(231104K), 0.0005300 secs] 231517K->231344K(231680K), 0.0040700 secs]
16.795: [GC 16.797: [DefNew: 569K->36K(576K), 0.0018700 secs]16.799: [Train: 231090K->231090K(231168K), 0.0005320 secs] 231595K->231467K(231744K), 0.0040570 secs]
16.799: [GC 16.801: [DefNew: 546K->32K(576K), 0.0018600 secs]16.803: [Train: 231128K->231128K(231232K), 0.0005270 secs] 231637K->231545K(231808K), 0.0040400 secs]
16.804: [GC 16.805: [DefNew: 543K->19K(576K), 0.0018340 secs]16.807: [Train: 231151K->231151K(231232K), 0.0005190 secs] 231672K->231554K(231808K), 0.0040020 secs]
16.808: [GC 16.809: [DefNew: 530K->49K(576K), 0.0018240 secs]16.811: [Train: 231151K->231151K(231232K), 0.0005190 secs] 231682K->231584K(231808K), 0.0039960 secs]
16.812: [GC 16.813: [DefNew: 557K->36K(576K), 0.0018510 secs]16.815: [Train: 231172K->231172K(231296K), 0.0005160 secs] 231708K->231592K(231872K), 0.0040170 secs]
16.816: [GC 16.817: [DefNew: 547K->45K(576K), 0.0018370 secs]16.819: [Train: 231192K->231192K(231296K), 0.0005130 secs] 231719K->231622K(231872K), 0.0040000 secs]
16.820: [GC 16.822: [DefNew: 553K->36K(576K), 0.0018330 secs]16.823: [Train: 231208K->231208K(231296K), 0.0004920 secs] 231746K->231586K(231872K), 0.0039760 secs]
16.824: [GC 16.826: [DefNew: 546K->49K(576K), 0.0018350 secs]16.828: [Train: 231230K->231230K(231360K), 0.0005160 secs] 231755K->231535K(231936K), 0.0040160 secs]
16.828: [GC 16.830: [DefNew: 559K->49K(576K), 0.0018400 secs]16.832: [Train: 231269K->231269K(231360K), 0.0005090 secs] 231789K->231318K(231936K), 0.0040080 secs]
16.833: [GC 16.834: [DefNew: 551K->62K(576K), 0.0018600 secs]16.836: [Train: 231330K->231330K(231424K), 0.0005180 secs] 231820K->231392K(232000K), 0.0040410 secs]
16.837: [GC 16.839: [DefNew: 564K->62K(576K), 0.0018700 secs] 231894K->231466K(232000K), 0.0035260 secs]
16.841: [GC 16.843: [DefNew: 564K->62K(576K), 0.0018790 secs]16.845: [Train: 231477K->231477K(231552K), 0.0005660 secs] 231968K->231540K(232128K), 0.0041050 secs]
16.846: [GC 16.847: [DefNew: 564K->62K(576K), 0.0018790 secs]16.849: [Train: 231553K->231553K(231680K), 0.0005410 secs] 232042K->231871K(232256K), 0.0040830 secs]
16.850: [GC 16.852: [DefNew: 569K->45K(576K), 0.0018490 secs]16.854: [Train: 231605K->231605K(231680K), 0.0005450 secs] 232122K->231992K(232256K), 0.0040520 secs]
16.854: [GC 16.856: [DefNew: 556K->22K(576K), 0.0018500 secs]16.858: [Train: 231643K->231643K(231744K), 0.0005200 secs] 232162K->232050K(232320K), 0.0040260 secs]
16.859: [GC 16.860: [DefNew: 534K->52K(576K), 0.0018350 secs]16.862: [Train: 231643K->231643K(231744K), 0.0005230 secs] 232177K->232079K(232320K), 0.0040130 secs]
16.863: [GC 16.864: [DefNew: 560K->36K(576K), 0.0018390 secs]16.866: [Train: 231666K->231666K(231744K), 0.0005320 secs] 232203K->232086K(232320K), 0.0040250 secs]
16.867: [GC 16.868: [DefNew: 547K->45K(576K), 0.0018470 secs]16.870: [Train: 231688K->231688K(231808K), 0.0005200 secs] 232213K->232117K(232384K), 0.0040240 secs]
16.871: [GC 16.873: [DefNew: 553K->36K(576K), 0.0018430 secs]16.874: [Train: 231704K->231704K(231808K), 0.0005040 secs] 232241K->232124K(232384K), 0.0040010 secs]
16.875: [GC 16.877: [DefNew: 547K->45K(576K), 0.0018380 secs]16.879: [Train: 231724K->231724K(231808K), 0.0005020 secs] 232251K->232111K(232384K), 0.0039960 secs]
16.879: [GC 16.881: [DefNew: 556K->42K(576K), 0.0018400 secs]16.883: [Train: 231742K->231742K(231872K), 0.0005210 secs] 232280K->232040K(232448K), 0.0040160 secs]
16.884: [GC 16.885: [DefNew: 549K->58K(576K), 0.0018490 secs]16.887: [Train: 231761K->231761K(231872K), 0.0005150 secs] 232291K->231820K(232448K), 0.0040200 secs]
16.888: [GC 16.890: [DefNew: 561K->62K(576K), 0.0018820 secs]16.892: [Train: 231832K->231832K(231936K), 0.0005220 secs] 232323K->231894K(232512K), 0.0040660 secs]
16.893: [GC 16.894: [DefNew: 564K->62K(576K), 0.0018780 secs] 232396K->231968K(232512K), 0.0035330 secs]
16.897: [GC 16.898: [DefNew: 564K->62K(576K), 0.0018890 secs]16.900: [Train: 231980K->231980K(232064K), 0.0005340 secs] 232470K->232042K(232640K), 0.0040950 secs]
16.901: [GC 16.903: [DefNew: 564K->62K(576K), 0.0018790 secs]16.905: [Train: 232053K->232053K(232128K), 0.0005290 secs] 232544K->232372K(232704K), 0.0040750 secs]
16.905: [GC 16.907: [DefNew: 569K->36K(576K), 0.0018680 secs]16.909: [Train: 232117K->232117K(232192K), 0.0005290 secs] 232623K->232495K(232768K), 0.0040630 secs]
16.910: [GC 16.911: [DefNew: 546K->32K(576K), 0.0018540 secs]16.913: [Train: 232155K->232155K(232256K), 0.0005150 secs] 232664K->232572K(232832K), 0.0040360 secs]
16.914: [GC 16.915: [DefNew: 543K->19K(576K), 0.0018360 secs]16.917: [Train: 232178K->232178K(232256K), 0.0005340 secs] 232699K->232582K(232832K), 0.0040290 secs]
16.918: [GC 16.920: [DefNew: 530K->49K(576K), 0.0018270 secs]16.921: [Train: 232178K->232178K(232256K), 0.0005490 secs] 232709K->232611K(232832K), 0.0040350 secs]
16.922: [GC 16.924: [DefNew: 557K->36K(576K), 0.0018440 secs]16.926: [Train: 232200K->232200K(232320K), 0.0005470 secs] 232735K->232620K(232896K), 0.0040510 secs]
16.926: [GC 16.928: [DefNew: 547K->45K(576K), 0.0018450 secs]16.930: [Train: 232219K->232219K(232320K), 0.0005090 secs] 232747K->232649K(232896K), 0.0040130 secs]
16.931: [GC 16.932: [DefNew: 553K->36K(576K), 0.0018750 secs]16.934: [Train: 232236K->232236K(232320K), 0.0005820 secs] 232773K->232613K(232896K), 0.0041380 secs]
16.935: [GC 16.937: [DefNew: 546K->49K(576K), 0.0018850 secs]16.939: [Train: 232257K->232257K(232384K), 0.0005310 secs] 232783K->232562K(232960K), 0.0041650 secs]
16.940: [GC 16.941: [DefNew: 559K->49K(576K), 0.0018660 secs]16.943: [Train: 232296K->232296K(232384K), 0.0005700 secs] 232817K->232345K(232960K), 0.0041020 secs]
16.944: [GC 16.946: [DefNew: 551K->62K(576K), 0.0018790 secs]16.948: [Train: 232357K->232357K(232448K), 0.0005530 secs] 232848K->232419K(233024K), 0.0041240 secs]
16.949: [GC 16.950: [DefNew: 564K->62K(576K), 0.0018840 secs] 232922K->232493K(233024K), 0.0035440 secs]
16.953: [GC 16.954: [DefNew: 564K->62K(576K), 0.0019000 secs]16.956: [Train: 232506K->232506K(232640K), 0.0005270 secs] 232995K->232569K(233216K), 0.0040970 secs]
16.957: [GC 16.959: [DefNew: 564K->62K(576K), 0.0018880 secs]16.961: [Train: 232580K->232580K(232704K), 0.0005250 secs] 233071K->232898K(233280K), 0.0040960 secs]
16.962: [GC 16.963: [DefNew: 569K->45K(576K), 0.0018730 secs]16.965: [Train: 232634K->232634K(232768K), 0.0006080 secs] 233150K->233022K(233344K), 0.0041580 secs]
16.966: [GC 16.967: [DefNew: 556K->22K(576K), 0.0018490 secs]16.969: [Train: 232670K->232670K(232768K), 0.0005570 secs] 233191K->233077K(233344K), 0.0040750 secs]
16.970: [GC 16.972: [DefNew: 534K->52K(576K), 0.0018310 secs]16.973: [Train: 232670K->232670K(232768K), 0.0005320 secs] 233205K->233107K(233344K), 0.0040260 secs]
16.974: [GC 16.976: [DefNew: 560K->36K(576K), 0.0018480 secs]16.978: [Train: 232693K->232693K(232768K), 0.0005290 secs] 233231K->233113K(233344K), 0.0040400 secs]
16.978: [GC 16.980: [DefNew: 547K->45K(576K), 0.0018610 secs]16.982: [Train: 232715K->232715K(232832K), 0.0005510 secs] 233241K->233145K(233408K), 0.0040730 secs]
16.983: [GC 16.984: [DefNew: 553K->36K(576K), 0.0018480 secs]16.986: [Train: 232731K->232731K(232832K), 0.0005350 secs] 233269K->233151K(233408K), 0.0040460 secs]
16.987: [GC 16.988: [DefNew: 547K->45K(576K), 0.0018470 secs]16.990: [Train: 232751K->232751K(232832K), 0.0005450 secs] 233278K->233138K(233408K), 0.0040540 secs]
16.991: [GC 16.993: [DefNew: 556K->42K(576K), 0.0018600 secs]16.994: [Train: 232769K->232769K(232896K), 0.0005380 secs] 233308K->233068K(233472K), 0.0040640 secs]
16.995: [GC 16.997: [DefNew: 549K->58K(576K), 0.0018900 secs]16.999: [Train: 232789K->232789K(232896K), 0.0005550 secs] 233319K->232848K(233472K), 0.0041140 secs]
17.000: [GC 17.002: [DefNew: 561K->62K(576K), 0.0019100 secs]17.003: [Train: 232859K->232859K(232960K), 0.0005280 secs] 233350K->232921K(233536K), 0.0041160 secs]
17.005: [GC 17.006: [DefNew: 564K->62K(576K), 0.0018890 secs] 233424K->232995K(233536K), 0.0035600 secs]
17.009: [GC 17.010: [DefNew: 564K->62K(576K), 0.0018940 secs]17.012: [Train: 233007K->233007K(233088K), 0.0005310 secs] 233498K->233069K(233664K), 0.0040970 secs]
17.013: [GC 17.015: [DefNew: 564K->62K(576K), 0.0018990 secs]17.017: [Train: 233082K->233082K(233216K), 0.0005190 secs] 233571K->233401K(233792K), 0.0041010 secs]
17.017: [GC 17.019: [DefNew: 569K->36K(576K), 0.0018800 secs]17.021: [Train: 233146K->233146K(233280K), 0.0005540 secs] 233652K->233524K(233856K), 0.0041180 secs]
17.022: [GC 17.023: [DefNew: 546K->32K(576K), 0.0018560 secs]17.025: [Train: 233182K->233182K(233280K), 0.0005180 secs] 233693K->233599K(233856K), 0.0040470 secs]
17.026: [GC 17.027: [DefNew: 543K->19K(576K), 0.0018440 secs]17.029: [Train: 233205K->233205K(233280K), 0.0005650 secs] 233726K->233609K(233856K), 0.0040750 secs]
17.030: [GC 17.032: [DefNew: 530K->49K(576K), 0.0018350 secs]17.033: [Train: 233205K->233205K(233280K), 0.0005170 secs] 233736K->233638K(233856K), 0.0040160 secs]
17.034: [GC 17.036: [DefNew: 557K->36K(576K), 0.0018490 secs]17.038: [Train: 233227K->233227K(233344K), 0.0005350 secs] 233762K->233647K(233920K), 0.0040500 secs]
17.038: [GC 17.040: [DefNew: 547K->45K(576K), 0.0018600 secs]17.042: [Train: 233246K->233246K(233344K), 0.0005360 secs] 233774K->233676K(233920K), 0.0040640 secs]
17.043: [GC 17.044: [DefNew: 553K->36K(576K), 0.0018510 secs]17.046: [Train: 233263K->233263K(233344K), 0.0005320 secs] 233800K->233640K(233920K), 0.0040490 secs]
17.047: [GC 17.048: [DefNew: 546K->49K(576K), 0.0018610 secs]17.050: [Train: 233284K->233284K(233408K), 0.0005390 secs] 233810K->233589K(233984K), 0.0040680 secs]
17.051: [GC 17.053: [DefNew: 559K->49K(576K), 0.0018750 secs]17.055: [Train: 233324K->233324K(233408K), 0.0005180 secs] 233844K->233373K(233984K), 0.0040610 secs]
17.056: [GC 17.057: [DefNew: 551K->62K(576K), 0.0018880 secs]17.059: [Train: 233384K->233384K(233472K), 0.0005730 secs] 233875K->233446K(234048K), 0.0041330 secs]
17.060: [GC 17.062: [DefNew: 564K->62K(576K), 0.0018910 secs] 233949K->233520K(234048K), 0.0035570 secs]
17.064: [GC 17.066: [DefNew: 564K->62K(576K), 0.0019100 secs]17.068: [Train: 233534K->233534K(233664K), 0.0005360 secs] 234023K->233596K(234240K), 0.0041310 secs]
17.069: [GC 17.070: [DefNew: 564K->62K(576K), 0.0018950 secs]17.072: [Train: 233608K->233608K(233728K), 0.0005410 secs] 234098K->233926K(234304K), 0.0041180 secs]
17.073: [GC 17.075: [DefNew: 569K->45K(576K), 0.0018750 secs]17.077: [Train: 233662K->233662K(233792K), 0.0005960 secs] 234177K->234049K(234368K), 0.0041500 secs]
17.077: [GC 17.079: [DefNew: 556K->22K(576K), 0.0018580 secs]17.081: [Train: 233698K->233698K(233792K), 0.0005640 secs] 234218K->234105K(234368K), 0.0041100 secs]
17.082: [GC 17.083: [DefNew: 534K->52K(576K), 0.0018390 secs]17.085: [Train: 233698K->233698K(233792K), 0.0005550 secs] 234232K->234134K(234368K), 0.0040730 secs]
17.086: [GC 17.087: [DefNew: 560K->36K(576K), 0.0018570 secs]17.089: [Train: 233722K->233722K(233856K), 0.0005720 secs] 234258K->234142K(234432K), 0.0040990 secs]
17.090: [GC 17.092: [DefNew: 547K->45K(576K), 0.0018510 secs]17.094: [Train: 233742K->233742K(233856K), 0.0005440 secs] 234270K->234172K(234432K), 0.0040640 secs]
17.094: [GC 17.096: [DefNew: 553K->36K(576K), 0.0018540 secs]17.098: [Train: 233758K->233758K(233856K), 0.0005310 secs] 234296K->234178K(234432K), 0.0040560 secs]
17.099: [GC 17.100: [DefNew: 547K->45K(576K), 0.0018620 secs]17.102: [Train: 233778K->233778K(233856K), 0.0005020 secs] 234306K->234165K(234432K), 0.0040330 secs]
17.103: [GC 17.104: [DefNew: 556K->42K(576K), 0.0018600 secs]17.106: [Train: 233796K->233796K(233920K), 0.0005190 secs] 234335K->234095K(234496K), 0.0040480 secs]
17.107: [GC 17.109: [DefNew: 549K->58K(576K), 0.0018570 secs]17.110: [Train: 233816K->233816K(233920K), 0.0005370 secs] 234346K->233875K(234496K), 0.0040650 secs]
17.112: [GC 17.113: [DefNew: 561K->62K(576K), 0.0018990 secs]17.115: [Train: 233886K->233886K(233984K), 0.0005130 secs] 234377K->233949K(234560K), 0.0040880 secs]
17.116: [GC 17.118: [DefNew: 564K->62K(576K), 0.0018880 secs] 234451K->234022K(234560K), 0.0035550 secs]
17.120: [GC 17.122: [DefNew: 564K->62K(576K), 0.0019040 secs]17.124: [Train: 234034K->234034K(234112K), 0.0005520 secs] 234525K->234096K(234688K), 0.0041290 secs]
17.125: [GC 17.126: [DefNew: 564K->62K(576K), 0.0019090 secs]17.128: [Train: 234110K->234110K(234240K), 0.0005270 secs] 234599K->234428K(234816K), 0.0041350 secs]
17.129: [GC 17.131: [DefNew: 569K->36K(576K), 0.0018900 secs]17.132: [Train: 234174K->234174K(234304K), 0.0005640 secs] 234679K->234551K(234880K), 0.0041400 secs]
17.133: [GC 17.135: [DefNew: 546K->32K(576K), 0.0019460 secs]17.137: [Train: 234210K->234210K(234304K), 0.0005510 secs] 234721K->234626K(234880K), 0.0042530 secs]
17.138: [GC 17.139: [DefNew: 543K->19K(576K), 0.0018610 secs]17.141: [Train: 234234K->234234K(234368K), 0.0005470 secs] 234754K->234638K(234944K), 0.0040920 secs]
17.142: [GC 17.144: [DefNew: 530K->49K(576K), 0.0018430 secs]17.145: [Train: 234234K->234234K(234368K), 0.0005170 secs] 234765K->234667K(234944K), 0.0040360 secs]
17.146: [GC 17.148: [DefNew: 557K->36K(576K), 0.0018500 secs]17.150: [Train: 234254K->234254K(234368K), 0.0005220 secs] 234791K->234674K(234944K), 0.0040450 secs]
17.150: [GC 17.152: [DefNew: 547K->45K(576K), 0.0018590 secs]17.154: [Train: 234274K->234274K(234368K), 0.0005270 secs] 234801K->234703K(234944K), 0.0040590 secs]
17.155: [GC 17.156: [DefNew: 553K->36K(576K), 0.0018530 secs]17.158: [Train: 234290K->234290K(234368K), 0.0005380 secs] 234827K->234667K(234944K), 0.0040640 secs]
17.159: [GC 17.160: [DefNew: 546K->49K(576K), 0.0018710 secs]17.162: [Train: 234312K->234312K(234432K), 0.0005280 secs] 234837K->234617K(235008K), 0.0040730 secs]
17.163: [GC 17.165: [DefNew: 559K->49K(576K), 0.0018680 secs]17.167: [Train: 234351K->234351K(234432K), 0.0005280 secs] 234871K->234400K(235008K), 0.0040750 secs]
17.168: [GC 17.169: [DefNew: 551K->62K(576K), 0.0018920 secs]17.171: [Train: 234412K->234412K(234496K), 0.0005260 secs] 234902K->234474K(235072K), 0.0041010 secs]
17.172: [GC 17.174: [DefNew: 564K->62K(576K), 0.0018930 secs] 234976K->234548K(235072K), 0.0035750 secs]
17.176: [GC 17.178: [DefNew: 564K->62K(576K), 0.0019230 secs]17.180: [Train: 234561K->234561K(234688K), 0.0005260 secs] 235050K->234623K(235264K), 0.0041330 secs]
17.181: [GC 17.182: [DefNew: 564K->62K(576K), 0.0018950 secs]17.184: [Train: 234635K->234635K(234752K), 0.0005260 secs] 235126K->234953K(235328K), 0.0041080 secs]
17.185: [GC 17.187: [DefNew: 569K->45K(576K), 0.0018790 secs]17.189: [Train: 234689K->234689K(234816K), 0.0005280 secs] 235204K->235076K(235392K), 0.0040990 secs]
17.189: [GC 17.191: [DefNew: 556K->22K(576K), 0.0018600 secs]17.193: [Train: 234725K->234725K(234816K), 0.0005130 secs] 235246K->235132K(235392K), 0.0040550 secs]
17.194: [GC 17.195: [DefNew: 534K->52K(576K), 0.0018450 secs]17.197: [Train: 234725K->234725K(234816K), 0.0005020 secs] 235259K->235161K(235392K), 0.0040420 secs]
17.198: [GC 17.199: [DefNew: 560K->36K(576K), 0.0018600 secs]17.201: [Train: 234750K->234750K(234880K), 0.0005170 secs] 235285K->235170K(235456K), 0.0040530 secs]
17.202: [GC 17.204: [DefNew: 547K->45K(576K), 0.0018550 secs]17.205: [Train: 234769K->234769K(234880K), 0.0005870 secs] 235297K->235199K(235456K), 0.0041170 secs]
17.206: [GC 17.208: [DefNew: 553K->36K(576K), 0.0018650 secs]17.210: [Train: 234786K->234786K(234880K), 0.0005130 secs] 235323K->235206K(235456K), 0.0040560 secs]
17.210: [GC 17.212: [DefNew: 547K->45K(576K), 0.0018600 secs]17.214: [Train: 234805K->234805K(234880K), 0.0005110 secs] 235333K->235235K(235456K), 0.0040470 secs]
17.215: [GC 17.216: [DefNew: 553K->36K(576K), 0.0018630 secs]17.218: [Train: 234824K->234824K(234944K), 0.0005440 secs] 235359K->235201K(235520K), 0.0040850 secs]
17.219: [GC 17.220: [DefNew: 546K->49K(576K), 0.0018710 secs]17.222: [Train: 234843K->234843K(234944K), 0.0005250 secs] 235370K->235148K(235520K), 0.0040740 secs]
17.223: [GC 17.225: [DefNew: 559K->49K(576K), 0.0018800 secs]17.227: [Train: 234884K->234884K(235008K), 0.0005430 secs] 235403K->234933K(235584K), 0.0041010 secs]
17.228: [GC 17.229: [DefNew: 551K->62K(576K), 0.0018960 secs]17.231: [Train: 234945K->234945K(235072K), 0.0005510 secs] 235436K->235007K(235648K), 0.0041340 secs]
17.232: [GC 17.234: [DefNew: 564K->62K(576K), 0.0018940 secs] 235510K->235081K(235648K), 0.0035820 secs]
17.236: [GC 17.238: [DefNew: 564K->62K(576K), 0.0019070 secs]17.240: [Train: 235093K->235093K(235200K), 0.0005610 secs] 235583K->235155K(235776K), 0.0041610 secs]
17.241: [GC 17.242: [DefNew: 564K->62K(576K), 0.0018940 secs]17.244: [Train: 235166K->235166K(235264K), 0.0005400 secs] 235657K->235485K(235840K), 0.0041250 secs]
17.245: [GC 17.247: [DefNew: 569K->45K(576K), 0.0018810 secs]17.249: [Train: 235221K->235221K(235328K), 0.0005360 secs] 235736K->235608K(235904K), 0.0041140 secs]
17.250: [GC 17.251: [DefNew: 556K->22K(576K), 0.0018680 secs]17.253: [Train: 235258K->235258K(235392K), 0.0005230 secs] 235777K->235665K(235968K), 0.0040810 secs]
17.254: [GC 17.255: [DefNew: 534K->52K(576K), 0.0018520 secs]17.257: [Train: 235258K->235258K(235392K), 0.0005330 secs] 235793K->235695K(235968K), 0.0040730 secs]
17.258: [GC 17.260: [DefNew: 560K->36K(576K), 0.0018610 secs]17.261: [Train: 235281K->235281K(235392K), 0.0005390 secs] 235819K->235701K(235968K), 0.0040800 secs]
17.262: [GC 17.264: [DefNew: 547K->45K(576K), 0.0018610 secs]17.266: [Train: 235301K->235301K(235392K), 0.0005280 secs] 235829K->235731K(235968K), 0.0040710 secs]
17.266: [GC 17.268: [DefNew: 553K->36K(576K), 0.0018680 secs]17.270: [Train: 235317K->235317K(235392K), 0.0005470 secs] 235855K->235737K(235968K), 0.0040970 secs]
17.271: [GC 17.272: [DefNew: 547K->45K(576K), 0.0059540 secs]17.278: [Train: 235339K->235339K(235456K), 0.0012970 secs] 235865K->235726K(236032K), 0.0090180 secs]
17.280: [GC 17.282: [DefNew: 556K->42K(576K), 0.0019260 secs]17.284: [Train: 235355K->235355K(235456K), 0.0005520 secs] 235896K->235654K(236032K), 0.0047140 secs]
17.285: [GC 17.287: [DefNew: 549K->58K(576K), 0.0019000 secs]17.288: [Train: 235375K->235375K(235456K), 0.0005780 secs] 235905K->235434K(236032K), 0.0042180 secs]
17.290: [GC 17.291: [DefNew: 561K->62K(576K), 0.0019270 secs]17.293: [Train: 235445K->235445K(235520K), 0.0005550 secs] 235936K->235508K(236096K), 0.0042430 secs]
17.294: [GC 17.296: [DefNew: 564K->62K(576K), 0.0019190 secs] 236010K->235583K(236160K), 0.0035990 secs]
17.298: [GC 17.300: [DefNew: 564K->62K(576K), 0.0019200 secs]17.302: [Train: 235595K->235595K(235712K), 0.0005170 secs] 236086K->235657K(236288K), 0.0041220 secs]
17.303: [GC 17.305: [DefNew: 564K->62K(576K), 0.0019160 secs]17.306: [Train: 235669K->235669K(235776K), 0.0005850 secs] 236159K->235987K(236352K), 0.0041900 secs]
17.307: [GC 17.309: [DefNew: 569K->36K(576K), 0.0018950 secs]17.311: [Train: 235733K->235733K(235840K), 0.0005130 secs] 236238K->236110K(236416K), 0.0040980 secs]
17.312: [GC 17.313: [DefNew: 546K->32K(576K), 0.0018830 secs]17.315: [Train: 235770K->235770K(235904K), 0.0005640 secs] 236280K->236187K(236480K), 0.0041330 secs]
17.316: [GC 17.317: [DefNew: 543K->19K(576K), 0.0018760 secs]17.319: [Train: 235793K->235793K(235904K), 0.0005200 secs] 236314K->236197K(236480K), 0.0040830 secs]
17.320: [GC 17.322: [DefNew: 530K->49K(576K), 0.0018530 secs]17.324: [Train: 235793K->235793K(235904K), 0.0005320 secs] 236324K->236226K(236480K), 0.0040850 secs]
17.324: [GC 17.326: [DefNew: 557K->36K(576K), 0.0018710 secs]17.328: [Train: 235813K->235813K(235904K), 0.0005150 secs] 236350K->236233K(236480K), 0.0040790 secs]
17.329: [GC 17.330: [DefNew: 547K->45K(576K), 0.0018700 secs]17.332: [Train: 235834K->235834K(235968K), 0.0005340 secs] 236360K->236264K(236544K), 0.0041080 secs]
17.333: [GC 17.334: [DefNew: 553K->36K(576K), 0.0019850 secs]17.336: [Train: 235851K->235851K(235968K), 0.0005710 secs] 236388K->236228K(236544K), 0.0042870 secs]
17.337: [GC 17.339: [DefNew: 546K->49K(576K), 0.0018720 secs]17.341: [Train: 235870K->235870K(235968K), 0.0005540 secs] 236398K->236175K(236544K), 0.0041370 secs]
17.342: [GC 17.343: [DefNew: 559K->49K(576K), 0.0019480 secs]17.345: [Train: 235912K->235912K(236032K), 0.0005710 secs] 236430K->235961K(236608K), 0.0042900 secs]
17.347: [GC 17.348: [DefNew: 551K->62K(576K), 0.0019110 secs]17.350: [Train: 235972K->235972K(236096K), 0.0005590 secs] 236463K->236034K(236672K), 0.0041740 secs]
17.351: [GC 17.353: [DefNew: 564K->62K(576K), 0.0019410 secs] 236537K->236108K(236672K), 0.0036220 secs]
17.355: [GC 17.357: [DefNew: 564K->62K(576K), 0.0019530 secs]17.359: [Train: 236120K->236120K(236224K), 0.0005560 secs] 236611K->236182K(236800K), 0.0042060 secs]
17.360: [GC 17.361: [DefNew: 564K->62K(576K), 0.0019250 secs]17.363: [Train: 236194K->236194K(236288K), 0.0005630 secs] 236684K->236512K(236864K), 0.0041870 secs]
17.364: [GC 17.366: [DefNew: 569K->45K(576K), 0.0018950 secs]17.368: [Train: 236248K->236248K(236352K), 0.0005450 secs] 236763K->236635K(236928K), 0.0041500 secs]
17.369: [GC 17.370: [DefNew: 556K->22K(576K), 0.0018790 secs]17.372: [Train: 236286K->236286K(236416K), 0.0005350 secs] 236805K->236693K(236992K), 0.0041120 secs]
17.373: [GC 17.374: [DefNew: 534K->52K(576K), 0.0018590 secs]17.376: [Train: 236286K->236286K(236416K), 0.0005300 secs] 236820K->236722K(236992K), 0.0040850 secs]
17.377: [GC 17.379: [DefNew: 560K->36K(576K), 0.0018710 secs]17.381: [Train: 236309K->236309K(236416K), 0.0005280 secs] 236846K->236729K(236992K), 0.0041060 secs]
17.381: [GC 17.383: [DefNew: 547K->45K(576K), 0.0018690 secs]17.385: [Train: 236328K->236328K(236416K), 0.0005140 secs] 236856K->236758K(236992K), 0.0040820 secs]
17.386: [GC 17.387: [DefNew: 553K->36K(576K), 0.0018730 secs]17.389: [Train: 236346K->236346K(236480K), 0.0005400 secs] 236882K->236766K(237056K), 0.0041180 secs]
17.390: [GC 17.391: [DefNew: 547K->45K(576K), 0.0018680 secs]17.393: [Train: 236366K->236366K(236480K), 0.0005330 secs] 236894K->236753K(237056K), 0.0040920 secs]
17.394: [GC 17.396: [DefNew: 556K->42K(576K), 0.0018650 secs]17.398: [Train: 236382K->236382K(236480K), 0.0005290 secs] 236923K->236681K(237056K), 0.0040850 secs]
17.398: [GC 17.400: [DefNew: 549K->58K(576K), 0.0018820 secs]17.402: [Train: 236402K->236402K(236480K), 0.0005200 secs] 236932K->236461K(237056K), 0.0040910 secs]
17.403: [GC 17.405: [DefNew: 561K->62K(576K), 0.0019210 secs]17.406: [Train: 236474K->236474K(236608K), 0.0005890 secs] 236963K->236537K(237184K), 0.0042050 secs]
17.408: [GC 17.409: [DefNew: 564K->62K(576K), 0.0019230 secs] 237039K->236610K(237184K), 0.0037430 secs]
17.412: [GC 17.413: [DefNew: 564K->62K(576K), 0.0019340 secs]17.415: [Train: 236622K->236622K(236736K), 0.0005440 secs] 237113K->236684K(237312K), 0.0041700 secs]
17.416: [GC 17.418: [DefNew: 564K->62K(576K), 0.0019080 secs]17.420: [Train: 236696K->236696K(236800K), 0.0005460 secs] 237187K->237014K(237376K), 0.0041580 secs]
17.421: [GC 17.422: [DefNew: 569K->36K(576K), 0.0018950 secs]17.424: [Train: 236760K->236760K(236864K), 0.0005340 secs] 237265K->237137K(237440K), 0.0041320 secs]
17.425: [GC 17.427: [DefNew: 546K->32K(576K), 0.0018900 secs]17.429: [Train: 236798K->236798K(236928K), 0.0005160 secs] 237307K->237214K(237504K), 0.0041140 secs]
17.429: [GC 17.431: [DefNew: 543K->19K(576K), 0.0018820 secs]17.433: [Train: 236821K->236821K(236928K), 0.0005120 secs] 237342K->237224K(237504K), 0.0040920 secs]
17.434: [GC 17.435: [DefNew: 530K->49K(576K), 0.0018610 secs]17.437: [Train: 236821K->236821K(236928K), 0.0005640 secs] 237351K->237254K(237504K), 0.0041380 secs]
17.438: [GC 17.439: [DefNew: 557K->36K(576K), 0.0018820 secs]17.441: [Train: 236840K->236840K(236928K), 0.0005290 secs] 237378K->237260K(237504K), 0.0041110 secs]
17.442: [GC 17.444: [DefNew: 547K->45K(576K), 0.0018760 secs]17.446: [Train: 236862K->236862K(236992K), 0.0005390 secs] 237387K->237291K(237568K), 0.0041070 secs]
17.446: [GC 17.448: [DefNew: 553K->36K(576K), 0.0018800 secs]17.450: [Train: 236878K->236878K(236992K), 0.0005110 secs] 237415K->237255K(237568K), 0.0040820 secs]
17.451: [GC 17.452: [DefNew: 546K->49K(576K), 0.0018750 secs]17.454: [Train: 236898K->236898K(236992K), 0.0005150 secs] 237425K->237203K(237568K), 0.0040820 secs]
17.455: [GC 17.456: [DefNew: 559K->49K(576K), 0.0018940 secs]17.458: [Train: 236939K->236939K(237056K), 0.0005330 secs] 237457K->236988K(237632K), 0.0041190 secs]
17.459: [GC 17.461: [DefNew: 551K->62K(576K), 0.0019190 secs]17.463: [Train: 237000K->237000K(237120K), 0.0005330 secs] 237490K->237062K(237696K), 0.0041530 secs]
17.464: [GC 17.466: [DefNew: 564K->62K(576K), 0.0019160 secs] 237564K->237135K(237696K), 0.0036010 secs]
17.468: [GC 17.470: [DefNew: 564K->62K(576K), 0.0019230 secs]17.472: [Train: 237147K->237147K(237248K), 0.0005350 secs] 237638K->237209K(237824K), 0.0041570 secs]
17.473: [GC 17.474: [DefNew: 564K->62K(576K), 0.0019080 secs]17.476: [Train: 237221K->237221K(237312K), 0.0005490 secs] 237712K->237539K(237888K), 0.0041740 secs]
17.477: [GC 17.479: [DefNew: 569K->45K(576K), 0.0018960 secs]17.481: [Train: 237275K->237275K(237376K), 0.0005290 secs] 237790K->237662K(237952K), 0.0041260 secs]
17.481: [GC 17.483: [DefNew: 556K->22K(576K), 0.0018820 secs]17.485: [Train: 237313K->237313K(237440K), 0.0005210 secs] 237832K->237720K(238016K), 0.0041040 secs]
17.486: [GC 17.487: [DefNew: 534K->52K(576K), 0.0018640 secs]17.489: [Train: 237313K->237313K(237440K), 0.0005040 secs] 237847K->237749K(238016K), 0.0040840 secs]
17.490: [GC 17.491: [DefNew: 560K->36K(576K), 0.0018750 secs]17.493: [Train: 237336K->237336K(237440K), 0.0005270 secs] 237873K->237756K(238016K), 0.0040950 secs]
17.494: [GC 17.496: [DefNew: 547K->45K(576K), 0.0018740 secs]17.498: [Train: 237356K->237356K(237440K), 0.0005230 secs] 237883K->237785K(238016K), 0.0040920 secs]
17.498: [GC 17.500: [DefNew: 553K->36K(576K), 0.0018810 secs]17.502: [Train: 237374K->237374K(237504K), 0.0005490 secs] 237909K->237794K(238080K), 0.0041250 secs]
17.503: [GC 17.504: [DefNew: 547K->45K(576K), 0.0018790 secs]17.506: [Train: 237393K->237393K(237504K), 0.0005090 secs] 237921K->237780K(238080K), 0.0040810 secs]
17.507: [GC 17.508: [DefNew: 556K->42K(576K), 0.0018850 secs]17.510: [Train: 237410K->237410K(237504K), 0.0005260 secs] 237950K->237708K(238080K), 0.0041070 secs]
17.511: [GC 17.513: [DefNew: 549K->58K(576K), 0.0018820 secs]17.515: [Train: 237429K->237429K(237504K), 0.0005250 secs] 237959K->237488K(238080K), 0.0041040 secs]
17.516: [GC 17.517: [DefNew: 561K->62K(576K), 0.0019320 secs]17.519: [Train: 237502K->237502K(237632K), 0.0005250 secs] 237991K->237564K(238208K), 0.0041590 secs]
17.520: [GC 17.522: [DefNew: 564K->62K(576K), 0.0019160 secs] 238066K->237638K(238208K), 0.0036260 secs]
17.524: [GC 17.526: [DefNew: 564K->62K(576K), 0.0019460 secs]17.528: [Train: 237649K->237649K(237760K), 0.0005330 secs] 238140K->237712K(238336K), 0.0041860 secs]
17.529: [GC 17.531: [DefNew: 564K->62K(576K), 0.0019300 secs]17.533: [Train: 237723K->237723K(237824K), 0.0005700 secs] 238214K->238041K(238400K), 0.0042120 secs]
17.533: [GC 17.535: [DefNew: 569K->36K(576K), 0.0019140 secs]17.537: [Train: 237787K->237787K(237888K), 0.0005330 secs] 238293K->238165K(238464K), 0.0041750 secs]
17.538: [GC 17.539: [DefNew: 546K->32K(576K), 0.0019240 secs]17.541: [Train: 237825K->237825K(237952K), 0.0006860 secs] 238334K->238242K(238528K), 0.0043140 secs]
17.542: [GC 17.544: [DefNew: 543K->19K(576K), 0.0018990 secs]17.546: [Train: 237848K->237848K(237952K), 0.0005260 secs] 238369K->238252K(238528K), 0.0041330 secs]
17.547: [GC 17.548: [DefNew: 530K->49K(576K), 0.0018740 secs]17.550: [Train: 237848K->237848K(237952K), 0.0005550 secs] 238379K->238281K(238528K), 0.0041290 secs]
17.551: [GC 17.552: [DefNew: 557K->36K(576K), 0.0018840 secs]17.554: [Train: 237868K->237868K(237952K), 0.0005270 secs] 238405K->238288K(238528K), 0.0041120 secs]
17.555: [GC 17.557: [DefNew: 547K->45K(576K), 0.0018960 secs]17.559: [Train: 237889K->237889K(238016K), 0.0005240 secs] 238415K->238319K(238592K), 0.0041200 secs]
17.559: [GC 17.561: [DefNew: 553K->36K(576K), 0.0018800 secs]17.563: [Train: 237905K->237905K(238016K), 0.0005560 secs] 238443K->238283K(238592K), 0.0041350 secs]
17.564: [GC 17.565: [DefNew: 546K->49K(576K), 0.0018860 secs]17.567: [Train: 237925K->237925K(238016K), 0.0005420 secs] 238452K->238230K(238592K), 0.0041280 secs]
17.568: [GC 17.570: [DefNew: 559K->49K(576K), 0.0019240 secs]17.572: [Train: 237966K->237966K(238080K), 0.0005490 secs] 238485K->238015K(238656K), 0.0041770 secs]
17.573: [GC 17.574: [DefNew: 551K->62K(576K), 0.0019120 secs]17.576: [Train: 238027K->238027K(238144K), 0.0005250 secs] 238518K->238089K(238720K), 0.0041540 secs]
17.577: [GC 17.579: [DefNew: 564K->62K(576K), 0.0019190 secs] 238591K->238163K(238720K), 0.0036220 secs]
17.581: [GC 17.583: [DefNew: 564K->62K(576K), 0.0019290 secs]17.585: [Train: 238174K->238174K(238272K), 0.0005250 secs] 238665K->238237K(238848K), 0.0041710 secs]
17.586: [GC 17.587: [DefNew: 564K->62K(576K), 0.0019210 secs]17.589: [Train: 238248K->238248K(238336K), 0.0005850 secs] 238739K->238566K(238912K), 0.0042130 secs]
17.590: [GC 17.592: [DefNew: 569K->45K(576K), 0.0019180 secs]17.594: [Train: 238302K->238302K(238400K), 0.0005540 secs] 238818K->238690K(238976K), 0.0041770 secs]
17.595: [GC 17.596: [DefNew: 556K->22K(576K), 0.0019000 secs]17.598: [Train: 238340K->238340K(238464K), 0.0005260 secs] 238859K->238747K(239040K), 0.0041330 secs]
17.599: [GC 17.601: [DefNew: 534K->52K(576K), 0.0018770 secs]17.602: [Train: 238340K->238340K(238464K), 0.0005230 secs] 238874K->238777K(239040K), 0.0041020 secs]
17.603: [GC 17.605: [DefNew: 560K->36K(576K), 0.0018960 secs]17.607: [Train: 238363K->238363K(238464K), 0.0005490 secs] 238901K->238783K(239040K), 0.0041470 secs]
17.608: [GC 17.609: [DefNew: 547K->45K(576K), 0.0018940 secs]17.611: [Train: 238383K->238383K(238464K), 0.0005160 secs] 238910K->238813K(239040K), 0.0041140 secs]
17.612: [GC 17.613: [DefNew: 553K->36K(576K), 0.0018910 secs]17.615: [Train: 238401K->238401K(238528K), 0.0005410 secs] 238937K->238821K(239104K), 0.0041350 secs]
17.616: [GC 17.618: [DefNew: 547K->45K(576K), 0.0018980 secs]17.620: [Train: 238421K->238421K(238528K), 0.0005460 secs] 238948K->238808K(239104K), 0.0041520 secs]
17.620: [GC 17.622: [DefNew: 556K->42K(576K), 0.0018810 secs]17.624: [Train: 238437K->238437K(238528K), 0.0005170 secs] 238977K->238736K(239104K), 0.0041130 secs]
17.625: [GC 17.626: [DefNew: 549K->58K(576K), 0.0018980 secs]17.628: [Train: 238458K->238458K(238592K), 0.0005380 secs] 238987K->238517K(239168K), 0.0041490 secs]
17.629: [GC 17.631: [DefNew: 561K->62K(576K), 0.0019320 secs]17.633: [Train: 238529K->238529K(238656K), 0.0005270 secs] 239020K->238591K(239232K), 0.0042310 secs]
17.634: [GC 17.636: [DefNew: 564K->62K(576K), 0.0019220 secs] 239094K->238665K(239232K), 0.0036220 secs]
17.638: [GC 17.640: [DefNew: 564K->62K(576K), 0.0019380 secs]17.642: [Train: 238677K->238677K(238784K), 0.0005650 secs] 239167K->238739K(239360K), 0.0042110 secs]
17.643: [GC 17.644: [DefNew: 564K->62K(576K), 0.0019280 secs]17.646: [Train: 238750K->238750K(238848K), 0.0005540 secs] 239241K->239069K(239424K), 0.0041950 secs]
17.647: [GC 17.649: [DefNew: 569K->36K(576K), 0.0019270 secs]17.651: [Train: 238814K->238814K(238912K), 0.0005520 secs] 239320K->239192K(239488K), 0.0041900 secs]
17.652: [GC 17.653: [DefNew: 546K->32K(576K), 0.0019130 secs]17.655: [Train: 238852K->238852K(238976K), 0.0005350 secs] 239361K->239269K(239552K), 0.0041610 secs]
17.656: [GC 17.657: [DefNew: 543K->19K(576K), 0.0018900 secs]17.659: [Train: 238875K->238875K(238976K), 0.0005190 secs] 239396K->239279K(239552K), 0.0041160 secs]
17.660: [GC 17.662: [DefNew: 530K->49K(576K), 0.0018750 secs]17.664: [Train: 238875K->238875K(238976K), 0.0005270 secs] 239406K->239308K(239552K), 0.0041120 secs]
17.664: [GC 17.666: [DefNew: 557K->36K(576K), 0.0018830 secs]17.668: [Train: 238895K->238895K(238976K), 0.0005270 secs] 239432K->239315K(239552K), 0.0041310 secs]
17.669: [GC 17.670: [DefNew: 547K->45K(576K), 0.0018920 secs]17.672: [Train: 238916K->238916K(239040K), 0.0005240 secs] 239442K->239346K(239616K), 0.0041270 secs]
17.673: [GC 17.674: [DefNew: 553K->36K(576K), 0.0018830 secs]17.676: [Train: 238933K->238933K(239040K), 0.0005110 secs] 239470K->239310K(239616K), 0.0041050 secs]
17.677: [GC 17.679: [DefNew: 546K->49K(576K), 0.0018860 secs]17.681: [Train: 238952K->238952K(239040K), 0.0005160 secs] 239480K->239257K(239616K), 0.0041200 secs]
17.682: [GC 17.683: [DefNew: 559K->49K(576K), 0.0019040 secs]17.685: [Train: 238993K->238993K(239104K), 0.0005310 secs] 239512K->239042K(239680K), 0.0041520 secs]
17.686: [GC 17.688: [DefNew: 551K->62K(576K), 0.0019160 secs]17.690: [Train: 239054K->239054K(239168K), 0.0005480 secs] 239545K->239116K(239744K), 0.0041760 secs]
17.691: [GC 17.692: [DefNew: 564K->62K(576K), 0.0019360 secs] 239619K->239190K(239744K), 0.0036410 secs]
17.695: [GC 17.696: [DefNew: 564K->62K(576K), 0.0019400 secs]17.698: [Train: 239202K->239202K(239296K), 0.0005360 secs] 239692K->239264K(239872K), 0.0041860 secs]
17.699: [GC 17.701: [DefNew: 564K->62K(576K), 0.0019420 secs]17.703: [Train: 239276K->239276K(239360K), 0.0005280 secs] 239766K->239594K(239936K), 0.0041840 secs]
17.704: [GC 17.705: [DefNew: 569K->45K(576K), 0.0019170 secs]17.707: [Train: 239330K->239330K(239424K), 0.0005550 secs] 239845K->239717K(240000K), 0.0041860 secs]
17.708: [GC 17.710: [DefNew: 556K->22K(576K), 0.0019000 secs]17.712: [Train: 239368K->239368K(239488K), 0.0005250 secs] 239886K->239774K(240064K), 0.0041410 secs]
17.712: [GC 17.714: [DefNew: 534K->52K(576K), 0.0018840 secs]17.716: [Train: 239368K->239368K(239488K), 0.0005850 secs] 239902K->239804K(240064K), 0.0041920 secs]
17.717: [GC 17.718: [DefNew: 560K->36K(576K), 0.0018900 secs]17.720: [Train: 239390K->239390K(239488K), 0.0005420 secs] 239928K->239810K(240064K), 0.0041490 secs]
17.721: [GC 17.723: [DefNew: 547K->45K(576K), 0.0018910 secs]17.725: [Train: 239410K->239410K(239488K), 0.0005240 secs] 239938K->239840K(240064K), 0.0041310 secs]
17.725: [GC 17.727: [DefNew: 553K->36K(576K), 0.0019020 secs]17.729: [Train: 239428K->239428K(239552K), 0.0005520 secs] 239964K->239848K(240128K), 0.0041760 secs]
17.730: [GC 17.731: [DefNew: 547K->45K(576K), 0.0018910 secs]17.733: [Train: 239448K->239448K(239552K), 0.0005690 secs] 239975K->239835K(240128K), 0.0041800 secs]
17.734: [GC 17.736: [DefNew: 556K->42K(576K), 0.0018890 secs]17.738: [Train: 239464K->239464K(239552K), 0.0005380 secs] 240005K->239763K(240128K), 0.0041390 secs]
17.738: [GC 17.740: [DefNew: 549K->58K(576K), 0.0020070 secs]17.742: [Train: 239486K->239486K(239616K), 0.0005780 secs] 240014K->239545K(240192K), 0.0042990 secs]
17.743: [GC 17.745: [DefNew: 561K->62K(576K), 0.0019360 secs]17.747: [Train: 239556K->239556K(239680K), 0.0005390 secs] 240047K->239618K(240256K), 0.0041940 secs]
17.748: [GC 17.749: [DefNew: 564K->62K(576K), 0.0019440 secs] 240121K->239692K(240256K), 0.0036470 secs]
17.752: [GC 17.753: [DefNew: 564K->62K(576K), 0.0019470 secs]17.755: [Train: 239704K->239704K(239808K), 0.0005810 secs] 240195K->239766K(240384K), 0.0042420 secs]
17.757: [GC 17.758: [DefNew: 564K->62K(576K), 0.0019290 secs]17.760: [Train: 239778K->239778K(239872K), 0.0005330 secs] 240268K->240096K(240448K), 0.0041850 secs]
17.761: [GC 17.763: [DefNew: 569K->36K(576K), 0.0019170 secs]17.765: [Train: 239842K->239842K(239936K), 0.0005500 secs] 240347K->240219K(240512K), 0.0041950 secs]
17.765: [GC 17.767: [DefNew: 546K->32K(576K), 0.0019060 secs]17.769: [Train: 239880K->239880K(240000K), 0.0005260 secs] 240389K->240296K(240576K), 0.0041810 secs]
17.770: [GC 17.771: [DefNew: 543K->19K(576K), 0.0018890 secs]17.773: [Train: 239902K->239902K(240000K), 0.0005250 secs] 240423K->240306K(240576K), 0.0041280 secs]
17.774: [GC 17.776: [DefNew: 530K->49K(576K), 0.0018830 secs]17.777: [Train: 239902K->239902K(240000K), 0.0005600 secs] 240433K->240335K(240576K), 0.0041560 secs]
17.778: [GC 17.780: [DefNew: 557K->36K(576K), 0.0018980 secs]17.782: [Train: 239922K->239922K(240000K), 0.0005280 secs] 240459K->240342K(240576K), 0.0041390 secs]
17.783: [GC 17.784: [DefNew: 547K->45K(576K), 0.0019170 secs]17.786: [Train: 239944K->239944K(240064K), 0.0005840 secs] 240469K->240373K(240640K), 0.0042160 secs]
17.787: [GC 17.788: [DefNew: 553K->36K(576K), 0.0018960 secs]17.790: [Train: 239960K->239960K(240064K), 0.0005230 secs] 240497K->240337K(240640K), 0.0041340 secs]
17.791: [GC 17.793: [DefNew: 546K->49K(576K), 0.0019010 secs]17.795: [Train: 239980K->239980K(240064K), 0.0005460 secs] 240507K->240285K(240640K), 0.0041620 secs]
17.796: [GC 17.797: [DefNew: 559K->49K(576K), 0.0019220 secs]17.799: [Train: 240021K->240021K(240128K), 0.0005420 secs] 240539K->240070K(240704K), 0.0041790 secs]
17.800: [GC 17.802: [DefNew: 551K->62K(576K), 0.0019250 secs]17.804: [Train: 240081K->240081K(240192K), 0.0005700 secs] 240572K->240143K(240768K), 0.0042230 secs]
17.805: [GC 17.806: [DefNew: 564K->62K(576K), 0.0019400 secs] 240646K->240217K(240768K), 0.0036590 secs]
17.809: [GC 17.811: [DefNew: 564K->62K(576K), 0.0019440 secs]17.813: [Train: 240229K->240229K(240320K), 0.0005470 secs] 240720K->240291K(240896K), 0.0042250 secs]
17.814: [GC 17.815: [DefNew: 564K->62K(576K), 0.0019320 secs]17.817: [Train: 240303K->240303K(240384K), 0.0005750 secs] 240794K->240621K(240960K), 0.0042340 secs]
17.818: [GC 17.820: [DefNew: 569K->45K(576K), 0.0019270 secs]17.822: [Train: 240357K->240357K(240448K), 0.0005580 secs] 240872K->240744K(241024K), 0.0042050 secs]
17.822: [GC 17.824: [DefNew: 556K->22K(576K), 0.0019150 secs]17.826: [Train: 240395K->240395K(240512K), 0.0005280 secs] 240914K->240802K(241088K), 0.0041630 secs]
17.827: [GC 17.828: [DefNew: 534K->52K(576K), 0.0018990 secs]17.830: [Train: 240395K->240395K(240512K), 0.0005250 secs] 240929K->240831K(241088K), 0.0041470 secs]
17.831: [GC 17.833: [DefNew: 560K->36K(576K), 0.0019140 secs]17.835: [Train: 240418K->240418K(240512K), 0.0006000 secs] 240955K->240838K(241088K), 0.0042320 secs]
17.835: [GC 17.837: [DefNew: 547K->45K(576K), 0.0019060 secs]17.839: [Train: 240437K->240437K(240512K), 0.0005260 secs] 240965K->240867K(241088K), 0.0041530 secs]
17.840: [GC 17.841: [DefNew: 553K->36K(576K), 0.0019100 secs]17.843: [Train: 240456K->240456K(240576K), 0.0005870 secs] 240991K->240876K(241152K), 0.0042180 secs]
17.844: [GC 17.846: [DefNew: 547K->45K(576K), 0.0019160 secs]17.848: [Train: 240475K->240475K(240576K), 0.0005730 secs] 241003K->240862K(241152K), 0.0042730 secs]
17.849: [GC 17.851: [DefNew: 556K->42K(576K), 0.0018990 secs]17.852: [Train: 240492K->240492K(240576K), 0.0005190 secs] 241032K->240790K(241152K), 0.0041460 secs]
17.853: [GC 17.855: [DefNew: 549K->58K(576K), 0.0019110 secs]17.857: [Train: 240513K->240513K(240640K), 0.0005410 secs] 241041K->240572K(241216K), 0.0041780 secs]
17.858: [GC 17.860: [DefNew: 561K->62K(576K), 0.0019460 secs]17.862: [Train: 240584K->240584K(240704K), 0.0005410 secs] 241074K->240646K(241280K), 0.0042130 secs]
17.863: [GC 17.864: [DefNew: 564K->62K(576K), 0.0019520 secs] 241148K->240720K(241280K), 0.0036660 secs]
17.867: [GC 17.868: [DefNew: 564K->62K(576K), 0.0019660 secs]17.870: [Train: 240731K->240731K(240832K), 0.0005250 secs] 241222K->240793K(241408K), 0.0042110 secs]
17.871: [GC 17.873: [DefNew: 564K->62K(576K), 0.0019490 secs]17.875: [Train: 240805K->240805K(240896K), 0.0006010 secs] 241296K->241123K(241472K), 0.0042760 secs]
17.876: [GC 17.877: [DefNew: 569K->36K(576K), 0.0019420 secs]17.879: [Train: 240869K->240869K(240960K), 0.0005310 secs] 241374K->241246K(241536K), 0.0041970 secs]
17.880: [GC 17.882: [DefNew: 546K->32K(576K), 0.0019150 secs]17.884: [Train: 240907K->240907K(241024K), 0.0005730 secs] 241416K->241323K(241600K), 0.0042260 secs]
17.885: [GC 17.886: [DefNew: 543K->19K(576K), 0.0019010 secs]17.888: [Train: 240930K->240930K(241024K), 0.0005260 secs] 241451K->241333K(241600K), 0.0041540 secs]
17.889: [GC 17.890: [DefNew: 530K->49K(576K), 0.0018900 secs]17.892: [Train: 240930K->240930K(241024K), 0.0005390 secs] 241461K->241363K(241600K), 0.0041580 secs]
17.893: [GC 17.895: [DefNew: 557K->36K(576K), 0.0019010 secs]17.897: [Train: 240949K->240949K(241024K), 0.0005310 secs] 241487K->241369K(241600K), 0.0041670 secs]
17.897: [GC 17.899: [DefNew: 547K->45K(576K), 0.0019060 secs]17.901: [Train: 240971K->240971K(241088K), 0.0005370 secs] 241497K->241401K(241664K), 0.0041790 secs]
17.902: [GC 17.903: [DefNew: 553K->36K(576K), 0.0019010 secs]17.905: [Train: 240987K->240987K(241088K), 0.0005600 secs] 241525K->241365K(241664K), 0.0041840 secs]
17.906: [GC 17.908: [DefNew: 546K->49K(576K), 0.0019070 secs]17.910: [Train: 241007K->241007K(241088K), 0.0005490 secs] 241534K->241312K(241664K), 0.0041770 secs]
17.911: [GC 17.912: [DefNew: 559K->49K(576K), 0.0019290 secs]17.914: [Train: 241048K->241048K(241152K), 0.0005560 secs] 241566K->241097K(241728K), 0.0042090 secs]
17.915: [GC 17.917: [DefNew: 551K->62K(576K), 0.0019560 secs]17.919: [Train: 241109K->241109K(241216K), 0.0005480 secs] 241599K->241171K(241792K), 0.0042310 secs]
17.920: [GC 17.922: [DefNew: 564K->62K(576K), 0.0019530 secs] 241673K->241245K(241792K), 0.0036700 secs]
17.924: [GC 17.926: [DefNew: 564K->62K(576K), 0.0019590 secs]17.928: [Train: 241256K->241256K(241344K), 0.0005740 secs] 241747K->241318K(241920K), 0.0042570 secs]
17.929: [GC 17.930: [DefNew: 564K->62K(576K), 0.0019690 secs]17.932: [Train: 241330K->241330K(241408K), 0.0005350 secs] 241821K->241648K(241984K), 0.0042610 secs]
17.933: [GC 17.935: [DefNew: 569K->45K(576K), 0.0019350 secs]17.937: [Train: 241384K->241384K(241472K), 0.0005320 secs] 241899K->241771K(242048K), 0.0042070 secs]
17.938: [GC 17.939: [DefNew: 556K->22K(576K), 0.0019160 secs]17.941: [Train: 241422K->241422K(241536K), 0.0006520 secs] 241941K->241829K(242112K), 0.0043010 secs]
17.942: [GC 17.944: [DefNew: 534K->52K(576K), 0.0018960 secs]17.946: [Train: 241422K->241422K(241536K), 0.0005600 secs] 241956K->241858K(242112K), 0.0041820 secs]
17.946: [GC 17.948: [DefNew: 560K->36K(576K), 0.0019130 secs]17.950: [Train: 241445K->241445K(241536K), 0.0005190 secs] 241982K->241865K(242112K), 0.0041590 secs]
17.951: [GC 17.952: [DefNew: 547K->45K(576K), 0.0019260 secs]17.954: [Train: 241466K->241466K(241600K), 0.0005570 secs] 241992K->241896K(242176K), 0.0042090 secs]
17.955: [GC 17.957: [DefNew: 553K->36K(576K), 0.0019100 secs]17.959: [Train: 241483K->241483K(241600K), 0.0005340 secs] 242020K->241903K(242176K), 0.0041700 secs]
17.959: [GC 17.961: [DefNew: 547K->45K(576K), 0.0019110 secs]17.963: [Train: 241502K->241502K(241600K), 0.0005200 secs] 242030K->241890K(242176K), 0.0041550 secs]
17.964: [GC 17.965: [DefNew: 556K->42K(576K), 0.0019180 secs]17.967: [Train: 241519K->241519K(241600K), 0.0005400 secs] 242059K->241817K(242176K), 0.0041810 secs]
17.968: [GC 17.970: [DefNew: 549K->58K(576K), 0.0019190 secs]17.972: [Train: 241540K->241540K(241664K), 0.0005380 secs] 242069K->241599K(242240K), 0.0041890 secs]
17.973: [GC 17.974: [DefNew: 561K->62K(576K), 0.0019500 secs]17.976: [Train: 241611K->241611K(241728K), 0.0005430 secs] 242102K->241673K(242304K), 0.0042300 secs]
17.977: [GC 17.979: [DefNew: 564K->62K(576K), 0.0019540 secs] 242175K->241747K(242304K), 0.0036900 secs]
17.982: [GC 17.983: [DefNew: 564K->62K(576K), 0.0019600 secs]17.985: [Train: 241758K->241758K(241856K), 0.0005400 secs] 242249K->241821K(242432K), 0.0042400 secs]
17.986: [GC 17.988: [DefNew: 564K->62K(576K), 0.0019690 secs]17.990: [Train: 241832K->241832K(241920K), 0.0005300 secs] 242323K->242150K(242496K), 0.0042340 secs]
17.991: [GC 17.992: [DefNew: 569K->36K(576K), 0.0019460 secs]17.994: [Train: 241896K->241896K(241984K), 0.0005280 secs] 242402K->242274K(242560K), 0.0042050 secs]
17.995: [GC 17.997: [DefNew: 546K->32K(576K), 0.0019300 secs]17.999: [Train: 241934K->241934K(242048K), 0.0005370 secs] 242443K->242351K(242624K), 0.0041990 secs]
17.999: [GC 18.001: [DefNew: 543K->19K(576K), 0.0019200 secs]18.003: [Train: 241957K->241957K(242048K), 0.0005840 secs] 242478K->242361K(242624K), 0.0042310 secs]
18.004: [GC 18.005: [DefNew: 530K->49K(576K), 0.0019020 secs]18.007: [Train: 241957K->241957K(242048K), 0.0005180 secs] 242488K->242390K(242624K), 0.0041490 secs]
18.008: [GC 18.010: [DefNew: 557K->36K(576K), 0.0019190 secs]18.012: [Train: 241978K->241978K(242112K), 0.0005390 secs] 242514K->242398K(242688K), 0.0041850 secs]
18.012: [GC 18.014: [DefNew: 547K->45K(576K), 0.0019100 secs]18.016: [Train: 241998K->241998K(242112K), 0.0005530 secs] 242526K->242428K(242688K), 0.0042040 secs]
18.017: [GC 18.018: [DefNew: 553K->36K(576K), 0.0019050 secs]18.020: [Train: 242014K->242014K(242112K), 0.0005200 secs] 242552K->242392K(242688K), 0.0041580 secs]
18.021: [GC 18.023: [DefNew: 546K->49K(576K), 0.0019080 secs]18.025: [Train: 242034K->242034K(242112K), 0.0005590 secs] 242561K->242339K(242688K), 0.0042010 secs]
18.025: [GC 18.027: [DefNew: 559K->49K(576K), 0.0019360 secs]18.029: [Train: 242075K->242075K(242176K), 0.0005670 secs] 242594K->242124K(242752K), 0.0042530 secs]
18.030: [GC 18.032: [DefNew: 551K->62K(576K), 0.0019510 secs]18.034: [Train: 242136K->242136K(242240K), 0.0005490 secs] 242627K->242198K(242816K), 0.0042420 secs]
18.035: [GC 18.036: [DefNew: 564K->62K(576K), 0.0019650 secs] 242700K->242272K(242816K), 0.0036870 secs]
18.039: [GC 18.041: [DefNew: 564K->62K(576K), 0.0019970 secs]18.043: [Train: 242284K->242284K(242368K), 0.0005470 secs] 242774K->242346K(242944K), 0.0042790 secs]
18.044: [GC 18.045: [DefNew: 564K->62K(576K), 0.0019580 secs]18.047: [Train: 242357K->242357K(242432K), 0.0005500 secs] 242848K->242676K(243008K), 0.0042480 secs]
18.048: [GC 18.050: [DefNew: 569K->45K(576K), 0.0019330 secs]18.052: [Train: 242412K->242412K(242496K), 0.0005490 secs] 242927K->242799K(243072K), 0.0042310 secs]
18.053: [GC 18.054: [DefNew: 556K->22K(576K), 0.0019200 secs]18.056: [Train: 242449K->242449K(242560K), 0.0005190 secs] 242968K->242856K(243136K), 0.0041770 secs]
18.057: [GC 18.059: [DefNew: 534K->52K(576K), 0.0019000 secs]18.060: [Train: 242449K->242449K(242560K), 0.0005140 secs] 242983K->242886K(243136K), 0.0041510 secs]
18.061: [GC 18.063: [DefNew: 560K->36K(576K), 0.0019130 secs]18.065: [Train: 242472K->242472K(242560K), 0.0005280 secs] 243010K->242892K(243136K), 0.0041860 secs]
18.066: [GC 18.067: [DefNew: 547K->45K(576K), 0.0019160 secs]18.069: [Train: 242494K->242494K(242624K), 0.0005270 secs] 243019K->242923K(243200K), 0.0041850 secs]
18.070: [GC 18.071: [DefNew: 553K->36K(576K), 0.0019130 secs]18.073: [Train: 242510K->242510K(242624K), 0.0005390 secs] 243047K->242930K(243200K), 0.0041940 secs]
18.074: [GC 18.076: [DefNew: 547K->45K(576K), 0.0019190 secs]18.078: [Train: 242530K->242530K(242624K), 0.0005340 secs] 243057K->242959K(243200K), 0.0041840 secs]
18.078: [GC 18.080: [DefNew: 553K->36K(576K), 0.0019130 secs]18.082: [Train: 242546K->242546K(242624K), 0.0005290 secs] 243083K->242923K(243200K), 0.0041730 secs]
18.083: [GC 18.084: [DefNew: 546K->49K(576K), 0.0019350 secs]18.086: [Train: 242568K->242568K(242688K), 0.0005360 secs] 243093K->242873K(243264K), 0.0042060 secs]
18.087: [GC 18.089: [DefNew: 559K->49K(576K), 0.0019260 secs]18.091: [Train: 242607K->242607K(242688K), 0.0005370 secs] 243127K->242656K(243264K), 0.0041980 secs]
18.092: [GC 18.094: [DefNew: 551K->62K(576K), 0.0019510 secs]18.096: [Train: 242668K->242668K(242752K), 0.0005350 secs] 243158K->242730K(243328K), 0.0042240 secs]
18.097: [GC 18.098: [DefNew: 564K->62K(576K), 0.0019550 secs] 243232K->242804K(243328K), 0.0037020 secs]
18.101: [GC 18.102: [DefNew: 564K->62K(576K), 0.0019730 secs]18.104: [Train: 242817K->242817K(242944K), 0.0005610 secs] 243306K->242879K(243520K), 0.0042770 secs]
18.105: [GC 18.107: [DefNew: 564K->62K(576K), 0.0019540 secs]18.109: [Train: 242891K->242891K(243008K), 0.0005620 secs] 243382K->243209K(243584K), 0.0042790 secs]
18.110: [GC 18.112: [DefNew: 569K->45K(576K), 0.0019400 secs]18.114: [Train: 242945K->242945K(243072K), 0.0005490 secs] 243460K->243332K(243648K), 0.0042270 secs]
18.114: [GC 18.116: [DefNew: 556K->22K(576K), 0.0019280 secs]18.118: [Train: 242981K->242981K(243072K), 0.0005800 secs] 243502K->243388K(243648K), 0.0042460 secs]
18.119: [GC 18.120: [DefNew: 534K->52K(576K), 0.0019240 secs]18.122: [Train: 242981K->242981K(243072K), 0.0005260 secs] 243515K->243417K(243648K), 0.0041860 secs]
18.123: [GC 18.125: [DefNew: 560K->36K(576K), 0.0019270 secs]18.127: [Train: 243006K->243006K(243136K), 0.0005900 secs] 243541K->243426K(243712K), 0.0042560 secs]
18.127: [GC 18.129: [DefNew: 547K->45K(576K), 0.0019270 secs]18.131: [Train: 243025K->243025K(243136K), 0.0005330 secs] 243553K->243455K(243712K), 0.0042040 secs]
18.132: [GC 18.133: [DefNew: 553K->36K(576K), 0.0019290 secs]18.135: [Train: 243042K->243042K(243136K), 0.0005210 secs] 243579K->243462K(243712K), 0.0041880 secs]
18.136: [GC 18.138: [DefNew: 547K->45K(576K), 0.0019170 secs]18.140: [Train: 243061K->243061K(243136K), 0.0005230 secs] 243589K->243448K(243712K), 0.0041830 secs]
18.140: [GC 18.142: [DefNew: 556K->42K(576K), 0.0019240 secs]18.144: [Train: 243080K->243080K(243200K), 0.0005340 secs] 243618K->243378K(243776K), 0.0043050 secs]
18.145: [GC 18.147: [DefNew: 549K->58K(576K), 0.0019200 secs]18.149: [Train: 243099K->243099K(243200K), 0.0005350 secs] 243629K->243158K(243776K), 0.0042120 secs]
18.150: [GC 18.151: [DefNew: 561K->62K(576K), 0.0019630 secs]18.153: [Train: 243170K->243170K(243264K), 0.0005410 secs] 243660K->243232K(243840K), 0.0042610 secs]
18.154: [GC 18.156: [DefNew: 564K->62K(576K), 0.0019720 secs] 243734K->243306K(243840K), 0.0037030 secs]
18.159: [GC 18.160: [DefNew: 564K->62K(576K), 0.0019690 secs]18.162: [Train: 243317K->243317K(243392K), 0.0005640 secs] 243808K->243380K(243968K), 0.0042720 secs]
18.163: [GC 18.165: [DefNew: 564K->62K(576K), 0.0019700 secs]18.167: [Train: 243393K->243393K(243520K), 0.0005580 secs] 243882K->243711K(244096K), 0.0042730 secs]
18.168: [GC 18.169: [DefNew: 569K->36K(576K), 0.0019600 secs]18.171: [Train: 243457K->243457K(243584K), 0.0005370 secs] 243962K->243834K(244160K), 0.0042400 secs]
18.172: [GC 18.174: [DefNew: 546K->32K(576K), 0.0019250 secs]18.176: [Train: 243493K->243493K(243584K), 0.0005300 secs] 244004K->243910K(244160K), 0.0042020 secs]
18.177: [GC 18.178: [DefNew: 543K->19K(576K), 0.0019210 secs]18.180: [Train: 243518K->243518K(243648K), 0.0005330 secs] 244037K->243921K(244224K), 0.0041990 secs]
18.181: [GC 18.182: [DefNew: 530K->49K(576K), 0.0019080 secs]18.184: [Train: 243518K->243518K(243648K), 0.0005280 secs] 244049K->243951K(244224K), 0.0041900 secs]
18.185: [GC 18.187: [DefNew: 557K->36K(576K), 0.0019170 secs]18.189: [Train: 243537K->243537K(243648K), 0.0005320 secs] 244075K->243957K(244224K), 0.0041940 secs]
18.190: [GC 18.191: [DefNew: 547K->45K(576K), 0.0019190 secs]18.193: [Train: 243557K->243557K(243648K), 0.0005360 secs] 244085K->243987K(244224K), 0.0042110 secs]
18.194: [GC 18.195: [DefNew: 553K->36K(576K), 0.0019160 secs]18.197: [Train: 243573K->243573K(243648K), 0.0005520 secs] 244111K->243951K(244224K), 0.0042150 secs]
18.198: [GC 18.200: [DefNew: 546K->49K(576K), 0.0019280 secs]18.202: [Train: 243595K->243595K(243712K), 0.0005580 secs] 244120K->243900K(244288K), 0.0042260 secs]
18.203: [GC 18.204: [DefNew: 559K->49K(576K), 0.0019570 secs]18.206: [Train: 243634K->243634K(243712K), 0.0005470 secs] 244154K->243683K(244288K), 0.0042460 secs]
18.207: [GC 18.209: [DefNew: 551K->62K(576K), 0.0019570 secs]18.211: [Train: 243695K->243695K(243776K), 0.0005830 secs] 244186K->243757K(244352K), 0.0042840 secs]
18.212: [GC 18.214: [DefNew: 564K->62K(576K), 0.0019830 secs] 244259K->243833K(244416K), 0.0037220 secs]
18.216: [GC 18.218: [DefNew: 564K->62K(576K), 0.0019700 secs]18.220: [Train: 243844K->243844K(243968K), 0.0005480 secs] 244335K->243906K(244544K), 0.0042760 secs]
18.221: [GC 18.223: [DefNew: 564K->62K(576K), 0.0019650 secs]18.225: [Train: 243918K->243918K(244032K), 0.0005530 secs] 244409K->244236K(244608K), 0.0042730 secs]
18.226: [GC 18.227: [DefNew: 569K->45K(576K), 0.0019530 secs]18.229: [Train: 243972K->243972K(244096K), 0.0005790 secs] 244487K->244359K(244672K), 0.0042840 secs]
18.230: [GC 18.232: [DefNew: 556K->22K(576K), 0.0019330 secs]18.234: [Train: 244008K->244008K(244096K), 0.0005510 secs] 244529K->244415K(244672K), 0.0042310 secs]
18.234: [GC 18.236: [DefNew: 534K->52K(576K), 0.0019230 secs]18.238: [Train: 244008K->244008K(244096K), 0.0005260 secs] 244542K->244445K(244672K), 0.0041930 secs]
18.239: [GC 18.240: [DefNew: 560K->36K(576K), 0.0019400 secs]18.242: [Train: 244033K->244033K(244160K), 0.0005360 secs] 244569K->244453K(244736K), 0.0042190 secs]
18.243: [GC 18.245: [DefNew: 547K->45K(576K), 0.0019270 secs]18.247: [Train: 244053K->244053K(244160K), 0.0005520 secs] 244580K->244482K(244736K), 0.0042230 secs]
18.247: [GC 18.249: [DefNew: 553K->36K(576K), 0.0019230 secs]18.251: [Train: 244069K->244069K(244160K), 0.0005430 secs] 244606K->244489K(244736K), 0.0042100 secs]
18.252: [GC 18.253: [DefNew: 547K->45K(576K), 0.0019440 secs]18.255: [Train: 244090K->244090K(244224K), 0.0005290 secs] 244616K->244478K(244800K), 0.0042160 secs]
18.256: [GC 18.258: [DefNew: 556K->42K(576K), 0.0019240 secs]18.260: [Train: 244107K->244107K(244224K), 0.0005480 secs] 244647K->244405K(244800K), 0.0042200 secs]
18.261: [GC 18.262: [DefNew: 549K->58K(576K), 0.0019290 secs]18.264: [Train: 244126K->244126K(244224K), 0.0005310 secs] 244657K->244185K(244800K), 0.0042140 secs]
18.265: [GC 18.267: [DefNew: 561K->62K(576K), 0.0019690 secs]18.269: [Train: 244197K->244197K(244288K), 0.0005550 secs] 244688K->244259K(244864K), 0.0042890 secs]
18.270: [GC 18.272: [DefNew: 564K->62K(576K), 0.0019700 secs] 244762K->244333K(244864K), 0.0037130 secs]
18.276: [GC 18.279: [DefNew: 564K->62K(576K), 0.0028930 secs]18.282: [Train: 244346K->244346K(244480K), 0.0008060 secs] 244835K->244409K(245056K), 0.0066960 secs]
18.284: [GC 18.286: [DefNew: 564K->62K(576K), 0.0027160 secs]18.289: [Train: 244420K->244420K(244544K), 0.0007900 secs] 244911K->244738K(245120K), 0.0059760 secs]
18.290: [GC 18.292: [DefNew: 569K->36K(576K), 0.0020450 secs]18.294: [Train: 244484K->244484K(244608K), 0.0005930 secs] 244990K->244862K(245184K), 0.0044520 secs]
18.295: [GC 18.296: [DefNew: 546K->32K(576K), 0.0020060 secs]18.298: [Train: 244520K->244520K(244608K), 0.0006110 secs] 245031K->244937K(245184K), 0.0044190 secs]
18.299: [GC 18.301: [DefNew: 543K->19K(576K), 0.0020100 secs]18.303: [Train: 244545K->244545K(244672K), 0.0005820 secs] 245064K->244949K(245248K), 0.0043860 secs]
18.304: [GC 18.306: [DefNew: 530K->49K(576K), 0.0019500 secs]18.308: [Train: 244545K->244545K(244672K), 0.0005480 secs] 245076K->244978K(245248K), 0.0043400 secs]
18.308: [GC 18.310: [DefNew: 557K->36K(576K), 0.0019320 secs]18.312: [Train: 244565K->244565K(244672K), 0.0005520 secs] 245102K->244985K(245248K), 0.0042440 secs]
18.313: [GC 18.314: [DefNew: 547K->45K(576K), 0.0019550 secs]18.316: [Train: 244584K->244584K(244672K), 0.0005240 secs] 245112K->245014K(245248K), 0.0042450 secs]
18.317: [GC 18.319: [DefNew: 553K->36K(576K), 0.0019330 secs]18.321: [Train: 244602K->244602K(244736K), 0.0005730 secs] 245138K->244980K(245312K), 0.0042600 secs]
18.322: [GC 18.323: [DefNew: 546K->49K(576K), 0.0019300 secs]18.325: [Train: 244622K->244622K(244736K), 0.0005360 secs] 245149K->244927K(245312K), 0.0042360 secs]
18.326: [GC 18.328: [DefNew: 559K->49K(576K), 0.0019590 secs]18.330: [Train: 244661K->244661K(244736K), 0.0005690 secs] 245182K->244710K(245312K), 0.0042800 secs]
18.331: [GC 18.332: [DefNew: 551K->62K(576K), 0.0020080 secs]18.334: [Train: 244722K->244722K(244800K), 0.0005930 secs] 245213K->244784K(245376K), 0.0043660 secs]
18.336: [GC 18.337: [DefNew: 564K->62K(576K), 0.0020860 secs] 245287K->244860K(245440K), 0.0040010 secs]
18.340: [GC 18.342: [DefNew: 564K->62K(576K), 0.0019940 secs]18.344: [Train: 244872K->244872K(244992K), 0.0006190 secs] 245362K->244934K(245568K), 0.0043830 secs]
18.345: [GC 18.347: [DefNew: 564K->62K(576K), 0.0019830 secs]18.349: [Train: 244945K->244945K(245056K), 0.0005380 secs] 245436K->245263K(245632K), 0.0042920 secs]
18.349: [GC 18.351: [DefNew: 569K->45K(576K), 0.0019630 secs]18.353: [Train: 245000K->245000K(245120K), 0.0005770 secs] 245515K->245387K(245696K), 0.0043170 secs]
18.354: [GC 18.356: [DefNew: 556K->22K(576K), 0.0019400 secs]18.357: [Train: 245036K->245036K(245120K), 0.0005480 secs] 245556K->245442K(245696K), 0.0042390 secs]
18.358: [GC 18.360: [DefNew: 534K->52K(576K), 0.0019350 secs]18.362: [Train: 245036K->245036K(245120K), 0.0005450 secs] 245570K->245472K(245696K), 0.0042300 secs]
18.363: [GC 18.364: [DefNew: 560K->36K(576K), 0.0019450 secs]18.366: [Train: 245060K->245060K(245184K), 0.0005550 secs] 245596K->245480K(245760K), 0.0042510 secs]
18.367: [GC 18.369: [DefNew: 547K->45K(576K), 0.0019390 secs]18.371: [Train: 245080K->245080K(245184K), 0.0005410 secs] 245607K->245510K(245760K), 0.0042320 secs]
18.371: [GC 18.373: [DefNew: 553K->36K(576K), 0.0019410 secs]18.375: [Train: 245096K->245096K(245184K), 0.0005420 secs] 245634K->245516K(245760K), 0.0042330 secs]
18.376: [GC 18.377: [DefNew: 547K->45K(576K), 0.0019430 secs]18.379: [Train: 245118K->245118K(245248K), 0.0005700 secs] 245643K->245505K(245824K), 0.0042650 secs]
18.380: [GC 18.382: [DefNew: 556K->42K(576K), 0.0019310 secs]18.384: [Train: 245134K->245134K(245248K), 0.0005320 secs] 245674K->245433K(245824K), 0.0042210 secs]
18.385: [GC 18.386: [DefNew: 549K->58K(576K), 0.0019520 secs]18.388: [Train: 245154K->245154K(245248K), 0.0006030 secs] 245684K->245213K(245824K), 0.0043320 secs]
18.390: [GC 18.391: [DefNew: 561K->62K(576K), 0.0019880 secs]18.393: [Train: 245224K->245224K(245312K), 0.0005700 secs] 245715K->245286K(245888K), 0.0043520 secs]
18.394: [GC 18.396: [DefNew: 564K->62K(576K), 0.0019980 secs] 245789K->245360K(245888K), 0.0037450 secs]
18.398: [GC 18.400: [DefNew: 564K->62K(576K), 0.0020010 secs]18.402: [Train: 245374K->245374K(245504K), 0.0005600 secs] 245863K->245436K(246080K), 0.0043180 secs]
18.403: [GC 18.405: [DefNew: 564K->62K(576K), 0.0019920 secs]18.407: [Train: 245448K->245448K(245568K), 0.0005570 secs] 245938K->245766K(246144K), 0.0043100 secs]
18.408: [GC 18.409: [DefNew: 569K->36K(576K), 0.0019860 secs]18.411: [Train: 245512K->245512K(245632K), 0.0005590 secs] 246017K->245889K(246208K), 0.0043030 secs]
18.412: [GC 18.414: [DefNew: 546K->32K(576K), 0.0019430 secs]18.416: [Train: 245548K->245548K(245632K), 0.0005620 secs] 246058K->245964K(246208K), 0.0042680 secs]
18.417: [GC 18.418: [DefNew: 543K->19K(576K), 0.0019400 secs]18.420: [Train: 245572K->245572K(245696K), 0.0005530 secs] 246091K->245976K(246272K), 0.0042530 secs]
18.421: [GC 18.423: [DefNew: 530K->49K(576K), 0.0019240 secs]18.425: [Train: 245572K->245572K(245696K), 0.0005380 secs] 246103K->246005K(246272K), 0.0042330 secs]
18.425: [GC 18.427: [DefNew: 557K->36K(576K), 0.0019360 secs]18.429: [Train: 245592K->245592K(245696K), 0.0005530 secs] 246129K->246012K(246272K), 0.0042560 secs]
18.430: [GC 18.431: [DefNew: 547K->45K(576K), 0.0019390 secs]18.433: [Train: 245612K->245612K(245696K), 0.0005610 secs] 246139K->246041K(246272K), 0.0042620 secs]
18.434: [GC 18.436: [DefNew: 553K->36K(576K), 0.0019440 secs]18.438: [Train: 245630K->245630K(245760K), 0.0005460 secs] 246165K->246007K(246336K), 0.0042460 secs]
18.439: [GC 18.440: [DefNew: 546K->49K(576K), 0.0019420 secs]18.442: [Train: 245649K->245649K(245760K), 0.0005430 secs] 246177K->245954K(246336K), 0.0042410 secs]
18.443: [GC 18.445: [DefNew: 559K->49K(576K), 0.0019690 secs]18.447: [Train: 245690K->245690K(245824K), 0.0005530 secs] 246209K->245739K(246400K), 0.0042810 secs]
18.448: [GC 18.449: [DefNew: 551K->62K(576K), 0.0019740 secs]18.451: [Train: 245749K->245749K(245824K), 0.0005330 secs] 246242K->245812K(246400K), 0.0042710 secs]
18.453: [GC 18.454: [DefNew: 564K->62K(576K), 0.0019900 secs] 246314K->245887K(246464K), 0.0037450 secs]
18.457: [GC 18.458: [DefNew: 564K->62K(576K), 0.0019880 secs]18.460: [Train: 245899K->245899K(246016K), 0.0005580 secs] 246390K->245961K(246592K), 0.0043190 secs]
18.462: [GC 18.463: [DefNew: 564K->62K(576K), 0.0019860 secs]18.465: [Train: 245973K->245973K(246080K), 0.0005530 secs] 246463K->246291K(246656K), 0.0043080 secs]
18.466: [GC 18.468: [DefNew: 569K->45K(576K), 0.0019650 secs]18.470: [Train: 246027K->246027K(246144K), 0.0005600 secs] 246542K->246414K(246720K), 0.0043040 secs]
18.471: [GC 18.472: [DefNew: 556K->22K(576K), 0.0019510 secs]18.474: [Train: 246063K->246063K(246144K), 0.0005370 secs] 246584K->246470K(246720K), 0.0042470 secs]
18.475: [GC 18.477: [DefNew: 534K->52K(576K), 0.0019330 secs]18.478: [Train: 246063K->246063K(246144K), 0.0005310 secs] 246597K->246499K(246720K), 0.0042230 secs]
18.479: [GC 18.481: [DefNew: 560K->36K(576K), 0.0019600 secs]18.483: [Train: 246088K->246088K(246208K), 0.0005470 secs] 246623K->246508K(246784K), 0.0042640 secs]
18.484: [GC 18.485: [DefNew: 547K->45K(576K), 0.0019450 secs]18.487: [Train: 246107K->246107K(246208K), 0.0005290 secs] 246635K->246537K(246784K), 0.0042330 secs]
18.488: [GC 18.490: [DefNew: 553K->36K(576K), 0.0019360 secs]18.492: [Train: 246124K->246124K(246208K), 0.0005370 secs] 246661K->246544K(246784K), 0.0042360 secs]
18.492: [GC 18.494: [DefNew: 547K->45K(576K), 0.0019480 secs]18.496: [Train: 246145K->246145K(246272K), 0.0005560 secs] 246671K->246532K(246848K), 0.0042740 secs]
18.497: [GC 18.499: [DefNew: 556K->42K(576K), 0.0019390 secs]18.500: [Train: 246161K->246161K(246272K), 0.0005370 secs] 246702K->246460K(246848K), 0.0042420 secs]
18.501: [GC 18.503: [DefNew: 549K->58K(576K), 0.0019440 secs]18.505: [Train: 246181K->246181K(246272K), 0.0005540 secs] 246711K->246240K(246848K), 0.0042730 secs]
18.506: [GC 18.508: [DefNew: 561K->62K(576K), 0.0019910 secs]18.510: [Train: 246252K->246252K(246336K), 0.0005540 secs] 246742K->246314K(246912K), 0.0043140 secs]
18.511: [GC 18.512: [DefNew: 564K->62K(576K), 0.0019890 secs] 246816K->246388K(246912K), 0.0037380 secs]
18.515: [GC 18.517: [DefNew: 564K->62K(576K), 0.0020140 secs]18.519: [Train: 246401K->246401K(246528K), 0.0005630 secs] 246890K->246463K(247104K), 0.0043370 secs]
18.520: [GC 18.521: [DefNew: 564K->62K(576K), 0.0019920 secs]18.523: [Train: 246475K->246475K(246592K), 0.0005470 secs] 246966K->246793K(247168K), 0.0043070 secs]
18.524: [GC 18.526: [DefNew: 569K->36K(576K), 0.0019760 secs]18.528: [Train: 246539K->246539K(246656K), 0.0005570 secs] 247044K->246916K(247232K), 0.0043040 secs]
18.529: [GC 18.530: [DefNew: 546K->32K(576K), 0.0019550 secs]18.532: [Train: 246575K->246575K(246656K), 0.0005430 secs] 247086K->246991K(247232K), 0.0042900 secs]
18.533: [GC 18.535: [DefNew: 543K->19K(576K), 0.0019940 secs]18.537: [Train: 246600K->246600K(246720K), 0.0006310 secs] 247119K->247003K(247296K), 0.0044400 secs]
18.538: [GC 18.540: [DefNew: 530K->49K(576K), 0.0019490 secs]18.541: [Train: 246600K->246600K(246720K), 0.0005660 secs] 247130K->247033K(247296K), 0.0043280 secs]
18.542: [GC 18.544: [DefNew: 557K->36K(576K), 0.0019520 secs]18.546: [Train: 246619K->246619K(246720K), 0.0005300 secs] 247157K->247039K(247296K), 0.0042500 secs]
18.547: [GC 18.548: [DefNew: 547K->45K(576K), 0.0019470 secs]18.550: [Train: 246639K->246639K(246720K), 0.0005260 secs] 247166K->247069K(247296K), 0.0042380 secs]
18.551: [GC 18.553: [DefNew: 553K->36K(576K), 0.0019610 secs]18.555: [Train: 246657K->246657K(246784K), 0.0005460 secs] 247193K->247034K(247360K), 0.0042720 secs]
18.556: [GC 18.557: [DefNew: 546K->49K(576K), 0.0019480 secs]18.559: [Train: 246677K->246677K(246784K), 0.0005160 secs] 247204K->246982K(247360K), 0.0042260 secs]
18.560: [GC 18.562: [DefNew: 559K->49K(576K), 0.0019650 secs]18.564: [Train: 246718K->246718K(246848K), 0.0005610 secs] 247236K->246767K(247424K), 0.0042880 secs]
18.565: [GC 18.566: [DefNew: 551K->62K(576K), 0.0019770 secs]18.568: [Train: 246778K->246778K(246912K), 0.0005290 secs] 247269K->246841K(247488K), 0.0042970 secs]
18.569: [GC 18.571: [DefNew: 564K->62K(576K), 0.0019830 secs] 247343K->246914K(247488K), 0.0037450 secs]
18.574: [GC 18.575: [DefNew: 564K->62K(576K), 0.0019950 secs]18.577: [Train: 246926K->246926K(247040K), 0.0005620 secs] 247417K->246988K(247616K), 0.0043260 secs]
18.578: [GC 18.580: [DefNew: 564K->62K(576K), 0.0019900 secs]18.582: [Train: 247000K->247000K(247104K), 0.0005420 secs] 247491K->247318K(247680K), 0.0043030 secs]
18.583: [GC 18.585: [DefNew: 569K->45K(576K), 0.0019730 secs]18.587: [Train: 247054K->247054K(247168K), 0.0005410 secs] 247569K->247441K(247744K), 0.0042810 secs]
18.587: [GC 18.589: [DefNew: 556K->22K(576K), 0.0019640 secs]18.591: [Train: 247090K->247090K(247168K), 0.0005340 secs] 247611K->247497K(247744K), 0.0042650 secs]
18.592: [GC 18.593: [DefNew: 534K->52K(576K), 0.0019390 secs]18.595: [Train: 247090K->247090K(247168K), 0.0005290 secs] 247624K->247526K(247744K), 0.0042280 secs]
18.596: [GC 18.598: [DefNew: 560K->36K(576K), 0.0019500 secs]18.600: [Train: 247115K->247115K(247232K), 0.0005400 secs] 247650K->247535K(247808K), 0.0042610 secs]
18.601: [GC 18.602: [DefNew: 547K->45K(576K), 0.0019460 secs]18.604: [Train: 247134K->247134K(247232K), 0.0005320 secs] 247662K->247564K(247808K), 0.0042570 secs]
18.605: [GC 18.607: [DefNew: 553K->36K(576K), 0.0019420 secs]18.609: [Train: 247151K->247151K(247232K), 0.0005700 secs] 247688K->247571K(247808K), 0.0042830 secs]
18.609: [GC 18.611: [DefNew: 547K->45K(576K), 0.0019510 secs]18.613: [Train: 247172K->247172K(247296K), 0.0005590 secs] 247698K->247559K(247872K), 0.0042920 secs]
18.614: [GC 18.615: [DefNew: 556K->42K(576K), 0.0019460 secs]18.617: [Train: 247189K->247189K(247296K), 0.0005430 secs] 247729K->247487K(247872K), 0.0042530 secs]
18.618: [GC 18.620: [DefNew: 549K->58K(576K), 0.0019570 secs]18.622: [Train: 247208K->247208K(247296K), 0.0005370 secs] 247738K->247267K(247872K), 0.0042620 secs]
18.623: [GC 18.625: [DefNew: 561K->62K(576K), 0.0020030 secs]18.627: [Train: 247279K->247279K(247360K), 0.0005660 secs] 247770K->247341K(247936K), 0.0043420 secs]
18.628: [GC 18.629: [DefNew: 564K->62K(576K), 0.0020190 secs] 247843K->247417K(248000K), 0.0037810 secs]
18.632: [GC 18.634: [DefNew: 564K->62K(576K), 0.0020330 secs]18.636: [Train: 247428K->247428K(247552K), 0.0005370 secs] 247919K->247490K(248128K), 0.0043450 secs]
18.637: [GC 18.639: [DefNew: 564K->62K(576K), 0.0019890 secs]18.641: [Train: 247502K->247502K(247616K), 0.0005470 secs] 247993K->247820K(248192K), 0.0043340 secs]
18.641: [GC 18.643: [DefNew: 569K->36K(576K), 0.0019720 secs]18.645: [Train: 247566K->247566K(247680K), 0.0005590 secs] 248071K->247943K(248256K), 0.0043150 secs]
18.646: [GC 18.648: [DefNew: 546K->32K(576K), 0.0019540 secs]18.650: [Train: 247602K->247602K(247680K), 0.0005400 secs] 248113K->248019K(248256K), 0.0042610 secs]
18.650: [GC 18.652: [DefNew: 543K->19K(576K), 0.0019560 secs]18.654: [Train: 247627K->247627K(247744K), 0.0005590 secs] 248146K->248030K(248320K), 0.0042840 secs]
18.655: [GC 18.656: [DefNew: 530K->49K(576K), 0.0019440 secs]18.658: [Train: 247627K->247627K(247744K), 0.0005290 secs] 248158K->248060K(248320K), 0.0042390 secs]
18.659: [GC 18.661: [DefNew: 557K->36K(576K), 0.0019600 secs]18.663: [Train: 247646K->247646K(247744K), 0.0005590 secs] 248184K->248066K(248320K), 0.0042870 secs]
18.664: [GC 18.665: [DefNew: 547K->45K(576K), 0.0019540 secs]18.667: [Train: 247666K->247666K(247744K), 0.0005430 secs] 248194K->248096K(248320K), 0.0042640 secs]
18.668: [GC 18.670: [DefNew: 553K->36K(576K), 0.0019620 secs]18.672: [Train: 247684K->247684K(247808K), 0.0005550 secs] 248220K->248062K(248384K), 0.0042850 secs]
18.672: [GC 18.674: [DefNew: 546K->49K(576K), 0.0019530 secs]18.676: [Train: 247704K->247704K(247808K), 0.0005390 secs] 248231K->248009K(248384K), 0.0042750 secs]
18.677: [GC 18.679: [DefNew: 559K->49K(576K), 0.0019700 secs]18.681: [Train: 247745K->247745K(247872K), 0.0005630 secs] 248263K->247794K(248448K), 0.0043100 secs]
18.682: [GC 18.683: [DefNew: 551K->62K(576K), 0.0019920 secs]18.685: [Train: 247806K->247806K(247936K), 0.0005640 secs] 248296K->247868K(248512K), 0.0043360 secs]
18.686: [GC 18.688: [DefNew: 564K->62K(576K), 0.0020100 secs] 248370K->247942K(248512K), 0.0037740 secs]
18.691: [GC 18.692: [DefNew: 564K->62K(576K), 0.0020120 secs]18.694: [Train: 247953K->247953K(248064K), 0.0005720 secs] 248444K->248015K(248640K), 0.0043580 secs]
18.695: [GC 18.697: [DefNew: 564K->62K(576K), 0.0020190 secs]18.699: [Train: 248027K->248027K(248128K), 0.0005540 secs] 248518K->248345K(248704K), 0.0043540 secs]
18.700: [GC 18.702: [DefNew: 569K->45K(576K), 0.0019820 secs]18.704: [Train: 248081K->248081K(248192K), 0.0005520 secs] 248597K->248468K(248768K), 0.0043140 secs]
18.705: [GC 18.706: [DefNew: 556K->22K(576K), 0.0019610 secs]18.708: [Train: 248117K->248117K(248192K), 0.0005290 secs] 248638K->248524K(248768K), 0.0042700 secs]
18.709: [GC 18.711: [DefNew: 534K->52K(576K), 0.0019430 secs]18.713: [Train: 248117K->248117K(248192K), 0.0005490 secs] 248651K->248554K(248768K), 0.0042800 secs]
18.713: [GC 18.715: [DefNew: 560K->36K(576K), 0.0019610 secs]18.717: [Train: 248142K->248142K(248256K), 0.0005470 secs] 248678K->248562K(248832K), 0.0042910 secs]
18.718: [GC 18.719: [DefNew: 547K->45K(576K), 0.0019550 secs]18.721: [Train: 248162K->248162K(248256K), 0.0005550 secs] 248689K->248591K(248832K), 0.0042810 secs]
18.722: [GC 18.724: [DefNew: 553K->36K(576K), 0.0019590 secs]18.726: [Train: 248178K->248178K(248256K), 0.0005260 secs] 248715K->248598K(248832K), 0.0042570 secs]
18.727: [GC 18.728: [DefNew: 547K->45K(576K), 0.0019730 secs]18.730: [Train: 248200K->248200K(248320K), 0.0005440 secs] 248725K->248587K(248896K), 0.0042900 secs]
18.731: [GC 18.733: [DefNew: 556K->42K(576K), 0.0019730 secs]18.735: [Train: 248216K->248216K(248320K), 0.0005510 secs] 248756K->248514K(248896K), 0.0043010 secs]
18.736: [GC 18.738: [DefNew: 549K->58K(576K), 0.0020490 secs]18.740: [Train: 248236K->248236K(248320K), 0.0005870 secs] 248766K->248294K(248896K), 0.0045170 secs]
18.741: [GC 18.743: [DefNew: 561K->62K(576K), 0.0020130 secs]18.745: [Train: 248306K->248306K(248384K), 0.0005400 secs] 248797K->248368K(248960K), 0.0043550 secs]
18.746: [GC 18.747: [DefNew: 564K->62K(576K), 0.0020240 secs] 248871K->248444K(249024K), 0.0037980 secs]
18.750: [GC 18.752: [DefNew: 564K->62K(576K), 0.0020090 secs]18.754: [Train: 248456K->248456K(248576K), 0.0005550 secs] 248946K->248518K(249152K), 0.0043390 secs]
18.755: [GC 18.756: [DefNew: 564K->62K(576K), 0.0020210 secs]18.758: [Train: 248529K->248529K(248640K), 0.0005370 secs] 249020K->248848K(249216K), 0.0043400 secs]
18.759: [GC 18.761: [DefNew: 569K->36K(576K), 0.0020000 secs]18.763: [Train: 248593K->248593K(248704K), 0.0005760 secs] 249099K->248971K(249280K), 0.0043520 secs]
18.764: [GC 18.765: [DefNew: 546K->32K(576K), 0.0019780 secs]18.767: [Train: 248629K->248629K(248704K), 0.0005470 secs] 249140K->249046K(249280K), 0.0043000 secs]
18.768: [GC 18.770: [DefNew: 543K->19K(576K), 0.0019630 secs]18.772: [Train: 248654K->248654K(248768K), 0.0005590 secs] 249173K->249058K(249344K), 0.0043120 secs]
18.773: [GC 18.774: [DefNew: 530K->49K(576K), 0.0019470 secs]18.776: [Train: 248654K->248654K(248768K), 0.0005220 secs] 249185K->249087K(249344K), 0.0042510 secs]
18.777: [GC 18.779: [DefNew: 557K->36K(576K), 0.0019570 secs]18.781: [Train: 248674K->248674K(248768K), 0.0005430 secs] 249211K->249094K(249344K), 0.0042810 secs]
18.781: [GC 18.783: [DefNew: 547K->45K(576K), 0.0019650 secs]18.785: [Train: 248693K->248693K(248768K), 0.0005640 secs] 249221K->249123K(249344K), 0.0043180 secs]
18.786: [GC 18.788: [DefNew: 553K->36K(576K), 0.0019610 secs]18.790: [Train: 248712K->248712K(248832K), 0.0005520 secs] 249247K->249089K(249408K), 0.0042890 secs]
18.790: [GC 18.792: [DefNew: 546K->49K(576K), 0.0019770 secs]18.794: [Train: 248731K->248731K(248832K), 0.0005500 secs] 249258K->249036K(249408K), 0.0043080 secs]
18.795: [GC 18.797: [DefNew: 559K->49K(576K), 0.0019850 secs]18.799: [Train: 248772K->248772K(248896K), 0.0005490 secs] 249291K->248821K(249472K), 0.0043140 secs]
18.800: [GC 18.801: [DefNew: 551K->62K(576K), 0.0020070 secs]18.803: [Train: 248833K->248833K(248960K), 0.0005510 secs] 249324K->248895K(249536K), 0.0043510 secs]
18.805: [GC 18.806: [DefNew: 564K->62K(576K), 0.0020110 secs] 249398K->248969K(249536K), 0.0037970 secs]
18.809: [GC 18.810: [DefNew: 564K->62K(576K), 0.0020140 secs]18.812: [Train: 248981K->248981K(249088K), 0.0005570 secs] 249471K->249043K(249664K), 0.0043570 secs]
18.814: [GC 18.815: [DefNew: 564K->62K(576K), 0.0020050 secs]18.817: [Train: 249054K->249054K(249152K), 0.0005920 secs] 249545K->249373K(249728K), 0.0043900 secs]
18.818: [GC 18.820: [DefNew: 569K->45K(576K), 0.0019960 secs]18.822: [Train: 249109K->249109K(249216K), 0.0005520 secs] 249624K->249496K(249792K), 0.0043310 secs]
18.823: [GC 18.824: [DefNew: 556K->22K(576K), 0.0019800 secs]18.826: [Train: 249146K->249146K(249280K), 0.0005400 secs] 249665K->249553K(249856K), 0.0043010 secs]
18.827: [GC 18.829: [DefNew: 534K->52K(576K), 0.0019710 secs]18.831: [Train: 249146K->249146K(249280K), 0.0005260 secs] 249681K->249583K(249856K), 0.0042780 secs]
18.832: [GC 18.833: [DefNew: 560K->36K(576K), 0.0019860 secs]18.835: [Train: 249169K->249169K(249280K), 0.0005500 secs] 249707K->249589K(249856K), 0.0043160 secs]
18.836: [GC 18.838: [DefNew: 547K->45K(576K), 0.0019670 secs]18.840: [Train: 249189K->249189K(249280K), 0.0005500 secs] 249717K->249619K(249856K), 0.0042990 secs]
18.840: [GC 18.842: [DefNew: 553K->36K(576K), 0.0019590 secs]18.844: [Train: 249205K->249205K(249280K), 0.0005320 secs] 249743K->249625K(249856K), 0.0042840 secs]
18.845: [GC 18.846: [DefNew: 547K->45K(576K), 0.0019660 secs]18.848: [Train: 249227K->249227K(249344K), 0.0005700 secs] 249753K->249657K(249920K), 0.0043200 secs]
18.849: [GC 18.851: [DefNew: 553K->36K(576K), 0.0019600 secs]18.853: [Train: 249243K->249243K(249344K), 0.0005420 secs] 249781K->249621K(249920K), 0.0042880 secs]
18.854: [GC 18.855: [DefNew: 546K->49K(576K), 0.0019610 secs]18.857: [Train: 249263K->249263K(249344K), 0.0005620 secs] 249790K->249568K(249920K), 0.0043020 secs]
18.858: [GC 18.860: [DefNew: 559K->49K(576K), 0.0019970 secs]18.862: [Train: 249304K->249304K(249408K), 0.0005510 secs] 249822K->249353K(249984K), 0.0043300 secs]
18.863: [GC 18.865: [DefNew: 551K->62K(576K), 0.0020180 secs]18.867: [Train: 249365K->249365K(249472K), 0.0005410 secs] 249855K->249427K(250048K), 0.0043470 secs]
18.868: [GC 18.870: [DefNew: 564K->62K(576K), 0.0020150 secs] 249929K->249501K(250048K), 0.0037890 secs]
18.872: [GC 18.874: [DefNew: 564K->62K(576K), 0.0020110 secs]18.876: [Train: 249512K->249512K(249600K), 0.0005530 secs] 250003K->249574K(250176K), 0.0043510 secs]
18.877: [GC 18.879: [DefNew: 564K->62K(576K), 0.0020070 secs]18.881: [Train: 249586K->249586K(249664K), 0.0005580 secs] 250077K->249904K(250240K), 0.0043680 secs]
18.882: [GC 18.883: [DefNew: 569K->45K(576K), 0.0019920 secs]18.885: [Train: 249640K->249640K(249728K), 0.0005680 secs] 250155K->250027K(250304K), 0.0043500 secs]
18.886: [GC 18.888: [DefNew: 556K->22K(576K), 0.0019890 secs]18.890: [Train: 249678K->249678K(249792K), 0.0005440 secs] 250197K->250085K(250368K), 0.0043200 secs]
18.890: [GC 18.892: [DefNew: 534K->52K(576K), 0.0019580 secs]18.894: [Train: 249678K->249678K(249792K), 0.0005550 secs] 250212K->250114K(250368K), 0.0042950 secs]
18.895: [GC 18.897: [DefNew: 560K->36K(576K), 0.0019780 secs]18.899: [Train: 249701K->249701K(249792K), 0.0005600 secs] 250238K->250121K(250368K), 0.0043260 secs]
18.899: [GC 18.901: [DefNew: 547K->45K(576K), 0.0019850 secs]18.903: [Train: 249722K->249722K(249856K), 0.0005480 secs] 250248K->250152K(250432K), 0.0043150 secs]
18.904: [GC 18.905: [DefNew: 553K->36K(576K), 0.0019680 secs]18.907: [Train: 249739K->249739K(249856K), 0.0005690 secs] 250276K->250159K(250432K), 0.0043200 secs]
18.908: [GC 18.910: [DefNew: 547K->45K(576K), 0.0019680 secs]18.912: [Train: 249758K->249758K(249856K), 0.0005450 secs] 250286K->250146K(250432K), 0.0043010 secs]
18.913: [GC 18.914: [DefNew: 556K->42K(576K), 0.0019640 secs]18.916: [Train: 249775K->249775K(249856K), 0.0005440 secs] 250315K->250073K(250432K), 0.0043050 secs]
18.917: [GC 18.919: [DefNew: 549K->58K(576K), 0.0019770 secs]18.921: [Train: 249796K->249796K(249920K), 0.0005460 secs] 250325K->249855K(250496K), 0.0043140 secs]
18.922: [GC 18.924: [DefNew: 561K->62K(576K), 0.0020240 secs]18.926: [Train: 249867K->249867K(249984K), 0.0005540 secs] 250358K->249929K(250560K), 0.0043680 secs]
18.927: [GC 18.929: [DefNew: 564K->62K(576K), 0.0020240 secs] 250431K->250003K(250560K), 0.0038030 secs]
18.931: [GC 18.933: [DefNew: 564K->62K(576K), 0.0020310 secs]18.935: [Train: 250014K->250014K(250112K), 0.0005730 secs] 250505K->250077K(250688K), 0.0043980 secs]
18.936: [GC 18.938: [DefNew: 564K->62K(576K), 0.0023720 secs]18.941: [Train: 250088K->250088K(250176K), 0.0006750 secs] 250579K->250406K(250752K), 0.0051410 secs]
18.942: [GC 18.944: [DefNew: 569K->36K(576K), 0.0022950 secs]18.946: [Train: 250152K->250152K(250240K), 0.0006370 secs] 250658K->250530K(250816K), 0.0049920 secs]
18.947: [GC 18.949: [DefNew: 546K->32K(576K), 0.0021070 secs]18.951: [Train: 250190K->250190K(250304K), 0.0005950 secs] 250699K->250607K(250880K), 0.0047280 secs]
18.952: [GC 18.954: [DefNew: 543K->19K(576K), 0.0019720 secs]18.956: [Train: 250213K->250213K(250304K), 0.0005400 secs] 250734K->250617K(250880K), 0.0043020 secs]
18.956: [GC 18.958: [DefNew: 530K->49K(576K), 0.0019570 secs]18.960: [Train: 250213K->250213K(250304K), 0.0005530 secs] 250744K->250646K(250880K), 0.0043030 secs]
18.961: [GC 18.962: [DefNew: 557K->36K(576K), 0.0019740 secs]18.964: [Train: 250234K->250234K(250368K), 0.0005560 secs] 250770K->250654K(250944K), 0.0043320 secs]
18.965: [GC 18.967: [DefNew: 547K->45K(576K), 0.0019700 secs]18.969: [Train: 250254K->250254K(250368K), 0.0005480 secs] 250782K->250684K(250944K), 0.0043120 secs]
18.970: [GC 18.971: [DefNew: 553K->36K(576K), 0.0019660 secs]18.973: [Train: 250270K->250270K(250368K), 0.0005650 secs] 250808K->250648K(250944K), 0.0043240 secs]
18.974: [GC 18.976: [DefNew: 546K->49K(576K), 0.0019750 secs]18.978: [Train: 250290K->250290K(250368K), 0.0005430 secs] 250817K->250595K(250944K), 0.0043050 secs]
18.979: [GC 18.980: [DefNew: 559K->49K(576K), 0.0019980 secs]18.982: [Train: 250331K->250331K(250432K), 0.0005470 secs] 250850K->250380K(251008K), 0.0043350 secs]
18.984: [GC 18.985: [DefNew: 551K->62K(576K), 0.0020270 secs]18.987: [Train: 250392K->250392K(250496K), 0.0005600 secs] 250883K->250454K(251072K), 0.0043840 secs]
18.988: [GC 18.990: [DefNew: 564K->62K(576K), 0.0020190 secs] 250956K->250528K(251072K), 0.0038070 secs]
18.993: [GC 18.994: [DefNew: 564K->62K(576K), 0.0020200 secs]18.996: [Train: 250540K->250540K(250624K), 0.0005710 secs] 251030K->250602K(251200K), 0.0043850 secs]
18.997: [GC 18.999: [DefNew: 564K->62K(576K), 0.0020170 secs]19.001: [Train: 250613K->250613K(250688K), 0.0005530 secs] 251104K->250932K(251264K), 0.0043890 secs]
19.002: [GC 19.004: [DefNew: 569K->45K(576K), 0.0020000 secs]19.006: [Train: 250668K->250668K(250752K), 0.0005750 secs] 251183K->251055K(251328K), 0.0043670 secs]
19.007: [GC 19.008: [DefNew: 556K->22K(576K), 0.0019950 secs]19.010: [Train: 250705K->250705K(250816K), 0.0005450 secs] 251224K->251112K(251392K), 0.0043300 secs]
19.011: [GC 19.013: [DefNew: 534K->52K(576K), 0.0019660 secs]19.015: [Train: 250705K->250705K(250816K), 0.0005240 secs] 251239K->251142K(251392K), 0.0042790 secs]
19.016: [GC 19.017: [DefNew: 560K->36K(576K), 0.0019770 secs]19.019: [Train: 250728K->250728K(250816K), 0.0005520 secs] 251266K->251148K(251392K), 0.0043190 secs]
19.020: [GC 19.022: [DefNew: 547K->45K(576K), 0.0019770 secs]19.024: [Train: 250750K->250750K(250880K), 0.0005320 secs] 251275K->251179K(251456K), 0.0043120 secs]
19.024: [GC 19.026: [DefNew: 553K->36K(576K), 0.0019670 secs]19.028: [Train: 250766K->250766K(250880K), 0.0005280 secs] 251303K->251186K(251456K), 0.0042910 secs]
19.029: [GC 19.031: [DefNew: 547K->45K(576K), 0.0019810 secs]19.033: [Train: 250786K->250786K(250880K), 0.0005250 secs] 251313K->251173K(251456K), 0.0043100 secs]
19.033: [GC 19.035: [DefNew: 556K->42K(576K), 0.0019690 secs]19.037: [Train: 250802K->250802K(250880K), 0.0005360 secs] 251342K->251101K(251456K), 0.0043150 secs]
19.038: [GC 19.040: [DefNew: 549K->58K(576K), 0.0019810 secs]19.042: [Train: 250824K->250824K(250944K), 0.0005440 secs] 251352K->250882K(251520K), 0.0043170 secs]
19.043: [GC 19.044: [DefNew: 561K->62K(576K), 0.0020240 secs]19.046: [Train: 250894K->250894K(251008K), 0.0005520 secs] 251385K->250956K(251584K), 0.0043740 secs]
19.048: [GC 19.049: [DefNew: 564K->62K(576K), 0.0020170 secs] 251459K->251030K(251584K), 0.0038010 secs]
19.052: [GC 19.053: [DefNew: 564K->62K(576K), 0.0020320 secs]19.055: [Train: 251042K->251042K(251136K), 0.0005480 secs] 251532K->251104K(251712K), 0.0043710 secs]
19.057: [GC 19.058: [DefNew: 564K->62K(576K), 0.0020140 secs]19.060: [Train: 251116K->251116K(251200K), 0.0005530 secs] 251606K->251434K(251776K), 0.0043790 secs]
19.061: [GC 19.063: [DefNew: 569K->36K(576K), 0.0019970 secs]19.065: [Train: 251180K->251180K(251264K), 0.0005540 secs] 251685K->251557K(251840K), 0.0043640 secs]
19.066: [GC 19.067: [DefNew: 546K->32K(576K), 0.0019860 secs]19.069: [Train: 251217K->251217K(251328K), 0.0005690 secs] 251727K->251634K(251904K), 0.0043510 secs]
19.070: [GC 19.072: [DefNew: 543K->19K(576K), 0.0019790 secs]19.074: [Train: 251240K->251240K(251328K), 0.0005380 secs] 251761K->251644K(251904K), 0.0043110 secs]
19.075: [GC 19.076: [DefNew: 530K->49K(576K), 0.0019690 secs]19.078: [Train: 251240K->251240K(251328K), 0.0005330 secs] 251771K->251673K(251904K), 0.0042950 secs]
19.079: [GC 19.081: [DefNew: 557K->36K(576K), 0.0019950 secs]19.083: [Train: 251262K->251262K(251392K), 0.0005740 secs] 251797K->251682K(251968K), 0.0043630 secs]
19.084: [GC 19.085: [DefNew: 547K->45K(576K), 0.0019800 secs]19.087: [Train: 251281K->251281K(251392K), 0.0005470 secs] 251809K->251711K(251968K), 0.0043220 secs]
19.088: [GC 19.090: [DefNew: 553K->36K(576K), 0.0019730 secs]19.092: [Train: 251298K->251298K(251392K), 0.0005350 secs] 251835K->251675K(251968K), 0.0043130 secs]
19.093: [GC 19.094: [DefNew: 546K->49K(576K), 0.0019760 secs]19.096: [Train: 251317K->251317K(251392K), 0.0005550 secs] 251845K->251622K(251968K), 0.0043370 secs]
19.097: [GC 19.099: [DefNew: 559K->49K(576K), 0.0019900 secs]19.101: [Train: 251358K->251358K(251456K), 0.0005520 secs] 251877K->251407K(252032K), 0.0043470 secs]
19.102: [GC 19.104: [DefNew: 551K->62K(576K), 0.0020080 secs]19.106: [Train: 251419K->251419K(251520K), 0.0005850 secs] 251910K->251481K(252096K), 0.0043970 secs]
19.107: [GC 19.108: [DefNew: 564K->62K(576K), 0.0020200 secs] 251984K->251555K(252096K), 0.0038060 secs]
19.111: [GC 19.113: [DefNew: 564K->62K(576K), 0.0020370 secs]19.115: [Train: 251567K->251567K(251648K), 0.0005770 secs] 252058K->251629K(252224K), 0.0044100 secs]
19.116: [GC 19.118: [DefNew: 564K->62K(576K), 0.0020450 secs]19.120: [Train: 251642K->251642K(251776K), 0.0005500 secs] 252131K->251961K(252352K), 0.0044000 secs]
19.121: [GC 19.122: [DefNew: 569K->45K(576K), 0.0019990 secs]19.124: [Train: 251695K->251695K(251776K), 0.0005590 secs] 252212K->252082K(252352K), 0.0043650 secs]
19.125: [GC 19.127: [DefNew: 556K->22K(576K), 0.0019900 secs]19.129: [Train: 251733K->251733K(251840K), 0.0005390 secs] 252252K->252140K(252416K), 0.0043340 secs]
19.130: [GC 19.131: [DefNew: 534K->52K(576K), 0.0019710 secs]19.133: [Train: 251733K->251733K(251840K), 0.0005340 secs] 252267K->252169K(252416K), 0.0043270 secs]
19.134: [GC 19.136: [DefNew: 560K->36K(576K), 0.0020160 secs]19.138: [Train: 251756K->251756K(251840K), 0.0006270 secs] 252293K->252176K(252416K), 0.0044700 secs]
19.139: [GC 19.140: [DefNew: 547K->45K(576K), 0.0020320 secs]19.143: [Train: 251777K->251777K(251904K), 0.0005480 secs] 252303K->252207K(252480K), 0.0044510 secs]
19.143: [GC 19.145: [DefNew: 553K->36K(576K), 0.0019850 secs]19.147: [Train: 251793K->251793K(251904K), 0.0005550 secs] 252331K->252213K(252480K), 0.0043420 secs]
19.148: [GC 19.149: [DefNew: 547K->45K(576K), 0.0019890 secs]19.151: [Train: 251813K->251813K(251904K), 0.0005310 secs] 252341K->252200K(252480K), 0.0043210 secs]
19.152: [GC 19.154: [DefNew: 556K->42K(576K), 0.0019790 secs]19.156: [Train: 251829K->251829K(251904K), 0.0005490 secs] 252370K->252128K(252480K), 0.0043470 secs]
19.157: [GC 19.159: [DefNew: 549K->58K(576K), 0.0019910 secs]19.161: [Train: 251851K->251851K(251968K), 0.0005670 secs] 252379K->251910K(252544K), 0.0043650 secs]
19.162: [GC 19.163: [DefNew: 561K->62K(576K), 0.0020280 secs]19.165: [Train: 251921K->251921K(252032K), 0.0005810 secs] 252412K->251984K(252608K), 0.0044210 secs]
19.167: [GC 19.168: [DefNew: 564K->62K(576K), 0.0020340 secs] 252486K->252057K(252608K), 0.0038300 secs]
19.171: [GC 19.173: [DefNew: 564K->62K(576K), 0.0020400 secs]19.175: [Train: 252069K->252069K(252160K), 0.0005480 secs] 252560K->252131K(252736K), 0.0043890 secs]
19.176: [GC 19.177: [DefNew: 564K->62K(576K), 0.0020420 secs]19.179: [Train: 252143K->252143K(252224K), 0.0005570 secs] 252634K->252461K(252800K), 0.0044060 secs]
19.180: [GC 19.182: [DefNew: 569K->36K(576K), 0.0020140 secs]19.184: [Train: 252207K->252207K(252288K), 0.0005660 secs] 252712K->252584K(252864K), 0.0043910 secs]
19.185: [GC 19.187: [DefNew: 546K->32K(576K), 0.0020000 secs]19.189: [Train: 252245K->252245K(252352K), 0.0005630 secs] 252754K->252661K(252928K), 0.0043730 secs]
19.189: [GC 19.191: [DefNew: 543K->19K(576K), 0.0019830 secs]19.193: [Train: 252268K->252268K(252352K), 0.0005570 secs] 252789K->252671K(252928K), 0.0043580 secs]
19.194: [GC 19.196: [DefNew: 530K->49K(576K), 0.0019710 secs]19.198: [Train: 252268K->252268K(252352K), 0.0005530 secs] 252798K->252701K(252928K), 0.0043240 secs]
19.198: [GC 19.200: [DefNew: 557K->36K(576K), 0.0020020 secs]19.202: [Train: 252289K->252289K(252416K), 0.0005620 secs] 252825K->252709K(252992K), 0.0043650 secs]
19.203: [GC 19.205: [DefNew: 547K->45K(576K), 0.0019890 secs]19.207: [Train: 252309K->252309K(252416K), 0.0005650 secs] 252836K->252738K(252992K), 0.0043550 secs]
19.207: [GC 19.209: [DefNew: 553K->36K(576K), 0.0019850 secs]19.211: [Train: 252325K->252325K(252416K), 0.0005630 secs] 252862K->252702K(252992K), 0.0043540 secs]
19.212: [GC 19.214: [DefNew: 546K->49K(576K), 0.0020050 secs]19.216: [Train: 252346K->252346K(252480K), 0.0005480 secs] 252872K->252651K(253056K), 0.0043540 secs]
19.217: [GC 19.218: [DefNew: 559K->49K(576K), 0.0019990 secs]19.220: [Train: 252386K->252386K(252480K), 0.0005370 secs] 252906K->252435K(253056K), 0.0043440 secs]
19.221: [GC 19.223: [DefNew: 551K->62K(576K), 0.0020200 secs]19.225: [Train: 252446K->252446K(252544K), 0.0005480 secs] 252937K->252509K(253120K), 0.0044010 secs]
19.226: [GC 19.228: [DefNew: 564K->62K(576K), 0.0020390 secs] 253011K->252582K(253120K), 0.0038350 secs]
19.230: [GC 19.232: [DefNew: 564K->62K(576K), 0.0020480 secs]19.234: [Train: 252594K->252594K(252672K), 0.0005480 secs] 253085K->252656K(253248K), 0.0044160 secs]
19.235: [GC 19.237: [DefNew: 564K->62K(576K), 0.0020560 secs]19.239: [Train: 252670K->252670K(252800K), 0.0006160 secs] 253159K->252988K(253376K), 0.0044870 secs]
19.240: [GC 19.242: [DefNew: 569K->45K(576K), 0.0020090 secs]19.244: [Train: 252722K->252722K(252800K), 0.0005430 secs] 253239K->253109K(253376K), 0.0043700 secs]
19.245: [GC 19.246: [DefNew: 556K->22K(576K), 0.0020000 secs]19.248: [Train: 252760K->252760K(252864K), 0.0005520 secs] 253279K->253167K(253440K), 0.0043640 secs]
19.249: [GC 19.251: [DefNew: 534K->52K(576K), 0.0019760 secs]19.253: [Train: 252760K->252760K(252864K), 0.0005370 secs] 253294K->253196K(253440K), 0.0043310 secs]
19.254: [GC 19.255: [DefNew: 560K->36K(576K), 0.0019870 secs]19.257: [Train: 252783K->252783K(252864K), 0.0005820 secs] 253320K->253203K(253440K), 0.0043770 secs]
19.258: [GC 19.260: [DefNew: 547K->45K(576K), 0.0020070 secs]19.262: [Train: 252804K->252804K(252928K), 0.0005850 secs] 253330K->253234K(253504K), 0.0043970 secs]
19.263: [GC 19.264: [DefNew: 553K->36K(576K), 0.0019910 secs]19.266: [Train: 252821K->252821K(252928K), 0.0005380 secs] 253358K->253241K(253504K), 0.0043340 secs]
19.267: [GC 19.269: [DefNew: 547K->45K(576K), 0.0019930 secs]19.271: [Train: 252840K->252840K(252928K), 0.0005520 secs] 253368K->253227K(253504K), 0.0043510 secs]
19.272: [GC 19.273: [DefNew: 556K->42K(576K), 0.0042950 secs]19.278: [Train: 252858K->252858K(252992K), 0.0011560 secs] 253397K->253157K(253568K), 0.0073360 secs]
19.279: [GC 19.281: [DefNew: 549K->58K(576K), 0.0027020 secs]19.284: [Train: 252878K->252878K(252992K), 0.0007760 secs] 253408K->252937K(253568K), 0.0059340 secs]
19.286: [GC 19.287: [DefNew: 561K->62K(576K), 0.0020490 secs]19.289: [Train: 252949K->252949K(253056K), 0.0005810 secs] 253439K->253011K(253632K), 0.0044850 secs]
19.291: [GC 19.292: [DefNew: 564K->62K(576K), 0.0020540 secs] 253513K->253085K(253632K), 0.0038510 secs]
19.295: [GC 19.297: [DefNew: 564K->62K(576K), 0.0020720 secs]19.299: [Train: 253096K->253096K(253184K), 0.0005540 secs] 253587K->253158K(253760K), 0.0044400 secs]
19.300: [GC 19.301: [DefNew: 564K->62K(576K), 0.0020560 secs]19.304: [Train: 253170K->253170K(253248K), 0.0005780 secs] 253661K->253488K(253824K), 0.0044440 secs]
19.305: [GC 19.306: [DefNew: 569K->36K(576K), 0.0020220 secs]19.308: [Train: 253234K->253234K(253312K), 0.0005560 secs] 253739K->253611K(253888K), 0.0043900 secs]
19.309: [GC 19.311: [DefNew: 546K->32K(576K), 0.0020090 secs]19.313: [Train: 253272K->253272K(253376K), 0.0005510 secs] 253781K->253689K(253952K), 0.0043820 secs]
19.314: [GC 19.315: [DefNew: 543K->19K(576K), 0.0019910 secs]19.317: [Train: 253295K->253295K(253376K), 0.0005430 secs] 253816K->253698K(253952K), 0.0043410 secs]
19.318: [GC 19.320: [DefNew: 530K->49K(576K), 0.0019990 secs]19.322: [Train: 253295K->253295K(253376K), 0.0005670 secs] 253826K->253728K(253952K), 0.0043730 secs]
19.323: [GC 19.324: [DefNew: 557K->36K(576K), 0.0020060 secs]19.326: [Train: 253316K->253316K(253440K), 0.0005690 secs] 253852K->253736K(254016K), 0.0043840 secs]
19.327: [GC 19.329: [DefNew: 547K->45K(576K), 0.0020020 secs]19.331: [Train: 253336K->253336K(253440K), 0.0005220 secs] 253863K->253766K(254016K), 0.0043290 secs]
19.332: [GC 19.333: [DefNew: 553K->36K(576K), 0.0020040 secs]19.335: [Train: 253352K->253352K(253440K), 0.0005330 secs] 253890K->253730K(254016K), 0.0043510 secs]
19.336: [GC 19.338: [DefNew: 546K->49K(576K), 0.0020090 secs]19.340: [Train: 253374K->253374K(253504K), 0.0005540 secs] 253899K->253679K(254080K), 0.0043780 secs]
19.341: [GC 19.343: [DefNew: 559K->49K(576K), 0.0020850 secs]19.345: [Train: 253413K->253413K(253504K), 0.0006010 secs] 253933K->253462K(254080K), 0.0045400 secs]
19.346: [GC 19.348: [DefNew: 551K->62K(576K), 0.0020750 secs]19.350: [Train: 253474K->253474K(253568K), 0.0006000 secs] 253964K->253536K(254144K), 0.0045400 secs]
19.351: [GC 19.353: [DefNew: 564K->62K(576K), 0.0020560 secs] 254038K->253610K(254144K), 0.0038880 secs]
19.356: [GC 19.357: [DefNew: 564K->62K(576K), 0.0023320 secs]19.360: [Train: 253621K->253621K(253696K), 0.0006290 secs] 254112K->253684K(254272K), 0.0048230 secs]
19.361: [GC 19.363: [DefNew: 564K->62K(576K), 0.0023410 secs]19.365: [Train: 253697K->253697K(253824K), 0.0006510 secs] 254186K->254015K(254400K), 0.0050840 secs]
19.367: [GC 19.368: [DefNew: 569K->45K(576K), 0.0022030 secs]19.371: [Train: 253749K->253749K(253824K), 0.0005450 secs] 254266K->254136K(254400K), 0.0048120 secs]
19.372: [GC 19.373: [DefNew: 556K->22K(576K), 0.0020150 secs]19.375: [Train: 253787K->253787K(253888K), 0.0005560 secs] 254306K->254194K(254464K), 0.0044140 secs]
19.376: [GC 19.378: [DefNew: 534K->52K(576K), 0.0019880 secs]19.380: [Train: 253787K->253787K(253888K), 0.0005240 secs] 254321K->254223K(254464K), 0.0043620 secs]
19.381: [GC 19.382: [DefNew: 560K->36K(576K), 0.0019960 secs]19.384: [Train: 253810K->253810K(253888K), 0.0005250 secs] 254347K->254230K(254464K), 0.0043850 secs]
19.385: [GC 19.387: [DefNew: 547K->45K(576K), 0.0020040 secs]19.389: [Train: 253832K->253832K(253952K), 0.0005610 secs] 254357K->254261K(254528K), 0.0044200 secs]
19.390: [GC 19.392: [DefNew: 553K->36K(576K), 0.0019940 secs]19.394: [Train: 253848K->253848K(253952K), 0.0005750 secs] 254385K->254268K(254528K), 0.0044120 secs]
19.395: [GC 19.396: [DefNew: 547K->45K(576K), 0.0020080 secs]19.398: [Train: 253868K->253868K(253952K), 0.0005460 secs] 254395K->254255K(254528K), 0.0043960 secs]
19.399: [GC 19.401: [DefNew: 556K->42K(576K), 0.0020070 secs]19.403: [Train: 253886K->253886K(254016K), 0.0005520 secs] 254424K->254184K(254592K), 0.0044020 secs]
19.404: [GC 19.406: [DefNew: 549K->58K(576K), 0.0020190 secs]19.408: [Train: 253905K->253905K(254016K), 0.0005410 secs] 254435K->253964K(254592K), 0.0044040 secs]
19.409: [GC 19.411: [DefNew: 561K->62K(576K), 0.0020490 secs]19.413: [Train: 253976K->253976K(254080K), 0.0005460 secs] 254467K->254038K(254656K), 0.0044490 secs]
19.414: [GC 19.416: [DefNew: 564K->62K(576K), 0.0020600 secs] 254540K->254112K(254656K), 0.0038930 secs]
19.418: [GC 19.420: [DefNew: 564K->62K(576K), 0.0020740 secs]19.422: [Train: 254124K->254124K(254208K), 0.0005810 secs] 254614K->254186K(254784K), 0.0044990 secs]
19.423: [GC 19.425: [DefNew: 564K->62K(576K), 0.0020540 secs]19.427: [Train: 254197K->254197K(254272K), 0.0005520 secs] 254688K->254516K(254848K), 0.0044530 secs]
19.428: [GC 19.430: [DefNew: 569K->36K(576K), 0.0020370 secs]19.432: [Train: 254261K->254261K(254336K), 0.0005670 secs] 254767K->254639K(254912K), 0.0044660 secs]
19.433: [GC 19.435: [DefNew: 546K->32K(576K), 0.0020170 secs]19.437: [Train: 254299K->254299K(254400K), 0.0005360 secs] 254808K->254716K(254976K), 0.0044080 secs]
19.438: [GC 19.439: [DefNew: 543K->19K(576K), 0.0020130 secs]19.441: [Train: 254322K->254322K(254400K), 0.0005650 secs] 254843K->254726K(254976K), 0.0044320 secs]
19.442: [GC 19.444: [DefNew: 530K->49K(576K), 0.0020000 secs]19.446: [Train: 254322K->254322K(254400K), 0.0005610 secs] 254853K->254755K(254976K), 0.0044090 secs]
19.447: [GC 19.448: [DefNew: 557K->36K(576K), 0.0020100 secs]19.451: [Train: 254344K->254344K(254464K), 0.0005440 secs] 254879K->254764K(255040K), 0.0044010 secs]
19.451: [GC 19.453: [DefNew: 547K->45K(576K), 0.0020180 secs]19.455: [Train: 254363K->254363K(254464K), 0.0005490 secs] 254891K->254793K(255040K), 0.0044120 secs]
19.456: [GC 19.458: [DefNew: 553K->36K(576K), 0.0019970 secs]19.460: [Train: 254380K->254380K(254464K), 0.0005350 secs] 254917K->254757K(255040K), 0.0043840 secs]
19.461: [GC 19.462: [DefNew: 546K->49K(576K), 0.0020090 secs]19.464: [Train: 254401K->254401K(254528K), 0.0005610 secs] 254927K->254706K(255104K), 0.0044230 secs]
19.465: [GC 19.467: [DefNew: 559K->49K(576K), 0.0020220 secs]19.469: [Train: 254440K->254440K(254528K), 0.0005400 secs] 254961K->254489K(255104K), 0.0044310 secs]
19.470: [GC 19.472: [DefNew: 551K->62K(576K), 0.0020500 secs]19.474: [Train: 254501K->254501K(254592K), 0.0005600 secs] 254992K->254563K(255168K), 0.0044550 secs]
19.475: [GC 19.477: [DefNew: 564K->62K(576K), 0.0020670 secs] 255066K->254637K(255168K), 0.0039010 secs]
19.480: [GC 19.482: [DefNew: 564K->62K(576K), 0.0020830 secs]19.484: [Train: 254650K->254650K(254784K), 0.0005790 secs] 255139K->254713K(255360K), 0.0045090 secs]
19.485: [GC 19.487: [DefNew: 564K->62K(576K), 0.0020540 secs]19.489: [Train: 254724K->254724K(254848K), 0.0005650 secs] 255215K->255042K(255424K), 0.0044730 secs]
19.490: [GC 19.491: [DefNew: 569K->45K(576K), 0.0020360 secs]19.494: [Train: 254778K->254778K(254912K), 0.0006010 secs] 255294K->255166K(255488K), 0.0044870 secs]
19.495: [GC 19.496: [DefNew: 556K->22K(576K), 0.0020160 secs]19.498: [Train: 254814K->254814K(254912K), 0.0005570 secs] 255335K->255221K(255488K), 0.0044230 secs]
19.499: [GC 19.501: [DefNew: 534K->52K(576K), 0.0020270 secs]19.503: [Train: 254814K->254814K(254912K), 0.0005580 secs] 255349K->255251K(255488K), 0.0044710 secs]
19.504: [GC 19.506: [DefNew: 560K->36K(576K), 0.0020140 secs]19.508: [Train: 254837K->254837K(254912K), 0.0005710 secs] 255375K->255257K(255488K), 0.0044370 secs]
19.508: [GC 19.510: [DefNew: 547K->45K(576K), 0.0020350 secs]19.512: [Train: 254859K->254859K(254976K), 0.0005680 secs] 255385K->255289K(255552K), 0.0044660 secs]
19.513: [GC 19.515: [DefNew: 553K->36K(576K), 0.0020170 secs]19.517: [Train: 254875K->254875K(254976K), 0.0005760 secs] 255413K->255295K(255552K), 0.0045210 secs]
19.518: [GC 19.520: [DefNew: 547K->45K(576K), 0.0020090 secs]19.522: [Train: 254895K->254895K(254976K), 0.0005440 secs] 255422K->255282K(255552K), 0.0044040 secs]
19.522: [GC 19.524: [DefNew: 556K->42K(576K), 0.0020250 secs]19.526: [Train: 254913K->254913K(255040K), 0.0005510 secs] 255452K->255212K(255616K), 0.0044290 secs]
19.527: [GC 19.529: [DefNew: 549K->58K(576K), 0.0020190 secs]19.531: [Train: 254933K->254933K(255040K), 0.0005490 secs] 255463K->254992K(255616K), 0.0044190 secs]
19.532: [GC 19.534: [DefNew: 561K->62K(576K), 0.0020530 secs]19.536: [Train: 255003K->255003K(255104K), 0.0005960 secs] 255494K->255065K(255680K), 0.0045100 secs]
19.537: [GC 19.539: [DefNew: 564K->62K(576K), 0.0020620 secs] 255568K->255139K(255680K), 0.0039190 secs]
19.542: [GC 19.544: [DefNew: 564K->62K(576K), 0.0020780 secs]19.546: [Train: 255151K->255151K(255232K), 0.0005590 secs] 255642K->255213K(255808K), 0.0045020 secs]
19.547: [GC 19.549: [DefNew: 564K->62K(576K), 0.0020840 secs]19.551: [Train: 255226K->255226K(255360K), 0.0005430 secs] 255715K->255545K(255936K), 0.0044810 secs]
19.552: [GC 19.553: [DefNew: 569K->36K(576K), 0.0020420 secs]19.556: [Train: 255290K->255290K(255424K), 0.0005550 secs] 255796K->255668K(256000K), 0.0044530 secs]
19.556: [GC 19.558: [DefNew: 546K->32K(576K), 0.0020150 secs]19.560: [Train: 255326K->255326K(255424K), 0.0005340 secs] 255837K->255743K(256000K), 0.0044080 secs]
19.561: [GC 19.563: [DefNew: 543K->19K(576K), 0.0020050 secs]19.565: [Train: 255349K->255349K(255424K), 0.0005330 secs] 255870K->255753K(256000K), 0.0044040 secs]
19.566: [GC 19.567: [DefNew: 530K->49K(576K), 0.0019990 secs]19.569: [Train: 255349K->255349K(255424K), 0.0005350 secs] 255880K->255782K(256000K), 0.0043930 secs]
19.570: [GC 19.572: [DefNew: 557K->36K(576K), 0.0020250 secs]19.574: [Train: 255371K->255371K(255488K), 0.0005510 secs] 255906K->255791K(256064K), 0.0044380 secs]
19.575: [GC 19.577: [DefNew: 547K->45K(576K), 0.0020170 secs]19.579: [Train: 255390K->255390K(255488K), 0.0005310 secs] 255918K->255820K(256064K), 0.0043990 secs]
19.579: [GC 19.581: [DefNew: 553K->36K(576K), 0.0020100 secs]19.583: [Train: 255407K->255407K(255488K), 0.0005290 secs] 255944K->255784K(256064K), 0.0043900 secs]
19.584: [GC 19.586: [DefNew: 546K->49K(576K), 0.0020170 secs]19.588: [Train: 255428K->255428K(255552K), 0.0005950 secs] 255954K->255733K(256128K), 0.0044780 secs]
19.589: [GC 19.591: [DefNew: 559K->49K(576K), 0.0020260 secs]19.593: [Train: 255468K->255468K(255552K), 0.0005470 secs] 255988K->255517K(256128K), 0.0044340 secs]
19.594: [GC 19.596: [DefNew: 551K->62K(576K), 0.0020670 secs]19.598: [Train: 255528K->255528K(255616K), 0.0005530 secs] 256019K->255590K(256192K), 0.0044740 secs]
19.599: [GC 19.601: [DefNew: 564K->62K(576K), 0.0020660 secs] 256093K->255664K(256192K), 0.0039080 secs]
19.603: [GC 19.605: [DefNew: 564K->62K(576K), 0.0020870 secs]19.607: [Train: 255678K->255678K(255808K), 0.0005570 secs] 256167K->255740K(256384K), 0.0044980 secs]
19.609: [GC 19.610: [DefNew: 564K->62K(576K), 0.0023650 secs]19.613: [Train: 255752K->255752K(255872K), 0.0006270 secs] 256242K->256070K(256448K), 0.0049800 secs]
19.614: [GC 19.616: [DefNew: 569K->45K(576K), 0.0023380 secs]19.618: [Train: 255806K->255806K(255936K), 0.0006340 secs] 256321K->256193K(256512K), 0.0050720 secs]
19.619: [GC 19.621: [DefNew: 556K->22K(576K), 0.0021190 secs]19.623: [Train: 255842K->255842K(255936K), 0.0005820 secs] 256362K->256249K(256512K), 0.0047820 secs]
19.624: [GC 19.626: [DefNew: 534K->52K(576K), 0.0020040 secs]19.628: [Train: 255842K->255842K(255936K), 0.0005470 secs] 256376K->256278K(256512K), 0.0044150 secs]
19.629: [GC 19.630: [DefNew: 560K->36K(576K), 0.0020170 secs]19.633: [Train: 255866K->255866K(256000K), 0.0005480 secs] 256402K->256286K(256576K), 0.0044270 secs]
19.633: [GC 19.635: [DefNew: 547K->45K(576K), 0.0020140 secs]19.637: [Train: 255886K->255886K(256000K), 0.0005600 secs] 256414K->256316K(256576K), 0.0044480 secs]
19.638: [GC 19.640: [DefNew: 553K->36K(576K), 0.0020250 secs]19.642: [Train: 255902K->255902K(256000K), 0.0005920 secs] 256440K->256322K(256576K), 0.0044860 secs]
19.643: [GC 19.644: [DefNew: 547K->45K(576K), 0.0020310 secs]19.646: [Train: 255922K->255922K(256000K), 0.0005300 secs] 256450K->256309K(256576K), 0.0044200 secs]
19.647: [GC 19.649: [DefNew: 556K->42K(576K), 0.0020220 secs]19.651: [Train: 255940K->255940K(256064K), 0.0005670 secs] 256479K->256239K(256640K), 0.0044470 secs]
19.652: [GC 19.654: [DefNew: 549K->58K(576K), 0.0020240 secs]19.656: [Train: 255960K->255960K(256064K), 0.0005480 secs] 256490K->256019K(256640K), 0.0044430 secs]
19.657: [GC 19.659: [DefNew: 561K->62K(576K), 0.0020600 secs]19.661: [Train: 256030K->256030K(256128K), 0.0005470 secs] 256521K->256093K(256704K), 0.0044810 secs]
19.662: [GC 19.664: [DefNew: 564K->62K(576K), 0.0020700 secs] 256595K->256166K(256704K), 0.0039160 secs]
19.667: [GC 19.668: [DefNew: 564K->62K(576K), 0.0020890 secs]19.671: [Train: 256178K->256178K(256256K), 0.0005830 secs] 256669K->256240K(256832K), 0.0045310 secs]
19.672: [GC 19.674: [DefNew: 564K->62K(576K), 0.0020800 secs]19.676: [Train: 256254K->256254K(256384K), 0.0005540 secs] 256743K->256572K(256960K), 0.0044930 secs]
19.677: [GC 19.678: [DefNew: 569K->36K(576K), 0.0020420 secs]19.680: [Train: 256318K->256318K(256448K), 0.0005480 secs] 256823K->256695K(257024K), 0.0044560 secs]
19.681: [GC 19.683: [DefNew: 546K->32K(576K), 0.0020250 secs]19.685: [Train: 256354K->256354K(256448K), 0.0005510 secs] 256865K->256770K(257024K), 0.0044490 secs]
19.686: [GC 19.688: [DefNew: 543K->19K(576K), 0.0020240 secs]19.690: [Train: 256378K->256378K(256512K), 0.0005660 secs] 256898K->256782K(257088K), 0.0044500 secs]
19.691: [GC 19.692: [DefNew: 530K->49K(576K), 0.0020340 secs]19.694: [Train: 256378K->256378K(256512K), 0.0005620 secs] 256909K->256811K(257088K), 0.0044870 secs]
19.695: [GC 19.697: [DefNew: 557K->36K(576K), 0.0020220 secs]19.699: [Train: 256398K->256398K(256512K), 0.0005650 secs] 256935K->256818K(257088K), 0.0044500 secs]
19.700: [GC 19.702: [DefNew: 547K->45K(576K), 0.0020190 secs]19.704: [Train: 256418K->256418K(256512K), 0.0005360 secs] 256945K->256847K(257088K), 0.0044280 secs]
19.705: [GC 19.706: [DefNew: 553K->36K(576K), 0.0020120 secs]19.708: [Train: 256434K->256434K(256512K), 0.0005310 secs] 256971K->256811K(257088K), 0.0044170 secs]
19.709: [GC 19.711: [DefNew: 546K->49K(576K), 0.0020270 secs]19.713: [Train: 256456K->256456K(256576K), 0.0005480 secs] 256981K->256761K(257152K), 0.0044470 secs]
19.714: [GC 19.716: [DefNew: 559K->49K(576K), 0.0020450 secs]19.718: [Train: 256495K->256495K(256576K), 0.0005500 secs] 257015K->256544K(257152K), 0.0044570 secs]
19.719: [GC 19.721: [DefNew: 551K->62K(576K), 0.0020720 secs]19.723: [Train: 256556K->256556K(256640K), 0.0005600 secs] 257046K->256618K(257216K), 0.0044950 secs]
19.724: [GC 19.726: [DefNew: 564K->62K(576K), 0.0020700 secs] 257120K->256692K(257216K), 0.0039280 secs]
19.729: [GC 19.730: [DefNew: 564K->62K(576K), 0.0023810 secs]19.733: [Train: 256705K->256705K(256832K), 0.0006170 secs] 257194K->256767K(257408K), 0.0050030 secs]
19.734: [GC 19.736: [DefNew: 564K->62K(576K), 0.0023750 secs]19.739: [Train: 256779K->256779K(256896K), 0.0006650 secs] 257270K->257097K(257472K), 0.0051490 secs]
19.740: [GC 19.742: [DefNew: 569K->45K(576K), 0.0020650 secs]19.744: [Train: 256833K->256833K(256960K), 0.0005610 secs] 257348K->257220K(257536K), 0.0047340 secs]
19.745: [GC 19.746: [DefNew: 556K->22K(576K), 0.0020280 secs]19.748: [Train: 256869K->256869K(256960K), 0.0005510 secs] 257390K->257276K(257536K), 0.0044520 secs]
19.749: [GC 19.751: [DefNew: 534K->52K(576K), 0.0020110 secs]19.753: [Train: 256869K->256869K(256960K), 0.0005320 secs] 257403K->257305K(257536K), 0.0044270 secs]
19.754: [GC 19.756: [DefNew: 560K->36K(576K), 0.0020290 secs]19.758: [Train: 256894K->256894K(257024K), 0.0005430 secs] 257429K->257314K(257600K), 0.0044350 secs]
19.759: [GC 19.760: [DefNew: 547K->45K(576K), 0.0020270 secs]19.762: [Train: 256913K->256913K(257024K), 0.0005630 secs] 257441K->257343K(257600K), 0.0044530 secs]
19.763: [GC 19.765: [DefNew: 553K->36K(576K), 0.0020290 secs]19.767: [Train: 256930K->256930K(257024K), 0.0005450 secs] 257467K->257350K(257600K), 0.0044400 secs]
19.768: [GC 19.770: [DefNew: 547K->45K(576K), 0.0020280 secs]19.772: [Train: 256949K->256949K(257024K), 0.0005620 secs] 257477K->257379K(257600K), 0.0044530 secs]
19.773: [GC 19.774: [DefNew: 553K->36K(576K), 0.0020250 secs]19.776: [Train: 256968K->256968K(257088K), 0.0005570 secs] 257503K->257345K(257664K), 0.0044530 secs]
19.777: [GC 19.779: [DefNew: 546K->49K(576K), 0.0020250 secs]19.781: [Train: 256987K->256987K(257088K), 0.0005600 secs] 257514K->257292K(257664K), 0.0044690 secs]
19.782: [GC 19.784: [DefNew: 559K->49K(576K), 0.0020530 secs]19.786: [Train: 257028K->257028K(257152K), 0.0005750 secs] 257547K->257077K(257728K), 0.0044930 secs]
19.787: [GC 19.789: [DefNew: 551K->62K(576K), 0.0020890 secs]19.791: [Train: 257089K->257089K(257216K), 0.0005780 secs] 257580K->257151K(257792K), 0.0045330 secs]
19.792: [GC 19.794: [DefNew: 564K->62K(576K), 0.0020780 secs] 257654K->257225K(257792K), 0.0039370 secs]
19.797: [GC 19.798: [DefNew: 564K->62K(576K), 0.0020810 secs]19.801: [Train: 257237K->257237K(257344K), 0.0005980 secs] 257727K->257299K(257920K), 0.0045500 secs]
19.802: [GC 19.804: [DefNew: 564K->62K(576K), 0.0020960 secs]19.806: [Train: 257310K->257310K(257408K), 0.0005760 secs] 257801K->257629K(257984K), 0.0045410 secs]
19.807: [GC 19.808: [DefNew: 569K->45K(576K), 0.0020640 secs]19.811: [Train: 257365K->257365K(257472K), 0.0005660 secs] 257880K->257752K(258048K), 0.0045040 secs]
19.811: [GC 19.813: [DefNew: 556K->22K(576K), 0.0020500 secs]19.815: [Train: 257402K->257402K(257536K), 0.0005670 secs] 257921K->257809K(258112K), 0.0044850 secs]
19.816: [GC 19.818: [DefNew: 534K->52K(576K), 0.0020150 secs]19.820: [Train: 257402K->257402K(257536K), 0.0005520 secs] 257937K->257839K(258112K), 0.0044440 secs]
19.821: [GC 19.823: [DefNew: 560K->36K(576K), 0.0020250 secs]19.825: [Train: 257425K->257425K(257536K), 0.0005560 secs] 257963K->257845K(258112K), 0.0044570 secs]
19.825: [GC 19.827: [DefNew: 547K->45K(576K), 0.0020270 secs]19.829: [Train: 257445K->257445K(257536K), 0.0005630 secs] 257973K->257875K(258112K), 0.0044790 secs]
19.830: [GC 19.832: [DefNew: 553K->36K(576K), 0.0020260 secs]19.834: [Train: 257461K->257461K(257536K), 0.0005520 secs] 257999K->257881K(258112K), 0.0044440 secs]
19.835: [GC 19.836: [DefNew: 547K->45K(576K), 0.0020430 secs]19.839: [Train: 257483K->257483K(257600K), 0.0005780 secs] 258009K->257870K(258176K), 0.0044870 secs]
19.839: [GC 19.841: [DefNew: 556K->42K(576K), 0.0020300 secs]19.843: [Train: 257499K->257499K(257600K), 0.0005390 secs] 258040K->257798K(258176K), 0.0044350 secs]
19.844: [GC 19.846: [DefNew: 549K->58K(576K), 0.0020600 secs]19.848: [Train: 257519K->257519K(257600K), 0.0005680 secs] 258049K->257578K(258176K), 0.0045620 secs]
19.849: [GC 19.851: [DefNew: 561K->62K(576K), 0.0020760 secs]19.853: [Train: 257589K->257589K(257664K), 0.0005990 secs] 258080K->257652K(258240K), 0.0045610 secs]
19.855: [GC 19.856: [DefNew: 564K->62K(576K), 0.0020940 secs] 258154K->257727K(258304K), 0.0039550 secs]
19.859: [GC 19.861: [DefNew: 564K->62K(576K), 0.0021000 secs]19.863: [Train: 257739K->257739K(257856K), 0.0005420 secs] 258230K->257801K(258432K), 0.0045100 secs]
19.864: [GC 19.866: [DefNew: 564K->62K(576K), 0.0020740 secs]19.868: [Train: 257813K->257813K(257920K), 0.0005730 secs] 258303K->258131K(258496K), 0.0045260 secs]
19.869: [GC 19.871: [DefNew: 569K->36K(576K), 0.0020550 secs]19.873: [Train: 257877K->257877K(257984K), 0.0005450 secs] 258382K->258254K(258560K), 0.0044810 secs]
19.874: [GC 19.875: [DefNew: 546K->32K(576K), 0.0020410 secs]19.877: [Train: 257914K->257914K(258048K), 0.0006020 secs] 258424K->258331K(258624K), 0.0045120 secs]
19.878: [GC 19.880: [DefNew: 543K->19K(576K), 0.0020320 secs]19.882: [Train: 257937K->257937K(258048K), 0.0005530 secs] 258458K->258341K(258624K), 0.0044550 secs]
19.883: [GC 19.885: [DefNew: 530K->49K(576K), 0.0020310 secs]19.887: [Train: 257937K->257937K(258048K), 0.0005440 secs] 258468K->258370K(258624K), 0.0044460 secs]
19.888: [GC 19.889: [DefNew: 557K->36K(576K), 0.0020340 secs]19.891: [Train: 257957K->257957K(258048K), 0.0005380 secs] 258494K->258377K(258624K), 0.0044420 secs]
19.892: [GC 19.894: [DefNew: 547K->45K(576K), 0.0020330 secs]19.896: [Train: 257978K->257978K(258112K), 0.0005560 secs] 258504K->258408K(258688K), 0.0044650 secs]
19.897: [GC 19.899: [DefNew: 553K->36K(576K), 0.0020220 secs]19.901: [Train: 257995K->257995K(258112K), 0.0005430 secs] 258532K->258372K(258688K), 0.0044510 secs]
19.902: [GC 19.903: [DefNew: 546K->49K(576K), 0.0020290 secs]19.905: [Train: 258014K->258014K(258112K), 0.0005380 secs] 258542K->258319K(258688K), 0.0044360 secs]
19.906: [GC 19.908: [DefNew: 559K->49K(576K), 0.0020650 secs]19.910: [Train: 258056K->258056K(258176K), 0.0005740 secs] 258574K->258105K(258752K), 0.0045100 secs]
19.912: [GC 19.913: [DefNew: 551K->62K(576K), 0.0020780 secs]19.915: [Train: 258116K->258116K(258240K), 0.0005660 secs] 258607K->258178K(258816K), 0.0045160 secs]
19.917: [GC 19.918: [DefNew: 564K->62K(576K), 0.0020810 secs] 258681K->258252K(258816K), 0.0039490 secs]
19.921: [GC 19.923: [DefNew: 564K->62K(576K), 0.0023840 secs]19.926: [Train: 258264K->258264K(258368K), 0.0006680 secs] 258755K->258326K(258944K), 0.0051620 secs]
19.927: [GC 19.929: [DefNew: 564K->62K(576K), 0.0023780 secs]19.931: [Train: 258338K->258338K(258432K), 0.0006450 secs] 258828K->258656K(259008K), 0.0051450 secs]
19.932: [GC 19.934: [DefNew: 569K->45K(576K), 0.0020660 secs]19.936: [Train: 258392K->258392K(258496K), 0.0005780 secs] 258907K->258779K(259072K), 0.0046890 secs]
19.937: [GC 19.939: [DefNew: 556K->22K(576K), 0.0020430 secs]19.941: [Train: 258430K->258430K(258560K), 0.0005620 secs] 258949K->258837K(259136K), 0.0044890 secs]
19.942: [GC 19.944: [DefNew: 534K->52K(576K), 0.0020400 secs]19.946: [Train: 258430K->258430K(258560K), 0.0005540 secs] 258964K->258866K(259136K), 0.0044810 secs]
19.947: [GC 19.949: [DefNew: 560K->36K(576K), 0.0020380 secs]19.951: [Train: 258453K->258453K(258560K), 0.0005390 secs] 258990K->258873K(259136K), 0.0044520 secs]
19.951: [GC 19.953: [DefNew: 547K->45K(576K), 0.0020380 secs]19.955: [Train: 258472K->258472K(258560K), 0.0005460 secs] 259000K->258902K(259136K), 0.0044640 secs]
19.956: [GC 19.958: [DefNew: 553K->36K(576K), 0.0020320 secs]19.960: [Train: 258490K->258490K(258624K), 0.0005450 secs] 259026K->258910K(259200K), 0.0044650 secs]
19.961: [GC 19.962: [DefNew: 547K->45K(576K), 0.0020350 secs]19.965: [Train: 258510K->258510K(258624K), 0.0005350 secs] 259038K->258897K(259200K), 0.0044590 secs]
19.965: [GC 19.967: [DefNew: 556K->42K(576K), 0.0020300 secs]19.969: [Train: 258526K->258526K(258624K), 0.0005800 secs] 259067K->258825K(259200K), 0.0044900 secs]
19.970: [GC 19.972: [DefNew: 549K->58K(576K), 0.0020430 secs]19.974: [Train: 258546K->258546K(258624K), 0.0005520 secs] 259076K->258605K(259200K), 0.0044700 secs]
19.975: [GC 19.977: [DefNew: 561K->62K(576K), 0.0020980 secs]19.979: [Train: 258618K->258618K(258752K), 0.0005620 secs] 259107K->258681K(259328K), 0.0045370 secs]
19.980: [GC 19.982: [DefNew: 564K->62K(576K), 0.0020830 secs] 259183K->258754K(259328K), 0.0039610 secs]
19.985: [GC 19.987: [DefNew: 564K->62K(576K), 0.0020920 secs]19.989: [Train: 258766K->258766K(258880K), 0.0005530 secs] 259257K->258828K(259456K), 0.0045280 secs]
19.990: [GC 19.992: [DefNew: 564K->62K(576K), 0.0020950 secs]19.994: [Train: 258840K->258840K(258944K), 0.0005560 secs] 259331K->259158K(259520K), 0.0045290 secs]
19.995: [GC 19.997: [DefNew: 569K->36K(576K), 0.0020690 secs]19.999: [Train: 258904K->258904K(259008K), 0.0005560 secs] 259409K->259281K(259584K), 0.0045030 secs]
20.000: [GC 20.001: [DefNew: 546K->32K(576K), 0.0020540 secs]20.003: [Train: 258942K->258942K(259072K), 0.0005610 secs] 259451K->259358K(259648K), 0.0044940 secs]
20.004: [GC 20.006: [DefNew: 543K->19K(576K), 0.0020340 secs]20.008: [Train: 258965K->258965K(259072K), 0.0005570 secs] 259486K->259368K(259648K), 0.0044830 secs]
20.009: [GC 20.011: [DefNew: 530K->49K(576K), 0.0020260 secs]20.013: [Train: 258965K->258965K(259072K), 0.0005490 secs] 259495K->259398K(259648K), 0.0044580 secs]
20.014: [GC 20.015: [DefNew: 557K->36K(576K), 0.0020330 secs]20.017: [Train: 258984K->258984K(259072K), 0.0005880 secs] 259522K->259404K(259648K), 0.0044980 secs]
20.018: [GC 20.020: [DefNew: 547K->45K(576K), 0.0020480 secs]20.022: [Train: 259006K->259006K(259136K), 0.0005640 secs] 259531K->259435K(259712K), 0.0044920 secs]
20.023: [GC 20.025: [DefNew: 553K->36K(576K), 0.0020360 secs]20.027: [Train: 259022K->259022K(259136K), 0.0005450 secs] 259559K->259399K(259712K), 0.0044600 secs]
20.028: [GC 20.030: [DefNew: 546K->49K(576K), 0.0020510 secs]20.032: [Train: 259042K->259042K(259136K), 0.0005650 secs] 259569K->259347K(259712K), 0.0044930 secs]
20.033: [GC 20.034: [DefNew: 559K->49K(576K), 0.0020590 secs]20.036: [Train: 259083K->259083K(259200K), 0.0005640 secs] 259601K->259132K(259776K), 0.0045090 secs]
20.038: [GC 20.039: [DefNew: 551K->62K(576K), 0.0020820 secs]20.042: [Train: 259144K->259144K(259264K), 0.0006510 secs] 259634K->259206K(259840K), 0.0046130 secs]
20.043: [GC 20.045: [DefNew: 564K->62K(576K), 0.0021070 secs] 259708K->259279K(259840K), 0.0039950 secs]
20.047: [GC 20.049: [DefNew: 564K->62K(576K), 0.0021050 secs]20.051: [Train: 259291K->259291K(259392K), 0.0005730 secs] 259782K->259353K(259968K), 0.0045570 secs]
20.053: [GC 20.054: [DefNew: 564K->62K(576K), 0.0023830 secs]20.057: [Train: 259365K->259365K(259456K), 0.0006400 secs] 259856K->259683K(260032K), 0.0050580 secs]
20.058: [GC 20.060: [DefNew: 569K->45K(576K), 0.0023680 secs]20.062: [Train: 259419K->259419K(259520K), 0.0006680 secs] 259934K->259806K(260096K), 0.0051650 secs]
20.063: [GC 20.065: [DefNew: 556K->22K(576K), 0.0021150 secs]20.068: [Train: 259457K->259457K(259584K), 0.0005560 secs] 259976K->259864K(260160K), 0.0047820 secs]
20.068: [GC 20.070: [DefNew: 534K->52K(576K), 0.0020340 secs]20.072: [Train: 259457K->259457K(259584K), 0.0005490 secs] 259991K->259893K(260160K), 0.0044730 secs]
20.073: [GC 20.075: [DefNew: 560K->36K(576K), 0.0020400 secs]20.077: [Train: 259480K->259480K(259584K), 0.0005510 secs] 260017K->259900K(260160K), 0.0044920 secs]
20.078: [GC 20.079: [DefNew: 547K->45K(576K), 0.0020400 secs]20.082: [Train: 259500K->259500K(259584K), 0.0005640 secs] 260027K->259929K(260160K), 0.0044960 secs]
20.082: [GC 20.084: [DefNew: 553K->36K(576K), 0.0020450 secs]20.086: [Train: 259518K->259518K(259648K), 0.0005540 secs] 260053K->259938K(260224K), 0.0044800 secs]
20.087: [GC 20.089: [DefNew: 547K->45K(576K), 0.0020530 secs]20.091: [Train: 259537K->259537K(259648K), 0.0005560 secs] 260065K->259924K(260224K), 0.0044930 secs]
20.092: [GC 20.094: [DefNew: 556K->42K(576K), 0.0020460 secs]20.096: [Train: 259554K->259554K(259648K), 0.0005710 secs] 260094K->259852K(260224K), 0.0044990 secs]
20.097: [GC 20.098: [DefNew: 549K->58K(576K), 0.0020490 secs]20.100: [Train: 259573K->259573K(259648K), 0.0005720 secs] 260103K->259632K(260224K), 0.0045190 secs]
20.102: [GC 20.104: [DefNew: 561K->62K(576K), 0.0021080 secs]20.106: [Train: 259646K->259646K(259776K), 0.0005680 secs] 260135K->259708K(260352K), 0.0045800 secs]
20.107: [GC 20.109: [DefNew: 564K->62K(576K), 0.0021040 secs] 260210K->259782K(260352K), 0.0039750 secs]
20.112: [GC 20.113: [DefNew: 564K->62K(576K), 0.0023620 secs]20.116: [Train: 259793K->259793K(259904K), 0.0006780 secs] 260284K->259856K(260480K), 0.0049430 secs]
20.117: [GC 20.119: [DefNew: 564K->62K(576K), 0.0023980 secs]20.121: [Train: 259867K->259867K(259968K), 0.0006510 secs] 260358K->260185K(260544K), 0.0051930 secs]
20.123: [GC 20.125: [DefNew: 569K->36K(576K), 0.0022560 secs]20.127: [Train: 259931K->259931K(260032K), 0.0005720 secs] 260437K->260309K(260608K), 0.0049440 secs]
20.128: [GC 20.129: [DefNew: 546K->32K(576K), 0.0020660 secs]20.132: [Train: 259969K->259969K(260096K), 0.0005710 secs] 260478K->260386K(260672K), 0.0045260 secs]
20.132: [GC 20.134: [DefNew: 543K->19K(576K), 0.0020440 secs]20.136: [Train: 259992K->259992K(260096K), 0.0005710 secs] 260513K->260396K(260672K), 0.0045080 secs]
20.137: [GC 20.139: [DefNew: 530K->49K(576K), 0.0020340 secs]20.141: [Train: 259992K->259992K(260096K), 0.0005510 secs] 260523K->260425K(260672K), 0.0044880 secs]
20.142: [GC 20.144: [DefNew: 557K->36K(576K), 0.0020440 secs]20.146: [Train: 260012K->260012K(260096K), 0.0005630 secs] 260549K->260432K(260672K), 0.0045000 secs]
20.147: [GC 20.148: [DefNew: 547K->45K(576K), 0.0020670 secs]20.150: [Train: 260033K->260033K(260160K), 0.0005610 secs] 260559K->260463K(260736K), 0.0045180 secs]
20.151: [GC 20.153: [DefNew: 553K->36K(576K), 0.0020520 secs]20.155: [Train: 260049K->260049K(260160K), 0.0005720 secs] 260587K->260427K(260736K), 0.0045250 secs]
20.156: [GC 20.158: [DefNew: 546K->49K(576K), 0.0020490 secs]20.160: [Train: 260069K->260069K(260160K), 0.0005610 secs] 260596K->260374K(260736K), 0.0045040 secs]
20.161: [GC 20.163: [DefNew: 559K->49K(576K), 0.0020710 secs]20.165: [Train: 260110K->260110K(260224K), 0.0005820 secs] 260629K->260159K(260800K), 0.0045560 secs]
20.166: [GC 20.168: [DefNew: 551K->62K(576K), 0.0021010 secs]20.170: [Train: 260171K->260171K(260288K), 0.0005600 secs] 260662K->260233K(260864K), 0.0045510 secs]
20.171: [GC 20.173: [DefNew: 564K->62K(576K), 0.0021170 secs] 260735K->260307K(260864K), 0.0039930 secs]
20.176: [GC 20.177: [DefNew: 564K->62K(576K), 0.0021100 secs]20.180: [Train: 260318K->260318K(260416K), 0.0005580 secs] 260809K->260381K(260992K), 0.0045550 secs]
20.181: [GC 20.183: [DefNew: 564K->62K(576K), 0.0021020 secs]20.185: [Train: 260392K->260392K(260480K), 0.0005700 secs] 260883K->260710K(261056K), 0.0045690 secs]
20.186: [GC 20.188: [DefNew: 569K->45K(576K), 0.0020770 secs]20.190: [Train: 260446K->260446K(260544K), 0.0005840 secs] 260962K->260834K(261120K), 0.0045520 secs]
20.191: [GC 20.192: [DefNew: 556K->22K(576K), 0.0020680 secs]20.194: [Train: 260484K->260484K(260608K), 0.0005620 secs] 261003K->260891K(261184K), 0.0045200 secs]
20.195: [GC 20.197: [DefNew: 534K->52K(576K), 0.0020530 secs]20.199: [Train: 260484K->260484K(260608K), 0.0005510 secs] 261018K->260921K(261184K), 0.0044940 secs]
20.200: [GC 20.202: [DefNew: 560K->36K(576K), 0.0020500 secs]20.204: [Train: 260507K->260507K(260608K), 0.0005500 secs] 261045K->260927K(261184K), 0.0044940 secs]
20.205: [GC 20.206: [DefNew: 547K->45K(576K), 0.0020490 secs]20.209: [Train: 260527K->260527K(260608K), 0.0005440 secs] 261054K->260957K(261184K), 0.0044900 secs]
20.209: [GC 20.211: [DefNew: 553K->36K(576K), 0.0020520 secs]20.213: [Train: 260545K->260545K(260672K), 0.0005880 secs] 261081K->260965K(261248K), 0.0045430 secs]
20.214: [GC 20.216: [DefNew: 547K->45K(576K), 0.0020580 secs]20.218: [Train: 260565K->260565K(260672K), 0.0005560 secs] 261092K->260952K(261248K), 0.0045110 secs]
20.219: [GC 20.221: [DefNew: 556K->42K(576K), 0.0020590 secs]20.223: [Train: 260581K->260581K(260672K), 0.0005490 secs] 261121K->260880K(261248K), 0.0044990 secs]
20.224: [GC 20.225: [DefNew: 549K->58K(576K), 0.0020720 secs]20.228: [Train: 260602K->260602K(260736K), 0.0005790 secs] 261131K->260661K(261312K), 0.0045400 secs]
20.229: [GC 20.231: [DefNew: 561K->62K(576K), 0.0021060 secs]20.233: [Train: 260673K->260673K(260800K), 0.0005580 secs] 261164K->260735K(261376K), 0.0045590 secs]
20.234: [GC 20.236: [DefNew: 564K->62K(576K), 0.0021210 secs] 261238K->260809K(261376K), 0.0039980 secs]
20.239: [GC 20.240: [DefNew: 564K->62K(576K), 0.0021170 secs]20.243: [Train: 260821K->260821K(260928K), 0.0005670 secs] 261311K->260883K(261504K), 0.0045750 secs]
20.244: [GC 20.246: [DefNew: 564K->62K(576K), 0.0024070 secs]20.248: [Train: 260894K->260894K(260992K), 0.0006480 secs] 261385K->261213K(261568K), 0.0049700 secs]
20.249: [GC 20.251: [DefNew: 569K->36K(576K), 0.0023810 secs]20.253: [Train: 260958K->260958K(261056K), 0.0006410 secs] 261464K->261336K(261632K), 0.0051710 secs]
20.255: [GC 20.256: [DefNew: 546K->32K(576K), 0.0022470 secs]20.259: [Train: 260996K->260996K(261120K), 0.0005610 secs] 261505K->261413K(261696K), 0.0049290 secs]
20.260: [GC 20.261: [DefNew: 543K->19K(576K), 0.0020560 secs]20.263: [Train: 261019K->261019K(261120K), 0.0005450 secs] 261540K->261423K(261696K), 0.0044950 secs]
20.264: [GC 20.266: [DefNew: 530K->49K(576K), 0.0020410 secs]20.268: [Train: 261019K->261019K(261120K), 0.0005440 secs] 261550K->261452K(261696K), 0.0044830 secs]
20.269: [GC 20.271: [DefNew: 557K->36K(576K), 0.0020470 secs]20.273: [Train: 261039K->261039K(261120K), 0.0005560 secs] 261576K->261459K(261696K), 0.0045100 secs]
20.274: [GC 20.276: [DefNew: 547K->45K(576K), 0.0022560 secs]20.278: [Train: 261060K->261060K(261184K), 0.0007230 secs] 261586K->261490K(261760K), 0.0052750 secs]
20.287: [GC 20.289: [DefNew: 553K->36K(576K), 0.0021660 secs]20.291: [Train: 261077K->261077K(261184K), 0.0005730 secs] 261614K->261454K(261760K), 0.0049650 secs]
20.292: [GC 20.294: [DefNew: 546K->49K(576K), 0.0020650 secs]20.296: [Train: 261096K->261096K(261184K), 0.0005710 secs] 261624K->261401K(261760K), 0.0045250 secs]
20.297: [GC 20.299: [DefNew: 559K->49K(576K), 0.0020860 secs]20.301: [Train: 261137K->261137K(261248K), 0.0005560 secs] 261656K->261186K(261824K), 0.0045190 secs]
20.302: [GC 20.304: [DefNew: 551K->62K(576K), 0.0021200 secs]20.306: [Train: 261198K->261198K(261312K), 0.0005860 secs] 261689K->261260K(261888K), 0.0045730 secs]
20.307: [GC 20.309: [DefNew: 564K->62K(576K), 0.0021220 secs] 261763K->261334K(261888K), 0.0039770 secs]
20.312: [GC 20.313: [DefNew: 564K->62K(576K), 0.0021180 secs]20.315: [Train: 261346K->261346K(261440K), 0.0005950 secs] 261836K->261408K(262016K), 0.0045790 secs]
20.317: [GC 20.318: [DefNew: 564K->62K(576K), 0.0021100 secs]20.320: [Train: 261420K->261420K(261504K), 0.0005800 secs] 261910K->261738K(262080K), 0.0045750 secs]
20.321: [GC 20.323: [DefNew: 569K->45K(576K), 0.0020880 secs]20.325: [Train: 261474K->261474K(261568K), 0.0005720 secs] 261989K->261861K(262144K), 0.0045380 secs]
20.326: [GC 20.328: [DefNew: 556K->22K(576K), 0.0020850 secs]20.330: [Train: 261512K->261512K(261632K), 0.0006260 secs] 262030K->261918K(262208K), 0.0045770 secs]
20.331: [GC 20.333: [DefNew: 534K->52K(576K), 0.0020600 secs]20.335: [Train: 261512K->261512K(261632K), 0.0006100 secs] 262046K->261948K(262208K), 0.0045370 secs]
20.336: [GC 20.337: [DefNew: 560K->36K(576K), 0.0020690 secs]20.339: [Train: 261534K->261534K(261632K), 0.0005670 secs] 262072K->261954K(262208K), 0.0045100 secs]
20.340: [GC 20.342: [DefNew: 547K->45K(576K), 0.0020590 secs]20.344: [Train: 261554K->261554K(261632K), 0.0005680 secs] 262082K->261984K(262208K), 0.0045080 secs]
20.345: [GC 20.347: [DefNew: 553K->36K(576K), 0.0020950 secs]20.349: [Train: 261572K->261572K(261696K), 0.0006060 secs] 262108K->261992K(262272K), 0.0046850 secs]
20.350: [GC 20.352: [DefNew: 547K->45K(576K), 0.0020760 secs]20.354: [Train: 261592K->261592K(261696K), 0.0006050 secs] 262119K->261979K(262272K), 0.0045540 secs]
20.355: [GC 20.356: [DefNew: 556K->42K(576K), 0.0020620 secs]20.358: [Train: 261608K->261608K(261696K), 0.0005780 secs] 262149K->261907K(262272K), 0.0045120 secs]
20.359: [GC 20.361: [DefNew: 549K->58K(576K), 0.0020790 secs]20.363: [Train: 261630K->261630K(261760K), 0.0005860 secs] 262158K->261689K(262336K), 0.0045330 secs]
20.364: [GC 20.366: [DefNew: 561K->62K(576K), 0.0021080 secs]20.368: [Train: 261700K->261700K(261824K), 0.0005930 secs] 262191K->261762K(262400K), 0.0045850 secs]
20.370: [GC 20.371: [DefNew: 564K->62K(576K), 0.0021060 secs] 262265K->261836K(262400K), 0.0039700 secs]
20.374: [GC 20.376: [DefNew: 564K->62K(576K), 0.0021330 secs]20.378: [Train: 261848K->261848K(261952K), 0.0005850 secs] 262339K->261910K(262528K), 0.0045850 secs]
20.379: [GC 20.381: [DefNew: 564K->62K(576K), 0.0021130 secs]20.383: [Train: 261922K->261922K(262016K), 0.0005820 secs] 262412K->262240K(262592K), 0.0045650 secs]
20.384: [GC 20.386: [DefNew: 569K->36K(576K), 0.0020900 secs]20.388: [Train: 261986K->261986K(262080K), 0.0005630 secs] 262491K->262363K(262656K), 0.0045250 secs]
20.389: [GC 20.390: [DefNew: 546K->32K(576K), 0.0020740 secs]20.392: [Train: 262024K->262024K(262144K), 0.0005690 secs] 262533K->262440K(262720K), 0.0045400 secs]
20.393: [GC 20.395: [DefNew: 543K->19K(576K), 0.0020530 secs]20.397: [Train: 262046K->262046K(262144K), 0.0005430 secs] 262567K->262450K(262720K), 0.0044770 secs]
20.398: [GC 20.400: [DefNew: 530K->49K(576K), 0.0020610 secs]20.402: [Train: 262046K->262046K(262144K), 0.0005410 secs] 262577K->262479K(262720K), 0.0044710 secs]
20.403: [GC 20.404: [DefNew: 557K->36K(576K), 0.0020610 secs]20.406: [Train: 262066K->262066K(262144K), 0.0005610 secs] 262603K->262486K(262720K), 0.0044920 secs]
20.407: [GC 20.409: [DefNew: 547K->45K(576K), 0.0020740 secs]20.411: [Train: 262088K->262088K(262208K), 0.0005910 secs] 262613K->262517K(262784K), 0.0045370 secs]
20.412: [GC 20.414: [DefNew: 553K->36K(576K), 0.0020550 secs]20.416: [Train: 262104K->262104K(262208K), 0.0005550 secs] 262641K->262481K(262784K), 0.0044960 secs]
20.417: [GC 20.418: [DefNew: 546K->49K(576K), 0.0020610 secs]20.420: [Train: 262124K->262124K(262208K), 0.0005640 secs] 262651K->262429K(262784K), 0.0045030 secs]
20.421: [GC 20.423: [DefNew: 559K->49K(576K), 0.0020810 secs]20.425: [Train: 262165K->262165K(262272K), 0.0005780 secs] 262683K->262214K(262848K), 0.0045360 secs]
20.426: [GC 20.428: [DefNew: 551K->62K(576K), 0.0021080 secs]20.430: [Train: 262225K->262225K(262336K), 0.0005770 secs] 262716K->262287K(262912K), 0.0045580 secs]
20.431: [GC 20.433: [DefNew: 564K->62K(576K), 0.0021350 secs] 262790K->262361K(262912K), 0.0040110 secs]
20.436: [GC 20.438: [DefNew: 564K->62K(576K), 0.0021380 secs]20.440: [Train: 262373K->262373K(262464K), 0.0005900 secs] 262864K->262435K(263040K), 0.0046050 secs]
20.441: [GC 20.443: [DefNew: 564K->62K(576K), 0.0021180 secs]20.445: [Train: 262447K->262447K(262528K), 0.0005760 secs] 262938K->262765K(263104K), 0.0045890 secs]
20.446: [GC 20.448: [DefNew: 569K->45K(576K), 0.0021080 secs]20.450: [Train: 262501K->262501K(262592K), 0.0005700 secs] 263016K->262888K(263168K), 0.0045520 secs]
20.451: [GC 20.452: [DefNew: 556K->22K(576K), 0.0020790 secs]20.454: [Train: 262539K->262539K(262656K), 0.0005740 secs] 263058K->262946K(263232K), 0.0045270 secs]
20.455: [GC 20.457: [DefNew: 534K->52K(576K), 0.0020580 secs]20.459: [Train: 262539K->262539K(262656K), 0.0005720 secs] 263073K->262975K(263232K), 0.0045030 secs]
20.460: [GC 20.462: [DefNew: 560K->36K(576K), 0.0020610 secs]20.464: [Train: 262562K->262562K(262656K), 0.0005600 secs] 263099K->262982K(263232K), 0.0045150 secs]
20.465: [GC 20.466: [DefNew: 547K->45K(576K), 0.0020630 secs]20.468: [Train: 262581K->262581K(262656K), 0.0005730 secs] 263109K->263011K(263232K), 0.0045150 secs]
20.469: [GC 20.471: [DefNew: 553K->36K(576K), 0.0020640 secs]20.473: [Train: 262600K->262600K(262720K), 0.0006020 secs] 263135K->263020K(263296K), 0.0045460 secs]
20.474: [GC 20.476: [DefNew: 547K->45K(576K), 0.0020690 secs]20.478: [Train: 262619K->262619K(262720K), 0.0005550 secs] 263147K->263006K(263296K), 0.0044960 secs]
20.479: [GC 20.481: [DefNew: 556K->42K(576K), 0.0020650 secs]20.483: [Train: 262636K->262636K(262720K), 0.0005490 secs] 263176K->262934K(263296K), 0.0044850 secs]
20.484: [GC 20.485: [DefNew: 549K->58K(576K), 0.0020870 secs]20.487: [Train: 262657K->262657K(262784K), 0.0005980 secs] 263185K->262716K(263360K), 0.0045560 secs]
20.489: [GC 20.490: [DefNew: 561K->62K(576K), 0.0021130 secs]20.492: [Train: 262728K->262728K(262848K), 0.0005630 secs] 263218K->262790K(263424K), 0.0045560 secs]
20.494: [GC 20.495: [DefNew: 564K->62K(576K), 0.0021110 secs] 263292K->262864K(263424K), 0.0039780 secs]
20.498: [GC 20.500: [DefNew: 564K->62K(576K), 0.0021360 secs]20.502: [Train: 262875K->262875K(262976K), 0.0005490 secs] 263366K->262937K(263552K), 0.0045590 secs]
20.503: [GC 20.505: [DefNew: 564K->62K(576K), 0.0021150 secs]20.507: [Train: 262949K->262949K(263040K), 0.0005870 secs] 263440K->263267K(263616K), 0.0045780 secs]
20.508: [GC 20.510: [DefNew: 569K->36K(576K), 0.0020940 secs]20.512: [Train: 263013K->263013K(263104K), 0.0005880 secs] 263518K->263390K(263680K), 0.0045730 secs]
20.513: [GC 20.514: [DefNew: 546K->32K(576K), 0.0020780 secs]20.517: [Train: 263051K->263051K(263168K), 0.0005600 secs] 263560K->263467K(263744K), 0.0045210 secs]
20.517: [GC 20.519: [DefNew: 543K->19K(576K), 0.0020610 secs]20.521: [Train: 263074K->263074K(263168K), 0.0005790 secs] 263595K->263477K(263744K), 0.0045220 secs]
20.522: [GC 20.524: [DefNew: 530K->49K(576K), 0.0020630 secs]20.526: [Train: 263074K->263074K(263168K), 0.0005790 secs] 263605K->263507K(263744K), 0.0045170 secs]
20.527: [GC 20.529: [DefNew: 557K->36K(576K), 0.0020680 secs]20.531: [Train: 263093K->263093K(263168K), 0.0005690 secs] 263631K->263513K(263744K), 0.0045130 secs]
20.532: [GC 20.533: [DefNew: 547K->45K(576K), 0.0020910 secs]20.535: [Train: 263115K->263115K(263232K), 0.0005960 secs] 263641K->263545K(263808K), 0.0045640 secs]
20.536: [GC 20.538: [DefNew: 553K->36K(576K), 0.0020700 secs]20.540: [Train: 263131K->263131K(263232K), 0.0005490 secs] 263669K->263509K(263808K), 0.0045020 secs]
20.541: [GC 20.543: [DefNew: 546K->49K(576K), 0.0020820 secs]20.545: [Train: 263151K->263151K(263232K), 0.0006120 secs] 263678K->263456K(263808K), 0.0046040 secs]
20.546: [GC 20.548: [DefNew: 559K->49K(576K), 0.0021130 secs]20.550: [Train: 263192K->263192K(263296K), 0.0005920 secs] 263710K->263241K(263872K), 0.0045880 secs]
20.551: [GC 20.553: [DefNew: 551K->62K(576K), 0.0021190 secs]20.555: [Train: 263253K->263253K(263360K), 0.0005850 secs] 263743K->263315K(263936K), 0.0045820 secs]
20.556: [GC 20.558: [DefNew: 564K->62K(576K), 0.0021210 secs] 263817K->263389K(263936K), 0.0040030 secs]
20.560: [GC 20.562: [DefNew: 564K->62K(576K), 0.0021280 secs]20.564: [Train: 263400K->263400K(263488K), 0.0005890 secs] 263891K->263462K(264064K), 0.0046010 secs]
20.565: [GC 20.567: [DefNew: 564K->62K(576K), 0.0021200 secs]20.569: [Train: 263474K->263474K(263552K), 0.0006110 secs] 263965K->263792K(264128K), 0.0046180 secs]
20.570: [GC 20.572: [DefNew: 569K->45K(576K), 0.0021180 secs]20.574: [Train: 263528K->263528K(263616K), 0.0005970 secs] 264043K->263915K(264192K), 0.0046090 secs]
20.575: [GC 20.577: [DefNew: 556K->22K(576K), 0.0020880 secs]20.579: [Train: 263566K->263566K(263680K), 0.0005680 secs] 264085K->263973K(264256K), 0.0045380 secs]
20.580: [GC 20.582: [DefNew: 534K->52K(576K), 0.0020760 secs]20.584: [Train: 263566K->263566K(263680K), 0.0005700 secs] 264100K->264002K(264256K), 0.0045250 secs]
20.585: [GC 20.586: [DefNew: 560K->36K(576K), 0.0020710 secs]20.588: [Train: 263589K->263589K(263680K), 0.0005570 secs] 264126K->264009K(264256K), 0.0045220 secs]
20.589: [GC 20.591: [DefNew: 547K->45K(576K), 0.0020790 secs]20.593: [Train: 263610K->263610K(263744K), 0.0006000 secs] 264136K->264040K(264320K), 0.0045660 secs]
20.594: [GC 20.596: [DefNew: 553K->36K(576K), 0.0020720 secs]20.598: [Train: 263627K->263627K(263744K), 0.0005630 secs] 264164K->264047K(264320K), 0.0045170 secs]
20.599: [GC 20.600: [DefNew: 547K->45K(576K), 0.0020840 secs]20.603: [Train: 263646K->263646K(263744K), 0.0005600 secs] 264174K->264034K(264320K), 0.0045230 secs]
20.603: [GC 20.605: [DefNew: 556K->42K(576K), 0.0020830 secs]20.607: [Train: 263663K->263663K(263744K), 0.0005700 secs] 264203K->263961K(264320K), 0.0045330 secs]
20.608: [GC 20.610: [DefNew: 549K->58K(576K), 0.0020850 secs]20.612: [Train: 263684K->263684K(263808K), 0.0005770 secs] 264213K->263743K(264384K), 0.0045510 secs]
20.613: [GC 20.615: [DefNew: 561K->62K(576K), 0.0021260 secs]20.617: [Train: 263755K->263755K(263872K), 0.0006010 secs] 264246K->263817K(264448K), 0.0046160 secs]
20.618: [GC 20.620: [DefNew: 564K->62K(576K), 0.0021340 secs] 264319K->263891K(264448K), 0.0040030 secs]
20.623: [GC 20.625: [DefNew: 564K->62K(576K), 0.0021510 secs]20.627: [Train: 263902K->263902K(264000K), 0.0005730 secs] 264393K->263965K(264576K), 0.0046070 secs]
20.628: [GC 20.630: [DefNew: 564K->62K(576K), 0.0021480 secs]20.632: [Train: 263976K->263976K(264064K), 0.0005910 secs] 264467K->264294K(264640K), 0.0046260 secs]
20.633: [GC 20.635: [DefNew: 569K->36K(576K), 0.0021170 secs]20.637: [Train: 264040K->264040K(264128K), 0.0005820 secs] 264546K->264418K(264704K), 0.0045910 secs]
20.638: [GC 20.639: [DefNew: 546K->32K(576K), 0.0020940 secs]20.641: [Train: 264078K->264078K(264192K), 0.0006210 secs] 264587K->264495K(264768K), 0.0046080 secs]
20.642: [GC 20.644: [DefNew: 543K->19K(576K), 0.0020950 secs]20.646: [Train: 264101K->264101K(264192K), 0.0005890 secs] 264622K->264505K(264768K), 0.0045930 secs]
20.647: [GC 20.649: [DefNew: 530K->49K(576K), 0.0020800 secs]20.651: [Train: 264101K->264101K(264192K), 0.0005740 secs] 264632K->264534K(264768K), 0.0045410 secs]
20.652: [GC 20.654: [DefNew: 557K->36K(576K), 0.0029430 secs]20.657: [Train: 264122K->264122K(264256K), 0.0008480 secs] 264658K->264542K(264832K), 0.0063790 secs]
20.658: [GC 20.661: [DefNew: 547K->45K(576K), 0.0027770 secs]20.664: [Train: 264142K->264142K(264256K), 0.0007840 secs] 264670K->264572K(264832K), 0.0060920 secs]
20.665: [GC 20.667: [DefNew: 553K->36K(576K), 0.0020810 secs]20.669: [Train: 264158K->264158K(264256K), 0.0005860 secs] 264696K->264536K(264832K), 0.0048490 secs]
20.670: [GC 20.672: [DefNew: 546K->49K(576K), 0.0020710 secs]20.674: [Train: 264178K->264178K(264256K), 0.0005720 secs] 264705K->264483K(264832K), 0.0045360 secs]
20.675: [GC 20.676: [DefNew: 559K->49K(576K), 0.0021130 secs]20.678: [Train: 264219K->264219K(264320K), 0.0006080 secs] 264738K->264268K(264896K), 0.0046150 secs]
20.680: [GC 20.681: [DefNew: 551K->62K(576K), 0.0021240 secs]20.684: [Train: 264280K->264280K(264384K), 0.0005770 secs] 264771K->264342K(264960K), 0.0046050 secs]
20.685: [GC 20.686: [DefNew: 564K->62K(576K), 0.0021200 secs] 264844K->264416K(264960K), 0.0040140 secs]
20.689: [GC 20.691: [DefNew: 564K->62K(576K), 0.0021240 secs]20.693: [Train: 264428K->264428K(264512K), 0.0005770 secs] 264918K->264490K(265088K), 0.0046140 secs]
20.694: [GC 20.696: [DefNew: 564K->62K(576K), 0.0021250 secs]20.698: [Train: 264501K->264501K(264576K), 0.0005590 secs] 264992K->264820K(265152K), 0.0045830 secs]
20.699: [GC 20.701: [DefNew: 569K->45K(576K), 0.0021190 secs]20.703: [Train: 264556K->264556K(264640K), 0.0005980 secs] 265071K->264943K(265216K), 0.0046120 secs]
20.704: [GC 20.706: [DefNew: 556K->22K(576K), 0.0020950 secs]20.708: [Train: 264593K->264593K(264704K), 0.0005620 secs] 265112K->265000K(265280K), 0.0045490 secs]
20.708: [GC 20.710: [DefNew: 534K->52K(576K), 0.0020620 secs]20.712: [Train: 264593K->264593K(264704K), 0.0005540 secs] 265127K->265030K(265280K), 0.0045180 secs]
20.713: [GC 20.715: [DefNew: 560K->36K(576K), 0.0020750 secs]20.717: [Train: 264616K->264616K(264704K), 0.0005540 secs] 265154K->265036K(265280K), 0.0045520 secs]
20.718: [GC 20.720: [DefNew: 547K->45K(576K), 0.0020870 secs]20.722: [Train: 264638K->264638K(264768K), 0.0005770 secs] 265163K->265067K(265344K), 0.0045560 secs]
20.723: [GC 20.724: [DefNew: 553K->36K(576K), 0.0020870 secs]20.726: [Train: 264654K->264654K(264768K), 0.0005800 secs] 265191K->265074K(265344K), 0.0045580 secs]
20.727: [GC 20.729: [DefNew: 547K->45K(576K), 0.0020810 secs]20.731: [Train: 264674K->264674K(264768K), 0.0005750 secs] 265201K->265103K(265344K), 0.0045480 secs]
20.732: [GC 20.734: [DefNew: 553K->36K(576K), 0.0020740 secs]20.736: [Train: 264690K->264690K(264768K), 0.0005590 secs] 265227K->265067K(265344K), 0.0045300 secs]
20.737: [GC 20.738: [DefNew: 546K->49K(576K), 0.0021610 secs]20.741: [Train: 264712K->264712K(264832K), 0.0006690 secs] 265237K->265017K(265408K), 0.0047920 secs]
20.742: [GC 20.744: [DefNew: 559K->49K(576K), 0.0021040 secs]20.746: [Train: 264751K->264751K(264832K), 0.0005760 secs] 265271K->264800K(265408K), 0.0046310 secs]
20.747: [GC 20.749: [DefNew: 551K->62K(576K), 0.0021420 secs]20.751: [Train: 264812K->264812K(264896K), 0.0005820 secs] 265302K->264874K(265472K), 0.0046400 secs]
20.752: [GC 20.754: [DefNew: 564K->62K(576K), 0.0021300 secs] 265376K->264948K(265472K), 0.0040200 secs]
20.756: [GC 20.758: [DefNew: 564K->62K(576K), 0.0021350 secs]20.760: [Train: 264961K->264961K(265088K), 0.0005990 secs] 265450K->265023K(265664K), 0.0046350 secs]
20.761: [GC 20.763: [DefNew: 564K->62K(576K), 0.0021260 secs]20.765: [Train: 265035K->265035K(265152K), 0.0005870 secs] 265526K->265353K(265728K), 0.0046350 secs]
20.766: [GC 20.768: [DefNew: 569K->45K(576K), 0.0021130 secs]20.770: [Train: 265089K->265089K(265216K), 0.0005570 secs] 265604K->265476K(265792K), 0.0045680 secs]
20.771: [GC 20.773: [DefNew: 556K->22K(576K), 0.0020990 secs]20.775: [Train: 265125K->265125K(265216K), 0.0005530 secs] 265646K->265532K(265792K), 0.0045480 secs]
20.776: [GC 20.777: [DefNew: 534K->52K(576K), 0.0020720 secs]20.780: [Train: 265125K->265125K(265216K), 0.0005570 secs] 265659K->265561K(265792K), 0.0045240 secs]
20.780: [GC 20.782: [DefNew: 560K->36K(576K), 0.0020900 secs]20.784: [Train: 265150K->265150K(265280K), 0.0005540 secs] 265685K->265570K(265856K), 0.0045450 secs]
20.785: [GC 20.787: [DefNew: 547K->45K(576K), 0.0020780 secs]20.789: [Train: 265169K->265169K(265280K), 0.0005880 secs] 265697K->265599K(265856K), 0.0045800 secs]
20.790: [GC 20.792: [DefNew: 553K->36K(576K), 0.0020790 secs]20.794: [Train: 265186K->265186K(265280K), 0.0005690 secs] 265723K->265606K(265856K), 0.0045420 secs]
20.794: [GC 20.796: [DefNew: 547K->45K(576K), 0.0020920 secs]20.798: [Train: 265205K->265205K(265280K), 0.0005660 secs] 265733K->265592K(265856K), 0.0045520 secs]
20.799: [GC 20.801: [DefNew: 556K->42K(576K), 0.0020900 secs]20.803: [Train: 265224K->265224K(265344K), 0.0005900 secs] 265762K->265522K(265920K), 0.0045780 secs]
20.804: [GC 20.806: [DefNew: 549K->58K(576K), 0.0020820 secs]20.808: [Train: 265243K->265243K(265344K), 0.0005660 secs] 265773K->265302K(265920K), 0.0045510 secs]
20.809: [GC 20.811: [DefNew: 561K->62K(576K), 0.0021260 secs]20.813: [Train: 265314K->265314K(265408K), 0.0005530 secs] 265804K->265376K(265984K), 0.0046000 secs]
20.814: [GC 20.816: [DefNew: 564K->62K(576K), 0.0021330 secs] 265878K->265450K(265984K), 0.0040220 secs]
20.819: [GC 20.820: [DefNew: 564K->62K(576K), 0.0021470 secs]20.822: [Train: 265461K->265461K(265536K), 0.0005690 secs] 265952K->265524K(266112K), 0.0046120 secs]
20.824: [GC 20.825: [DefNew: 564K->62K(576K), 0.0021430 secs]20.828: [Train: 265537K->265537K(265664K), 0.0005730 secs] 266026K->265855K(266240K), 0.0046280 secs]
20.828: [GC 20.830: [DefNew: 569K->36K(576K), 0.0021150 secs]20.832: [Train: 265601K->265601K(265728K), 0.0005590 secs] 266106K->265978K(266304K), 0.0045790 secs]
20.833: [GC 20.835: [DefNew: 546K->32K(576K), 0.0020920 secs]20.837: [Train: 265637K->265637K(265728K), 0.0005670 secs] 266148K->266054K(266304K), 0.0045790 secs]
20.838: [GC 20.840: [DefNew: 543K->19K(576K), 0.0020910 secs]20.842: [Train: 265662K->265662K(265792K), 0.0005890 secs] 266181K->266065K(266368K), 0.0045820 secs]
20.843: [GC 20.844: [DefNew: 530K->49K(576K), 0.0020850 secs]20.846: [Train: 265662K->265662K(265792K), 0.0005690 secs] 266193K->266095K(266368K), 0.0045490 secs]
20.847: [GC 20.849: [DefNew: 557K->36K(576K), 0.0020860 secs]20.851: [Train: 265681K->265681K(265792K), 0.0005640 secs] 266219K->266101K(266368K), 0.0045450 secs]
20.852: [GC 20.854: [DefNew: 547K->45K(576K), 0.0020810 secs]20.856: [Train: 265701K->265701K(265792K), 0.0005990 secs] 266229K->266131K(266368K), 0.0045830 secs]
20.857: [GC 20.859: [DefNew: 553K->36K(576K), 0.0020790 secs]20.861: [Train: 265717K->265717K(265792K), 0.0005960 secs] 266255K->266095K(266368K), 0.0045860 secs]
20.862: [GC 20.863: [DefNew: 546K->49K(576K), 0.0020880 secs]20.865: [Train: 265739K->265739K(265856K), 0.0005740 secs] 266264K->266044K(266432K), 0.0045650 secs]
20.866: [GC 20.868: [DefNew: 559K->49K(576K), 0.0021110 secs]20.870: [Train: 265778K->265778K(265856K), 0.0005880 secs] 266298K->265827K(266432K), 0.0046000 secs]
20.871: [GC 20.873: [DefNew: 551K->62K(576K), 0.0021280 secs]20.875: [Train: 265839K->265839K(265920K), 0.0005830 secs] 266330K->265901K(266496K), 0.0046210 secs]
20.876: [GC 20.878: [DefNew: 564K->62K(576K), 0.0021390 secs] 266403K->265977K(266560K), 0.0040400 secs]
20.881: [GC 20.883: [DefNew: 564K->62K(576K), 0.0021330 secs]20.885: [Train: 265988K->265988K(266112K), 0.0005860 secs] 266479K->266050K(266688K), 0.0046360 secs]
20.886: [GC 20.888: [DefNew: 564K->62K(576K), 0.0021430 secs]20.890: [Train: 266062K->266062K(266176K), 0.0006000 secs] 266553K->266380K(266752K), 0.0046540 secs]
20.891: [GC 20.893: [DefNew: 569K->45K(576K), 0.0021310 secs]20.895: [Train: 266116K->266116K(266240K), 0.0005920 secs] 266631K->266503K(266816K), 0.0046300 secs]
20.896: [GC 20.897: [DefNew: 556K->22K(576K), 0.0021000 secs]20.900: [Train: 266152K->266152K(266240K), 0.0005740 secs] 266673K->266559K(266816K), 0.0045740 secs]
20.900: [GC 20.902: [DefNew: 534K->52K(576K), 0.0020720 secs]20.904: [Train: 266152K->266152K(266240K), 0.0005480 secs] 266686K->266589K(266816K), 0.0045280 secs]
20.905: [GC 20.907: [DefNew: 560K->36K(576K), 0.0020890 secs]20.909: [Train: 266177K->266177K(266304K), 0.0005960 secs] 266713K->266597K(266880K), 0.0046070 secs]
20.910: [GC 20.912: [DefNew: 547K->45K(576K), 0.0020880 secs]20.914: [Train: 266197K->266197K(266304K), 0.0005490 secs] 266724K->266626K(266880K), 0.0045390 secs]
20.915: [GC 20.916: [DefNew: 553K->36K(576K), 0.0020910 secs]20.918: [Train: 266213K->266213K(266304K), 0.0005440 secs] 266750K->266633K(266880K), 0.0045350 secs]
20.919: [GC 20.921: [DefNew: 547K->45K(576K), 0.0020930 secs]20.923: [Train: 266234K->266234K(266368K), 0.0005680 secs] 266760K->266622K(266944K), 0.0045610 secs]
20.924: [GC 20.926: [DefNew: 556K->42K(576K), 0.0020820 secs]20.928: [Train: 266251K->266251K(266368K), 0.0005490 secs] 266791K->266549K(266944K), 0.0045380 secs]
20.929: [GC 20.930: [DefNew: 549K->58K(576K), 0.0020870 secs]20.933: [Train: 266270K->266270K(266368K), 0.0005650 secs] 266801K->266329K(266944K), 0.0045670 secs]
20.934: [GC 20.936: [DefNew: 561K->62K(576K), 0.0021230 secs]20.938: [Train: 266341K->266341K(266432K), 0.0006030 secs] 266832K->266403K(267008K), 0.0046470 secs]
20.940: [GC 20.942: [DefNew: 564K->62K(576K), 0.0025570 secs] 266906K->266477K(267008K), 0.0046840 secs]
20.945: [GC 20.947: [DefNew: 564K->62K(576K), 0.0024760 secs]20.949: [Train: 266490K->266490K(266624K), 0.0006870 secs] 266979K->266553K(267200K), 0.0053610 secs]
20.951: [GC 20.953: [DefNew: 564K->62K(576K), 0.0022870 secs]20.955: [Train: 266564K->266564K(266688K), 0.0005810 secs] 267055K->266882K(267264K), 0.0050410 secs]
20.956: [GC 20.958: [DefNew: 569K->36K(576K), 0.0021130 secs]20.960: [Train: 266628K->266628K(266752K), 0.0005960 secs] 267134K->267006K(267328K), 0.0046240 secs]
20.961: [GC 20.963: [DefNew: 546K->32K(576K), 0.0020920 secs]20.965: [Train: 266664K->266664K(266752K), 0.0005790 secs] 267175K->267081K(267328K), 0.0045840 secs]
20.966: [GC 20.967: [DefNew: 543K->19K(576K), 0.0020910 secs]20.969: [Train: 266689K->266689K(266816K), 0.0005770 secs] 267208K->267093K(267392K), 0.0045910 secs]
20.970: [GC 20.972: [DefNew: 530K->49K(576K), 0.0020810 secs]20.974: [Train: 266689K->266689K(266816K), 0.0005530 secs] 267220K->267122K(267392K), 0.0045390 secs]
20.975: [GC 20.977: [DefNew: 557K->36K(576K), 0.0021000 secs]20.979: [Train: 266709K->266709K(266816K), 0.0005610 secs] 267246K->267129K(267392K), 0.0045640 secs]
20.980: [GC 20.981: [DefNew: 547K->45K(576K), 0.0020920 secs]20.983: [Train: 266728K->266728K(266816K), 0.0005580 secs] 267256K->267158K(267392K), 0.0045540 secs]
20.984: [GC 20.986: [DefNew: 553K->36K(576K), 0.0020890 secs]20.988: [Train: 266746K->266746K(266880K), 0.0005600 secs] 267282K->267124K(267456K), 0.0045600 secs]
20.989: [GC 20.991: [DefNew: 546K->49K(576K), 0.0020880 secs]20.993: [Train: 266766K->266766K(266880K), 0.0005670 secs] 267293K->267071K(267456K), 0.0045740 secs]
20.994: [GC 20.996: [DefNew: 559K->49K(576K), 0.0021070 secs]20.998: [Train: 266805K->266805K(266880K), 0.0005850 secs] 267326K->266854K(267456K), 0.0046040 secs]
20.999: [GC 21.001: [DefNew: 551K->62K(576K), 0.0021400 secs]21.003: [Train: 266866K->266866K(266944K), 0.0005820 secs] 267357K->266928K(267520K), 0.0046420 secs]
21.004: [GC 21.006: [DefNew: 564K->62K(576K), 0.0021400 secs] 267431K->267004K(267584K), 0.0040460 secs]
21.008: [GC 21.010: [DefNew: 564K->62K(576K), 0.0021520 secs]21.012: [Train: 267016K->267016K(267136K), 0.0005720 secs] 267506K->267078K(267712K), 0.0046350 secs]
21.014: [GC 21.015: [DefNew: 564K->62K(576K), 0.0021320 secs]21.017: [Train: 267089K->267089K(267200K), 0.0005770 secs] 267580K->267407K(267776K), 0.0046400 secs]
21.018: [GC 21.020: [DefNew: 569K->45K(576K), 0.0021200 secs]21.022: [Train: 267144K->267144K(267264K), 0.0005720 secs] 267659K->267531K(267840K), 0.0046040 secs]
21.023: [GC 21.025: [DefNew: 556K->22K(576K), 0.0021080 secs]21.027: [Train: 267180K->267180K(267264K), 0.0005490 secs] 267700K->267586K(267840K), 0.0045670 secs]
21.028: [GC 21.030: [DefNew: 534K->52K(576K), 0.0020820 secs]21.032: [Train: 267180K->267180K(267264K), 0.0005800 secs] 267714K->267616K(267840K), 0.0045750 secs]
21.033: [GC 21.034: [DefNew: 560K->36K(576K), 0.0020950 secs]21.037: [Train: 267204K->267204K(267328K), 0.0005570 secs] 267740K->267624K(267904K), 0.0045680 secs]
21.037: [GC 21.039: [DefNew: 547K->45K(576K), 0.0020910 secs]21.041: [Train: 267224K->267224K(267328K), 0.0005650 secs] 267751K->267654K(267904K), 0.0045770 secs]
21.042: [GC 21.044: [DefNew: 553K->36K(576K), 0.0020910 secs]21.046: [Train: 267240K->267240K(267328K), 0.0005620 secs] 267778K->267660K(267904K), 0.0045610 secs]
21.047: [GC 21.049: [DefNew: 547K->45K(576K), 0.0021120 secs]21.051: [Train: 267262K->267262K(267392K), 0.0005620 secs] 267787K->267649K(267968K), 0.0045820 secs]
21.052: [GC 21.053: [DefNew: 556K->42K(576K), 0.0020950 secs]21.055: [Train: 267278K->267278K(267392K), 0.0005570 secs] 267818K->267577K(267968K), 0.0045620 secs]
21.056: [GC 21.058: [DefNew: 549K->58K(576K), 0.0020950 secs]21.060: [Train: 267298K->267298K(267392K), 0.0005790 secs] 267828K->267357K(267968K), 0.0045890 secs]
21.061: [GC 21.063: [DefNew: 561K->62K(576K), 0.0021300 secs]21.065: [Train: 267368K->267368K(267456K), 0.0005750 secs] 267859K->267430K(268032K), 0.0046390 secs]
21.066: [GC 21.068: [DefNew: 564K->62K(576K), 0.0021360 secs] 267933K->267504K(268032K), 0.0040370 secs]
21.071: [GC 21.073: [DefNew: 564K->62K(576K), 0.0021780 secs]21.075: [Train: 267518K->267518K(267648K), 0.0005700 secs] 268007K->267580K(268224K), 0.0046640 secs]
21.076: [GC 21.078: [DefNew: 564K->62K(576K), 0.0021380 secs]21.080: [Train: 267592K->267592K(267712K), 0.0005950 secs] 268082K->267910K(268288K), 0.0046600 secs]
21.081: [GC 21.083: [DefNew: 569K->36K(576K), 0.0021200 secs]21.085: [Train: 267656K->267656K(267776K), 0.0005720 secs] 268161K->268033K(268352K), 0.0046200 secs]
21.086: [GC 21.087: [DefNew: 546K->32K(576K), 0.0020990 secs]21.090: [Train: 267692K->267692K(267776K), 0.0005960 secs] 268202K->268108K(268352K), 0.0046090 secs]
21.090: [GC 21.092: [DefNew: 543K->19K(576K), 0.0021150 secs]21.094: [Train: 267716K->267716K(267840K), 0.0006000 secs] 268235K->268120K(268416K), 0.0046290 secs]
21.095: [GC 21.097: [DefNew: 530K->49K(576K), 0.0021010 secs]21.099: [Train: 267716K->267716K(267840K), 0.0005780 secs] 268247K->268149K(268416K), 0.0046020 secs]
21.100: [GC 21.102: [DefNew: 557K->36K(576K), 0.0020980 secs]21.104: [Train: 267736K->267736K(267840K), 0.0005660 secs] 268273K->268156K(268416K), 0.0045840 secs]
21.105: [GC 21.106: [DefNew: 547K->45K(576K), 0.0020980 secs]21.109: [Train: 267756K->267756K(267840K), 0.0005810 secs] 268283K->268185K(268416K), 0.0045980 secs]
21.109: [GC 21.111: [DefNew: 553K->36K(576K), 0.0020980 secs]21.113: [Train: 267774K->267774K(267904K), 0.0005870 secs] 268309K->268151K(268480K), 0.0046140 secs]
21.114: [GC 21.116: [DefNew: 546K->49K(576K), 0.0021050 secs]21.118: [Train: 267793K->267793K(267904K), 0.0005950 secs] 268321K->268098K(268480K), 0.0046090 secs]
21.119: [GC 21.121: [DefNew: 559K->49K(576K), 0.0021340 secs]21.123: [Train: 267834K->267834K(267968K), 0.0005820 secs] 268353K->267883K(268544K), 0.0046330 secs]
21.124: [GC 21.126: [DefNew: 551K->62K(576K), 0.0021360 secs]21.128: [Train: 267893K->267893K(267968K), 0.0005660 secs] 268386K->267956K(268544K), 0.0046360 secs]
21.129: [GC 21.131: [DefNew: 564K->62K(576K), 0.0021560 secs] 268458K->268031K(268608K), 0.0040680 secs]
21.134: [GC 21.136: [DefNew: 564K->62K(576K), 0.0021730 secs]21.138: [Train: 268043K->268043K(268160K), 0.0005880 secs] 268534K->268105K(268736K), 0.0046820 secs]
21.139: [GC 21.141: [DefNew: 564K->62K(576K), 0.0023360 secs]21.143: [Train: 268117K->268117K(268224K), 0.0006090 secs] 268607K->268435K(268800K), 0.0049490 secs]
21.144: [GC 21.146: [DefNew: 569K->45K(576K), 0.0021440 secs]21.148: [Train: 268171K->268171K(268288K), 0.0005870 secs] 268686K->268558K(268864K), 0.0046890 secs]
21.149: [GC 21.151: [DefNew: 556K->22K(576K), 0.0021110 secs]21.153: [Train: 268207K->268207K(268288K), 0.0005640 secs] 268728K->268614K(268864K), 0.0046110 secs]
21.154: [GC 21.156: [DefNew: 534K->52K(576K), 0.0021060 secs]21.158: [Train: 268207K->268207K(268288K), 0.0005720 secs] 268741K->268643K(268864K), 0.0045950 secs]
21.159: [GC 21.160: [DefNew: 560K->36K(576K), 0.0021160 secs]21.162: [Train: 268232K->268232K(268352K), 0.0005650 secs] 268767K->268652K(268928K), 0.0045960 secs]
21.163: [GC 21.165: [DefNew: 547K->45K(576K), 0.0021080 secs]21.167: [Train: 268251K->268251K(268352K), 0.0005920 secs] 268779K->268681K(268928K), 0.0046270 secs]
21.168: [GC 21.170: [DefNew: 553K->36K(576K), 0.0020990 secs]21.172: [Train: 268268K->268268K(268352K), 0.0005740 secs] 268805K->268688K(268928K), 0.0046070 secs]
21.173: [GC 21.175: [DefNew: 547K->45K(576K), 0.0021080 secs]21.177: [Train: 268289K->268289K(268416K), 0.0005740 secs] 268815K->268676K(268992K), 0.0046040 secs]
21.178: [GC 21.179: [DefNew: 556K->42K(576K), 0.0020990 secs]21.181: [Train: 268305K->268305K(268416K), 0.0005780 secs] 268846K->268604K(268992K), 0.0045980 secs]
21.182: [GC 21.184: [DefNew: 549K->58K(576K), 0.0021130 secs]21.186: [Train: 268325K->268325K(268416K), 0.0005730 secs] 268855K->268384K(268992K), 0.0046060 secs]
21.188: [GC 21.189: [DefNew: 561K->62K(576K), 0.0021580 secs]21.191: [Train: 268396K->268396K(268480K), 0.0006020 secs] 268886K->268458K(269056K), 0.0046880 secs]
21.193: [GC 21.194: [DefNew: 564K->62K(576K), 0.0021550 secs] 268960K->268532K(269056K), 0.0040850 secs]
21.197: [GC 21.199: [DefNew: 564K->62K(576K), 0.0021710 secs]21.201: [Train: 268545K->268545K(268672K), 0.0005890 secs] 269034K->268607K(269248K), 0.0046870 secs]
21.202: [GC 21.204: [DefNew: 564K->62K(576K), 0.0021630 secs]21.206: [Train: 268619K->268619K(268736K), 0.0006020 secs] 269110K->268937K(269312K), 0.0046950 secs]
21.207: [GC 21.209: [DefNew: 569K->36K(576K), 0.0021410 secs]21.211: [Train: 268683K->268683K(268800K), 0.0005800 secs] 269188K->269060K(269376K), 0.0046450 secs]
21.212: [GC 21.214: [DefNew: 546K->32K(576K), 0.0021180 secs]21.216: [Train: 268719K->268719K(268800K), 0.0005680 secs] 269230K->269135K(269376K), 0.0046180 secs]
21.217: [GC 21.219: [DefNew: 543K->19K(576K), 0.0021100 secs]21.221: [Train: 268744K->268744K(268864K), 0.0005890 secs] 269263K->269147K(269440K), 0.0046320 secs]
21.222: [GC 21.223: [DefNew: 530K->49K(576K), 0.0020910 secs]21.225: [Train: 268744K->268744K(268864K), 0.0005680 secs] 269274K->269177K(269440K), 0.0045850 secs]
21.226: [GC 21.228: [DefNew: 557K->36K(576K), 0.0021150 secs]21.230: [Train: 268763K->268763K(268864K), 0.0005780 secs] 269301K->269183K(269440K), 0.0046100 secs]
21.231: [GC 21.233: [DefNew: 547K->45K(576K), 0.0021100 secs]21.235: [Train: 268783K->268783K(268864K), 0.0005750 secs] 269310K->269213K(269440K), 0.0046050 secs]
21.236: [GC 21.238: [DefNew: 553K->36K(576K), 0.0021130 secs]21.240: [Train: 268801K->268801K(268928K), 0.0005610 secs] 269337K->269178K(269504K), 0.0045920 secs]
21.241: [GC 21.242: [DefNew: 546K->49K(576K), 0.0021060 secs]21.244: [Train: 268821K->268821K(268928K), 0.0005540 secs] 269348K->269126K(269504K), 0.0045920 secs]
21.245: [GC 21.247: [DefNew: 559K->49K(576K), 0.0021260 secs]21.249: [Train: 268862K->268862K(268992K), 0.0006050 secs] 269380K->268911K(269568K), 0.0046580 secs]
21.251: [GC 21.252: [DefNew: 551K->62K(576K), 0.0021630 secs]21.254: [Train: 268922K->268922K(269056K), 0.0005630 secs] 269413K->268985K(269632K), 0.0046580 secs]
21.256: [GC 21.257: [DefNew: 564K->62K(576K), 0.0021590 secs] 269487K->269058K(269632K), 0.0040750 secs]
21.260: [GC 21.262: [DefNew: 564K->62K(576K), 0.0021650 secs]21.264: [Train: 269070K->269070K(269184K), 0.0005880 secs] 269561K->269132K(269760K), 0.0046810 secs]
21.265: [GC 21.267: [DefNew: 564K->62K(576K), 0.0021570 secs]21.269: [Train: 269144K->269144K(269248K), 0.0005870 secs] 269635K->269462K(269824K), 0.0046920 secs]
21.270: [GC 21.272: [DefNew: 569K->45K(576K), 0.0033380 secs]21.275: [Train: 269198K->269198K(269312K), 0.0008520 secs] 269713K->269585K(269888K), 0.0061340 secs]
21.278: [GC 21.280: [DefNew: 556K->22K(576K), 0.0022450 secs]21.282: [Train: 269234K->269234K(269312K), 0.0006510 secs] 269755K->269641K(269888K), 0.0050030 secs]
21.283: [GC 21.285: [DefNew: 534K->52K(576K), 0.0021620 secs]21.287: [Train: 269234K->269234K(269312K), 0.0006210 secs] 269768K->269670K(269888K), 0.0047840 secs]
21.288: [GC 21.290: [DefNew: 560K->36K(576K), 0.0021770 secs]21.292: [Train: 269259K->269259K(269376K), 0.0006180 secs] 269794K->269679K(269952K), 0.0048190 secs]
21.293: [GC 21.295: [DefNew: 547K->45K(576K), 0.0021600 secs]21.297: [Train: 269278K->269278K(269376K), 0.0006140 secs] 269806K->269708K(269952K), 0.0047890 secs]
21.298: [GC 21.300: [DefNew: 553K->36K(576K), 0.0021490 secs]21.302: [Train: 269295K->269295K(269376K), 0.0005850 secs] 269832K->269715K(269952K), 0.0047340 secs]
21.303: [GC 21.305: [DefNew: 547K->45K(576K), 0.0021260 secs]21.307: [Train: 269316K->269316K(269440K), 0.0005870 secs] 269842K->269703K(270016K), 0.0046440 secs]
21.308: [GC 21.309: [DefNew: 556K->42K(576K), 0.0021170 secs]21.312: [Train: 269333K->269333K(269440K), 0.0005670 secs] 269873K->269631K(270016K), 0.0046120 secs]
21.313: [GC 21.314: [DefNew: 549K->58K(576K), 0.0021140 secs]21.316: [Train: 269352K->269352K(269440K), 0.0005520 secs] 269882K->269411K(270016K), 0.0046100 secs]
21.318: [GC 21.319: [DefNew: 561K->62K(576K), 0.0021530 secs]21.322: [Train: 269423K->269423K(269504K), 0.0005750 secs] 269914K->269485K(270080K), 0.0046730 secs]
21.323: [GC 21.324: [DefNew: 564K->62K(576K), 0.0021870 secs] 269987K->269561K(270144K), 0.0041070 secs]
21.327: [GC 21.329: [DefNew: 564K->62K(576K), 0.0021650 secs]21.331: [Train: 269572K->269572K(269696K), 0.0005940 secs] 270063K->269634K(270272K), 0.0046870 secs]
21.332: [GC 21.334: [DefNew: 564K->62K(576K), 0.0021560 secs]21.336: [Train: 269646K->269646K(269760K), 0.0005840 secs] 270137K->269964K(270336K), 0.0046800 secs]
21.337: [GC 21.339: [DefNew: 569K->36K(576K), 0.0021890 secs]21.341: [Train: 269710K->269710K(269824K), 0.0006650 secs] 270215K->270087K(270400K), 0.0048400 secs]
21.342: [GC 21.344: [DefNew: 546K->32K(576K), 0.0021570 secs]21.346: [Train: 269746K->269746K(269824K), 0.0005840 secs] 270257K->270163K(270400K), 0.0047650 secs]
21.347: [GC 21.349: [DefNew: 543K->19K(576K), 0.0021370 secs]21.351: [Train: 269771K->269771K(269888K), 0.0005670 secs] 270290K->270174K(270464K), 0.0046370 secs]
21.352: [GC 21.354: [DefNew: 530K->49K(576K), 0.0021010 secs]21.356: [Train: 269771K->269771K(269888K), 0.0005540 secs] 270302K->270204K(270464K), 0.0045900 secs]
21.357: [GC 21.359: [DefNew: 557K->36K(576K), 0.0021090 secs]21.361: [Train: 269790K->269790K(269888K), 0.0005990 secs] 270328K->270210K(270464K), 0.0046420 secs]
21.362: [GC 21.363: [DefNew: 547K->45K(576K), 0.0021130 secs]21.365: [Train: 269810K->269810K(269888K), 0.0005690 secs] 270338K->270240K(270464K), 0.0046220 secs]
21.366: [GC 21.368: [DefNew: 553K->36K(576K), 0.0021210 secs]21.370: [Train: 269828K->269828K(269952K), 0.0005650 secs] 270364K->270206K(270528K), 0.0046120 secs]
21.371: [GC 21.373: [DefNew: 546K->49K(576K), 0.0021280 secs]21.375: [Train: 269848K->269848K(269952K), 0.0005590 secs] 270375K->270153K(270528K), 0.0046130 secs]
21.376: [GC 21.378: [DefNew: 559K->49K(576K), 0.0021320 secs]21.380: [Train: 269889K->269889K(270016K), 0.0005940 secs] 270407K->269938K(270592K), 0.0046620 secs]
21.381: [GC 21.383: [DefNew: 551K->62K(576K), 0.0021450 secs]21.385: [Train: 269950K->269950K(270080K), 0.0005590 secs] 270440K->270012K(270656K), 0.0046700 secs]
21.386: [GC 21.388: [DefNew: 564K->62K(576K), 0.0021610 secs] 270514K->270086K(270656K), 0.0040810 secs]
21.392: [GC 21.394: [DefNew: 564K->62K(576K), 0.0021920 secs]21.396: [Train: 270097K->270097K(270208K), 0.0005880 secs] 270588K->270159K(270784K), 0.0047730 secs]
21.397: [GC 21.399: [DefNew: 564K->62K(576K), 0.0021620 secs]21.401: [Train: 270171K->270171K(270272K), 0.0005720 secs] 270662K->270489K(270848K), 0.0047080 secs]
21.402: [GC 21.404: [DefNew: 569K->45K(576K), 0.0021520 secs]21.406: [Train: 270225K->270225K(270336K), 0.0006180 secs] 270741K->270612K(270912K), 0.0047040 secs]
21.407: [GC 21.409: [DefNew: 556K->22K(576K), 0.0021330 secs]21.411: [Train: 270261K->270261K(270336K), 0.0005650 secs] 270782K->270668K(270912K), 0.0046330 secs]
21.412: [GC 21.413: [DefNew: 534K->52K(576K), 0.0021070 secs]21.416: [Train: 270261K->270261K(270336K), 0.0005840 secs] 270795K->270698K(270912K), 0.0046200 secs]
21.416: [GC 21.418: [DefNew: 560K->36K(576K), 0.0021470 secs]21.420: [Train: 270286K->270286K(270400K), 0.0005690 secs] 270822K->270706K(270976K), 0.0046540 secs]
21.421: [GC 21.423: [DefNew: 547K->45K(576K), 0.0021170 secs]21.425: [Train: 270306K->270306K(270400K), 0.0005840 secs] 270833K->270735K(270976K), 0.0046560 secs]
21.426: [GC 21.428: [DefNew: 553K->36K(576K), 0.0021160 secs]21.430: [Train: 270322K->270322K(270400K), 0.0005670 secs] 270859K->270742K(270976K), 0.0046140 secs]
21.431: [GC 21.433: [DefNew: 547K->45K(576K), 0.0021360 secs]21.435: [Train: 270344K->270344K(270464K), 0.0005810 secs] 270869K->270731K(271040K), 0.0046490 secs]
21.436: [GC 21.437: [DefNew: 556K->42K(576K), 0.0021180 secs]21.440: [Train: 270360K->270360K(270464K), 0.0005570 secs] 270900K->270658K(271040K), 0.0046060 secs]
21.440: [GC 21.442: [DefNew: 549K->58K(576K), 0.0021180 secs]21.444: [Train: 270380K->270380K(270464K), 0.0005600 secs] 270910K->270438K(271040K), 0.0046140 secs]
21.446: [GC 21.447: [DefNew: 561K->62K(576K), 0.0021550 secs]21.450: [Train: 270450K->270450K(270528K), 0.0006020 secs] 270941K->270512K(271104K), 0.0047210 secs]
21.451: [GC 21.453: [DefNew: 564K->62K(576K), 0.0021760 secs] 271015K->270588K(271168K), 0.0041040 secs]
21.455: [GC 21.457: [DefNew: 564K->62K(576K), 0.0021830 secs]21.459: [Train: 270600K->270600K(270720K), 0.0005700 secs] 271090K->270662K(271296K), 0.0046860 secs]
21.460: [GC 21.462: [DefNew: 564K->62K(576K), 0.0021580 secs]21.464: [Train: 270673K->270673K(270784K), 0.0005660 secs] 271164K->270992K(271360K), 0.0046740 secs]
21.465: [GC 21.467: [DefNew: 569K->36K(576K), 0.0021420 secs]21.469: [Train: 270737K->270737K(270848K), 0.0006040 secs] 271243K->271115K(271424K), 0.0046890 secs]
21.470: [GC 21.472: [DefNew: 546K->32K(576K), 0.0021290 secs]21.474: [Train: 270773K->270773K(270848K), 0.0005520 secs] 271284K->271190K(271424K), 0.0046260 secs]
21.475: [GC 21.477: [DefNew: 543K->19K(576K), 0.0021240 secs]21.479: [Train: 270798K->270798K(270912K), 0.0005850 secs] 271317K->271202K(271488K), 0.0046430 secs]
21.480: [GC 21.481: [DefNew: 530K->49K(576K), 0.0021190 secs]21.484: [Train: 270798K->270798K(270912K), 0.0005560 secs] 271329K->271231K(271488K), 0.0046070 secs]
21.484: [GC 21.486: [DefNew: 557K->36K(576K), 0.0021140 secs]21.488: [Train: 270818K->270818K(270912K), 0.0005640 secs] 271355K->271238K(271488K), 0.0046170 secs]
21.489: [GC 21.491: [DefNew: 547K->45K(576K), 0.0021150 secs]21.493: [Train: 270837K->270837K(270912K), 0.0005700 secs] 271365K->271267K(271488K), 0.0046210 secs]
21.494: [GC 21.496: [DefNew: 553K->36K(576K), 0.0021240 secs]21.498: [Train: 270856K->270856K(270976K), 0.0005630 secs] 271391K->271233K(271552K), 0.0046190 secs]
21.499: [GC 21.501: [DefNew: 546K->49K(576K), 0.0021220 secs]21.503: [Train: 270875K->270875K(270976K), 0.0005510 secs] 271402K->271180K(271552K), 0.0046040 secs]
21.504: [GC 21.505: [DefNew: 559K->49K(576K), 0.0021470 secs]21.508: [Train: 270916K->270916K(271040K), 0.0005800 secs] 271435K->270965K(271616K), 0.0046620 secs]
21.509: [GC 21.511: [DefNew: 551K->62K(576K), 0.0021560 secs]21.513: [Train: 270977K->270977K(271104K), 0.0005800 secs] 271468K->271039K(271680K), 0.0046850 secs]
21.514: [GC 21.516: [DefNew: 564K->62K(576K), 0.0021730 secs] 271542K->271113K(271680K), 0.0041040 secs]
21.518: [GC 21.520: [DefNew: 564K->62K(576K), 0.0021820 secs]21.522: [Train: 271125K->271125K(271232K), 0.0005920 secs] 271615K->271187K(271808K), 0.0047120 secs]
21.524: [GC 21.525: [DefNew: 564K->62K(576K), 0.0021730 secs]21.528: [Train: 271198K->271198K(271296K), 0.0005920 secs] 271689K->271517K(271872K), 0.0047110 secs]
21.529: [GC 21.530: [DefNew: 569K->45K(576K), 0.0021440 secs]21.532: [Train: 271253K->271253K(271360K), 0.0005790 secs] 271768K->271640K(271936K), 0.0046790 secs]
21.533: [GC 21.535: [DefNew: 556K->22K(576K), 0.0021300 secs]21.537: [Train: 271290K->271290K(271424K), 0.0005850 secs] 271809K->271697K(272000K), 0.0046580 secs]
21.538: [GC 21.540: [DefNew: 534K->52K(576K), 0.0022080 secs]21.542: [Train: 271290K->271290K(271424K), 0.0006770 secs] 271825K->271727K(272000K), 0.0048640 secs]
21.543: [GC 21.545: [DefNew: 560K->36K(576K), 0.0021450 secs]21.547: [Train: 271313K->271313K(271424K), 0.0005740 secs] 271851K->271733K(272000K), 0.0047070 secs]
21.548: [GC 21.550: [DefNew: 547K->45K(576K), 0.0021240 secs]21.552: [Train: 271333K->271333K(271424K), 0.0005550 secs] 271861K->271763K(272000K), 0.0046260 secs]
21.553: [GC 21.555: [DefNew: 553K->36K(576K), 0.0021180 secs]21.557: [Train: 271349K->271349K(271424K), 0.0005590 secs] 271887K->271769K(272000K), 0.0046320 secs]
21.558: [GC 21.559: [DefNew: 547K->45K(576K), 0.0021270 secs]21.562: [Train: 271371K->271371K(271488K), 0.0005660 secs] 271897K->271801K(272064K), 0.0046340 secs]
21.562: [GC 21.564: [DefNew: 553K->36K(576K), 0.0021300 secs]21.566: [Train: 271387K->271387K(271488K), 0.0005650 secs] 271925K->271765K(272064K), 0.0046350 secs]
21.567: [GC 21.569: [DefNew: 546K->49K(576K), 0.0021270 secs]21.571: [Train: 271407K->271407K(271488K), 0.0005660 secs] 271934K->271712K(272064K), 0.0046310 secs]
21.572: [GC 21.574: [DefNew: 559K->49K(576K), 0.0021410 secs]21.576: [Train: 271448K->271448K(271552K), 0.0005690 secs] 271966K->271497K(272128K), 0.0046590 secs]
21.577: [GC 21.579: [DefNew: 551K->62K(576K), 0.0021580 secs]21.581: [Train: 271509K->271509K(271616K), 0.0006100 secs] 271999K->271571K(272192K), 0.0047400 secs]
21.582: [GC 21.584: [DefNew: 564K->62K(576K), 0.0021790 secs] 272073K->271645K(272192K), 0.0041180 secs]
21.587: [GC 21.589: [DefNew: 564K->62K(576K), 0.0021950 secs]21.591: [Train: 271656K->271656K(271744K), 0.0005850 secs] 272147K->271718K(272320K), 0.0047220 secs]
21.592: [GC 21.594: [DefNew: 564K->62K(576K), 0.0021770 secs]21.596: [Train: 271730K->271730K(271808K), 0.0005870 secs] 272221K->272048K(272384K), 0.0047210 secs]
21.597: [GC 21.599: [DefNew: 569K->45K(576K), 0.0021570 secs]21.601: [Train: 271784K->271784K(271872K), 0.0005990 secs] 272299K->272171K(272448K), 0.0047310 secs]
21.602: [GC 21.604: [DefNew: 556K->22K(576K), 0.0021450 secs]21.606: [Train: 271822K->271822K(271936K), 0.0006120 secs] 272341K->272229K(272512K), 0.0047030 secs]
21.607: [GC 21.609: [DefNew: 534K->52K(576K), 0.0021200 secs]21.611: [Train: 271822K->271822K(271936K), 0.0005730 secs] 272356K->272258K(272512K), 0.0046350 secs]
21.612: [GC 21.613: [DefNew: 560K->36K(576K), 0.0021440 secs]21.616: [Train: 271845K->271845K(271936K), 0.0005930 secs] 272382K->272265K(272512K), 0.0046760 secs]
21.616: [GC 21.618: [DefNew: 547K->45K(576K), 0.0021330 secs]21.620: [Train: 271866K->271866K(272000K), 0.0005670 secs] 272392K->272296K(272576K), 0.0046480 secs]
21.621: [GC 21.623: [DefNew: 553K->36K(576K), 0.0021220 secs]21.625: [Train: 271883K->271883K(272000K), 0.0005830 secs] 272420K->272303K(272576K), 0.0046530 secs]
21.626: [GC 21.628: [DefNew: 547K->45K(576K), 0.0021320 secs]21.630: [Train: 271902K->271902K(272000K), 0.0005680 secs] 272430K->272290K(272576K), 0.0046420 secs]
21.631: [GC 21.633: [DefNew: 556K->42K(576K), 0.0021290 secs]21.635: [Train: 271919K->271919K(272000K), 0.0005570 secs] 272459K->272217K(272576K), 0.0046270 secs]
21.636: [GC 21.637: [DefNew: 549K->58K(576K), 0.0021520 secs]21.640: [Train: 271940K->271940K(272064K), 0.0005860 secs] 272469K->271999K(272640K), 0.0046830 secs]
21.641: [GC 21.643: [DefNew: 561K->62K(576K), 0.0021730 secs]21.645: [Train: 272011K->272011K(272128K), 0.0005850 secs] 272502K->272073K(272704K), 0.0047170 secs]
21.646: [GC 21.648: [DefNew: 564K->62K(576K), 0.0022090 secs] 272575K->272147K(272704K), 0.0041490 secs]
21.651: [GC 21.652: [DefNew: 564K->62K(576K), 0.0021900 secs]21.655: [Train: 272158K->272158K(272256K), 0.0005760 secs] 272649K->272221K(272832K), 0.0047140 secs]
21.656: [GC 21.657: [DefNew: 564K->62K(576K), 0.0021840 secs]21.660: [Train: 272232K->272232K(272320K), 0.0005880 secs] 272723K->272550K(272896K), 0.0047240 secs]
21.661: [GC 21.662: [DefNew: 569K->36K(576K), 0.0021630 secs]21.665: [Train: 272296K->272296K(272384K), 0.0005830 secs] 272802K->272674K(272960K), 0.0047080 secs]
21.666: [GC 21.667: [DefNew: 546K->32K(576K), 0.0021450 secs]21.670: [Train: 272334K->272334K(272448K), 0.0005790 secs] 272843K->272751K(273024K), 0.0046770 secs]
21.670: [GC 21.672: [DefNew: 543K->19K(576K), 0.0021560 secs]21.674: [Train: 272357K->272357K(272448K), 0.0005640 secs] 272878K->272761K(273024K), 0.0047050 secs]
21.675: [GC 21.677: [DefNew: 530K->49K(576K), 0.0021250 secs]21.679: [Train: 272357K->272357K(272448K), 0.0005940 secs] 272888K->272790K(273024K), 0.0046650 secs]
21.680: [GC 21.682: [DefNew: 557K->36K(576K), 0.0021360 secs]21.684: [Train: 272378K->272378K(272512K), 0.0005690 secs] 272914K->272798K(273088K), 0.0046570 secs]
21.685: [GC 21.687: [DefNew: 547K->45K(576K), 0.0021310 secs]21.689: [Train: 272398K->272398K(272512K), 0.0005840 secs] 272926K->272828K(273088K), 0.0046720 secs]
21.690: [GC 21.691: [DefNew: 553K->36K(576K), 0.0021260 secs]21.694: [Train: 272414K->272414K(272512K), 0.0005670 secs] 272952K->272792K(273088K), 0.0046440 secs]
21.694: [GC 21.696: [DefNew: 546K->49K(576K), 0.0021440 secs]21.698: [Train: 272434K->272434K(272512K), 0.0005770 secs] 272961K->272739K(273088K), 0.0046630 secs]
21.699: [GC 21.701: [DefNew: 559K->49K(576K), 0.0021590 secs]21.703: [Train: 272475K->272475K(272576K), 0.0005660 secs] 272994K->272524K(273152K), 0.0046830 secs]
21.704: [GC 21.706: [DefNew: 551K->62K(576K), 0.0021630 secs]21.708: [Train: 272536K->272536K(272640K), 0.0005670 secs] 273027K->272598K(273216K), 0.0047000 secs]
21.710: [GC 21.711: [DefNew: 564K->62K(576K), 0.0021690 secs] 273100K->272672K(273216K), 0.0041300 secs]
21.714: [GC 21.716: [DefNew: 564K->62K(576K), 0.0021820 secs]21.718: [Train: 272684K->272684K(272768K), 0.0005690 secs] 273174K->272746K(273344K), 0.0046960 secs]
21.719: [GC 21.721: [DefNew: 564K->62K(576K), 0.0021840 secs]21.723: [Train: 272757K->272757K(272832K), 0.0006210 secs] 273248K->273076K(273408K), 0.0047590 secs]
21.724: [GC 21.726: [DefNew: 569K->45K(576K), 0.0021540 secs]21.728: [Train: 272812K->272812K(272896K), 0.0005780 secs] 273327K->273199K(273472K), 0.0046930 secs]
21.729: [GC 21.731: [DefNew: 556K->22K(576K), 0.0021390 secs]21.733: [Train: 272849K->272849K(272960K), 0.0005830 secs] 273368K->273256K(273536K), 0.0046780 secs]
21.734: [GC 21.736: [DefNew: 534K->52K(576K), 0.0021280 secs]21.738: [Train: 272849K->272849K(272960K), 0.0005630 secs] 273383K->273286K(273536K), 0.0046380 secs]
21.739: [GC 21.741: [DefNew: 560K->36K(576K), 0.0022440 secs]21.743: [Train: 272872K->272872K(272960K), 0.0006440 secs] 273410K->273292K(273536K), 0.0048830 secs]
21.744: [GC 21.746: [DefNew: 547K->45K(576K), 0.0021550 secs]21.748: [Train: 272894K->272894K(273024K), 0.0005840 secs] 273419K->273323K(273600K), 0.0047300 secs]
21.749: [GC 21.751: [DefNew: 553K->36K(576K), 0.0021310 secs]21.753: [Train: 272910K->272910K(273024K), 0.0005560 secs] 273447K->273330K(273600K), 0.0046470 secs]
21.754: [GC 21.755: [DefNew: 547K->45K(576K), 0.0021320 secs]21.757: [Train: 272930K->272930K(273024K), 0.0005820 secs] 273457K->273317K(273600K), 0.0046720 secs]
21.758: [GC 21.760: [DefNew: 556K->42K(576K), 0.0021350 secs]21.762: [Train: 272946K->272946K(273024K), 0.0005690 secs] 273486K->273245K(273600K), 0.0046570 secs]
21.763: [GC 21.765: [DefNew: 549K->58K(576K), 0.0021510 secs]21.767: [Train: 272968K->272968K(273088K), 0.0006090 secs] 273496K->273026K(273664K), 0.0047120 secs]
21.768: [GC 21.770: [DefNew: 561K->62K(576K), 0.0021750 secs]21.772: [Train: 273038K->273038K(273152K), 0.0005720 secs] 273529K->273100K(273728K), 0.0047370 secs]
21.774: [GC 21.775: [DefNew: 564K->62K(576K), 0.0021730 secs] 273603K->273174K(273728K), 0.0041300 secs]
21.778: [GC 21.780: [DefNew: 564K->62K(576K), 0.0022050 secs]21.782: [Train: 273186K->273186K(273280K), 0.0005650 secs] 273676K->273248K(273856K), 0.0047210 secs]
21.783: [GC 21.785: [DefNew: 564K->62K(576K), 0.0021820 secs]21.787: [Train: 273260K->273260K(273344K), 0.0005990 secs] 273750K->273578K(273920K), 0.0047500 secs]
21.788: [GC 21.790: [DefNew: 569K->36K(576K), 0.0021660 secs]21.792: [Train: 273324K->273324K(273408K), 0.0005690 secs] 273829K->273701K(273984K), 0.0046980 secs]
21.793: [GC 21.795: [DefNew: 546K->32K(576K), 0.0021480 secs]21.797: [Train: 273361K->273361K(273472K), 0.0006120 secs] 273871K->273778K(274048K), 0.0047290 secs]
21.798: [GC 21.800: [DefNew: 543K->19K(576K), 0.0021510 secs]21.802: [Train: 273384K->273384K(273472K), 0.0005660 secs] 273905K->273788K(274048K), 0.0046730 secs]
21.803: [GC 21.805: [DefNew: 530K->49K(576K), 0.0021380 secs]21.807: [Train: 273384K->273384K(273472K), 0.0005760 secs] 273915K->273817K(274048K), 0.0046660 secs]
21.808: [GC 21.809: [DefNew: 557K->36K(576K), 0.0021450 secs]21.812: [Train: 273406K->273406K(273536K), 0.0005660 secs] 273941K->273826K(274112K), 0.0046600 secs]
21.812: [GC 21.814: [DefNew: 547K->45K(576K), 0.0021360 secs]21.816: [Train: 273425K->273425K(273536K), 0.0005760 secs] 273953K->273855K(274112K), 0.0046660 secs]
21.817: [GC 21.819: [DefNew: 553K->36K(576K), 0.0021330 secs]21.821: [Train: 273442K->273442K(273536K), 0.0005690 secs] 273979K->273819K(274112K), 0.0046640 secs]
21.822: [GC 21.824: [DefNew: 546K->49K(576K), 0.0021410 secs]21.826: [Train: 273461K->273461K(273536K), 0.0005720 secs] 273989K->273766K(274112K), 0.0046640 secs]
21.827: [GC 21.829: [DefNew: 559K->49K(576K), 0.0021650 secs]21.831: [Train: 273502K->273502K(273600K), 0.0005750 secs] 274021K->273551K(274176K), 0.0046950 secs]
21.832: [GC 21.834: [DefNew: 551K->62K(576K), 0.0021740 secs]21.836: [Train: 273563K->273563K(273664K), 0.0006130 secs] 274054K->273625K(274240K), 0.0047550 secs]
21.837: [GC 21.839: [DefNew: 564K->62K(576K), 0.0021770 secs] 274128K->273699K(274240K), 0.0041340 secs]
21.842: [GC 21.844: [DefNew: 564K->62K(576K), 0.0022010 secs]21.846: [Train: 273711K->273711K(273792K), 0.0005970 secs] 274202K->273773K(274368K), 0.0047520 secs]
21.847: [GC 21.849: [DefNew: 564K->62K(576K), 0.0021990 secs]21.851: [Train: 273786K->273786K(273920K), 0.0005940 secs] 274275K->274105K(274496K), 0.0047580 secs]
21.852: [GC 21.854: [DefNew: 569K->45K(576K), 0.0021590 secs]21.856: [Train: 273839K->273839K(273920K), 0.0005720 secs] 274356K->274226K(274496K), 0.0047040 secs]
21.857: [GC 21.859: [DefNew: 556K->22K(576K), 0.0021510 secs]21.861: [Train: 273877K->273877K(273984K), 0.0005930 secs] 274396K->274284K(274560K), 0.0047110 secs]
21.862: [GC 21.864: [DefNew: 534K->52K(576K), 0.0021420 secs]21.866: [Train: 273877K->273877K(273984K), 0.0005700 secs] 274411K->274313K(274560K), 0.0046700 secs]
21.867: [GC 21.869: [DefNew: 560K->36K(576K), 0.0021450 secs]21.871: [Train: 273900K->273900K(273984K), 0.0005570 secs] 274437K->274320K(274560K), 0.0046560 secs]
21.872: [GC 21.873: [DefNew: 547K->45K(576K), 0.0021490 secs]21.875: [Train: 273921K->273921K(274048K), 0.0005750 secs] 274447K->274351K(274624K), 0.0046780 secs]
21.876: [GC 21.878: [DefNew: 553K->36K(576K), 0.0021360 secs]21.880: [Train: 273937K->273937K(274048K), 0.0005550 secs] 274475K->274357K(274624K), 0.0046590 secs]
21.881: [GC 21.883: [DefNew: 547K->45K(576K), 0.0021370 secs]21.885: [Train: 273957K->273957K(274048K), 0.0005510 secs] 274485K->274344K(274624K), 0.0046540 secs]
21.886: [GC 21.888: [DefNew: 556K->42K(576K), 0.0021560 secs]21.890: [Train: 273973K->273973K(274048K), 0.0005650 secs] 274514K->274272K(274624K), 0.0046760 secs]
21.891: [GC 21.893: [DefNew: 549K->58K(576K), 0.0021520 secs]21.895: [Train: 273995K->273995K(274112K), 0.0005680 secs] 274523K->274054K(274688K), 0.0046770 secs]
21.896: [GC 21.898: [DefNew: 561K->62K(576K), 0.0021820 secs]21.900: [Train: 274065K->274065K(274176K), 0.0005700 secs] 274556K->274128K(274752K), 0.0047260 secs]
21.901: [GC 21.903: [DefNew: 564K->62K(576K), 0.0021830 secs] 274630K->274201K(274752K), 0.0041480 secs]
21.906: [GC 21.908: [DefNew: 564K->62K(576K), 0.0021980 secs]21.910: [Train: 274213K->274213K(274304K), 0.0005730 secs] 274704K->274275K(274880K), 0.0047320 secs]
21.911: [GC 21.913: [DefNew: 564K->62K(576K), 0.0021950 secs]21.915: [Train: 274287K->274287K(274368K), 0.0006120 secs] 274778K->274605K(274944K), 0.0047750 secs]
21.916: [GC 21.918: [DefNew: 569K->36K(576K), 0.0021680 secs]21.920: [Train: 274351K->274351K(274432K), 0.0005880 secs] 274856K->274728K(275008K), 0.0047240 secs]
21.921: [GC 21.923: [DefNew: 546K->32K(576K), 0.0021550 secs]21.925: [Train: 274389K->274389K(274496K), 0.0005690 secs] 274898K->274805K(275072K), 0.0046890 secs]
21.926: [GC 21.928: [DefNew: 543K->19K(576K), 0.0021510 secs]21.930: [Train: 274412K->274412K(274496K), 0.0005680 secs] 274933K->274815K(275072K), 0.0046790 secs]
21.931: [GC 21.932: [DefNew: 530K->49K(576K), 0.0021360 secs]21.934: [Train: 274412K->274412K(274496K), 0.0005640 secs] 274942K->274845K(275072K), 0.0046560 secs]
21.935: [GC 21.937: [DefNew: 557K->36K(576K), 0.0021580 secs]21.939: [Train: 274433K->274433K(274560K), 0.0005880 secs] 274969K->274853K(275136K), 0.0047060 secs]
21.941: [GC 21.943: [DefNew: 547K->45K(576K), 0.0022240 secs]21.945: [Train: 274453K->274453K(274560K), 0.0006230 secs] 274980K->274882K(275136K), 0.0050640 secs]
21.946: [GC 21.948: [DefNew: 553K->36K(576K), 0.0021660 secs]21.950: [Train: 274469K->274469K(274560K), 0.0005960 secs] 275006K->274846K(275136K), 0.0047370 secs]
21.951: [GC 21.953: [DefNew: 546K->49K(576K), 0.0021570 secs]21.955: [Train: 274490K->274490K(274624K), 0.0005980 secs] 275016K->274795K(275200K), 0.0047220 secs]
21.956: [GC 21.958: [DefNew: 559K->49K(576K), 0.0021580 secs]21.960: [Train: 274530K->274530K(274624K), 0.0005800 secs] 275050K->274579K(275200K), 0.0047110 secs]
21.961: [GC 21.963: [DefNew: 551K->62K(576K), 0.0021820 secs]21.965: [Train: 274590K->274590K(274688K), 0.0005950 secs] 275081K->274653K(275264K), 0.0047710 secs]
21.967: [GC 21.968: [DefNew: 564K->62K(576K), 0.0021970 secs] 275155K->274726K(275264K), 0.0041580 secs]
21.971: [GC 21.973: [DefNew: 564K->62K(576K), 0.0022140 secs]21.975: [Train: 274738K->274738K(274816K), 0.0005860 secs] 275229K->274800K(275392K), 0.0047630 secs]
21.976: [GC 21.978: [DefNew: 564K->62K(576K), 0.0021950 secs]21.980: [Train: 274814K->274814K(274944K), 0.0005800 secs] 275303K->275132K(275520K), 0.0047530 secs]
21.981: [GC 21.983: [DefNew: 569K->45K(576K), 0.0021640 secs]21.985: [Train: 274866K->274866K(274944K), 0.0006000 secs] 275383K->275253K(275520K), 0.0047390 secs]
21.986: [GC 21.988: [DefNew: 556K->22K(576K), 0.0021630 secs]21.990: [Train: 274904K->274904K(275008K), 0.0005700 secs] 275423K->275311K(275584K), 0.0046980 secs]
21.991: [GC 21.993: [DefNew: 534K->52K(576K), 0.0021410 secs]21.995: [Train: 274904K->274904K(275008K), 0.0005490 secs] 275438K->275340K(275584K), 0.0046550 secs]
21.996: [GC 21.998: [DefNew: 560K->36K(576K), 0.0021560 secs]22.000: [Train: 274927K->274927K(275008K), 0.0005860 secs] 275464K->275347K(275584K), 0.0047240 secs]
22.001: [GC 22.003: [DefNew: 547K->45K(576K), 0.0021730 secs]22.005: [Train: 274948K->274948K(275072K), 0.0005860 secs] 275474K->275378K(275648K), 0.0047630 secs]
22.006: [GC 22.008: [DefNew: 553K->36K(576K), 0.0021680 secs]22.010: [Train: 274965K->274965K(275072K), 0.0005760 secs] 275502K->275385K(275648K), 0.0047150 secs]
22.011: [GC 22.012: [DefNew: 547K->45K(576K), 0.0021720 secs]22.015: [Train: 274984K->274984K(275072K), 0.0006010 secs] 275512K->275371K(275648K), 0.0047400 secs]
22.016: [GC 22.017: [DefNew: 556K->42K(576K), 0.0021680 secs]22.020: [Train: 275002K->275002K(275136K), 0.0005890 secs] 275541K->275301K(275712K), 0.0047350 secs]
22.021: [GC 22.022: [DefNew: 549K->58K(576K), 0.0021540 secs]22.025: [Train: 275022K->275022K(275136K), 0.0005740 secs] 275552K->275081K(275712K), 0.0047110 secs]
22.026: [GC 22.028: [DefNew: 561K->62K(576K), 0.0021980 secs]22.030: [Train: 275093K->275093K(275200K), 0.0006020 secs] 275583K->275155K(275776K), 0.0047780 secs]
22.031: [GC 22.033: [DefNew: 564K->62K(576K), 0.0022050 secs] 275657K->275229K(275776K), 0.0041680 secs]
22.036: [GC 22.037: [DefNew: 564K->62K(576K), 0.0022110 secs]22.040: [Train: 275240K->275240K(275328K), 0.0006020 secs] 275731K->275302K(275904K), 0.0047790 secs]
22.041: [GC 22.043: [DefNew: 564K->62K(576K), 0.0021910 secs]22.045: [Train: 275314K->275314K(275392K), 0.0005940 secs] 275805K->275632K(275968K), 0.0047690 secs]
22.046: [GC 22.048: [DefNew: 569K->36K(576K), 0.0021950 secs]22.050: [Train: 275378K->275378K(275456K), 0.0005820 secs] 275883K->275755K(276032K), 0.0047510 secs]
22.051: [GC 22.053: [DefNew: 546K->32K(576K), 0.0021680 secs]22.055: [Train: 275416K->275416K(275520K), 0.0005730 secs] 275925K->275833K(276096K), 0.0047100 secs]
22.056: [GC 22.057: [DefNew: 543K->19K(576K), 0.0021610 secs]22.060: [Train: 275439K->275439K(275520K), 0.0005680 secs] 275960K->275842K(276096K), 0.0046970 secs]
22.060: [GC 22.062: [DefNew: 530K->49K(576K), 0.0021380 secs]22.064: [Train: 275439K->275439K(275520K), 0.0005620 secs] 275970K->275872K(276096K), 0.0046720 secs]
22.065: [GC 22.067: [DefNew: 557K->36K(576K), 0.0021520 secs]22.069: [Train: 275460K->275460K(275584K), 0.0005870 secs] 275996K->275880K(276160K), 0.0047100 secs]
22.070: [GC 22.072: [DefNew: 547K->45K(576K), 0.0021590 secs]22.074: [Train: 275480K->275480K(275584K), 0.0005910 secs] 276007K->275910K(276160K), 0.0047160 secs]
22.075: [GC 22.077: [DefNew: 553K->36K(576K), 0.0021540 secs]22.079: [Train: 275496K->275496K(275584K), 0.0005610 secs] 276034K->275874K(276160K), 0.0046800 secs]
22.080: [GC 22.082: [DefNew: 546K->49K(576K), 0.0021710 secs]22.084: [Train: 275518K->275518K(275648K), 0.0005680 secs] 276043K->275823K(276224K), 0.0047060 secs]
22.085: [GC 22.087: [DefNew: 559K->49K(576K), 0.0021620 secs]22.089: [Train: 275557K->275557K(275648K), 0.0005750 secs] 276077K->275606K(276224K), 0.0047180 secs]
22.090: [GC 22.092: [DefNew: 551K->62K(576K), 0.0022000 secs]22.094: [Train: 275618K->275618K(275712K), 0.0005760 secs] 276108K->275680K(276288K), 0.0047550 secs]
22.095: [GC 22.097: [DefNew: 564K->62K(576K), 0.0022010 secs] 276182K->275754K(276288K), 0.0041650 secs]
22.100: [GC 22.102: [DefNew: 564K->62K(576K), 0.0022200 secs]22.104: [Train: 275765K->275765K(275840K), 0.0005650 secs] 276256K->275828K(276416K), 0.0047680 secs]
22.105: [GC 22.107: [DefNew: 564K->62K(576K), 0.0022070 secs]22.109: [Train: 275841K->275841K(275968K), 0.0006130 secs] 276330K->276159K(276544K), 0.0048310 secs]
22.110: [GC 22.112: [DefNew: 569K->45K(576K), 0.0021770 secs]22.114: [Train: 275893K->275893K(275968K), 0.0005690 secs] 276410K->276280K(276544K), 0.0047230 secs]
22.115: [GC 22.117: [DefNew: 556K->22K(576K), 0.0021800 secs]22.119: [Train: 275931K->275931K(276032K), 0.0006180 secs] 276450K->276338K(276608K), 0.0047700 secs]
22.120: [GC 22.122: [DefNew: 534K->52K(576K), 0.0021440 secs]22.124: [Train: 275931K->275931K(276032K), 0.0005700 secs] 276465K->276367K(276608K), 0.0046950 secs]
22.125: [GC 22.127: [DefNew: 560K->36K(576K), 0.0021520 secs]22.129: [Train: 275954K->275954K(276032K), 0.0005680 secs] 276491K->276374K(276608K), 0.0046930 secs]
22.130: [GC 22.131: [DefNew: 547K->45K(576K), 0.0021620 secs]22.134: [Train: 275976K->275976K(276096K), 0.0005790 secs] 276501K->276405K(276672K), 0.0047270 secs]
22.134: [GC 22.136: [DefNew: 553K->36K(576K), 0.0021570 secs]22.138: [Train: 275992K->275992K(276096K), 0.0005760 secs] 276529K->276412K(276672K), 0.0047020 secs]
22.139: [GC 22.141: [DefNew: 547K->45K(576K), 0.0022560 secs]22.143: [Train: 276012K->276012K(276096K), 0.0006710 secs] 276539K->276399K(276672K), 0.0049450 secs]
22.144: [GC 22.146: [DefNew: 556K->42K(576K), 0.0021760 secs]22.148: [Train: 276030K->276030K(276160K), 0.0005960 secs] 276568K->276328K(276736K), 0.0047960 secs]
22.149: [GC 22.151: [DefNew: 549K->58K(576K), 0.0021660 secs]22.153: [Train: 276049K->276049K(276160K), 0.0006390 secs] 276579K->276108K(276736K), 0.0047920 secs]
22.155: [GC 22.157: [DefNew: 561K->62K(576K), 0.0022070 secs]22.159: [Train: 276120K->276120K(276224K), 0.0005960 secs] 276611K->276182K(276800K), 0.0047950 secs]
22.160: [GC 22.162: [DefNew: 564K->62K(576K), 0.0021970 secs] 276684K->276256K(276800K), 0.0041740 secs]
22.165: [GC 22.166: [DefNew: 564K->62K(576K), 0.0022150 secs]22.169: [Train: 276268K->276268K(276352K), 0.0006050 secs] 276758K->276330K(276928K), 0.0048110 secs]
22.170: [GC 22.172: [DefNew: 564K->62K(576K), 0.0022060 secs]22.174: [Train: 276341K->276341K(276416K), 0.0005830 secs] 276832K->276660K(276992K), 0.0047760 secs]
22.175: [GC 22.177: [DefNew: 569K->36K(576K), 0.0022090 secs]22.179: [Train: 276405K->276405K(276480K), 0.0005840 secs] 276911K->276783K(277056K), 0.0047720 secs]
22.180: [GC 22.182: [DefNew: 546K->32K(576K), 0.0021820 secs]22.184: [Train: 276443K->276443K(276544K), 0.0005880 secs] 276952K->276860K(277120K), 0.0047460 secs]
22.185: [GC 22.186: [DefNew: 543K->19K(576K), 0.0021560 secs]22.189: [Train: 276466K->276466K(276544K), 0.0005840 secs] 276987K->276870K(277120K), 0.0047210 secs]
22.190: [GC 22.191: [DefNew: 530K->49K(576K), 0.0021460 secs]22.194: [Train: 276466K->276466K(276544K), 0.0005750 secs] 276997K->276899K(277120K), 0.0047080 secs]
22.194: [GC 22.196: [DefNew: 557K->36K(576K), 0.0021720 secs]22.198: [Train: 276488K->276488K(276608K), 0.0006060 secs] 277023K->276908K(277184K), 0.0047520 secs]
22.199: [GC 22.201: [DefNew: 547K->45K(576K), 0.0021760 secs]22.203: [Train: 276507K->276507K(276608K), 0.0005870 secs] 277035K->276937K(277184K), 0.0047370 secs]
22.204: [GC 22.206: [DefNew: 553K->36K(576K), 0.0021560 secs]22.208: [Train: 276524K->276524K(276608K), 0.0005640 secs] 277061K->276901K(277184K), 0.0047000 secs]
22.209: [GC 22.211: [DefNew: 546K->49K(576K), 0.0021670 secs]22.213: [Train: 276545K->276545K(276672K), 0.0005810 secs] 277071K->276850K(277248K), 0.0047430 secs]
22.214: [GC 22.216: [DefNew: 559K->49K(576K), 0.0021860 secs]22.218: [Train: 276584K->276584K(276672K), 0.0005760 secs] 277105K->276633K(277248K), 0.0047410 secs]
22.219: [GC 22.221: [DefNew: 551K->62K(576K), 0.0022090 secs]22.223: [Train: 276645K->276645K(276736K), 0.0005820 secs] 277136K->276707K(277312K), 0.0047850 secs]
22.224: [GC 22.226: [DefNew: 564K->62K(576K), 0.0022120 secs] 277210K->276781K(277312K), 0.0042020 secs]
22.229: [GC 22.231: [DefNew: 564K->62K(576K), 0.0022270 secs]22.233: [Train: 276794K->276794K(276928K), 0.0005930 secs] 277283K->276857K(277504K), 0.0048030 secs]
22.234: [GC 22.236: [DefNew: 564K->62K(576K), 0.0022310 secs]22.238: [Train: 276868K->276868K(276992K), 0.0006030 secs] 277359K->277186K(277568K), 0.0048280 secs]
22.239: [GC 22.241: [DefNew: 569K->45K(576K), 0.0022030 secs]22.243: [Train: 276922K->276922K(277056K), 0.0005770 secs] 277438K->277310K(277632K), 0.0047610 secs]
22.244: [GC 22.246: [DefNew: 556K->22K(576K), 0.0021700 secs]22.248: [Train: 276958K->276958K(277056K), 0.0005770 secs] 277479K->277365K(277632K), 0.0047320 secs]
22.249: [GC 22.251: [DefNew: 534K->52K(576K), 0.0021530 secs]22.253: [Train: 276958K->276958K(277056K), 0.0005810 secs] 277493K->277395K(277632K), 0.0047240 secs]
22.254: [GC 22.256: [DefNew: 560K->36K(576K), 0.0021710 secs]22.258: [Train: 276981K->276981K(277056K), 0.0005640 secs] 277519K->277401K(277632K), 0.0047110 secs]
22.259: [GC 22.261: [DefNew: 547K->45K(576K), 0.0021850 secs]22.263: [Train: 277003K->277003K(277120K), 0.0005900 secs] 277529K->277433K(277696K), 0.0047530 secs]
22.264: [GC 22.266: [DefNew: 553K->36K(576K), 0.0021670 secs]22.268: [Train: 277019K->277019K(277120K), 0.0005940 secs] 277557K->277439K(277696K), 0.0047400 secs]
22.269: [GC 22.270: [DefNew: 547K->45K(576K), 0.0021620 secs]22.273: [Train: 277039K->277039K(277120K), 0.0006060 secs] 277566K->277426K(277696K), 0.0047530 secs]
22.274: [GC 22.276: [DefNew: 556K->42K(576K), 0.0022470 secs]22.279: [Train: 277057K->277057K(277184K), 0.0006220 secs] 277596K->277356K(277760K), 0.0058560 secs]
22.280: [GC 22.282: [DefNew: 549K->58K(576K), 0.0021910 secs]22.284: [Train: 277077K->277077K(277184K), 0.0006010 secs] 277607K->277136K(277760K), 0.0048070 secs]
22.285: [GC 22.287: [DefNew: 561K->62K(576K), 0.0022270 secs]22.289: [Train: 277147K->277147K(277248K), 0.0006020 secs] 277638K->277209K(277824K), 0.0048580 secs]
22.290: [GC 22.292: [DefNew: 564K->62K(576K), 0.0022190 secs] 277712K->277283K(277824K), 0.0042020 secs]
22.295: [GC 22.297: [DefNew: 564K->62K(576K), 0.0022350 secs]22.299: [Train: 277295K->277295K(277376K), 0.0005830 secs] 277786K->277357K(277952K), 0.0048010 secs]
22.300: [GC 22.302: [DefNew: 564K->62K(576K), 0.0022290 secs]22.304: [Train: 277370K->277370K(277504K), 0.0005970 secs] 277859K->277689K(278080K), 0.0048250 secs]
22.305: [GC 22.307: [DefNew: 569K->36K(576K), 0.0022010 secs]22.309: [Train: 277434K->277434K(277568K), 0.0006170 secs] 277940K->277812K(278144K), 0.0048090 secs]
22.310: [GC 22.312: [DefNew: 546K->32K(576K), 0.0021840 secs]22.314: [Train: 277470K->277470K(277568K), 0.0005690 secs] 277981K->277887K(278144K), 0.0047370 secs]
22.315: [GC 22.317: [DefNew: 543K->19K(576K), 0.0021720 secs]22.319: [Train: 277493K->277493K(277568K), 0.0005570 secs] 278014K->277897K(278144K), 0.0047100 secs]
22.320: [GC 22.322: [DefNew: 530K->49K(576K), 0.0021550 secs]22.324: [Train: 277493K->277493K(277568K), 0.0005750 secs] 278024K->277926K(278144K), 0.0047240 secs]
22.325: [GC 22.327: [DefNew: 557K->36K(576K), 0.0021670 secs]22.329: [Train: 277515K->277515K(277632K), 0.0005720 secs] 278050K->277935K(278208K), 0.0047250 secs]
22.330: [GC 22.332: [DefNew: 547K->45K(576K), 0.0021770 secs]22.334: [Train: 277534K->277534K(277632K), 0.0005730 secs] 278062K->277964K(278208K), 0.0047320 secs]
22.335: [GC 22.336: [DefNew: 553K->36K(576K), 0.0021670 secs]22.339: [Train: 277551K->277551K(277632K), 0.0005570 secs] 278088K->277928K(278208K), 0.0047070 secs]
22.339: [GC 22.341: [DefNew: 546K->49K(576K), 0.0022070 secs]22.344: [Train: 277572K->277572K(277696K), 0.0006100 secs] 278098K->277877K(278272K), 0.0048270 secs]
22.345: [GC 22.346: [DefNew: 559K->49K(576K), 0.0021900 secs]22.349: [Train: 277612K->277612K(277696K), 0.0005780 secs] 278132K->277661K(278272K), 0.0047790 secs]
22.350: [GC 22.352: [DefNew: 551K->62K(576K), 0.0022090 secs]22.354: [Train: 277672K->277672K(277760K), 0.0006020 secs] 278163K->277734K(278336K), 0.0048100 secs]
22.355: [GC 22.357: [DefNew: 564K->62K(576K), 0.0022260 secs] 278237K->277808K(278336K), 0.0042080 secs]
22.360: [GC 22.362: [DefNew: 564K->62K(576K), 0.0022340 secs]22.364: [Train: 277822K->277822K(277952K), 0.0005820 secs] 278311K->277884K(278528K), 0.0048010 secs]
22.365: [GC 22.367: [DefNew: 564K->62K(576K), 0.0022100 secs]22.369: [Train: 277896K->277896K(278016K), 0.0005940 secs] 278386K->278214K(278592K), 0.0048330 secs]
22.370: [GC 22.372: [DefNew: 569K->45K(576K), 0.0021990 secs]22.374: [Train: 277950K->277950K(278080K), 0.0006170 secs] 278465K->278337K(278656K), 0.0048080 secs]
22.375: [GC 22.377: [DefNew: 556K->22K(576K), 0.0021800 secs]22.379: [Train: 277986K->277986K(278080K), 0.0005760 secs] 278506K->278393K(278656K), 0.0047430 secs]
22.380: [GC 22.382: [DefNew: 534K->52K(576K), 0.0021590 secs]22.384: [Train: 277986K->277986K(278080K), 0.0005690 secs] 278520K->278422K(278656K), 0.0047280 secs]
22.385: [GC 22.387: [DefNew: 560K->36K(576K), 0.0021750 secs]22.389: [Train: 278010K->278010K(278144K), 0.0005930 secs] 278546K->278430K(278720K), 0.0047600 secs]
22.390: [GC 22.391: [DefNew: 547K->45K(576K), 0.0021830 secs]22.394: [Train: 278030K->278030K(278144K), 0.0005820 secs] 278558K->278460K(278720K), 0.0047580 secs]
22.395: [GC 22.396: [DefNew: 553K->36K(576K), 0.0021730 secs]22.399: [Train: 278046K->278046K(278144K), 0.0005650 secs] 278584K->278466K(278720K), 0.0047230 secs]
22.399: [GC 22.401: [DefNew: 547K->45K(576K), 0.0021750 secs]22.403: [Train: 278066K->278066K(278144K), 0.0005990 secs] 278594K->278453K(278720K), 0.0047600 secs]
22.404: [GC 22.406: [DefNew: 556K->42K(576K), 0.0021770 secs]22.408: [Train: 278084K->278084K(278208K), 0.0005750 secs] 278623K->278383K(278784K), 0.0047610 secs]
22.409: [GC 22.411: [DefNew: 549K->58K(576K), 0.0021730 secs]22.413: [Train: 278104K->278104K(278208K), 0.0005750 secs] 278634K->278163K(278784K), 0.0047440 secs]
22.415: [GC 22.416: [DefNew: 561K->62K(576K), 0.0022250 secs]22.419: [Train: 278174K->278174K(278272K), 0.0005940 secs] 278665K->278237K(278848K), 0.0048180 secs]
22.420: [GC 22.422: [DefNew: 564K->62K(576K), 0.0022140 secs] 278739K->278310K(278848K), 0.0042020 secs]
22.424: [GC 22.426: [DefNew: 564K->62K(576K), 0.0022290 secs]22.429: [Train: 278322K->278322K(278400K), 0.0005700 secs] 278813K->278384K(278976K), 0.0047990 secs]
22.430: [GC 22.432: [DefNew: 564K->62K(576K), 0.0022430 secs]22.434: [Train: 278398K->278398K(278528K), 0.0005830 secs] 278887K->278716K(279104K), 0.0048260 secs]
22.435: [GC 22.437: [DefNew: 569K->36K(576K), 0.0022050 secs]22.439: [Train: 278462K->278462K(278592K), 0.0005800 secs] 278967K->278839K(279168K), 0.0047760 secs]
22.440: [GC 22.442: [DefNew: 546K->32K(576K), 0.0021930 secs]22.444: [Train: 278498K->278498K(278592K), 0.0005800 secs] 279009K->278914K(279168K), 0.0047700 secs]
22.445: [GC 22.446: [DefNew: 543K->19K(576K), 0.0021780 secs]22.449: [Train: 278522K->278522K(278656K), 0.0005700 secs] 279042K->278926K(279232K), 0.0047440 secs]
22.450: [GC 22.451: [DefNew: 530K->49K(576K), 0.0021620 secs]22.454: [Train: 278522K->278522K(278656K), 0.0005880 secs] 279053K->278955K(279232K), 0.0047450 secs]
22.454: [GC 22.456: [DefNew: 557K->36K(576K), 0.0021770 secs]22.458: [Train: 278542K->278542K(278656K), 0.0005630 secs] 279079K->278962K(279232K), 0.0047280 secs]
22.459: [GC 22.461: [DefNew: 547K->45K(576K), 0.0021790 secs]22.463: [Train: 278562K->278562K(278656K), 0.0005760 secs] 279089K->278991K(279232K), 0.0047440 secs]
22.464: [GC 22.466: [DefNew: 553K->36K(576K), 0.0021700 secs]22.468: [Train: 278578K->278578K(278656K), 0.0005650 secs] 279115K->278955K(279232K), 0.0047340 secs]
22.469: [GC 22.471: [DefNew: 546K->49K(576K), 0.0021790 secs]22.473: [Train: 278600K->278600K(278720K), 0.0005690 secs] 279125K->278905K(279296K), 0.0047460 secs]
22.474: [GC 22.476: [DefNew: 559K->49K(576K), 0.0021960 secs]22.478: [Train: 278639K->278639K(278720K), 0.0005780 secs] 279159K->278688K(279296K), 0.0047640 secs]
22.479: [GC 22.481: [DefNew: 551K->62K(576K), 0.0022140 secs]22.483: [Train: 278700K->278700K(278784K), 0.0006090 secs] 279190K->278762K(279360K), 0.0048240 secs]
22.485: [GC 22.486: [DefNew: 564K->62K(576K), 0.0022160 secs] 279264K->278836K(279360K), 0.0042100 secs]
22.489: [GC 22.491: [DefNew: 564K->62K(576K), 0.0022370 secs]22.493: [Train: 278849K->278849K(278976K), 0.0006000 secs] 279338K->278911K(279552K), 0.0048410 secs]
22.494: [GC 22.496: [DefNew: 564K->62K(576K), 0.0022240 secs]22.499: [Train: 278923K->278923K(279040K), 0.0005920 secs] 279414K->279241K(279616K), 0.0048280 secs]
22.500: [GC 22.501: [DefNew: 569K->45K(576K), 0.0022190 secs]22.504: [Train: 278977K->278977K(279104K), 0.0006190 secs] 279492K->279364K(279680K), 0.0048380 secs]
22.505: [GC 22.506: [DefNew: 556K->22K(576K), 0.0021870 secs]22.509: [Train: 279013K->279013K(279104K), 0.0005910 secs] 279534K->279420K(279680K), 0.0047780 secs]
22.509: [GC 22.511: [DefNew: 534K->52K(576K), 0.0021660 secs]22.513: [Train: 279013K->279013K(279104K), 0.0005930 secs] 279547K->279449K(279680K), 0.0047580 secs]
22.514: [GC 22.516: [DefNew: 560K->36K(576K), 0.0021930 secs]22.518: [Train: 279038K->279038K(279168K), 0.0005880 secs] 279573K->279458K(279744K), 0.0047730 secs]
22.519: [GC 22.521: [DefNew: 547K->45K(576K), 0.0021870 secs]22.523: [Train: 279057K->279057K(279168K), 0.0005710 secs] 279585K->279487K(279744K), 0.0047480 secs]
22.524: [GC 22.526: [DefNew: 553K->36K(576K), 0.0021750 secs]22.528: [Train: 279074K->279074K(279168K), 0.0005750 secs] 279611K->279494K(279744K), 0.0047580 secs]
22.529: [GC 22.531: [DefNew: 547K->45K(576K), 0.0021780 secs]22.533: [Train: 279093K->279093K(279168K), 0.0005660 secs] 279621K->279523K(279744K), 0.0047480 secs]
22.534: [GC 22.536: [DefNew: 553K->36K(576K), 0.0021950 secs]22.538: [Train: 279112K->279112K(279232K), 0.0005720 secs] 279647K->279489K(279808K), 0.0047580 secs]
22.539: [GC 22.541: [DefNew: 546K->49K(576K), 0.0021900 secs]22.543: [Train: 279131K->279131K(279232K), 0.0005850 secs] 279658K->279436K(279808K), 0.0047670 secs]
22.544: [GC 22.546: [DefNew: 559K->49K(576K), 0.0022020 secs]22.548: [Train: 279172K->279172K(279296K), 0.0005840 secs] 279691K->279221K(279872K), 0.0047870 secs]
22.549: [GC 22.551: [DefNew: 551K->62K(576K), 0.0022250 secs]22.553: [Train: 279233K->279233K(279360K), 0.0006080 secs] 279724K->279295K(279936K), 0.0048530 secs]
22.554: [GC 22.556: [DefNew: 564K->62K(576K), 0.0022380 secs] 279798K->279369K(279936K), 0.0042310 secs]
22.559: [GC 22.561: [DefNew: 564K->62K(576K), 0.0022520 secs]22.563: [Train: 279381K->279381K(279488K), 0.0005950 secs] 279871K->279443K(280064K), 0.0048460 secs]
22.564: [GC 22.566: [DefNew: 564K->62K(576K), 0.0022330 secs]22.568: [Train: 279454K->279454K(279552K), 0.0006000 secs] 279945K->279773K(280128K), 0.0048480 secs]
22.569: [GC 22.571: [DefNew: 569K->45K(576K), 0.0022240 secs]22.574: [Train: 279509K->279509K(279616K), 0.0006450 secs] 280024K->279896K(280192K), 0.0048790 secs]
22.575: [GC 22.576: [DefNew: 556K->22K(576K), 0.0022020 secs]22.579: [Train: 279546K->279546K(279680K), 0.0005840 secs] 280065K->279953K(280256K), 0.0047870 secs]
22.579: [GC 22.581: [DefNew: 534K->52K(576K), 0.0021760 secs]22.583: [Train: 279546K->279546K(279680K), 0.0005900 secs] 280081K->279983K(280256K), 0.0047620 secs]
22.584: [GC 22.586: [DefNew: 560K->36K(576K), 0.0021840 secs]22.588: [Train: 279569K->279569K(279680K), 0.0005770 secs] 280107K->279989K(280256K), 0.0047720 secs]
22.589: [GC 22.591: [DefNew: 547K->45K(576K), 0.0021840 secs]22.593: [Train: 279589K->279589K(279680K), 0.0005910 secs] 280117K->280019K(280256K), 0.0047770 secs]
22.594: [GC 22.596: [DefNew: 553K->36K(576K), 0.0021930 secs]22.598: [Train: 279605K->279605K(279680K), 0.0006120 secs] 280143K->280025K(280256K), 0.0048000 secs]
22.599: [GC 22.601: [DefNew: 547K->45K(576K), 0.0021950 secs]22.603: [Train: 279627K->279627K(279744K), 0.0005980 secs] 280153K->280014K(280320K), 0.0047910 secs]
22.604: [GC 22.606: [DefNew: 556K->42K(576K), 0.0021840 secs]22.608: [Train: 279643K->279643K(279744K), 0.0005680 secs] 280184K->279942K(280320K), 0.0047580 secs]
22.609: [GC 22.611: [DefNew: 549K->58K(576K), 0.0021860 secs]22.613: [Train: 279663K->279663K(279744K), 0.0006160 secs] 280193K->279722K(280320K), 0.0048170 secs]
22.614: [GC 22.616: [DefNew: 561K->62K(576K), 0.0022380 secs]22.618: [Train: 279733K->279733K(279808K), 0.0006110 secs] 280224K->279796K(280384K), 0.0048580 secs]
22.620: [GC 22.622: [DefNew: 564K->62K(576K), 0.0022550 secs] 280298K->279871K(280448K), 0.0042520 secs]
22.624: [GC 22.626: [DefNew: 564K->62K(576K), 0.0022400 secs]22.628: [Train: 279883K->279883K(280000K), 0.0006050 secs] 280374K->279945K(280576K), 0.0048520 secs]
22.630: [GC 22.632: [DefNew: 564K->62K(576K), 0.0022480 secs]22.634: [Train: 279957K->279957K(280064K), 0.0005820 secs] 280447K->280275K(280640K), 0.0048450 secs]
22.635: [GC 22.637: [DefNew: 569K->36K(576K), 0.0022260 secs]22.639: [Train: 280021K->280021K(280128K), 0.0005880 secs] 280526K->280398K(280704K), 0.0048190 secs]
22.640: [GC 22.642: [DefNew: 546K->32K(576K), 0.0022080 secs]22.644: [Train: 280058K->280058K(280192K), 0.0005780 secs] 280568K->280475K(280768K), 0.0047920 secs]
22.645: [GC 22.647: [DefNew: 543K->19K(576K), 0.0021860 secs]22.649: [Train: 280081K->280081K(280192K), 0.0005610 secs] 280602K->280485K(280768K), 0.0047630 secs]
22.650: [GC 22.651: [DefNew: 530K->49K(576K), 0.0021810 secs]22.654: [Train: 280081K->280081K(280192K), 0.0006230 secs] 280612K->280514K(280768K), 0.0048120 secs]
22.655: [GC 22.656: [DefNew: 557K->36K(576K), 0.0021990 secs]22.659: [Train: 280101K->280101K(280192K), 0.0006090 secs] 280638K->280521K(280768K), 0.0048070 secs]
22.659: [GC 22.661: [DefNew: 547K->45K(576K), 0.0021990 secs]22.664: [Train: 280122K->280122K(280256K), 0.0005920 secs] 280648K->280552K(280832K), 0.0047910 secs]
22.664: [GC 22.666: [DefNew: 553K->36K(576K), 0.0021820 secs]22.668: [Train: 280139K->280139K(280256K), 0.0005650 secs] 280676K->280516K(280832K), 0.0047560 secs]
22.669: [GC 22.671: [DefNew: 546K->49K(576K), 0.0021860 secs]22.673: [Train: 280158K->280158K(280256K), 0.0005860 secs] 280686K->280463K(280832K), 0.0047870 secs]
22.674: [GC 22.676: [DefNew: 559K->49K(576K), 0.0022130 secs]22.678: [Train: 280200K->280200K(280320K), 0.0005780 secs] 280718K->280249K(280896K), 0.0047950 secs]
22.680: [GC 22.681: [DefNew: 551K->62K(576K), 0.0022420 secs]22.684: [Train: 280260K->280260K(280384K), 0.0006060 secs] 280751K->280322K(280960K), 0.0048600 secs]
22.685: [GC 22.687: [DefNew: 564K->62K(576K), 0.0022380 secs] 280825K->280396K(280960K), 0.0042440 secs]
22.690: [GC 22.691: [DefNew: 564K->62K(576K), 0.0022530 secs]22.694: [Train: 280408K->280408K(280512K), 0.0006330 secs] 280899K->280470K(281088K), 0.0048920 secs]
22.695: [GC 22.697: [DefNew: 564K->62K(576K), 0.0022410 secs]22.699: [Train: 280482K->280482K(280576K), 0.0006200 secs] 280972K->280800K(281152K), 0.0048750 secs]
22.700: [GC 22.702: [DefNew: 569K->45K(576K), 0.0022190 secs]22.704: [Train: 280536K->280536K(280640K), 0.0006180 secs] 281051K->280923K(281216K), 0.0048520 secs]
22.705: [GC 22.707: [DefNew: 556K->22K(576K), 0.0022030 secs]22.709: [Train: 280574K->280574K(280704K), 0.0006160 secs] 281093K->280981K(281280K), 0.0048440 secs]
22.710: [GC 22.712: [DefNew: 534K->52K(576K), 0.0021820 secs]22.714: [Train: 280574K->280574K(280704K), 0.0005940 secs] 281108K->281010K(281280K), 0.0047790 secs]
22.715: [GC 22.717: [DefNew: 560K->36K(576K), 0.0022040 secs]22.719: [Train: 280597K->280597K(280704K), 0.0005840 secs] 281134K->281017K(281280K), 0.0047920 secs]
22.720: [GC 22.722: [DefNew: 547K->45K(576K), 0.0021910 secs]22.724: [Train: 280616K->280616K(280704K), 0.0005950 secs] 281144K->281046K(281280K), 0.0047970 secs]
22.725: [GC 22.727: [DefNew: 553K->36K(576K), 0.0021920 secs]22.729: [Train: 280634K->280634K(280768K), 0.0005880 secs] 281170K->281054K(281344K), 0.0047910 secs]
22.730: [GC 22.732: [DefNew: 547K->45K(576K), 0.0021930 secs]22.734: [Train: 280654K->280654K(280768K), 0.0005860 secs] 281182K->281041K(281344K), 0.0047850 secs]
22.735: [GC 22.737: [DefNew: 556K->42K(576K), 0.0021920 secs]22.739: [Train: 280670K->280670K(280768K), 0.0005880 secs] 281211K->280969K(281344K), 0.0047850 secs]
22.740: [GC 22.742: [DefNew: 549K->58K(576K), 0.0022170 secs]22.744: [Train: 280690K->280690K(280768K), 0.0005760 secs] 281220K->280749K(281344K), 0.0048100 secs]
22.745: [GC 22.747: [DefNew: 561K->62K(576K), 0.0022550 secs]22.749: [Train: 280762K->280762K(280896K), 0.0006110 secs] 281251K->280825K(281472K), 0.0048890 secs]
22.750: [GC 22.752: [DefNew: 564K->62K(576K), 0.0022580 secs] 281327K->280898K(281472K), 0.0042580 secs]
22.755: [GC 22.757: [DefNew: 564K->62K(576K), 0.0022510 secs]22.759: [Train: 280910K->280910K(281024K), 0.0005870 secs] 281401K->280972K(281600K), 0.0048450 secs]
22.760: [GC 22.762: [DefNew: 564K->62K(576K), 0.0022410 secs]22.764: [Train: 280984K->280984K(281088K), 0.0005910 secs] 281475K->281302K(281664K), 0.0048550 secs]
22.765: [GC 22.767: [DefNew: 569K->36K(576K), 0.0022270 secs]22.770: [Train: 281048K->281048K(281152K), 0.0005930 secs] 281553K->281425K(281728K), 0.0048570 secs]
22.770: [GC 22.772: [DefNew: 546K->32K(576K), 0.0022150 secs]22.775: [Train: 281086K->281086K(281216K), 0.0005830 secs] 281595K->281502K(281792K), 0.0048060 secs]
22.775: [GC 22.777: [DefNew: 543K->19K(576K), 0.0022050 secs]22.780: [Train: 281109K->281109K(281216K), 0.0005760 secs] 281630K->281512K(281792K), 0.0047870 secs]
22.780: [GC 22.782: [DefNew: 530K->49K(576K), 0.0021860 secs]22.784: [Train: 281109K->281109K(281216K), 0.0005700 secs] 281639K->281542K(281792K), 0.0047690 secs]
22.785: [GC 22.787: [DefNew: 557K->36K(576K), 0.0021930 secs]22.789: [Train: 281128K->281128K(281216K), 0.0005900 secs] 281666K->281548K(281792K), 0.0047960 secs]
22.790: [GC 22.792: [DefNew: 547K->45K(576K), 0.0022120 secs]22.794: [Train: 281150K->281150K(281280K), 0.0005790 secs] 281675K->281579K(281856K), 0.0047980 secs]
22.795: [GC 22.797: [DefNew: 553K->36K(576K), 0.0021950 secs]22.799: [Train: 281166K->281166K(281280K), 0.0005640 secs] 281703K->281543K(281856K), 0.0047640 secs]
22.800: [GC 22.802: [DefNew: 546K->49K(576K), 0.0021960 secs]22.804: [Train: 281186K->281186K(281280K), 0.0005970 secs] 281713K->281491K(281856K), 0.0048230 secs]
22.805: [GC 22.807: [DefNew: 559K->49K(576K), 0.0022190 secs]22.809: [Train: 281227K->281227K(281344K), 0.0005910 secs] 281745K->281276K(281920K), 0.0048280 secs]
22.810: [GC 22.812: [DefNew: 551K->62K(576K), 0.0022500 secs]22.815: [Train: 281288K->281288K(281408K), 0.0006290 secs] 281778K->281350K(281984K), 0.0048980 secs]
22.816: [GC 22.818: [DefNew: 564K->62K(576K), 0.0022480 secs] 281852K->281423K(281984K), 0.0042540 secs]
22.820: [GC 22.822: [DefNew: 564K->62K(576K), 0.0022500 secs]22.825: [Train: 281435K->281435K(281536K), 0.0005870 secs] 281926K->281497K(282112K), 0.0048510 secs]
22.826: [GC 22.828: [DefNew: 564K->62K(576K), 0.0022570 secs]22.830: [Train: 281509K->281509K(281600K), 0.0005970 secs] 282000K->281827K(282176K), 0.0048770 secs]
22.831: [GC 22.833: [DefNew: 569K->45K(576K), 0.0022310 secs]22.835: [Train: 281563K->281563K(281664K), 0.0005850 secs] 282078K->281950K(282240K), 0.0048300 secs]
22.836: [GC 22.838: [DefNew: 556K->22K(576K), 0.0022100 secs]22.840: [Train: 281601K->281601K(281728K), 0.0005880 secs] 282120K->282008K(282304K), 0.0048250 secs]
22.841: [GC 22.843: [DefNew: 534K->52K(576K), 0.0021850 secs]22.845: [Train: 281601K->281601K(281728K), 0.0005890 secs] 282135K->282037K(282304K), 0.0047900 secs]
22.846: [GC 22.848: [DefNew: 560K->36K(576K), 0.0022160 secs]22.850: [Train: 281624K->281624K(281728K), 0.0005680 secs] 282161K->282044K(282304K), 0.0047990 secs]
22.851: [GC 22.853: [DefNew: 547K->45K(576K), 0.0022050 secs]22.855: [Train: 281644K->281644K(281728K), 0.0005890 secs] 282171K->282073K(282304K), 0.0048040 secs]
22.856: [GC 22.858: [DefNew: 553K->36K(576K), 0.0022020 secs]22.860: [Train: 281662K->281662K(281792K), 0.0005820 secs] 282197K->282082K(282368K), 0.0047930 secs]
22.861: [GC 22.862: [DefNew: 547K->45K(576K), 0.0021950 secs]22.865: [Train: 281681K->281681K(281792K), 0.0005650 secs] 282209K->282068K(282368K), 0.0047810 secs]
22.866: [GC 22.867: [DefNew: 556K->42K(576K), 0.0021940 secs]22.870: [Train: 281698K->281698K(281792K), 0.0005910 secs] 282238K->281996K(282368K), 0.0048070 secs]
22.871: [GC 22.872: [DefNew: 549K->58K(576K), 0.0022130 secs]22.875: [Train: 281717K->281717K(281792K), 0.0005930 secs] 282247K->281776K(282368K), 0.0048180 secs]
22.876: [GC 22.878: [DefNew: 561K->62K(576K), 0.0022510 secs]22.880: [Train: 281790K->281790K(281920K), 0.0005860 secs] 282279K->281852K(282496K), 0.0048630 secs]
22.881: [GC 22.883: [DefNew: 564K->62K(576K), 0.0022430 secs] 282354K->281926K(282496K), 0.0042620 secs]
22.886: [GC 22.888: [DefNew: 564K->62K(576K), 0.0022800 secs]22.890: [Train: 281937K->281937K(282048K), 0.0006330 secs] 282428K->282000K(282624K), 0.0049280 secs]
22.891: [GC 22.893: [DefNew: 564K->62K(576K), 0.0022480 secs]22.895: [Train: 282011K->282011K(282112K), 0.0005960 secs] 282502K->282329K(282688K), 0.0048720 secs]
22.896: [GC 22.898: [DefNew: 569K->36K(576K), 0.0022270 secs]22.901: [Train: 282075K->282075K(282176K), 0.0005980 secs] 282581K->282453K(282752K), 0.0048570 secs]
22.901: [GC 22.903: [DefNew: 546K->32K(576K), 0.0022110 secs]22.906: [Train: 282113K->282113K(282240K), 0.0005940 secs] 282622K->282530K(282816K), 0.0048280 secs]
22.906: [GC 22.908: [DefNew: 543K->19K(576K), 0.0022140 secs]22.910: [Train: 282136K->282136K(282240K), 0.0006130 secs] 282657K->282540K(282816K), 0.0048440 secs]
22.911: [GC 22.913: [DefNew: 530K->49K(576K), 0.0021940 secs]22.915: [Train: 282136K->282136K(282240K), 0.0005880 secs] 282667K->282569K(282816K), 0.0047960 secs]
22.916: [GC 22.918: [DefNew: 557K->36K(576K), 0.0021970 secs]22.920: [Train: 282156K->282156K(282240K), 0.0005790 secs] 282693K->282576K(282816K), 0.0047940 secs]
22.921: [GC 22.923: [DefNew: 547K->45K(576K), 0.0022050 secs]22.925: [Train: 282177K->282177K(282304K), 0.0006010 secs] 282703K->282607K(282880K), 0.0048340 secs]
22.926: [GC 22.928: [DefNew: 553K->36K(576K), 0.0022010 secs]22.930: [Train: 282193K->282193K(282304K), 0.0005750 secs] 282731K->282571K(282880K), 0.0047890 secs]
22.931: [GC 22.933: [DefNew: 546K->49K(576K), 0.0022170 secs]22.935: [Train: 282213K->282213K(282304K), 0.0005830 secs] 282740K->282518K(282880K), 0.0048130 secs]
22.936: [GC 22.938: [DefNew: 559K->49K(576K), 0.0022160 secs]22.940: [Train: 282254K->282254K(282368K), 0.0005970 secs] 282773K->282303K(282944K), 0.0048360 secs]
22.942: [GC 22.943: [DefNew: 551K->62K(576K), 0.0022460 secs]22.946: [Train: 282315K->282315K(282432K), 0.0006080 secs] 282806K->282377K(283008K), 0.0049120 secs]
22.947: [GC 22.949: [DefNew: 564K->62K(576K), 0.0022610 secs] 282879K->282451K(283008K), 0.0042750 secs]
22.952: [GC 22.953: [DefNew: 564K->62K(576K), 0.0022580 secs]22.956: [Train: 282462K->282462K(282560K), 0.0006030 secs] 282953K->282525K(283136K), 0.0048770 secs]
22.957: [GC 22.959: [DefNew: 564K->62K(576K), 0.0022470 secs]22.961: [Train: 282536K->282536K(282624K), 0.0006040 secs] 283027K->282854K(283200K), 0.0049000 secs]
22.962: [GC 22.964: [DefNew: 569K->45K(576K), 0.0022340 secs]22.966: [Train: 282590K->282590K(282688K), 0.0006060 secs] 283106K->282978K(283264K), 0.0048610 secs]
22.967: [GC 22.969: [DefNew: 556K->22K(576K), 0.0022290 secs]22.971: [Train: 282628K->282628K(282752K), 0.0005840 secs] 283147K->283035K(283328K), 0.0048350 secs]
22.972: [GC 22.974: [DefNew: 534K->52K(576K), 0.0021950 secs]22.976: [Train: 282628K->282628K(282752K), 0.0005640 secs] 283162K->283065K(283328K), 0.0047820 secs]
22.977: [GC 22.979: [DefNew: 560K->36K(576K), 0.0022050 secs]22.981: [Train: 282651K->282651K(282752K), 0.0005690 secs] 283189K->283071K(283328K), 0.0048110 secs]
22.982: [GC 22.984: [DefNew: 547K->45K(576K), 0.0022070 secs]22.986: [Train: 282671K->282671K(282752K), 0.0005690 secs] 283198K->283101K(283328K), 0.0047920 secs]
22.987: [GC 22.989: [DefNew: 553K->36K(576K), 0.0022110 secs]22.991: [Train: 282689K->282689K(282816K), 0.0005730 secs] 283225K->283109K(283392K), 0.0048020 secs]
22.992: [GC 22.994: [DefNew: 547K->45K(576K), 0.0022160 secs]22.996: [Train: 282709K->282709K(282816K), 0.0006060 secs] 283236K->283096K(283392K), 0.0048360 secs]
22.997: [GC 22.999: [DefNew: 556K->42K(576K), 0.0022040 secs]23.001: [Train: 282725K->282725K(282816K), 0.0005930 secs] 283265K->283024K(283392K), 0.0048280 secs]
23.002: [GC 23.004: [DefNew: 549K->58K(576K), 0.0022330 secs]23.006: [Train: 282746K->282746K(282880K), 0.0006040 secs] 283275K->282805K(283456K), 0.0048600 secs]
23.007: [GC 23.009: [DefNew: 561K->62K(576K), 0.0022610 secs]23.011: [Train: 282817K->282817K(282944K), 0.0005870 secs] 283308K->282879K(283520K), 0.0048770 secs]
23.013: [GC 23.014: [DefNew: 564K->62K(576K), 0.0022550 secs] 283382K->282953K(283520K), 0.0042830 secs]
23.017: [GC 23.019: [DefNew: 564K->62K(576K), 0.0022660 secs]23.021: [Train: 282965K->282965K(283072K), 0.0006220 secs] 283455K->283027K(283648K), 0.0049260 secs]
23.023: [GC 23.024: [DefNew: 564K->62K(576K), 0.0022600 secs]23.027: [Train: 283038K->283038K(283136K), 0.0006010 secs] 283529K->283357K(283712K), 0.0048940 secs]
23.028: [GC 23.030: [DefNew: 569K->36K(576K), 0.0022590 secs]23.032: [Train: 283102K->283102K(283200K), 0.0005840 secs] 283608K->283480K(283776K), 0.0048680 secs]
23.033: [GC 23.035: [DefNew: 546K->32K(576K), 0.0022270 secs]23.037: [Train: 283140K->283140K(283264K), 0.0006000 secs] 283649K->283557K(283840K), 0.0048570 secs]
23.038: [GC 23.040: [DefNew: 543K->19K(576K), 0.0022230 secs]23.042: [Train: 283163K->283163K(283264K), 0.0006060 secs] 283684K->283567K(283840K), 0.0048510 secs]
23.043: [GC 23.045: [DefNew: 530K->49K(576K), 0.0022030 secs]23.047: [Train: 283163K->283163K(283264K), 0.0006000 secs] 283694K->283596K(283840K), 0.0048320 secs]
23.048: [GC 23.050: [DefNew: 557K->36K(576K), 0.0022210 secs]23.052: [Train: 283183K->283183K(283264K), 0.0005910 secs] 283720K->283603K(283840K), 0.0048350 secs]
23.053: [GC 23.055: [DefNew: 547K->45K(576K), 0.0022150 secs]23.057: [Train: 283204K->283204K(283328K), 0.0006210 secs] 283730K->283634K(283904K), 0.0048700 secs]
23.058: [GC 23.060: [DefNew: 553K->36K(576K), 0.0022120 secs]23.062: [Train: 283221K->283221K(283328K), 0.0005840 secs] 283758K->283598K(283904K), 0.0048200 secs]
23.063: [GC 23.065: [DefNew: 546K->49K(576K), 0.0022250 secs]23.067: [Train: 283240K->283240K(283328K), 0.0005780 secs] 283768K->283545K(283904K), 0.0048270 secs]
23.068: [GC 23.070: [DefNew: 559K->49K(576K), 0.0022310 secs]23.072: [Train: 283281K->283281K(283392K), 0.0005960 secs] 283800K->283330K(283968K), 0.0048600 secs]
23.073: [GC 23.075: [DefNew: 551K->62K(576K), 0.0022530 secs]23.077: [Train: 283342K->283342K(283456K), 0.0006120 secs] 283833K->283404K(284032K), 0.0049090 secs]
23.078: [GC 23.080: [DefNew: 564K->62K(576K), 0.0022660 secs] 283907K->283478K(284032K), 0.0042880 secs]
23.083: [GC 23.085: [DefNew: 564K->62K(576K), 0.0022650 secs]23.087: [Train: 283490K->283490K(283584K), 0.0005890 secs] 283980K->283552K(284160K), 0.0048800 secs]
23.089: [GC 23.090: [DefNew: 564K->62K(576K), 0.0022590 secs]23.093: [Train: 283564K->283564K(283648K), 0.0005850 secs] 284054K->283882K(284224K), 0.0049060 secs]
23.094: [GC 23.096: [DefNew: 569K->45K(576K), 0.0022460 secs]23.098: [Train: 283618K->283618K(283712K), 0.0006040 secs] 284133K->284005K(284288K), 0.0048810 secs]
23.099: [GC 23.101: [DefNew: 556K->22K(576K), 0.0022450 secs]23.103: [Train: 283656K->283656K(283776K), 0.0005820 secs] 284174K->284062K(284352K), 0.0048570 secs]
23.104: [GC 23.106: [DefNew: 534K->52K(576K), 0.0022050 secs]23.108: [Train: 283656K->283656K(283776K), 0.0006040 secs] 284190K->284092K(284352K), 0.0048350 secs]
23.109: [GC 23.111: [DefNew: 560K->36K(576K), 0.0022110 secs]23.113: [Train: 283678K->283678K(283776K), 0.0005720 secs] 284216K->284098K(284352K), 0.0048170 secs]
23.114: [GC 23.116: [DefNew: 547K->45K(576K), 0.0022260 secs]23.118: [Train: 283698K->283698K(283776K), 0.0006040 secs] 284226K->284128K(284352K), 0.0048550 secs]
23.119: [GC 23.121: [DefNew: 553K->36K(576K), 0.0022220 secs]23.123: [Train: 283716K->283716K(283840K), 0.0006110 secs] 284252K->284136K(284416K), 0.0048630 secs]
23.124: [GC 23.126: [DefNew: 547K->45K(576K), 0.0022300 secs]23.128: [Train: 283736K->283736K(283840K), 0.0005990 secs] 284263K->284123K(284416K), 0.0048580 secs]
23.129: [GC 23.131: [DefNew: 556K->42K(576K), 0.0022130 secs]23.133: [Train: 283752K->283752K(283840K), 0.0006080 secs] 284293K->284051K(284416K), 0.0048500 secs]
23.134: [GC 23.136: [DefNew: 549K->58K(576K), 0.0022370 secs]23.138: [Train: 283774K->283774K(283904K), 0.0006190 secs] 284302K->283833K(284480K), 0.0048870 secs]
23.139: [GC 23.141: [DefNew: 561K->62K(576K), 0.0022870 secs]23.143: [Train: 283844K->283844K(283968K), 0.0006080 secs] 284335K->283906K(284544K), 0.0049370 secs]
23.145: [GC 23.146: [DefNew: 564K->62K(576K), 0.0022610 secs] 284409K->283980K(284544K), 0.0042960 secs]
23.149: [GC 23.151: [DefNew: 564K->62K(576K), 0.0022710 secs]23.153: [Train: 283992K->283992K(284096K), 0.0006170 secs] 284483K->284054K(284672K), 0.0049380 secs]
23.155: [GC 23.157: [DefNew: 564K->62K(576K), 0.0022700 secs]23.159: [Train: 284066K->284066K(284160K), 0.0005870 secs] 284556K->284384K(284736K), 0.0048990 secs]
23.160: [GC 23.162: [DefNew: 569K->36K(576K), 0.0022510 secs]23.164: [Train: 284130K->284130K(284224K), 0.0005850 secs] 284635K->284507K(284800K), 0.0048830 secs]
23.165: [GC 23.167: [DefNew: 546K->32K(576K), 0.0022340 secs]23.169: [Train: 284168K->284168K(284288K), 0.0006040 secs] 284677K->284584K(284864K), 0.0048810 secs]
23.170: [GC 23.172: [DefNew: 543K->19K(576K), 0.0022310 secs]23.174: [Train: 284190K->284190K(284288K), 0.0005950 secs] 284711K->284594K(284864K), 0.0048560 secs]
23.175: [GC 23.177: [DefNew: 530K->49K(576K), 0.0022100 secs]23.179: [Train: 284190K->284190K(284288K), 0.0006060 secs] 284721K->284623K(284864K), 0.0048440 secs]
23.180: [GC 23.182: [DefNew: 557K->36K(576K), 0.0022140 secs]23.184: [Train: 284210K->284210K(284288K), 0.0005860 secs] 284747K->284630K(284864K), 0.0048340 secs]
23.185: [GC 23.187: [DefNew: 547K->45K(576K), 0.0022250 secs]23.189: [Train: 284232K->284232K(284352K), 0.0005850 secs] 284757K->284661K(284928K), 0.0048580 secs]
23.190: [GC 23.192: [DefNew: 553K->36K(576K), 0.0022200 secs]23.194: [Train: 284248K->284248K(284352K), 0.0005740 secs] 284785K->284625K(284928K), 0.0048240 secs]
23.195: [GC 23.197: [DefNew: 546K->49K(576K), 0.0022330 secs]23.199: [Train: 284268K->284268K(284352K), 0.0005790 secs] 284795K->284573K(284928K), 0.0048420 secs]
23.200: [GC 23.202: [DefNew: 559K->49K(576K), 0.0022400 secs]23.204: [Train: 284309K->284309K(284416K), 0.0006120 secs] 284827K->284358K(284992K), 0.0048940 secs]
23.205: [GC 23.207: [DefNew: 551K->62K(576K), 0.0022610 secs]23.209: [Train: 284369K->284369K(284480K), 0.0006170 secs] 284860K->284431K(285056K), 0.0049310 secs]
23.211: [GC 23.213: [DefNew: 564K->62K(576K), 0.0022750 secs] 284934K->284505K(285056K), 0.0043080 secs]
23.215: [GC 23.217: [DefNew: 564K->62K(576K), 0.0022730 secs]23.220: [Train: 284517K->284517K(284608K), 0.0006250 secs] 285008K->284579K(285184K), 0.0049310 secs]
23.221: [GC 23.223: [DefNew: 564K->62K(576K), 0.0022690 secs]23.225: [Train: 284591K->284591K(284672K), 0.0006010 secs] 285082K->284909K(285248K), 0.0049450 secs]
23.226: [GC 23.228: [DefNew: 569K->45K(576K), 0.0022580 secs]23.230: [Train: 284645K->284645K(284736K), 0.0006160 secs] 285160K->285032K(285312K), 0.0049120 secs]
23.231: [GC 23.233: [DefNew: 556K->22K(576K), 0.0022480 secs]23.235: [Train: 284683K->284683K(284800K), 0.0005990 secs] 285202K->285090K(285376K), 0.0048860 secs]
23.236: [GC 23.238: [DefNew: 534K->52K(576K), 0.0022100 secs]23.240: [Train: 284683K->284683K(284800K), 0.0006000 secs] 285217K->285119K(285376K), 0.0048490 secs]
23.241: [GC 23.243: [DefNew: 560K->36K(576K), 0.0022250 secs]23.245: [Train: 284706K->284706K(284800K), 0.0006230 secs] 285243K->285126K(285376K), 0.0049050 secs]
23.246: [GC 23.248: [DefNew: 547K->45K(576K), 0.0022360 secs]23.250: [Train: 284725K->284725K(284800K), 0.0005980 secs] 285253K->285155K(285376K), 0.0048690 secs]
23.251: [GC 23.253: [DefNew: 553K->36K(576K), 0.0022390 secs]23.255: [Train: 284744K->284744K(284864K), 0.0006130 secs] 285279K->285164K(285440K), 0.0048850 secs]
23.256: [GC 23.258: [DefNew: 547K->45K(576K), 0.0023110 secs]23.260: [Train: 284763K->284763K(284864K), 0.0006280 secs] 285291K->285150K(285440K), 0.0050270 secs]
23.261: [GC 23.263: [DefNew: 556K->42K(576K), 0.0022280 secs]23.266: [Train: 284780K->284780K(284864K), 0.0006250 secs] 285320K->285078K(285440K), 0.0049210 secs]
23.267: [GC 23.268: [DefNew: 549K->58K(576K), 0.0022680 secs]23.271: [Train: 284801K->284801K(284928K), 0.0006060 secs] 285329K->284860K(285504K), 0.0049170 secs]
23.272: [GC 23.274: [DefNew: 561K->62K(576K), 0.0023770 secs]23.276: [Train: 284872K->284872K(284992K), 0.0006550 secs] 285362K->284934K(285568K), 0.0051390 secs]
23.278: [GC 23.280: [DefNew: 564K->62K(576K), 0.0023150 secs] 285436K->285008K(285568K), 0.0043960 secs]
23.282: [GC 23.285: [DefNew: 564K->62K(576K), 0.0024620 secs]23.287: [Train: 285019K->285019K(285120K), 0.0006470 secs] 285510K->285081K(285696K), 0.0053750 secs]
23.288: [GC 23.290: [DefNew: 564K->62K(576K), 0.0023320 secs]23.293: [Train: 285093K->285093K(285184K), 0.0006310 secs] 285584K->285411K(285760K), 0.0051210 secs]
23.294: [GC 23.296: [DefNew: 569K->36K(576K), 0.0023030 secs]23.298: [Train: 285157K->285157K(285248K), 0.0006240 secs] 285662K->285534K(285824K), 0.0050550 secs]
23.299: [GC 23.301: [DefNew: 546K->32K(576K), 0.0022560 secs]23.303: [Train: 285195K->285195K(285312K), 0.0006250 secs] 285704K->285611K(285888K), 0.0049320 secs]
23.304: [GC 23.306: [DefNew: 543K->19K(576K), 0.0022220 secs]23.308: [Train: 285218K->285218K(285312K), 0.0005820 secs] 285739K->285621K(285888K), 0.0048730 secs]
23.309: [GC 23.311: [DefNew: 530K->49K(576K), 0.0022120 secs]23.313: [Train: 285218K->285218K(285312K), 0.0005820 secs] 285749K->285651K(285888K), 0.0048360 secs]
23.314: [GC 23.316: [DefNew: 557K->36K(576K), 0.0022330 secs]23.318: [Train: 285237K->285237K(285312K), 0.0005850 secs] 285775K->285657K(285888K), 0.0048550 secs]
23.319: [GC 23.321: [DefNew: 547K->45K(576K), 0.0022330 secs]23.323: [Train: 285259K->285259K(285376K), 0.0005760 secs] 285785K->285689K(285952K), 0.0048480 secs]
23.324: [GC 23.326: [DefNew: 553K->36K(576K), 0.0022200 secs]23.328: [Train: 285275K->285275K(285376K), 0.0005740 secs] 285813K->285653K(285952K), 0.0048370 secs]
23.329: [GC 23.331: [DefNew: 546K->49K(576K), 0.0022210 secs]23.333: [Train: 285295K->285295K(285376K), 0.0005740 secs] 285822K->285600K(285952K), 0.0048450 secs]
23.334: [GC 23.336: [DefNew: 559K->49K(576K), 0.0022460 secs]23.338: [Train: 285336K->285336K(285440K), 0.0006020 secs] 285854K->285385K(286016K), 0.0048890 secs]
23.339: [GC 23.341: [DefNew: 551K->62K(576K), 0.0022970 secs]23.344: [Train: 285397K->285397K(285504K), 0.0006050 secs] 285887K->285459K(286080K), 0.0049540 secs]
23.345: [GC 23.347: [DefNew: 564K->62K(576K), 0.0022740 secs] 285961K->285533K(286080K), 0.0043210 secs]
23.350: [GC 23.352: [DefNew: 564K->62K(576K), 0.0023050 secs]23.354: [Train: 285544K->285544K(285632K), 0.0005960 secs] 286035K->285606K(286208K), 0.0049470 secs]
23.355: [GC 23.357: [DefNew: 564K->62K(576K), 0.0022750 secs]23.359: [Train: 285618K->285618K(285696K), 0.0006010 secs] 286109K->285936K(286272K), 0.0049250 secs]
23.360: [GC 23.362: [DefNew: 569K->45K(576K), 0.0022500 secs]23.364: [Train: 285672K->285672K(285760K), 0.0006020 secs] 286187K->286059K(286336K), 0.0049040 secs]
23.365: [GC 23.367: [DefNew: 556K->22K(576K), 0.0022350 secs]23.369: [Train: 285710K->285710K(285824K), 0.0006090 secs] 286229K->286117K(286400K), 0.0049040 secs]
23.370: [GC 23.372: [DefNew: 534K->52K(576K), 0.0022200 secs]23.374: [Train: 285710K->285710K(285824K), 0.0005730 secs] 286244K->286146K(286400K), 0.0048370 secs]
23.375: [GC 23.377: [DefNew: 560K->36K(576K), 0.0022390 secs]23.379: [Train: 285733K->285733K(285824K), 0.0005960 secs] 286270K->286153K(286400K), 0.0048740 secs]
23.380: [GC 23.382: [DefNew: 547K->45K(576K), 0.0022370 secs]23.384: [Train: 285754K->285754K(285888K), 0.0005930 secs] 286280K->286184K(286464K), 0.0048760 secs]
23.385: [GC 23.387: [DefNew: 553K->36K(576K), 0.0022220 secs]23.389: [Train: 285771K->285771K(285888K), 0.0005970 secs] 286308K->286191K(286464K), 0.0048680 secs]
23.390: [GC 23.392: [DefNew: 547K->45K(576K), 0.0022310 secs]23.394: [Train: 285790K->285790K(285888K), 0.0005780 secs] 286318K->286178K(286464K), 0.0048480 secs]
23.395: [GC 23.397: [DefNew: 556K->42K(576K), 0.0022280 secs]23.399: [Train: 285807K->285807K(285888K), 0.0005920 secs] 286347K->286105K(286464K), 0.0048640 secs]
23.400: [GC 23.402: [DefNew: 549K->58K(576K), 0.0022390 secs]23.405: [Train: 285828K->285828K(285952K), 0.0005880 secs] 286357K->285887K(286528K), 0.0048900 secs]
23.406: [GC 23.408: [DefNew: 561K->62K(576K), 0.0022750 secs]23.410: [Train: 285899K->285899K(286016K), 0.0006070 secs] 286390K->285961K(286592K), 0.0049470 secs]
23.411: [GC 23.413: [DefNew: 564K->62K(576K), 0.0022920 secs] 286463K->286035K(286592K), 0.0043330 secs]
23.416: [GC 23.418: [DefNew: 564K->62K(576K), 0.0022830 secs]23.420: [Train: 286046K->286046K(286144K), 0.0005980 secs] 286537K->286109K(286720K), 0.0049300 secs]
23.421: [GC 23.423: [DefNew: 564K->62K(576K), 0.0022720 secs]23.426: [Train: 286120K->286120K(286208K), 0.0006200 secs] 286611K->286438K(286784K), 0.0049560 secs]
23.427: [GC 23.428: [DefNew: 569K->36K(576K), 0.0022630 secs]23.431: [Train: 286184K->286184K(286272K), 0.0006040 secs] 286690K->286562K(286848K), 0.0049170 secs]
23.432: [GC 23.434: [DefNew: 546K->32K(576K), 0.0022470 secs]23.436: [Train: 286222K->286222K(286336K), 0.0005810 secs] 286731K->286639K(286912K), 0.0048740 secs]
23.437: [GC 23.439: [DefNew: 543K->19K(576K), 0.0022280 secs]23.441: [Train: 286245K->286245K(286336K), 0.0006170 secs] 286766K->286649K(286912K), 0.0049040 secs]
23.442: [GC 23.444: [DefNew: 530K->49K(576K), 0.0022240 secs]23.446: [Train: 286245K->286245K(286336K), 0.0005830 secs] 286776K->286678K(286912K), 0.0048540 secs]
23.447: [GC 23.449: [DefNew: 557K->36K(576K), 0.0022450 secs]23.451: [Train: 286266K->286266K(286400K), 0.0005950 secs] 286802K->286686K(286976K), 0.0048880 secs]
23.452: [GC 23.454: [DefNew: 547K->45K(576K), 0.0022360 secs]23.456: [Train: 286286K->286286K(286400K), 0.0006040 secs] 286814K->286716K(286976K), 0.0048830 secs]
23.457: [GC 23.459: [DefNew: 553K->36K(576K), 0.0022260 secs]23.461: [Train: 286302K->286302K(286400K), 0.0005820 secs] 286840K->286680K(286976K), 0.0048610 secs]
23.462: [GC 23.464: [DefNew: 546K->49K(576K), 0.0022360 secs]23.466: [Train: 286322K->286322K(286400K), 0.0005810 secs] 286849K->286627K(286976K), 0.0048640 secs]
23.467: [GC 23.469: [DefNew: 559K->49K(576K), 0.0022600 secs]23.471: [Train: 286363K->286363K(286464K), 0.0006010 secs] 286882K->286412K(287040K), 0.0049080 secs]
23.472: [GC 23.474: [DefNew: 551K->62K(576K), 0.0022660 secs]23.476: [Train: 286424K->286424K(286528K), 0.0005910 secs] 286915K->286486K(287104K), 0.0049310 secs]
23.478: [GC 23.480: [DefNew: 564K->62K(576K), 0.0022780 secs] 286988K->286560K(287104K), 0.0043210 secs]
23.482: [GC 23.484: [DefNew: 564K->62K(576K), 0.0023090 secs]23.487: [Train: 286572K->286572K(286656K), 0.0006190 secs] 287062K->286634K(287232K), 0.0049730 secs]
23.488: [GC 23.490: [DefNew: 564K->62K(576K), 0.0022730 secs]23.492: [Train: 286645K->286645K(286720K), 0.0006010 secs] 287136K->286964K(287296K), 0.0049400 secs]
23.493: [GC 23.495: [DefNew: 569K->45K(576K), 0.0022550 secs]23.497: [Train: 286700K->286700K(286784K), 0.0006200 secs] 287215K->287087K(287360K), 0.0049350 secs]
23.498: [GC 23.500: [DefNew: 556K->22K(576K), 0.0022500 secs]23.502: [Train: 286737K->286737K(286848K), 0.0005850 secs] 287256K->287144K(287424K), 0.0048870 secs]
23.503: [GC 23.505: [DefNew: 534K->52K(576K), 0.0022270 secs]23.507: [Train: 286737K->286737K(286848K), 0.0005870 secs] 287271K->287174K(287424K), 0.0048660 secs]
23.508: [GC 23.510: [DefNew: 560K->36K(576K), 0.0022350 secs]23.512: [Train: 286760K->286760K(286848K), 0.0006070 secs] 287298K->287180K(287424K), 0.0049040 secs]
23.513: [GC 23.515: [DefNew: 547K->45K(576K), 0.0022400 secs]23.517: [Train: 286782K->286782K(286912K), 0.0005970 secs] 287307K->287211K(287488K), 0.0048910 secs]
23.518: [GC 23.520: [DefNew: 553K->36K(576K), 0.0022440 secs]23.522: [Train: 286798K->286798K(286912K), 0.0005870 secs] 287335K->287218K(287488K), 0.0048790 secs]
23.523: [GC 23.525: [DefNew: 547K->45K(576K), 0.0022400 secs]23.527: [Train: 286818K->286818K(286912K), 0.0005700 secs] 287345K->287247K(287488K), 0.0048550 secs]
23.528: [GC 23.530: [DefNew: 553K->36K(576K), 0.0022300 secs]23.532: [Train: 286834K->286834K(286912K), 0.0005750 secs] 287371K->287211K(287488K), 0.0048560 secs]
23.533: [GC 23.535: [DefNew: 546K->49K(576K), 0.0022400 secs]23.537: [Train: 286856K->286856K(286976K), 0.0005920 secs] 287381K->287161K(287552K), 0.0048930 secs]
23.538: [GC 23.540: [DefNew: 559K->49K(576K), 0.0022490 secs]23.543: [Train: 286895K->286895K(286976K), 0.0005800 secs] 287415K->286944K(287552K), 0.0048860 secs]
23.544: [GC 23.546: [DefNew: 551K->62K(576K), 0.0022720 secs]23.548: [Train: 286956K->286956K(287040K), 0.0006050 secs] 287446K->287018K(287616K), 0.0049530 secs]
23.549: [GC 23.551: [DefNew: 564K->62K(576K), 0.0022750 secs] 287520K->287092K(287616K), 0.0043250 secs]
23.554: [GC 23.556: [DefNew: 564K->62K(576K), 0.0023230 secs]23.558: [Train: 287105K->287105K(287232K), 0.0005990 secs] 287594K->287167K(287808K), 0.0049730 secs]
23.559: [GC 23.561: [DefNew: 564K->62K(576K), 0.0022820 secs]23.564: [Train: 287179K->287179K(287296K), 0.0006130 secs] 287670K->287497K(287872K), 0.0049590 secs]
23.565: [GC 23.566: [DefNew: 569K->45K(576K), 0.0022630 secs]23.569: [Train: 287233K->287233K(287360K), 0.0005940 secs] 287748K->287620K(287936K), 0.0049220 secs]
23.570: [GC 23.572: [DefNew: 556K->22K(576K), 0.0022460 secs]23.574: [Train: 287269K->287269K(287360K), 0.0005970 secs] 287790K->287676K(287936K), 0.0049140 secs]
23.575: [GC 23.577: [DefNew: 534K->52K(576K), 0.0022290 secs]23.579: [Train: 287269K->287269K(287360K), 0.0006000 secs] 287803K->287705K(287936K), 0.0048800 secs]
23.580: [GC 23.582: [DefNew: 560K->36K(576K), 0.0022540 secs]23.584: [Train: 287294K->287294K(287424K), 0.0005810 secs] 287829K->287714K(288000K), 0.0048860 secs]
23.585: [GC 23.587: [DefNew: 547K->45K(576K), 0.0022380 secs]23.589: [Train: 287313K->287313K(287424K), 0.0005850 secs] 287841K->287743K(288000K), 0.0048770 secs]
23.590: [GC 23.592: [DefNew: 553K->36K(576K), 0.0022460 secs]23.594: [Train: 287330K->287330K(287424K), 0.0006090 secs] 287867K->287750K(288000K), 0.0049060 secs]
23.595: [GC 23.597: [DefNew: 547K->45K(576K), 0.0022410 secs]23.599: [Train: 287349K->287349K(287424K), 0.0006100 secs] 287877K->287736K(288000K), 0.0049000 secs]
23.600: [GC 23.602: [DefNew: 556K->42K(576K), 0.0022420 secs]23.604: [Train: 287368K->287368K(287488K), 0.0005950 secs] 287906K->287666K(288064K), 0.0048960 secs]
23.605: [GC 23.607: [DefNew: 549K->58K(576K), 0.0022400 secs]23.609: [Train: 287387K->287387K(287488K), 0.0006150 secs] 287917K->287446K(288064K), 0.0049250 secs]
23.610: [GC 23.612: [DefNew: 561K->62K(576K), 0.0022870 secs]23.615: [Train: 287458K->287458K(287552K), 0.0006050 secs] 287948K->287520K(288128K), 0.0049590 secs]
23.616: [GC 23.618: [DefNew: 564K->62K(576K), 0.0022910 secs] 288022K->287594K(288128K), 0.0043570 secs]
23.621: [GC 23.622: [DefNew: 564K->62K(576K), 0.0023020 secs]23.625: [Train: 287605K->287605K(287680K), 0.0006110 secs] 288096K->287668K(288256K), 0.0049740 secs]
23.626: [GC 23.628: [DefNew: 564K->62K(576K), 0.0023130 secs]23.630: [Train: 287681K->287681K(287808K), 0.0005960 secs] 288170K->287999K(288384K), 0.0049770 secs]
23.631: [GC 23.633: [DefNew: 569K->36K(576K), 0.0022810 secs]23.635: [Train: 287745K->287745K(287872K), 0.0005920 secs] 288250K->288122K(288448K), 0.0049320 secs]
23.636: [GC 23.638: [DefNew: 546K->32K(576K), 0.0022500 secs]23.641: [Train: 287781K->287781K(287872K), 0.0005750 secs] 288292K->288198K(288448K), 0.0048860 secs]
23.641: [GC 23.643: [DefNew: 543K->19K(576K), 0.0022470 secs]23.646: [Train: 287806K->287806K(287936K), 0.0005890 secs] 288325K->288209K(288512K), 0.0049140 secs]
23.646: [GC 23.648: [DefNew: 530K->49K(576K), 0.0022340 secs]23.651: [Train: 287806K->287806K(287936K), 0.0005970 secs] 288337K->288239K(288512K), 0.0048880 secs]
23.651: [GC 23.653: [DefNew: 557K->36K(576K), 0.0022560 secs]23.656: [Train: 287825K->287825K(287936K), 0.0005700 secs] 288363K->288245K(288512K), 0.0048820 secs]
23.656: [GC 23.658: [DefNew: 547K->45K(576K), 0.0022590 secs]23.661: [Train: 287845K->287845K(287936K), 0.0005970 secs] 288373K->288275K(288512K), 0.0049150 secs]
23.662: [GC 23.663: [DefNew: 553K->36K(576K), 0.0022540 secs]23.666: [Train: 287861K->287861K(287936K), 0.0005800 secs] 288399K->288239K(288512K), 0.0049040 secs]
23.667: [GC 23.669: [DefNew: 546K->49K(576K), 0.0022540 secs]23.671: [Train: 287883K->287883K(288000K), 0.0006030 secs] 288408K->288188K(288576K), 0.0049170 secs]
23.672: [GC 23.674: [DefNew: 559K->49K(576K), 0.0022610 secs]23.676: [Train: 287922K->287922K(288000K), 0.0006430 secs] 288442K->287971K(288576K), 0.0049790 secs]
23.677: [GC 23.679: [DefNew: 551K->62K(576K), 0.0022870 secs]23.681: [Train: 287983K->287983K(288064K), 0.0006540 secs] 288474K->288045K(288640K), 0.0050320 secs]
23.683: [GC 23.685: [DefNew: 564K->62K(576K), 0.0023120 secs] 288547K->288121K(288704K), 0.0043720 secs]
23.688: [GC 23.689: [DefNew: 564K->62K(576K), 0.0023210 secs]23.692: [Train: 288132K->288132K(288256K), 0.0006320 secs] 288623K->288194K(288832K), 0.0050140 secs]
23.693: [GC 23.695: [DefNew: 564K->62K(576K), 0.0023000 secs]23.697: [Train: 288206K->288206K(288320K), 0.0006090 secs] 288697K->288524K(288896K), 0.0049860 secs]
23.698: [GC 23.700: [DefNew: 569K->45K(576K), 0.0022950 secs]23.702: [Train: 288260K->288260K(288384K), 0.0006070 secs] 288775K->288647K(288960K), 0.0049660 secs]
23.703: [GC 23.705: [DefNew: 556K->22K(576K), 0.0022640 secs]23.708: [Train: 288296K->288296K(288384K), 0.0005900 secs] 288817K->288703K(288960K), 0.0049150 secs]
23.708: [GC 23.710: [DefNew: 534K->52K(576K), 0.0022330 secs]23.713: [Train: 288296K->288296K(288384K), 0.0005840 secs] 288830K->288733K(288960K), 0.0048820 secs]
23.713: [GC 23.715: [DefNew: 560K->36K(576K), 0.0022510 secs]23.718: [Train: 288321K->288321K(288448K), 0.0005880 secs] 288857K->288741K(289024K), 0.0049130 secs]
23.718: [GC 23.720: [DefNew: 547K->45K(576K), 0.0022560 secs]23.723: [Train: 288341K->288341K(288448K), 0.0005900 secs] 288868K->288770K(289024K), 0.0049040 secs]
23.724: [GC 23.725: [DefNew: 553K->36K(576K), 0.0022570 secs]23.728: [Train: 288357K->288357K(288448K), 0.0005990 secs] 288894K->288777K(289024K), 0.0049160 secs]
23.729: [GC 23.730: [DefNew: 547K->45K(576K), 0.0022530 secs]23.733: [Train: 288378K->288378K(288512K), 0.0006050 secs] 288904K->288766K(289088K), 0.0049250 secs]
23.734: [GC 23.736: [DefNew: 556K->42K(576K), 0.0022610 secs]23.738: [Train: 288395K->288395K(288512K), 0.0005840 secs] 288935K->288693K(289088K), 0.0049060 secs]
23.739: [GC 23.741: [DefNew: 549K->58K(576K), 0.0022560 secs]23.743: [Train: 288414K->288414K(288512K), 0.0005840 secs] 288945K->288473K(289088K), 0.0049040 secs]
23.744: [GC 23.746: [DefNew: 561K->62K(576K), 0.0022950 secs]23.748: [Train: 288485K->288485K(288576K), 0.0005840 secs] 288976K->288547K(289152K), 0.0049620 secs]
23.750: [GC 23.752: [DefNew: 564K->62K(576K), 0.0023000 secs] 289050K->288621K(289152K), 0.0043740 secs]
23.754: [GC 23.756: [DefNew: 564K->62K(576K), 0.0023150 secs]23.759: [Train: 288634K->288634K(288768K), 0.0006050 secs] 289123K->288697K(289344K), 0.0049820 secs]
23.760: [GC 23.762: [DefNew: 564K->62K(576K), 0.0022930 secs]23.764: [Train: 288708K->288708K(288832K), 0.0006080 secs] 289199K->289026K(289408K), 0.0049910 secs]
23.765: [GC 23.767: [DefNew: 569K->36K(576K), 0.0022760 secs]23.769: [Train: 288772K->288772K(288896K), 0.0006050 secs] 289278K->289150K(289472K), 0.0049570 secs]
23.770: [GC 23.772: [DefNew: 546K->32K(576K), 0.0022670 secs]23.774: [Train: 288808K->288808K(288896K), 0.0005820 secs] 289319K->289225K(289472K), 0.0049130 secs]
23.775: [GC 23.777: [DefNew: 543K->19K(576K), 0.0022570 secs]23.779: [Train: 288833K->288833K(288960K), 0.0005850 secs] 289352K->289237K(289536K), 0.0049040 secs]
23.780: [GC 23.782: [DefNew: 530K->49K(576K), 0.0022360 secs]23.784: [Train: 288833K->288833K(288960K), 0.0006270 secs] 289364K->289266K(289536K), 0.0049340 secs]
23.785: [GC 23.787: [DefNew: 557K->36K(576K), 0.0022490 secs]23.790: [Train: 288853K->288853K(288960K), 0.0005970 secs] 289390K->289273K(289536K), 0.0049260 secs]
23.790: [GC 23.792: [DefNew: 547K->45K(576K), 0.0022530 secs]23.795: [Train: 288872K->288872K(288960K), 0.0005840 secs] 289400K->289302K(289536K), 0.0049000 secs]
23.795: [GC 23.797: [DefNew: 553K->36K(576K), 0.0022630 secs]23.800: [Train: 288890K->288890K(289024K), 0.0006380 secs] 289426K->289268K(289600K), 0.0049640 secs]
23.801: [GC 23.803: [DefNew: 546K->49K(576K), 0.0022510 secs]23.805: [Train: 288910K->288910K(289024K), 0.0006100 secs] 289437K->289215K(289600K), 0.0049370 secs]
23.806: [GC 23.808: [DefNew: 559K->49K(576K), 0.0022750 secs]23.810: [Train: 288949K->288949K(289024K), 0.0006010 secs] 289470K->288998K(289600K), 0.0049520 secs]
23.811: [GC 23.813: [DefNew: 551K->62K(576K), 0.0022910 secs]23.815: [Train: 289010K->289010K(289088K), 0.0006350 secs] 289501K->289072K(289664K), 0.0050020 secs]
23.817: [GC 23.819: [DefNew: 564K->62K(576K), 0.0023060 secs] 289575K->289148K(289728K), 0.0043750 secs]
23.821: [GC 23.823: [DefNew: 564K->62K(576K), 0.0023140 secs]23.826: [Train: 289160K->289160K(289280K), 0.0006350 secs] 289650K->289222K(289856K), 0.0050290 secs]
23.827: [GC 23.829: [DefNew: 564K->62K(576K), 0.0023040 secs]23.831: [Train: 289233K->289233K(289344K), 0.0006170 secs] 289724K->289551K(289920K), 0.0050020 secs]
23.832: [GC 23.834: [DefNew: 569K->45K(576K), 0.0022800 secs]23.836: [Train: 289288K->289288K(289408K), 0.0006260 secs] 289803K->289675K(289984K), 0.0049910 secs]
23.837: [GC 23.839: [DefNew: 556K->22K(576K), 0.0022560 secs]23.842: [Train: 289324K->289324K(289408K), 0.0005970 secs] 289844K->289730K(289984K), 0.0049290 secs]
23.842: [GC 23.844: [DefNew: 534K->52K(576K), 0.0022550 secs]23.847: [Train: 289324K->289324K(289408K), 0.0005980 secs] 289858K->289760K(289984K), 0.0049180 secs]
23.848: [GC 23.849: [DefNew: 560K->36K(576K), 0.0022660 secs]23.852: [Train: 289348K->289348K(289472K), 0.0006090 secs] 289884K->289768K(290048K), 0.0049400 secs]
23.853: [GC 23.854: [DefNew: 547K->45K(576K), 0.0022550 secs]23.857: [Train: 289368K->289368K(289472K), 0.0006070 secs] 289895K->289798K(290048K), 0.0049350 secs]
23.858: [GC 23.860: [DefNew: 553K->36K(576K), 0.0022630 secs]23.862: [Train: 289384K->289384K(289472K), 0.0005720 secs] 289922K->289804K(290048K), 0.0049020 secs]
23.863: [GC 23.865: [DefNew: 547K->45K(576K), 0.0022630 secs]23.867: [Train: 289406K->289406K(289536K), 0.0005990 secs] 289931K->289793K(290112K), 0.0049290 secs]
23.868: [GC 23.870: [DefNew: 556K->42K(576K), 0.0022570 secs]23.872: [Train: 289422K->289422K(289536K), 0.0006000 secs] 289962K->289721K(290112K), 0.0049400 secs]
23.873: [GC 23.875: [DefNew: 549K->58K(576K), 0.0022560 secs]23.877: [Train: 289442K->289442K(289536K), 0.0005900 secs] 289972K->289501K(290112K), 0.0049220 secs]
23.878: [GC 23.880: [DefNew: 561K->62K(576K), 0.0023080 secs]23.883: [Train: 289512K->289512K(289600K), 0.0006330 secs] 290003K->289574K(290176K), 0.0050210 secs]
23.884: [GC 23.886: [DefNew: 564K->62K(576K), 0.0022980 secs] 290077K->289648K(290176K), 0.0043710 secs]
23.889: [GC 23.891: [DefNew: 564K->62K(576K), 0.0023170 secs]23.893: [Train: 289662K->289662K(289792K), 0.0006020 secs] 290151K->289724K(290368K), 0.0049940 secs]
23.894: [GC 23.896: [DefNew: 564K->62K(576K), 0.0023040 secs]23.898: [Train: 289736K->289736K(289856K), 0.0006120 secs] 290226K->290054K(290432K), 0.0050000 secs]
23.899: [GC 23.901: [DefNew: 569K->36K(576K), 0.0022910 secs]23.904: [Train: 289800K->289800K(289920K), 0.0006010 secs] 290305K->290177K(290496K), 0.0049710 secs]
23.904: [GC 23.906: [DefNew: 546K->32K(576K), 0.0022620 secs]23.909: [Train: 289836K->289836K(289920K), 0.0005770 secs] 290346K->290252K(290496K), 0.0049280 secs]
23.910: [GC 23.911: [DefNew: 543K->19K(576K), 0.0022630 secs]23.914: [Train: 289860K->289860K(289984K), 0.0005880 secs] 290379K->290264K(290560K), 0.0049250 secs]
23.915: [GC 23.917: [DefNew: 530K->49K(576K), 0.0022560 secs]23.919: [Train: 289860K->289860K(289984K), 0.0005720 secs] 290391K->290293K(290560K), 0.0048960 secs]
23.920: [GC 23.922: [DefNew: 557K->36K(576K), 0.0022610 secs]23.924: [Train: 289880K->289880K(289984K), 0.0006180 secs] 290417K->290300K(290560K), 0.0049450 secs]
23.925: [GC 23.927: [DefNew: 547K->45K(576K), 0.0022540 secs]23.929: [Train: 289900K->289900K(289984K), 0.0005900 secs] 290427K->290329K(290560K), 0.0049350 secs]
23.930: [GC 23.932: [DefNew: 553K->36K(576K), 0.0022640 secs]23.934: [Train: 289918K->289918K(290048K), 0.0006050 secs] 290453K->290295K(290624K), 0.0049410 secs]
23.935: [GC 23.937: [DefNew: 546K->49K(576K), 0.0022600 secs]23.939: [Train: 289937K->289937K(290048K), 0.0006170 secs] 290465K->290242K(290624K), 0.0049460 secs]
23.940: [GC 23.942: [DefNew: 559K->49K(576K), 0.0022770 secs]23.944: [Train: 289978K->289978K(290112K), 0.0006020 secs] 290497K->290027K(290688K), 0.0049710 secs]
23.946: [GC 23.947: [DefNew: 551K->62K(576K), 0.0022950 secs]23.950: [Train: 290037K->290037K(290112K), 0.0006150 secs] 290530K->290100K(290688K), 0.0050030 secs]
23.951: [GC 23.953: [DefNew: 564K->62K(576K), 0.0023280 secs] 290602K->290175K(290752K), 0.0043980 secs]
23.956: [GC 23.958: [DefNew: 564K->62K(576K), 0.0023200 secs]23.960: [Train: 290187K->290187K(290304K), 0.0006110 secs] 290678K->290249K(290880K), 0.0050110 secs]
23.961: [GC 23.963: [DefNew: 564K->62K(576K), 0.0023030 secs]23.966: [Train: 290261K->290261K(290368K), 0.0006320 secs] 290751K->290579K(290944K), 0.0050280 secs]
23.967: [GC 23.968: [DefNew: 569K->45K(576K), 0.0022890 secs]23.971: [Train: 290315K->290315K(290432K), 0.0006010 secs] 290830K->290702K(291008K), 0.0049710 secs]
23.972: [GC 23.974: [DefNew: 556K->22K(576K), 0.0022700 secs]23.976: [Train: 290351K->290351K(290432K), 0.0005910 secs] 290872K->290758K(291008K), 0.0049390 secs]
23.977: [GC 23.979: [DefNew: 534K->52K(576K), 0.0022480 secs]23.981: [Train: 290351K->290351K(290432K), 0.0005810 secs] 290885K->290787K(291008K), 0.0049210 secs]
23.982: [GC 23.984: [DefNew: 560K->36K(576K), 0.0022700 secs]23.986: [Train: 290376K->290376K(290496K), 0.0005990 secs] 290911K->290796K(291072K), 0.0049440 secs]
23.987: [GC 23.989: [DefNew: 547K->45K(576K), 0.0022740 secs]23.991: [Train: 290395K->290395K(290496K), 0.0005730 secs] 290923K->290825K(291072K), 0.0049220 secs]
23.992: [GC 23.994: [DefNew: 553K->36K(576K), 0.0022550 secs]23.996: [Train: 290412K->290412K(290496K), 0.0005970 secs] 290949K->290832K(291072K), 0.0049300 secs]
23.997: [GC 23.999: [DefNew: 547K->45K(576K), 0.0022650 secs]24.001: [Train: 290433K->290433K(290560K), 0.0006050 secs] 290959K->290820K(291136K), 0.0049500 secs]
24.002: [GC 24.004: [DefNew: 556K->42K(576K), 0.0022650 secs]24.006: [Train: 290449K->290449K(290560K), 0.0005860 secs] 290990K->290748K(291136K), 0.0049290 secs]
24.007: [GC 24.009: [DefNew: 549K->58K(576K), 0.0022700 secs]24.012: [Train: 290469K->290469K(290560K), 0.0005900 secs] 290999K->290528K(291136K), 0.0049360 secs]
24.013: [GC 24.015: [DefNew: 561K->62K(576K), 0.0023010 secs]24.017: [Train: 290540K->290540K(290624K), 0.0006020 secs] 291030K->290602K(291200K), 0.0050130 secs]
24.018: [GC 24.020: [DefNew: 564K->62K(576K), 0.0023130 secs] 291104K->290676K(291200K), 0.0043860 secs]
24.023: [GC 24.025: [DefNew: 564K->62K(576K), 0.0023420 secs]24.027: [Train: 290689K->290689K(290816K), 0.0006020 secs] 291178K->290751K(291392K), 0.0050230 secs]
24.028: [GC 24.030: [DefNew: 564K->62K(576K), 0.0023060 secs]24.033: [Train: 290763K->290763K(290880K), 0.0006010 secs] 291254K->291081K(291456K), 0.0050010 secs]
24.034: [GC 24.036: [DefNew: 569K->36K(576K), 0.0023060 secs]24.038: [Train: 290827K->290827K(290944K), 0.0006450 secs] 291332K->291204K(291520K), 0.0050350 secs]
24.039: [GC 24.041: [DefNew: 546K->32K(576K), 0.0022750 secs]24.043: [Train: 290863K->290863K(290944K), 0.0006090 secs] 291374K->291279K(291520K), 0.0049640 secs]
24.044: [GC 24.046: [DefNew: 543K->19K(576K), 0.0022680 secs]24.048: [Train: 290888K->290888K(291008K), 0.0005980 secs] 291407K->291291K(291584K), 0.0049510 secs]
24.049: [GC 24.051: [DefNew: 530K->49K(576K), 0.0022520 secs]24.053: [Train: 290888K->290888K(291008K), 0.0005920 secs] 291418K->291321K(291584K), 0.0049410 secs]
24.054: [GC 24.056: [DefNew: 557K->36K(576K), 0.0022650 secs]24.058: [Train: 290907K->290907K(291008K), 0.0005840 secs] 291445K->291327K(291584K), 0.0049240 secs]
24.059: [GC 24.061: [DefNew: 547K->45K(576K), 0.0022760 secs]24.064: [Train: 290927K->290927K(291008K), 0.0005820 secs] 291454K->291357K(291584K), 0.0049340 secs]
24.064: [GC 24.066: [DefNew: 553K->36K(576K), 0.0022660 secs]24.069: [Train: 290945K->290945K(291072K), 0.0005830 secs] 291481K->291322K(291648K), 0.0049310 secs]
24.070: [GC 24.071: [DefNew: 546K->49K(576K), 0.0022760 secs]24.074: [Train: 290965K->290965K(291072K), 0.0006020 secs] 291492K->291270K(291648K), 0.0049590 secs]
24.075: [GC 24.077: [DefNew: 559K->49K(576K), 0.0022880 secs]24.079: [Train: 291006K->291006K(291136K), 0.0005930 secs] 291524K->291055K(291712K), 0.0049650 secs]
24.080: [GC 24.082: [DefNew: 551K->62K(576K), 0.0023000 secs]24.084: [Train: 291066K->291066K(291200K), 0.0005880 secs] 291557K->291129K(291776K), 0.0049850 secs]
24.086: [GC 24.088: [DefNew: 564K->62K(576K), 0.0023170 secs] 291631K->291202K(291776K), 0.0044130 secs]
24.090: [GC 24.092: [DefNew: 564K->62K(576K), 0.0023310 secs]24.095: [Train: 291214K->291214K(291328K), 0.0005940 secs] 291705K->291276K(291904K), 0.0050070 secs]
24.096: [GC 24.098: [DefNew: 564K->62K(576K), 0.0023200 secs]24.100: [Train: 291288K->291288K(291392K), 0.0006230 secs] 291779K->291606K(291968K), 0.0050510 secs]
24.101: [GC 24.103: [DefNew: 569K->45K(576K), 0.0022980 secs]24.105: [Train: 291342K->291342K(291456K), 0.0006040 secs] 291857K->291729K(292032K), 0.0049950 secs]
24.106: [GC 24.108: [DefNew: 556K->22K(576K), 0.0022900 secs]24.111: [Train: 291378K->291378K(291456K), 0.0005840 secs] 291899K->291785K(292032K), 0.0049590 secs]
24.112: [GC 24.113: [DefNew: 534K->52K(576K), 0.0022620 secs]24.116: [Train: 291378K->291378K(291456K), 0.0005810 secs] 291912K->291814K(292032K), 0.0049250 secs]
24.117: [GC 24.119: [DefNew: 560K->36K(576K), 0.0022770 secs]24.121: [Train: 291403K->291403K(291520K), 0.0005860 secs] 291938K->291823K(292096K), 0.0049520 secs]
24.122: [GC 24.124: [DefNew: 547K->45K(576K), 0.0022840 secs]24.126: [Train: 291422K->291422K(291520K), 0.0006120 secs] 291950K->291852K(292096K), 0.0049800 secs]
24.127: [GC 24.129: [DefNew: 553K->36K(576K), 0.0022710 secs]24.131: [Train: 291439K->291439K(291520K), 0.0005950 secs] 291976K->291859K(292096K), 0.0049490 secs]
24.132: [GC 24.134: [DefNew: 547K->45K(576K), 0.0022760 secs]24.136: [Train: 291460K->291460K(291584K), 0.0006020 secs] 291986K->291847K(292160K), 0.0049700 secs]
24.137: [GC 24.139: [DefNew: 556K->42K(576K), 0.0022680 secs]24.141: [Train: 291477K->291477K(291584K), 0.0006050 secs] 292017K->291775K(292160K), 0.0049630 secs]
24.142: [GC 24.144: [DefNew: 549K->58K(576K), 0.0022860 secs]24.147: [Train: 291496K->291496K(291584K), 0.0005880 secs] 292026K->291555K(292160K), 0.0049580 secs]
24.148: [GC 24.150: [DefNew: 561K->62K(576K), 0.0023110 secs]24.152: [Train: 291567K->291567K(291648K), 0.0006020 secs] 292058K->291629K(292224K), 0.0050210 secs]
24.153: [GC 24.155: [DefNew: 564K->62K(576K), 0.0023380 secs] 292131K->291705K(292288K), 0.0044260 secs]
24.158: [GC 24.160: [DefNew: 564K->62K(576K), 0.0023370 secs]24.162: [Train: 291716K->291716K(291840K), 0.0006230 secs] 292207K->291778K(292416K), 0.0050450 secs]
24.164: [GC 24.166: [DefNew: 564K->62K(576K), 0.0023200 secs]24.168: [Train: 291790K->291790K(291904K), 0.0006090 secs] 292281K->292108K(292480K), 0.0050260 secs]
24.169: [GC 24.171: [DefNew: 569K->36K(576K), 0.0023000 secs]24.173: [Train: 291854K->291854K(291968K), 0.0006200 secs] 292359K->292231K(292544K), 0.0050240 secs]
24.174: [GC 24.176: [DefNew: 546K->32K(576K), 0.0022810 secs]24.178: [Train: 291890K->291890K(291968K), 0.0005930 secs] 292401K->292307K(292544K), 0.0049620 secs]
24.179: [GC 24.181: [DefNew: 543K->19K(576K), 0.0022880 secs]24.183: [Train: 291915K->291915K(292032K), 0.0006210 secs] 292434K->292318K(292608K), 0.0049950 secs]
24.184: [GC 24.186: [DefNew: 530K->49K(576K), 0.0022590 secs]24.189: [Train: 291915K->291915K(292032K), 0.0006030 secs] 292446K->292348K(292608K), 0.0049540 secs]
24.189: [GC 24.191: [DefNew: 557K->36K(576K), 0.0022690 secs]24.194: [Train: 291934K->291934K(292032K), 0.0005960 secs] 292472K->292354K(292608K), 0.0049590 secs]
24.195: [GC 24.196: [DefNew: 547K->45K(576K), 0.0022750 secs]24.199: [Train: 291954K->291954K(292032K), 0.0006560 secs] 292482K->292384K(292608K), 0.0050160 secs]
24.200: [GC 24.202: [DefNew: 553K->36K(576K), 0.0022810 secs]24.204: [Train: 291972K->291972K(292096K), 0.0005860 secs] 292508K->292350K(292672K), 0.0049530 secs]
24.205: [GC 24.207: [DefNew: 546K->49K(576K), 0.0022700 secs]24.209: [Train: 291992K->291992K(292096K), 0.0005740 secs] 292519K->292297K(292672K), 0.0049550 secs]
24.210: [GC 24.212: [DefNew: 559K->49K(576K), 0.0022930 secs]24.214: [Train: 292033K->292033K(292160K), 0.0006280 secs] 292551K->292082K(292736K), 0.0050060 secs]
24.215: [GC 24.217: [DefNew: 551K->62K(576K), 0.0023260 secs]24.220: [Train: 292094K->292094K(292224K), 0.0006030 secs] 292584K->292156K(292800K), 0.0050260 secs]
24.221: [GC 24.223: [DefNew: 564K->62K(576K), 0.0023180 secs] 292658K->292230K(292800K), 0.0044080 secs]
24.226: [GC 24.228: [DefNew: 564K->62K(576K), 0.0023460 secs]24.230: [Train: 292241K->292241K(292352K), 0.0006050 secs] 292732K->292303K(292928K), 0.0050380 secs]
24.231: [GC 24.233: [DefNew: 564K->62K(576K), 0.0023230 secs]24.236: [Train: 292315K->292315K(292416K), 0.0006030 secs] 292806K->292633K(292992K), 0.0050260 secs]
24.237: [GC 24.239: [DefNew: 569K->45K(576K), 0.0022980 secs]24.241: [Train: 292369K->292369K(292480K), 0.0006160 secs] 292885K->292756K(293056K), 0.0050150 secs]
24.242: [GC 24.244: [DefNew: 556K->22K(576K), 0.0022890 secs]24.246: [Train: 292405K->292405K(292480K), 0.0006190 secs] 292926K->292812K(293056K), 0.0050000 secs]
24.247: [GC 24.249: [DefNew: 534K->52K(576K), 0.0022730 secs]24.251: [Train: 292405K->292405K(292480K), 0.0006090 secs] 292939K->292842K(293056K), 0.0049750 secs]
24.252: [GC 24.254: [DefNew: 560K->36K(576K), 0.0022810 secs]24.256: [Train: 292430K->292430K(292544K), 0.0006320 secs] 292966K->292850K(293120K), 0.0050150 secs]
24.257: [GC 24.259: [DefNew: 547K->45K(576K), 0.0022760 secs]24.261: [Train: 292450K->292450K(292544K), 0.0006020 secs] 292977K->292879K(293120K), 0.0049770 secs]
24.262: [GC 24.264: [DefNew: 553K->36K(576K), 0.0022830 secs]24.267: [Train: 292466K->292466K(292544K), 0.0005960 secs] 293003K->292886K(293120K), 0.0049670 secs]
24.267: [GC 24.269: [DefNew: 547K->45K(576K), 0.0022880 secs]24.272: [Train: 292488K->292488K(292608K), 0.0005960 secs] 293013K->292875K(293184K), 0.0049730 secs]
24.273: [GC 24.275: [DefNew: 556K->42K(576K), 0.0024610 secs]24.277: [Train: 292504K->292504K(292608K), 0.0007470 secs] 293044K->292802K(293184K), 0.0054210 secs]
24.281: [GC 24.283: [DefNew: 549K->58K(576K), 0.0024050 secs]24.285: [Train: 292524K->292524K(292608K), 0.0006890 secs] 293054K->292582K(293184K), 0.0053540 secs]
24.287: [GC 24.289: [DefNew: 561K->62K(576K), 0.0028590 secs]24.292: [Train: 292594K->292594K(292672K), 0.0008110 secs] 293085K->292656K(293248K), 0.0058780 secs]
24.293: [GC 24.296: [DefNew: 564K->62K(576K), 0.0031240 secs] 293159K->292732K(293312K), 0.0059060 secs]
24.299: [GC 24.302: [DefNew: 564K->62K(576K), 0.0023400 secs]24.304: [Train: 292744K->292744K(292864K), 0.0006210 secs] 293234K->292806K(293440K), 0.0056550 secs]
24.306: [GC 24.308: [DefNew: 564K->62K(576K), 0.0023370 secs]24.310: [Train: 292817K->292817K(292928K), 0.0006260 secs] 293308K->293136K(293504K), 0.0050640 secs]
24.311: [GC 24.313: [DefNew: 569K->36K(576K), 0.0023310 secs]24.315: [Train: 292881K->292881K(292992K), 0.0006130 secs] 293387K->293259K(293568K), 0.0050340 secs]
24.316: [GC 24.318: [DefNew: 546K->32K(576K), 0.0022930 secs]24.320: [Train: 292917K->292917K(292992K), 0.0005960 secs] 293428K->293334K(293568K), 0.0049880 secs]
24.321: [GC 24.323: [DefNew: 543K->19K(576K), 0.0022930 secs]24.326: [Train: 292942K->292942K(293056K), 0.0005980 secs] 293461K->293346K(293632K), 0.0049900 secs]
24.326: [GC 24.328: [DefNew: 530K->49K(576K), 0.0022810 secs]24.331: [Train: 292942K->292942K(293056K), 0.0005810 secs] 293473K->293375K(293632K), 0.0049540 secs]
24.332: [GC 24.334: [DefNew: 557K->36K(576K), 0.0022850 secs]24.336: [Train: 292962K->292962K(293056K), 0.0005940 secs] 293499K->293382K(293632K), 0.0049680 secs]
24.337: [GC 24.339: [DefNew: 547K->45K(576K), 0.0022830 secs]24.341: [Train: 292981K->292981K(293056K), 0.0006220 secs] 293509K->293411K(293632K), 0.0050330 secs]
24.342: [GC 24.344: [DefNew: 553K->36K(576K), 0.0023020 secs]24.346: [Train: 293000K->293000K(293120K), 0.0006360 secs] 293535K->293377K(293696K), 0.0050370 secs]
24.347: [GC 24.349: [DefNew: 546K->49K(576K), 0.0023120 secs]24.351: [Train: 293019K->293019K(293120K), 0.0005870 secs] 293546K->293324K(293696K), 0.0050020 secs]
24.352: [GC 24.354: [DefNew: 559K->49K(576K), 0.0023070 secs]24.357: [Train: 293060K->293060K(293184K), 0.0006040 secs] 293579K->293109K(293760K), 0.0050070 secs]
24.358: [GC 24.360: [DefNew: 551K->62K(576K), 0.0023510 secs]24.362: [Train: 293121K->293121K(293248K), 0.0006160 secs] 293612K->293183K(293824K), 0.0050590 secs]
24.363: [GC 24.365: [DefNew: 564K->62K(576K), 0.0023440 secs] 293686K->293257K(293824K), 0.0044260 secs]
24.368: [GC 24.370: [DefNew: 564K->62K(576K), 0.0023490 secs]24.373: [Train: 293269K->293269K(293376K), 0.0006060 secs] 293759K->293331K(293952K), 0.0050510 secs]
24.374: [GC 24.376: [DefNew: 564K->62K(576K), 0.0023540 secs]24.378: [Train: 293342K->293342K(293440K), 0.0006560 secs] 293833K->293661K(294016K), 0.0051030 secs]
24.379: [GC 24.381: [DefNew: 569K->45K(576K), 0.0023230 secs]24.384: [Train: 293397K->293397K(293504K), 0.0006170 secs] 293912K->293784K(294080K), 0.0050340 secs]
24.385: [GC 24.387: [DefNew: 556K->22K(576K), 0.0022970 secs]24.389: [Train: 293434K->293434K(293568K), 0.0006250 secs] 293953K->293841K(294144K), 0.0050320 secs]
24.390: [GC 24.392: [DefNew: 534K->52K(576K), 0.0023340 secs]24.394: [Train: 293434K->293434K(293568K), 0.0006470 secs] 293969K->293871K(294144K), 0.0050790 secs]
24.395: [GC 24.397: [DefNew: 560K->36K(576K), 0.0023280 secs]24.399: [Train: 293457K->293457K(293568K), 0.0006040 secs] 293995K->293877K(294144K), 0.0050340 secs]
24.400: [GC 24.402: [DefNew: 547K->45K(576K), 0.0022900 secs]24.404: [Train: 293477K->293477K(293568K), 0.0006240 secs] 294005K->293907K(294144K), 0.0050250 secs]
24.405: [GC 24.407: [DefNew: 553K->36K(576K), 0.0022990 secs]24.410: [Train: 293493K->293493K(293568K), 0.0005870 secs] 294031K->293913K(294144K), 0.0049930 secs]
24.411: [GC 24.413: [DefNew: 547K->45K(576K), 0.0023000 secs]24.415: [Train: 293515K->293515K(293632K), 0.0006180 secs] 294041K->293945K(294208K), 0.0050410 secs]
24.416: [GC 24.418: [DefNew: 553K->36K(576K), 0.0022850 secs]24.420: [Train: 293531K->293531K(293632K), 0.0005940 secs] 294069K->293909K(294208K), 0.0050090 secs]
24.421: [GC 24.423: [DefNew: 546K->49K(576K), 0.0022910 secs]24.425: [Train: 293551K->293551K(293632K), 0.0005930 secs] 294078K->293856K(294208K), 0.0050250 secs]
24.426: [GC 24.428: [DefNew: 559K->49K(576K), 0.0023150 secs]24.431: [Train: 293592K->293592K(293696K), 0.0006060 secs] 294110K->293641K(294272K), 0.0050490 secs]
24.432: [GC 24.434: [DefNew: 551K->62K(576K), 0.0023340 secs]24.436: [Train: 293653K->293653K(293760K), 0.0005900 secs] 294143K->293715K(294336K), 0.0050660 secs]
24.438: [GC 24.440: [DefNew: 564K->62K(576K), 0.0023460 secs] 294217K->293789K(294336K), 0.0044600 secs]
24.443: [GC 24.445: [DefNew: 564K->62K(576K), 0.0023680 secs]24.447: [Train: 293800K->293800K(293888K), 0.0005880 secs] 294291K->293862K(294464K), 0.0050780 secs]
24.448: [GC 24.450: [DefNew: 564K->62K(576K), 0.0023440 secs]24.453: [Train: 293874K->293874K(293952K), 0.0006250 secs] 294365K->294192K(294528K), 0.0051060 secs]
24.454: [GC 24.456: [DefNew: 569K->45K(576K), 0.0023350 secs]24.458: [Train: 293928K->293928K(294016K), 0.0006030 secs] 294443K->294315K(294592K), 0.0050670 secs]
24.459: [GC 24.461: [DefNew: 556K->22K(576K), 0.0023070 secs]24.464: [Train: 293966K->293966K(294080K), 0.0006020 secs] 294485K->294373K(294656K), 0.0050380 secs]
24.464: [GC 24.466: [DefNew: 534K->52K(576K), 0.0022820 secs]24.469: [Train: 293966K->293966K(294080K), 0.0005900 secs] 294500K->294402K(294656K), 0.0050050 secs]
24.470: [GC 24.472: [DefNew: 560K->36K(576K), 0.0023030 secs]24.474: [Train: 293989K->293989K(294080K), 0.0005900 secs] 294526K->294409K(294656K), 0.0050190 secs]
24.475: [GC 24.477: [DefNew: 547K->45K(576K), 0.0023040 secs]24.479: [Train: 294010K->294010K(294144K), 0.0006040 secs] 294536K->294440K(294720K), 0.0050330 secs]
24.480: [GC 24.482: [DefNew: 553K->36K(576K), 0.0022830 secs]24.484: [Train: 294027K->294027K(294144K), 0.0006140 secs] 294564K->294447K(294720K), 0.0050390 secs]
24.485: [GC 24.487: [DefNew: 547K->45K(576K), 0.0022920 secs]24.490: [Train: 294046K->294046K(294144K), 0.0006020 secs] 294574K->294434K(294720K), 0.0050400 secs]
24.491: [GC 24.493: [DefNew: 556K->42K(576K), 0.0023000 secs]24.495: [Train: 294063K->294063K(294144K), 0.0005890 secs] 294603K->294361K(294720K), 0.0050180 secs]
24.496: [GC 24.498: [DefNew: 549K->58K(576K), 0.0023040 secs]24.500: [Train: 294084K->294084K(294208K), 0.0006090 secs] 294613K->294143K(294784K), 0.0050530 secs]
24.502: [GC 24.504: [DefNew: 561K->62K(576K), 0.0025360 secs]24.507: [Train: 294155K->294155K(294272K), 0.0007570 secs] 294646K->294217K(294848K), 0.0054840 secs]
24.508: [GC 24.511: [DefNew: 564K->62K(576K), 0.0027310 secs] 294719K->294291K(294848K), 0.0052230 secs]
24.514: [GC 24.517: [DefNew: 564K->62K(576K), 0.0025440 secs]24.519: [Train: 294302K->294302K(294400K), 0.0006120 secs] 294793K->294365K(294976K), 0.0055960 secs]
24.521: [GC 24.522: [DefNew: 564K->62K(576K), 0.0023450 secs]24.525: [Train: 294376K->294376K(294464K), 0.0006220 secs] 294867K->294694K(295040K), 0.0051120 secs]
24.526: [GC 24.528: [DefNew: 569K->36K(576K), 0.0023400 secs]24.530: [Train: 294440K->294440K(294528K), 0.0006020 secs] 294946K->294818K(295104K), 0.0050800 secs]
24.531: [GC 24.533: [DefNew: 546K->32K(576K), 0.0023220 secs]24.536: [Train: 294478K->294478K(294592K), 0.0005950 secs] 294987K->294895K(295168K), 0.0050490 secs]
24.537: [GC 24.539: [DefNew: 543K->19K(576K), 0.0022920 secs]24.541: [Train: 294501K->294501K(294592K), 0.0005960 secs] 295022K->294905K(295168K), 0.0050270 secs]
24.542: [GC 24.544: [DefNew: 530K->49K(576K), 0.0023010 secs]24.546: [Train: 294501K->294501K(294592K), 0.0005790 secs] 295032K->294934K(295168K), 0.0050120 secs]
24.547: [GC 24.549: [DefNew: 557K->36K(576K), 0.0023020 secs]24.551: [Train: 294522K->294522K(294656K), 0.0006030 secs] 295058K->294942K(295232K), 0.0050380 secs]
24.552: [GC 24.554: [DefNew: 547K->45K(576K), 0.0022960 secs]24.557: [Train: 294542K->294542K(294656K), 0.0005780 secs] 295070K->294972K(295232K), 0.0050210 secs]
24.557: [GC 24.559: [DefNew: 553K->36K(576K), 0.0022940 secs]24.562: [Train: 294558K->294558K(294656K), 0.0005910 secs] 295096K->294936K(295232K), 0.0050220 secs]
24.563: [GC 24.565: [DefNew: 546K->49K(576K), 0.0023100 secs]24.567: [Train: 294578K->294578K(294656K), 0.0006210 secs] 295105K->294883K(295232K), 0.0050620 secs]
24.568: [GC 24.570: [DefNew: 559K->49K(576K), 0.0023190 secs]24.572: [Train: 294619K->294619K(294720K), 0.0006040 secs] 295138K->294668K(295296K), 0.0050610 secs]
24.574: [GC 24.576: [DefNew: 551K->62K(576K), 0.0023640 secs]24.578: [Train: 294680K->294680K(294784K), 0.0006380 secs] 295171K->294742K(295360K), 0.0051340 secs]
24.579: [GC 24.581: [DefNew: 564K->62K(576K), 0.0023580 secs] 295244K->294816K(295360K), 0.0044800 secs]
24.585: [GC 24.587: [DefNew: 564K->62K(576K), 0.0023570 secs]24.589: [Train: 294828K->294828K(294912K), 0.0006150 secs] 295318K->294890K(295488K), 0.0051080 secs]
24.590: [GC 24.592: [DefNew: 564K->62K(576K), 0.0023530 secs]24.595: [Train: 294901K->294901K(294976K), 0.0006230 secs] 295392K->295220K(295552K), 0.0051180 secs]
24.596: [GC 24.598: [DefNew: 569K->45K(576K), 0.0023310 secs]24.600: [Train: 294956K->294956K(295040K), 0.0006020 secs] 295471K->295343K(295616K), 0.0050780 secs]
24.601: [GC 24.603: [DefNew: 556K->22K(576K), 0.0023120 secs]24.605: [Train: 294993K->294993K(295104K), 0.0006150 secs] 295512K->295400K(295680K), 0.0050840 secs]
24.606: [GC 24.608: [DefNew: 534K->52K(576K), 0.0022930 secs]24.611: [Train: 294993K->294993K(295104K), 0.0005940 secs] 295527K->295430K(295680K), 0.0050220 secs]
24.612: [GC 24.613: [DefNew: 560K->36K(576K), 0.0023150 secs]24.616: [Train: 295016K->295016K(295104K), 0.0005910 secs] 295554K->295436K(295680K), 0.0050410 secs]
24.617: [GC 24.619: [DefNew: 547K->45K(576K), 0.0023070 secs]24.621: [Train: 295038K->295038K(295168K), 0.0005990 secs] 295563K->295467K(295744K), 0.0050550 secs]
24.622: [GC 24.624: [DefNew: 553K->36K(576K), 0.0023100 secs]24.626: [Train: 295054K->295054K(295168K), 0.0006140 secs] 295591K->295474K(295744K), 0.0050590 secs]
24.627: [GC 24.629: [DefNew: 547K->45K(576K), 0.0023070 secs]24.632: [Train: 295074K->295074K(295168K), 0.0005910 secs] 295601K->295461K(295744K), 0.0050410 secs]
24.633: [GC 24.635: [DefNew: 556K->42K(576K), 0.0022970 secs]24.637: [Train: 295090K->295090K(295168K), 0.0005870 secs] 295630K->295389K(295744K), 0.0050270 secs]
24.638: [GC 24.640: [DefNew: 549K->58K(576K), 0.0023330 secs]24.642: [Train: 295112K->295112K(295232K), 0.0006160 secs] 295640K->295170K(295808K), 0.0050860 secs]
24.644: [GC 24.646: [DefNew: 561K->62K(576K), 0.0023590 secs]24.648: [Train: 295182K->295182K(295296K), 0.0006050 secs] 295673K->295244K(295872K), 0.0051020 secs]
24.649: [GC 24.652: [DefNew: 564K->62K(576K), 0.0026930 secs] 295747K->295318K(295872K), 0.0050940 secs]
24.655: [GC 24.657: [DefNew: 564K->62K(576K), 0.0026970 secs]24.660: [Train: 295330K->295330K(295424K), 0.0007030 secs] 295820K->295392K(296000K), 0.0058170 secs]
24.661: [GC 24.663: [DefNew: 564K->62K(576K), 0.0023830 secs]24.666: [Train: 295404K->295404K(295488K), 0.0006240 secs] 295894K->295722K(296064K), 0.0051980 secs]
24.667: [GC 24.669: [DefNew: 569K->36K(576K), 0.0023410 secs]24.671: [Train: 295468K->295468K(295552K), 0.0006670 secs] 295973K->295845K(296128K), 0.0051480 secs]
24.672: [GC 24.674: [DefNew: 546K->32K(576K), 0.0023200 secs]24.677: [Train: 295505K->295505K(295616K), 0.0006090 secs] 296015K->295922K(296192K), 0.0050830 secs]
24.678: [GC 24.680: [DefNew: 543K->19K(576K), 0.0023060 secs]24.682: [Train: 295528K->295528K(295616K), 0.0005860 secs] 296049K->295932K(296192K), 0.0050390 secs]
24.683: [GC 24.685: [DefNew: 530K->49K(576K), 0.0023050 secs]24.687: [Train: 295528K->295528K(295616K), 0.0005900 secs] 296059K->295961K(296192K), 0.0050320 secs]
24.688: [GC 24.690: [DefNew: 557K->36K(576K), 0.0023050 secs]24.692: [Train: 295550K->295550K(295680K), 0.0006000 secs] 296085K->295970K(296256K), 0.0050480 secs]
24.693: [GC 24.695: [DefNew: 547K->45K(576K), 0.0023070 secs]24.698: [Train: 295569K->295569K(295680K), 0.0006020 secs] 296097K->295999K(296256K), 0.0050540 secs]
24.699: [GC 24.701: [DefNew: 553K->36K(576K), 0.0023050 secs]24.703: [Train: 295586K->295586K(295680K), 0.0005920 secs] 296123K->295963K(296256K), 0.0050370 secs]
24.704: [GC 24.706: [DefNew: 546K->49K(576K), 0.0023060 secs]24.708: [Train: 295605K->295605K(295680K), 0.0005880 secs] 296133K->295910K(296256K), 0.0050380 secs]
24.709: [GC 24.711: [DefNew: 559K->49K(576K), 0.0023270 secs]24.713: [Train: 295646K->295646K(295744K), 0.0006050 secs] 296165K->295695K(296320K), 0.0050820 secs]
24.715: [GC 24.717: [DefNew: 551K->62K(576K), 0.0023630 secs]24.719: [Train: 295707K->295707K(295808K), 0.0006010 secs] 296198K->295769K(296384K), 0.0051040 secs]
24.721: [GC 24.723: [DefNew: 564K->62K(576K), 0.0023650 secs] 296272K->295843K(296384K), 0.0045090 secs]
24.726: [GC 24.728: [DefNew: 564K->62K(576K), 0.0023750 secs]24.730: [Train: 295855K->295855K(295936K), 0.0006640 secs] 296346K->295917K(296512K), 0.0051830 secs]
24.731: [GC 24.733: [DefNew: 564K->62K(576K), 0.0023920 secs]24.736: [Train: 295930K->295930K(296064K), 0.0006090 secs] 296419K->296249K(296640K), 0.0051480 secs]
24.737: [GC 24.739: [DefNew: 569K->45K(576K), 0.0023330 secs]24.741: [Train: 295983K->295983K(296064K), 0.0006120 secs] 296500K->296370K(296640K), 0.0051130 secs]
24.742: [GC 24.744: [DefNew: 556K->22K(576K), 0.0023390 secs]24.747: [Train: 296021K->296021K(296128K), 0.0006020 secs] 296540K->296428K(296704K), 0.0050850 secs]
24.748: [GC 24.749: [DefNew: 534K->52K(576K), 0.0023040 secs]24.752: [Train: 296021K->296021K(296128K), 0.0006220 secs] 296555K->296457K(296704K), 0.0050670 secs]
24.753: [GC 24.755: [DefNew: 560K->36K(576K), 0.0023050 secs]24.757: [Train: 296044K->296044K(296128K), 0.0006600 secs] 296581K->296464K(296704K), 0.0051180 secs]
24.758: [GC 24.760: [DefNew: 547K->45K(576K), 0.0023210 secs]24.762: [Train: 296065K->296065K(296192K), 0.0006370 secs] 296591K->296495K(296768K), 0.0051040 secs]
24.763: [GC 24.765: [DefNew: 553K->36K(576K), 0.0023080 secs]24.768: [Train: 296081K->296081K(296192K), 0.0006210 secs] 296619K->296501K(296768K), 0.0050760 secs]
24.769: [GC 24.771: [DefNew: 547K->45K(576K), 0.0023100 secs]24.773: [Train: 296101K->296101K(296192K), 0.0006100 secs] 296629K->296488K(296768K), 0.0050840 secs]
24.774: [GC 24.776: [DefNew: 556K->42K(576K), 0.0023090 secs]24.778: [Train: 296117K->296117K(296192K), 0.0005840 secs] 296658K->296416K(296768K), 0.0050380 secs]
24.779: [GC 24.781: [DefNew: 549K->58K(576K), 0.0023360 secs]24.784: [Train: 296139K->296139K(296256K), 0.0006550 secs] 296667K->296198K(296832K), 0.0051340 secs]
24.785: [GC 24.787: [DefNew: 561K->62K(576K), 0.0023660 secs]24.789: [Train: 296209K->296209K(296320K), 0.0006070 secs] 296700K->296272K(296896K), 0.0051270 secs]
24.791: [GC 24.793: [DefNew: 564K->62K(576K), 0.0023810 secs] 296774K->296345K(296896K), 0.0045160 secs]
24.796: [GC 24.798: [DefNew: 564K->62K(576K), 0.0023690 secs]24.800: [Train: 296357K->296357K(296448K), 0.0006040 secs] 296848K->296419K(297024K), 0.0051190 secs]
24.802: [GC 24.804: [DefNew: 564K->62K(576K), 0.0023770 secs]24.806: [Train: 296431K->296431K(296512K), 0.0006460 secs] 296922K->296749K(297088K), 0.0051770 secs]
24.807: [GC 24.809: [DefNew: 569K->36K(576K), 0.0023480 secs]24.811: [Train: 296495K->296495K(296576K), 0.0006110 secs] 297000K->296872K(297152K), 0.0051090 secs]
24.812: [GC 24.814: [DefNew: 546K->32K(576K), 0.0023270 secs]24.817: [Train: 296533K->296533K(296640K), 0.0006440 secs] 297042K->296949K(297216K), 0.0051250 secs]
24.818: [GC 24.820: [DefNew: 543K->19K(576K), 0.0023240 secs]24.822: [Train: 296556K->296556K(296640K), 0.0006440 secs] 297077K->296959K(297216K), 0.0051180 secs]
24.823: [GC 24.825: [DefNew: 530K->49K(576K), 0.0023080 secs]24.827: [Train: 296556K->296556K(296640K), 0.0006280 secs] 297086K->296989K(297216K), 0.0050860 secs]
24.828: [GC 24.830: [DefNew: 557K->36K(576K), 0.0023160 secs]24.833: [Train: 296577K->296577K(296704K), 0.0006240 secs] 297113K->296997K(297280K), 0.0051110 secs]
24.834: [GC 24.836: [DefNew: 547K->45K(576K), 0.0023290 secs]24.838: [Train: 296597K->296597K(296704K), 0.0006210 secs] 297124K->297026K(297280K), 0.0051110 secs]
24.839: [GC 24.841: [DefNew: 553K->36K(576K), 0.0023290 secs]24.843: [Train: 296613K->296613K(296704K), 0.0006250 secs] 297150K->296990K(297280K), 0.0051020 secs]
24.844: [GC 24.846: [DefNew: 546K->49K(576K), 0.0023210 secs]24.849: [Train: 296634K->296634K(296768K), 0.0006070 secs] 297160K->296939K(297344K), 0.0050860 secs]
24.850: [GC 24.852: [DefNew: 559K->49K(576K), 0.0023470 secs]24.854: [Train: 296674K->296674K(296768K), 0.0006140 secs] 297194K->296723K(297344K), 0.0051080 secs]
24.855: [GC 24.857: [DefNew: 551K->62K(576K), 0.0023680 secs]24.860: [Train: 296734K->296734K(296832K), 0.0006100 secs] 297225K->296797K(297408K), 0.0051260 secs]
24.861: [GC 24.863: [DefNew: 564K->62K(576K), 0.0023700 secs] 297299K->296870K(297408K), 0.0045110 secs]
24.866: [GC 24.868: [DefNew: 564K->62K(576K), 0.0023800 secs]24.871: [Train: 296882K->296882K(296960K), 0.0006490 secs] 297373K->296944K(297536K), 0.0051750 secs]
24.872: [GC 24.874: [DefNew: 564K->62K(576K), 0.0023830 secs]24.876: [Train: 296958K->296958K(297088K), 0.0006220 secs] 297447K->297276K(297664K), 0.0051660 secs]
24.877: [GC 24.879: [DefNew: 569K->45K(576K), 0.0023470 secs]24.882: [Train: 297010K->297010K(297088K), 0.0005950 secs] 297527K->297397K(297664K), 0.0051110 secs]
24.883: [GC 24.885: [DefNew: 556K->22K(576K), 0.0023360 secs]24.887: [Train: 297048K->297048K(297152K), 0.0006040 secs] 297567K->297455K(297728K), 0.0050910 secs]
24.888: [GC 24.890: [DefNew: 534K->52K(576K), 0.0023030 secs]24.892: [Train: 297048K->297048K(297152K), 0.0006300 secs] 297582K->297484K(297728K), 0.0051020 secs]
24.893: [GC 24.895: [DefNew: 560K->36K(576K), 0.0023180 secs]24.898: [Train: 297071K->297071K(297152K), 0.0005950 secs] 297608K->297491K(297728K), 0.0050730 secs]
24.899: [GC 24.901: [DefNew: 547K->45K(576K), 0.0023400 secs]24.903: [Train: 297092K->297092K(297216K), 0.0006250 secs] 297618K->297522K(297792K), 0.0051170 secs]
24.904: [GC 24.906: [DefNew: 553K->36K(576K), 0.0023110 secs]24.908: [Train: 297109K->297109K(297216K), 0.0005920 secs] 297646K->297529K(297792K), 0.0050620 secs]
24.909: [GC 24.911: [DefNew: 547K->45K(576K), 0.0023170 secs]24.914: [Train: 297128K->297128K(297216K), 0.0005990 secs] 297656K->297515K(297792K), 0.0050730 secs]
24.915: [GC 24.917: [DefNew: 556K->42K(576K), 0.0023240 secs]24.919: [Train: 297146K->297146K(297280K), 0.0006110 secs] 297685K->297445K(297856K), 0.0050850 secs]
24.920: [GC 24.922: [DefNew: 549K->58K(576K), 0.0023240 secs]24.924: [Train: 297166K->297166K(297280K), 0.0006140 secs] 297696K->297225K(297856K), 0.0050920 secs]
24.926: [GC 24.928: [DefNew: 561K->62K(576K), 0.0024020 secs]24.930: [Train: 297237K->297237K(297344K), 0.0006240 secs] 297727K->297299K(297920K), 0.0052150 secs]
24.931: [GC 24.933: [DefNew: 564K->62K(576K), 0.0023810 secs] 297801K->297373K(297920K), 0.0045260 secs]
24.937: [GC 24.939: [DefNew: 564K->62K(576K), 0.0023810 secs]24.941: [Train: 297384K->297384K(297472K), 0.0006090 secs] 297875K->297446K(298048K), 0.0051620 secs]
24.942: [GC 24.944: [DefNew: 564K->62K(576K), 0.0023740 secs]24.947: [Train: 297458K->297458K(297536K), 0.0006060 secs] 297949K->297776K(298112K), 0.0051390 secs]
24.948: [GC 24.950: [DefNew: 569K->36K(576K), 0.0023520 secs]24.952: [Train: 297522K->297522K(297600K), 0.0006130 secs] 298027K->297899K(298176K), 0.0051400 secs]
24.953: [GC 24.955: [DefNew: 546K->32K(576K), 0.0023360 secs]24.958: [Train: 297560K->297560K(297664K), 0.0006320 secs] 298069K->297977K(298240K), 0.0051320 secs]
24.959: [GC 24.960: [DefNew: 543K->19K(576K), 0.0023280 secs]24.963: [Train: 297583K->297583K(297664K), 0.0005980 secs] 298104K->297986K(298240K), 0.0050790 secs]
24.964: [GC 24.966: [DefNew: 530K->49K(576K), 0.0023050 secs]24.968: [Train: 297583K->297583K(297664K), 0.0005960 secs] 298114K->298016K(298240K), 0.0050620 secs]
24.969: [GC 24.971: [DefNew: 557K->36K(576K), 0.0023240 secs]24.973: [Train: 297604K->297604K(297728K), 0.0006440 secs] 298140K->298024K(298304K), 0.0051300 secs]
24.974: [GC 24.976: [DefNew: 547K->45K(576K), 0.0023280 secs]24.979: [Train: 297624K->297624K(297728K), 0.0005970 secs] 298151K->298054K(298304K), 0.0050810 secs]
24.980: [GC 24.982: [DefNew: 553K->36K(576K), 0.0023200 secs]24.984: [Train: 297640K->297640K(297728K), 0.0006050 secs] 298178K->298018K(298304K), 0.0050790 secs]
24.985: [GC 24.987: [DefNew: 546K->49K(576K), 0.0023280 secs]24.989: [Train: 297662K->297662K(297792K), 0.0006290 secs] 298187K->297967K(298368K), 0.0051270 secs]
24.990: [GC 24.992: [DefNew: 559K->49K(576K), 0.0023470 secs]24.995: [Train: 297701K->297701K(297792K), 0.0006400 secs] 298221K->297750K(298368K), 0.0051440 secs]
24.996: [GC 24.998: [DefNew: 117K->19K(576K), 0.0023370 secs]25.000: [Train: 297742K->297742K(297856K), 0.0006190 secs] 297819K->297762K(298432K), 0.0051380 secs]
25.002: [GC 25.008: [DefNew: 521K->62K(576K), 0.0026130 secs] 298781K->298410K(299008K), 0.0085850 secs]
25.011: [GC 25.013: [DefNew: 564K->62K(576K), 0.0024350 secs]25.016: [Train: 298421K->298421K(298560K), 0.0006720 secs] 298912K->298484K(299136K), 0.0053070 secs]
25.017: [GC 25.019: [DefNew: 564K->62K(576K), 0.0023830 secs]25.021: [Train: 298495K->298495K(298624K), 0.0006390 secs] 298986K->298813K(299200K), 0.0052070 secs]
25.023: [GC 25.025: [DefNew: 569K->45K(576K), 0.0023660 secs]25.027: [Train: 298549K->298549K(298688K), 0.0006520 secs] 299065K->298936K(299264K), 0.0051920 secs]
25.028: [GC 25.030: [DefNew: 556K->22K(576K), 0.0023300 secs]25.032: [Train: 298585K->298587K(298752K), 0.0006220 secs] 299106K->298994K(299328K), 0.0051280 secs]
25.033: [GC 25.035: [DefNew: 534K->52K(576K), 0.0023190 secs]25.038: [Train: 298587K->298587K(298752K), 0.0005930 secs] 299121K->299023K(299328K), 0.0050940 secs]
25.039: [GC 25.041: [DefNew: 560K->36K(576K), 0.0023300 secs]25.043: [Train: 298610K->298610K(298752K), 0.0006820 secs] 299147K->298987K(299328K), 0.0051740 secs]
25.044: [GC 25.046: [DefNew: 546K->49K(576K), 0.0023290 secs]25.048: [Train: 298630K->298630K(298752K), 0.0006370 secs] 299157K->298935K(299328K), 0.0051490 secs]
25.050: [GC 25.052: [DefNew: 559K->49K(576K), 0.0023550 secs]25.054: [Train: 298671K->298671K(298816K), 0.0006500 secs] 299189K->298720K(299392K), 0.0051880 secs]
25.055: [GC 25.057: [DefNew: 551K->62K(576K), 0.0023920 secs]25.060: [Train: 298732K->298732K(298880K), 0.0006700 secs] 299222K->298794K(299456K), 0.0052300 secs]
25.061: [GC 25.063: [DefNew: 564K->62K(576K), 0.0023860 secs] 299296K->298868K(299456K), 0.0045550 secs]
25.066: [GC 25.068: [DefNew: 564K->62K(576K), 0.0024090 secs]25.071: [Train: 298879K->298881K(299072K), 0.0006440 secs] 299370K->298943K(299648K), 0.0052170 secs]
25.072: [GC 25.074: [DefNew: 564K->62K(576K), 0.0023910 secs]25.076: [Train: 298955K->298953K(299072K), 0.0006050 secs] 299446K->299271K(299648K), 0.0051740 secs]
25.078: [GC 25.080: [DefNew: 569K->45K(576K), 0.0023790 secs]25.082: [Train: 299007K->299007K(299136K), 0.0006300 secs] 299522K->299394K(299712K), 0.0051840 secs]
25.083: [GC 25.085: [DefNew: 556K->22K(576K), 0.0023490 secs]25.087: [Train: 299045K->299043K(299136K), 0.0006070 secs] 299564K->299450K(299712K), 0.0051260 secs]
25.088: [GC 25.090: [DefNew: 534K->52K(576K), 0.0023160 secs]25.093: [Train: 299043K->299043K(299136K), 0.0005910 secs] 299577K->299480K(299712K), 0.0050810 secs]
25.094: [GC 25.096: [DefNew: 560K->36K(576K), 0.0023340 secs]25.098: [Train: 299068K->299068K(299200K), 0.0006250 secs] 299603K->299488K(299776K), 0.0051390 secs]
25.099: [GC 25.101: [DefNew: 547K->45K(576K), 0.0023440 secs]25.103: [Train: 299089K->299088K(299200K), 0.0006390 secs] 299615K->299517K(299776K), 0.0051500 secs]
25.104: [GC 25.106: [DefNew: 553K->36K(576K), 0.0023270 secs]25.109: [Train: 299106K->299106K(299264K), 0.0006170 secs] 299641K->299526K(299840K), 0.0051250 secs]
25.110: [GC 25.112: [DefNew: 547K->45K(576K), 0.0023320 secs]25.114: [Train: 299125K->299125K(299264K), 0.0006180 secs] 299653K->299555K(299840K), 0.0051220 secs]
25.115: [GC 25.117: [DefNew: 553K->36K(576K), 0.0023360 secs]25.119: [Train: 299142K->299144K(299328K), 0.0006400 secs] 299679K->299521K(299904K), 0.0051420 secs]
25.120: [GC 25.122: [DefNew: 546K->49K(576K), 0.0023330 secs]25.125: [Train: 299163K->299163K(299328K), 0.0006190 secs] 299690K->299468K(299904K), 0.0051230 secs]
25.126: [GC 25.128: [DefNew: 559K->49K(576K), 0.0023610 secs]25.130: [Train: 299202K->299202K(299328K), 0.0006620 secs] 299723K->299252K(299904K), 0.0051880 secs]
25.132: [GC 25.134: [DefNew: 551K->62K(576K), 0.0023800 secs]25.136: [Train: 299263K->299263K(299392K), 0.0006280 secs] 299754K->299325K(299968K), 0.0051780 secs]
25.137: [GC 25.139: [DefNew: 564K->62K(576K), 0.0024010 secs] 299828K->299399K(299968K), 0.0045640 secs]
25.142: [GC 25.144: [DefNew: 564K->62K(576K), 0.0024080 secs]25.147: [Train: 299411K->299411K(299520K), 0.0006650 secs] 299902K->299473K(300096K), 0.0052380 secs]
25.148: [GC 25.150: [DefNew: 564K->62K(576K), 0.0023870 secs]25.153: [Train: 299485K->299486K(299648K), 0.0006200 secs] 299975K->299805K(300224K), 0.0051890 secs]
25.154: [GC 25.156: [DefNew: 569K->45K(576K), 0.0023720 secs]25.158: [Train: 299539K->299539K(299648K), 0.0006130 secs] 300056K->299926K(300224K), 0.0051570 secs]
25.159: [GC 25.161: [DefNew: 556K->22K(576K), 0.0023500 secs]25.164: [Train: 299577K->299577K(299712K), 0.0006190 secs] 300096K->299984K(300288K), 0.0051390 secs]
25.165: [GC 25.167: [DefNew: 534K->52K(576K), 0.0023220 secs]25.169: [Train: 299577K->299577K(299712K), 0.0006310 secs] 300111K->300013K(300288K), 0.0051450 secs]
25.170: [GC 25.172: [DefNew: 560K->36K(576K), 0.0023700 secs]25.174: [Train: 299600K->299601K(299776K), 0.0006780 secs] 300137K->300021K(300352K), 0.0052190 secs]
25.175: [GC 25.177: [DefNew: 547K->45K(576K), 0.0023580 secs]25.180: [Train: 299621K->299621K(299776K), 0.0006350 secs] 300149K->300051K(300352K), 0.0051690 secs]
25.181: [GC 25.183: [DefNew: 553K->36K(576K), 0.0023250 secs]25.185: [Train: 299637K->299637K(299776K), 0.0006020 secs] 300175K->300057K(300352K), 0.0051110 secs]
25.186: [GC 25.188: [DefNew: 547K->45K(576K), 0.0023540 secs]25.190: [Train: 299659K->299657K(299776K), 0.0006160 secs] 300185K->300044K(300352K), 0.0051410 secs]
25.191: [GC 25.193: [DefNew: 556K->42K(576K), 0.0023390 secs]25.196: [Train: 299675K->299673K(299776K), 0.0006620 secs] 300214K->299972K(300352K), 0.0051780 secs]
25.197: [GC 25.199: [DefNew: 549K->58K(576K), 0.0023470 secs]25.201: [Train: 299695K->299695K(299840K), 0.0006580 secs] 300223K->299754K(300416K), 0.0051830 secs]
25.203: [GC 25.205: [DefNew: 561K->62K(576K), 0.0023890 secs]25.207: [Train: 299765K->299765K(299904K), 0.0006470 secs] 300256K->299828K(300480K), 0.0052130 secs]
25.208: [GC 25.210: [DefNew: 564K->62K(576K), 0.0024050 secs] 300330K->299903K(300544K), 0.0045740 secs]
25.214: [GC 25.216: [DefNew: 564K->62K(576K), 0.0027310 secs]25.219: [Train: 299915K->299913K(300032K), 0.0007540 secs] 300406K->299975K(300608K), 0.0059720 secs]
25.220: [GC 25.222: [DefNew: 564K->62K(576K), 0.0027360 secs]25.225: [Train: 299989K->299987K(300096K), 0.0007880 secs] 300478K->300305K(300672K), 0.0059760 secs]
25.226: [GC 25.228: [DefNew: 569K->36K(576K), 0.0023730 secs]25.231: [Train: 300051K->300051K(300160K), 0.0006640 secs] 300556K->300428K(300736K), 0.0052170 secs]
25.232: [GC 25.234: [DefNew: 546K->32K(576K), 0.0023490 secs]25.236: [Train: 300089K->300089K(300224K), 0.0006290 secs] 300598K->300505K(300800K), 0.0051610 secs]
25.237: [GC 25.239: [DefNew: 543K->19K(576K), 0.0023330 secs]25.242: [Train: 300112K->300113K(300288K), 0.0006380 secs] 300633K->300517K(300864K), 0.0051640 secs]
25.243: [GC 25.245: [DefNew: 530K->49K(576K), 0.0023310 secs]25.247: [Train: 300113K->300112K(300288K), 0.0006150 secs] 300644K->300545K(300864K), 0.0051180 secs]
25.248: [GC 25.250: [DefNew: 557K->36K(576K), 0.0023380 secs]25.252: [Train: 300133K->300133K(300288K), 0.0006280 secs] 300669K->300553K(300864K), 0.0051560 secs]
25.253: [GC 25.255: [DefNew: 547K->45K(576K), 0.0023370 secs]25.258: [Train: 300153K->300153K(300288K), 0.0006000 secs] 300680K->300582K(300864K), 0.0051210 secs]
25.259: [GC 25.261: [DefNew: 553K->36K(576K), 0.0023430 secs]25.263: [Train: 300169K->300169K(300288K), 0.0006110 secs] 300706K->300546K(300864K), 0.0051290 secs]
25.264: [GC 25.266: [DefNew: 546K->49K(576K), 0.0023370 secs]25.268: [Train: 300189K->300190K(300352K), 0.0006550 secs] 300716K->300495K(300928K), 0.0051770 secs]
25.269: [GC 25.271: [DefNew: 559K->49K(576K), 0.0023940 secs]25.274: [Train: 300230K->300230K(300352K), 0.0006900 secs] 300750K->300279K(300928K), 0.0052800 secs]
25.275: [GC 25.279: [DefNew: 551K->62K(576K), 0.0033660 secs]25.282: [Train: 300290K->300290K(300416K), 0.0008970 secs] 300781K->300353K(300992K), 0.0079800 secs]
25.284: [GC 25.287: [DefNew: 564K->62K(576K), 0.0024020 secs] 300855K->300426K(300992K), 0.0049960 secs]
25.290: [GC 25.292: [DefNew: 564K->62K(576K), 0.0024040 secs]25.294: [Train: 300438K->300440K(300608K), 0.0006570 secs] 300929K->300502K(301184K), 0.0052250 secs]
25.295: [GC 25.297: [DefNew: 564K->62K(576K), 0.0024050 secs]25.300: [Train: 300514K->300514K(300672K), 0.0006220 secs] 301004K->300832K(301248K), 0.0052050 secs]
25.301: [GC 25.303: [DefNew: 569K->45K(576K), 0.0023670 secs]25.305: [Train: 300568K->300568K(300736K), 0.0006330 secs] 301083K->300955K(301312K), 0.0051760 secs]
25.306: [GC 25.308: [DefNew: 556K->22K(576K), 0.0023760 secs]25.310: [Train: 300604K->300604K(300736K), 0.0006220 secs] 301125K->301011K(301312K), 0.0051660 secs]
25.311: [GC 25.313: [DefNew: 534K->52K(576K), 0.0023320 secs]25.316: [Train: 300604K->300604K(300736K), 0.0006720 secs] 301138K->301040K(301312K), 0.0051600 secs]
25.317: [GC 25.319: [DefNew: 560K->36K(576K), 0.0023370 secs]25.321: [Train: 300627K->300627K(300736K), 0.0006630 secs] 301164K->301047K(301312K), 0.0051620 secs]
25.322: [GC 25.324: [DefNew: 547K->45K(576K), 0.0023590 secs]25.326: [Train: 300648K->300648K(300800K), 0.0006360 secs] 301174K->301078K(301376K), 0.0051550 secs]
25.327: [GC 25.329: [DefNew: 553K->36K(576K), 0.0023370 secs]25.332: [Train: 300665K->300665K(300800K), 0.0006280 secs] 301202K->301085K(301376K), 0.0051190 secs]
25.333: [GC 25.335: [DefNew: 547K->45K(576K), 0.0023400 secs]25.337: [Train: 300686K->300684K(300800K), 0.0006100 secs] 301212K->301071K(301376K), 0.0051280 secs]
25.338: [GC 25.340: [DefNew: 556K->42K(576K), 0.0023470 secs]25.342: [Train: 300702K->300702K(300864K), 0.0006280 secs] 301241K->301001K(301440K), 0.0051360 secs]
25.343: [GC 25.345: [DefNew: 549K->58K(576K), 0.0024370 secs]25.348: [Train: 300722K->300722K(300864K), 0.0006970 secs] 301252K->300781K(301440K), 0.0053070 secs]
25.350: [GC 25.353: [DefNew: 561K->62K(576K), 0.0024840 secs]25.355: [Train: 300793K->300793K(300928K), 0.0007190 secs] 301283K->300855K(301504K), 0.0057370 secs]
25.356: [GC 25.359: [DefNew: 564K->62K(576K), 0.0023990 secs] 301357K->300929K(301504K), 0.0046160 secs]
25.362: [GC 25.364: [DefNew: 564K->62K(576K), 0.0024020 secs]25.366: [Train: 300940K->300942K(301120K), 0.0007030 secs] 301431K->301004K(301696K), 0.0052710 secs]
25.367: [GC 25.369: [DefNew: 564K->62K(576K), 0.0024070 secs]25.372: [Train: 301016K->301016K(301184K), 0.0006560 secs] 301507K->301334K(301760K), 0.0052420 secs]
25.373: [GC 25.375: [DefNew: 569K->36K(576K), 0.0023730 secs]25.377: [Train: 301080K->301078K(301184K), 0.0006480 secs] 301585K->301455K(301760K), 0.0052020 secs]
25.378: [GC 25.380: [DefNew: 546K->32K(576K), 0.0023720 secs]25.383: [Train: 301116K->301116K(301248K), 0.0006340 secs] 301625K->301533K(301824K), 0.0051690 secs]
25.383: [GC 25.385: [DefNew: 543K->19K(576K), 0.0023430 secs]25.388: [Train: 301139K->301139K(301248K), 0.0006760 secs] 301660K->301542K(301824K), 0.0051760 secs]
25.389: [GC 25.391: [DefNew: 530K->49K(576K), 0.0023270 secs]25.393: [Train: 301139K->301139K(301248K), 0.0006350 secs] 301670K->301572K(301824K), 0.0051310 secs]
25.394: [GC 25.396: [DefNew: 557K->36K(576K), 0.0023470 secs]25.398: [Train: 301160K->301160K(301312K), 0.0005980 secs] 301696K->301580K(301888K), 0.0051000 secs]
25.399: [GC 25.401: [DefNew: 547K->45K(576K), 0.0023460 secs]25.404: [Train: 301180K->301180K(301312K), 0.0006330 secs] 301707K->301610K(301888K), 0.0051350 secs]
25.405: [GC 25.407: [DefNew: 553K->36K(576K), 0.0024630 secs]25.409: [Train: 301198K->301196K(301312K), 0.0006850 secs] 301734K->301574K(301888K), 0.0053470 secs]
25.414: [GC 25.416: [DefNew: 546K->49K(576K), 0.0025810 secs]25.419: [Train: 301218K->301218K(301376K), 0.0007040 secs] 301743K->301523K(301952K), 0.0059860 secs]
25.420: [GC 25.422: [DefNew: 559K->49K(576K), 0.0023740 secs]25.425: [Train: 301257K->301257K(301376K), 0.0006740 secs] 301777K->301306K(301952K), 0.0052470 secs]
25.426: [GC 25.429: [DefNew: 551K->62K(576K), 0.0026900 secs]25.431: [Train: 301318K->301320K(301504K), 0.0006750 secs] 301808K->301382K(302080K), 0.0062250 secs]
25.433: [GC 25.435: [DefNew: 564K->62K(576K), 0.0023980 secs] 301884K->301455K(302080K), 0.0045780 secs]
25.438: [GC 25.440: [DefNew: 564K->62K(576K), 0.0024200 secs]25.442: [Train: 301467K->301467K(301632K), 0.0006270 secs] 301958K->301529K(302208K), 0.0052090 secs]
25.443: [GC 25.445: [DefNew: 564K->62K(576K), 0.0024000 secs]25.448: [Train: 301541K->301539K(301632K), 0.0006590 secs] 302032K->301857K(302208K), 0.0052380 secs]
25.449: [GC 25.451: [DefNew: 569K->45K(576K), 0.0023690 secs]25.453: [Train: 301593K->301593K(301696K), 0.0006800 secs] 302109K->301980K(302272K), 0.0052250 secs]
25.454: [GC 25.456: [DefNew: 556K->22K(576K), 0.0023580 secs]25.459: [Train: 301631K->301633K(301824K), 0.0006190 secs] 302150K->302040K(302400K), 0.0051420 secs]
25.460: [GC 25.462: [DefNew: 534K->52K(576K), 0.0023370 secs]25.464: [Train: 301633K->301631K(301824K), 0.0006790 secs] 302167K->302068K(302400K), 0.0051740 secs]
25.465: [GC 25.467: [DefNew: 560K->36K(576K), 0.0023460 secs]25.469: [Train: 301656K->301656K(301824K), 0.0006310 secs] 302191K->302076K(302400K), 0.0051530 secs]
25.470: [GC 25.472: [DefNew: 547K->45K(576K), 0.0023470 secs]25.475: [Train: 301676K->301676K(301824K), 0.0006540 secs] 302203K->302105K(302400K), 0.0051590 secs]
25.475: [GC 25.477: [DefNew: 553K->36K(576K), 0.0023510 secs]25.480: [Train: 301692K->301692K(301824K), 0.0006320 secs] 302229K->302112K(302400K), 0.0051440 secs]
25.481: [GC 25.483: [DefNew: 547K->45K(576K), 0.0023410 secs]25.485: [Train: 301712K->301713K(301888K), 0.0006270 secs] 302239K->302100K(302464K), 0.0051320 secs]
25.486: [GC 25.488: [DefNew: 556K->42K(576K), 0.0023580 secs]25.490: [Train: 301730K->301730K(301888K), 0.0006080 secs] 302270K->302028K(302464K), 0.0051350 secs]
25.491: [GC 25.493: [DefNew: 549K->58K(576K), 0.0023510 secs]25.496: [Train: 301749K->301749K(301888K), 0.0006730 secs] 302279K->301808K(302464K), 0.0051860 secs]
25.497: [GC 25.499: [DefNew: 561K->62K(576K), 0.0023830 secs]25.502: [Train: 301820K->301820K(301952K), 0.0006390 secs] 302311K->301882K(302528K), 0.0052080 secs]
25.503: [GC 25.505: [DefNew: 564K->62K(576K), 0.0023930 secs] 302384K->301956K(302528K), 0.0045580 secs]
25.508: [GC 25.510: [DefNew: 564K->62K(576K), 0.0023960 secs]25.512: [Train: 301968K->301968K(302080K), 0.0006310 secs] 302458K->302030K(302656K), 0.0051970 secs]
25.513: [GC 25.515: [DefNew: 564K->62K(576K), 0.0023910 secs]25.518: [Train: 302041K->302043K(302208K), 0.0006290 secs] 302532K->302361K(302784K), 0.0052130 secs]
25.519: [GC 25.521: [DefNew: 569K->36K(576K), 0.0023740 secs]25.523: [Train: 302107K->302107K(302272K), 0.0006130 secs] 302613K->302485K(302848K), 0.0051540 secs]
25.524: [GC 25.526: [DefNew: 546K->32K(576K), 0.0023520 secs]25.529: [Train: 302143K->302143K(302272K), 0.0006590 secs] 302654K->302560K(302848K), 0.0051880 secs]
25.529: [GC 25.532: [DefNew: 543K->19K(576K), 0.0023530 secs]25.534: [Train: 302166K->302168K(302336K), 0.0006250 secs] 302687K->302572K(302912K), 0.0051480 secs]
25.535: [GC 25.537: [DefNew: 530K->49K(576K), 0.0023490 secs]25.539: [Train: 302168K->302168K(302336K), 0.0006390 secs] 302699K->302601K(302912K), 0.0051470 secs]
25.540: [GC 25.542: [DefNew: 557K->36K(576K), 0.0023430 secs]25.544: [Train: 302188K->302188K(302336K), 0.0006150 secs] 302725K->302608K(302912K), 0.0051260 secs]
25.545: [GC 25.547: [DefNew: 547K->45K(576K), 0.0023620 secs]25.550: [Train: 302207K->302207K(302336K), 0.0006610 secs] 302735K->302637K(302912K), 0.0051920 secs]
25.551: [GC 25.553: [DefNew: 553K->36K(576K), 0.0023550 secs]25.555: [Train: 302225K->302224K(302336K), 0.0006560 secs] 302761K->302601K(302912K), 0.0051750 secs]
25.556: [GC 25.558: [DefNew: 546K->49K(576K), 0.0023550 secs]25.560: [Train: 302245K->302243K(302336K), 0.0006580 secs] 302771K->302548K(302912K), 0.0051830 secs]
25.561: [GC 25.563: [DefNew: 559K->49K(576K), 0.0023730 secs]25.566: [Train: 302284K->302286K(302464K), 0.0006560 secs] 302803K->302335K(303040K), 0.0052130 secs]
25.567: [GC 25.569: [DefNew: 551K->62K(576K), 0.0023990 secs]25.572: [Train: 302347K->302347K(302528K), 0.0006780 secs] 302838K->302409K(303104K), 0.0052610 secs]
25.573: [GC 25.575: [DefNew: 564K->62K(576K), 0.0024050 secs] 302911K->302483K(303104K), 0.0045940 secs]
25.578: [GC 25.580: [DefNew: 564K->62K(576K), 0.0024110 secs]25.582: [Train: 302494K->302494K(302656K), 0.0006460 secs] 302985K->302557K(303232K), 0.0052240 secs]
25.584: [GC 25.586: [DefNew: 564K->62K(576K), 0.0024190 secs]25.588: [Train: 302568K->302568K(302720K), 0.0006630 secs] 303059K->302886K(303296K), 0.0052630 secs]
25.589: [GC 25.591: [DefNew: 569K->45K(576K), 0.0023850 secs]25.594: [Train: 302622K->302621K(302720K), 0.0006780 secs] 303138K->303008K(303296K), 0.0052440 secs]
25.595: [GC 25.597: [DefNew: 556K->22K(576K), 0.0023800 secs]25.599: [Train: 302658K->302658K(302784K), 0.0006520 secs] 303177K->303065K(303360K), 0.0052050 secs]
25.600: [GC 25.602: [DefNew: 534K->52K(576K), 0.0023460 secs]25.604: [Train: 302658K->302658K(302784K), 0.0006240 secs] 303193K->303095K(303360K), 0.0051430 secs]
25.605: [GC 25.607: [DefNew: 560K->36K(576K), 0.0023610 secs]25.610: [Train: 302683K->302683K(302848K), 0.0006330 secs] 303219K->303103K(303424K), 0.0051660 secs]
25.610: [GC 25.612: [DefNew: 547K->45K(576K), 0.0023560 secs]25.615: [Train: 302703K->302701K(302848K), 0.0006000 secs] 303230K->303131K(303424K), 0.0051260 secs]
25.616: [GC 25.618: [DefNew: 553K->36K(576K), 0.0023510 secs]25.620: [Train: 302719K->302719K(302848K), 0.0006290 secs] 303255K->303139K(303424K), 0.0051510 secs]
25.621: [GC 25.623: [DefNew: 547K->45K(576K), 0.0023530 secs]25.625: [Train: 302739K->302739K(302848K), 0.0006530 secs] 303266K->303126K(303424K), 0.0051850 secs]
25.626: [GC 25.628: [DefNew: 556K->42K(576K), 0.0023540 secs]25.631: [Train: 302755K->302757K(302912K), 0.0006320 secs] 303296K->303056K(303488K), 0.0051610 secs]
25.632: [GC 25.634: [DefNew: 549K->58K(576K), 0.0023550 secs]25.636: [Train: 302777K->302777K(302912K), 0.0005970 secs] 303307K->302836K(303488K), 0.0051350 secs]
25.637: [GC 25.639: [DefNew: 561K->62K(576K), 0.0024010 secs]25.642: [Train: 302847K->302847K(302976K), 0.0006570 secs] 303338K->302909K(303552K), 0.0052510 secs]
25.643: [GC 25.645: [DefNew: 564K->62K(576K), 0.0024310 secs] 303412K->302985K(303616K), 0.0046030 secs]
25.648: [GC 25.650: [DefNew: 564K->62K(576K), 0.0024060 secs]25.653: [Train: 302997K->302995K(303104K), 0.0006380 secs] 303487K->303057K(303680K), 0.0052200 secs]
25.654: [GC 25.656: [DefNew: 564K->62K(576K), 0.0024320 secs]25.659: [Train: 303070K->303070K(303232K), 0.0006460 secs] 303559K->303389K(303808K), 0.0052650 secs]
25.660: [GC 25.662: [DefNew: 569K->36K(576K), 0.0023920 secs]25.664: [Train: 303134K->303134K(303296K), 0.0006730 secs] 303640K->303512K(303872K), 0.0052450 secs]
25.665: [GC 25.667: [DefNew: 546K->32K(576K), 0.0023800 secs]25.669: [Train: 303170K->303170K(303296K), 0.0006910 secs] 303681K->303587K(303872K), 0.0052570 secs]
25.670: [GC 25.672: [DefNew: 543K->19K(576K), 0.0023830 secs]25.675: [Train: 303195K->303195K(303360K), 0.0006220 secs] 303714K->303599K(303936K), 0.0051790 secs]
25.676: [GC 25.678: [DefNew: 530K->49K(576K), 0.0023430 secs]25.680: [Train: 303195K->303193K(303360K), 0.0006190 secs] 303726K->303626K(303936K), 0.0051470 secs]
25.681: [GC 25.683: [DefNew: 557K->36K(576K), 0.0023590 secs]25.685: [Train: 303215K->303215K(303360K), 0.0006230 secs] 303750K->303635K(303936K), 0.0051790 secs]
25.686: [GC 25.688: [DefNew: 547K->45K(576K), 0.0023590 secs]25.691: [Train: 303234K->303236K(303424K), 0.0006280 secs] 303762K->303666K(304000K), 0.0051580 secs]
25.692: [GC 25.694: [DefNew: 553K->36K(576K), 0.0023630 secs]25.696: [Train: 303253K->303251K(303424K), 0.0006030 secs] 303790K->303628K(304000K), 0.0051350 secs]
25.697: [GC 25.699: [DefNew: 546K->49K(576K), 0.0023600 secs]25.701: [Train: 303272K->303272K(303424K), 0.0006180 secs] 303798K->303577K(304000K), 0.0051570 secs]
25.702: [GC 25.704: [DefNew: 559K->49K(576K), 0.0023860 secs]25.707: [Train: 303312K->303312K(303424K), 0.0006180 secs] 303832K->303361K(304000K), 0.0051820 secs]
25.708: [GC 25.710: [DefNew: 551K->62K(576K), 0.0023980 secs]25.712: [Train: 303372K->303374K(303552K), 0.0006600 secs] 303863K->303436K(304128K), 0.0052550 secs]
25.714: [GC 25.716: [DefNew: 564K->62K(576K), 0.0024210 secs] 303939K->303510K(304128K), 0.0046010 secs]
25.719: [GC 25.721: [DefNew: 564K->62K(576K), 0.0024190 secs]25.723: [Train: 303522K->303522K(303680K), 0.0006300 secs] 304012K->303584K(304256K), 0.0052230 secs]
25.724: [GC 25.726: [DefNew: 564K->62K(576K), 0.0024070 secs]25.729: [Train: 303596K->303596K(303744K), 0.0006530 secs] 304086K->303914K(304320K), 0.0052740 secs]
25.730: [GC 25.732: [DefNew: 569K->45K(576K), 0.0023990 secs]25.734: [Train: 303650K->303650K(303808K), 0.0006260 secs] 304165K->304037K(304384K), 0.0052070 secs]
25.735: [GC 25.737: [DefNew: 556K->22K(576K), 0.0023680 secs]25.740: [Train: 303686K->303686K(303808K), 0.0006060 secs] 304206K->304093K(304384K), 0.0051490 secs]
25.741: [GC 25.743: [DefNew: 534K->52K(576K), 0.0023440 secs]25.745: [Train: 303686K->303686K(303808K), 0.0006350 secs] 304220K->304122K(304384K), 0.0051730 secs]
25.746: [GC 25.748: [DefNew: 560K->36K(576K), 0.0023620 secs]25.750: [Train: 303709K->303710K(303872K), 0.0006100 secs] 304246K->304130K(304448K), 0.0051480 secs]
25.751: [GC 25.753: [DefNew: 547K->45K(576K), 0.0023700 secs]25.756: [Train: 303730K->303730K(303872K), 0.0006150 secs] 304258K->304160K(304448K), 0.0051560 secs]
25.757: [GC 25.759: [DefNew: 553K->36K(576K), 0.0023500 secs]25.761: [Train: 303746K->303748K(303936K), 0.0006380 secs] 304284K->304168K(304512K), 0.0051740 secs]
25.762: [GC 25.764: [DefNew: 547K->45K(576K), 0.0023710 secs]25.766: [Train: 303768K->303768K(303936K), 0.0006210 secs] 304295K->304155K(304512K), 0.0051640 secs]
25.767: [GC 25.769: [DefNew: 556K->42K(576K), 0.0023590 secs]25.772: [Train: 303784K->303784K(303936K), 0.0006050 secs] 304325K->304083K(304512K), 0.0051370 secs]
25.773: [GC 25.775: [DefNew: 549K->58K(576K), 0.0023580 secs]25.777: [Train: 303804K->303804K(303936K), 0.0006300 secs] 304334K->303863K(304512K), 0.0051850 secs]
25.778: [GC 25.780: [DefNew: 561K->62K(576K), 0.0024020 secs]25.783: [Train: 303874K->303874K(304000K), 0.0006490 secs] 304365K->303937K(304576K), 0.0052410 secs]
25.784: [GC 25.786: [DefNew: 564K->62K(576K), 0.0024120 secs] 304439K->304012K(304640K), 0.0045950 secs]
25.789: [GC 25.791: [DefNew: 564K->62K(576K), 0.0024070 secs]25.793: [Train: 304024K->304024K(304192K), 0.0006350 secs] 304515K->304086K(304768K), 0.0052340 secs]
25.795: [GC 25.797: [DefNew: 564K->62K(576K), 0.0024060 secs]25.799: [Train: 304098K->304096K(304192K), 0.0006340 secs] 304588K->304414K(304768K), 0.0052340 secs]
25.800: [GC 25.802: [DefNew: 569K->36K(576K), 0.0023850 secs]25.805: [Train: 304160K->304162K(304320K), 0.0006630 secs] 304665K->304539K(304896K), 0.0052460 secs]
25.805: [GC 25.808: [DefNew: 546K->32K(576K), 0.0023770 secs]25.810: [Train: 304200K->304200K(304384K), 0.0006380 secs] 304709K->304616K(304960K), 0.0052010 secs]
25.811: [GC 25.813: [DefNew: 543K->19K(576K), 0.0023710 secs]25.815: [Train: 304222K->304222K(304384K), 0.0006660 secs] 304743K->304626K(304960K), 0.0052160 secs]
25.816: [GC 25.818: [DefNew: 530K->49K(576K), 0.0023480 secs]25.821: [Train: 304222K->304222K(304384K), 0.0006300 secs] 304753K->304655K(304960K), 0.0051600 secs]
25.822: [GC 25.824: [DefNew: 557K->36K(576K), 0.0023700 secs]25.826: [Train: 304242K->304242K(304384K), 0.0006380 secs] 304779K->304662K(304960K), 0.0051880 secs]
25.827: [GC 25.829: [DefNew: 547K->45K(576K), 0.0023630 secs]25.831: [Train: 304262K->304264K(304448K), 0.0006440 secs] 304789K->304693K(305024K), 0.0051850 secs]
25.832: [GC 25.834: [DefNew: 553K->36K(576K), 0.0023550 secs]25.837: [Train: 304280K->304280K(304448K), 0.0006430 secs] 304817K->304657K(305024K), 0.0051810 secs]
25.838: [GC 25.840: [DefNew: 546K->49K(576K), 0.0023650 secs]25.842: [Train: 304300K->304300K(304448K), 0.0006520 secs] 304827K->304605K(305024K), 0.0052080 secs]
25.843: [GC 25.845: [DefNew: 559K->49K(576K), 0.0023790 secs]25.847: [Train: 304339K->304339K(304448K), 0.0006130 secs] 304859K->304388K(305024K), 0.0051750 secs]
25.849: [GC 25.851: [DefNew: 551K->62K(576K), 0.0023960 secs]25.853: [Train: 304400K->304400K(304512K), 0.0006350 secs] 304890K->304462K(305088K), 0.0052450 secs]
25.854: [GC 25.856: [DefNew: 564K->62K(576K), 0.0024240 secs] 304964K->304537K(305152K), 0.0046070 secs]
25.859: [GC 25.861: [DefNew: 564K->62K(576K), 0.0024400 secs]25.864: [Train: 304549K->304547K(304640K), 0.0006440 secs] 305040K->304609K(305216K), 0.0052640 secs]
25.865: [GC 25.867: [DefNew: 564K->62K(576K), 0.0024050 secs]25.869: [Train: 304621K->304623K(304768K), 0.0006910 secs] 305112K->304941K(305344K), 0.0052970 secs]
25.871: [GC 25.873: [DefNew: 569K->45K(576K), 0.0024050 secs]25.875: [Train: 304677K->304677K(304832K), 0.0006120 secs] 305192K->305064K(305408K), 0.0052040 secs]
25.876: [GC 25.878: [DefNew: 556K->22K(576K), 0.0023650 secs]25.880: [Train: 304713K->304715K(304896K), 0.0006320 secs] 305234K->305122K(305472K), 0.0051880 secs]
25.881: [GC 25.883: [DefNew: 534K->52K(576K), 0.0023640 secs]25.886: [Train: 304715K->304713K(304896K), 0.0006020 secs] 305249K->305149K(305472K), 0.0051490 secs]
25.887: [GC 25.889: [DefNew: 560K->36K(576K), 0.0023820 secs]25.891: [Train: 304738K->304738K(304896K), 0.0006050 secs] 305273K->305158K(305472K), 0.0051650 secs]
25.892: [GC 25.894: [DefNew: 547K->45K(576K), 0.0023640 secs]25.896: [Train: 304757K->304757K(304896K), 0.0006050 secs] 305285K->305187K(305472K), 0.0051560 secs]
25.897: [GC 25.899: [DefNew: 553K->36K(576K), 0.0023580 secs]25.902: [Train: 304774K->304774K(304896K), 0.0006080 secs] 305311K->305194K(305472K), 0.0051600 secs]
25.902: [GC 25.904: [DefNew: 547K->45K(576K), 0.0023710 secs]25.907: [Train: 304795K->304795K(304960K), 0.0006760 secs] 305321K->305182K(305536K), 0.0052250 secs]
25.908: [GC 25.910: [DefNew: 556K->42K(576K), 0.0023610 secs]25.912: [Train: 304812K->304810K(304960K), 0.0006110 secs] 305352K->305108K(305536K), 0.0051680 secs]
25.913: [GC 25.915: [DefNew: 549K->58K(576K), 0.0023760 secs]25.918: [Train: 304831K->304831K(304960K), 0.0006150 secs] 305359K->304890K(305536K), 0.0051800 secs]
25.919: [GC 25.921: [DefNew: 561K->62K(576K), 0.0024230 secs]25.923: [Train: 304902K->304904K(305088K), 0.0006670 secs] 305392K->304966K(305664K), 0.0052880 secs]
25.925: [GC 25.927: [DefNew: 564K->62K(576K), 0.0024080 secs] 305468K->305040K(305664K), 0.0046030 secs]
25.930: [GC 25.932: [DefNew: 564K->62K(576K), 0.0024330 secs]25.934: [Train: 305051K->305051K(305216K), 0.0006350 secs] 305542K->305113K(305792K), 0.0052530 secs]
25.935: [GC 25.937: [DefNew: 564K->62K(576K), 0.0024130 secs]25.940: [Train: 305125K->305125K(305280K), 0.0006450 secs] 305616K->305443K(305856K), 0.0052570 secs]
25.941: [GC 25.943: [DefNew: 569K->36K(576K), 0.0023920 secs]25.945: [Train: 305189K->305187K(305280K), 0.0006680 secs] 305694K->305565K(305856K), 0.0052590 secs]
25.946: [GC 25.948: [DefNew: 546K->32K(576K), 0.0023880 secs]25.951: [Train: 305225K->305227K(305408K), 0.0006680 secs] 305734K->305643K(305984K), 0.0052480 secs]
25.952: [GC 25.954: [DefNew: 543K->19K(576K), 0.0023650 secs]25.956: [Train: 305250K->305250K(305408K), 0.0006320 secs] 305771K->305653K(305984K), 0.0051890 secs]
25.957: [GC 25.959: [DefNew: 530K->49K(576K), 0.0023550 secs]25.961: [Train: 305250K->305250K(305408K), 0.0006210 secs] 305781K->305683K(305984K), 0.0051750 secs]
25.962: [GC 25.964: [DefNew: 557K->36K(576K), 0.0023710 secs]25.967: [Train: 305269K->305269K(305408K), 0.0006310 secs] 305807K->305689K(305984K), 0.0051840 secs]
25.968: [GC 25.970: [DefNew: 547K->45K(576K), 0.0023660 secs]25.972: [Train: 305289K->305289K(305408K), 0.0006460 secs] 305817K->305719K(305984K), 0.0052100 secs]
25.973: [GC 25.975: [DefNew: 553K->36K(576K), 0.0023690 secs]25.977: [Train: 305307K->305307K(305472K), 0.0006710 secs] 305843K->305685K(306048K), 0.0052310 secs]
25.978: [GC 25.981: [DefNew: 546K->49K(576K), 0.0023820 secs]25.983: [Train: 305327K->305327K(305472K), 0.0006130 secs] 305854K->305632K(306048K), 0.0051820 secs]
25.984: [GC 25.986: [DefNew: 559K->49K(576K), 0.0023840 secs]25.988: [Train: 305368K->305368K(305536K), 0.0006320 secs] 305886K->305417K(306112K), 0.0052120 secs]
25.990: [GC 25.992: [DefNew: 551K->62K(576K), 0.0024190 secs]25.994: [Train: 305427K->305427K(305536K), 0.0006140 secs] 305919K->305489K(306112K), 0.0052410 secs]
25.995: [GC 25.997: [DefNew: 564K->62K(576K), 0.0024330 secs] 305991K->305565K(306176K), 0.0046240 secs]
26.000: [GC 26.002: [DefNew: 564K->62K(576K), 0.0024230 secs]26.005: [Train: 305576K->305576K(305728K), 0.0006090 secs] 306067K->305638K(306304K), 0.0052250 secs]
26.006: [GC 26.008: [DefNew: 564K->62K(576K), 0.0024280 secs]26.010: [Train: 305650K->305650K(305792K), 0.0006300 secs] 306141K->305968K(306368K), 0.0052600 secs]
26.012: [GC 26.014: [DefNew: 569K->45K(576K), 0.0024020 secs]26.016: [Train: 305704K->305704K(305856K), 0.0006310 secs] 306219K->306091K(306432K), 0.0052270 secs]
26.017: [GC 26.019: [DefNew: 556K->22K(576K), 0.0023750 secs]26.021: [Train: 305740K->305740K(305856K), 0.0006230 secs] 306261K->306147K(306432K), 0.0052020 secs]
26.022: [GC 26.024: [DefNew: 534K->52K(576K), 0.0023660 secs]26.027: [Train: 305740K->305740K(305856K), 0.0006100 secs] 306274K->306177K(306432K), 0.0051610 secs]
26.028: [GC 26.030: [DefNew: 560K->36K(576K), 0.0023900 secs]26.032: [Train: 305765K->305765K(305920K), 0.0006860 secs] 306301K->306185K(306496K), 0.0052630 secs]
26.033: [GC 26.035: [DefNew: 547K->45K(576K), 0.0023710 secs]26.037: [Train: 305785K->305785K(305920K), 0.0006360 secs] 306312K->306214K(306496K), 0.0052010 secs]
26.038: [GC 26.040: [DefNew: 553K->36K(576K), 0.0023860 secs]26.043: [Train: 305803K->305803K(305984K), 0.0006300 secs] 306338K->306223K(306560K), 0.0052020 secs]
26.044: [GC 26.046: [DefNew: 547K->45K(576K), 0.0023710 secs]26.048: [Train: 305822K->305822K(305984K), 0.0006620 secs] 306350K->306210K(306560K), 0.0052330 secs]
26.049: [GC 26.051: [DefNew: 556K->42K(576K), 0.0023700 secs]26.054: [Train: 305839K->305839K(305984K), 0.0006470 secs] 306379K->306137K(306560K), 0.0052230 secs]
26.055: [GC 26.057: [DefNew: 549K->58K(576K), 0.0023810 secs]26.059: [Train: 305858K->305858K(305984K), 0.0006440 secs] 306389K->305917K(306560K), 0.0052200 secs]
26.060: [GC 26.062: [DefNew: 561K->62K(576K), 0.0024110 secs]26.065: [Train: 305929K->305931K(306112K), 0.0006820 secs] 306420K->305993K(306688K), 0.0053040 secs]
26.066: [GC 26.068: [DefNew: 564K->62K(576K), 0.0024360 secs] 306495K->306067K(306688K), 0.0046340 secs]
26.071: [GC 26.073: [DefNew: 564K->62K(576K), 0.0024300 secs]26.076: [Train: 306078K->306078K(306240K), 0.0006350 secs] 306569K->306141K(306816K), 0.0052560 secs]
26.077: [GC 26.079: [DefNew: 564K->62K(576K), 0.0024160 secs]26.081: [Train: 306152K->306152K(306304K), 0.0006300 secs] 306643K->306470K(306880K), 0.0052690 secs]
26.082: [GC 26.084: [DefNew: 569K->36K(576K), 0.0024120 secs]26.087: [Train: 306216K->306216K(306368K), 0.0006740 secs] 306722K->306594K(306944K), 0.0052890 secs]
26.088: [GC 26.090: [DefNew: 546K->32K(576K), 0.0023820 secs]26.092: [Train: 306252K->306252K(306368K), 0.0006610 secs] 306763K->306669K(306944K), 0.0052560 secs]
26.093: [GC 26.095: [DefNew: 543K->19K(576K), 0.0023720 secs]26.098: [Train: 306275K->306277K(306432K), 0.0006420 secs] 306796K->306681K(307008K), 0.0052180 secs]
26.098: [GC 26.101: [DefNew: 530K->49K(576K), 0.0023810 secs]26.103: [Train: 306277K->306277K(306432K), 0.0006230 secs] 306808K->306710K(307008K), 0.0051950 secs]
26.104: [GC 26.106: [DefNew: 557K->36K(576K), 0.0023720 secs]26.108: [Train: 306297K->306297K(306432K), 0.0006230 secs] 306834K->306717K(307008K), 0.0051940 secs]
26.109: [GC 26.111: [DefNew: 547K->45K(576K), 0.0023720 secs]26.114: [Train: 306316K->306316K(306432K), 0.0006130 secs] 306844K->306746K(307008K), 0.0051820 secs]
26.114: [GC 26.117: [DefNew: 553K->36K(576K), 0.0023820 secs]26.119: [Train: 306334K->306334K(306496K), 0.0006160 secs] 306870K->306712K(307072K), 0.0051880 secs]
26.120: [GC 26.122: [DefNew: 546K->49K(576K), 0.0023750 secs]26.124: [Train: 306354K->306354K(306496K), 0.0006500 secs] 306881K->306659K(307072K), 0.0052200 secs]
26.125: [GC 26.127: [DefNew: 559K->49K(576K), 0.0024000 secs]26.130: [Train: 306395K->306395K(306560K), 0.0006320 secs] 306914K->306444K(307136K), 0.0052440 secs]
26.131: [GC 26.133: [DefNew: 551K->62K(576K), 0.0024200 secs]26.136: [Train: 306456K->306454K(306560K), 0.0006500 secs] 306947K->306516K(307136K), 0.0052780 secs]
26.137: [GC 26.139: [DefNew: 564K->62K(576K), 0.0024410 secs] 307019K->306592K(307200K), 0.0046570 secs]
26.142: [GC 26.144: [DefNew: 564K->62K(576K), 0.0024390 secs]26.146: [Train: 306604K->306604K(306752K), 0.0006260 secs] 307094K->306666K(307328K), 0.0052620 secs]
26.148: [GC 26.150: [DefNew: 564K->62K(576K), 0.0024390 secs]26.152: [Train: 306677K->306677K(306816K), 0.0006840 secs] 307168K->306996K(307392K), 0.0053340 secs]
26.153: [GC 26.155: [DefNew: 569K->45K(576K), 0.0024050 secs]26.158: [Train: 306732K->306732K(306880K), 0.0006800 secs] 307247K->307119K(307456K), 0.0053010 secs]
26.159: [GC 26.161: [DefNew: 556K->22K(576K), 0.0024040 secs]26.163: [Train: 306769K->306768K(306880K), 0.0006480 secs] 307288K->307174K(307456K), 0.0052530 secs]
26.164: [GC 26.166: [DefNew: 534K->52K(576K), 0.0023660 secs]26.168: [Train: 306768K->306768K(306880K), 0.0006330 secs] 307302K->307204K(307456K), 0.0052020 secs]
26.169: [GC 26.171: [DefNew: 560K->36K(576K), 0.0023990 secs]26.174: [Train: 306792K->306792K(306944K), 0.0006610 secs] 307328K->307212K(307520K), 0.0052640 secs]
26.175: [GC 26.177: [DefNew: 547K->45K(576K), 0.0023870 secs]26.179: [Train: 306812K->306812K(306944K), 0.0006640 secs] 307339K->307242K(307520K), 0.0052480 secs]
26.180: [GC 26.182: [DefNew: 553K->36K(576K), 0.0023750 secs]26.185: [Train: 306828K->306830K(307008K), 0.0006690 secs] 307366K->307250K(307584K), 0.0052450 secs]
26.186: [GC 26.188: [DefNew: 547K->45K(576K), 0.0023860 secs]26.190: [Train: 306850K->306850K(307008K), 0.0006470 secs] 307377K->307279K(307584K), 0.0052470 secs]
26.191: [GC 26.193: [DefNew: 553K->36K(576K), 0.0023810 secs]26.195: [Train: 306866K->306866K(307008K), 0.0006430 secs] 307403K->307243K(307584K), 0.0052200 secs]
26.196: [GC 26.198: [DefNew: 546K->49K(576K), 0.0023800 secs]26.201: [Train: 306886K->306886K(307008K), 0.0006490 secs] 307413K->307191K(307584K), 0.0052380 secs]
26.202: [GC 26.204: [DefNew: 559K->49K(576K), 0.0024190 secs]26.206: [Train: 306927K->306927K(307072K), 0.0006470 secs] 307445K->306976K(307648K), 0.0052870 secs]
26.208: [GC 26.210: [DefNew: 551K->62K(576K), 0.0024420 secs]26.212: [Train: 306988K->306988K(307136K), 0.0006820 secs] 307478K->307050K(307712K), 0.0053450 secs]
26.213: [GC 26.215: [DefNew: 564K->62K(576K), 0.0024330 secs] 307552K->307124K(307712K), 0.0046410 secs]
26.218: [GC 26.220: [DefNew: 564K->62K(576K), 0.0024560 secs]26.223: [Train: 307135K->307135K(307264K), 0.0006540 secs] 307626K->307197K(307840K), 0.0053080 secs]
26.224: [GC 26.226: [DefNew: 564K->62K(576K), 0.0024260 secs]26.229: [Train: 307209K->307209K(307328K), 0.0006770 secs] 307700K->307527K(307904K), 0.0053340 secs]
26.230: [GC 26.232: [DefNew: 569K->45K(576K), 0.0024240 secs]26.234: [Train: 307263K->307263K(307392K), 0.0006150 secs] 307778K->307650K(307968K), 0.0052490 secs]
26.235: [GC 26.237: [DefNew: 556K->22K(576K), 0.0024010 secs]26.240: [Train: 307301K->307301K(307456K), 0.0006320 secs] 307820K->307708K(308032K), 0.0052360 secs]
26.241: [GC 26.243: [DefNew: 534K->52K(576K), 0.0023710 secs]26.245: [Train: 307301K->307301K(307456K), 0.0006360 secs] 307835K->307737K(308032K), 0.0052140 secs]
26.246: [GC 26.248: [DefNew: 560K->36K(576K), 0.0024020 secs]26.250: [Train: 307324K->307324K(307456K), 0.0006320 secs] 307861K->307744K(308032K), 0.0052330 secs]
26.251: [GC 26.253: [DefNew: 547K->45K(576K), 0.0023870 secs]26.256: [Train: 307344K->307344K(307456K), 0.0006110 secs] 307871K->307773K(308032K), 0.0051950 secs]
26.257: [GC 26.259: [DefNew: 553K->36K(576K), 0.0023770 secs]26.261: [Train: 307360K->307362K(307520K), 0.0006350 secs] 307897K->307782K(308096K), 0.0052270 secs]
26.262: [GC 26.264: [DefNew: 547K->45K(576K), 0.0023880 secs]26.266: [Train: 307381K->307381K(307520K), 0.0006320 secs] 307909K->307768K(308096K), 0.0052180 secs]
26.267: [GC 26.269: [DefNew: 556K->42K(576K), 0.0023950 secs]26.272: [Train: 307398K->307400K(307584K), 0.0006390 secs] 307938K->307698K(308160K), 0.0052330 secs]
26.273: [GC 26.280: [DefNew: 549K->58K(576K), 0.0029280 secs]26.283: [Train: 307419K->307419K(307584K), 0.0006690 secs] 307949K->307478K(308160K), 0.0113180 secs]
26.285: [GC 26.288: [DefNew: 561K->62K(576K), 0.0026380 secs]26.290: [Train: 307490K->307490K(307648K), 0.0007130 secs] 307980K->307552K(308224K), 0.0062140 secs]
26.292: [GC 26.294: [DefNew: 564K->62K(576K), 0.0024820 secs] 308054K->307626K(308224K), 0.0047110 secs]
26.297: [GC 26.299: [DefNew: 564K->62K(576K), 0.0024490 secs]26.301: [Train: 307637K->307636K(307712K), 0.0006680 secs] 308128K->307698K(308288K), 0.0053360 secs]
26.302: [GC 26.305: [DefNew: 564K->62K(576K), 0.0024740 secs]26.307: [Train: 307711K->307711K(307840K), 0.0006580 secs] 308200K->308029K(308416K), 0.0053700 secs]
26.308: [GC 26.310: [DefNew: 569K->36K(576K), 0.0024190 secs]26.313: [Train: 307775K->307775K(307904K), 0.0006570 secs] 308281K->308153K(308480K), 0.0053030 secs]
26.314: [GC 26.316: [DefNew: 546K->32K(576K), 0.0024150 secs]26.318: [Train: 307813K->307813K(307968K), 0.0006520 secs] 308322K->308230K(308544K), 0.0052820 secs]
26.319: [GC 26.321: [DefNew: 543K->19K(576K), 0.0023870 secs]26.323: [Train: 307836K->307836K(307968K), 0.0006160 secs] 308357K->308240K(308544K), 0.0052090 secs]
26.324: [GC 26.326: [DefNew: 530K->49K(576K), 0.0023850 secs]26.329: [Train: 307836K->307836K(307968K), 0.0006210 secs] 308367K->308269K(308544K), 0.0052130 secs]
26.330: [GC 26.332: [DefNew: 557K->36K(576K), 0.0024030 secs]26.334: [Train: 307857K->307856K(307968K), 0.0006140 secs] 308393K->308276K(308544K), 0.0052210 secs]
26.335: [GC 26.337: [DefNew: 547K->45K(576K), 0.0023910 secs]26.340: [Train: 307875K->307877K(308032K), 0.0006290 secs] 308403K->308307K(308608K), 0.0052290 secs]
26.340: [GC 26.343: [DefNew: 553K->36K(576K), 0.0023820 secs]26.345: [Train: 307893K->307893K(308032K), 0.0006030 secs] 308431K->308271K(308608K), 0.0052080 secs]
26.346: [GC 26.348: [DefNew: 546K->49K(576K), 0.0023980 secs]26.350: [Train: 307913K->307913K(308032K), 0.0006170 secs] 308440K->308218K(308608K), 0.0052240 secs]
26.351: [GC 26.353: [DefNew: 559K->49K(576K), 0.0024200 secs]26.356: [Train: 307954K->307954K(308096K), 0.0006410 secs] 308473K->308003K(308672K), 0.0052700 secs]
26.357: [GC 26.359: [DefNew: 551K->62K(576K), 0.0024280 secs]26.362: [Train: 308015K->308015K(308160K), 0.0006340 secs] 308506K->308077K(308736K), 0.0052950 secs]
26.363: [GC 26.365: [DefNew: 564K->62K(576K), 0.0024490 secs] 308579K->308151K(308736K), 0.0046610 secs]
26.368: [GC 26.370: [DefNew: 564K->62K(576K), 0.0024510 secs]26.372: [Train: 308162K->308164K(308352K), 0.0006930 secs] 308653K->308226K(308928K), 0.0053560 secs]
26.374: [GC 26.376: [DefNew: 564K->62K(576K), 0.0024500 secs]26.378: [Train: 308238K->308238K(308416K), 0.0006280 secs] 308729K->308556K(308992K), 0.0053060 secs]
26.379: [GC 26.381: [DefNew: 569K->45K(576K), 0.0024220 secs]26.384: [Train: 308292K->308290K(308416K), 0.0006430 secs] 308807K->308678K(308992K), 0.0052810 secs]
26.385: [GC 26.387: [DefNew: 556K->22K(576K), 0.0024010 secs]26.389: [Train: 308328K->308328K(308480K), 0.0006340 secs] 308847K->308735K(309056K), 0.0052530 secs]
26.390: [GC 26.392: [DefNew: 534K->52K(576K), 0.0023860 secs]26.395: [Train: 308328K->308328K(308480K), 0.0006670 secs] 308862K->308765K(309056K), 0.0052590 secs]
26.396: [GC 26.398: [DefNew: 560K->36K(576K), 0.0023950 secs]26.400: [Train: 308351K->308351K(308480K), 0.0006260 secs] 308889K->308771K(309056K), 0.0052290 secs]
26.401: [GC 26.403: [DefNew: 547K->45K(576K), 0.0023960 secs]26.405: [Train: 308373K->308371K(308480K), 0.0006520 secs] 308898K->308801K(309056K), 0.0052680 secs]
26.406: [GC 26.408: [DefNew: 553K->36K(576K), 0.0023980 secs]26.411: [Train: 308389K->308387K(308480K), 0.0006180 secs] 308925K->308807K(309056K), 0.0052300 secs]
26.412: [GC 26.414: [DefNew: 547K->45K(576K), 0.0023960 secs]26.416: [Train: 308409K->308409K(308544K), 0.0006430 secs] 308934K->308796K(309120K), 0.0052580 secs]
26.417: [GC 26.419: [DefNew: 556K->42K(576K), 0.0024040 secs]26.422: [Train: 308425K->308425K(308544K), 0.0007010 secs] 308965K->308724K(309120K), 0.0053500 secs]
26.423: [GC 26.425: [DefNew: 549K->58K(576K), 0.0024280 secs]26.427: [Train: 308446K->308446K(308608K), 0.0006590 secs] 308975K->308505K(309184K), 0.0053100 secs]
26.429: [GC 26.431: [DefNew: 561K->62K(576K), 0.0024320 secs]26.433: [Train: 308517K->308517K(308672K), 0.0006690 secs] 309008K->308579K(309248K), 0.0053400 secs]
26.434: [GC 26.436: [DefNew: 564K->62K(576K), 0.0024530 secs] 309082K->308653K(309248K), 0.0046690 secs]
26.439: [GC 26.441: [DefNew: 564K->62K(576K), 0.0024570 secs]26.444: [Train: 308665K->308665K(308800K), 0.0006380 secs] 309155K->308727K(309376K), 0.0053050 secs]
26.445: [GC 26.447: [DefNew: 564K->62K(576K), 0.0024510 secs]26.450: [Train: 308738K->308738K(308864K), 0.0006430 secs] 309229K->309057K(309440K), 0.0053280 secs]
26.451: [GC 26.453: [DefNew: 569K->36K(576K), 0.0025720 secs]26.455: [Train: 308802K->308802K(308928K), 0.0007060 secs] 309308K->309180K(309504K), 0.0055330 secs]
26.456: [GC 26.459: [DefNew: 546K->32K(576K), 0.0024140 secs]26.461: [Train: 308840K->308838K(308928K), 0.0006840 secs] 309349K->309255K(309504K), 0.0053480 secs]
26.462: [GC 26.464: [DefNew: 543K->19K(576K), 0.0024040 secs]26.466: [Train: 308863K->308863K(308992K), 0.0006440 secs] 309382K->309267K(309568K), 0.0052670 secs]
26.467: [GC 26.469: [DefNew: 530K->49K(576K), 0.0023900 secs]26.472: [Train: 308863K->308863K(308992K), 0.0006470 secs] 309394K->309296K(309568K), 0.0052500 secs]
26.473: [GC 26.475: [DefNew: 557K->36K(576K), 0.0023930 secs]26.477: [Train: 308883K->308883K(308992K), 0.0006170 secs] 309420K->309303K(309568K), 0.0052390 secs]
26.478: [GC 26.480: [DefNew: 547K->45K(576K), 0.0024070 secs]26.483: [Train: 308904K->308904K(309056K), 0.0006070 secs] 309430K->309334K(309632K), 0.0052300 secs]
26.483: [GC 26.486: [DefNew: 553K->36K(576K), 0.0024040 secs]26.488: [Train: 308921K->308921K(309056K), 0.0006190 secs] 309458K->309298K(309632K), 0.0052320 secs]
26.489: [GC 26.491: [DefNew: 546K->49K(576K), 0.0023940 secs]26.493: [Train: 308940K->308940K(309056K), 0.0006220 secs] 309468K->309245K(309632K), 0.0052330 secs]
26.494: [GC 26.496: [DefNew: 559K->49K(576K), 0.0024780 secs]26.499: [Train: 308981K->308981K(309120K), 0.0006730 secs] 309500K->309030K(309696K), 0.0053700 secs]
26.500: [GC 26.502: [DefNew: 551K->62K(576K), 0.0024410 secs]26.505: [Train: 309042K->309042K(309184K), 0.0006270 secs] 309533K->309104K(309760K), 0.0053180 secs]
26.506: [GC 26.508: [DefNew: 564K->62K(576K), 0.0024790 secs] 309607K->309178K(309760K), 0.0047030 secs]
26.511: [GC 26.513: [DefNew: 564K->62K(576K), 0.0024760 secs]26.516: [Train: 309192K->309190K(309312K), 0.0006640 secs] 309680K->309252K(309888K), 0.0053520 secs]
26.517: [GC 26.519: [DefNew: 564K->62K(576K), 0.0024420 secs]26.521: [Train: 309264K->309264K(309376K), 0.0006620 secs] 309754K->309582K(309952K), 0.0053450 secs]
26.523: [GC 26.525: [DefNew: 569K->45K(576K), 0.0024310 secs]26.527: [Train: 309318K->309320K(309504K), 0.0006730 secs] 309833K->309707K(310080K), 0.0053300 secs]
26.528: [GC 26.530: [DefNew: 556K->22K(576K), 0.0024030 secs]26.533: [Train: 309356K->309356K(309504K), 0.0006810 secs] 309876K->309762K(310080K), 0.0053140 secs]
26.533: [GC 26.536: [DefNew: 534K->52K(576K), 0.0023970 secs]26.538: [Train: 309356K->309356K(309504K), 0.0006380 secs] 309890K->309792K(310080K), 0.0052660 secs]
26.539: [GC 26.541: [DefNew: 560K->36K(576K), 0.0024030 secs]26.543: [Train: 309378K->309378K(309504K), 0.0006470 secs] 309916K->309798K(310080K), 0.0052620 secs]
26.544: [GC 26.546: [DefNew: 547K->45K(576K), 0.0024020 secs]26.549: [Train: 309398K->309400K(309568K), 0.0006710 secs] 309926K->309830K(310144K), 0.0053050 secs]
26.550: [GC 26.552: [DefNew: 553K->36K(576K), 0.0024030 secs]26.554: [Train: 309416K->309414K(309568K), 0.0006390 secs] 309954K->309834K(310144K), 0.0052620 secs]
26.555: [GC 26.557: [DefNew: 547K->45K(576K), 0.0024170 secs]26.560: [Train: 309436K->309436K(309568K), 0.0006560 secs] 309962K->309823K(310144K), 0.0052890 secs]
26.561: [GC 26.563: [DefNew: 556K->42K(576K), 0.0023950 secs]26.565: [Train: 309452K->309454K(309632K), 0.0006620 secs] 309993K->309753K(310208K), 0.0052840 secs]
26.566: [GC 26.568: [DefNew: 549K->58K(576K), 0.0024160 secs]26.571: [Train: 309474K->309472K(309632K), 0.0006150 secs] 310004K->309531K(310208K), 0.0052530 secs]
26.572: [GC 26.574: [DefNew: 561K->62K(576K), 0.0024420 secs]26.576: [Train: 309542K->309544K(309696K), 0.0007000 secs] 310033K->309606K(310272K), 0.0053900 secs]
26.578: [GC 26.580: [DefNew: 564K->62K(576K), 0.0024610 secs] 310109K->309680K(310272K), 0.0046960 secs]
26.583: [GC 26.585: [DefNew: 564K->62K(576K), 0.0024560 secs]26.587: [Train: 309692K->309692K(309824K), 0.0006630 secs] 310183K->309754K(310400K), 0.0053390 secs]
26.589: [GC 26.591: [DefNew: 564K->62K(576K), 0.0024540 secs]26.593: [Train: 309768K->309766K(309888K), 0.0006860 secs] 310256K->310084K(310464K), 0.0053840 secs]
26.594: [GC 26.596: [DefNew: 569K->36K(576K), 0.0024340 secs]26.599: [Train: 309830K->309830K(309952K), 0.0006150 secs] 310335K->310207K(310528K), 0.0052770 secs]
26.600: [GC 26.602: [DefNew: 546K->32K(576K), 0.0024160 secs]26.604: [Train: 309868K->309868K(310016K), 0.0006110 secs] 310377K->310284K(310592K), 0.0052530 secs]
26.605: [GC 26.607: [DefNew: 543K->19K(576K), 0.0023990 secs]26.610: [Train: 309890K->309890K(310016K), 0.0007220 secs] 310411K->310294K(310592K), 0.0053530 secs]
26.611: [GC 26.613: [DefNew: 530K->49K(576K), 0.0023970 secs]26.615: [Train: 309890K->309890K(310016K), 0.0006070 secs] 310421K->310324K(310592K), 0.0052340 secs]
26.616: [GC 26.618: [DefNew: 557K->36K(576K), 0.0024000 secs]26.620: [Train: 309910K->309912K(310080K), 0.0006540 secs] 310447K->310332K(310656K), 0.0052850 secs]
26.621: [GC 26.624: [DefNew: 547K->45K(576K), 0.0024060 secs]26.626: [Train: 309932K->309932K(310080K), 0.0006100 secs] 310459K->310361K(310656K), 0.0052430 secs]
26.627: [GC 26.629: [DefNew: 553K->36K(576K), 0.0024180 secs]26.631: [Train: 309950K->309948K(310080K), 0.0006450 secs] 310485K->310325K(310656K), 0.0052840 secs]
26.632: [GC 26.634: [DefNew: 546K->49K(576K), 0.0024090 secs]26.637: [Train: 309969K->309969K(310144K), 0.0006330 secs] 310495K->310274K(310720K), 0.0052690 secs]
26.638: [GC 26.640: [DefNew: 559K->49K(576K), 0.0024310 secs]26.642: [Train: 310009K->310009K(310144K), 0.0006270 secs] 310529K->310058K(310720K), 0.0052900 secs]
26.644: [GC 26.646: [DefNew: 551K->62K(576K), 0.0024600 secs]26.648: [Train: 310069K->310069K(310208K), 0.0006450 secs] 310560K->310132K(310784K), 0.0053440 secs]
26.649: [GC 26.651: [DefNew: 564K->62K(576K), 0.0024970 secs] 310634K->310205K(310784K), 0.0047310 secs]
26.655: [GC 26.657: [DefNew: 564K->62K(576K), 0.0024760 secs]26.659: [Train: 310217K->310219K(310400K), 0.0006570 secs] 310708K->310281K(310976K), 0.0053630 secs]
26.660: [GC 26.662: [DefNew: 564K->62K(576K), 0.0024610 secs]26.665: [Train: 310293K->310291K(310400K), 0.0006440 secs] 310783K->310609K(310976K), 0.0053680 secs]
26.666: [GC 26.668: [DefNew: 569K->45K(576K), 0.0024460 secs]26.670: [Train: 310345K->310345K(310464K), 0.0006610 secs] 310860K->310732K(311040K), 0.0053370 secs]
26.671: [GC 26.674: [DefNew: 556K->22K(576K), 0.0024290 secs]26.676: [Train: 310383K->310383K(310528K), 0.0006560 secs] 310902K->310790K(311104K), 0.0053140 secs]
26.677: [GC 26.679: [DefNew: 534K->52K(576K), 0.0023960 secs]26.681: [Train: 310383K->310383K(310528K), 0.0006510 secs] 310917K->310819K(311104K), 0.0053140 secs]
26.682: [GC 26.684: [DefNew: 560K->36K(576K), 0.0024150 secs]26.687: [Train: 310406K->310406K(310528K), 0.0006200 secs] 310943K->310826K(311104K), 0.0052590 secs]
26.688: [GC 26.690: [DefNew: 547K->45K(576K), 0.0024110 secs]26.692: [Train: 310425K->310425K(310528K), 0.0006220 secs] 310953K->310855K(311104K), 0.0052720 secs]
26.693: [GC 26.695: [DefNew: 553K->36K(576K), 0.0024160 secs]26.698: [Train: 310444K->310444K(310592K), 0.0006430 secs] 310979K->310864K(311168K), 0.0052900 secs]
26.699: [GC 26.701: [DefNew: 547K->45K(576K), 0.0024220 secs]26.703: [Train: 310463K->310463K(310592K), 0.0006400 secs] 310991K->310850K(311168K), 0.0052830 secs]
26.704: [GC 26.706: [DefNew: 556K->42K(576K), 0.0024080 secs]26.709: [Train: 310480K->310480K(310592K), 0.0006880 secs] 311020K->310778K(311168K), 0.0053300 secs]
26.710: [GC 26.712: [DefNew: 549K->58K(576K), 0.0024340 secs]26.714: [Train: 310501K->310501K(310656K), 0.0006110 secs] 311029K->310560K(311232K), 0.0052770 secs]
26.715: [GC 26.718: [DefNew: 561K->62K(576K), 0.0024630 secs]26.720: [Train: 310572K->310572K(310720K), 0.0006290 secs] 311062K->310634K(311296K), 0.0053370 secs]
26.721: [GC 26.723: [DefNew: 564K->62K(576K), 0.0024760 secs] 311136K->310708K(311296K), 0.0047130 secs]
26.726: [GC 26.728: [DefNew: 564K->62K(576K), 0.0024680 secs]26.731: [Train: 310719K->310719K(310848K), 0.0006370 secs] 311210K->310781K(311424K), 0.0053310 secs]
26.732: [GC 26.734: [DefNew: 564K->62K(576K), 0.0024560 secs]26.737: [Train: 310793K->310793K(310912K), 0.0006350 secs] 311284K->311111K(311488K), 0.0053400 secs]
26.738: [GC 26.740: [DefNew: 569K->36K(576K), 0.0024580 secs]26.742: [Train: 310857K->310859K(311040K), 0.0006850 secs] 311362K->311236K(311616K), 0.0053810 secs]
26.743: [GC 26.745: [DefNew: 546K->32K(576K), 0.0024270 secs]26.748: [Train: 310895K->310895K(311040K), 0.0006380 secs] 311406K->311311K(311616K), 0.0052970 secs]
26.749: [GC 26.751: [DefNew: 543K->19K(576K), 0.0024100 secs]26.753: [Train: 310918K->310918K(311040K), 0.0006410 secs] 311439K->311321K(311616K), 0.0053000 secs]
26.754: [GC 26.756: [DefNew: 530K->49K(576K), 0.0024040 secs]26.759: [Train: 310918K->310918K(311040K), 0.0006590 secs] 311449K->311351K(311616K), 0.0052930 secs]
26.760: [GC 26.762: [DefNew: 557K->36K(576K), 0.0024170 secs]26.764: [Train: 310939K->310939K(311104K), 0.0006700 secs] 311475K->311359K(311680K), 0.0053280 secs]
26.765: [GC 26.767: [DefNew: 547K->45K(576K), 0.0024130 secs]26.770: [Train: 310959K->310959K(311104K), 0.0006490 secs] 311486K->311389K(311680K), 0.0052970 secs]
26.771: [GC 26.773: [DefNew: 553K->36K(576K), 0.0024290 secs]26.775: [Train: 310977K->310975K(311104K), 0.0006560 secs] 311513K->311353K(311680K), 0.0053110 secs]
26.776: [GC 26.778: [DefNew: 546K->49K(576K), 0.0024190 secs]26.781: [Train: 310997K->310995K(311104K), 0.0006380 secs] 311522K->311300K(311680K), 0.0052920 secs]
26.782: [GC 26.784: [DefNew: 559K->49K(576K), 0.0024520 secs]26.786: [Train: 311036K->311036K(311168K), 0.0006540 secs] 311554K->311085K(311744K), 0.0053470 secs]
26.787: [GC 26.790: [DefNew: 551K->62K(576K), 0.0024610 secs]26.792: [Train: 311097K->311097K(311232K), 0.0006760 secs] 311587K->311159K(311808K), 0.0053840 secs]
26.793: [GC 26.795: [DefNew: 564K->62K(576K), 0.0024820 secs] 311661K->311233K(311808K), 0.0047270 secs]
26.798: [GC 26.800: [DefNew: 564K->62K(576K), 0.0024840 secs]26.803: [Train: 311244K->311244K(311360K), 0.0006910 secs] 311735K->311306K(311936K), 0.0054030 secs]
26.804: [GC 26.806: [DefNew: 564K->62K(576K), 0.0024680 secs]26.809: [Train: 311318K->311320K(311488K), 0.0006910 secs] 311809K->311638K(312064K), 0.0054390 secs]
26.810: [GC 26.812: [DefNew: 569K->45K(576K), 0.0024550 secs]26.815: [Train: 311374K->311372K(311488K), 0.0006530 secs] 311889K->311759K(312064K), 0.0053540 secs]
26.816: [GC 26.818: [DefNew: 556K->22K(576K), 0.0024380 secs]26.820: [Train: 311410K->311410K(311552K), 0.0006520 secs] 311929K->311817K(312128K), 0.0053250 secs]
26.821: [GC 26.823: [DefNew: 534K->52K(576K), 0.0024040 secs]26.825: [Train: 311410K->311410K(311552K), 0.0006340 secs] 311944K->311846K(312128K), 0.0052880 secs]
26.826: [GC 26.828: [DefNew: 560K->36K(576K), 0.0024290 secs]26.831: [Train: 311435K->311433K(311552K), 0.0006400 secs] 311970K->311853K(312128K), 0.0053010 secs]
26.832: [GC 26.834: [DefNew: 547K->45K(576K), 0.0024200 secs]26.836: [Train: 311453K->311453K(311552K), 0.0006080 secs] 311980K->311882K(312128K), 0.0052720 secs]
26.837: [GC 26.839: [DefNew: 553K->36K(576K), 0.0024220 secs]26.842: [Train: 311471K->311471K(311616K), 0.0006180 secs] 312006K->311891K(312192K), 0.0052760 secs]
26.843: [GC 26.845: [DefNew: 547K->45K(576K), 0.0024290 secs]26.847: [Train: 311490K->311490K(311616K), 0.0006520 secs] 312018K->311878K(312192K), 0.0053120 secs]
26.848: [GC 26.850: [DefNew: 556K->42K(576K), 0.0024130 secs]26.853: [Train: 311507K->311507K(311616K), 0.0006160 secs] 312047K->311805K(312192K), 0.0052680 secs]
26.854: [GC 26.856: [DefNew: 549K->58K(576K), 0.0024400 secs]26.858: [Train: 311528K->311526K(311616K), 0.0006570 secs] 312057K->311585K(312192K), 0.0053330 secs]
26.859: [GC 26.862: [DefNew: 561K->62K(576K), 0.0024640 secs]26.864: [Train: 311597K->311597K(311680K), 0.0006360 secs] 312088K->311659K(312256K), 0.0053470 secs]
26.865: [GC 26.867: [DefNew: 564K->62K(576K), 0.0024910 secs] 312162K->311735K(312320K), 0.0047290 secs]
26.870: [GC 26.873: [DefNew: 564K->62K(576K), 0.0024730 secs]26.875: [Train: 311746K->311746K(311872K), 0.0006570 secs] 312237K->311809K(312448K), 0.0053620 secs]
26.876: [GC 26.878: [DefNew: 564K->62K(576K), 0.0024590 secs]26.881: [Train: 311820K->311820K(311936K), 0.0006710 secs] 312311K->312138K(312512K), 0.0053870 secs]
26.882: [GC 26.884: [DefNew: 569K->36K(576K), 0.0024490 secs]26.886: [Train: 311884K->311886K(312064K), 0.0006950 secs] 312390K->312263K(312640K), 0.0053900 secs]
26.887: [GC 26.890: [DefNew: 546K->32K(576K), 0.0024310 secs]26.892: [Train: 311922K->311922K(312064K), 0.0006550 secs] 312433K->312339K(312640K), 0.0053280 secs]
26.893: [GC 26.895: [DefNew: 543K->19K(576K), 0.0024150 secs]26.897: [Train: 311945K->311945K(312064K), 0.0006140 secs] 312466K->312349K(312640K), 0.0052780 secs]
26.898: [GC 26.900: [DefNew: 530K->49K(576K), 0.0024120 secs]26.903: [Train: 311945K->311945K(312064K), 0.0006240 secs] 312476K->312378K(312640K), 0.0052680 secs]
26.904: [GC 26.906: [DefNew: 557K->36K(576K), 0.0024210 secs]26.908: [Train: 311966K->311966K(312128K), 0.0006420 secs] 312502K->312386K(312704K), 0.0053160 secs]
26.909: [GC 26.911: [DefNew: 547K->45K(576K), 0.0024240 secs]26.914: [Train: 311986K->311986K(312128K), 0.0006380 secs] 312514K->312416K(312704K), 0.0053020 secs]
26.915: [GC 26.917: [DefNew: 553K->36K(576K), 0.0024270 secs]26.919: [Train: 312002K->312002K(312128K), 0.0006240 secs] 312540K->312380K(312704K), 0.0052840 secs]
26.920: [GC 26.922: [DefNew: 546K->49K(576K), 0.0024180 secs]26.925: [Train: 312022K->312022K(312128K), 0.0007120 secs] 312549K->312327K(312704K), 0.0053700 secs]
26.926: [GC 26.928: [DefNew: 559K->49K(576K), 0.0024530 secs]26.930: [Train: 312063K->312063K(312192K), 0.0006480 secs] 312582K->312112K(312768K), 0.0053460 secs]
26.932: [GC 26.934: [DefNew: 551K->62K(576K), 0.0024570 secs]26.936: [Train: 312124K->312124K(312256K), 0.0006380 secs] 312615K->312186K(312832K), 0.0053570 secs]
26.937: [GC 26.939: [DefNew: 564K->62K(576K), 0.0024790 secs] 312688K->312260K(312832K), 0.0047240 secs]
26.943: [GC 26.945: [DefNew: 564K->62K(576K), 0.0024830 secs]26.947: [Train: 312272K->312272K(312384K), 0.0006290 secs] 312762K->312334K(312960K), 0.0053500 secs]
26.948: [GC 26.950: [DefNew: 564K->62K(576K), 0.0024820 secs]26.953: [Train: 312347K->312345K(312448K), 0.0006720 secs] 312836K->312664K(313024K), 0.0054500 secs]
26.954: [GC 26.956: [DefNew: 569K->45K(576K), 0.0024550 secs]26.959: [Train: 312400K->312400K(312512K), 0.0006500 secs] 312915K->312787K(313088K), 0.0053510 secs]
26.960: [GC 26.962: [DefNew: 556K->22K(576K), 0.0024380 secs]26.964: [Train: 312437K->312437K(312576K), 0.0006270 secs] 312956K->312844K(313152K), 0.0053060 secs]
26.965: [GC 26.967: [DefNew: 534K->52K(576K), 0.0024120 secs]26.970: [Train: 312437K->312437K(312576K), 0.0006830 secs] 312971K->312874K(313152K), 0.0053460 secs]
26.970: [GC 26.973: [DefNew: 560K->36K(576K), 0.0024350 secs]26.975: [Train: 312462K->312462K(312640K), 0.0006410 secs] 312998K->312882K(313216K), 0.0053160 secs]
26.976: [GC 26.978: [DefNew: 547K->45K(576K), 0.0024250 secs]26.980: [Train: 312482K->312482K(312640K), 0.0006300 secs] 313009K->312911K(313216K), 0.0053060 secs]
26.981: [GC 26.983: [DefNew: 553K->36K(576K), 0.0024230 secs]26.986: [Train: 312498K->312498K(312640K), 0.0006330 secs] 313035K->312918K(313216K), 0.0053060 secs]
26.987: [GC 26.989: [DefNew: 547K->45K(576K), 0.0024340 secs]26.991: [Train: 312518K->312518K(312640K), 0.0006450 secs] 313045K->312905K(313216K), 0.0053170 secs]
26.992: [GC 26.994: [DefNew: 556K->42K(576K), 0.0024190 secs]26.997: [Train: 312534K->312536K(312704K), 0.0006840 secs] 313074K->312834K(313280K), 0.0053560 secs]
26.998: [GC 27.000: [DefNew: 549K->58K(576K), 0.0024450 secs]27.002: [Train: 312556K->312556K(312704K), 0.0006570 secs] 313086K->312614K(313280K), 0.0053560 secs]
27.004: [GC 27.006: [DefNew: 561K->62K(576K), 0.0024680 secs]27.008: [Train: 312626K->312626K(312768K), 0.0006650 secs] 313117K->312688K(313344K), 0.0053990 secs]
27.010: [GC 27.012: [DefNew: 564K->62K(576K), 0.0024860 secs] 313191K->312762K(313344K), 0.0047410 secs]
27.015: [GC 27.017: [DefNew: 564K->62K(576K), 0.0024830 secs]27.019: [Train: 312774K->312776K(312960K), 0.0006760 secs] 313264K->312838K(313536K), 0.0054060 secs]
27.021: [GC 27.023: [DefNew: 564K->62K(576K), 0.0024690 secs]27.025: [Train: 312849K->312848K(312960K), 0.0006630 secs] 313340K->313166K(313536K), 0.0053970 secs]
27.026: [GC 27.028: [DefNew: 569K->36K(576K), 0.0024600 secs]27.031: [Train: 312912K->312913K(313088K), 0.0006890 secs] 313417K->313291K(313664K), 0.0054030 secs]
27.032: [GC 27.034: [DefNew: 546K->32K(576K), 0.0024320 secs]27.036: [Train: 312949K->312949K(313088K), 0.0006770 secs] 313460K->313366K(313664K), 0.0053630 secs]
27.037: [GC 27.039: [DefNew: 543K->19K(576K), 0.0024290 secs]27.042: [Train: 312972K->312972K(313088K), 0.0006300 secs] 313493K->313376K(313664K), 0.0053180 secs]
27.043: [GC 27.045: [DefNew: 530K->49K(576K), 0.0024190 secs]27.047: [Train: 312972K->312974K(313152K), 0.0006440 secs] 313503K->313407K(313728K), 0.0053020 secs]
27.048: [GC 27.050: [DefNew: 557K->36K(576K), 0.0024230 secs]27.053: [Train: 312994K->312994K(313152K), 0.0006730 secs] 313531K->313414K(313728K), 0.0053590 secs]
27.054: [GC 27.056: [DefNew: 547K->45K(576K), 0.0024320 secs]27.058: [Train: 313013K->313013K(313152K), 0.0006480 secs] 313541K->313443K(313728K), 0.0053260 secs]
27.059: [GC 27.061: [DefNew: 553K->36K(576K), 0.0024390 secs]27.064: [Train: 313030K->313030K(313152K), 0.0006450 secs] 313567K->313407K(313728K), 0.0053260 secs]
27.065: [GC 27.067: [DefNew: 546K->49K(576K), 0.0024340 secs]27.069: [Train: 313051K->313051K(313216K), 0.0006500 secs] 313577K->313356K(313792K), 0.0053340 secs]
27.070: [GC 27.072: [DefNew: 559K->49K(576K), 0.0024500 secs]27.075: [Train: 313090K->313090K(313216K), 0.0006320 secs] 313611K->313140K(313792K), 0.0053330 secs]
27.076: [GC 27.078: [DefNew: 551K->62K(576K), 0.0024670 secs]27.081: [Train: 313151K->313151K(313280K), 0.0006290 secs] 313642K->313213K(313856K), 0.0053660 secs]
27.082: [GC 27.084: [DefNew: 564K->62K(576K), 0.0025090 secs] 313716K->313289K(313920K), 0.0047660 secs]
27.087: [GC 27.089: [DefNew: 564K->62K(576K), 0.0024910 secs]27.092: [Train: 313301K->313299K(313408K), 0.0007180 secs] 313791K->313361K(313984K), 0.0054550 secs]
27.093: [GC 27.095: [DefNew: 564K->62K(576K), 0.0024930 secs]27.098: [Train: 313373K->313373K(313472K), 0.0006430 secs] 313863K->313691K(314048K), 0.0054130 secs]
27.099: [GC 27.101: [DefNew: 569K->45K(576K), 0.0024620 secs]27.103: [Train: 313427K->313427K(313536K), 0.0006360 secs] 313942K->313814K(314112K), 0.0053560 secs]
27.104: [GC 27.106: [DefNew: 556K->22K(576K), 0.0024400 secs]27.109: [Train: 313465K->313465K(313600K), 0.0006280 secs] 313984K->313872K(314176K), 0.0053390 secs]
27.110: [GC 27.112: [DefNew: 534K->52K(576K), 0.0024260 secs]27.114: [Train: 313465K->313465K(313600K), 0.0006340 secs] 313999K->313901K(314176K), 0.0053080 secs]
27.115: [GC 27.117: [DefNew: 560K->36K(576K), 0.0024370 secs]27.120: [Train: 313488K->313488K(313600K), 0.0006570 secs] 314025K->313908K(314176K), 0.0053380 secs]
27.121: [GC 27.123: [DefNew: 547K->45K(576K), 0.0024390 secs]27.125: [Train: 313509K->313509K(313664K), 0.0006550 secs] 314035K->313939K(314240K), 0.0053550 secs]
27.126: [GC 27.128: [DefNew: 553K->36K(576K), 0.0024400 secs]27.131: [Train: 313525K->313525K(313664K), 0.0006160 secs] 314063K->313945K(314240K), 0.0053050 secs]
27.132: [GC 27.134: [DefNew: 547K->45K(576K), 0.0024300 secs]27.136: [Train: 313545K->313545K(313664K), 0.0006470 secs] 314073K->313975K(314240K), 0.0053350 secs]
27.137: [GC 27.139: [DefNew: 553K->36K(576K), 0.0024300 secs]27.142: [Train: 313561K->313561K(313664K), 0.0006420 secs] 314099K->313939K(314240K), 0.0053240 secs]
27.143: [GC 27.145: [DefNew: 546K->49K(576K), 0.0024510 secs]27.147: [Train: 313583K->313583K(313728K), 0.0006460 secs] 314108K->313888K(314304K), 0.0053460 secs]
27.148: [GC 27.150: [DefNew: 559K->49K(576K), 0.0024500 secs]27.153: [Train: 313624K->313622K(313728K), 0.0007030 secs] 314142K->313671K(314304K), 0.0054250 secs]
27.154: [GC 27.156: [DefNew: 551K->62K(576K), 0.0024890 secs]27.159: [Train: 313683K->313685K(313856K), 0.0006910 secs] 314174K->313747K(314432K), 0.0054460 secs]
27.160: [GC 27.162: [DefNew: 564K->62K(576K), 0.0024760 secs] 314249K->313821K(314432K), 0.0047400 secs]
27.165: [GC 27.167: [DefNew: 564K->62K(576K), 0.0025010 secs]27.170: [Train: 313832K->313832K(313984K), 0.0006950 secs] 314323K->313894K(314560K), 0.0054520 secs]
27.171: [GC 27.173: [DefNew: 564K->62K(576K), 0.0024920 secs]27.176: [Train: 313906K->313906K(314048K), 0.0006610 secs] 314397K->314224K(314624K), 0.0054290 secs]
27.177: [GC 27.179: [DefNew: 569K->45K(576K), 0.0024630 secs]27.181: [Train: 313960K->313960K(314112K), 0.0007090 secs] 314475K->314347K(314688K), 0.0054410 secs]
27.183: [GC 27.185: [DefNew: 556K->22K(576K), 0.0024490 secs]27.187: [Train: 313996K->313996K(314112K), 0.0006500 secs] 314517K->314403K(314688K), 0.0053610 secs]
27.188: [GC 27.190: [DefNew: 534K->52K(576K), 0.0024240 secs]27.193: [Train: 313996K->313996K(314112K), 0.0007070 secs] 314530K->314433K(314688K), 0.0053930 secs]
27.194: [GC 27.196: [DefNew: 560K->36K(576K), 0.0024540 secs]27.198: [Train: 314021K->314021K(314176K), 0.0006360 secs] 314557K->314441K(314752K), 0.0053820 secs]
27.199: [GC 27.201: [DefNew: 547K->45K(576K), 0.0024450 secs]27.204: [Train: 314041K->314041K(314176K), 0.0006200 secs] 314568K->314470K(314752K), 0.0053190 secs]
27.205: [GC 27.207: [DefNew: 553K->36K(576K), 0.0024300 secs]27.209: [Train: 314057K->314057K(314176K), 0.0006590 secs] 314594K->314477K(314752K), 0.0053560 secs]
27.210: [GC 27.212: [DefNew: 547K->45K(576K), 0.0024430 secs]27.215: [Train: 314077K->314077K(314176K), 0.0006400 secs] 314604K->314464K(314752K), 0.0053350 secs]
27.216: [GC 27.218: [DefNew: 556K->42K(576K), 0.0024430 secs]27.220: [Train: 314095K->314095K(314240K), 0.0006980 secs] 314633K->314393K(314816K), 0.0054080 secs]
27.221: [GC 27.223: [DefNew: 549K->58K(576K), 0.0024480 secs]27.226: [Train: 314114K->314116K(314304K), 0.0006610 secs] 314645K->314175K(314880K), 0.0053760 secs]
27.227: [GC 27.229: [DefNew: 561K->62K(576K), 0.0025060 secs]27.232: [Train: 314187K->314185K(314304K), 0.0006650 secs] 314678K->314247K(314880K), 0.0054420 secs]
27.233: [GC 27.235: [DefNew: 564K->62K(576K), 0.0024860 secs] 314750K->314321K(314880K), 0.0047610 secs]
27.238: [GC 27.240: [DefNew: 564K->62K(576K), 0.0025180 secs]27.243: [Train: 314334K->314334K(314496K), 0.0006670 secs] 314823K->314397K(315072K), 0.0054400 secs]
27.244: [GC 27.246: [DefNew: 564K->62K(576K), 0.0024880 secs]27.249: [Train: 314408K->314408K(314560K), 0.0007000 secs] 314899K->314726K(315136K), 0.0054680 secs]
27.250: [GC 27.252: [DefNew: 569K->36K(576K), 0.0024870 secs]27.254: [Train: 314472K->314472K(314624K), 0.0007230 secs] 314978K->314850K(315200K), 0.0054810 secs]
27.255: [GC 27.258: [DefNew: 546K->32K(576K), 0.0024560 secs]27.260: [Train: 314508K->314508K(314624K), 0.0007020 secs] 315019K->314925K(315200K), 0.0054210 secs]
27.261: [GC 27.263: [DefNew: 543K->19K(576K), 0.0024400 secs]27.266: [Train: 314531K->314533K(314688K), 0.0006800 secs] 315052K->314937K(315264K), 0.0053840 secs]
27.267: [GC 27.269: [DefNew: 530K->49K(576K), 0.0024330 secs]27.271: [Train: 314533K->314533K(314688K), 0.0006500 secs] 315064K->314966K(315264K), 0.0053400 secs]
27.272: [GC 27.274: [DefNew: 557K->36K(576K), 0.0028420 secs]27.277: [Train: 314553K->314553K(314688K), 0.0007500 secs] 315090K->314973K(315264K), 0.0058640 secs]
27.278: [GC 27.280: [DefNew: 547K->45K(576K), 0.0025740 secs]27.283: [Train: 314574K->314572K(314688K), 0.0007610 secs] 315100K->315002K(315264K), 0.0058060 secs]
27.289: [GC 27.292: [DefNew: 553K->36K(576K), 0.0033280 secs]27.295: [Train: 314589K->314589K(314688K), 0.0008720 secs] 315126K->314966K(315264K), 0.0074340 secs]
27.297: [GC 27.299: [DefNew: 546K->49K(576K), 0.0030330 secs]27.303: [Train: 314610K->314610K(314752K), 0.0006980 secs] 315136K->314915K(315328K), 0.0067150 secs]
27.304: [GC 27.306: [DefNew: 559K->49K(576K), 0.0024810 secs]27.308: [Train: 314651K->314651K(314816K), 0.0006680 secs] 315170K->314700K(315392K), 0.0054450 secs]
27.310: [GC 27.312: [DefNew: 551K->62K(576K), 0.0025130 secs]27.314: [Train: 314712K->314712K(314880K), 0.0006530 secs] 315203K->314774K(315456K), 0.0054750 secs]
27.315: [GC 27.318: [DefNew: 564K->62K(576K), 0.0025080 secs] 315276K->314848K(315456K), 0.0047770 secs]
27.321: [GC 27.323: [DefNew: 564K->62K(576K), 0.0025040 secs]27.325: [Train: 314860K->314860K(315008K), 0.0007150 secs] 315350K->314922K(315584K), 0.0054880 secs]
27.327: [GC 27.329: [DefNew: 564K->62K(576K), 0.0025080 secs]27.331: [Train: 314933K->314933K(315072K), 0.0006500 secs] 315424K->315252K(315648K), 0.0054530 secs]
27.332: [GC 27.334: [DefNew: 569K->45K(576K), 0.0024780 secs]27.337: [Train: 314988K->314988K(315136K), 0.0006320 secs] 315503K->315375K(315712K), 0.0054050 secs]
27.338: [GC 27.340: [DefNew: 556K->22K(576K), 0.0024570 secs]27.342: [Train: 315024K->315024K(315136K), 0.0006590 secs] 315544K->315430K(315712K), 0.0053810 secs]
27.343: [GC 27.346: [DefNew: 534K->52K(576K), 0.0024380 secs]27.348: [Train: 315024K->315024K(315136K), 0.0006460 secs] 315558K->315460K(315712K), 0.0053440 secs]
27.349: [GC 27.351: [DefNew: 560K->36K(576K), 0.0024540 secs]27.354: [Train: 315048K->315046K(315136K), 0.0006620 secs] 315584K->315466K(315712K), 0.0054120 secs]
27.354: [GC 27.357: [DefNew: 547K->45K(576K), 0.0024630 secs]27.359: [Train: 315068K->315068K(315200K), 0.0006670 secs] 315594K->315498K(315776K), 0.0053920 secs]
27.360: [GC 27.362: [DefNew: 553K->36K(576K), 0.0024410 secs]27.365: [Train: 315084K->315084K(315200K), 0.0006400 secs] 315622K->315504K(315776K), 0.0053570 secs]
27.366: [GC 27.368: [DefNew: 547K->45K(576K), 0.0024540 secs]27.370: [Train: 315106K->315106K(315264K), 0.0006780 secs] 315632K->315493K(315840K), 0.0053970 secs]
27.371: [GC 27.373: [DefNew: 556K->42K(576K), 0.0024590 secs]27.376: [Train: 315122K->315122K(315264K), 0.0006590 secs] 315662K->315421K(315840K), 0.0053840 secs]
27.377: [GC 27.379: [DefNew: 549K->58K(576K), 0.0024510 secs]27.381: [Train: 315142K->315144K(315328K), 0.0006890 secs] 315672K->315202K(315904K), 0.0054110 secs]
27.383: [GC 27.385: [DefNew: 561K->62K(576K), 0.0025130 secs]27.387: [Train: 315214K->315212K(315328K), 0.0006320 secs] 315705K->315274K(315904K), 0.0054330 secs]
27.389: [GC 27.391: [DefNew: 564K->62K(576K), 0.0024960 secs] 315777K->315348K(315904K), 0.0047720 secs]
27.395: [GC 27.397: [DefNew: 564K->62K(576K), 0.0025720 secs]27.400: [Train: 315362K->315362K(315520K), 0.0006730 secs] 315851K->315424K(316096K), 0.0055760 secs]
27.401: [GC 27.403: [DefNew: 564K->62K(576K), 0.0025120 secs]27.405: [Train: 315436K->315436K(315584K), 0.0006660 secs] 315926K->315754K(316160K), 0.0054880 secs]
27.407: [GC 27.409: [DefNew: 569K->36K(576K), 0.0024990 secs]27.411: [Train: 315500K->315500K(315648K), 0.0006910 secs] 316005K->315877K(316224K), 0.0054680 secs]
27.412: [GC 27.414: [DefNew: 546K->32K(576K), 0.0024580 secs]27.417: [Train: 315536K->315536K(315648K), 0.0006290 secs] 316047K->315952K(316224K), 0.0053620 secs]
27.418: [GC 27.420: [DefNew: 543K->19K(576K), 0.0024590 secs]27.422: [Train: 315558K->315560K(315712K), 0.0006630 secs] 316079K->315964K(316288K), 0.0053890 secs]
27.423: [GC 27.425: [DefNew: 530K->49K(576K), 0.0024400 secs]27.428: [Train: 315560K->315560K(315712K), 0.0006370 secs] 316091K->315993K(316288K), 0.0053420 secs]
27.429: [GC 27.431: [DefNew: 557K->36K(576K), 0.0024460 secs]27.433: [Train: 315580K->315580K(315712K), 0.0006700 secs] 316117K->316000K(316288K), 0.0053880 secs]
27.434: [GC 27.436: [DefNew: 547K->45K(576K), 0.0024580 secs]27.439: [Train: 315600K->315600K(315712K), 0.0006340 secs] 316127K->316029K(316288K), 0.0053550 secs]
27.440: [GC 27.442: [DefNew: 553K->36K(576K), 0.0024510 secs]27.444: [Train: 315618K->315618K(315776K), 0.0006510 secs] 316153K->315995K(316352K), 0.0053740 secs]
27.445: [GC 27.447: [DefNew: 546K->49K(576K), 0.0024580 secs]27.450: [Train: 315637K->315637K(315776K), 0.0006290 secs] 316165K->315942K(316352K), 0.0053660 secs]
27.451: [GC 27.453: [DefNew: 559K->49K(576K), 0.0024710 secs]27.456: [Train: 315677K->315677K(315776K), 0.0006160 secs] 316197K->315726K(316352K), 0.0053560 secs]
27.457: [GC 27.459: [DefNew: 551K->62K(576K), 0.0024930 secs]27.461: [Train: 315737K->315739K(315904K), 0.0006690 secs] 316228K->315801K(316480K), 0.0054650 secs]
27.463: [GC 27.465: [DefNew: 564K->62K(576K), 0.0025100 secs] 316304K->315875K(316480K), 0.0047800 secs]
27.468: [GC 27.470: [DefNew: 564K->62K(576K), 0.0025060 secs]27.473: [Train: 315887K->315887K(316032K), 0.0006430 secs] 316378K->315949K(316608K), 0.0054260 secs]
27.474: [GC 27.476: [DefNew: 564K->62K(576K), 0.0025180 secs]27.478: [Train: 315961K->315961K(316096K), 0.0006900 secs] 316451K->316279K(316672K), 0.0054960 secs]
27.480: [GC 27.482: [DefNew: 569K->45K(576K), 0.0024880 secs]27.484: [Train: 316015K->316015K(316160K), 0.0006500 secs] 316530K->316402K(316736K), 0.0054350 secs]
27.485: [GC 27.487: [DefNew: 556K->22K(576K), 0.0024700 secs]27.490: [Train: 316053K->316051K(316160K), 0.0006580 secs] 316572K->316458K(316736K), 0.0054090 secs]
27.491: [GC 27.493: [DefNew: 534K->52K(576K), 0.0024570 secs]27.495: [Train: 316051K->316051K(316160K), 0.0006570 secs] 316585K->316487K(316736K), 0.0053860 secs]
27.496: [GC 27.498: [DefNew: 560K->36K(576K), 0.0024590 secs]27.501: [Train: 316076K->316076K(316224K), 0.0006640 secs] 316611K->316496K(316800K), 0.0054070 secs]
27.502: [GC 27.504: [DefNew: 547K->45K(576K), 0.0024660 secs]27.506: [Train: 316095K->316095K(316224K), 0.0006210 secs] 316623K->316525K(316800K), 0.0053550 secs]
27.507: [GC 27.509: [DefNew: 553K->36K(576K), 0.0024550 secs]27.512: [Train: 316112K->316112K(316224K), 0.0006490 secs] 316649K->316532K(316800K), 0.0053710 secs]
27.513: [GC 27.515: [DefNew: 547K->45K(576K), 0.0024580 secs]27.517: [Train: 316133K->316133K(316288K), 0.0006560 secs] 316659K->316520K(316864K), 0.0053890 secs]
27.518: [GC 27.521: [DefNew: 556K->42K(576K), 0.0024580 secs]27.523: [Train: 316149K->316149K(316288K), 0.0006620 secs] 316690K->316448K(316864K), 0.0053890 secs]
27.524: [GC 27.526: [DefNew: 549K->58K(576K), 0.0024590 secs]27.529: [Train: 316169K->316169K(316288K), 0.0006750 secs] 316699K->316228K(316864K), 0.0054140 secs]
27.530: [GC 27.532: [DefNew: 561K->62K(576K), 0.0025170 secs]27.535: [Train: 316240K->316240K(316352K), 0.0006530 secs] 316730K->316302K(316928K), 0.0054690 secs]
27.536: [GC 27.538: [DefNew: 564K->62K(576K), 0.0025020 secs] 316804K->316376K(316928K), 0.0047830 secs]
27.541: [GC 27.543: [DefNew: 564K->62K(576K), 0.0025220 secs]27.546: [Train: 316389K->316389K(316544K), 0.0006860 secs] 316878K->316451K(317120K), 0.0054940 secs]
27.547: [GC 27.549: [DefNew: 564K->62K(576K), 0.0025090 secs]27.552: [Train: 316463K->316463K(316608K), 0.0007050 secs] 316954K->316781K(317184K), 0.0055040 secs]
27.553: [GC 27.555: [DefNew: 569K->36K(576K), 0.0024840 secs]27.557: [Train: 316527K->316527K(316672K), 0.0006420 secs] 317032K->316904K(317248K), 0.0054220 secs]
27.558: [GC 27.561: [DefNew: 546K->32K(576K), 0.0024700 secs]27.563: [Train: 316563K->316565K(316736K), 0.0006380 secs] 317074K->316981K(317312K), 0.0053790 secs]
27.564: [GC 27.566: [DefNew: 543K->19K(576K), 0.0024500 secs]27.569: [Train: 316588K->316588K(316736K), 0.0006360 secs] 317109K->316991K(317312K), 0.0053710 secs]
27.569: [GC 27.572: [DefNew: 530K->49K(576K), 0.0024480 secs]27.574: [Train: 316588K->316588K(316736K), 0.0006840 secs] 317118K->317021K(317312K), 0.0054080 secs]
27.575: [GC 27.577: [DefNew: 557K->36K(576K), 0.0024680 secs]27.580: [Train: 316607K->316607K(316736K), 0.0006200 secs] 317145K->317027K(317312K), 0.0053620 secs]
27.581: [GC 27.583: [DefNew: 547K->45K(576K), 0.0024600 secs]27.585: [Train: 316629K->316629K(316800K), 0.0006480 secs] 317154K->317058K(317376K), 0.0053820 secs]
27.586: [GC 27.588: [DefNew: 553K->36K(576K), 0.0024620 secs]27.591: [Train: 316645K->316643K(316800K), 0.0006340 secs] 317182K->317021K(317376K), 0.0053660 secs]
27.592: [GC 27.594: [DefNew: 546K->49K(576K), 0.0024590 secs]27.596: [Train: 316665K->316665K(316800K), 0.0007040 secs] 317190K->316970K(317376K), 0.0054360 secs]
27.597: [GC 27.599: [DefNew: 559K->49K(576K), 0.0024870 secs]27.602: [Train: 316706K->316706K(316864K), 0.0006720 secs] 317224K->316755K(317440K), 0.0054410 secs]
27.603: [GC 27.605: [DefNew: 551K->62K(576K), 0.0025030 secs]27.608: [Train: 316766K->316766K(316928K), 0.0007210 secs] 317257K->316829K(317504K), 0.0055240 secs]
27.609: [GC 27.611: [DefNew: 564K->62K(576K), 0.0025190 secs] 317331K->316902K(317504K), 0.0048080 secs]
27.614: [GC 27.616: [DefNew: 564K->62K(576K), 0.0025260 secs]27.619: [Train: 316914K->316914K(317056K), 0.0006550 secs] 317405K->316976K(317632K), 0.0054520 secs]
27.620: [GC 27.622: [DefNew: 564K->62K(576K), 0.0025040 secs]27.625: [Train: 316988K->316988K(317120K), 0.0006920 secs] 317479K->317306K(317696K), 0.0055140 secs]
27.626: [GC 27.628: [DefNew: 569K->45K(576K), 0.0024910 secs]27.631: [Train: 317042K->317040K(317120K), 0.0006690 secs] 317557K->317427K(317696K), 0.0054470 secs]
27.632: [GC 27.634: [DefNew: 556K->22K(576K), 0.0024670 secs]27.636: [Train: 317078K->317080K(317248K), 0.0006850 secs] 317597K->317487K(317824K), 0.0054390 secs]
27.637: [GC 27.639: [DefNew: 534K->52K(576K), 0.0024530 secs]27.642: [Train: 317080K->317078K(317248K), 0.0006650 secs] 317614K->317514K(317824K), 0.0054080 secs]
27.643: [GC 27.645: [DefNew: 560K->36K(576K), 0.0024710 secs]27.647: [Train: 317103K->317103K(317248K), 0.0006690 secs] 317638K->317523K(317824K), 0.0054140 secs]
27.648: [GC 27.650: [DefNew: 547K->45K(576K), 0.0024580 secs]27.653: [Train: 317122K->317122K(317248K), 0.0006380 secs] 317650K->317552K(317824K), 0.0053900 secs]
27.654: [GC 27.656: [DefNew: 553K->36K(576K), 0.0024600 secs]27.659: [Train: 317139K->317139K(317248K), 0.0006650 secs] 317676K->317559K(317824K), 0.0053970 secs]
27.659: [GC 27.662: [DefNew: 547K->45K(576K), 0.0024710 secs]27.664: [Train: 317158K->317160K(317312K), 0.0006660 secs] 317686K->317547K(317888K), 0.0054110 secs]
27.665: [GC 27.667: [DefNew: 556K->42K(576K), 0.0024560 secs]27.670: [Train: 317177K->317177K(317312K), 0.0006580 secs] 317717K->317475K(317888K), 0.0053950 secs]
27.671: [GC 27.673: [DefNew: 549K->58K(576K), 0.0024780 secs]27.675: [Train: 317196K->317196K(317312K), 0.0006580 secs] 317726K->317255K(317888K), 0.0054160 secs]
27.677: [GC 27.679: [DefNew: 561K->62K(576K), 0.0025010 secs]27.681: [Train: 317267K->317269K(317440K), 0.0006780 secs] 317758K->317331K(318016K), 0.0054790 secs]
27.682: [GC 27.685: [DefNew: 564K->62K(576K), 0.0025250 secs] 317833K->317405K(318016K), 0.0048060 secs]
27.688: [GC 27.690: [DefNew: 564K->62K(576K), 0.0025320 secs]27.692: [Train: 317416K->317416K(317568K), 0.0006550 secs] 317907K->317478K(318144K), 0.0054710 secs]
27.694: [GC 27.696: [DefNew: 564K->62K(576K), 0.0025270 secs]27.698: [Train: 317490K->317490K(317632K), 0.0006800 secs] 317981K->317808K(318208K), 0.0055100 secs]
27.699: [GC 27.702: [DefNew: 569K->36K(576K), 0.0025010 secs]27.704: [Train: 317554K->317554K(317696K), 0.0006520 secs] 318059K->317931K(318272K), 0.0054410 secs]
27.705: [GC 27.707: [DefNew: 546K->32K(576K), 0.0024710 secs]27.710: [Train: 317590K->317590K(317696K), 0.0006410 secs] 318101K->318007K(318272K), 0.0054170 secs]
27.711: [GC 27.713: [DefNew: 543K->19K(576K), 0.0024810 secs]27.715: [Train: 317615K->317615K(317760K), 0.0006520 secs] 318134K->318018K(318336K), 0.0054120 secs]
27.716: [GC 27.718: [DefNew: 530K->49K(576K), 0.0024500 secs]27.721: [Train: 317615K->317615K(317760K), 0.0006420 secs] 318146K->318048K(318336K), 0.0053780 secs]
27.722: [GC 27.724: [DefNew: 557K->36K(576K), 0.0024750 secs]27.726: [Train: 317634K->317634K(317760K), 0.0006500 secs] 318172K->318054K(318336K), 0.0054070 secs]
27.727: [GC 27.729: [DefNew: 547K->45K(576K), 0.0024830 secs]27.732: [Train: 317656K->317656K(317824K), 0.0006450 secs] 318182K->318086K(318400K), 0.0054060 secs]
27.733: [GC 27.735: [DefNew: 553K->36K(576K), 0.0024610 secs]27.737: [Train: 317672K->317672K(317824K), 0.0006590 secs] 318210K->318050K(318400K), 0.0054150 secs]
27.738: [GC 27.741: [DefNew: 546K->49K(576K), 0.0024700 secs]27.743: [Train: 317692K->317692K(317824K), 0.0006650 secs] 318219K->317997K(318400K), 0.0054150 secs]
27.744: [GC 27.746: [DefNew: 559K->49K(576K), 0.0024890 secs]27.749: [Train: 317733K->317733K(317888K), 0.0006460 secs] 318251K->317782K(318464K), 0.0054360 secs]
27.750: [GC 27.752: [DefNew: 551K->62K(576K), 0.0025210 secs]27.755: [Train: 317794K->317794K(317952K), 0.0007110 secs] 318284K->317856K(318528K), 0.0055370 secs]
27.756: [GC 27.758: [DefNew: 564K->62K(576K), 0.0025220 secs] 318358K->317930K(318528K), 0.0048310 secs]
27.761: [GC 27.763: [DefNew: 564K->62K(576K), 0.0025320 secs]27.766: [Train: 317941K->317941K(318080K), 0.0006710 secs] 318432K->318004K(318656K), 0.0054940 secs]
27.767: [GC 27.769: [DefNew: 564K->62K(576K), 0.0025390 secs]27.772: [Train: 318015K->318015K(318144K), 0.0006470 secs] 318506K->318333K(318720K), 0.0054950 secs]
27.773: [GC 27.775: [DefNew: 569K->45K(576K), 0.0025010 secs]27.778: [Train: 318069K->318069K(318208K), 0.0007050 secs] 318585K->318456K(318784K), 0.0055010 secs]
27.779: [GC 27.781: [DefNew: 556K->22K(576K), 0.0024890 secs]27.783: [Train: 318105K->318107K(318272K), 0.0006750 secs] 318626K->318514K(318848K), 0.0054540 secs]
27.784: [GC 27.786: [DefNew: 534K->52K(576K), 0.0024540 secs]27.789: [Train: 318107K->318105K(318272K), 0.0006720 secs] 318641K->318542K(318848K), 0.0054280 secs]
27.790: [GC 27.792: [DefNew: 560K->36K(576K), 0.0024910 secs]27.794: [Train: 318130K->318130K(318272K), 0.0006650 secs] 318666K->318550K(318848K), 0.0054430 secs]
27.795: [GC 27.797: [DefNew: 547K->45K(576K), 0.0024850 secs]27.800: [Train: 318150K->318150K(318272K), 0.0006670 secs] 318677K->318580K(318848K), 0.0054380 secs]
27.801: [GC 27.803: [DefNew: 553K->36K(576K), 0.0024650 secs]27.806: [Train: 318166K->318168K(318336K), 0.0006820 secs] 318703K->318588K(318912K), 0.0054430 secs]
27.807: [GC 27.809: [DefNew: 547K->45K(576K), 0.0024780 secs]27.811: [Train: 318188K->318188K(318336K), 0.0006920 secs] 318715K->318575K(318912K), 0.0054570 secs]
27.812: [GC 27.814: [DefNew: 556K->42K(576K), 0.0024670 secs]27.817: [Train: 318204K->318204K(318336K), 0.0006660 secs] 318744K->318502K(318912K), 0.0054270 secs]
27.818: [GC 27.820: [DefNew: 549K->58K(576K), 0.0024990 secs]27.823: [Train: 318225K->318224K(318336K), 0.0006590 secs] 318754K->318282K(318912K), 0.0054540 secs]
27.824: [GC 27.826: [DefNew: 561K->62K(576K), 0.0025160 secs]27.828: [Train: 318294K->318294K(318400K), 0.0006410 secs] 318785K->318356K(318976K), 0.0054730 secs]
27.830: [GC 27.832: [DefNew: 564K->62K(576K), 0.0025370 secs] 318859K->318430K(318976K), 0.0048350 secs]
27.835: [GC 27.837: [DefNew: 564K->62K(576K), 0.0025390 secs]27.840: [Train: 318442K->318444K(318592K), 0.0006860 secs] 318932K->318506K(319168K), 0.0055110 secs]
27.841: [GC 27.843: [DefNew: 564K->62K(576K), 0.0025280 secs]27.846: [Train: 318517K->318517K(318656K), 0.0007140 secs] 319008K->318836K(319232K), 0.0055760 secs]
27.847: [GC 27.849: [DefNew: 569K->36K(576K), 0.0025150 secs]27.851: [Train: 318581K->318581K(318720K), 0.0006580 secs] 319087K->318959K(319296K), 0.0054730 secs]
27.852: [GC 27.855: [DefNew: 546K->32K(576K), 0.0024880 secs]27.857: [Train: 318619K->318619K(318784K), 0.0007080 secs] 319128K->319036K(319360K), 0.0055120 secs]
27.858: [GC 27.860: [DefNew: 543K->19K(576K), 0.0024780 secs]27.863: [Train: 318642K->318642K(318784K), 0.0006380 secs] 319163K->319046K(319360K), 0.0054090 secs]
27.864: [GC 27.866: [DefNew: 530K->49K(576K), 0.0024600 secs]27.868: [Train: 318642K->318642K(318784K), 0.0006910 secs] 319173K->319075K(319360K), 0.0054540 secs]
27.869: [GC 27.871: [DefNew: 557K->36K(576K), 0.0024770 secs]27.874: [Train: 318662K->318662K(318784K), 0.0006660 secs] 319199K->319082K(319360K), 0.0054380 secs]
27.875: [GC 27.877: [DefNew: 547K->45K(576K), 0.0024880 secs]27.879: [Train: 318681K->318683K(318848K), 0.0006790 secs] 319209K->319113K(319424K), 0.0054590 secs]
27.880: [GC 27.883: [DefNew: 553K->36K(576K), 0.0024700 secs]27.885: [Train: 318700K->318700K(318848K), 0.0006580 secs] 319237K->319077K(319424K), 0.0054270 secs]
27.886: [GC 27.888: [DefNew: 546K->49K(576K), 0.0024870 secs]27.891: [Train: 318719K->318719K(318848K), 0.0006620 secs] 319247K->319024K(319424K), 0.0054400 secs]
27.892: [GC 27.894: [DefNew: 559K->49K(576K), 0.0024960 secs]27.896: [Train: 318760K->318760K(318912K), 0.0006820 secs] 319279K->318809K(319488K), 0.0054790 secs]
27.898: [GC 27.900: [DefNew: 551K->62K(576K), 0.0025460 secs]27.902: [Train: 318821K->318821K(318976K), 0.0006750 secs] 319312K->318883K(319552K), 0.0055350 secs]
27.904: [GC 27.906: [DefNew: 564K->62K(576K), 0.0025300 secs] 319386K->318957K(319552K), 0.0048310 secs]
27.909: [GC 27.911: [DefNew: 564K->62K(576K), 0.0025390 secs]27.914: [Train: 318969K->318969K(319104K), 0.0006970 secs] 319459K->319031K(319680K), 0.0055330 secs]
27.915: [GC 27.917: [DefNew: 564K->62K(576K), 0.0025350 secs]27.920: [Train: 319042K->319042K(319168K), 0.0006600 secs] 319533K->319361K(319744K), 0.0055100 secs]
27.921: [GC 27.923: [DefNew: 569K->45K(576K), 0.0025090 secs]27.925: [Train: 319097K->319097K(319232K), 0.0006650 secs] 319612K->319484K(319808K), 0.0054800 secs]
27.926: [GC 27.928: [DefNew: 556K->22K(576K), 0.0024870 secs]27.931: [Train: 319133K->319133K(319232K), 0.0007260 secs] 319653K->319540K(319808K), 0.0055080 secs]
27.932: [GC 27.934: [DefNew: 534K->52K(576K), 0.0024630 secs]27.937: [Train: 319133K->319133K(319232K), 0.0006500 secs] 319667K->319569K(319808K), 0.0054230 secs]
27.938: [GC 27.940: [DefNew: 560K->36K(576K), 0.0024940 secs]27.942: [Train: 319157K->319157K(319296K), 0.0006640 secs] 319693K->319577K(319872K), 0.0054660 secs]
27.943: [GC 27.945: [DefNew: 547K->45K(576K), 0.0024820 secs]27.948: [Train: 319177K->319177K(319296K), 0.0006340 secs] 319705K->319607K(319872K), 0.0054090 secs]
27.949: [GC 27.951: [DefNew: 553K->36K(576K), 0.0024740 secs]27.953: [Train: 319193K->319193K(319296K), 0.0006380 secs] 319731K->319613K(319872K), 0.0054180 secs]
27.954: [GC 27.956: [DefNew: 547K->45K(576K), 0.0024880 secs]27.959: [Train: 319215K->319215K(319360K), 0.0006800 secs] 319741K->319602K(319936K), 0.0054630 secs]
27.960: [GC 27.962: [DefNew: 556K->42K(576K), 0.0024750 secs]27.965: [Train: 319231K->319231K(319360K), 0.0006650 secs] 319772K->319530K(319936K), 0.0054530 secs]
27.966: [GC 27.968: [DefNew: 549K->58K(576K), 0.0024870 secs]27.970: [Train: 319251K->319251K(319360K), 0.0006370 secs] 319781K->319310K(319936K), 0.0054320 secs]
27.972: [GC 27.974: [DefNew: 561K->62K(576K), 0.0025320 secs]27.976: [Train: 319321K->319321K(319424K), 0.0006460 secs] 319812K->319384K(320000K), 0.0055060 secs]
27.977: [GC 27.980: [DefNew: 564K->62K(576K), 0.0025530 secs] 319886K->319459K(320064K), 0.0048570 secs]
27.983: [GC 27.985: [DefNew: 564K->62K(576K), 0.0025500 secs]27.987: [Train: 319471K->319471K(319616K), 0.0006540 secs] 319962K->319533K(320192K), 0.0054990 secs]
27.989: [GC 27.991: [DefNew: 564K->62K(576K), 0.0025290 secs]27.993: [Train: 319545K->319545K(319680K), 0.0006780 secs] 320035K->319863K(320256K), 0.0055290 secs]
27.995: [GC 27.997: [DefNew: 569K->36K(576K), 0.0025300 secs]27.999: [Train: 319609K->319609K(319744K), 0.0007140 secs] 320114K->319986K(320320K), 0.0055510 secs]
28.000: [GC 28.002: [DefNew: 546K->32K(576K), 0.0024970 secs]28.005: [Train: 319646K->319645K(319744K), 0.0006520 secs] 320156K->320061K(320320K), 0.0054650 secs]
28.006: [GC 28.008: [DefNew: 543K->19K(576K), 0.0024950 secs]28.010: [Train: 319668K->319668K(319744K), 0.0006360 secs] 320189K->320071K(320320K), 0.0054320 secs]
28.011: [GC 28.014: [DefNew: 530K->49K(576K), 0.0024730 secs]28.016: [Train: 319668K->319669K(319808K), 0.0006790 secs] 320198K->320102K(320384K), 0.0054460 secs]
28.017: [GC 28.019: [DefNew: 557K->36K(576K), 0.0024810 secs]28.022: [Train: 319689K->319689K(319808K), 0.0007130 secs] 320226K->320109K(320384K), 0.0054990 secs]
28.023: [GC 28.025: [DefNew: 547K->45K(576K), 0.0024880 secs]28.027: [Train: 319709K->319709K(319808K), 0.0006530 secs] 320236K->320138K(320384K), 0.0054380 secs]
28.028: [GC 28.030: [DefNew: 553K->36K(576K), 0.0024750 secs]28.033: [Train: 319725K->319727K(319872K), 0.0007240 secs] 320262K->320104K(320448K), 0.0055180 secs]
28.034: [GC 28.036: [DefNew: 546K->49K(576K), 0.0024890 secs]28.039: [Train: 319746K->319748K(319936K), 0.0006630 secs] 320274K->320053K(320512K), 0.0054520 secs]
28.040: [GC 28.042: [DefNew: 559K->49K(576K), 0.0024950 secs]28.044: [Train: 319788K->319788K(319936K), 0.0006570 secs] 320308K->319837K(320512K), 0.0054600 secs]
28.046: [GC 28.048: [DefNew: 551K->62K(576K), 0.0025350 secs]28.050: [Train: 319848K->319848K(320000K), 0.0006620 secs] 320339K->319910K(320576K), 0.0055310 secs]
28.052: [GC 28.054: [DefNew: 564K->62K(576K), 0.0025340 secs] 320413K->319984K(320576K), 0.0048470 secs]
28.057: [GC 28.059: [DefNew: 564K->62K(576K), 0.0025420 secs]28.062: [Train: 319996K->319996K(320128K), 0.0007090 secs] 320487K->320058K(320704K), 0.0055630 secs]
28.063: [GC 28.065: [DefNew: 564K->62K(576K), 0.0025400 secs]28.068: [Train: 320070K->320072K(320256K), 0.0006550 secs] 320560K->320390K(320832K), 0.0055200 secs]
28.069: [GC 28.071: [DefNew: 569K->45K(576K), 0.0025100 secs]28.073: [Train: 320124K->320124K(320256K), 0.0006680 secs] 320641K->320511K(320832K), 0.0055060 secs]
28.074: [GC 28.076: [DefNew: 556K->22K(576K), 0.0025010 secs]28.079: [Train: 320160K->320160K(320256K), 0.0006290 secs] 320681K->320567K(320832K), 0.0054320 secs]
28.080: [GC 28.082: [DefNew: 534K->52K(576K), 0.0024710 secs]28.084: [Train: 320160K->320162K(320320K), 0.0006540 secs] 320694K->320598K(320896K), 0.0054460 secs]
28.085: [GC 28.088: [DefNew: 560K->36K(576K), 0.0024940 secs]28.090: [Train: 320185K->320185K(320320K), 0.0006650 secs] 320722K->320605K(320896K), 0.0054670 secs]
28.091: [GC 28.093: [DefNew: 547K->45K(576K), 0.0025080 secs]28.096: [Train: 320206K->320206K(320384K), 0.0006730 secs] 320732K->320636K(320960K), 0.0054810 secs]
28.097: [GC 28.099: [DefNew: 553K->36K(576K), 0.0024780 secs]28.101: [Train: 320222K->320221K(320384K), 0.0006670 secs] 320760K->320641K(320960K), 0.0054530 secs]
28.102: [GC 28.104: [DefNew: 547K->45K(576K), 0.0025030 secs]28.107: [Train: 320242K->320242K(320384K), 0.0006490 secs] 320768K->320629K(320960K), 0.0054500 secs]
28.108: [GC 28.110: [DefNew: 556K->42K(576K), 0.0024790 secs]28.113: [Train: 320258K->320258K(320384K), 0.0006770 secs] 320799K->320557K(320960K), 0.0054630 secs]
28.114: [GC 28.116: [DefNew: 549K->58K(576K), 0.0025080 secs]28.118: [Train: 320280K->320278K(320384K), 0.0006580 secs] 320808K->320337K(320960K), 0.0054770 secs]
28.120: [GC 28.122: [DefNew: 561K->62K(576K), 0.0025290 secs]28.124: [Train: 320349K->320349K(320448K), 0.0006340 secs] 320839K->320411K(321024K), 0.0054900 secs]
28.125: [GC 28.128: [DefNew: 564K->62K(576K), 0.0025620 secs] 320913K->320486K(321088K), 0.0048730 secs]
28.131: [GC 28.133: [DefNew: 564K->62K(576K), 0.0025470 secs]28.135: [Train: 320498K->320498K(320640K), 0.0006740 secs] 320989K->320560K(321216K), 0.0055240 secs]
28.137: [GC 28.139: [DefNew: 564K->62K(576K), 0.0025310 secs]28.141: [Train: 320572K->320572K(320704K), 0.0006720 secs] 321063K->320890K(321280K), 0.0055310 secs]
28.143: [GC 28.145: [DefNew: 569K->36K(576K), 0.0025210 secs]28.147: [Train: 320636K->320636K(320768K), 0.0006660 secs] 321141K->321013K(321344K), 0.0055000 secs]
28.148: [GC 28.150: [DefNew: 546K->32K(576K), 0.0024990 secs]28.153: [Train: 320674K->320674K(320832K), 0.0006450 secs] 321183K->321090K(321408K), 0.0054700 secs]
28.154: [GC 28.156: [DefNew: 543K->19K(576K), 0.0024890 secs]28.158: [Train: 320697K->320697K(320832K), 0.0006930 secs] 321218K->321100K(321408K), 0.0054870 secs]
28.159: [GC 28.162: [DefNew: 530K->49K(576K), 0.0024810 secs]28.164: [Train: 320697K->320697K(320832K), 0.0006670 secs] 321227K->321130K(321408K), 0.0054520 secs]
28.165: [GC 28.167: [DefNew: 557K->36K(576K), 0.0024910 secs]28.170: [Train: 320716K->320716K(320832K), 0.0006470 secs] 321254K->321136K(321408K), 0.0054520 secs]
28.171: [GC 28.173: [DefNew: 547K->45K(576K), 0.0024970 secs]28.175: [Train: 320738K->320736K(320832K), 0.0006980 secs] 321264K->321166K(321408K), 0.0054950 secs]
28.176: [GC 28.178: [DefNew: 553K->36K(576K), 0.0024900 secs]28.181: [Train: 320754K->320754K(320896K), 0.0006570 secs] 321290K->321131K(321472K), 0.0054710 secs]
28.182: [GC 28.184: [DefNew: 546K->49K(576K), 0.0024940 secs]28.187: [Train: 320774K->320774K(320896K), 0.0006630 secs] 321301K->321079K(321472K), 0.0054580 secs]
28.188: [GC 28.190: [DefNew: 559K->49K(576K), 0.0025030 secs]28.192: [Train: 320815K->320815K(320960K), 0.0006520 secs] 321333K->320864K(321536K), 0.0054790 secs]
28.194: [GC 28.196: [DefNew: 551K->62K(576K), 0.0025310 secs]28.198: [Train: 320876K->320876K(321024K), 0.0006380 secs] 321366K->320938K(321600K), 0.0054950 secs]
28.200: [GC 28.202: [DefNew: 564K->62K(576K), 0.0025330 secs] 321440K->321012K(321600K), 0.0048580 secs]
28.205: [GC 28.207: [DefNew: 564K->62K(576K), 0.0025520 secs]28.210: [Train: 321023K->321023K(321152K), 0.0007000 secs] 321514K->321085K(321728K), 0.0055630 secs]
28.211: [GC 28.213: [DefNew: 564K->62K(576K), 0.0025570 secs]28.216: [Train: 321097K->321097K(321216K), 0.0006900 secs] 321588K->321415K(321792K), 0.0055690 secs]
28.217: [GC 28.219: [DefNew: 569K->45K(576K), 0.0025170 secs]28.221: [Train: 321151K->321151K(321280K), 0.0006820 secs] 321666K->321538K(321856K), 0.0055230 secs]
28.222: [GC 28.225: [DefNew: 556K->22K(576K), 0.0025160 secs]28.227: [Train: 321189K->321189K(321344K), 0.0006960 secs] 321708K->321596K(321920K), 0.0055230 secs]
28.228: [GC 28.230: [DefNew: 534K->52K(576K), 0.0024800 secs]28.233: [Train: 321189K->321189K(321344K), 0.0006420 secs] 321723K->321625K(321920K), 0.0054480 secs]
28.234: [GC 28.236: [DefNew: 560K->36K(576K), 0.0025050 secs]28.238: [Train: 321212K->321212K(321344K), 0.0006460 secs] 321749K->321632K(321920K), 0.0054660 secs]
28.239: [GC 28.241: [DefNew: 547K->45K(576K), 0.0024940 secs]28.244: [Train: 321232K->321233K(321408K), 0.0006640 secs] 321759K->321663K(321984K), 0.0054650 secs]
28.245: [GC 28.247: [DefNew: 553K->36K(576K), 0.0024860 secs]28.249: [Train: 321250K->321248K(321408K), 0.0007070 secs] 321787K->321668K(321984K), 0.0055090 secs]
28.250: [GC 28.253: [DefNew: 547K->45K(576K), 0.0025070 secs]28.255: [Train: 321269K->321269K(321408K), 0.0006730 secs] 321795K->321699K(321984K), 0.0054910 secs]
28.256: [GC 28.258: [DefNew: 553K->36K(576K), 0.0024930 secs]28.261: [Train: 321288K->321286K(321408K), 0.0006980 secs] 321823K->321663K(321984K), 0.0055040 secs]
28.262: [GC 28.264: [DefNew: 546K->49K(576K), 0.0025090 secs]28.266: [Train: 321307K->321305K(321408K), 0.0006670 secs] 321833K->321610K(321984K), 0.0054880 secs]
28.268: [GC 28.270: [DefNew: 559K->49K(576K), 0.0025200 secs]28.272: [Train: 321346K->321348K(321536K), 0.0007070 secs] 321865K->321397K(322112K), 0.0055450 secs]
28.274: [GC 28.276: [DefNew: 551K->62K(576K), 0.0028030 secs]28.279: [Train: 321409K->321407K(321536K), 0.0007810 secs] 321900K->321469K(322112K), 0.0065390 secs]
28.281: [GC 28.283: [DefNew: 564K->62K(576K), 0.0025800 secs] 321972K->321543K(322112K), 0.0049670 secs]
28.286: [GC 28.288: [DefNew: 564K->62K(576K), 0.0025910 secs]28.291: [Train: 321555K->321555K(321664K), 0.0006820 secs] 322046K->321617K(322240K), 0.0055940 secs]
28.292: [GC 28.294: [DefNew: 564K->62K(576K), 0.0025640 secs]28.297: [Train: 321630K->321629K(321728K), 0.0006850 secs] 322119K->321947K(322304K), 0.0056240 secs]
28.298: [GC 28.300: [DefNew: 569K->45K(576K), 0.0025400 secs]28.303: [Train: 321683K->321685K(321856K), 0.0006780 secs] 322198K->322072K(322432K), 0.0055510 secs]
28.304: [GC 28.306: [DefNew: 556K->22K(576K), 0.0025090 secs]28.308: [Train: 321721K->321721K(321856K), 0.0006380 secs] 322241K->322128K(322432K), 0.0054740 secs]
28.309: [GC 28.311: [DefNew: 534K->52K(576K), 0.0024890 secs]28.314: [Train: 321721K->321721K(321856K), 0.0007210 secs] 322255K->322157K(322432K), 0.0055410 secs]
28.315: [GC 28.317: [DefNew: 560K->36K(576K), 0.0025040 secs]28.320: [Train: 321744K->321744K(321856K), 0.0006910 secs] 322281K->322164K(322432K), 0.0055110 secs]
28.321: [GC 28.323: [DefNew: 547K->45K(576K), 0.0025050 secs]28.325: [Train: 321765K->321765K(321920K), 0.0006720 secs] 322291K->322195K(322496K), 0.0055130 secs]
28.326: [GC 28.328: [DefNew: 553K->36K(576K), 0.0025010 secs]28.331: [Train: 321781K->321781K(321920K), 0.0006440 secs] 322319K->322201K(322496K), 0.0054640 secs]
28.332: [GC 28.334: [DefNew: 547K->45K(576K), 0.0024970 secs]28.337: [Train: 321801K->321801K(321920K), 0.0006820 secs] 322329K->322188K(322496K), 0.0055150 secs]
28.338: [GC 28.340: [DefNew: 556K->42K(576K), 0.0025010 secs]28.342: [Train: 321817K->321817K(321920K), 0.0006370 secs] 322358K->322116K(322496K), 0.0054550 secs]
28.343: [GC 28.346: [DefNew: 549K->58K(576K), 0.0025290 secs]28.348: [Train: 321839K->321839K(321984K), 0.0006760 secs] 322367K->321898K(322560K), 0.0055230 secs]
28.349: [GC 28.352: [DefNew: 561K->62K(576K), 0.0025640 secs]28.354: [Train: 321909K->321909K(322048K), 0.0006760 secs] 322400K->321972K(322624K), 0.0055960 secs]
28.355: [GC 28.358: [DefNew: 564K->62K(576K), 0.0025690 secs] 322474K->322045K(322624K), 0.0048910 secs]
28.361: [GC 28.363: [DefNew: 564K->62K(576K), 0.0025610 secs]28.365: [Train: 322057K->322057K(322176K), 0.0006810 secs] 322548K->322119K(322752K), 0.0055640 secs]
28.367: [GC 28.369: [DefNew: 564K->62K(576K), 0.0025670 secs]28.372: [Train: 322131K->322131K(322240K), 0.0006830 secs] 322622K->322449K(322816K), 0.0055870 secs]
28.373: [GC 28.375: [DefNew: 569K->36K(576K), 0.0025320 secs]28.377: [Train: 322195K->322197K(322368K), 0.0007180 secs] 322700K->322574K(322944K), 0.0055860 secs]
28.378: [GC 28.381: [DefNew: 546K->32K(576K), 0.0025250 secs]28.383: [Train: 322233K->322233K(322368K), 0.0006740 secs] 322744K->322649K(322944K), 0.0055240 secs]
28.384: [GC 28.386: [DefNew: 543K->19K(576K), 0.0024980 secs]28.389: [Train: 322256K->322256K(322368K), 0.0006790 secs] 322777K->322659K(322944K), 0.0055060 secs]
28.390: [GC 28.392: [DefNew: 530K->49K(576K), 0.0025030 secs]28.394: [Train: 322256K->322256K(322368K), 0.0006620 secs] 322786K->322689K(322944K), 0.0054820 secs]
28.395: [GC 28.397: [DefNew: 557K->36K(576K), 0.0025070 secs]28.400: [Train: 322275K->322277K(322432K), 0.0006900 secs] 322813K->322697K(323008K), 0.0055130 secs]
28.401: [GC 28.403: [DefNew: 547K->45K(576K), 0.0025060 secs]28.406: [Train: 322297K->322297K(322432K), 0.0006670 secs] 322824K->322726K(323008K), 0.0054950 secs]
28.407: [GC 28.409: [DefNew: 553K->36K(576K), 0.0025110 secs]28.411: [Train: 322315K->322313K(322432K), 0.0006600 secs] 322850K->322690K(323008K), 0.0054880 secs]
28.412: [GC 28.414: [DefNew: 546K->49K(576K), 0.0025060 secs]28.417: [Train: 322334K->322333K(322432K), 0.0006830 secs] 322860K->322638K(323008K), 0.0055240 secs]
28.418: [GC 28.420: [DefNew: 559K->49K(576K), 0.0025320 secs]28.423: [Train: 322374K->322374K(322496K), 0.0007230 secs] 322892K->322423K(323072K), 0.0055800 secs]
28.424: [GC 28.426: [DefNew: 551K->62K(576K), 0.0025540 secs]28.429: [Train: 322434K->322434K(322560K), 0.0006730 secs] 322925K->322497K(323136K), 0.0055960 secs]
28.430: [GC 28.432: [DefNew: 564K->62K(576K), 0.0025600 secs] 322999K->322570K(323136K), 0.0048910 secs]
28.435: [GC 28.438: [DefNew: 564K->62K(576K), 0.0025600 secs]28.440: [Train: 322582K->322584K(322752K), 0.0006950 secs] 323073K->322646K(323328K), 0.0055710 secs]
28.442: [GC 28.444: [DefNew: 564K->62K(576K), 0.0025670 secs]28.446: [Train: 322658K->322656K(322752K), 0.0006690 secs] 323148K->322974K(323328K), 0.0055990 secs]
28.447: [GC 28.450: [DefNew: 569K->45K(576K), 0.0025450 secs]28.452: [Train: 322710K->322710K(322816K), 0.0006440 secs] 323225K->323097K(323392K), 0.0055190 secs]
28.453: [GC 28.455: [DefNew: 556K->22K(576K), 0.0025250 secs]28.458: [Train: 322748K->322748K(322880K), 0.0006780 secs] 323267K->323155K(323456K), 0.0055400 secs]
28.459: [GC 28.461: [DefNew: 534K->52K(576K), 0.0024940 secs]28.463: [Train: 322748K->322748K(322880K), 0.0006780 secs] 323282K->323184K(323456K), 0.0054940 secs]
28.464: [GC 28.467: [DefNew: 560K->36K(576K), 0.0025100 secs]28.469: [Train: 322773K->322773K(322944K), 0.0006570 secs] 323308K->323193K(323520K), 0.0055020 secs]
28.470: [GC 28.472: [DefNew: 547K->45K(576K), 0.0025100 secs]28.475: [Train: 322792K->322792K(322944K), 0.0007010 secs] 323320K->323222K(323520K), 0.0055290 secs]
28.476: [GC 28.478: [DefNew: 553K->36K(576K), 0.0025000 secs]28.480: [Train: 322809K->322809K(322944K), 0.0006400 secs] 323346K->323229K(323520K), 0.0054720 secs]
28.481: [GC 28.483: [DefNew: 547K->45K(576K), 0.0025040 secs]28.486: [Train: 322828K->322828K(322944K), 0.0006600 secs] 323356K->323215K(323520K), 0.0054870 secs]
28.487: [GC 28.489: [DefNew: 556K->42K(576K), 0.0025140 secs]28.492: [Train: 322845K->322846K(323008K), 0.0007180 secs] 323385K->323145K(323584K), 0.0055530 secs]
28.493: [GC 28.495: [DefNew: 549K->58K(576K), 0.0025070 secs]28.497: [Train: 322866K->322866K(323008K), 0.0006650 secs] 323396K->322925K(323584K), 0.0055000 secs]
28.499: [GC 28.501: [DefNew: 561K->62K(576K), 0.0025650 secs]28.503: [Train: 322937K->322937K(323072K), 0.0006800 secs] 323427K->322999K(323648K), 0.0055860 secs]
28.505: [GC 28.507: [DefNew: 564K->62K(576K), 0.0025490 secs] 323501K->323073K(323648K), 0.0048910 secs]
28.510: [GC 28.512: [DefNew: 564K->62K(576K), 0.0025760 secs]28.515: [Train: 323084K->323084K(323200K), 0.0006570 secs] 323575K->323146K(323776K), 0.0055560 secs]
28.516: [GC 28.518: [DefNew: 564K->62K(576K), 0.0025450 secs]28.521: [Train: 323158K->323160K(323328K), 0.0006730 secs] 323649K->323478K(323904K), 0.0055750 secs]
28.522: [GC 28.524: [DefNew: 569K->36K(576K), 0.0025480 secs]28.527: [Train: 323224K->323222K(323328K), 0.0006880 secs] 323729K->323599K(323904K), 0.0055700 secs]
28.528: [GC 28.530: [DefNew: 546K->32K(576K), 0.0025210 secs]28.532: [Train: 323260K->323260K(323392K), 0.0006510 secs] 323769K->323677K(323968K), 0.0055060 secs]
28.533: [GC 28.536: [DefNew: 543K->19K(576K), 0.0025160 secs]28.538: [Train: 323283K->323283K(323392K), 0.0006810 secs] 323804K->323686K(323968K), 0.0055250 secs]
28.539: [GC 28.541: [DefNew: 530K->49K(576K), 0.0025000 secs]28.544: [Train: 323283K->323283K(323392K), 0.0006550 secs] 323814K->323716K(323968K), 0.0054740 secs]
28.545: [GC 28.547: [DefNew: 557K->36K(576K), 0.0025120 secs]28.549: [Train: 323304K->323304K(323456K), 0.0006910 secs] 323840K->323724K(324032K), 0.0055310 secs]
28.550: [GC 28.552: [DefNew: 547K->45K(576K), 0.0025130 secs]28.555: [Train: 323324K->323324K(323456K), 0.0006480 secs] 323851K->323754K(324032K), 0.0054860 secs]
28.556: [GC 28.558: [DefNew: 553K->36K(576K), 0.0025000 secs]28.561: [Train: 323340K->323340K(323456K), 0.0006410 secs] 323878K->323718K(324032K), 0.0054660 secs]
28.562: [GC 28.564: [DefNew: 546K->49K(576K), 0.0025160 secs]28.566: [Train: 323362K->323362K(323520K), 0.0006500 secs] 323887K->323667K(324096K), 0.0055020 secs]
28.567: [GC 28.569: [DefNew: 559K->49K(576K), 0.0025250 secs]28.572: [Train: 323401K->323401K(323520K), 0.0006340 secs] 323921K->323450K(324096K), 0.0054870 secs]
28.573: [GC 28.575: [DefNew: 551K->62K(576K), 0.0025520 secs]28.578: [Train: 323462K->323462K(323584K), 0.0006620 secs] 323952K->323524K(324160K), 0.0055780 secs]
28.579: [GC 28.581: [DefNew: 564K->62K(576K), 0.0025600 secs] 324026K->323598K(324160K), 0.0048890 secs]
28.585: [GC 28.587: [DefNew: 564K->62K(576K), 0.0025700 secs]28.589: [Train: 323609K->323609K(323712K), 0.0007280 secs] 324100K->323672K(324288K), 0.0056370 secs]
28.591: [GC 28.593: [DefNew: 564K->62K(576K), 0.0025650 secs]28.595: [Train: 323683K->323683K(323776K), 0.0006470 secs] 324174K->324001K(324352K), 0.0055600 secs]
28.597: [GC 28.599: [DefNew: 569K->45K(576K), 0.0025360 secs]28.601: [Train: 323737K->323737K(323840K), 0.0006860 secs] 324253K->324124K(324416K), 0.0055700 secs]
28.602: [GC 28.604: [DefNew: 556K->22K(576K), 0.0025290 secs]28.607: [Train: 323775K->323775K(323904K), 0.0006530 secs] 324294K->324182K(324480K), 0.0055110 secs]
28.608: [GC 28.610: [DefNew: 534K->52K(576K), 0.0024980 secs]28.613: [Train: 323775K->323775K(323904K), 0.0006700 secs] 324309K->324212K(324480K), 0.0055110 secs]
28.614: [GC 28.616: [DefNew: 560K->36K(576K), 0.0025160 secs]28.618: [Train: 323798K->323800K(323968K), 0.0007030 secs] 324335K->324220K(324544K), 0.0055510 secs]
28.619: [GC 28.621: [DefNew: 547K->45K(576K), 0.0025260 secs]28.624: [Train: 323820K->323818K(323968K), 0.0006740 secs] 324347K->324248K(324544K), 0.0055280 secs]
28.625: [GC 28.627: [DefNew: 553K->36K(576K), 0.0025140 secs]28.630: [Train: 323836K->323836K(323968K), 0.0006690 secs] 324371K->324256K(324544K), 0.0055250 secs]
28.631: [GC 28.633: [DefNew: 547K->45K(576K), 0.0025240 secs]28.635: [Train: 323856K->323856K(323968K), 0.0006870 secs] 324383K->324243K(324544K), 0.0055370 secs]
28.636: [GC 28.639: [DefNew: 556K->42K(576K), 0.0025070 secs]28.641: [Train: 323872K->323872K(323968K), 0.0006810 secs] 324412K->324170K(324544K), 0.0055270 secs]
28.642: [GC 28.644: [DefNew: 549K->58K(576K), 0.0025390 secs]28.647: [Train: 323893K->323893K(324032K), 0.0007160 secs] 324422K->323952K(324608K), 0.0055910 secs]
28.648: [GC 28.650: [DefNew: 561K->62K(576K), 0.0025590 secs]28.653: [Train: 323964K->323964K(324096K), 0.0007000 secs] 324455K->324026K(324672K), 0.0056280 secs]
28.654: [GC 28.656: [DefNew: 564K->62K(576K), 0.0025790 secs] 324528K->324100K(324672K), 0.0049160 secs]
28.660: [GC 28.662: [DefNew: 564K->62K(576K), 0.0025720 secs]28.664: [Train: 324112K->324113K(324288K), 0.0006950 secs] 324602K->324176K(324864K), 0.0056000 secs]
28.666: [GC 28.668: [DefNew: 564K->62K(576K), 0.0025820 secs]28.670: [Train: 324187K->324185K(324288K), 0.0006910 secs] 324678K->324504K(324864K), 0.0056280 secs]
28.672: [GC 28.674: [DefNew: 569K->36K(576K), 0.0025450 secs]28.676: [Train: 324249K->324249K(324352K), 0.0006740 secs] 324755K->324627K(324928K), 0.0055660 secs]
28.677: [GC 28.679: [DefNew: 546K->32K(576K), 0.0025410 secs]28.682: [Train: 324287K->324287K(324416K), 0.0006620 secs] 324796K->324704K(324992K), 0.0055440 secs]
28.683: [GC 28.685: [DefNew: 543K->19K(576K), 0.0025140 secs]28.688: [Train: 324310K->324312K(324480K), 0.0007050 secs] 324831K->324716K(325056K), 0.0055560 secs]
28.689: [GC 28.691: [DefNew: 530K->49K(576K), 0.0025040 secs]28.693: [Train: 324312K->324310K(324480K), 0.0006610 secs] 324843K->324743K(325056K), 0.0055030 secs]
28.694: [GC 28.697: [DefNew: 557K->36K(576K), 0.0025280 secs]28.699: [Train: 324330K->324330K(324480K), 0.0006300 secs] 324867K->324750K(325056K), 0.0055070 secs]
28.700: [GC 28.702: [DefNew: 547K->45K(576K), 0.0025190 secs]28.705: [Train: 324351K->324351K(324480K), 0.0006480 secs] 324877K->324781K(325056K), 0.0055040 secs]
28.706: [GC 28.708: [DefNew: 553K->36K(576K), 0.0025150 secs]28.710: [Train: 324368K->324368K(324480K), 0.0006550 secs] 324905K->324745K(325056K), 0.0055160 secs]
28.711: [GC 28.713: [DefNew: 546K->49K(576K), 0.0025290 secs]28.716: [Train: 324389K->324389K(324544K), 0.0006760 secs] 324915K->324694K(325120K), 0.0055360 secs]
28.717: [GC 28.719: [DefNew: 559K->49K(576K), 0.0025310 secs]28.722: [Train: 324428K->324428K(324544K), 0.0006940 secs] 324949K->324477K(325120K), 0.0055760 secs]
28.723: [GC 28.725: [DefNew: 551K->62K(576K), 0.0025610 secs]28.728: [Train: 324489K->324489K(324608K), 0.0006850 secs] 324980K->324551K(325184K), 0.0056040 secs]
28.729: [GC 28.731: [DefNew: 564K->62K(576K), 0.0025730 secs] 325054K->324625K(325184K), 0.0049320 secs]
28.735: [GC 28.737: [DefNew: 564K->62K(576K), 0.0025860 secs]28.739: [Train: 324638K->324638K(324800K), 0.0007010 secs] 325127K->324701K(325376K), 0.0056170 secs]
28.741: [GC 28.743: [DefNew: 564K->62K(576K), 0.0025620 secs]28.745: [Train: 324712K->324710K(324800K), 0.0006630 secs] 325203K->325029K(325376K), 0.0055990 secs]
28.746: [GC 28.749: [DefNew: 569K->45K(576K), 0.0025490 secs]28.751: [Train: 324765K->324765K(324864K), 0.0006820 secs] 325280K->325152K(325440K), 0.0055780 secs]
28.752: [GC 28.754: [DefNew: 556K->22K(576K), 0.0025520 secs]28.757: [Train: 324802K->324802K(324928K), 0.0006460 secs] 325321K->325209K(325504K), 0.0055560 secs]
28.758: [GC 28.760: [DefNew: 534K->52K(576K), 0.0025120 secs]28.763: [Train: 324802K->324802K(324928K), 0.0006440 secs] 325337K->325239K(325504K), 0.0054880 secs]
28.764: [GC 28.766: [DefNew: 560K->36K(576K), 0.0025150 secs]28.768: [Train: 324825K->324825K(324928K), 0.0006650 secs] 325363K->325245K(325504K), 0.0055260 secs]
28.769: [GC 28.771: [DefNew: 547K->45K(576K), 0.0025350 secs]28.774: [Train: 324847K->324847K(324992K), 0.0006840 secs] 325373K->325277K(325568K), 0.0055600 secs]
28.775: [GC 28.777: [DefNew: 553K->36K(576K), 0.0025270 secs]28.780: [Train: 324863K->324863K(324992K), 0.0006750 secs] 325401K->325283K(325568K), 0.0055340 secs]
28.781: [GC 28.783: [DefNew: 547K->45K(576K), 0.0025340 secs]28.785: [Train: 324885K->324883K(324992K), 0.0006700 secs] 325410K->325270K(325568K), 0.0055400 secs]
28.786: [GC 28.789: [DefNew: 556K->42K(576K), 0.0025310 secs]28.791: [Train: 324899K->324901K(325056K), 0.0006660 secs] 325440K->325200K(325632K), 0.0055330 secs]
28.792: [GC 28.794: [DefNew: 549K->58K(576K), 0.0025240 secs]28.797: [Train: 324921K->324921K(325056K), 0.0006540 secs] 325451K->324980K(325632K), 0.0055310 secs]
28.798: [GC 28.800: [DefNew: 561K->62K(576K), 0.0025790 secs]28.803: [Train: 324991K->324991K(325120K), 0.0006730 secs] 325482K->325053K(325696K), 0.0056100 secs]
28.804: [GC 28.806: [DefNew: 564K->62K(576K), 0.0025680 secs] 325556K->325127K(325696K), 0.0049200 secs]
28.810: [GC 28.812: [DefNew: 564K->62K(576K), 0.0026030 secs]28.814: [Train: 325139K->325139K(325248K), 0.0006720 secs] 325630K->325201K(325824K), 0.0056180 secs]
28.816: [GC 28.818: [DefNew: 564K->62K(576K), 0.0025790 secs]28.820: [Train: 325214K->325214K(325376K), 0.0006630 secs] 325703K->325533K(325952K), 0.0056100 secs]
28.821: [GC 28.824: [DefNew: 569K->36K(576K), 0.0025640 secs]28.826: [Train: 325278K->325278K(325440K), 0.0006490 secs] 325784K->325656K(326016K), 0.0055740 secs]
28.827: [GC 28.829: [DefNew: 546K->32K(576K), 0.0025340 secs]28.832: [Train: 325314K->325314K(325440K), 0.0006590 secs] 325825K->325731K(326016K), 0.0055340 secs]
28.833: [GC 28.835: [DefNew: 543K->19K(576K), 0.0025240 secs]28.838: [Train: 325339K->325339K(325504K), 0.0006780 secs] 325858K->325743K(326080K), 0.0055490 secs]
28.839: [GC 28.841: [DefNew: 530K->49K(576K), 0.0025160 secs]28.843: [Train: 325339K->325339K(325504K), 0.0006450 secs] 325870K->325772K(326080K), 0.0054980 secs]
28.844: [GC 28.846: [DefNew: 557K->36K(576K), 0.0025250 secs]28.849: [Train: 325359K->325359K(325504K), 0.0007030 secs] 325896K->325779K(326080K), 0.0055700 secs]
28.850: [GC 28.852: [DefNew: 547K->45K(576K), 0.0025300 secs]28.855: [Train: 325378K->325378K(325504K), 0.0006410 secs] 325906K->325808K(326080K), 0.0055150 secs]
28.856: [GC 28.858: [DefNew: 553K->36K(576K), 0.0025230 secs]28.860: [Train: 325395K->325395K(325504K), 0.0006610 secs] 325932K->325772K(326080K), 0.0055270 secs]
28.861: [GC 28.864: [DefNew: 546K->49K(576K), 0.0025360 secs]28.866: [Train: 325416K->325416K(325568K), 0.0007020 secs] 325942K->325721K(326144K), 0.0055930 secs]
28.867: [GC 28.869: [DefNew: 559K->49K(576K), 0.0025500 secs]28.872: [Train: 325457K->325456K(325568K), 0.0006650 secs] 325976K->325505K(326144K), 0.0055640 secs]
28.873: [GC 28.875: [DefNew: 551K->62K(576K), 0.0025750 secs]28.878: [Train: 325516K->325518K(325696K), 0.0006890 secs] 326007K->325580K(326272K), 0.0056430 secs]
28.879: [GC 28.881: [DefNew: 564K->62K(576K), 0.0025810 secs] 326083K->325654K(326272K), 0.0049290 secs]
28.885: [GC 28.887: [DefNew: 564K->62K(576K), 0.0025850 secs]28.889: [Train: 325666K->325666K(325824K), 0.0007010 secs] 326156K->325728K(326400K), 0.0056450 secs]
28.891: [GC 28.893: [DefNew: 564K->62K(576K), 0.0025790 secs]28.896: [Train: 325740K->325738K(325824K), 0.0006860 secs] 326230K->326056K(326400K), 0.0056380 secs]
28.897: [GC 28.899: [DefNew: 569K->45K(576K), 0.0025560 secs]28.901: [Train: 325792K->325794K(325952K), 0.0006930 secs] 326307K->326181K(326528K), 0.0056170 secs]
28.902: [GC 28.905: [DefNew: 556K->22K(576K), 0.0025460 secs]28.907: [Train: 325832K->325830K(325952K), 0.0006940 secs] 326350K->326237K(326528K), 0.0055870 secs]
28.908: [GC 28.910: [DefNew: 534K->52K(576K), 0.0025120 secs]28.913: [Train: 325830K->325832K(326016K), 0.0006890 secs] 326364K->326268K(326592K), 0.0055730 secs]
28.914: [GC 28.916: [DefNew: 560K->36K(576K), 0.0025310 secs]28.919: [Train: 325854K->325853K(326016K), 0.0006760 secs] 326392K->326273K(326592K), 0.0055490 secs]
28.920: [GC 28.922: [DefNew: 547K->45K(576K), 0.0025330 secs]28.924: [Train: 325874K->325874K(326016K), 0.0006650 secs] 326400K->326304K(326592K), 0.0055540 secs]
28.925: [GC 28.927: [DefNew: 553K->36K(576K), 0.0025280 secs]28.930: [Train: 325890K->325890K(326016K), 0.0006440 secs] 326428K->326310K(326592K), 0.0055200 secs]
28.931: [GC 28.933: [DefNew: 547K->45K(576K), 0.0025490 secs]28.936: [Train: 325912K->325910K(326016K), 0.0006350 secs] 326438K->326297K(326592K), 0.0055260 secs]
28.937: [GC 28.939: [DefNew: 556K->42K(576K), 0.0025250 secs]28.941: [Train: 325926K->325928K(326080K), 0.0006630 secs] 326467K->326227K(326656K), 0.0055390 secs]
28.942: [GC 28.945: [DefNew: 549K->58K(576K), 0.0025460 secs]28.947: [Train: 325948K->325948K(326080K), 0.0006610 secs] 326478K->326007K(326656K), 0.0055510 secs]
28.948: [GC 28.951: [DefNew: 561K->62K(576K), 0.0025750 secs]28.953: [Train: 326018K->326018K(326144K), 0.0006840 secs] 326509K->326081K(326720K), 0.0056330 secs]
28.955: [GC 28.957: [DefNew: 564K->62K(576K), 0.0025880 secs] 326583K->326154K(326720K), 0.0049440 secs]
28.960: [GC 28.962: [DefNew: 564K->62K(576K), 0.0025820 secs]28.965: [Train: 326166K->326166K(326272K), 0.0006640 secs] 326657K->326228K(326848K), 0.0055970 secs]
28.966: [GC 28.968: [DefNew: 564K->62K(576K), 0.0026080 secs]28.971: [Train: 326242K->326242K(326400K), 0.0006500 secs] 326731K->326560K(326976K), 0.0056270 secs]
28.972: [GC 28.974: [DefNew: 569K->36K(576K), 0.0025560 secs]28.977: [Train: 326306K->326306K(326464K), 0.0006520 secs] 326811K->326683K(327040K), 0.0055780 secs]
28.978: [GC 28.980: [DefNew: 546K->32K(576K), 0.0025540 secs]28.982: [Train: 326342K->326342K(326464K), 0.0006430 secs] 326853K->326758K(327040K), 0.0055520 secs]
28.983: [GC 28.986: [DefNew: 543K->19K(576K), 0.0025340 secs]28.988: [Train: 326365K->326365K(326464K), 0.0006710 secs] 326886K->326768K(327040K), 0.0055530 secs]
28.989: [GC 28.991: [DefNew: 530K->49K(576K), 0.0025310 secs]28.994: [Train: 326365K->326365K(326464K), 0.0006450 secs] 326896K->326798K(327040K), 0.0055260 secs]
28.995: [GC 28.997: [DefNew: 557K->36K(576K), 0.0025400 secs]28.999: [Train: 326386K->326386K(326528K), 0.0006670 secs] 326922K->326806K(327104K), 0.0055480 secs]
29.000: [GC 29.003: [DefNew: 547K->45K(576K), 0.0025330 secs]29.005: [Train: 326406K->326406K(326528K), 0.0007110 secs] 326933K->326836K(327104K), 0.0055970 secs]
29.006: [GC 29.008: [DefNew: 553K->36K(576K), 0.0025310 secs]29.011: [Train: 326422K->326422K(326528K), 0.0006520 secs] 326959K->326799K(327104K), 0.0055310 secs]
29.012: [GC 29.014: [DefNew: 546K->49K(576K), 0.0025390 secs]29.017: [Train: 326444K->326442K(326528K), 0.0006710 secs] 326969K->326747K(327104K), 0.0055620 secs]
29.018: [GC 29.020: [DefNew: 559K->49K(576K), 0.0025600 secs]29.022: [Train: 326483K->326485K(326656K), 0.0007240 secs] 327001K->326534K(327232K), 0.0056410 secs]
29.024: [GC 29.026: [DefNew: 551K->62K(576K), 0.0025830 secs]29.029: [Train: 326545K->326545K(326720K), 0.0007050 secs] 327036K->326607K(327296K), 0.0056690 secs]
29.030: [GC 29.032: [DefNew: 564K->62K(576K), 0.0026030 secs] 327110K->326681K(327296K), 0.0049660 secs]
29.035: [GC 29.038: [DefNew: 564K->62K(576K), 0.0026030 secs]29.040: [Train: 326693K->326693K(326848K), 0.0007180 secs] 327184K->326755K(327424K), 0.0056710 secs]
29.041: [GC 29.044: [DefNew: 564K->62K(576K), 0.0026020 secs]29.046: [Train: 326767K->326767K(326912K), 0.0006950 secs] 327258K->327085K(327488K), 0.0056880 secs]
29.047: [GC 29.050: [DefNew: 569K->45K(576K), 0.0025670 secs]29.052: [Train: 326819K->326821K(326976K), 0.0007290 secs] 327336K->327208K(327552K), 0.0056580 secs]
29.053: [GC 29.055: [DefNew: 556K->22K(576K), 0.0025520 secs]29.058: [Train: 326857K->326857K(326976K), 0.0006580 secs] 327378K->327264K(327552K), 0.0055870 secs]
29.059: [GC 29.061: [DefNew: 534K->52K(576K), 0.0025380 secs]29.064: [Train: 326857K->326857K(326976K), 0.0007160 secs] 327391K->327293K(327552K), 0.0056040 secs]
29.065: [GC 29.067: [DefNew: 560K->36K(576K), 0.0025450 secs]29.070: [Train: 326882K->326882K(327040K), 0.0007070 secs] 327417K->327302K(327616K), 0.0056200 secs]
29.071: [GC 29.073: [DefNew: 547K->45K(576K), 0.0025430 secs]29.075: [Train: 326901K->326901K(327040K), 0.0006480 secs] 327429K->327331K(327616K), 0.0055400 secs]
29.076: [GC 29.078: [DefNew: 553K->36K(576K), 0.0025400 secs]29.081: [Train: 326920K->326920K(327104K), 0.0006470 secs] 327455K->327340K(327680K), 0.0055580 secs]
29.082: [GC 29.084: [DefNew: 547K->45K(576K), 0.0025420 secs]29.087: [Train: 326939K->326939K(327104K), 0.0007030 secs] 327467K->327326K(327680K), 0.0055990 secs]
29.088: [GC 29.090: [DefNew: 556K->42K(576K), 0.0025350 secs]29.092: [Train: 326956K->326956K(327104K), 0.0006520 secs] 327496K->327254K(327680K), 0.0055600 secs]
29.094: [GC 29.096: [DefNew: 549K->58K(576K), 0.0025450 secs]29.098: [Train: 326975K->326975K(327104K), 0.0006630 secs] 327505K->327034K(327680K), 0.0055710 secs]
29.100: [GC 29.102: [DefNew: 561K->62K(576K), 0.0025780 secs]29.104: [Train: 327046K->327046K(327168K), 0.0006640 secs] 327536K->327108K(327744K), 0.0056380 secs]
29.106: [GC 29.108: [DefNew: 564K->62K(576K), 0.0025910 secs] 327610K->327182K(327744K), 0.0049540 secs]
29.111: [GC 29.113: [DefNew: 564K->62K(576K), 0.0026110 secs]29.116: [Train: 327193K->327193K(327296K), 0.0006810 secs] 327684K->327256K(327872K), 0.0056460 secs]
29.117: [GC 29.119: [DefNew: 564K->62K(576K), 0.0026040 secs]29.122: [Train: 327269K->327269K(327424K), 0.0006960 secs] 327758K->327587K(328000K), 0.0056840 secs]
29.123: [GC 29.125: [DefNew: 569K->36K(576K), 0.0025830 secs]29.128: [Train: 327333K->327333K(327488K), 0.0006940 secs] 327838K->327710K(328064K), 0.0056500 secs]
29.129: [GC 29.131: [DefNew: 546K->32K(576K), 0.0025480 secs]29.134: [Train: 327369K->327369K(327488K), 0.0006470 secs] 327880K->327786K(328064K), 0.0055630 secs]
29.135: [GC 29.137: [DefNew: 543K->19K(576K), 0.0025550 secs]29.139: [Train: 327394K->327394K(327552K), 0.0006560 secs] 327913K->327797K(328128K), 0.0055680 secs]
29.140: [GC 29.143: [DefNew: 530K->49K(576K), 0.0025260 secs]29.145: [Train: 327394K->327394K(327552K), 0.0006560 secs] 327925K->327827K(328128K), 0.0055400 secs]
29.146: [GC 29.148: [DefNew: 557K->36K(576K), 0.0025480 secs]29.151: [Train: 327413K->327413K(327552K), 0.0006730 secs] 327951K->327833K(328128K), 0.0055760 secs]
29.152: [GC 29.154: [DefNew: 547K->45K(576K), 0.0025460 secs]29.157: [Train: 327435K->327433K(327552K), 0.0006590 secs] 327961K->327863K(328128K), 0.0055660 secs]
29.158: [GC 29.160: [DefNew: 553K->36K(576K), 0.0025470 secs]29.162: [Train: 327449K->327449K(327552K), 0.0006400 secs] 327987K->327827K(328128K), 0.0055450 secs]
29.163: [GC 29.165: [DefNew: 546K->49K(576K), 0.0025520 secs]29.168: [Train: 327471K->327471K(327616K), 0.0006500 secs] 327996K->327776K(328192K), 0.0055660 secs]
29.169: [GC 29.171: [DefNew: 559K->49K(576K), 0.0025630 secs]29.174: [Train: 327510K->327512K(327680K), 0.0007050 secs] 328030K->327561K(328256K), 0.0056330 secs]
29.175: [GC 29.177: [DefNew: 551K->62K(576K), 0.0025920 secs]29.180: [Train: 327573K->327571K(327680K), 0.0006600 secs] 328063K->327633K(328256K), 0.0056330 secs]
29.181: [GC 29.183: [DefNew: 564K->62K(576K), 0.0026040 secs] 328135K->327707K(328256K), 0.0049700 secs]
29.187: [GC 29.189: [DefNew: 564K->62K(576K), 0.0026090 secs]29.191: [Train: 327718K->327720K(327872K), 0.0006900 secs] 328209K->327782K(328448K), 0.0056540 secs]
29.193: [GC 29.195: [DefNew: 564K->62K(576K), 0.0025890 secs]29.198: [Train: 327794K->327794K(327936K), 0.0006800 secs] 328285K->328112K(328512K), 0.0056570 secs]
29.199: [GC 29.201: [DefNew: 569K->45K(576K), 0.0025760 secs]29.203: [Train: 327848K->327848K(328000K), 0.0006470 secs] 328363K->328235K(328576K), 0.0055890 secs]
29.204: [GC 29.207: [DefNew: 556K->22K(576K), 0.0025460 secs]29.209: [Train: 327884K->327884K(328000K), 0.0006750 secs] 328405K->328291K(328576K), 0.0055880 secs]
29.210: [GC 29.212: [DefNew: 534K->52K(576K), 0.0025360 secs]29.215: [Train: 327884K->327884K(328000K), 0.0006890 secs] 328418K->328321K(328576K), 0.0055850 secs]
29.216: [GC 29.218: [DefNew: 560K->36K(576K), 0.0025420 secs]29.221: [Train: 327907K->327907K(328000K), 0.0006310 secs] 328445K->328327K(328576K), 0.0055320 secs]
29.222: [GC 29.224: [DefNew: 547K->45K(576K), 0.0025530 secs]29.226: [Train: 327929K->327929K(328064K), 0.0006870 secs] 328454K->328358K(328640K), 0.0056080 secs]
29.227: [GC 29.230: [DefNew: 553K->36K(576K), 0.0025430 secs]29.232: [Train: 327945K->327945K(328064K), 0.0006460 secs] 328482K->328365K(328640K), 0.0055480 secs]
29.233: [GC 29.235: [DefNew: 547K->45K(576K), 0.0025470 secs]29.238: [Train: 327965K->327965K(328064K), 0.0007030 secs] 328492K->328352K(328640K), 0.0056180 secs]
29.239: [GC 29.241: [DefNew: 556K->42K(576K), 0.0025530 secs]29.244: [Train: 327983K->327983K(328128K), 0.0006690 secs] 328521K->328281K(328704K), 0.0055800 secs]
29.245: [GC 29.247: [DefNew: 549K->58K(576K), 0.0025450 secs]29.249: [Train: 328002K->328002K(328128K), 0.0006830 secs] 328533K->328061K(328704K), 0.0056070 secs]
29.251: [GC 29.253: [DefNew: 561K->62K(576K), 0.0025900 secs]29.256: [Train: 328073K->328073K(328192K), 0.0007000 secs] 328564K->328135K(328768K), 0.0056740 secs]
29.257: [GC 29.259: [DefNew: 564K->62K(576K), 0.0026070 secs] 328638K->328211K(328832K), 0.0049970 secs]
29.262: [GC 29.264: [DefNew: 564K->62K(576K), 0.0026080 secs]29.267: [Train: 328222K->328221K(328320K), 0.0006750 secs] 328713K->328283K(328896K), 0.0056420 secs]
29.268: [GC 29.271: [DefNew: 564K->62K(576K), 0.0026040 secs]29.273: [Train: 328296K->328294K(328384K), 0.0007410 secs] 328785K->328613K(328960K), 0.0057510 secs]
29.275: [GC 29.277: [DefNew: 569K->36K(576K), 0.0028260 secs]29.280: [Train: 328358K->328360K(328512K), 0.0008800 secs] 328864K->328738K(329088K), 0.0065760 secs]
29.282: [GC 29.284: [DefNew: 546K->32K(576K), 0.0027510 secs]29.287: [Train: 328396K->328396K(328512K), 0.0009390 secs] 328907K->328813K(329088K), 0.0062070 secs]
29.288: [GC 29.291: [DefNew: 543K->19K(576K), 0.0025940 secs]29.293: [Train: 328419K->328421K(328576K), 0.0007470 secs] 328940K->328825K(329152K), 0.0058520 secs]
29.294: [GC 29.296: [DefNew: 530K->49K(576K), 0.0025510 secs]29.299: [Train: 328421K->328421K(328576K), 0.0007110 secs] 328952K->328854K(329152K), 0.0056480 secs]
29.300: [GC 29.302: [DefNew: 557K->36K(576K), 0.0025620 secs]29.305: [Train: 328441K->328441K(328576K), 0.0006670 secs] 328978K->328861K(329152K), 0.0056390 secs]
29.306: [GC 29.308: [DefNew: 547K->45K(576K), 0.0025560 secs]29.311: [Train: 328460K->328460K(328576K), 0.0007140 secs] 328988K->328890K(329152K), 0.0056450 secs]
29.312: [GC 29.314: [DefNew: 553K->36K(576K), 0.0027540 secs]29.317: [Train: 328477K->328478K(328640K), 0.0007400 secs] 329014K->328856K(329216K), 0.0059390 secs]
29.318: [GC 29.320: [DefNew: 546K->49K(576K), 0.0025830 secs]29.323: [Train: 328498K->328496K(328640K), 0.0006880 secs] 329025K->328801K(329216K), 0.0056810 secs]
29.324: [GC 29.326: [DefNew: 559K->49K(576K), 0.0025760 secs]29.329: [Train: 328537K->328537K(328640K), 0.0006420 secs] 329056K->328586K(329216K), 0.0056080 secs]
29.330: [GC 29.332: [DefNew: 551K->62K(576K), 0.0026690 secs]29.335: [Train: 328598K->328598K(328704K), 0.0006820 secs] 329089K->328660K(329280K), 0.0057540 secs]
29.336: [GC 29.338: [DefNew: 564K->62K(576K), 0.0026040 secs] 329163K->328734K(329280K), 0.0050050 secs]
29.341: [GC 29.344: [DefNew: 564K->62K(576K), 0.0026840 secs]29.346: [Train: 328746K->328748K(328896K), 0.0008010 secs] 329236K->328810K(329472K), 0.0059610 secs]
29.348: [GC 29.350: [DefNew: 564K->62K(576K), 0.0026910 secs]29.353: [Train: 328821K->328821K(328960K), 0.0007380 secs] 329312K->329140K(329536K), 0.0061830 secs]
29.354: [GC 29.357: [DefNew: 569K->45K(576K), 0.0026020 secs]29.359: [Train: 328876K->328876K(329024K), 0.0007290 secs] 329391K->329263K(329600K), 0.0057300 secs]
29.360: [GC 29.362: [DefNew: 556K->22K(576K), 0.0025820 secs]29.365: [Train: 328912K->328912K(329024K), 0.0006640 secs] 329432K->329318K(329600K), 0.0056320 secs]
29.366: [GC 29.368: [DefNew: 534K->52K(576K), 0.0025450 secs]29.371: [Train: 328912K->328913K(329088K), 0.0006850 secs] 329446K->329350K(329664K), 0.0056040 secs]
29.372: [GC 29.374: [DefNew: 560K->36K(576K), 0.0025510 secs]29.377: [Train: 328936K->328936K(329088K), 0.0006620 secs] 329474K->329356K(329664K), 0.0055880 secs]
29.378: [GC 29.380: [DefNew: 547K->45K(576K), 0.0025650 secs]29.382: [Train: 328958K->328956K(329088K), 0.0006790 secs] 329483K->329386K(329664K), 0.0056260 secs]
29.383: [GC 29.386: [DefNew: 553K->36K(576K), 0.0025530 secs]29.388: [Train: 328972K->328972K(329088K), 0.0006520 secs] 329510K->329392K(329664K), 0.0055750 secs]
29.389: [GC 29.391: [DefNew: 547K->45K(576K), 0.0025670 secs]29.394: [Train: 328994K->328994K(329152K), 0.0006840 secs] 329520K->329423K(329728K), 0.0056340 secs]
29.395: [GC 29.397: [DefNew: 553K->36K(576K), 0.0025540 secs]29.400: [Train: 329010K->329008K(329152K), 0.0007100 secs] 329547K->329386K(329728K), 0.0056350 secs]
29.401: [GC 29.403: [DefNew: 546K->49K(576K), 0.0025640 secs]29.405: [Train: 329030K->329030K(329152K), 0.0006910 secs] 329555K->329335K(329728K), 0.0056420 secs]
29.407: [GC 29.409: [DefNew: 559K->49K(576K), 0.0025820 secs]29.411: [Train: 329071K->329071K(329216K), 0.0006860 secs] 329589K->329120K(329792K), 0.0056470 secs]
29.413: [GC 29.415: [DefNew: 551K->62K(576K), 0.0026080 secs]29.417: [Train: 329132K->329130K(329216K), 0.0006920 secs] 329622K->329192K(329792K), 0.0057180 secs]
29.419: [GC 29.421: [DefNew: 564K->62K(576K), 0.0026280 secs] 329694K->329268K(329856K), 0.0050090 secs]
29.424: [GC 29.426: [DefNew: 564K->62K(576K), 0.0026220 secs]29.429: [Train: 329279K->329279K(329408K), 0.0006940 secs] 329770K->329341K(329984K), 0.0057010 secs]
29.430: [GC 29.433: [DefNew: 564K->62K(576K), 0.0026180 secs]29.435: [Train: 329353K->329355K(329536K), 0.0007110 secs] 329844K->329673K(330112K), 0.0057260 secs]
29.436: [GC 29.439: [DefNew: 569K->45K(576K), 0.0025810 secs]29.441: [Train: 329407K->329407K(329536K), 0.0006810 secs] 329924K->329794K(330112K), 0.0056630 secs]
29.442: [GC 29.444: [DefNew: 556K->22K(576K), 0.0025720 secs]29.447: [Train: 329443K->329445K(329600K), 0.0006940 secs] 329964K->329852K(330176K), 0.0056430 secs]
29.448: [GC 29.450: [DefNew: 534K->52K(576K), 0.0025410 secs]29.453: [Train: 329445K->329445K(329600K), 0.0006500 secs] 329979K->329881K(330176K), 0.0055800 secs]
29.454: [GC 29.456: [DefNew: 560K->36K(576K), 0.0025600 secs]29.459: [Train: 329468K->329468K(329600K), 0.0006600 secs] 330005K->329888K(330176K), 0.0055960 secs]
29.460: [GC 29.462: [DefNew: 547K->45K(576K), 0.0025580 secs]29.464: [Train: 329488K->329488K(329600K), 0.0006520 secs] 330015K->329917K(330176K), 0.0055970 secs]
29.465: [GC 29.467: [DefNew: 553K->36K(576K), 0.0025630 secs]29.470: [Train: 329506K->329506K(329664K), 0.0006550 secs] 330041K->329926K(330240K), 0.0056000 secs]
29.471: [GC 29.473: [DefNew: 547K->45K(576K), 0.0025790 secs]29.476: [Train: 329525K->329525K(329664K), 0.0006870 secs] 330053K->329912K(330240K), 0.0056380 secs]
29.477: [GC 29.479: [DefNew: 556K->42K(576K), 0.0025630 secs]29.482: [Train: 329544K->329542K(329664K), 0.0006750 secs] 330082K->329840K(330240K), 0.0056240 secs]
29.483: [GC 29.485: [DefNew: 549K->58K(576K), 0.0025770 secs]29.487: [Train: 329561K->329563K(329728K), 0.0007290 secs] 330091K->329622K(330304K), 0.0056870 secs]
29.489: [GC 29.491: [DefNew: 561K->62K(576K), 0.0026130 secs]29.494: [Train: 329634K->329632K(329728K), 0.0006890 secs] 330124K->329694K(330304K), 0.0057120 secs]
29.495: [GC 29.497: [DefNew: 564K->62K(576K), 0.0026440 secs] 330196K->329770K(330368K), 0.0050300 secs]
29.500: [GC 29.503: [DefNew: 564K->62K(576K), 0.0027050 secs]29.505: [Train: 329781K->329781K(329920K), 0.0007100 secs] 330272K->329844K(330496K), 0.0057980 secs]
29.507: [GC 29.509: [DefNew: 564K->62K(576K), 0.0026400 secs]29.512: [Train: 329855K->329857K(330048K), 0.0006920 secs] 330346K->330175K(330624K), 0.0057460 secs]
29.513: [GC 29.515: [DefNew: 569K->36K(576K), 0.0026740 secs]29.518: [Train: 329921K->329919K(330048K), 0.0007350 secs] 330426K->330297K(330624K), 0.0058670 secs]
29.519: [GC 29.521: [DefNew: 546K->32K(576K), 0.0026030 secs]29.524: [Train: 329957K->329957K(330112K), 0.0007090 secs] 330466K->330374K(330688K), 0.0057160 secs]
29.525: [GC 29.527: [DefNew: 543K->19K(576K), 0.0025580 secs]29.529: [Train: 329980K->329980K(330112K), 0.0006760 secs] 330501K->330384K(330688K), 0.0056270 secs]
29.530: [GC 29.533: [DefNew: 530K->49K(576K), 0.0025620 secs]29.535: [Train: 329980K->329980K(330112K), 0.0007010 secs] 330511K->330413K(330688K), 0.0056410 secs]
29.536: [GC 29.538: [DefNew: 557K->36K(576K), 0.0025640 secs]29.541: [Train: 330001K->330000K(330112K), 0.0006840 secs] 330537K->330420K(330688K), 0.0056350 secs]
29.542: [GC 29.544: [DefNew: 547K->45K(576K), 0.0025760 secs]29.547: [Train: 330019K->330021K(330176K), 0.0006770 secs] 330547K->330451K(330752K), 0.0056290 secs]
29.548: [GC 29.550: [DefNew: 553K->36K(576K), 0.0025530 secs]29.553: [Train: 330037K->330037K(330176K), 0.0006800 secs] 330575K->330415K(330752K), 0.0056160 secs]
29.554: [GC 29.556: [DefNew: 546K->49K(576K), 0.0025860 secs]29.558: [Train: 330057K->330057K(330176K), 0.0006790 secs] 330584K->330362K(330752K), 0.0056800 secs]
29.560: [GC 29.562: [DefNew: 559K->49K(576K), 0.0025810 secs]29.564: [Train: 330098K->330098K(330240K), 0.0006700 secs] 330617K->330147K(330816K), 0.0056450 secs]
29.566: [GC 29.568: [DefNew: 551K->62K(576K), 0.0026280 secs]29.571: [Train: 330159K->330159K(330304K), 0.0006990 secs] 330650K->330221K(330880K), 0.0057360 secs]
29.572: [GC 29.574: [DefNew: 564K->62K(576K), 0.0026120 secs] 330723K->330295K(330880K), 0.0050080 secs]
29.577: [GC 29.579: [DefNew: 564K->62K(576K), 0.0026420 secs]29.582: [Train: 330306K->330306K(330432K), 0.0006650 secs] 330797K->330369K(331008K), 0.0056900 secs]
29.583: [GC 29.586: [DefNew: 564K->62K(576K), 0.0026230 secs]29.588: [Train: 330380K->330380K(330496K), 0.0006830 secs] 330871K->330698K(331072K), 0.0057110 secs]
29.589: [GC 29.592: [DefNew: 569K->45K(576K), 0.0026160 secs]29.594: [Train: 330434K->330434K(330560K), 0.0006760 secs] 330950K->330822K(331136K), 0.0056890 secs]
29.595: [GC 29.597: [DefNew: 556K->22K(576K), 0.0025830 secs]29.600: [Train: 330472K->330472K(330624K), 0.0006540 secs] 330991K->330879K(331200K), 0.0056200 secs]
29.601: [GC 29.603: [DefNew: 534K->52K(576K), 0.0025660 secs]29.606: [Train: 330472K->330472K(330624K), 0.0006720 secs] 331006K->330909K(331200K), 0.0056240 secs]
29.607: [GC 29.609: [DefNew: 560K->36K(576K), 0.0025700 secs]29.612: [Train: 330495K->330495K(330624K), 0.0006560 secs] 331033K->330915K(331200K), 0.0056030 secs]
29.613: [GC 29.615: [DefNew: 547K->45K(576K), 0.0025650 secs]29.617: [Train: 330515K->330517K(330688K), 0.0007790 secs] 331042K->330946K(331264K), 0.0057290 secs]
29.618: [GC 29.621: [DefNew: 553K->36K(576K), 0.0025640 secs]29.623: [Train: 330533K->330531K(330688K), 0.0006680 secs] 331070K->330951K(331264K), 0.0056150 secs]
29.624: [GC 29.626: [DefNew: 547K->45K(576K), 0.0025690 secs]29.629: [Train: 330553K->330553K(330688K), 0.0006600 secs] 331078K->330940K(331264K), 0.0056270 secs]
29.630: [GC 29.632: [DefNew: 556K->42K(576K), 0.0025850 secs]29.635: [Train: 330569K->330569K(330688K), 0.0006540 secs] 331109K->330868K(331264K), 0.0056180 secs]
29.636: [GC 29.638: [DefNew: 549K->58K(576K), 0.0025720 secs]29.641: [Train: 330589K->330590K(330752K), 0.0007060 secs] 331119K->330649K(331328K), 0.0056820 secs]
29.642: [GC 29.644: [DefNew: 561K->62K(576K), 0.0026330 secs]29.647: [Train: 330661K->330661K(330816K), 0.0006940 secs] 331152K->330723K(331392K), 0.0057370 secs]
29.648: [GC 29.650: [DefNew: 564K->62K(576K), 0.0026210 secs] 331226K->330797K(331392K), 0.0050290 secs]
29.654: [GC 29.656: [DefNew: 564K->62K(576K), 0.0026510 secs]29.659: [Train: 330809K->330809K(330944K), 0.0007030 secs] 331299K->330871K(331520K), 0.0057600 secs]
29.660: [GC 29.662: [DefNew: 564K->62K(576K), 0.0026210 secs]29.665: [Train: 330882K->330882K(331008K), 0.0007100 secs] 331373K->331201K(331584K), 0.0057730 secs]
29.666: [GC 29.668: [DefNew: 569K->36K(576K), 0.0026140 secs]29.671: [Train: 330946K->330946K(331072K), 0.0006780 secs] 331452K->331324K(331648K), 0.0056890 secs]
29.672: [GC 29.674: [DefNew: 546K->32K(576K), 0.0025830 secs]29.677: [Train: 330984K->330984K(331136K), 0.0006980 secs] 331493K->331401K(331712K), 0.0056790 secs]
29.678: [GC 29.680: [DefNew: 543K->19K(576K), 0.0025810 secs]29.682: [Train: 331007K->331007K(331136K), 0.0006830 secs] 331528K->331411K(331712K), 0.0056510 secs]
29.683: [GC 29.686: [DefNew: 530K->49K(576K), 0.0025520 secs]29.688: [Train: 331007K->331007K(331136K), 0.0006760 secs] 331538K->331440K(331712K), 0.0056170 secs]
29.689: [GC 29.691: [DefNew: 557K->36K(576K), 0.0025780 secs]29.694: [Train: 331029K->331027K(331136K), 0.0006680 secs] 331564K->331447K(331712K), 0.0056440 secs]
29.695: [GC 29.697: [DefNew: 547K->45K(576K), 0.0025720 secs]29.700: [Train: 331046K->331048K(331200K), 0.0006970 secs] 331574K->331478K(331776K), 0.0056470 secs]
29.701: [GC 29.703: [DefNew: 553K->36K(576K), 0.0025640 secs]29.706: [Train: 331065K->331065K(331200K), 0.0006720 secs] 331602K->331442K(331776K), 0.0056390 secs]
29.707: [GC 29.709: [DefNew: 546K->49K(576K), 0.0025800 secs]29.711: [Train: 331086K->331084K(331200K), 0.0006720 secs] 331612K->331389K(331776K), 0.0056350 secs]
29.713: [GC 29.715: [DefNew: 559K->49K(576K), 0.0025860 secs]29.717: [Train: 331125K->331125K(331264K), 0.0006820 secs] 331644K->331174K(331840K), 0.0056730 secs]
29.719: [GC 29.721: [DefNew: 551K->62K(576K), 0.0026140 secs]29.724: [Train: 331186K->331186K(331328K), 0.0006540 secs] 331677K->331248K(331904K), 0.0056750 secs]
29.725: [GC 29.727: [DefNew: 564K->62K(576K), 0.0026140 secs] 331751K->331322K(331904K), 0.0050300 secs]
29.730: [GC 29.732: [DefNew: 564K->62K(576K), 0.0026350 secs]29.735: [Train: 331334K->331334K(331456K), 0.0006780 secs] 331824K->331396K(332032K), 0.0056980 secs]
29.736: [GC 29.739: [DefNew: 564K->62K(576K), 0.0026230 secs]29.741: [Train: 331408K->331408K(331520K), 0.0006870 secs] 331898K->331726K(332096K), 0.0057370 secs]
29.742: [GC 29.745: [DefNew: 569K->45K(576K), 0.0026020 secs]29.747: [Train: 331462K->331462K(331584K), 0.0006860 secs] 331977K->331849K(332160K), 0.0056820 secs]
29.748: [GC 29.750: [DefNew: 556K->22K(576K), 0.0025810 secs]29.753: [Train: 331500K->331500K(331648K), 0.0006770 secs] 332018K->331906K(332224K), 0.0056620 secs]
29.754: [GC 29.756: [DefNew: 534K->52K(576K), 0.0025640 secs]29.759: [Train: 331500K->331500K(331648K), 0.0006710 secs] 332034K->331936K(332224K), 0.0056220 secs]
29.760: [GC 29.762: [DefNew: 560K->36K(576K), 0.0025680 secs]29.765: [Train: 331522K->331522K(331648K), 0.0006560 secs] 332060K->331942K(332224K), 0.0056230 secs]
29.766: [GC 29.768: [DefNew: 547K->45K(576K), 0.0025800 secs]29.770: [Train: 331544K->331542K(331648K), 0.0006610 secs] 332070K->331972K(332224K), 0.0056310 secs]
29.771: [GC 29.774: [DefNew: 553K->36K(576K), 0.0025850 secs]29.776: [Train: 331560K->331560K(331712K), 0.0006570 secs] 332096K->331980K(332288K), 0.0056270 secs]
29.777: [GC 29.779: [DefNew: 547K->45K(576K), 0.0025740 secs]29.782: [Train: 331580K->331580K(331712K), 0.0006840 secs] 332107K->331967K(332288K), 0.0056640 secs]
29.783: [GC 29.785: [DefNew: 556K->42K(576K), 0.0025990 secs]29.788: [Train: 331596K->331596K(331712K), 0.0006570 secs] 332137K->331895K(332288K), 0.0056540 secs]
29.789: [GC 29.791: [DefNew: 549K->58K(576K), 0.0029490 secs]29.794: [Train: 331618K->331618K(331776K), 0.0008910 secs] 332146K->331677K(332352K), 0.0066540 secs]
29.796: [GC 29.799: [DefNew: 561K->62K(576K), 0.0027590 secs]29.802: [Train: 331688K->331688K(331840K), 0.0007880 secs] 332179K->331750K(332416K), 0.0064080 secs]
29.804: [GC 29.807: [DefNew: 564K->62K(576K), 0.0027770 secs] 332253K->331824K(332416K), 0.0055760 secs]
29.810: [GC 29.813: [DefNew: 564K->62K(576K), 0.0026770 secs]29.815: [Train: 331836K->331836K(331968K), 0.0007170 secs] 332327K->331898K(332544K), 0.0058310 secs]
29.817: [GC 29.819: [DefNew: 564K->62K(576K), 0.0027790 secs]29.822: [Train: 331910K->331910K(332032K), 0.0007240 secs] 332400K->332228K(332608K), 0.0062930 secs]
29.823: [GC 29.826: [DefNew: 569K->36K(576K), 0.0030280 secs]29.829: [Train: 331974K->331974K(332096K), 0.0008160 secs] 332479K->332351K(332672K), 0.0066260 secs]
29.830: [GC 29.833: [DefNew: 546K->32K(576K), 0.0027040 secs]29.835: [Train: 332012K->332012K(332160K), 0.0008200 secs] 332521K->332428K(332736K), 0.0060460 secs]
29.836: [GC 29.839: [DefNew: 543K->19K(576K), 0.0025870 secs]29.841: [Train: 332034K->332034K(332160K), 0.0006940 secs] 332555K->332438K(332736K), 0.0057260 secs]
29.842: [GC 29.844: [DefNew: 530K->49K(576K), 0.0026220 secs]29.847: [Train: 332034K->332034K(332160K), 0.0007050 secs] 332565K->332468K(332736K), 0.0057350 secs]
29.848: [GC 29.850: [DefNew: 557K->36K(576K), 0.0025790 secs]29.853: [Train: 332054K->332054K(332160K), 0.0006850 secs] 332591K->332474K(332736K), 0.0056860 secs]
29.854: [GC 29.856: [DefNew: 547K->45K(576K), 0.0026410 secs]29.859: [Train: 332076K->332076K(332224K), 0.0007090 secs] 332601K->332505K(332800K), 0.0057770 secs]
29.860: [GC 29.863: [DefNew: 553K->36K(576K), 0.0025980 secs]29.865: [Train: 332092K->332092K(332224K), 0.0007450 secs] 332629K->332469K(332800K), 0.0058420 secs]
29.866: [GC 29.869: [DefNew: 546K->49K(576K), 0.0026120 secs]29.871: [Train: 332112K->332112K(332224K), 0.0007180 secs] 332639K->332417K(332800K), 0.0057440 secs]
29.872: [GC 29.875: [DefNew: 559K->49K(576K), 0.0029240 secs]29.877: [Train: 332153K->332153K(332288K), 0.0007700 secs] 332671K->332202K(332864K), 0.0061170 secs]
29.879: [GC 29.881: [DefNew: 551K->62K(576K), 0.0026580 secs]29.884: [Train: 332213K->332213K(332352K), 0.0007050 secs] 332704K->332276K(332928K), 0.0058240 secs]
29.885: [GC 29.887: [DefNew: 564K->62K(576K), 0.0026530 secs] 332778K->332349K(332928K), 0.0051030 secs]
29.891: [GC 29.893: [DefNew: 564K->62K(576K), 0.0027440 secs]29.896: [Train: 332361K->332361K(332480K), 0.0007070 secs] 332852K->332423K(333056K), 0.0058730 secs]
29.897: [GC 29.899: [DefNew: 564K->62K(576K), 0.0026450 secs]29.902: [Train: 332435K->332435K(332544K), 0.0007490 secs] 332926K->332753K(333120K), 0.0058330 secs]
29.903: [GC 29.905: [DefNew: 569K->45K(576K), 0.0026360 secs]29.908: [Train: 332489K->332489K(332608K), 0.0007130 secs] 333004K->332876K(333184K), 0.0057720 secs]
29.909: [GC 29.911: [DefNew: 556K->22K(576K), 0.0026080 secs]29.914: [Train: 332527K->332527K(332672K), 0.0006740 secs] 333046K->332934K(333248K), 0.0057080 secs]
29.915: [GC 29.917: [DefNew: 534K->52K(576K), 0.0025930 secs]29.920: [Train: 332527K->332527K(332672K), 0.0006790 secs] 333061K->332963K(333248K), 0.0056890 secs]
29.921: [GC 29.923: [DefNew: 560K->36K(576K), 0.0027890 secs]29.926: [Train: 332550K->332550K(332672K), 0.0009130 secs] 333087K->332970K(333248K), 0.0061360 secs]
29.927: [GC 29.930: [DefNew: 547K->45K(576K), 0.0026540 secs]29.932: [Train: 332571K->332571K(332736K), 0.0006880 secs] 333097K->333001K(333312K), 0.0058870 secs]
29.933: [GC 29.936: [DefNew: 553K->36K(576K), 0.0026290 secs]29.938: [Train: 332588K->332588K(332736K), 0.0007830 secs] 333125K->333008K(333312K), 0.0059530 secs]
29.939: [GC 29.942: [DefNew: 547K->45K(576K), 0.0026160 secs]29.944: [Train: 332607K->332607K(332736K), 0.0006610 secs] 333135K->332994K(333312K), 0.0056950 secs]
29.945: [GC 29.947: [DefNew: 556K->42K(576K), 0.0025980 secs]29.950: [Train: 332624K->332624K(332736K), 0.0008030 secs] 333164K->332922K(333312K), 0.0058140 secs]
29.951: [GC 29.954: [DefNew: 549K->58K(576K), 0.0026320 secs]29.956: [Train: 332645K->332645K(332800K), 0.0007030 secs] 333173K->332704K(333376K), 0.0057890 secs]
29.958: [GC 29.960: [DefNew: 561K->62K(576K), 0.0028150 secs]29.963: [Train: 332716K->332716K(332864K), 0.0007390 secs] 333206K->332778K(333440K), 0.0063310 secs]
29.965: [GC 29.967: [DefNew: 564K->62K(576K), 0.0026660 secs] 333280K->332852K(333440K), 0.0051660 secs]
29.970: [GC 29.972: [DefNew: 564K->62K(576K), 0.0026640 secs]29.975: [Train: 332863K->332863K(332992K), 0.0007330 secs] 333354K->332925K(333568K), 0.0058080 secs]
29.976: [GC 29.979: [DefNew: 564K->62K(576K), 0.0026450 secs]29.981: [Train: 332937K->332937K(333056K), 0.0006950 secs] 333428K->333255K(333632K), 0.0058020 secs]
29.982: [GC 29.985: [DefNew: 569K->36K(576K), 0.0026330 secs]29.987: [Train: 333001K->333001K(333120K), 0.0006680 secs] 333506K->333378K(333696K), 0.0057360 secs]
29.988: [GC 29.991: [DefNew: 546K->32K(576K), 0.0027870 secs]29.993: [Train: 333039K->333039K(333184K), 0.0008500 secs] 333548K->333455K(333760K), 0.0061070 secs]
29.995: [GC 29.997: [DefNew: 543K->19K(576K), 0.0027030 secs]30.000: [Train: 333062K->333062K(333184K), 0.0007130 secs] 333583K->333465K(333760K), 0.0061710 secs]
30.001: [GC 30.003: [DefNew: 530K->49K(576K), 0.0025890 secs]30.006: [Train: 333062K->333062K(333184K), 0.0006940 secs] 333593K->333495K(333760K), 0.0057260 secs]
30.007: [GC 30.009: [DefNew: 557K->36K(576K), 0.0027490 secs]30.012: [Train: 333083K->333083K(333248K), 0.0008190 secs] 333619K->333503K(333824K), 0.0059990 secs]
30.013: [GC 30.015: [DefNew: 547K->45K(576K), 0.0026230 secs]30.018: [Train: 333103K->333103K(333248K), 0.0006850 secs] 333630K->333533K(333824K), 0.0058270 secs]
30.019: [GC 30.021: [DefNew: 553K->36K(576K), 0.0026140 secs]30.024: [Train: 333119K->333119K(333248K), 0.0006690 secs] 333657K->333497K(333824K), 0.0056990 secs]
30.025: [GC 30.027: [DefNew: 546K->49K(576K), 0.0030080 secs]30.030: [Train: 333139K->333139K(333248K), 0.0008090 secs] 333666K->333444K(333824K), 0.0065330 secs]
30.032: [GC 30.034: [DefNew: 559K->49K(576K), 0.0026300 secs]30.037: [Train: 333180K->333180K(333312K), 0.0006960 secs] 333698K->333229K(333888K), 0.0057930 secs]
30.038: [GC 30.041: [DefNew: 551K->62K(576K), 0.0027500 secs]30.043: [Train: 333241K->333241K(333376K), 0.0007750 secs] 333731K->333303K(333952K), 0.0060510 secs]
30.045: [GC 30.047: [DefNew: 564K->62K(576K), 0.0027740 secs] 333805K->333377K(333952K), 0.0055910 secs]
30.051: [GC 30.053: [DefNew: 564K->62K(576K), 0.0027030 secs]30.056: [Train: 333388K->333388K(333504K), 0.0007280 secs] 333879K->333450K(334080K), 0.0058720 secs]
30.057: [GC 30.059: [DefNew: 564K->62K(576K), 0.0028920 secs]30.062: [Train: 333462K->333462K(333568K), 0.0008310 secs] 333953K->333780K(334144K), 0.0061930 secs]
30.064: [GC 30.066: [DefNew: 569K->45K(576K), 0.0027050 secs]30.069: [Train: 333516K->333516K(333632K), 0.0007000 secs] 334031K->333903K(334208K), 0.0061260 secs]
30.070: [GC 30.072: [DefNew: 556K->22K(576K), 0.0026340 secs]30.075: [Train: 333554K->333554K(333696K), 0.0007280 secs] 334073K->333961K(334272K), 0.0058120 secs]
30.076: [GC 30.078: [DefNew: 534K->52K(576K), 0.0026190 secs]30.081: [Train: 333554K->333554K(333696K), 0.0006750 secs] 334088K->333990K(334272K), 0.0058190 secs]
30.082: [GC 30.084: [DefNew: 560K->36K(576K), 0.0026360 secs]30.087: [Train: 333577K->333577K(333696K), 0.0007020 secs] 334114K->333997K(334272K), 0.0057610 secs]
30.088: [GC 30.090: [DefNew: 547K->45K(576K), 0.0026030 secs]30.093: [Train: 333598K->333598K(333760K), 0.0006930 secs] 334124K->334028K(334336K), 0.0057200 secs]
30.094: [GC 30.096: [DefNew: 553K->36K(576K), 0.0028840 secs]30.099: [Train: 333615K->333615K(333760K), 0.0007810 secs] 334152K->334035K(334336K), 0.0062770 secs]
30.100: [GC 30.102: [DefNew: 547K->45K(576K), 0.0026270 secs]30.105: [Train: 333634K->333634K(333760K), 0.0006970 secs] 334162K->334022K(334336K), 0.0058350 secs]
30.106: [GC 30.108: [DefNew: 556K->42K(576K), 0.0026630 secs]30.111: [Train: 333651K->333651K(333760K), 0.0007130 secs] 334191K->333949K(334336K), 0.0058070 secs]
30.112: [GC 30.115: [DefNew: 549K->58K(576K), 0.0026210 secs]30.117: [Train: 333672K->333672K(333824K), 0.0007030 secs] 334201K->333731K(334400K), 0.0057770 secs]
30.119: [GC 30.121: [DefNew: 561K->62K(576K), 0.0026720 secs]30.124: [Train: 333743K->333743K(333888K), 0.0007390 secs] 334234K->333805K(334464K), 0.0058950 secs]
30.125: [GC 30.127: [DefNew: 564K->62K(576K), 0.0027810 secs] 334307K->333879K(334464K), 0.0053600 secs]
30.131: [GC 30.133: [DefNew: 564K->62K(576K), 0.0027390 secs]30.136: [Train: 333890K->333890K(334016K), 0.0007130 secs] 334381K->333953K(334592K), 0.0059340 secs]
30.137: [GC 30.139: [DefNew: 564K->62K(576K), 0.0026670 secs]30.142: [Train: 333964K->333964K(334080K), 0.0007370 secs] 334455K->334282K(334656K), 0.0058650 secs]
30.143: [GC 30.146: [DefNew: 569K->36K(576K), 0.0026550 secs]30.148: [Train: 334028K->334028K(334144K), 0.0006810 secs] 334534K->334406K(334720K), 0.0057810 secs]
30.149: [GC 30.152: [DefNew: 546K->32K(576K), 0.0026380 secs]30.154: [Train: 334066K->334066K(334208K), 0.0006970 secs] 334575K->334483K(334784K), 0.0058310 secs]
30.155: [GC 30.157: [DefNew: 543K->19K(576K), 0.0026380 secs]30.160: [Train: 334089K->334089K(334208K), 0.0006660 secs] 334610K->334493K(334784K), 0.0057430 secs]
30.161: [GC 30.163: [DefNew: 530K->49K(576K), 0.0026390 secs]30.166: [Train: 334089K->334089K(334208K), 0.0006960 secs] 334620K->334522K(334784K), 0.0058660 secs]
30.167: [GC 30.169: [DefNew: 557K->36K(576K), 0.0026330 secs]30.172: [Train: 334110K->334110K(334272K), 0.0007130 secs] 334646K->334530K(334848K), 0.0057790 secs]
30.173: [GC 30.175: [DefNew: 547K->45K(576K), 0.0026200 secs]30.178: [Train: 334130K->334130K(334272K), 0.0006500 secs] 334658K->334560K(334848K), 0.0057640 secs]
30.179: [GC 30.181: [DefNew: 553K->36K(576K), 0.0026630 secs]30.184: [Train: 334146K->334146K(334272K), 0.0007000 secs] 334684K->334524K(334848K), 0.0057840 secs]
30.185: [GC 30.187: [DefNew: 546K->49K(576K), 0.0028150 secs]30.190: [Train: 334166K->334166K(334272K), 0.0007070 secs] 334693K->334471K(334848K), 0.0060410 secs]
30.191: [GC 30.194: [DefNew: 559K->49K(576K), 0.0026590 secs]30.196: [Train: 334207K->334207K(334336K), 0.0007250 secs] 334726K->334256K(334912K), 0.0058570 secs]
30.198: [GC 30.200: [DefNew: 551K->62K(576K), 0.0026650 secs]30.203: [Train: 334268K->334268K(334400K), 0.0006700 secs] 334759K->334330K(334976K), 0.0058680 secs]
30.204: [GC 30.206: [DefNew: 564K->62K(576K), 0.0027010 secs] 334832K->334404K(334976K), 0.0052910 secs]
30.210: [GC 30.212: [DefNew: 564K->62K(576K), 0.0027100 secs]30.215: [Train: 334416K->334416K(334528K), 0.0007540 secs] 334906K->334478K(335104K), 0.0059060 secs]
30.216: [GC 30.218: [DefNew: 564K->62K(576K), 0.0026660 secs]30.221: [Train: 334491K->334491K(334656K), 0.0007220 secs] 334980K->334809K(335232K), 0.0058620 secs]
30.222: [GC 30.224: [DefNew: 569K->45K(576K), 0.0026220 secs]30.227: [Train: 334544K->334544K(334656K), 0.0006790 secs] 335061K->334931K(335232K), 0.0057310 secs]
30.228: [GC 30.230: [DefNew: 556K->22K(576K), 0.0026070 secs]30.233: [Train: 334581K->334581K(334720K), 0.0006540 secs] 335100K->334988K(335296K), 0.0057060 secs]
30.234: [GC 30.236: [DefNew: 534K->52K(576K), 0.0026340 secs]30.239: [Train: 334581K->334581K(334720K), 0.0007150 secs] 335115K->335018K(335296K), 0.0057680 secs]
30.240: [GC 30.242: [DefNew: 560K->36K(576K), 0.0026010 secs]30.245: [Train: 334604K->334604K(334720K), 0.0006750 secs] 335142K->335024K(335296K), 0.0057220 secs]
30.246: [GC 30.248: [DefNew: 547K->45K(576K), 0.0026080 secs]30.251: [Train: 334626K->334626K(334784K), 0.0007050 secs] 335152K->335055K(335360K), 0.0057320 secs]
30.252: [GC 30.254: [DefNew: 553K->36K(576K), 0.0025940 secs]30.257: [Train: 334642K->334642K(334784K), 0.0006940 secs] 335179K->335062K(335360K), 0.0057150 secs]
30.258: [GC 30.260: [DefNew: 547K->45K(576K), 0.0025980 secs]30.262: [Train: 334662K->334662K(334784K), 0.0007070 secs] 335189K->335049K(335360K), 0.0057260 secs]
30.263: [GC 30.266: [DefNew: 556K->42K(576K), 0.0025900 secs]30.268: [Train: 334678K->334678K(334784K), 0.0006850 secs] 335218K->334977K(335360K), 0.0057040 secs]
30.269: [GC 30.272: [DefNew: 549K->58K(576K), 0.0026580 secs]30.274: [Train: 334700K->334700K(334848K), 0.0009880 secs] 335228K->334758K(335424K), 0.0060810 secs]
30.276: [GC 30.278: [DefNew: 561K->62K(576K), 0.0026870 secs]30.281: [Train: 334770K->334770K(334912K), 0.0007240 secs] 335261K->334832K(335488K), 0.0059950 secs]
30.282: [GC 30.285: [DefNew: 564K->62K(576K), 0.0026750 secs] 335335K->334906K(335488K), 0.0051210 secs]
30.288: [GC 30.290: [DefNew: 564K->62K(576K), 0.0026560 secs]30.293: [Train: 334918K->334918K(335040K), 0.0007080 secs] 335408K->334980K(335616K), 0.0058210 secs]
30.294: [GC 30.297: [DefNew: 564K->62K(576K), 0.0026630 secs]30.299: [Train: 334992K->334992K(335104K), 0.0006900 secs] 335482K->335310K(335680K), 0.0058080 secs]
30.300: [GC 30.303: [DefNew: 569K->36K(576K), 0.0026330 secs]30.305: [Train: 335056K->335056K(335168K), 0.0007090 secs] 335561K->335433K(335744K), 0.0058030 secs]
30.306: [GC 30.309: [DefNew: 546K->32K(576K), 0.0026180 secs]30.311: [Train: 335093K->335093K(335232K), 0.0006520 secs] 335603K->335510K(335808K), 0.0056920 secs]
30.312: [GC 30.314: [DefNew: 543K->19K(576K), 0.0025930 secs]30.317: [Train: 335116K->335116K(335232K), 0.0006870 secs] 335637K->335520K(335808K), 0.0057150 secs]
30.318: [GC 30.320: [DefNew: 530K->49K(576K), 0.0025910 secs]30.323: [Train: 335116K->335116K(335232K), 0.0006820 secs] 335647K->335549K(335808K), 0.0056870 secs]
30.324: [GC 30.326: [DefNew: 557K->36K(576K), 0.0026010 secs]30.329: [Train: 335138K->335138K(335296K), 0.0006770 secs] 335673K->335558K(335872K), 0.0057110 secs]
30.330: [GC 30.332: [DefNew: 547K->45K(576K), 0.0026040 secs]30.335: [Train: 335157K->335157K(335296K), 0.0006900 secs] 335685K->335587K(335872K), 0.0057100 secs]
30.336: [GC 30.338: [DefNew: 553K->36K(576K), 0.0025940 secs]30.340: [Train: 335174K->335174K(335296K), 0.0006770 secs] 335711K->335551K(335872K), 0.0057030 secs]
30.341: [GC 30.344: [DefNew: 546K->49K(576K), 0.0026080 secs]30.346: [Train: 335195K->335195K(335360K), 0.0007240 secs] 335721K->335500K(335936K), 0.0057530 secs]
30.347: [GC 30.350: [DefNew: 559K->49K(576K), 0.0026100 secs]30.352: [Train: 335234K->335234K(335360K), 0.0007050 secs] 335755K->335284K(335936K), 0.0057600 secs]
30.354: [GC 30.356: [DefNew: 551K->62K(576K), 0.0026660 secs]30.359: [Train: 335295K->335295K(335424K), 0.0007360 secs] 335786K->335357K(336000K), 0.0059190 secs]
30.360: [GC 30.362: [DefNew: 564K->62K(576K), 0.0026570 secs] 335860K->335431K(336000K), 0.0051180 secs]
30.366: [GC 30.368: [DefNew: 564K->62K(576K), 0.0026680 secs]30.371: [Train: 335443K->335443K(335552K), 0.0007080 secs] 335934K->335505K(336128K), 0.0057900 secs]
30.372: [GC 30.374: [DefNew: 564K->62K(576K), 0.0026650 secs]30.377: [Train: 335518K->335518K(335680K), 0.0007360 secs] 336007K->335837K(336256K), 0.0058650 secs]
30.378: [GC 30.380: [DefNew: 569K->45K(576K), 0.0026340 secs]30.383: [Train: 335571K->335571K(335680K), 0.0007370 secs] 336088K->335958K(336256K), 0.0058010 secs]
30.384: [GC 30.386: [DefNew: 556K->22K(576K), 0.0026160 secs]30.389: [Train: 335609K->335609K(335744K), 0.0007090 secs] 336128K->336016K(336320K), 0.0057740 secs]
30.390: [GC 30.392: [DefNew: 534K->52K(576K), 0.0026600 secs]30.395: [Train: 335609K->335609K(335744K), 0.0007110 secs] 336143K->336045K(336320K), 0.0057960 secs]
30.396: [GC 30.398: [DefNew: 560K->36K(576K), 0.0026060 secs]30.401: [Train: 335632K->335632K(335744K), 0.0006560 secs] 336169K->336052K(336320K), 0.0057280 secs]
30.402: [GC 30.404: [DefNew: 547K->45K(576K), 0.0026240 secs]30.407: [Train: 335653K->335653K(335808K), 0.0006950 secs] 336179K->336083K(336384K), 0.0057390 secs]
30.408: [GC 30.410: [DefNew: 553K->36K(576K), 0.0026020 secs]30.413: [Train: 335669K->335669K(335808K), 0.0006770 secs] 336207K->336089K(336384K), 0.0057260 secs]
30.414: [GC 30.416: [DefNew: 547K->45K(576K), 0.0026060 secs]30.418: [Train: 335689K->335689K(335808K), 0.0006650 secs] 336217K->336119K(336384K), 0.0056970 secs]
30.419: [GC 30.422: [DefNew: 553K->36K(576K), 0.0026030 secs]30.424: [Train: 335707K->335707K(335872K), 0.0006950 secs] 336243K->336085K(336448K), 0.0057300 secs]
30.425: [GC 30.428: [DefNew: 546K->49K(576K), 0.0026120 secs]30.430: [Train: 335727K->335727K(335872K), 0.0006740 secs] 336254K->336032K(336448K), 0.0057180 secs]
30.431: [GC 30.434: [DefNew: 559K->49K(576K), 0.0026310 secs]30.436: [Train: 335766K->335766K(335872K), 0.0006490 secs] 336286K->335815K(336448K), 0.0057050 secs]
30.437: [GC 30.440: [DefNew: 551K->62K(576K), 0.0026500 secs]30.442: [Train: 335827K->335827K(335936K), 0.0007120 secs] 336318K->335889K(336512K), 0.0058120 secs]
30.444: [GC 30.446: [DefNew: 564K->62K(576K), 0.0026660 secs] 336391K->335965K(336576K), 0.0051160 secs]
30.449: [GC 30.452: [DefNew: 564K->62K(576K), 0.0026730 secs]30.454: [Train: 335976K->335976K(336128K), 0.0006750 secs] 336467K->336038K(336704K), 0.0057720 secs]
30.456: [GC 30.458: [DefNew: 564K->62K(576K), 0.0026530 secs]30.460: [Train: 336050K->336050K(336192K), 0.0007080 secs] 336541K->336368K(336768K), 0.0058330 secs]
30.462: [GC 30.464: [DefNew: 569K->45K(576K), 0.0026380 secs]30.467: [Train: 336104K->336104K(336256K), 0.0007270 secs] 336619K->336491K(336832K), 0.0058090 secs]
30.468: [GC 30.470: [DefNew: 556K->22K(576K), 0.0026100 secs]30.472: [Train: 336140K->336140K(336256K), 0.0006790 secs] 336661K->336547K(336832K), 0.0057340 secs]
30.473: [GC 30.476: [DefNew: 534K->52K(576K), 0.0026190 secs]30.478: [Train: 336140K->336140K(336256K), 0.0007050 secs] 336674K->336577K(336832K), 0.0057570 secs]
30.479: [GC 30.482: [DefNew: 560K->36K(576K), 0.0026250 secs]30.484: [Train: 336165K->336165K(336320K), 0.0007330 secs] 336701K->336585K(336896K), 0.0058180 secs]
30.485: [GC 30.488: [DefNew: 547K->45K(576K), 0.0026280 secs]30.490: [Train: 336185K->336185K(336320K), 0.0006910 secs] 336712K->336614K(336896K), 0.0058060 secs]
30.491: [GC 30.494: [DefNew: 553K->36K(576K), 0.0026730 secs]30.496: [Train: 336201K->336201K(336320K), 0.0006970 secs] 336738K->336621K(336896K), 0.0058050 secs]
30.497: [GC 30.500: [DefNew: 547K->45K(576K), 0.0026400 secs]30.502: [Train: 336222K->336222K(336384K), 0.0007250 secs] 336748K->336610K(336960K), 0.0058140 secs]
30.503: [GC 30.506: [DefNew: 556K->42K(576K), 0.0026340 secs]30.508: [Train: 336239K->336239K(336384K), 0.0006810 secs] 336779K->336537K(336960K), 0.0057600 secs]
30.509: [GC 30.512: [DefNew: 549K->58K(576K), 0.0026420 secs]30.514: [Train: 336258K->336258K(336384K), 0.0007180 secs] 336789K->336317K(336960K), 0.0058730 secs]
30.516: [GC 30.518: [DefNew: 561K->62K(576K), 0.0026930 secs]30.521: [Train: 336329K->336329K(336448K), 0.0007030 secs] 336820K->336391K(337024K), 0.0059020 secs]
30.522: [GC 30.524: [DefNew: 564K->62K(576K), 0.0026710 secs] 336894K->336465K(337024K), 0.0051240 secs]
30.528: [GC 30.530: [DefNew: 564K->62K(576K), 0.0026800 secs]30.533: [Train: 336478K->336478K(336640K), 0.0007500 secs] 336967K->336541K(337216K), 0.0058810 secs]
30.534: [GC 30.536: [DefNew: 564K->62K(576K), 0.0026690 secs]30.539: [Train: 336552K->336552K(336704K), 0.0007020 secs] 337043K->336870K(337280K), 0.0058420 secs]
30.540: [GC 30.542: [DefNew: 569K->36K(576K), 0.0026430 secs]30.545: [Train: 336616K->336616K(336768K), 0.0006970 secs] 337122K->336994K(337344K), 0.0058070 secs]
30.546: [GC 30.548: [DefNew: 546K->32K(576K), 0.0026280 secs]30.551: [Train: 336652K->336652K(336768K), 0.0007020 secs] 337163K->337069K(337344K), 0.0057710 secs]
30.552: [GC 30.554: [DefNew: 543K->19K(576K), 0.0026180 secs]30.557: [Train: 336677K->336677K(336832K), 0.0006900 secs] 337196K->337081K(337408K), 0.0057620 secs]
30.558: [GC 30.560: [DefNew: 530K->49K(576K), 0.0026030 secs]30.563: [Train: 336677K->336677K(336832K), 0.0006690 secs] 337208K->337110K(337408K), 0.0057010 secs]
30.564: [GC 30.566: [DefNew: 557K->36K(576K), 0.0026120 secs]30.569: [Train: 336697K->336697K(336832K), 0.0006910 secs] 337234K->337117K(337408K), 0.0057480 secs]
30.570: [GC 30.572: [DefNew: 547K->45K(576K), 0.0026200 secs]30.574: [Train: 336716K->336716K(336832K), 0.0006660 secs] 337244K->337146K(337408K), 0.0057190 secs]
30.575: [GC 30.578: [DefNew: 553K->36K(576K), 0.0026130 secs]30.580: [Train: 336734K->336734K(336896K), 0.0006770 secs] 337270K->337112K(337472K), 0.0057300 secs]
30.581: [GC 30.584: [DefNew: 546K->49K(576K), 0.0026170 secs]30.586: [Train: 336754K->336754K(336896K), 0.0006650 secs] 337281K->337059K(337472K), 0.0057220 secs]
30.587: [GC 30.590: [DefNew: 559K->49K(576K), 0.0026790 secs]30.592: [Train: 336795K->336795K(336960K), 0.0007000 secs] 337314K->336844K(337536K), 0.0058230 secs]
30.594: [GC 30.596: [DefNew: 551K->62K(576K), 0.0026670 secs]30.599: [Train: 336854K->336854K(336960K), 0.0006840 secs] 337347K->336916K(337536K), 0.0058170 secs]
30.600: [GC 30.602: [DefNew: 564K->62K(576K), 0.0026800 secs] 337419K->336992K(337600K), 0.0051330 secs]
30.606: [GC 30.608: [DefNew: 564K->62K(576K), 0.0026820 secs]30.610: [Train: 337004K->337004K(337152K), 0.0006750 secs] 337494K->337066K(337728K), 0.0057980 secs]
30.612: [GC 30.614: [DefNew: 564K->62K(576K), 0.0026720 secs]30.617: [Train: 337077K->337077K(337216K), 0.0007430 secs] 337568K->337396K(337792K), 0.0058970 secs]
30.618: [GC 30.620: [DefNew: 569K->45K(576K), 0.0026510 secs]30.623: [Train: 337132K->337132K(337280K), 0.0006930 secs] 337647K->337519K(337856K), 0.0057910 secs]
30.624: [GC 30.626: [DefNew: 556K->22K(576K), 0.0026230 secs]30.629: [Train: 337168K->337168K(337280K), 0.0006910 secs] 337688K->337574K(337856K), 0.0057750 secs]
30.630: [GC 30.632: [DefNew: 534K->52K(576K), 0.0026090 secs]30.635: [Train: 337168K->337168K(337280K), 0.0006880 secs] 337702K->337604K(337856K), 0.0057340 secs]
30.636: [GC 30.638: [DefNew: 560K->36K(576K), 0.0026290 secs]30.641: [Train: 337192K->337192K(337344K), 0.0006770 secs] 337728K->337612K(337920K), 0.0057700 secs]
30.642: [GC 30.644: [DefNew: 547K->45K(576K), 0.0026230 secs]30.646: [Train: 337212K->337212K(337344K), 0.0006870 secs] 337739K->337642K(337920K), 0.0057490 secs]
30.648: [GC 30.650: [DefNew: 553K->36K(576K), 0.0026140 secs]30.652: [Train: 337228K->337228K(337344K), 0.0006740 secs] 337766K->337648K(337920K), 0.0057360 secs]
30.653: [GC 30.656: [DefNew: 547K->45K(576K), 0.0026330 secs]30.658: [Train: 337250K->337250K(337408K), 0.0007190 secs] 337776K->337637K(337984K), 0.0058030 secs]
30.659: [GC 30.662: [DefNew: 556K->42K(576K), 0.0026360 secs]30.664: [Train: 337266K->337266K(337408K), 0.0006610 secs] 337806K->337565K(337984K), 0.0057350 secs]
30.665: [GC 30.668: [DefNew: 549K->58K(576K), 0.0026300 secs]30.670: [Train: 337286K->337286K(337408K), 0.0006970 secs] 337816K->337345K(337984K), 0.0057690 secs]
30.672: [GC 30.674: [DefNew: 561K->62K(576K), 0.0026730 secs]30.677: [Train: 337356K->337356K(337472K), 0.0006810 secs] 337847K->337418K(338048K), 0.0058370 secs]
30.678: [GC 30.680: [DefNew: 564K->62K(576K), 0.0026820 secs] 337921K->337492K(338048K), 0.0051330 secs]
30.683: [GC 30.686: [DefNew: 564K->62K(576K), 0.0026850 secs]30.688: [Train: 337506K->337506K(337664K), 0.0006790 secs] 337995K->337568K(338240K), 0.0058110 secs]
30.690: [GC 30.692: [DefNew: 564K->62K(576K), 0.0026930 secs]30.695: [Train: 337580K->337580K(337728K), 0.0006890 secs] 338070K->337898K(338304K), 0.0058390 secs]
30.696: [GC 30.698: [DefNew: 569K->36K(576K), 0.0026580 secs]30.701: [Train: 337644K->337644K(337792K), 0.0007030 secs] 338149K->338021K(338368K), 0.0058290 secs]
30.702: [GC 30.704: [DefNew: 546K->32K(576K), 0.0026550 secs]30.707: [Train: 337680K->337680K(337792K), 0.0006690 secs] 338191K->338096K(338368K), 0.0057660 secs]
30.708: [GC 30.710: [DefNew: 543K->19K(576K), 0.0026260 secs]30.713: [Train: 337704K->337704K(337856K), 0.0006850 secs] 338223K->338108K(338432K), 0.0057740 secs]
30.714: [GC 30.716: [DefNew: 530K->49K(576K), 0.0026160 secs]30.719: [Train: 337704K->337704K(337856K), 0.0007100 secs] 338235K->338137K(338432K), 0.0057650 secs]
30.720: [GC 30.722: [DefNew: 557K->36K(576K), 0.0026180 secs]30.725: [Train: 337724K->337724K(337856K), 0.0006720 secs] 338261K->338144K(338432K), 0.0057400 secs]
30.726: [GC 30.728: [DefNew: 547K->45K(576K), 0.0026280 secs]30.730: [Train: 337744K->337744K(337856K), 0.0006770 secs] 338271K->338173K(338432K), 0.0057630 secs]
30.731: [GC 30.734: [DefNew: 553K->36K(576K), 0.0026290 secs]30.736: [Train: 337762K->337762K(337920K), 0.0006740 secs] 338297K->338139K(338496K), 0.0057520 secs]
30.737: [GC 30.740: [DefNew: 546K->49K(576K), 0.0026270 secs]30.742: [Train: 337781K->337781K(337920K), 0.0006830 secs] 338309K->338086K(338496K), 0.0057520 secs]
30.743: [GC 30.746: [DefNew: 559K->49K(576K), 0.0026580 secs]30.748: [Train: 337822K->337822K(337984K), 0.0006790 secs] 338341K->337871K(338560K), 0.0057790 secs]
