0.164: [GC 0.165: [ParNew: 5184K->0K(5248K), 0.0086340 secs] 5184K->841K(10176K), 0.0087240 secs]
0.187: [GC 0.187: [ParNew: 5184K->0K(5248K), 0.0011260 secs] 6025K->1582K(10176K), 0.0011800 secs]
0.194: [GC 0.194: [ParNew: 5182K->0K(5248K), 0.0005900 secs] 6765K->2326K(10176K), 0.0006340 secs]
0.200: [GC 0.200: [ParNew: 5184K->0K(5248K), 0.0006630 secs] 7510K->3072K(10176K), 0.0007080 secs]
0.201: [GC [1 CMS-initial-mark: 3072K(4928K)] 3082K(10176K), 0.0010920 secs]
0.202: [CMS-concurrent-mark-start]
0.209: [CMS-concurrent-mark: 0.007/0.007 secs]
0.209: [CMS-concurrent-preclean-start]
0.209: [CMS-concurrent-preclean: 0.000/0.000 secs]
0.219: [GC[YG occupancy: 2158 K (5248 K)]0.219: [Rescan (parallel) , 0.0039480 secs]0.223: [weak refs processing, 0.0000150 secs] [1 CMS-remark: 3072K(4928K)] 5231K(10176K), 0.0040080 secs]
0.223: [CMS-concurrent-sweep-start]
0.223: [CMS-concurrent-sweep: 0.000/0.000 secs]
0.224: [CMS-concurrent-reset-start]
0.231: [GC 0.231: [ParNew: 5184K->0K(5248K), 0.0008700 secs] 8245K->3808K(10368K), 0.0009160 secs]
0.237: [CMS-concurrent-reset: 0.005/0.014 secs]
0.238: [GC 0.238: [ParNew: 5175K->0K(5248K), 0.0008970 secs] 8983K->4550K(10368K), 0.0009450 secs]
0.248: [GC [1 CMS-initial-mark: 4550K(5120K)] 8260K(10368K), 0.0001820 secs]
0.248: [CMS-concurrent-mark-start]
0.252: [GC 0.252: [ParNew: 5179K->0K(5248K), 0.0009780 secs] 9729K->5303K(10944K), 0.0010250 secs]
0.263: [GC 0.263: [ParNew: 5176K->0K(5248K), 0.0009500 secs] 10479K->6038K(11712K), 0.0009980 secs]
0.269: [CMS-concurrent-mark: 0.010/0.021 secs]
0.269: [CMS-concurrent-preclean-start]
0.275: [GC 0.275: [ParNew: 5184K->0K(5248K), 0.0009580 secs] 11222K->6776K(12480K), 0.0010050 secs]
0.279: [CMS-concurrent-preclean: 0.006/0.010 secs]
0.279: [CMS-concurrent-abortable-preclean-start]
0.282: [GC 0.282: [ParNew: 5174K->0K(5248K), 0.0053130 secs] 11950K->7514K(13056K), 0.0053640 secs]
0.291: [CMS-concurrent-abortable-preclean: 0.000/0.012 secs]
0.295: [GC[YG occupancy: 3509 K (5248 K)]0.295: [Rescan (parallel) , 0.0039540 secs]0.299: [weak refs processing, 0.0000120 secs] [1 CMS-remark: 7514K(7808K)] 11023K(13056K), 0.0040050 secs]
0.299: [CMS-concurrent-sweep-start]
0.299: [CMS-concurrent-sweep: 0.000/0.000 secs]
0.299: [CMS-concurrent-reset-start]
0.301: [GC 0.301: [ParNew: 5183K->0K(5248K), 0.0009060 secs] 12689K->8268K(17760K), 0.0009590 secs]
0.311: [GC 0.311: [ParNew: 5182K->0K(5248K), 0.0009070 secs] 13451K->9009K(17760K), 0.0009540 secs]
0.316: [CMS-concurrent-reset: 0.004/0.017 secs]
0.318: [GC 0.318: [ParNew: 5184K->0K(5248K), 0.0054190 secs] 14193K->9748K(17760K), 0.0054780 secs]
0.331: [GC [1 CMS-initial-mark: 9748K(12512K)] 13139K(17760K), 0.0001390 secs]
0.331: [CMS-concurrent-mark-start]
0.335: [GC 0.335: [ParNew: 5183K->0K(5248K), 0.0006830 secs] 14932K->10489K(17760K), 0.0007280 secs]
0.341: [CMS-concurrent-mark: 0.007/0.010 secs]
0.341: [CMS-concurrent-preclean-start]
0.342: [CMS-concurrent-preclean: 0.000/0.000 secs]
0.342: [CMS-concurrent-abortable-preclean-start]
0.342: [GC 0.342: [ParNew: 5179K->0K(5248K), 0.0049890 secs] 15669K->11228K(17760K), 0.0050440 secs]
0.353: [GC 0.353: [ParNew: 5176K->0K(5248K), 0.0009660 secs] 16404K->12000K(17760K), 0.0010130 secs]
0.364: [GC 0.364: [ParNew: 5182K->0K(5248K), 0.0009890 secs] 17182K->12741K(18336K), 0.0010360 secs]
0.371: [GC 0.371: [ParNew: 5176K->0K(5248K), 0.0052100 secs] 17918K->13480K(19104K), 0.0052560 secs]
0.379: [CMS-concurrent-abortable-preclean: 0.001/0.038 secs]
0.383: [GC[YG occupancy: 2911 K (5248 K)]0.383: [Rescan (parallel) , 0.0039500 secs]0.387: [weak refs processing, 0.0000130 secs] [1 CMS-remark: 13480K(13856K)] 16391K(19104K), 0.0040040 secs]
0.387: [CMS-concurrent-sweep-start]
0.387: [CMS-concurrent-sweep: 0.000/0.000 secs]
0.387: [CMS-concurrent-reset-start]
0.390: [GC 0.390: [ParNew: 5175K->0K(5248K), 0.0009450 secs] 18626K->14188K(27668K), 0.0009980 secs]
0.396: [CMS-concurrent-reset: 0.004/0.009 secs]
0.401: [GC 0.401: [ParNew: 5174K->0K(5248K), 0.0009220 secs] 19362K->14926K(27668K), 0.0009670 secs]
0.407: [GC [1 CMS-initial-mark: 14926K(22420K)] 15879K(27668K), 0.0001090 secs]
0.407: [CMS-concurrent-mark-start]
0.415: [GC 0.415: [ParNew: 5179K->0K(5248K), 0.0013540 secs] 20106K->15664K(27668K), 0.0014140 secs]
0.421: [CMS-concurrent-mark: 0.007/0.014 secs]
0.421: [CMS-concurrent-preclean-start]
0.421: [CMS-concurrent-preclean: 0.000/0.000 secs]
0.421: [CMS-concurrent-abortable-preclean-start]
0.422: [GC 0.423: [ParNew: 5183K->0K(5248K), 0.0008470 secs] 20848K->16403K(27668K), 0.0008970 secs]
0.427: [CMS-concurrent-abortable-preclean: 0.000/0.006 secs]
0.431: [GC[YG occupancy: 3471 K (5248 K)]0.431: [Rescan (parallel) , 0.0039400 secs]0.435: [weak refs processing, 0.0000120 secs] [1 CMS-remark: 16403K(22420K)] 19874K(27668K), 0.0039950 secs]
0.435: [CMS-concurrent-sweep-start]
0.436: [CMS-concurrent-sweep: 0.001/0.001 secs]
0.436: [CMS-concurrent-reset-start]
0.437: [GC 0.437: [ParNew: 5175K->0K(5248K), 0.0006730 secs] 21551K->17114K(32544K), 0.0007200 secs]
0.446: [CMS-concurrent-reset: 0.004/0.010 secs]
0.448: [GC 0.448: [ParNew: 5178K->0K(5248K), 0.0012240 secs] 22292K->17906K(32544K), 0.0012830 secs]
0.455: [GC 0.455: [ParNew: 5178K->0K(5248K), 0.0042840 secs] 23085K->18641K(32544K), 0.0043310 secs]
0.467: [GC [1 CMS-initial-mark: 18641K(27296K)] 22205K(32544K), 0.0001500 secs]
0.467: [CMS-concurrent-mark-start]
0.472: [GC 0.472: [ParNew: 5184K->0K(5248K), 0.0007270 secs] 23825K->19380K(32544K), 0.0007770 secs]
0.477: [CMS-concurrent-mark: 0.007/0.010 secs]
0.477: [CMS-concurrent-preclean-start]
0.478: [CMS-concurrent-preclean: 0.000/0.000 secs]
0.478: [CMS-concurrent-abortable-preclean-start]
0.478: [GC 0.478: [ParNew: 5182K->0K(5248K), 0.0073100 secs] 24562K->20118K(32544K), 0.0073690 secs]
0.492: [GC 0.492: [ParNew: 5175K->0K(5248K), 0.0034190 secs] 25294K->20856K(32544K), 0.0034730 secs]
0.499: [CMS-concurrent-abortable-preclean: 0.001/0.022 secs]
0.503: [GC[YG occupancy: 3837 K (5248 K)]0.503: [Rescan (parallel) , 0.0039530 secs]0.507: [weak refs processing, 0.0000120 secs] [1 CMS-remark: 20856K(27296K)] 24694K(32544K), 0.0040040 secs]
0.507: [CMS-concurrent-sweep-start]
0.508: [CMS-concurrent-sweep: 0.001/0.001 secs]
0.508: [CMS-concurrent-reset-start]
0.509: [GC 0.509: [ParNew: 5183K->0K(5248K), 0.0012370 secs] 25999K->21557K(39944K), 0.0013000 secs]
0.519: [GC 0.519: [ParNew: 5177K->0K(5248K), 0.0007410 secs] 26735K->22296K(39944K), 0.0007870 secs]
0.524: [CMS-concurrent-reset: 0.004/0.016 secs]
0.526: [GC 0.526: [ParNew: 5182K->0K(5248K), 0.0006920 secs] 27479K->23034K(39944K), 0.0007360 secs]
0.532: [GC 0.532: [ParNew: 5179K->0K(5248K), 0.0012400 secs] 28214K->23776K(39944K), 0.0012950 secs]
0.539: [GC 0.540: [ParNew: 5180K->0K(5248K), 0.0007460 secs] 28956K->24517K(39944K), 0.0007930 secs]
0.546: [GC 0.546: [ParNew: 5176K->0K(5248K), 0.0007080 secs] 29693K->25255K(39944K), 0.0007520 secs]
0.555: [GC [1 CMS-initial-mark: 25255K(34696K)] 29022K(39944K), 0.0002540 secs]
0.555: [CMS-concurrent-mark-start]
0.560: [GC 0.560: [ParNew: 5179K->0K(5248K), 0.0013170 secs] 30435K->26075K(39944K), 0.0013760 secs]
0.564: [CMS-concurrent-mark: 0.007/0.009 secs]
0.564: [CMS-concurrent-preclean-start]
0.565: [CMS-concurrent-preclean: 0.001/0.001 secs]
0.565: [CMS-concurrent-abortable-preclean-start]
0.568: [GC 0.568: [ParNew: 5175K->0K(5248K), 0.0007620 secs] 31250K->26813K(39944K), 0.0008080 secs]
0.602: [GC 0.602: [ParNew: 5178K->0K(5248K), 0.0007170 secs] 31991K->27554K(39944K), 0.0007610 secs]
0.607: [CMS-concurrent-abortable-preclean: 0.001/0.043 secs]
0.607: [GC[YG occupancy: 3936 K (5248 K)]0.607: [Rescan (parallel) , 0.0002770 secs]0.608: [weak refs processing, 0.0000130 secs] [1 CMS-remark: 27554K(34696K)] 31491K(39944K), 0.0003300 secs]
0.608: [CMS-concurrent-sweep-start]
0.608: [CMS-concurrent-sweep: 0.001/0.001 secs]
0.608: [CMS-concurrent-reset-start]
0.613: [GC 0.613: [ParNew: 5175K->0K(5248K), 0.0097420 secs] 32670K->28232K(51076K), 0.0097960 secs]
0.624: [CMS-concurrent-reset: 0.006/0.016 secs]
0.631: [GC 0.631: [ParNew: 5177K->0K(5248K), 0.0122370 secs] 33410K->28974K(51076K), 0.0122660 secs]
0.655: [GC 0.655: [ParNew: 5174K->0K(5248K), 0.0040440 secs] 34148K->29712K(51076K), 0.0041000 secs]
0.667: [GC 0.667: [ParNew: 5180K->0K(5248K), 0.0040260 secs] 34893K->30454K(51076K), 0.0040580 secs]
0.677: [GC 0.678: [ParNew: 5174K->0K(5248K), 0.0133950 secs] 35629K->31192K(51076K), 0.0134710 secs]
0.703: [GC 0.703: [ParNew: 5178K->0K(5248K), 0.0039720 secs] 36370K->31933K(51076K), 0.0040020 secs]
0.715: [GC 0.715: [ParNew: 5174K->0K(5248K), 0.0119780 secs] 37108K->32672K(51076K), 0.0120060 secs]
0.735: [GC 0.735: [ParNew: 5178K->0K(5248K), 0.0039700 secs] 37851K->33413K(51076K), 0.0040010 secs]
0.747: [GC 0.747: [ParNew: 5175K->0K(5248K), 0.0080990 secs] 38588K->34152K(51076K), 0.0081280 secs]
0.768: [GC 0.768: [ParNew: 5181K->0K(5248K), 0.0006410 secs] 39333K->34893K(51076K), 0.0006840 secs]
0.775: [GC 0.775: [ParNew: 5183K->0K(5248K), 0.0043890 secs] 40077K->35631K(51076K), 0.0044630 secs]
0.785: [GC 0.785: [ParNew: 5178K->0K(5248K), 0.0062840 secs] 40810K->36373K(51076K), 0.0063320 secs]
0.797: [GC 0.797: [ParNew: 5181K->0K(5248K), 0.0063870 secs] 41554K->37115K(51076K), 0.0064200 secs]
0.807: [GC [1 CMS-initial-mark: 37115K(45828K)] 37124K(51076K), 0.0000560 secs]
0.807: [CMS-concurrent-mark-start]
0.813: [GC 0.813: [ParNew: 5175K->0K(5248K), 0.0062250 secs] 42290K->37853K(51076K), 0.0062740 secs]
0.821: [CMS-concurrent-mark: 0.014/0.014 secs]
0.821: [CMS-concurrent-preclean-start]
0.821: [CMS-concurrent-preclean: 0.000/0.000 secs]
0.827: [GC[YG occupancy: 1836 K (5248 K)]0.827: [Rescan (parallel) , 0.0039800 secs]0.831: [weak refs processing, 0.0000100 secs] [1 CMS-remark: 37853K(45828K)] 39689K(51076K), 0.0040270 secs]
0.831: [CMS-concurrent-sweep-start]
0.833: [CMS-concurrent-sweep: 0.002/0.002 secs]
0.833: [CMS-concurrent-reset-start]
0.835: [GC 0.835: [ParNew: 5177K->0K(5248K), 0.0115060 secs] 43030K->38711K(68340K), 0.0115970 secs]
0.849: [CMS-concurrent-reset: 0.004/0.016 secs]
0.857: [GC 0.857: [ParNew: 5174K->0K(5248K), 0.0060520 secs] 43885K->39449K(68340K), 0.0061360 secs]
0.871: [GC 0.871: [ParNew: 5177K->0K(5248K), 0.0039910 secs] 44627K->40191K(68340K), 0.0040460 secs]
0.880: [GC 0.881: [ParNew: 5174K->0K(5248K), 0.0076720 secs] 45365K->40929K(68340K), 0.0077050 secs]
0.894: [GC 0.894: [ParNew: 5178K->0K(5248K), 0.0053470 secs] 46108K->41671K(68340K), 0.0053770 secs]
0.904: [GC 0.904: [ParNew: 5175K->0K(5248K), 0.0066050 secs] 46846K->42409K(68340K), 0.0066510 secs]
0.916: [GC 0.917: [ParNew: 5181K->0K(5248K), 0.0104120 secs] 47591K->43150K(68340K), 0.0104460 secs]
0.932: [GC 0.932: [ParNew: 5183K->0K(5248K), 0.0031440 secs] 48334K->43889K(68340K), 0.0031770 secs]
0.941: [GC 0.941: [ParNew: 5178K->0K(5248K), 0.0013060 secs] 49067K->44630K(68340K), 0.0013650 secs]
0.953: [GC 0.953: [ParNew: 5181K->0K(5248K), 0.0018940 secs] 49811K->45372K(68340K), 0.0019450 secs]
0.962: [GC 0.962: [ParNew: 5175K->0K(5248K), 0.0098680 secs] 50547K->46110K(68340K), 0.0099440 secs]
0.978: [GC 0.978: [ParNew: 5182K->0K(5248K), 0.0047130 secs] 51292K->46852K(68340K), 0.0047640 secs]
0.989: [GC 0.989: [ParNew: 5175K->0K(5248K), 0.0062250 secs] 52027K->47590K(68340K), 0.0062740 secs]
1.001: [GC 1.001: [ParNew: 5177K->0K(5248K), 0.0014180 secs] 52768K->48332K(68340K), 0.0014790 secs]
1.008: [GC 1.009: [ParNew: 5175K->0K(5248K), 0.0009030 secs] 53507K->49070K(68340K), 0.0009500 secs]
1.015: [GC 1.015: [ParNew: 5178K->0K(5248K), 0.0009080 secs] 54248K->49811K(68340K), 0.0009530 secs]
1.022: [GC 1.022: [ParNew: 5174K->0K(5248K), 0.0014630 secs] 54986K->50550K(68340K), 0.0015210 secs]
1.029: [GC 1.029: [ParNew: 5179K->0K(5248K), 0.0009110 secs] 55730K->51291K(68340K), 0.0009590 secs]
1.036: [GC 1.036: [ParNew: 5175K->0K(5248K), 0.0008990 secs] 56467K->52030K(68340K), 0.0009430 secs]
1.043: [GC 1.043: [ParNew: 5177K->0K(5248K), 0.0017110 secs] 57207K->52771K(68340K), 0.0017690 secs]
1.055: [GC [1 CMS-initial-mark: 52771K(63092K)] 54879K(68340K), 0.0001290 secs]
1.055: [CMS-concurrent-mark-start]
1.061: [GC 1.061: [ParNew: 5176K->0K(5248K), 0.0010260 secs] 57948K->53509K(68340K), 0.0010800 secs]
1.069: [CMS-concurrent-mark: 0.008/0.014 secs]
1.069: [CMS-concurrent-preclean-start]
1.070: [CMS-concurrent-preclean: 0.000/0.000 secs]
1.070: [CMS-concurrent-abortable-preclean-start]
1.072: [GC 1.072: [ParNew: 5178K->0K(5248K), 0.0010500 secs] 58688K->54251K(68340K), 0.0010980 secs]
1.079: [GC 1.079: [ParNew: 5174K->0K(5248K), 0.0163670 secs] 59425K->54989K(68340K), 0.0164300 secs]
1.115: [GC 1.115: [ParNew: 5179K->0K(5248K), 0.0078840 secs] 60169K->55731K(68340K), 0.0079410 secs]
1.127: [CMS-concurrent-abortable-preclean: 0.001/0.058 secs]
1.135: [GC[YG occupancy: 4037 K (5248 K)]1.135: [Rescan (parallel) , 0.0160050 secs]1.151: [weak refs processing, 0.0000150 secs] [1 CMS-remark: 55731K(63092K)] 59769K(68340K), 0.0160650 secs]
1.151: [CMS-concurrent-sweep-start]
1.155: [GC 1.155: [ParNew: 5177K->0K(5248K), 0.0119290 secs] 60818K->56378K(68340K), 0.0119990 secs]
1.168: [CMS-concurrent-sweep: 0.002/0.017 secs]
1.173: [CMS-concurrent-reset-start]
1.177: [GC 1.177: [ParNew: 5177K->0K(5248K), 0.0217080 secs] 61556K->57120K(99216K), 0.0218340 secs]
1.204: [CMS-concurrent-reset: 0.005/0.030 secs]
1.211: [GC 1.211: [ParNew: 6136K->0K(6208K), 0.0118820 secs] 63256K->58171K(100176K), 0.0119330 secs]
1.235: [GC 1.235: [ParNew: 6141K->0K(6208K), 0.0118890 secs] 64312K->59050K(100176K), 0.0119390 secs]
1.259: [GC 1.259: [ParNew: 6138K->0K(6208K), 0.0038880 secs] 65189K->59926K(100176K), 0.0039370 secs]
1.275: [GC 1.275: [ParNew: 6141K->0K(6208K), 0.0039110 secs] 66067K->60806K(100176K), 0.0039560 secs]
1.291: [GC 1.291: [ParNew: 6138K->0K(6208K), 0.0039080 secs] 66944K->61682K(100176K), 0.0039550 secs]
1.307: [GC 1.307: [ParNew: 6144K->0K(6208K), 0.0079250 secs] 67826K->62561K(100176K), 0.0079770 secs]
1.324: [GC 1.324: [ParNew: 6139K->0K(6208K), 0.0035770 secs] 68700K->63437K(100176K), 0.0036620 secs]
1.339: [GC 1.339: [ParNew: 6143K->0K(6208K), 0.0041700 secs] 69580K->64316K(100176K), 0.0042080 secs]
1.354: [GC 1.354: [ParNew: 6138K->0K(6208K), 0.0092920 secs] 70455K->65193K(100176K), 0.0093460 secs]
1.379: [GC 1.379: [ParNew: 6144K->0K(6208K), 0.0010110 secs] 71337K->66072K(100176K), 0.0010460 secs]
1.391: [GC 1.391: [ParNew: 6143K->0K(6208K), 0.0016150 secs] 72215K->66948K(100176K), 0.0016610 secs]
1.402: [GC 1.402: [ParNew: 6142K->0K(6208K), 0.0023560 secs] 73090K->67827K(100176K), 0.0023940 secs]
1.414: [GC 1.414: [ParNew: 6138K->0K(6208K), 0.0014650 secs] 73966K->68704K(100176K), 0.0015150 secs]
1.426: [GC 1.426: [ParNew: 6142K->0K(6208K), 0.0062410 secs] 74846K->69583K(100176K), 0.0062830 secs]
1.442: [GC 1.442: [ParNew: 6139K->0K(6208K), 0.0013560 secs] 75722K->70459K(100176K), 0.0013880 secs]
1.454: [GC 1.454: [ParNew: 6141K->0K(6208K), 0.0013730 secs] 76601K->71338K(100176K), 0.0014160 secs]
1.462: [GC 1.462: [ParNew: 6138K->0K(6208K), 0.0012670 secs] 77477K->72214K(100176K), 0.0012990 secs]
1.474: [GC 1.474: [ParNew: 6144K->0K(6208K), 0.0013990 secs] 78358K->73094K(100176K), 0.0014450 secs]
1.486: [GC 1.486: [ParNew: 6139K->0K(6208K), 0.0020970 secs] 79233K->73970K(100176K), 0.0021300 secs]
1.498: [GC 1.498: [ParNew: 6141K->0K(6208K), 0.0014920 secs] 80111K->74849K(100176K), 0.0015420 secs]
1.510: [GC 1.510: [ParNew: 6138K->0K(6208K), 0.0066840 secs] 80988K->75725K(100176K), 0.0067210 secs]
1.526: [GC 1.526: [ParNew: 6143K->0K(6208K), 0.0015630 secs] 81869K->76605K(100176K), 0.0015960 secs]
1.538: [GC 1.538: [ParNew: 6139K->0K(6208K), 0.0014290 secs] 82744K->77481K(100176K), 0.0014740 secs]
1.550: [GC 1.550: [ParNew: 6142K->0K(6208K), 0.0015140 secs] 83624K->78360K(100176K), 0.0015470 secs]
1.558: [GC 1.558: [ParNew: 6138K->0K(6208K), 0.0017720 secs] 84499K->79236K(100176K), 0.0018260 secs]
1.576: [GC 1.576: [ParNew: 6141K->0K(6208K), 0.0185070 secs] 85378K->80116K(100176K), 0.0185600 secs]
1.602: [GC 1.602: [ParNew: 6138K->0K(6208K), 0.0090010 secs] 86254K->80992K(100176K), 0.0090480 secs]
1.631: [GC 1.631: [ParNew: 6143K->0K(6208K), 0.0158730 secs] 87135K->81871K(100176K), 0.0159130 secs]
1.654: [GC 1.654: [ParNew: 6139K->0K(6208K), 0.0069290 secs] 88010K->82747K(100176K), 0.0069790 secs]
1.676: [GC 1.676: [ParNew: 6142K->0K(6208K), 0.0058050 secs] 88889K->83627K(100176K), 0.0058560 secs]
1.689: [GC 1.689: [ParNew: 6138K->0K(6208K), 0.0121110 secs] 89765K->84503K(100176K), 0.0121700 secs]
1.707: [GC [1 CMS-initial-mark: 84503K(93968K)] 86463K(100176K), 0.0001140 secs]
1.707: [CMS-concurrent-mark-start]
1.727: [GC 1.727: [ParNew: 6141K->0K(6208K), 0.0158970 secs] 90644K->85382K(100176K), 0.0159450 secs]
1.744: [CMS-concurrent-mark: 0.017/0.037 secs]
1.744: [CMS-concurrent-preclean-start]
1.745: [CMS-concurrent-preclean: 0.000/0.001 secs]
1.755: [GC[YG occupancy: 1584 K (6208 K)]1.755: [Rescan (parallel) , 0.0079700 secs]1.763: [weak refs processing, 0.0000120 secs] [1 CMS-remark: 85382K(93968K)] 86967K(100176K), 0.0080280 secs]
1.763: [CMS-concurrent-sweep-start]
1.766: [CMS-concurrent-sweep: 0.003/0.003 secs]
1.767: [CMS-concurrent-reset-start]
1.774: [GC 1.774: [ParNew: 6143K->0K(6208K), 0.0050780 secs] 91390K->86122K(148288K), 0.0051610 secs]
1.784: [CMS-concurrent-reset: 0.008/0.017 secs]
1.794: [GC 1.794: [ParNew: 9406K->0K(9472K), 0.0056580 secs] 95529K->87728K(151552K), 0.0057210 secs]
1.819: [GC 1.819: [ParNew: 9401K->0K(9472K), 0.0077270 secs] 97130K->89073K(151552K), 0.0077800 secs]
1.842: [GC 1.842: [ParNew: 9401K->0K(9472K), 0.0048010 secs] 98474K->90418K(151552K), 0.0048490 secs]
1.858: [GC 1.858: [ParNew: 9398K->0K(9472K), 0.0085610 secs] 99817K->91760K(151552K), 0.0086400 secs]
1.878: [GC 1.878: [ParNew: 9402K->0K(9472K), 0.0047900 secs] 101163K->93106K(151552K), 0.0048430 secs]
1.894: [GC 1.894: [ParNew: 9398K->0K(9472K), 0.0086820 secs] 102504K->94448K(151552K), 0.0087720 secs]
1.914: [GC 1.914: [ParNew: 9402K->0K(9472K), 0.0128030 secs] 103850K->95793K(151552K), 0.0128660 secs]
1.946: [GC 1.946: [ParNew: 9398K->0K(9472K), 0.0090010 secs] 105192K->97135K(151552K), 0.0090460 secs]
1.979: [GC 1.979: [ParNew: 9402K->0K(9472K), 0.0119680 secs] 106537K->98480K(151552K), 0.0119960 secs]
2.007: [GC 2.007: [ParNew: 9407K->0K(9472K), 0.0119750 secs] 107888K->99823K(151552K), 0.0120050 secs]
2.035: [GC 2.035: [ParNew: 9401K->0K(9472K), 0.0079700 secs] 109224K->101168K(151552K), 0.0079970 secs]
2.059: [GC 2.059: [ParNew: 9402K->0K(9472K), 0.0080050 secs] 110570K->102513K(151552K), 0.0080340 secs]
2.083: [GC 2.083: [ParNew: 9401K->0K(9472K), 0.0079780 secs] 111915K->103855K(151552K), 0.0080050 secs]
2.107: [GC 2.107: [ParNew: 9401K->0K(9472K), 0.0079720 secs] 113257K->105200K(151552K), 0.0080000 secs]
2.131: [GC 2.131: [ParNew: 9401K->0K(9472K), 0.0079760 secs] 114602K->106543K(151552K), 0.0080040 secs]
2.163: [GC 2.163: [ParNew: 9401K->0K(9472K), 0.0079760 secs] 115944K->107888K(151552K), 0.0080030 secs]
2.191: [GC 2.191: [ParNew: 9401K->0K(9472K), 0.0079690 secs] 117289K->109230K(151552K), 0.0079960 secs]
2.215: [GC 2.215: [ParNew: 9401K->0K(9472K), 0.0159770 secs] 118631K->110575K(151552K), 0.0160050 secs]
2.243: [GC 2.243: [ParNew: 9401K->0K(9472K), 0.0120330 secs] 119977K->111917K(151552K), 0.0121070 secs]
2.267: [GC 2.267: [ParNew: 9401K->0K(9472K), 0.0078880 secs] 121319K->113263K(151552K), 0.0079440 secs]
2.290: [GC 2.290: [ParNew: 9401K->0K(9472K), 0.0127680 secs] 122664K->114605K(151552K), 0.0128350 secs]
2.323: [GC 2.323: [ParNew: 9401K->0K(9472K), 0.0119880 secs] 124006K->115950K(151552K), 0.0120210 secs]
2.355: [GC 2.355: [ParNew: 9401K->0K(9472K), 0.0079820 secs] 125351K->117292K(151552K), 0.0080130 secs]
2.383: [GC 2.383: [ParNew: 9401K->0K(9472K), 0.0119730 secs] 126693K->118637K(151552K), 0.0120000 secs]
2.411: [GC 2.411: [ParNew: 9401K->0K(9472K), 0.0079730 secs] 128039K->119979K(151552K), 0.0080010 secs]
2.434: [GC 2.434: [ParNew: 9401K->0K(9472K), 0.0053620 secs] 129381K->121325K(151552K), 0.0054300 secs]
2.458: [GC 2.458: [ParNew: 9401K->0K(9472K), 0.0044750 secs] 130726K->122667K(151552K), 0.0045500 secs]
2.478: [GC 2.478: [ParNew: 9401K->0K(9472K), 0.0088730 secs] 132068K->124012K(151552K), 0.0089570 secs]
2.498: [GC 2.498: [ParNew: 9401K->0K(9472K), 0.0052280 secs] 133413K->125354K(151552K), 0.0053010 secs]
2.518: [GC 2.518: [ParNew: 9401K->0K(9472K), 0.0125990 secs] 134756K->126699K(151552K), 0.0126780 secs]
2.542: [GC 2.542: [ParNew: 9401K->0K(9472K), 0.0168600 secs] 136101K->128041K(151552K), 0.0169360 secs]
2.567: [GC [1 CMS-initial-mark: 128041K(142080K)] 131531K(151552K), 0.0001030 secs]
2.567: [CMS-concurrent-mark-start]
2.591: [GC 2.591: [ParNew: 9149K->0K(9472K), 0.0279040 secs] 137191K->129350K(151552K), 0.0279930 secs]
2.626: [CMS-concurrent-mark: 0.024/0.059 secs]
2.626: [CMS-concurrent-preclean-start]
2.626: [CMS-concurrent-preclean: 0.001/0.001 secs]
2.626: [CMS-concurrent-abortable-preclean-start]
2.641: [GC 2.641: [ParNew: 9398K->0K(9472K), 0.0214320 secs] 138749K->131087K(151552K), 0.0214760 secs]
2.691: [GC 2.691: [ParNew: 9401K->0K(9472K), 0.0158750 secs] 140488K->132432K(151552K), 0.0159260 secs]
2.727: [GC 2.727: [ParNew: 9399K->0K(9472K), 0.0118050 secs] 141831K->133774K(151552K), 0.0118930 secs]
2.763: [GC 2.763: [ParNew: 9401K->0K(9472K), 0.0119960 secs] 143175K->135119K(151552K), 0.0120690 secs]
2.790: [GC 2.790: [ParNew: 9402K->0K(9472K), 0.0131880 secs] 144522K->136461K(151552K), 0.0132770 secs]
2.819: [GC 2.819: [ParNew: 9402K->0K(9472K), 0.0040450 secs] 145864K->137807K(151552K), 0.0040910 secs]
2.839: [GC 2.839: [ParNew: 9402K->0K(9472K), 0.0119930 secs] 147209K->139149K(151552K), 0.0120500 secs]
2.867: [GC 2.867: [ParNew: 9402K->0K(9472K), 0.0159670 secs] 148551K->140494K(151552K), 0.0160010 secs]
2.898: [GC 2.898: [ParNew: 9402K->0K(9472K), 0.0091520 secs] 149897K->141836K(151744K), 0.0091980 secs]
2.922: [GC 2.922: [ParNew: 9402K->0K(9472K), 0.0090460 secs] 151239K->143181K(153088K), 0.0090930 secs]
2.951: [GC 2.951: [ParNew: 9467K->0K(9536K), 0.0160120 secs] 152649K->144533K(154496K), 0.0160680 secs]
2.989: [GC 2.989: [ParNew: 9595K->0K(9664K), 0.0139950 secs] 154129K->145905K(155968K), 0.0140860 secs]
3.023: [GC 3.023: [ParNew: 9654K->0K(9728K), 0.0202850 secs] 155559K->147288K(157376K), 0.0203720 secs]
3.059: [GC 3.059: [ParNew: 9719K->0K(9792K), 0.0119720 secs] 157008K->148676K(158784K), 0.0120410 secs]
3.091: [GC 3.091: [ParNew: 9847K->0K(9920K), 0.0083550 secs] 158524K->150084K(160448K), 0.0084350 secs]
3.114: [GC 3.114: [ParNew: 9916K->0K(9984K), 0.0164380 secs] 160000K->151501K(161856K), 0.0165120 secs]
3.155: [GC 3.155: [ParNew: 10043K->0K(10112K), 0.0119780 secs] 161545K->152938K(163520K), 0.0120470 secs]
3.187: [GC 3.187: [ParNew: 10109K->0K(10176K), 0.0118880 secs] 163048K->154382K(164928K), 0.0119700 secs]
3.215: [GC 3.215: [ParNew: 10238K->0K(10304K), 0.0118750 secs] 164620K->155846K(166592K), 0.0119440 secs]
3.247: [GC 3.247: [ParNew: 10297K->0K(10368K), 0.0157950 secs] 166143K->157319K(168192K), 0.0158750 secs]
3.287: [GC 3.287: [ParNew: 10430K->0K(10496K), 0.0119130 secs] 167749K->158809K(169856K), 0.0120070 secs]
3.323: [GC 3.323: [ParNew: 10553K->0K(10624K), 0.0120240 secs] 169363K->160318K(171520K), 0.0121050 secs]
3.367: [GC 3.367: [ParNew: 10615K->0K(10688K), 0.0159250 secs] 170934K->161834K(173120K), 0.0159790 secs]
3.407: [GC 3.407: [ParNew: 10742K->0K(10816K), 0.0119840 secs] 172577K->163370K(174784K), 0.0120210 secs]
3.443: [GC 3.443: [ParNew: 10811K->0K(10880K), 0.0113880 secs] 174181K->164915K(176384K), 0.0114490 secs]
3.479: [GC 3.479: [ParNew: 10940K->0K(11008K), 0.0115660 secs] 175856K->166480K(178048K), 0.0116160 secs]
3.511: [GC 3.511: [ParNew: 11064K->0K(11136K), 0.0159640 secs] 177544K->168062K(179712K), 0.0160050 secs]
3.547: [GC 3.547: [ParNew: 11133K->0K(11200K), 0.0070930 secs] 179195K->169653K(181504K), 0.0071280 secs]
3.574: [GC 3.575: [ParNew: 11258K->0K(11328K), 0.0143630 secs] 180912K->171261K(183168K), 0.0144580 secs]
3.627: [GC 3.627: [ParNew: 11385K->0K(11456K), 0.0119320 secs] 182646K->172888K(185024K), 0.0120170 secs]
 CMS: abort preclean due to time 3.644: [CMS-concurrent-abortable-preclean: 0.035/1.018 secs]
3.663: [GC[YG occupancy: 3420 K (11520 K)]3.663: [Rescan (parallel) , 0.0070840 secs]3.670: [weak refs processing, 0.0000170 secs] [1 CMS-remark: 172888K(173568K)] 176309K(185088K), 0.0071430 secs]
3.675: [CMS-concurrent-sweep-start]
3.680: [CMS-concurrent-sweep: 0.005/0.005 secs]
3.680: [CMS-concurrent-reset-start]
3.692: [CMS-concurrent-reset: 0.012/0.012 secs]
3.699: [GC 3.699: [ParNew: 11453K->0K(11520K), 0.0079470 secs] 184138K->174321K(299328K), 0.0080160 secs]
3.755: [GC 3.755: [ParNew: 19069K->0K(19136K), 0.0159550 secs] 193391K->177048K(306944K), 0.0159860 secs]
3.811: [GC 3.811: [ParNew: 19064K->0K(19136K), 0.1154720 secs] 196113K->179762K(306944K), 0.1155400 secs]
3.983: [GC 3.983: [ParNew: 19063K->0K(19136K), 0.0101490 secs] 198825K->182469K(306944K), 0.0102250 secs]
4.032: [GC 4.032: [ParNew: 19072K->0K(19136K), 0.0392540 secs] 201541K->185182K(306944K), 0.0393200 secs]
4.113: [GC 4.113: [ParNew: 19072K->0K(19136K), 0.0101620 secs] 204254K->187896K(306944K), 0.0102530 secs]
4.152: [GC 4.152: [ParNew: 19072K->0K(19136K), 0.0312590 secs] 206968K->190596K(306944K), 0.0313220 secs]
4.219: [GC 4.219: [ParNew: 19072K->0K(19136K), 0.0115600 secs] 209668K->193313K(306944K), 0.0116450 secs]
4.271: [GC 4.271: [ParNew: 19072K->0K(19136K), 0.0121420 secs] 212385K->196615K(306944K), 0.0121960 secs]
4.311: [GC 4.311: [ParNew: 19072K->0K(19136K), 0.0088600 secs] 215687K->199325K(306944K), 0.0089110 secs]
4.349: [GC 4.349: [ParNew: 19072K->0K(19136K), 0.0065350 secs] 218397K->202039K(306944K), 0.0066020 secs]
4.377: [GC 4.377: [ParNew: 19072K->0K(19136K), 0.0141090 secs] 221111K->204752K(306944K), 0.0141760 secs]
4.428: [GC 4.428: [ParNew: 19072K->0K(19136K), 0.0097040 secs] 223824K->207479K(306944K), 0.0097700 secs]
4.470: [GC 4.470: [ParNew: 19072K->0K(19136K), 0.0128690 secs] 226551K->210199K(306944K), 0.0129330 secs]
4.519: [GC 4.519: [ParNew: 19072K->0K(19136K), 0.0158600 secs] 229271K->212923K(306944K), 0.0159430 secs]
4.567: [GC 4.567: [ParNew: 19072K->0K(19136K), 0.0094470 secs] 231995K->215646K(306944K), 0.0095160 secs]
4.627: [GC 4.627: [ParNew: 19072K->0K(19136K), 0.0118880 secs] 234718K->218353K(306944K), 0.0119750 secs]
4.679: [GC 4.679: [ParNew: 19072K->0K(19136K), 0.0119940 secs] 237425K->221057K(306944K), 0.0120590 secs]
4.728: [GC 4.728: [ParNew: 19072K->0K(19136K), 0.0113360 secs] 240129K->223793K(306944K), 0.0114030 secs]
4.780: [GC 4.780: [ParNew: 19072K->0K(19136K), 0.0113180 secs] 242865K->226504K(306944K), 0.0113910 secs]
4.824: [GC 4.824: [ParNew: 19072K->0K(19136K), 0.0072120 secs] 245576K->229211K(306944K), 0.0072980 secs]
4.863: [GC 4.863: [ParNew: 19072K->0K(19136K), 0.0198830 secs] 248283K->231921K(306944K), 0.0199750 secs]
4.912: [GC 4.912: [ParNew: 19072K->0K(19136K), 0.0111180 secs] 250993K->234628K(306944K), 0.0112250 secs]
4.960: [GC 4.960: [ParNew: 19072K->0K(19136K), 0.0150350 secs] 253700K->237338K(306944K), 0.0151190 secs]
5.015: [GC 5.015: [ParNew: 19072K->0K(19136K), 0.0237350 secs] 256410K->240045K(306944K), 0.0238200 secs]
5.079: [GC 5.079: [ParNew: 19072K->0K(19136K), 0.0158100 secs] 259117K->242759K(306944K), 0.0158780 secs]
5.136: [GC 5.136: [ParNew: 19072K->0K(19136K), 0.0113580 secs] 261831K->245466K(306944K), 0.0114310 secs]
5.180: [GC 5.180: [ParNew: 19072K->0K(19136K), 0.0147170 secs] 264538K->248176K(306944K), 0.0148070 secs]
5.243: [GC 5.243: [ParNew: 19072K->0K(19136K), 0.0117840 secs] 267248K->250883K(306944K), 0.0118160 secs]
5.259: [GC [1 CMS-initial-mark: 250883K(287808K)] 250893K(306944K), 0.0000850 secs]
5.259: [CMS-concurrent-mark-start]
5.274: [CMS-concurrent-mark: 0.015/0.015 secs]
5.274: [CMS-concurrent-preclean-start]
5.275: [CMS-concurrent-preclean: 0.001/0.001 secs]
5.287: [GC[YG occupancy: 383 K (19136 K)]5.287: [Rescan (parallel) , 0.0039720 secs]5.291: [weak refs processing, 0.0000160 secs] [1 CMS-remark: 250883K(287808K)] 251267K(306944K), 0.0040260 secs]
5.291: [CMS-concurrent-sweep-start]
5.301: [CMS-concurrent-sweep: 0.010/0.010 secs]
5.301: [CMS-concurrent-reset-start]
5.314: [CMS-concurrent-reset: 0.013/0.013 secs]
5.328: [GC 5.328: [ParNew: 19072K->0K(19136K), 0.0146970 secs] 269189K->252824K(436000K), 0.0147800 secs]
5.387: [GC 5.387: [ParNew: 21120K->0K(21184K), 0.0119700 secs] 273944K->255840K(438048K), 0.0119980 secs]
5.455: [GC 5.455: [ParNew: 21120K->0K(21184K), 0.0119710 secs] 276960K->258849K(438048K), 0.0120030 secs]
5.509: [GC 5.509: [ParNew: 21120K->0K(21184K), 0.0134310 secs] 279969K->261858K(438048K), 0.0134580 secs]
5.554: [GC 5.554: [ParNew: 21120K->0K(21184K), 0.0102610 secs] 282978K->264863K(438048K), 0.0103310 secs]
5.603: [GC 5.603: [ParNew: 21120K->0K(21184K), 0.0158570 secs] 285983K->267872K(438048K), 0.0159420 secs]
5.654: [GC 5.654: [ParNew: 21120K->0K(21184K), 0.0173360 secs] 288992K->270881K(438048K), 0.0174210 secs]
5.715: [GC 5.715: [ParNew: 21120K->0K(21184K), 0.0119660 secs] 292001K->273887K(438048K), 0.0120000 secs]
5.768: [GC 5.768: [ParNew: 21120K->0K(21184K), 0.0124790 secs] 295007K->276895K(438048K), 0.0125600 secs]
5.824: [GC 5.824: [ParNew: 21120K->0K(21184K), 0.0072910 secs] 298015K->279904K(438048K), 0.0073610 secs]
5.854: [GC 5.854: [ParNew: 21120K->0K(21184K), 0.0089960 secs] 301024K->282910K(438048K), 0.0090680 secs]
5.898: [GC 5.898: [ParNew: 21120K->0K(21184K), 0.0074390 secs] 304030K->285919K(438048K), 0.0075070 secs]
5.949: [GC 5.949: [ParNew: 21120K->0K(21184K), 0.0113620 secs] 307039K->288928K(438048K), 0.0114300 secs]
6.004: [GC 6.004: [ParNew: 21120K->0K(21184K), 0.0193760 secs] 310048K->292823K(438048K), 0.0194530 secs]
6.074: [GC 6.074: [ParNew: 21115K->0K(21184K), 0.0169840 secs] 313939K->295816K(438048K), 0.0170710 secs]
6.143: [GC 6.143: [ParNew: 21120K->0K(21184K), 0.0139730 secs] 316936K->298825K(438048K), 0.0140540 secs]
6.193: [GC 6.193: [ParNew: 21120K->0K(21184K), 0.0136050 secs] 319945K->301811K(438048K), 0.0136880 secs]
6.242: [GC 6.242: [ParNew: 21120K->0K(21184K), 0.0173050 secs] 322931K->304826K(438048K), 0.0173900 secs]
6.299: [GC 6.299: [ParNew: 21120K->0K(21184K), 0.0158590 secs] 325946K->307835K(438048K), 0.0159440 secs]
6.349: [GC 6.349: [ParNew: 21120K->0K(21184K), 0.0215360 secs] 328955K->310844K(438048K), 0.0216170 secs]
6.407: [GC 6.407: [ParNew: 21120K->0K(21184K), 0.0118770 secs] 331964K->313853K(438048K), 0.0119590 secs]
6.451: [GC 6.451: [ParNew: 21120K->0K(21184K), 0.0158790 secs] 334973K->316862K(438048K), 0.0159620 secs]
6.503: [GC 6.503: [ParNew: 21120K->0K(21184K), 0.0118930 secs] 337982K->319871K(438048K), 0.0119740 secs]
6.545: [GC 6.546: [ParNew: 21120K->0K(21184K), 0.0079530 secs] 340991K->322880K(438048K), 0.0080410 secs]
6.581: [GC 6.581: [ParNew: 21120K->0K(21184K), 0.0099420 secs] 344000K->325889K(438048K), 0.0100260 secs]
6.635: [GC 6.635: [ParNew: 21120K->0K(21184K), 0.0082700 secs] 347009K->328897K(438048K), 0.0083440 secs]
