0.198: [GC 0.198: [ParNew: 5108K->0K(5248K), 0.0186150 secs] 5108K->1792K(10176K), 0.0186980 secs]
0.236: [GC 0.236: [ParNew: 5133K->0K(5248K), 0.0119590 secs] 6925K->3452K(10176K), 0.0120100 secs]
0.248: [GC [1 CMS-initial-mark: 3452K(4928K)] 3550K(10176K), 0.0009090 secs]
0.249: [CMS-concurrent-mark-start]
0.259: [CMS-concurrent-mark: 0.010/0.010 secs]
0.260: [CMS-concurrent-preclean-start]
0.260: [CMS-concurrent-preclean: 0.000/0.000 secs]
0.275: [GC[YG occupancy: 4137 K (5248 K)]0.275: [Rescan (parallel) , 0.0174020 secs]0.292: [weak refs processing, 0.0000160 secs] [1 CMS-remark: 3452K(4928K)] 7590K(10176K), 0.0174740 secs]
0.294: [CMS-concurrent-sweep-start]
0.294: [CMS-concurrent-sweep: 0.000/0.000 secs]
0.296: [GC 0.296: [ParNew: 5150K->0K(5248K), 0.0119300 secs] 8602K->5113K(10944K), 0.0119890 secs]
0.312: [CMS-concurrent-reset-start]
0.324: [CMS-concurrent-reset: 0.011/0.011 secs]
0.324: [GC 0.324: [ParNew: 5102K->0K(5248K), 0.0080040 secs] 10216K->6872K(13772K), 0.0080500 secs]
0.336: [GC [1 CMS-initial-mark: 6872K(8524K)] 6970K(13772K), 0.0000780 secs]
0.336: [CMS-concurrent-mark-start]
0.342: [CMS-concurrent-mark: 0.006/0.006 secs]
0.342: [CMS-concurrent-preclean-start]
0.342: [CMS-concurrent-preclean: 0.000/0.000 secs]
0.358: [GC[YG occupancy: 5094 K (5248 K)]0.358: [Rescan (parallel) , 0.0145130 secs]0.372: [weak refs processing, 0.0000190 secs] [1 CMS-remark: 6872K(8524K)] 11967K(13772K), 0.0145790 secs]
0.376: [CMS-concurrent-sweep-start]
0.376: [CMS-concurrent-sweep: 0.000/0.000 secs]
0.376: [CMS-concurrent-reset-start]
0.381: [GC 0.381: [ParNew: 5094K->0K(5248K), 0.0194720 secs] 11966K->8532K(16704K), 0.0195370 secs]
0.400: [CMS-concurrent-reset: 0.013/0.024 secs]
0.412: [GC 0.412: [ParNew: 5089K->0K(5248K), 0.0079090 secs] 13621K->10193K(16704K), 0.0079560 secs]
0.428: [GC [1 CMS-initial-mark: 10193K(11456K)] 10291K(16704K), 0.0000710 secs]
0.428: [CMS-concurrent-mark-start]
0.438: [CMS-concurrent-mark: 0.010/0.010 secs]
0.438: [CMS-concurrent-preclean-start]
0.438: [CMS-concurrent-preclean: 0.000/0.000 secs]
0.438: [CMS-concurrent-abortable-preclean-start]
0.440: [GC 0.440: [ParNew: 5183K->0K(5248K), 0.0082000 secs] 15377K->11952K(17856K), 0.0082450 secs]
0.458: [GC 0.458: [ParNew: 5181K->0K(5248K), 0.0137380 secs] 17133K->13711K(19584K), 0.0137840 secs]
0.484: [GC 0.484: [ParNew: 5179K->0K(5248K), 0.0199270 secs] 18891K->15372K(21312K), 0.0199720 secs]
0.516: [GC 0.516: [ParNew: 5179K->0K(5248K), 0.0159420 secs] 20551K->17130K(23040K), 0.0160000 secs]
0.544: [GC 0.544: [ParNew: 5179K->0K(5248K), 0.0164150 secs] 22309K->18888K(24960K), 0.0164830 secs]
0.572: [GC 0.572: [ParNew: 5181K->0K(5248K), 0.0159090 secs] 24070K->20553K(26688K), 0.0159540 secs]
0.600: [GC 0.600: [ParNew: 5179K->0K(5248K), 0.0199490 secs] 25732K->22314K(28416K), 0.0199880 secs]
0.630: [GC 0.630: [ParNew: 5179K->0K(5248K), 0.0101070 secs] 27493K->24072K(30144K), 0.0101700 secs]
0.647: [GC 0.647: [ParNew: 5179K->0K(5248K), 0.0105450 secs] 29251K->25733K(31872K), 0.0105860 secs]
0.657: [CMS-concurrent-abortable-preclean: 0.001/0.219 secs]
0.660: [GC[YG occupancy: 197 K (5248 K)]0.660: [Rescan (parallel) , 0.0079670 secs]0.668: [weak refs processing, 0.0000170 secs] [1 CMS-remark: 25733K(26624K)] 25930K(31872K), 0.0080270 secs]
0.668: [CMS-concurrent-sweep-start]
0.668: [CMS-concurrent-sweep: 0.000/0.000 secs]
0.668: [CMS-concurrent-reset-start]
0.673: [CMS-concurrent-reset: 0.005/0.005 secs]
0.675: [GC 0.675: [ParNew: 5181K->0K(5248K), 0.0089210 secs] 30913K->27490K(48136K), 0.0090000 secs]
0.703: [GC 0.703: [ParNew: 5179K->0K(5248K), 0.0096910 secs] 32669K->29248K(48136K), 0.0097550 secs]
0.718: [GC 0.718: [ParNew: 5182K->0K(5248K), 0.0177610 secs] 34431K->30912K(48136K), 0.0178000 secs]
0.744: [GC [1 CMS-initial-mark: 30912K(42888K)] 31010K(48136K), 0.0000720 secs]
0.744: [CMS-concurrent-mark-start]
0.750: [CMS-concurrent-mark: 0.006/0.006 secs]
0.750: [CMS-concurrent-preclean-start]
0.750: [CMS-concurrent-preclean: 0.000/0.000 secs]
0.750: [CMS-concurrent-abortable-preclean-start]
0.751: [GC 0.751: [ParNew: 5179K->0K(5248K), 0.0094460 secs] 36091K->32671K(48136K), 0.0095320 secs]
0.768: [GC 0.768: [ParNew: 5179K->0K(5248K), 0.0159730 secs] 37850K->34429K(48136K), 0.0160440 secs]
0.788: [CMS-concurrent-abortable-preclean: 0.000/0.038 secs]
0.796: [GC[YG occupancy: 97 K (5248 K)]0.796: [Rescan (parallel) , 0.0079640 secs]0.804: [weak refs processing, 0.0000130 secs] [1 CMS-remark: 34429K(42888K)] 34527K(48136K), 0.0080150 secs]
0.804: [CMS-concurrent-sweep-start]
0.804: [CMS-concurrent-sweep: 0.000/0.000 secs]
0.805: [CMS-concurrent-reset-start]
0.809: [CMS-concurrent-reset: 0.004/0.004 secs]
0.816: [GC 0.816: [ParNew: 5179K->0K(5248K), 0.0119080 secs] 39603K->36084K(62624K), 0.0119830 secs]
0.836: [GC 0.836: [ParNew: 5179K->0K(5248K), 0.0119100 secs] 41263K->37843K(62624K), 0.0119950 secs]
0.859: [GC 0.859: [ParNew: 5179K->0K(5248K), 0.0055470 secs] 43022K->39601K(62624K), 0.0056410 secs]
0.871: [GC 0.871: [ParNew: 5179K->0K(5248K), 0.0096530 secs] 44780K->41261K(62624K), 0.0097450 secs]
0.900: [GC 0.900: [ParNew: 5179K->0K(5248K), 0.0079020 secs] 46440K->43020K(62624K), 0.0079780 secs]
0.920: [GC 0.920: [ParNew: 5086K->0K(5248K), 0.0159190 secs] 48106K->44686K(62624K), 0.0159920 secs]
0.948: [GC [1 CMS-initial-mark: 44686K(57376K)] 44783K(62624K), 0.0000880 secs]
0.948: [CMS-concurrent-mark-start]
0.954: [CMS-concurrent-mark: 0.006/0.006 secs]
0.954: [CMS-concurrent-preclean-start]
0.955: [CMS-concurrent-preclean: 0.000/0.000 secs]
0.955: [CMS-concurrent-abortable-preclean-start]
0.956: [GC 0.956: [ParNew: 5179K->0K(5248K), 0.0024110 secs] 49865K->46444K(62624K), 0.0024850 secs]
0.966: [GC 0.966: [ParNew: 5179K->0K(5248K), 0.0101060 secs] 51623K->48202K(62624K), 0.0101890 secs]
0.983: [GC 0.983: [ParNew: 5179K->0K(5248K), 0.0091620 secs] 53381K->49863K(62624K), 0.0092440 secs]
0.996: [CMS-concurrent-abortable-preclean: 0.001/0.042 secs]
1.004: [GC[YG occupancy: 3127 K (5248 K)]1.004: [Rescan (parallel) , 0.0079550 secs]1.012: [weak refs processing, 0.0000130 secs] [1 CMS-remark: 49863K(57376K)] 52990K(62624K), 0.0080090 secs]
1.012: [CMS-concurrent-sweep-start]
1.012: [CMS-concurrent-sweep: 0.000/0.000 secs]
1.013: [CMS-concurrent-reset-start]
1.020: [GC 1.020: [ParNew: 5181K->0K(5248K), 0.0079120 secs] 55040K->51617K(88348K), 0.0080010 secs]
1.033: [CMS-concurrent-reset: 0.005/0.021 secs]
1.035: [GC 1.035: [ParNew: 5374K->0K(5504K), 0.0092300 secs] 56992K->53375K(88604K), 0.0092990 secs]
1.051: [GC 1.051: [ParNew: 5374K->0K(5504K), 0.0094690 secs] 58750K->55231K(88604K), 0.0095440 secs]
1.068: [GC 1.068: [ParNew: 5374K->0K(5504K), 0.0074540 secs] 60606K->56990K(88604K), 0.0075290 secs]
1.087: [GC 1.087: [ParNew: 5374K->0K(5504K), 0.0293720 secs] 62364K->58748K(88604K), 0.0294510 secs]
1.132: [GC 1.132: [ParNew: 5374K->0K(5504K), 0.0079290 secs] 64122K->60604K(88604K), 0.0080100 secs]
1.148: [GC 1.148: [ParNew: 5374K->0K(5504K), 0.0079040 secs] 65978K->62362K(88604K), 0.0079890 secs]
1.164: [GC 1.164: [ParNew: 5374K->0K(5504K), 0.0095640 secs] 67736K->64120K(88604K), 0.0096520 secs]
1.181: [GC 1.181: [ParNew: 5374K->0K(5504K), 0.0075780 secs] 69495K->65976K(88604K), 0.0076480 secs]
1.195: [GC 1.195: [ParNew: 5382K->0K(5504K), 0.0050280 secs] 71359K->67742K(88604K), 0.0050970 secs]
1.212: [GC [1 CMS-initial-mark: 67742K(83100K)] 70968K(88604K), 0.0000940 secs]
1.212: [CMS-concurrent-mark-start]
1.220: [GC 1.220: [ParNew: 5376K->0K(5504K), 0.0079570 secs] 73119K->69501K(88604K), 0.0080300 secs]
1.235: [CMS-concurrent-mark: 0.006/0.022 secs]
1.235: [CMS-concurrent-preclean-start]
1.235: [CMS-concurrent-preclean: 0.000/0.000 secs]
1.235: [CMS-concurrent-abortable-preclean-start]
1.236: [GC 1.236: [ParNew: 5374K->0K(5504K), 0.0119420 secs] 74875K->71357K(88604K), 0.0120180 secs]
1.255: [GC 1.255: [ParNew: 5374K->0K(5504K), 0.0132150 secs] 76731K->73115K(88604K), 0.0132930 secs]
1.272: [CMS-concurrent-abortable-preclean: 0.000/0.037 secs]
1.276: [GC[YG occupancy: 197 K (5504 K)]1.276: [Rescan (parallel) , 0.0079550 secs]1.284: [weak refs processing, 0.0000130 secs] [1 CMS-remark: 73115K(83100K)] 73312K(88604K), 0.0080100 secs]
1.284: [CMS-concurrent-sweep-start]
1.284: [CMS-concurrent-sweep: 0.000/0.000 secs]
1.285: [CMS-concurrent-reset-start]
1.289: [CMS-concurrent-reset: 0.004/0.004 secs]
1.296: [GC 1.296: [ParNew: 5376K->0K(5504K), 0.0118920 secs] 78486K->74868K(127356K), 0.0120090 secs]
1.324: [GC 1.324: [ParNew: 8013K->0K(8128K), 0.0119760 secs] 82881K->77603K(129980K), 0.0120710 secs]
1.352: [GC 1.352: [ParNew: 8013K->0K(8128K), 0.0070080 secs] 85616K->80240K(129980K), 0.0070930 secs]
1.369: [GC 1.369: [ParNew: 8013K->0K(8128K), 0.0030350 secs] 88254K->82877K(129980K), 0.0031250 secs]
1.382: [GC 1.382: [ParNew: 8013K->0K(8128K), 0.0138710 secs] 90891K->85612K(129980K), 0.0139580 secs]
1.410: [GC 1.410: [ParNew: 8013K->0K(8128K), 0.0050680 secs] 93626K->88250K(129980K), 0.0051560 secs]
1.433: [GC 1.433: [ParNew: 8013K->0K(8128K), 0.0109180 secs] 96264K->90887K(129980K), 0.0110130 secs]
1.462: [GC 1.462: [ParNew: 8013K->0K(8128K), 0.0099190 secs] 98901K->93622K(129980K), 0.0100080 secs]
1.488: [GC 1.488: [ParNew: 8013K->0K(8128K), 0.0158750 secs] 101636K->96260K(129980K), 0.0159630 secs]
1.520: [GC 1.520: [ParNew: 8013K->0K(8128K), 0.0198840 secs] 104273K->98897K(129980K), 0.0199750 secs]
1.556: [GC 1.556: [ParNew: 8025K->0K(8128K), 0.0031420 secs] 106923K->101644K(129980K), 0.0032290 secs]
1.574: [GC 1.574: [ParNew: 8013K->0K(8128K), 0.0052270 secs] 109658K->104281K(129980K), 0.0053170 secs]
1.584: [GC [1 CMS-initial-mark: 104281K(121852K)] 105162K(129980K), 0.0000920 secs]
1.584: [CMS-concurrent-mark-start]
1.590: [CMS-concurrent-mark: 0.006/0.006 secs]
1.590: [CMS-concurrent-preclean-start]
1.591: [CMS-concurrent-preclean: 0.000/0.000 secs]
1.608: [GC 1.608: [ParNew: 8015K->0K(8128K), 0.0120280 secs] 112297K->106919K(129980K), 0.0120970 secs]
1.624: [GC[YG occupancy: 97 K (8128 K)]1.624: [Rescan (parallel) , 0.0118590 secs]1.636: [weak refs processing, 0.0000180 secs] [1 CMS-remark: 106919K(121852K)] 107016K(129980K), 0.0119200 secs]
1.636: [CMS-concurrent-sweep-start]
1.637: [CMS-concurrent-sweep: 0.000/0.000 secs]
1.637: [CMS-concurrent-reset-start]
1.641: [CMS-concurrent-reset: 0.004/0.004 secs]
1.656: [GC 1.656: [ParNew: 8013K->0K(8128K), 0.0159670 secs] 114924K->109646K(186316K), 0.0160830 secs]
1.696: [GC 1.696: [ParNew: 11725K->0K(11840K), 0.0119800 secs] 121371K->113553K(190028K), 0.0120560 secs]
1.732: [GC 1.732: [ParNew: 11725K->0K(11840K), 0.0119730 secs] 125278K->117460K(190028K), 0.0120470 secs]
1.768: [GC 1.768: [ParNew: 11725K->0K(11840K), 0.0080590 secs] 129186K->121367K(190028K), 0.0081320 secs]
1.791: [GC 1.791: [ParNew: 11725K->0K(11840K), 0.0128980 secs] 133093K->125274K(190028K), 0.0129530 secs]
1.827: [GC 1.827: [ParNew: 11725K->0K(11840K), 0.0173880 secs] 137000K->129182K(190028K), 0.0174770 secs]
1.867: [GC 1.867: [ParNew: 11725K->0K(11840K), 0.0053730 secs] 140907K->133089K(190028K), 0.0054660 secs]
1.920: [GC 1.920: [ParNew: 11725K->0K(11840K), 0.0120760 secs] 144814K->136996K(190028K), 0.0121620 secs]
1.976: [GC 1.976: [ParNew: 11725K->0K(11840K), 0.0118400 secs] 148721K->140903K(190028K), 0.0118940 secs]
2.019: [GC 2.019: [ParNew: 11725K->0K(11840K), 0.0132410 secs] 152629K->144810K(190028K), 0.0132930 secs]
2.055: [GC 2.055: [ParNew: 11725K->0K(11840K), 0.0172720 secs] 156536K->148717K(190028K), 0.0173250 secs]
2.091: [GC 2.091: [ParNew: 11743K->0K(11840K), 0.0131870 secs] 160461K->152643K(190028K), 0.0132700 secs]
2.131: [GC 2.131: [ParNew: 11725K->0K(11840K), 0.0252420 secs] 164368K->156550K(190028K), 0.0253330 secs]
2.192: [GC 2.192: [ParNew: 11725K->0K(11840K), 0.0119590 secs] 168275K->160457K(190028K), 0.0120510 secs]
2.208: [GC [1 CMS-initial-mark: 160457K(178188K)] 160555K(190028K), 0.0000890 secs]
2.208: [CMS-concurrent-mark-start]
2.215: [CMS-concurrent-mark: 0.006/0.006 secs]
2.215: [CMS-concurrent-preclean-start]
2.215: [CMS-concurrent-preclean: 0.000/0.001 secs]
2.220: [GC[YG occupancy: 978 K (11840 K)]2.220: [Rescan (parallel) , 0.0157880 secs]2.236: [weak refs processing, 0.0000170 secs] [1 CMS-remark: 160457K(178188K)] 161436K(190028K), 0.0158530 secs]
2.236: [CMS-concurrent-sweep-start]
2.237: [CMS-concurrent-sweep: 0.000/0.000 secs]
2.237: [CMS-concurrent-reset-start]
2.241: [CMS-concurrent-reset: 0.004/0.004 secs]
2.268: [GC 2.268: [ParNew: 11727K->0K(11840K), 0.0080520 secs] 172173K->164352K(279252K), 0.0081640 secs]
2.312: [GC 2.312: [ParNew: 17686K->0K(17792K), 0.0267760 secs] 182038K->170213K(285204K), 0.0268460 secs]
2.390: [GC 2.390: [ParNew: 17686K->0K(17792K), 0.0127040 secs] 187899K->176074K(285204K), 0.0127740 secs]
2.442: [GC 2.443: [ParNew: 17686K->0K(17792K), 0.0129590 secs] 193760K->182032K(285204K), 0.0130320 secs]
2.494: [GC 2.495: [ParNew: 17686K->0K(17792K), 0.0083260 secs] 199718K->187893K(285204K), 0.0084090 secs]
2.537: [GC 2.537: [ParNew: 17686K->0K(17792K), 0.0112810 secs] 205579K->193754K(285204K), 0.0113630 secs]
2.582: [GC 2.582: [ParNew: 17686K->0K(17792K), 0.0201730 secs] 211440K->199712K(285204K), 0.0202590 secs]
2.641: [GC 2.641: [ParNew: 17686K->0K(17792K), 0.0141560 secs] 217398K->205573K(285204K), 0.0142430 secs]
2.694: [GC 2.694: [ParNew: 17686K->0K(17792K), 0.0132910 secs] 223259K->211434K(285204K), 0.0133820 secs]
2.751: [GC 2.751: [ParNew: 17686K->0K(17792K), 0.0115300 secs] 229120K->217392K(285204K), 0.0116060 secs]
2.802: [GC 2.802: [ParNew: 17686K->0K(17792K), 0.0134660 secs] 235078K->223253K(285204K), 0.0135450 secs]
2.855: [GC 2.855: [ParNew: 17712K->0K(17792K), 0.0184820 secs] 240966K->229141K(285204K), 0.0185580 secs]
2.964: [GC 2.964: [ParNew: 17686K->0K(17792K), 0.0159330 secs] 246827K->235099K(285204K), 0.0160100 secs]
3.020: [GC 3.020: [ParNew: 17686K->0K(17792K), 0.0159880 secs] 252785K->240960K(285204K), 0.0160590 secs]
3.066: [GC 3.066: [ParNew: 17686K->0K(17792K), 0.0127760 secs] 258646K->246821K(285204K), 0.0128490 secs]
3.079: [GC [1 CMS-initial-mark: 246821K(267412K)] 246918K(285204K), 0.0000880 secs]
3.079: [CMS-concurrent-mark-start]
3.090: [CMS-concurrent-mark: 0.010/0.010 secs]
3.090: [CMS-concurrent-preclean-start]
3.091: [CMS-concurrent-preclean: 0.001/0.001 secs]
3.091: [GC[YG occupancy: 97 K (17792 K)]3.091: [Rescan (parallel) , 0.0081100 secs]3.099: [weak refs processing, 0.0000110 secs] [1 CMS-remark: 246821K(267412K)] 246918K(285204K), 0.0081620 secs]
3.099: [CMS-concurrent-sweep-start]
3.099: [CMS-concurrent-sweep: 0.001/0.001 secs]
3.100: [CMS-concurrent-reset-start]
3.104: [CMS-concurrent-reset: 0.004/0.004 secs]
3.143: [GC 3.143: [ParNew: 17686K->0K(17792K), 0.0096720 secs] 264489K->252761K(429132K), 0.0097980 secs]
3.196: [GC 3.196: [ParNew: 21106K->0K(21184K), 0.0199470 secs] 273868K->259794K(432524K), 0.0199910 secs]
3.248: [GC 3.248: [ParNew: 21106K->0K(21184K), 0.0159910 secs] 280901K->266827K(432524K), 0.0160610 secs]
3.316: [GC 3.316: [ParNew: 21106K->0K(21184K), 0.0094790 secs] 287934K->273860K(432524K), 0.0095590 secs]
3.365: [GC 3.365: [ParNew: 21106K->0K(21184K), 0.0315230 secs] 294967K->280893K(432524K), 0.0316150 secs]
3.447: [GC 3.447: [ParNew: 21106K->0K(21184K), 0.1696760 secs] 302000K->287926K(432524K), 0.1697550 secs]
3.655: [GC 3.655: [ParNew: 21106K->0K(21184K), 0.0174240 secs] 309033K->294959K(432524K), 0.0175160 secs]
3.703: [GC 3.703: [ParNew: 21106K->0K(21184K), 0.0174230 secs] 316066K->301992K(432524K), 0.0174950 secs]
3.755: [GC 3.755: [ParNew: 21106K->0K(21184K), 0.0212790 secs] 323099K->309025K(432524K), 0.0213660 secs]
3.807: [GC 3.807: [ParNew: 21106K->0K(21184K), 0.0172020 secs] 330132K->316058K(432524K), 0.0172890 secs]
3.859: [GC 3.859: [ParNew: 21106K->0K(21184K), 0.0145010 secs] 337165K->323091K(432524K), 0.0145860 secs]
3.938: [GC 3.939: [ParNew: 21106K->0K(21184K), 0.0177410 secs] 344197K->330124K(432524K), 0.0178180 secs]
3.994: [GC 3.994: [ParNew: 21049K->0K(21184K), 0.0165130 secs] 351173K->337099K(432524K), 0.0165910 secs]
4.054: [GC 4.054: [ParNew: 21106K->0K(21184K), 0.0225970 secs] 358206K->344132K(432524K), 0.0226780 secs]
4.116: [GC 4.116: [ParNew: 21106K->0K(21184K), 0.0118970 secs] 365239K->351165K(432524K), 0.0119790 secs]
4.164: [GC 4.164: [ParNew: 21106K->0K(21184K), 0.0144770 secs] 372272K->358198K(432524K), 0.0145610 secs]
4.220: [GC 4.220: [ParNew: 21106K->0K(21184K), 0.0168770 secs] 379305K->365231K(432524K), 0.0169660 secs]
4.272: [GC 4.272: [ParNew: 21106K->0K(21184K), 0.0133820 secs] 386338K->372264K(432524K), 0.0134770 secs]
4.336: [GC 4.336: [ParNew: 21106K->0K(21184K), 0.0177780 secs] 393371K->379297K(432524K), 0.0178650 secs]
4.368: [GC [1 CMS-initial-mark: 379297K(411340K)] 380959K(432524K), 0.0000940 secs]
4.368: [CMS-concurrent-mark-start]
4.376: [CMS-concurrent-mark: 0.007/0.007 secs]
4.376: [CMS-concurrent-preclean-start]
4.377: [CMS-concurrent-preclean: 0.001/0.001 secs]
4.377: [CMS-concurrent-abortable-preclean-start]
4.416: [GC 4.416: [ParNew: 21108K->0K(21184K), 0.0279330 secs] 400406K->386330K(432524K), 0.0280140 secs]
4.492: [GC 4.492: [ParNew: 21106K->0K(21184K), 0.0242900 secs] 407437K->393363K(432524K), 0.0243570 secs]
4.568: [GC 4.568: [ParNew: 21106K->0K(21184K), 0.0199860 secs] 414470K->400396K(432524K), 0.0200500 secs]
4.628: [GC 4.628: [ParNew: 21106K->0K(21184K), 0.0239850 secs] 421502K->407429K(432524K), 0.0240240 secs]
4.696: [GC 4.696: [ParNew: 21106K->0K(21184K), 0.0164950 secs] 428535K->414462K(436748K), 0.0165640 secs]
4.747: [GC 4.747: [ParNew: 21106K->0K(21184K), 0.0141020 secs] 435568K->421497K(444236K), 0.0141880 secs]
4.800: [GC 4.800: [ParNew: 21106K->0K(21184K), 0.0120880 secs] 442603K->428529K(451724K), 0.0121590 secs]
4.844: [GC 4.845: [ParNew: 21106K->0K(21184K), 0.0196760 secs] 449636K->435562K(459404K), 0.0197690 secs]
4.936: [GC 4.936: [ParNew: 21106K->0K(21184K), 0.0159490 secs] 456669K->442595K(466892K), 0.0159960 secs]
4.952: [CMS-concurrent-abortable-preclean: 0.012/0.576 secs]
4.952: [GC[YG occupancy: 97 K (21184 K)]4.952: [Rescan (parallel) , 0.0038690 secs]4.956: [weak refs processing, 0.0000140 secs] [1 CMS-remark: 442595K(445708K)] 442693K(466892K), 0.0039140 secs]
4.956: [CMS-concurrent-sweep-start]
4.957: [CMS-concurrent-sweep: 0.001/0.001 secs]
4.958: [CMS-concurrent-reset-start]
4.962: [CMS-concurrent-reset: 0.005/0.005 secs]
4.984: [GC 4.984: [ParNew: 21106K->0K(21184K), 0.2243610 secs] 463675K->449601K(758800K), 0.2244560 secs]
5.243: [GC 5.243: [ParNew: 21106K->0K(21184K), 0.0213570 secs] 470708K->456634K(758800K), 0.0214170 secs]
5.308: [GC 5.308: [ParNew: 21106K->0K(21184K), 0.0278690 secs] 477741K->463667K(758800K), 0.0279220 secs]
5.392: [GC 5.392: [ParNew: 21106K->0K(21184K), 0.0318940 secs] 484774K->470700K(758800K), 0.0319800 secs]
5.476: [GC 5.476: [ParNew: 21106K->0K(21184K), 0.0159800 secs] 491807K->477733K(758800K), 0.0160480 secs]
5.536: [GC 5.536: [ParNew: 21106K->0K(21184K), 0.0199710 secs] 498840K->484766K(758800K), 0.0200180 secs]
5.603: [GC 5.603: [ParNew: 21106K->0K(21184K), 0.0251910 secs] 505873K->491799K(758800K), 0.0252650 secs]
5.667: [GC 5.667: [ParNew: 21106K->0K(21184K), 0.0136590 secs] 512906K->498832K(758800K), 0.0137490 secs]
5.724: [GC 5.724: [ParNew: 21069K->0K(21184K), 0.0279260 secs] 519902K->505925K(758800K), 0.0279820 secs]
5.796: [GC 5.796: [ParNew: 21106K->0K(21184K), 0.0199800 secs] 527032K->512958K(758800K), 0.0200510 secs]
5.864: [GC 5.864: [ParNew: 21106K->0K(21184K), 0.0319330 secs] 534065K->519991K(758800K), 0.0320290 secs]
5.939: [GC 5.939: [ParNew: 21106K->0K(21184K), 0.0250690 secs] 541098K->527024K(758800K), 0.0251590 secs]
6.020: [GC 6.020: [ParNew: 21106K->0K(21184K), 0.0238850 secs] 548131K->534057K(758800K), 0.0239760 secs]
6.087: [GC 6.087: [ParNew: 21106K->0K(21184K), 0.0252200 secs] 555164K->541090K(758800K), 0.0253090 secs]
6.151: [GC 6.151: [ParNew: 21106K->0K(21184K), 0.0211690 secs] 562197K->548123K(758800K), 0.0212580 secs]
6.208: [GC 6.208: [ParNew: 21106K->0K(21184K), 0.0238750 secs] 569230K->555156K(758800K), 0.0239650 secs]
6.283: [GC 6.283: [ParNew: 21106K->0K(21184K), 0.0295360 secs] 576263K->562189K(758800K), 0.0296230 secs]
6.355: [GC 6.355: [ParNew: 21106K->0K(21184K), 0.0172430 secs] 583296K->569222K(758800K), 0.0173330 secs]
6.416: [GC 6.416: [ParNew: 21106K->0K(21184K), 0.0278840 secs] 590329K->576255K(758800K), 0.0279710 secs]
6.491: [GC 6.491: [ParNew: 21106K->0K(21184K), 0.1374000 secs] 597362K->583288K(758800K), 0.1374830 secs]
6.667: [GC 6.667: [ParNew: 21106K->0K(21184K), 0.0174210 secs] 604395K->590321K(758800K), 0.0175060 secs]
6.731: [GC 6.731: [ParNew: 21106K->0K(21184K), 0.0213550 secs] 611427K->597354K(758800K), 0.0214470 secs]
6.787: [GC 6.787: [ParNew: 21106K->0K(21184K), 0.0253220 secs] 618460K->604387K(758800K), 0.0254160 secs]
6.872: [GC 6.872: [ParNew: 21106K->0K(21184K), 0.0171260 secs] 625493K->611419K(758800K), 0.0172050 secs]
6.936: [GC 6.936: [ParNew: 21106K->0K(21184K), 0.0203490 secs] 632526K->618452K(758800K), 0.0204410 secs]
7.008: [GC 7.008: [ParNew: 21106K->0K(21184K), 0.0279090 secs] 639559K->625485K(758800K), 0.0280000 secs]
7.091: [GC 7.091: [ParNew: 21106K->0K(21184K), 0.0215630 secs] 646592K->632518K(758800K), 0.0216500 secs]
7.168: [GC 7.168: [ParNew: 21106K->0K(21184K), 0.0125750 secs] 653625K->639551K(758800K), 0.0126290 secs]
7.224: [GC 7.224: [ParNew: 21106K->0K(21184K), 0.0232690 secs] 660658K->646584K(758800K), 0.0233410 secs]
7.295: [GC 7.295: [ParNew: 21106K->0K(21184K), 0.0213480 secs] 667691K->653617K(758800K), 0.0214260 secs]
7.360: [GC 7.360: [ParNew: 21106K->0K(21184K), 0.0216110 secs] 674724K->660650K(758800K), 0.0216580 secs]
7.419: [GC 7.419: [ParNew: 21106K->0K(21184K), 0.0232570 secs] 681757K->667683K(758800K), 0.0233260 secs]
7.496: [GC 7.496: [ParNew: 21106K->0K(21184K), 0.0204500 secs] 688790K->674716K(758800K), 0.0205200 secs]
7.572: [GC 7.572: [ParNew: 21106K->0K(21184K), 0.0239880 secs] 695823K->681749K(758800K), 0.0240600 secs]
7.600: [GC [1 CMS-initial-mark: 681749K(737616K)] 681847K(758800K), 0.0000780 secs]
7.600: [CMS-concurrent-mark-start]
7.608: [CMS-concurrent-mark: 0.007/0.007 secs]
7.608: [CMS-concurrent-preclean-start]
7.614: [CMS-concurrent-preclean: 0.006/0.006 secs]
7.614: [CMS-concurrent-abortable-preclean-start]
7.659: [GC 7.659: [ParNew: 21106K->0K(21184K), 0.0210850 secs] 702856K->688782K(758800K), 0.0211680 secs]
7.724: [GC 7.724: [ParNew: 21106K->0K(21184K), 0.0199840 secs] 709889K->695815K(758800K), 0.0200560 secs]
7.795: [GC 7.795: [ParNew: 21106K->0K(21184K), 0.0274650 secs] 716922K->702848K(758800K), 0.0275380 secs]
7.912: [GC 7.912: [ParNew7.928: [CMS-concurrent-abortable-preclean: 0.010/0.315 secs]
: 21106K->0K(21184K), 0.0319250 secs] 723954K->709881K(758800K), 0.0320060 secs]
7.956: [GC[YG occupancy: 3518 K (21184 K)]7.956: [Rescan (parallel) , 0.0199730 secs]7.976: [weak refs processing, 0.0000160 secs] [1 CMS-remark: 709881K(737616K)] 713399K(758800K), 0.0200230 secs]
7.976: [CMS-concurrent-sweep-start]
7.978: [CMS-concurrent-sweep: 0.002/0.002 secs]
7.978: [CMS-concurrent-reset-start]
7.986: [CMS-concurrent-reset: 0.008/0.008 secs]
8.012: [GC 8.012: [ParNew: 21106K->0K(21184K), 0.0358910 secs] 730947K->716873K(819136K), 0.0359740 secs]
8.096: [GC 8.096: [ParNew: 21106K->0K(21184K), 0.0191350 secs] 737980K->723906K(819136K), 0.0192160 secs]
8.166: [GC 8.166: [ParNew: 21106K->0K(21184K), 0.0259710 secs] 745013K->730939K(819136K), 0.0260590 secs]
8.239: [GC 8.239: [ParNew: 21106K->0K(21184K), 0.0136760 secs] 752046K->737972K(819136K), 0.0137690 secs]
8.264: [GC [1 CMS-initial-mark: 737972K(797952K)] 738070K(819136K), 0.0000820 secs]
8.264: [CMS-concurrent-mark-start]
8.272: [CMS-concurrent-mark: 0.007/0.007 secs]
8.272: [CMS-concurrent-preclean-start]
8.282: [CMS-concurrent-preclean: 0.010/0.010 secs]
8.282: [CMS-concurrent-abortable-preclean-start]
8.315: [GC 8.315: [ParNew: 21106K->0K(21184K), 0.0252130 secs] 759079K->745005K(819136K), 0.0252910 secs]
8.388: [GC 8.388: [ParNew: 21106K->0K(21184K), 0.0199560 secs] 766112K->752038K(819136K), 0.0200220 secs]
8.455: [GC 8.455: [ParNew: 21099K->0K(21184K), 0.0295350 secs] 773138K->759162K(819136K), 0.0296160 secs]
8.531: [GC 8.531: [ParNew: 21106K->0K(21184K), 0.0563400 secs] 780268K->766195K(819136K), 0.0564300 secs]
8.639: [GC 8.639: [ParNew: 21106K->0K(21184K), 0.0292400 secs] 787301K->773227K(819136K), 0.0293290 secs]
8.715: [GC 8.715: [ParNew: 21106K->0K(21184K), 0.0460960 secs] 794334K->780260K(819136K), 0.0461990 secs]
8.819: [GC 8.819: [ParNew: 21106K->0K(21184K), 0.0227690 secs] 801367K->787293K(819136K), 0.0228580 secs]
8.905: [GC 8.905: [ParNew: 21106K->0K(21184K), 0.0236550 secs] 808400K->794326K(819136K), 0.0237560 secs]
8.932: [CMS-concurrent-abortable-preclean: 0.022/0.650 secs]
8.944: [GC[YG occupancy: 3323 K (21184 K)]8.944: [Rescan (parallel) , 0.0119520 secs]8.956: [weak refs processing, 0.0000170 secs] [1 CMS-remark: 794326K(797952K)] 797649K(819136K), 0.0120110 secs]
8.956: [CMS-concurrent-sweep-start]
8.958: [CMS-concurrent-sweep: 0.002/0.002 secs]
8.958: [CMS-concurrent-reset-start]
8.962: [CMS-concurrent-reset: 0.004/0.004 secs]
8.999: [GC 8.999: [ParNew: 21106K->21106K(21184K), 0.0000130 secs]8.999: [CMS (concurrent mode failure): 794326K->797872K(797952K), 0.4462970 secs] 815433K->801290K(819136K), 0.4464380 secs]
9.452: [GC [1 CMS-initial-mark: 797872K(797952K)] 803246K(819136K), 0.0001060 secs]
9.452: [CMS-concurrent-mark-start]
9.464: [CMS-concurrent-mark: 0.012/0.012 secs]
9.464: [CMS-concurrent-preclean-start]
9.468: [CMS-concurrent-preclean: 0.004/0.004 secs]
9.468: [CMS-concurrent-abortable-preclean-start]
9.468: [CMS-concurrent-abortable-preclean: 0.000/0.000 secs]
9.470: [GC[YG occupancy: 16709 K (21184 K)]9.470: [Rescan (parallel) , 0.0042150 secs]9.475: [weak refs processing, 0.0000110 secs] [1 CMS-remark: 797872K(797952K)] 814581K(819136K), 0.0042820 secs]
9.480: [CMS-concurrent-sweep-start]
9.482: [CMS-concurrent-sweep: 0.002/0.002 secs]
9.482: [CMS-concurrent-reset-start]
9.486: [CMS-concurrent-reset: 0.004/0.004 secs]
9.488: [GC 9.488: [ParNew: 21106K->21106K(21184K), 0.0000110 secs]9.488: [CMS (concurrent mode failure): 797872K->797869K(797952K), 0.2869430 secs] 818979K->807149K(819136K), 0.2870930 secs]
9.776: [GC [1 CMS-initial-mark: 797869K(797952K)] 807246K(819136K), 0.0000950 secs]
9.777: [CMS-concurrent-mark-start]
9.800: [CMS-concurrent-mark: 0.023/0.023 secs]
9.800: [CMS-concurrent-preclean-start]
9.804: [CMS-concurrent-preclean: 0.004/0.004 secs]
9.804: [CMS-concurrent-abortable-preclean-start]
9.804: [CMS-concurrent-abortable-preclean: 0.000/0.000 secs]
9.812: [Full GC 9.812: [CMS (concurrent mode failure): 797869K->797869K(797952K), 0.0222670 secs] 818972K->811056K(819136K), [CMS Perm : 2210K->2210K(21248K)], 0.0223860 secs]
9.848: [Full GC 9.848: [CMS (concurrent mode failure): 797869K->797869K(797952K), 0.0263640 secs] 818972K->813693K(819136K), [CMS Perm : 2210K->2210K(21248K)], 0.0264740 secs]
9.875: [GC [1 CMS-initial-mark: 797869K(797952K)] 813791K(819136K), 0.0001080 secs]
9.875: [CMS-concurrent-mark-start]
9.887: [CMS-concurrent-mark: 0.012/0.012 secs]
9.887: [CMS-concurrent-preclean-start]
9.903: [CMS-concurrent-preclean: 0.016/0.016 secs]
9.903: [CMS-concurrent-abortable-preclean-start]
9.903: [CMS-concurrent-abortable-preclean: 0.000/0.000 secs]
9.908: [GC[YG occupancy: 19537 K (21184 K)]9.908: [Rescan (parallel) , 0.0159270 secs]9.924: [weak refs processing, 0.0000050 secs] [1 CMS-remark: 797869K(797952K)] 817407K(819136K), 0.0159910 secs]
9.924: [CMS-concurrent-sweep-start]
9.926: [CMS-concurrent-sweep: 0.002/0.002 secs]
9.926: [CMS-concurrent-reset-start]
9.932: [CMS-concurrent-reset: 0.006/0.006 secs]
9.932: [GC 9.932: [ParNew: 21102K->21102K(21184K), 0.0000110 secs]9.932: [CMS (concurrent mode failure): 797869K->797869K(797952K), 0.0298810 secs] 818972K->815451K(819136K), 0.0300050 secs]
9.968: [Full GC 9.968: [CMS (concurrent mode failure): 797869K->797869K(797952K), 0.0138480 secs] 818970K->816623K(819136K), [CMS Perm : 2210K->2210K(21248K)], 0.0139580 secs]
9.988: [Full GC 9.988: [CMS (concurrent mode failure): 797869K->797869K(797952K), 0.0174200 secs] 818970K->817405K(819136K), [CMS Perm : 2210K->2210K(21248K)], 0.0175260 secs]
10.006: [GC [1 CMS-initial-mark: 797869K(797952K)] 817503K(819136K), 0.0001120 secs]
10.006: [CMS-concurrent-mark-start]
10.013: [CMS-concurrent-mark: 0.007/0.007 secs]
10.013: [CMS-concurrent-preclean-start]
10.026: [Full GC 10.026: [CMS10.027: [CMS-concurrent-preclean: 0.014/0.014 secs]
 (concurrent mode failure): 797869K->797869K(797952K), 0.0262550 secs] 818970K->817991K(819136K), [CMS Perm : 2210K->2210K(21248K)], 0.0263600 secs]
10.060: [Full GC 10.060: [CMS (concurrent mode failure): 797869K->797869K(797952K), 0.0213980 secs] 818970K->818284K(819136K), [CMS Perm : 2210K->2210K(21248K)], 0.0215240 secs]
10.084: [Full GC 10.084: [CMS (concurrent mode failure): 797869K->797869K(797952K), 0.0169380 secs] 818970K->818479K(819136K), [CMS Perm : 2210K->2210K(21248K)], 0.0170470 secs]
10.108: [Full GC 10.108: [CMS (concurrent mode failure): 797869K->797869K(797952K), 0.0130580 secs] 818970K->818675K(819136K), [CMS Perm : 2210K->2210K(21248K)], 0.0131650 secs]
10.128: [Full GC 10.128: [CMS (concurrent mode failure): 797869K->797869K(797952K), 0.0209640 secs] 818970K->818772K(819136K), [CMS Perm : 2210K->2210K(21248K)], 0.0210730 secs]
10.150: [Full GC 10.150: [CMS (concurrent mode failure): 797869K->797869K(797952K), 0.0132670 secs] 818970K->818870K(819136K), [CMS Perm : 2210K->2210K(21248K)], 0.0133790 secs]
10.169: [Full GC 10.169: [CMS (concurrent mode failure): 797869K->797869K(797952K), 0.0129270 secs] 818968K->818870K(819136K), [CMS Perm : 2210K->2210K(21248K)], 0.0130430 secs]
10.182: [Full GC 10.182: [CMS (concurrent mode failure): 797869K->797869K(797952K), 0.0130290 secs] 818968K->818870K(819136K), [CMS Perm : 2210K->2210K(21248K)], 0.0131340 secs]
10.195: [Full GC 10.195: [CMS (concurrent mode failure): 797869K->797869K(797952K), 0.0130530 secs] 818968K->818968K(819136K), [CMS Perm : 2210K->2210K(21248K)], 0.0132090 secs]
10.208: [Full GC 10.208: [CMS (concurrent mode failure): 797869K->797869K(797952K), 0.0130480 secs] 818968K->818968K(819136K), [CMS Perm : 2210K->2210K(21248K)], 0.0131490 secs]
