0.116: [GC 0.116: [DefNew: 2680K->315K(3072K), 0.0025460 secs] 2680K->910K(9920K), 0.0026010 secs]
0.125: [GC 0.125: [DefNew: 2982K->293K(3072K), 0.0006600 secs] 3576K->1789K(9920K), 0.0006870 secs]
0.133: [GC 0.133: [DefNew: 2949K->293K(3072K), 0.0004900 secs] 4445K->2668K(9920K), 0.0005150 secs]
0.141: [GC 0.141: [DefNew: 3041K->293K(3072K), 0.0011640 secs] 5416K->3645K(9920K), 0.0011980 secs]
0.149: [GC 0.149: [DefNew: 3036K->293K(3072K), 0.0004220 secs] 6388K->4524K(9920K), 0.0004460 secs]
0.157: [GC 0.157: [DefNew: 3033K->293K(3072K), 0.0007670 secs] 7265K->5404K(9920K), 0.0008020 secs]
0.161: [GC 0.161: [DefNew: 3031K->293K(3072K), 0.0005120 secs] 8142K->6381K(9920K), 0.0005390 secs]
0.169: [GC 0.169: [DefNew: 3031K->293K(3072K), 0.0005930 secs]0.170: [Tenured: 6967K->6967K(7040K), 0.0031480 secs] 9118K->7260K(10112K), 0.0038270 secs]
0.185: [GC 0.185: [DefNew: 4593K->488K(5248K), 0.0024600 secs] 11561K->8725K(16864K), 0.0025100 secs]
0.195: [GC 0.195: [DefNew: 5083K->489K(5248K), 0.0014630 secs] 13320K->10192K(16864K), 0.0015120 secs]
0.225: [GC 0.225: [DefNew: 5082K->488K(5248K), 0.0011510 secs] 14785K->11754K(16864K), 0.0012070 secs]
0.237: [GC 0.237: [DefNew: 5083K->489K(5248K), 0.0015660 secs]0.239: [Tenured: 12829K->12927K(12960K), 0.0033630 secs] 16349K->13319K(18208K), 0.0050410 secs]
0.261: [GC 0.261: [DefNew: 8699K->978K(9792K), 0.0079580 secs] 21626K->16054K(31340K), 0.0080210 secs]
0.288: [GC 0.288: [DefNew: 9675K->976K(9792K), 0.0024640 secs] 24751K->18984K(31340K), 0.0025270 secs]
0.313: [GC 0.313: [DefNew: 9676K->979K(9792K), 0.0024010 secs] 27684K->21819K(31340K), 0.0024670 secs]
0.331: [GC 0.331: [DefNew: 9676K->976K(9792K), 0.0112650 secs]0.342: [Tenured: 23773K->23773K(23852K), 0.0035180 secs] 30517K->24750K(33644K), 0.0149520 secs]
0.374: [GC 0.374: [DefNew: 15833K->1957K(17856K), 0.0056630 secs] 39607K->29735K(57480K), 0.0057350 secs]
0.408: [GC 0.408: [DefNew: 17787K->1953K(17856K), 0.0044220 secs] 45565K->35010K(57480K), 0.0044930 secs]
0.442: [GC 0.442: [DefNew: 17783K->1953K(17856K), 0.0042410 secs] 50840K->40284K(57480K), 0.0043120 secs]
0.475: [GC 0.475: [DefNew: 17789K->1958K(17856K), 0.0054580 secs]0.480: [Tenured: 43606K->43595K(43656K), 0.0309220 secs] 56120K->45554K(61512K), 0.0366240 secs]
0.577: [GC 0.577: [DefNew: 29123K->3521K(32768K), 0.0088720 secs] 72719K->54541K(105428K), 0.0089440 secs]
0.641: [GC 0.641: [DefNew: 32640K->3516K(32768K), 0.0072500 secs] 83659K->64309K(105428K), 0.0073230 secs]
0.713: [GC 0.713: [DefNew: 32643K->3524K(32768K), 0.0076800 secs] 93435K->73987K(105428K), 0.0077520 secs]
0.765: [GC 0.765: [DefNew: 32643K->3516K(32768K), 0.0095130 secs]0.775: [Tenured: 80141K->80141K(80148K), 0.0048720 secs] 103106K->83657K(112916K), 0.0146840 secs]
0.848: [GC 0.848: [DefNew: 53458K->6654K(60160K), 0.0261330 secs] 133600K->100373K(193732K), 0.0262030 secs]
0.945: [GC 0.945: [DefNew: 60102K->6642K(60160K), 0.0166670 secs] 153821K->118150K(193732K), 0.0167460 secs]
1.032: [GC 1.032: [DefNew: 60091K->6642K(60160K), 0.0176980 secs] 171599K->135928K(193732K), 0.0177700 secs]
1.120: [GC 1.120: [DefNew: 60108K->6642K(60160K), 0.0186860 secs]1.139: [Tenured: 147179K->147179K(147204K), 0.0065510 secs] 189395K->153821K(207364K), 0.0258090 secs]
1.276: [GC 1.276: [DefNew: 98198K->12209K(110464K), 0.0809630 secs] 245377K->184297K(355764K), 0.0810380 secs]
1.487: [GC 1.487: [DefNew: 110410K->12209K(110464K), 0.0334130 secs] 282498K->217020K(355764K), 0.0334860 secs]
1.650: [GC 1.650: [DefNew: 110436K->12139K(110464K), 0.0308510 secs] 315247K->249770K(355764K), 0.0309250 secs]
1.810: [GC 1.810: [DefNew: 110339K->12209K(110464K), 0.0311850 secs]1.842: [Tenured: 270283K->270380K(270452K), 0.0099540 secs] 347970K->282492K(380916K), 0.0417760 secs]
2.186: [GC 2.187: [DefNew: 180215K->22506K(202816K), 0.0615040 secs] 450596K->338503K(653452K), 0.0615750 secs]
2.486: [GC 2.486: [DefNew: 202783K->22466K(202816K), 0.1296710 secs] 518780K->398576K(653452K), 0.1297420 secs]
2.854: [GC 2.854: [DefNew: 202743K->202743K(202816K), 0.0000090 secs]2.854: [Tenured: 376110K->450569K(450636K), 0.1983880 secs] 578853K->458579K(653452K), 0.1987590 secs]
3.429: [GC 3.429: [DefNew: 218442K->218442K(245760K), 0.0000090 secs]3.429: [Tenured: 450569K->528774K(546176K), 0.0917740 secs] 669012K->528774K(791936K), 0.0918890 secs]
3.810: [GC 3.810: [DefNew: 218481K->218481K(245760K), 0.0000080 secs]3.810: [Tenured: 528774K->546161K(546176K), 0.0455450 secs] 747256K->601545K(791936K), 0.0456430 secs]
4.070: [Full GC 4.071: [Tenured: 546161K->546161K(546176K), 0.0333680 secs] 764626K->655953K(791936K), [Perm : 2211K->2211K(21248K)], 0.0334440 secs]
4.321: [Full GC 4.321: [Tenured: 546161K->546120K(546176K), 0.1218650 secs] 791861K->701138K(791936K), [Perm : 2211K->2211K(21248K)], 0.1219460 secs]
4.563: [Full GC 4.563: [Tenured: 546120K->546120K(546176K), 0.0219060 secs] 791807K->731419K(791936K), [Perm : 2211K->2211K(21248K)], 0.0219820 secs]
4.664: [Full GC 4.665: [Tenured: 546120K->546120K(546176K), 0.0178840 secs] 791797K->751541K(791936K), [Perm : 2211K->2211K(21248K)], 0.0179560 secs]
4.735: [Full GC 4.735: [Tenured: 546120K->546120K(546176K), 0.0138220 secs] 791784K->765014K(791936K), [Perm : 2211K->2211K(21248K)], 0.0138970 secs]
4.784: [Full GC 4.784: [Tenured: 546120K->546157K(546176K), 0.1230780 secs] 791778K->773842K(791936K), [Perm : 2211K->2211K(21248K)], 0.1231530 secs]
4.931: [Full GC 4.931: [Tenured: 546157K->546157K(546176K), 0.0098070 secs] 791815K->779800K(791936K), [Perm : 2211K->2211K(21248K)], 0.0098820 secs]
4.956: [Full GC 4.956: [Tenured: 546157K->546157K(546176K), 0.0088750 secs] 791815K->783805K(791936K), [Perm : 2211K->2211K(21248K)], 0.0089500 secs]
4.975: [Full GC 4.975: [Tenured: 546157K->546157K(546176K), 0.0092120 secs] 791815K->786540K(791936K), [Perm : 2211K->2211K(21248K)], 0.0092820 secs]
4.991: [Full GC 4.991: [Tenured: 546157K->546157K(546176K), 0.0082610 secs] 791815K->788299K(791936K), [Perm : 2211K->2211K(21248K)], 0.0083300 secs]
5.004: [Full GC 5.004: [Tenured: 546157K->546157K(546176K), 0.0077220 secs] 791815K->789471K(791936K), [Perm : 2211K->2211K(21248K)], 0.0077860 secs]
5.014: [Full GC 5.015: [Tenured: 546157K->546157K(546176K), 0.0075590 secs] 791815K->790252K(791936K), [Perm : 2211K->2211K(21248K)], 0.0076190 secs]
5.024: [Full GC 5.024: [Tenured: 546157K->546157K(546176K), 0.0071170 secs] 791815K->790741K(791936K), [Perm : 2211K->2211K(21248K)], 0.0071790 secs]
5.032: [Full GC 5.032: [Tenured: 546157K->546157K(546176K), 0.0067630 secs] 791815K->791131K(791936K), [Perm : 2211K->2211K(21248K)], 0.0068250 secs]
5.040: [Full GC 5.040: [Tenured: 546157K->546157K(546176K), 0.0065510 secs] 791815K->791327K(791936K), [Perm : 2211K->2211K(21248K)], 0.0066110 secs]
5.047: [Full GC 5.047: [Tenured: 546157K->546157K(546176K), 0.0063390 secs] 791815K->791522K(791936K), [Perm : 2211K->2211K(21248K)], 0.0063970 secs]
5.054: [Full GC 5.054: [Tenured: 546157K->546157K(546176K), 0.0061770 secs] 791815K->791620K(791936K), [Perm : 2211K->2211K(21248K)], 0.0062360 secs]
5.061: [Full GC 5.061: [Tenured: 546157K->546157K(546176K), 0.0060330 secs] 791815K->791620K(791936K), [Perm : 2211K->2211K(21248K)], 0.0060930 secs]
5.067: [Full GC 5.067: [Tenured: 546157K->546157K(546176K), 0.0060000 secs] 791815K->791717K(791936K), [Perm : 2211K->2211K(21248K)], 0.0060570 secs]
5.073: [Full GC 5.073: [Tenured: 546157K->546157K(546176K), 0.0058980 secs] 791815K->791717K(791936K), [Perm : 2211K->2211K(21248K)], 0.0059560 secs]
5.080: [Full GC 5.080: [Tenured: 546157K->546157K(546176K), 0.0059590 secs] 791815K->791815K(791936K), [Perm : 2211K->2211K(21248K)], 0.0060150 secs]
5.086: [Full GC 5.086: [Tenured: 546157K->546155K(546176K), 0.1840930 secs] 791815K->791812K(791936K), [Perm : 2211K->2210K(21248K)], 0.1841730 secs]
