0.158: [GC 0.158: [ParNew: 3965K->0K(4032K), 0.0510530 secs] 3965K->650K(10176K), 0.0510900 secs]
0.212: [GC 0.212: [ParNew: 3963K->0K(4032K), 0.0007460 secs] 4613K->1218K(10176K), 0.0007690 secs]
0.216: [GC 0.216: [ParNew: 3966K->0K(4032K), 0.0124590 secs] 5184K->1800K(10176K), 0.0125000 secs]
0.233: [GC 0.233: [ParNew: 3964K->0K(4032K), 0.0080440 secs] 5764K->2370K(10176K), 0.0081020 secs]
0.253: [GC 0.253: [ParNew: 3963K->0K(4032K), 0.0079790 secs] 6334K->2950K(10176K), 0.0080010 secs]
0.265: [GC 0.265: [ParNew: 3966K->0K(4032K), 0.0004440 secs] 6916K->3522K(10176K), 0.0004620 secs]
0.269: [GC 0.269: [ParNew: 3963K->0K(4032K), 0.0164730 secs] 7486K->4101K(10176K), 0.0165090 secs]
0.293: [GC 0.293: [ParNew: 3960K->0K(4032K), 0.0319600 secs] 8062K->4668K(10176K), 0.0319900 secs]
0.332: [GC [1 CMS-initial-mark: 4668K(6144K)] 4677K(10176K), 0.0009270 secs]
0.333: [CMS-concurrent-mark-start]
0.385: [GC 0.385: [ParNew: 3959K->0K(4032K), 0.0006130 secs] 8627K->5243K(10176K), 0.0006400 secs]
0.393: [CMS-concurrent-mark: 0.056/0.060 secs]
0.393: [GC 0.393: [ParNew: 3963K->0K(4032K), 0.0035370 secs] 9207K->5822K(10304K), 0.0035640 secs]
0.400: [CMS-concurrent-preclean-start]
0.401: [CMS-concurrent-preclean: 0.001/0.001 secs]
0.401: [GC 0.401: [ParNew: 3960K->0K(4032K), 0.0082600 secs] 9783K->6389K(10944K), 0.0082910 secs]
0.421: [GC0.421: [Rescan (parallel) , 0.0007430 secs]0.422: [weak refs processing, 0.0000100 secs] [1 CMS-remark: 6389K(6912K)] 10339K(10944K), 0.0008260 secs]
0.422: [CMS-concurrent-sweep-start]
0.422: [CMS-concurrent-sweep: 0.000/0.000 secs]
0.422: [CMS-concurrent-reset-start]
0.433: [GC 0.433: [ParNew: 3963K->0K(4032K), 0.0010290 secs] 10304K->6920K(14600K), 0.0010680 secs]
0.441: [CMS-concurrent-reset: 0.019/0.019 secs]
0.441: [GC 0.441: [ParNew: 3960K->0K(4032K), 0.0016220 secs] 10880K->7486K(14600K), 0.0016570 secs]
0.447: [GC 0.447: [ParNew: 3964K->0K(4032K), 0.0013070 secs] 11450K->8066K(14600K), 0.0013440 secs]
0.449: [GC [1 CMS-initial-mark: 8066K(10568K)] 8637K(14600K), 0.0000670 secs]
0.449: [CMS-concurrent-mark-start]
0.480: [GC 0.480: [ParNew: 3963K->0K(4032K), 0.0006400 secs] 12029K->8645K(14600K), 0.0006670 secs]
0.484: [GC 0.484: [ParNew: 3960K->0K(4032K), 0.0029310 secs] 12605K->9211K(14600K), 0.0029590 secs]
0.492: [GC 0.492: [ParNew: 3963K->0K(4032K), 0.0005870 secs] 13175K->9791K(14600K), 0.0006150 secs]
0.500: [CMS-concurrent-mark: 0.051/0.051 secs]
0.500: [CMS-concurrent-preclean-start]
0.501: [CMS-concurrent-preclean: 0.001/0.001 secs]
0.501: [GC 0.501: [ParNew: 3960K->0K(4032K), 0.0007430 secs] 13751K->10357K(14600K), 0.0007710 secs]
0.506: [GC 0.506: [ParNew: 3963K->0K(4032K), 0.0007750 secs] 14321K->10936K(15240K), 0.0007990 secs]
0.509: [GC0.509: [Rescan (parallel) , 0.0003550 secs]0.509: [weak refs processing, 0.0000050 secs] [1 CMS-remark: 10936K(11208K)] 13778K(15240K), 0.0003920 secs]
0.509: [CMS-concurrent-sweep-start]
0.510: [CMS-concurrent-sweep: 0.000/0.000 secs]
0.510: [CMS-concurrent-reset-start]
0.519: [CMS-concurrent-reset: 0.009/0.009 secs]
0.520: [GC 0.520: [ParNew: 3967K->0K(4032K), 0.0244180 secs] 14869K->11495K(22204K), 0.0244570 secs]
0.557: [GC 0.557: [ParNew: 3963K->0K(4032K), 0.0054000 secs] 15458K->12064K(22204K), 0.0054260 secs]
0.569: [GC 0.569: [ParNew: 3963K->0K(4032K), 0.0039940 secs] 16028K->12644K(22204K), 0.0040350 secs]
0.577: [GC 0.577: [ParNew: 3960K->0K(4032K), 0.0119660 secs] 16604K->13210K(22204K), 0.0119910 secs]
0.589: [GC [1 CMS-initial-mark: 13210K(18172K)] 13220K(22204K), 0.0000560 secs]
0.589: [CMS-concurrent-mark-start]
0.653: [GC 0.653: [ParNew: 3963K->0K(4032K), 0.0119140 secs] 17174K->13789K(22204K), 0.0119470 secs]
0.668: [GC 0.668: [ParNew: 3960K->0K(4032K), 0.0083530 secs] 17750K->14356K(22204K), 0.0084010 secs]
0.680: [GC 0.680: [ParNew: 3963K->0K(4032K), 0.0074650 secs] 18319K->14935K(22204K), 0.0075100 secs]
0.693: [CMS-concurrent-mark: 0.065/0.104 secs]
0.693: [GC 0.693: [ParNew: 3960K->0K(4032K), 0.0127450 secs] 18895K->15501K(22204K), 0.0127920 secs]
0.706: [CMS-concurrent-preclean-start]
0.707: [CMS-concurrent-preclean: 0.001/0.001 secs]
0.717: [GC0.717: [Rescan (parallel) , 0.0119780 secs]0.729: [weak refs processing, 0.0000040 secs] [1 CMS-remark: 15501K(18172K)] 15752K(22204K), 0.0120180 secs]
0.729: [CMS-concurrent-sweep-start]
0.729: [CMS-concurrent-sweep: 0.000/0.000 secs]
0.729: [CMS-concurrent-reset-start]
0.745: [GC 0.745: [ParNew: 3963K->0K(4032K), 0.0007590 secs] 19402K->16018K(29768K), 0.0007920 secs]
0.748: [CMS-concurrent-reset: 0.015/0.019 secs]
0.750: [GC 0.750: [ParNew: 3960K->0K(4032K), 0.0104750 secs] 19979K->16584K(29768K), 0.0105230 secs]
0.765: [GC 0.765: [ParNew: 3967K->0K(4032K), 0.0159270 secs] 20552K->17188K(29768K), 0.0159530 secs]
0.797: [GC [1 CMS-initial-mark: 17188K(25736K)] 17201K(29768K), 0.0000600 secs]
0.797: [CMS-concurrent-mark-start]
0.834: [GC 0.834: [ParNew: 3963K->0K(4032K), 0.0006880 secs] 21151K->17757K(29768K), 0.0007150 secs]
0.840: [CMS-concurrent-mark: 0.042/0.043 secs]
0.840: [CMS-concurrent-preclean-start]
0.840: [CMS-concurrent-preclean: 0.000/0.000 secs]
0.845: [GC0.845: [Rescan (parallel) , 0.0002140 secs]0.845: [weak refs processing, 0.0000040 secs] [1 CMS-remark: 17757K(25736K)] 20520K(29768K), 0.0002550 secs]
0.845: [CMS-concurrent-sweep-start]
0.846: [CMS-concurrent-sweep: 0.001/0.001 secs]
0.846: [CMS-concurrent-reset-start]
0.851: [GC 0.851: [ParNew: 3963K->0K(4032K), 0.0014750 secs] 21671K->18287K(33548K), 0.0015180 secs]
0.859: [CMS-concurrent-reset: 0.013/0.013 secs]
0.861: [GC 0.861: [ParNew: 3960K->0K(4032K), 0.0036790 secs] 22247K->18853K(33548K), 0.0037120 secs]
0.868: [GC 0.868: [ParNew: 3963K->0K(4032K), 0.0044460 secs] 22817K->19433K(33548K), 0.0044680 secs]
0.876: [GC 0.876: [ParNew: 3960K->0K(4032K), 0.0006900 secs] 23393K->19999K(33548K), 0.0007130 secs]
0.880: [GC 0.880: [ParNew: 3963K->0K(4032K), 0.0032540 secs] 23963K->20578K(33548K), 0.0033010 secs]
0.893: [GC [1 CMS-initial-mark: 20578K(29516K)] 23580K(33548K), 0.0001140 secs]
0.893: [CMS-concurrent-mark-start]
0.894: [GC 0.894: [ParNew: 3960K->0K(4032K), 0.0067260 secs] 24539K->21145K(33548K), 0.0067520 secs]
0.952: [GC 0.952: [ParNew: 3963K->0K(4032K), 0.0123670 secs] 25108K->21724K(33548K), 0.0124250 secs]
0.977: [CMS-concurrent-mark: 0.065/0.084 secs]
0.977: [CMS-concurrent-preclean-start]
0.978: [CMS-concurrent-preclean: 0.001/0.001 secs]
0.985: [GC 0.985: [ParNew: 3960K->0K(4032K), 0.0006370 secs] 25684K->22290K(33548K), 0.0006670 secs]
1.005: [GC1.005: [Rescan (parallel) , 0.0057480 secs]1.011: [weak refs processing, 0.0000050 secs] [1 CMS-remark: 22290K(29516K)] 26218K(33548K), 0.0058060 secs]
1.011: [CMS-concurrent-sweep-start]
1.011: [CMS-concurrent-sweep: 0.001/0.001 secs]
1.011: [CMS-concurrent-reset-start]
1.021: [GC 1.021: [ParNew: 3963K->0K(4032K), 0.0019700 secs] 26215K->22830K(41120K), 0.0020130 secs]
1.038: [GC 1.038: [ParNew: 3960K->0K(4032K), 0.0109840 secs] 26791K->23397K(41120K), 0.0110290 secs]
1.051: [CMS-concurrent-reset: 0.034/0.040 secs]
1.053: [GC 1.053: [ParNew: 3963K->0K(4032K), 0.0113820 secs] 27360K->23976K(41120K), 0.0114340 secs]
1.068: [GC 1.068: [ParNew: 3960K->0K(4032K), 0.0011000 secs] 27937K->24542K(41120K), 0.0011370 secs]
1.073: [GC 1.073: [ParNew: 3963K->0K(4032K), 0.0039590 secs] 28506K->25122K(41120K), 0.0039920 secs]
1.080: [GC 1.081: [ParNew: 3960K->0K(4032K), 0.0042980 secs] 29082K->25727K(41120K), 0.0043320 secs]
1.088: [GC 1.088: [ParNew: 3963K->0K(4032K), 0.0006660 secs] 29691K->26306K(41120K), 0.0006910 secs]
1.101: [GC [1 CMS-initial-mark: 26306K(37088K)] 27517K(41120K), 0.0000840 secs]
1.101: [CMS-concurrent-mark-start]
1.153: [GC 1.153: [ParNew: 3960K->0K(4032K), 0.0009790 secs] 30267K->26873K(41120K), 0.0010140 secs]
1.158: [CMS-concurrent-mark: 0.053/0.057 secs]
1.158: [GC 1.158: [ParNew: 3963K->0K(4032K), 0.0007820 secs] 30836K->27452K(41120K), 0.0008110 secs]
1.162: [GC 1.162: [ParNew: 3960K->0K(4032K), 0.0063890 secs] 31412K->28018K(41120K), 0.0064140 secs]
1.172: [GC 1.172: [ParNew: 3963K->0K(4032K), 0.0011820 secs] 31982K->28598K(41120K), 0.0012140 secs]
1.177: [CMS-concurrent-preclean-start]
1.177: [GC 1.177: [ParNew: 3960K->0K(4032K), 0.0037210 secs] 32558K->29164K(41120K), 0.0037490 secs]
1.182: [CMS-concurrent-preclean: 0.001/0.005 secs]
1.185: [GC1.185: [Rescan (parallel) , 0.0039810 secs]1.189: [weak refs processing, 0.0000040 secs] [1 CMS-remark: 29164K(37088K)] 30762K(41120K), 0.0040190 secs]
1.189: [CMS-concurrent-sweep-start]
1.190: [CMS-concurrent-sweep: 0.001/0.001 secs]
1.190: [CMS-concurrent-reset-start]
1.192: [GC 1.192: [ParNew: 3963K->0K(4032K), 0.0051180 secs] 33048K->29664K(52508K), 0.0051520 secs]
1.204: [GC 1.204: [ParNew: 3960K->0K(4032K), 0.0053730 secs] 33625K->30230K(52508K), 0.0054090 secs]
1.214: [CMS-concurrent-reset: 0.018/0.024 secs]
1.214: [GC 1.214: [ParNew: 3963K->0K(4032K), 0.0102780 secs] 34194K->30810K(52508K), 0.0103360 secs]
1.233: [GC 1.233: [ParNew: 3960K->0K(4032K), 0.0115180 secs] 34770K->31376K(52508K), 0.0115630 secs]
1.248: [GC 1.248: [ParNew: 3963K->0K(4032K), 0.0007830 secs] 35340K->31955K(52508K), 0.0008090 secs]
1.253: [GC 1.253: [ParNew: 3960K->0K(4032K), 0.0121700 secs] 35916K->32522K(52508K), 0.0122030 secs]
1.269: [GC 1.269: [ParNew: 3963K->0K(4032K), 0.0011800 secs] 36485K->33101K(52508K), 0.0012140 secs]
1.273: [GC 1.273: [ParNew: 3960K->0K(4032K), 0.0032780 secs] 37062K->33667K(52508K), 0.0033050 secs]
1.280: [GC 1.280: [ParNew: 3963K->0K(4032K), 0.0086360 secs] 37631K->34247K(52508K), 0.0086620 secs]
1.292: [GC 1.292: [ParNew: 3960K->0K(4032K), 0.0082720 secs] 38207K->34813K(52508K), 0.0083210 secs]
1.304: [GC 1.304: [ParNew: 3963K->0K(4032K), 0.0083700 secs] 38777K->35392K(52508K), 0.0083990 secs]
1.316: [GC 1.316: [ParNew: 3960K->0K(4032K), 0.0126040 secs] 39353K->35959K(52508K), 0.0126330 secs]
1.332: [GC 1.332: [ParNew: 3963K->0K(4032K), 0.0047270 secs] 39922K->36538K(52508K), 0.0047530 secs]
1.340: [GC 1.340: [ParNew: 3960K->0K(4032K), 0.0126380 secs] 40499K->37104K(52508K), 0.0126810 secs]
1.368: [GC 1.368: [ParNew: 3963K->0K(4032K), 0.0044690 secs] 41068K->37684K(52508K), 0.0044970 secs]
1.377: [GC [1 CMS-initial-mark: 37684K(48476K)] 37694K(52508K), 0.0000560 secs]
1.377: [CMS-concurrent-mark-start]
1.381: [GC 1.381: [ParNew: 3960K->0K(4032K), 0.0075860 secs] 41644K->38250K(52508K), 0.0076190 secs]
1.434: [GC 1.434: [ParNew: 3963K->0K(4032K), 0.0030140 secs] 42213K->38888K(52508K), 0.0030530 secs]
1.441: [CMS-concurrent-mark: 0.054/0.064 secs]
1.441: [CMS-concurrent-preclean-start]
1.445: [GC 1.445: [ParNew: 3960K->0K(4032K), 0.0010500 secs] 42848K->39454K(52508K), 0.0010830 secs]
1.447: [CMS-concurrent-preclean: 0.004/0.006 secs]
1.453: [GC1.453: [Rescan (parallel) , 0.0039830 secs]1.457: [weak refs processing, 0.0000030 secs] [1 CMS-remark: 39454K(48476K)] 39513K(52508K), 0.0040210 secs]
1.457: [CMS-concurrent-sweep-start]
1.458: [CMS-concurrent-sweep: 0.001/0.001 secs]
1.458: [CMS-concurrent-reset-start]
1.462: [GC 1.462: [ParNew: 3963K->0K(4032K), 0.0041210 secs] 43330K->39945K(69644K), 0.0042000 secs]
1.472: [GC 1.473: [ParNew: 4280K->0K(4352K), 0.0081880 secs] 44225K->40558K(69964K), 0.0082280 secs]
1.482: [CMS-concurrent-reset: 0.012/0.024 secs]
1.489: [GC 1.489: [ParNew: 4283K->0K(4352K), 0.0041100 secs] 44841K->41183K(69964K), 0.0041660 secs]
1.501: [GC 1.501: [ParNew: 4280K->0K(4352K), 0.0039440 secs] 45463K->41795K(69964K), 0.0039750 secs]
1.509: [GC 1.509: [ParNew: 4283K->0K(4352K), 0.0047730 secs] 46078K->42420K(69964K), 0.0047990 secs]
1.521: [GC 1.521: [ParNew: 4280K->0K(4352K), 0.0013800 secs] 46700K->43032K(69964K), 0.0014160 secs]
1.529: [GC 1.529: [ParNew: 4283K->0K(4352K), 0.0039490 secs] 47316K->43657K(69964K), 0.0039760 secs]
1.537: [GC 1.537: [ParNew: 4280K->0K(4352K), 0.0079430 secs] 47937K->44269K(69964K), 0.0079760 secs]
1.549: [GC 1.549: [ParNew: 4283K->0K(4352K), 0.0066700 secs] 48553K->44895K(69964K), 0.0067290 secs]
1.561: [GC 1.561: [ParNew: 4280K->0K(4352K), 0.0079390 secs] 49175K->45507K(69964K), 0.0079700 secs]
1.575: [GC 1.575: [ParNew: 4283K->0K(4352K), 0.0015760 secs] 49790K->46132K(69964K), 0.0016050 secs]
1.581: [GC 1.581: [ParNew: 4280K->0K(4352K), 0.0079770 secs] 50412K->46744K(69964K), 0.0080030 secs]
1.593: [GC 1.593: [ParNew: 4283K->0K(4352K), 0.0058670 secs] 51028K->47369K(69964K), 0.0059180 secs]
1.605: [GC 1.605: [ParNew: 4280K->0K(4352K), 0.0034960 secs] 51649K->47981K(69964K), 0.0035270 secs]
1.613: [GC 1.613: [ParNew: 4283K->0K(4352K), 0.0079610 secs] 52265K->48607K(69964K), 0.0079870 secs]
1.624: [GC 1.624: [ParNew: 4280K->0K(4352K), 0.0082550 secs] 52887K->49219K(69964K), 0.0082910 secs]
1.637: [GC 1.637: [ParNew: 4283K->0K(4352K), 0.0080000 secs] 53502K->49844K(69964K), 0.0080450 secs]
1.649: [GC 1.649: [ParNew: 4280K->0K(4352K), 0.0079640 secs] 54124K->50456K(69964K), 0.0079900 secs]
1.661: [GC 1.661: [ParNew: 4283K->0K(4352K), 0.0079790 secs] 54739K->51081K(69964K), 0.0080200 secs]
1.681: [GC 1.681: [ParNew: 4280K->0K(4352K), 0.0039380 secs] 55361K->51693K(69964K), 0.0039750 secs]
1.689: [GC 1.689: [ParNew: 4283K->0K(4352K), 0.0055940 secs] 55977K->52319K(69964K), 0.0056260 secs]
1.699: [GC 1.699: [ParNew: 4280K->0K(4352K), 0.0063230 secs] 56599K->52931K(69964K), 0.0063610 secs]
1.709: [GC 1.709: [ParNew: 4283K->0K(4352K), 0.0041230 secs] 57214K->53556K(69964K), 0.0041630 secs]
1.717: [GC [1 CMS-initial-mark: 53556K(65612K)] 53566K(69964K), 0.0000650 secs]
1.717: [CMS-concurrent-mark-start]
1.772: [GC 1.772: [ParNew: 4280K->0K(4352K), 0.0049920 secs] 57836K->54168K(69964K), 0.0050240 secs]
1.781: [CMS-concurrent-mark: 0.059/0.064 secs]
1.785: [GC 1.785: [ParNew: 4283K->0K(4352K), 0.0010580 secs] 58451K->54793K(69964K), 0.0010880 secs]
1.789: [CMS-concurrent-preclean-start]
1.793: [GC 1.793: [ParNew: 4280K->0K(4352K), 0.0014200 secs] 59073K->55405K(69964K), 0.0014550 secs]
1.797: [CMS-concurrent-preclean: 0.001/0.008 secs]
1.801: [GC1.801: [Rescan (parallel) , 0.0039760 secs]1.805: [weak refs processing, 0.0000050 secs] [1 CMS-remark: 55405K(65612K)] 58420K(69964K), 0.0040220 secs]
1.805: [CMS-concurrent-sweep-start]
1.806: [GC 1.806: [ParNew: 4283K->0K(4352K), 0.0065240 secs] 59634K->55975K(69964K), 0.0065540 secs]
1.816: [GC 1.816: [ParNew: 4280K->0K(4352K), 0.0013930 secs] 60255K->56588K(69964K), 0.0014190 secs]
1.822: [CMS-concurrent-sweep: 0.003/0.017 secs]
1.822: [GC 1.822: [ParNew: 4283K->0K(4352K), 0.0015270 secs] 60754K->57095K(69964K), 0.0015640 secs]
1.825: [CMS-concurrent-reset-start]
1.833: [GC 1.833: [ParNew: 4281K->0K(4352K), 0.0039900 secs] 61376K->57806K(99512K), 0.0040490 secs]
1.849: [GC 1.849: [ParNew: 6266K->0K(6336K), 0.0013600 secs] 64073K->58703K(101496K), 0.0013930 secs]
1.869: [GC 1.869: [ParNew: 6270K->0K(6336K), 0.0018390 secs] 64973K->59613K(101496K), 0.0018860 secs]
1.876: [CMS-concurrent-reset: 0.025/0.051 secs]
1.886: [GC 1.886: [ParNew: 6266K->0K(6336K), 0.0014380 secs] 65880K->60510K(101496K), 0.0014800 secs]
1.893: [GC 1.893: [ParNew: 6270K->0K(6336K), 0.0077960 secs] 66780K->61420K(101496K), 0.0078540 secs]
1.907: [GC 1.907: [ParNew: 6266K->0K(6336K), 0.0013740 secs] 67687K->62317K(101496K), 0.0014060 secs]
1.914: [GC 1.914: [ParNew: 6270K->0K(6336K), 0.0019310 secs] 68587K->63227K(101496K), 0.0019760 secs]
1.922: [GC 1.922: [ParNew: 6266K->0K(6336K), 0.0013610 secs] 69494K->64124K(101496K), 0.0013950 secs]
1.930: [GC 1.930: [ParNew: 6270K->0K(6336K), 0.0013850 secs] 70394K->65034K(101496K), 0.0014170 secs]
1.937: [GC 1.937: [ParNew: 6266K->0K(6336K), 0.0018360 secs] 71301K->65931K(101496K), 0.0018760 secs]
1.945: [GC 1.945: [ParNew: 6270K->0K(6336K), 0.0013970 secs] 72201K->66841K(101496K), 0.0014290 secs]
1.952: [GC 1.952: [ParNew: 6266K->0K(6336K), 0.0022200 secs] 73108K->67738K(101496K), 0.0022630 secs]
1.961: [GC 1.961: [ParNew: 6270K->0K(6336K), 0.0014110 secs] 74008K->68648K(101496K), 0.0014440 secs]
1.968: [GC 1.968: [ParNew: 6266K->0K(6336K), 0.0019900 secs] 74915K->69545K(101496K), 0.0020340 secs]
1.976: [GC 1.977: [ParNew: 6270K->0K(6336K), 0.0016000 secs] 75815K->70455K(101496K), 0.0016320 secs]
1.984: [GC 1.984: [ParNew: 6266K->0K(6336K), 0.0026040 secs] 76721K->71352K(101496K), 0.0026330 secs]
1.993: [GC 1.993: [ParNew: 6270K->0K(6336K), 0.0018740 secs] 77622K->72261K(101496K), 0.0019110 secs]
2.013: [GC [1 CMS-initial-mark: 72261K(95160K)] 74372K(101496K), 0.0001140 secs]
2.016: [CMS-concurrent-mark-start]
2.019: [GC 2.019: [ParNew: 6266K->0K(6336K), 0.0014850 secs] 78528K->73158K(101496K), 0.0015260 secs]
2.049: [GC 2.049: [ParNew: 6270K->0K(6336K), 0.0016060 secs] 79429K->74068K(101496K), 0.0016470 secs]
2.055: [CMS-concurrent-mark: 0.037/0.039 secs]
2.055: [CMS-concurrent-preclean-start]
2.056: [CMS-concurrent-preclean: 0.001/0.001 secs]
2.058: [GC2.058: [Rescan (parallel) , 0.0053800 secs]2.064: [weak refs processing, 0.0000040 secs] [1 CMS-remark: 74068K(95160K)] 80335K(101496K), 0.0054360 secs]
2.064: [CMS-concurrent-sweep-start]
2.069: [GC 2.069: [ParNew: 6266K->0K(6336K), 0.0040180 secs] 80335K->74965K(101496K), 0.0040550 secs]
2.075: [CMS-concurrent-sweep: 0.003/0.011 secs]
2.075: [CMS-concurrent-reset-start]
2.089: [GC 2.089: [ParNew: 6270K->0K(6336K), 0.0037290 secs] 81040K->75680K(130956K), 0.0038210 secs]
2.105: [GC 2.105: [ParNew: 8185K->0K(8256K), 0.0079540 secs] 83865K->76852K(132876K), 0.0080100 secs]
2.119: [CMS-concurrent-reset: 0.017/0.044 secs]
2.121: [GC 2.121: [ParNew: 8188K->0K(8256K), 0.0079900 secs] 85040K->78037K(132876K), 0.0080480 secs]
2.137: [GC 2.137: [ParNew: 8185K->0K(8256K), 0.0080610 secs] 86222K->79209K(132876K), 0.0081250 secs]
2.153: [GC 2.153: [ParNew: 8188K->0K(8256K), 0.0064860 secs] 87397K->80394K(132876K), 0.0065380 secs]
2.167: [GC 2.167: [ParNew: 8185K->0K(8256K), 0.0055470 secs] 88579K->81566K(132876K), 0.0055870 secs]
2.181: [GC 2.181: [ParNew: 8188K->0K(8256K), 0.0081370 secs] 89754K->82751K(132876K), 0.0081940 secs]
2.197: [GC 2.197: [ParNew: 8185K->0K(8256K), 0.0084090 secs] 90936K->83922K(132876K), 0.0084700 secs]
2.217: [GC 2.217: [ParNew: 8188K->0K(8256K), 0.0078940 secs] 92111K->85107K(132876K), 0.0079610 secs]
2.232: [GC 2.233: [ParNew: 8191K->0K(8256K), 0.0082970 secs] 93299K->86423K(132876K), 0.0083570 secs]
2.253: [GC 2.253: [ParNew: 8185K->0K(8256K), 0.0079210 secs] 94608K->87595K(132876K), 0.0079640 secs]
2.272: [GC 2.273: [ParNew: 8188K->0K(8256K), 0.0109780 secs] 95783K->88779K(132876K), 0.0110530 secs]
2.291: [GC 2.291: [ParNew: 8185K->0K(8256K), 0.0054730 secs] 96965K->89951K(132876K), 0.0055260 secs]
2.305: [GC 2.305: [ParNew: 8188K->0K(8256K), 0.0039560 secs] 98140K->91136K(132876K), 0.0040090 secs]
2.317: [GC 2.317: [ParNew: 8185K->0K(8256K), 0.0040160 secs] 99321K->92308K(132876K), 0.0040660 secs]
2.329: [GC 2.329: [ParNew: 8188K->0K(8256K), 0.0038350 secs] 100497K->93493K(132876K), 0.0038730 secs]
2.341: [GC 2.341: [ParNew: 8185K->0K(8256K), 0.0028330 secs] 101678K->94665K(132876K), 0.0028990 secs]
2.351: [GC 2.351: [ParNew: 8188K->0K(8256K), 0.0020290 secs] 102853K->95850K(132876K), 0.0020690 secs]
2.362: [GC 2.362: [ParNew: 8185K->0K(8256K), 0.0022320 secs] 104035K->97022K(132876K), 0.0022850 secs]
2.372: [GC 2.372: [ParNew: 8188K->0K(8256K), 0.0023960 secs] 105210K->98207K(132876K), 0.0024490 secs]
2.383: [GC 2.383: [ParNew: 8185K->0K(8256K), 0.0020480 secs] 106392K->99379K(132876K), 0.0020880 secs]
2.393: [GC 2.393: [ParNew: 8188K->0K(8256K), 0.0027170 secs] 107567K->100564K(132876K), 0.0027700 secs]
2.409: [GC [1 CMS-initial-mark: 100564K(124620K)] 102025K(132876K), 0.0001050 secs]
2.409: [CMS-concurrent-mark-start]
2.416: [GC 2.416: [ParNew: 8185K->0K(8256K), 0.0029110 secs] 108749K->101736K(132876K), 0.0029530 secs]
2.482: [GC 2.482: [ParNew: 8188K->0K(8256K), 0.0068420 secs] 109924K->102920K(132876K), 0.0069080 secs]
2.493: [CMS-concurrent-mark: 0.069/0.084 secs]
2.493: [CMS-concurrent-preclean-start]
2.495: [CMS-concurrent-preclean: 0.001/0.002 secs]
2.497: [GC 2.497: [ParNew: 8185K->0K(8256K), 0.0081600 secs] 111106K->104092K(132876K), 0.0082120 secs]
2.513: [GC2.513: [Rescan (parallel) , 0.0080180 secs]2.521: [weak refs processing, 0.0000040 secs] [1 CMS-remark: 104092K(124620K)] 112281K(132876K), 0.0080640 secs]
2.529: [CMS-concurrent-sweep-start]
2.529: [GC 2.529: [ParNew: 8188K->0K(8256K), 0.0054180 secs] 112281K->105277K(132876K), 0.0054580 secs]
2.538: [CMS-concurrent-sweep: 0.009/0.009 secs]
2.538: [CMS-concurrent-reset-start]
2.547: [CMS-concurrent-reset: 0.009/0.009 secs]
2.553: [GC 2.553: [ParNew: 8185K->0K(8256K), 0.0079620 secs] 113233K->106220K(183340K), 0.0080580 secs]
2.589: [GC 2.589: [ParNew: 11577K->0K(11648K), 0.0201780 secs] 117798K->107880K(186732K), 0.0202210 secs]
2.637: [GC 2.637: [ParNew: 11577K->0K(11648K), 0.0119890 secs] 119457K->109539K(186732K), 0.0120300 secs]
2.677: [GC 2.677: [ParNew: 11577K->0K(11648K), 0.0040940 secs] 121117K->111199K(186732K), 0.0041390 secs]
2.704: [GC 2.704: [ParNew: 11577K->0K(11648K), 0.0209030 secs] 122777K->112858K(186732K), 0.0209500 secs]
2.749: [GC 2.749: [ParNew: 11577K->0K(11648K), 0.0159280 secs] 124436K->114518K(186732K), 0.0159860 secs]
2.789: [GC 2.789: [ParNew: 11577K->0K(11648K), 0.0120690 secs] 126096K->116178K(186732K), 0.0121320 secs]
2.817: [GC 2.817: [ParNew: 11577K->0K(11648K), 0.0199920 secs] 127756K->117837K(186732K), 0.0200290 secs]
2.855: [GC 2.855: [ParNew: 11577K->0K(11648K), 0.0134330 secs] 129415K->119497K(186732K), 0.0134900 secs]
2.885: [GC 2.885: [ParNew: 11577K->0K(11648K), 0.0158830 secs] 131075K->121157K(186732K), 0.0159240 secs]
2.917: [GC 2.917: [ParNew: 11577K->0K(11648K), 0.0130500 secs] 132734K->122816K(186732K), 0.0131190 secs]
2.953: [GC 2.953: [ParNew: 11577K->0K(11648K), 0.0159980 secs] 134394K->124476K(186732K), 0.0160330 secs]
3.001: [GC 3.001: [ParNew: 11577K->0K(11648K), 0.0079480 secs] 136054K->126135K(186732K), 0.0079910 secs]
3.037: [GC 3.037: [ParNew: 11577K->0K(11648K), 0.0239810 secs] 137713K->127795K(186732K), 0.0240370 secs]
3.089: [GC 3.089: [ParNew: 11579K->0K(11648K), 0.0205640 secs] 139374K->129652K(186732K), 0.0206230 secs]
3.141: [GC 3.141: [ParNew: 11577K->0K(11648K), 0.0079440 secs] 141230K->131311K(186732K), 0.0079930 secs]
3.172: [GC 3.172: [ParNew: 11577K->0K(11648K), 0.0129790 secs] 142889K->132971K(186732K), 0.0130300 secs]
3.205: [GC 3.205: [ParNew: 11577K->0K(11648K), 0.0159110 secs] 144549K->134631K(186732K), 0.0159630 secs]
3.245: [GC 3.245: [ParNew: 11577K->0K(11648K), 0.0120190 secs] 146209K->136290K(186732K), 0.0120700 secs]
3.277: [GC 3.277: [ParNew: 11577K->0K(11648K), 0.0119990 secs] 147868K->137950K(186732K), 0.0120460 secs]
3.304: [GC 3.304: [ParNew: 11577K->0K(11648K), 0.0309430 secs] 149528K->139610K(186732K), 0.0310050 secs]
3.354: [GC 3.354: [ParNew: 11577K->0K(11648K), 0.0104710 secs] 151187K->141269K(186732K), 0.0105340 secs]
3.377: [GC 3.377: [ParNew: 11577K->0K(11648K), 0.0199810 secs] 152847K->142929K(186732K), 0.0200070 secs]
3.409: [GC 3.409: [ParNew: 11577K->0K(11648K), 0.0120600 secs] 154507K->144589K(186732K), 0.0120800 secs]
3.432: [GC 3.432: [ParNew: 11577K->0K(11648K), 0.0206780 secs] 156166K->146248K(186732K), 0.0207170 secs]
3.468: [GC 3.468: [ParNew: 11577K->0K(11648K), 0.0127340 secs] 157826K->147908K(186732K), 0.0127740 secs]
3.496: [GC 3.496: [ParNew: 11577K->0K(11648K), 0.0123190 secs] 159486K->149567K(186732K), 0.0123840 secs]
3.533: [GC 3.533: [ParNew: 11577K->0K(11648K), 0.0078950 secs] 161145K->151227K(186732K), 0.0079310 secs]
3.556: [GC 3.556: [ParNew: 11577K->0K(11648K), 0.0086820 secs] 162805K->152887K(186732K), 0.0087150 secs]
3.580: [GC 3.580: [ParNew: 11577K->0K(11648K), 0.0082790 secs] 164465K->154546K(186732K), 0.0083150 secs]
3.601: [GC [1 CMS-initial-mark: 154546K(175084K)] 158725K(186732K), 0.0001560 secs]
3.601: [CMS-concurrent-mark-start]
3.617: [GC 3.617: [ParNew: 11577K->0K(11648K), 0.0159190 secs] 166124K->156206K(186732K), 0.0159610 secs]
3.691: [GC 3.691: [ParNew: 11577K->0K(11648K), 0.0098820 secs] 167784K->157866K(186732K), 0.0099340 secs]
3.712: [GC 3.712: [ParNew: 11577K->0K(11648K), 0.0164160 secs] 169443K->159525K(186732K), 0.0164490 secs]
3.748: [GC 3.748: [ParNew: 11577K->0K(11648K), 0.0242580 secs] 171103K->161185K(186732K), 0.0242880 secs]
3.820: [GC 3.820: [ParNew: 11577K->0K(11648K), 0.0131050 secs] 172763K->162845K(186732K), 0.0131620 secs]
3.845: [CMS-concurrent-mark: 0.151/0.244 secs]
3.845: [CMS-concurrent-preclean-start]
3.857: [GC 3.857: [ParNew: 11577K->0K(11648K), 0.0197040 secs] 174422K->164504K(186732K), 0.0197620 secs]
3.891: [CMS-concurrent-preclean: 0.012/0.045 secs]
3.909: [GC3.909: [Rescan (parallel) , 0.0159360 secs]3.925: [weak refs processing, 0.0000060 secs] [1 CMS-remark: 164504K(175084K)] 171423K(186732K), 0.0159930 secs]
3.925: [CMS-concurrent-sweep-start]
3.941: [GC 3.941: [ParNew: 11577K->0K(11648K), 0.0479500 secs] 175909K->165991K(186732K), 0.0479910 secs]
3.994: [CMS-concurrent-sweep: 0.013/0.069 secs]
3.994: [CMS-concurrent-reset-start]
4.021: [GC 4.021: [ParNew: 11577K->0K(11648K), 0.0071480 secs] 177569K->167651K(288304K), 0.0072380 secs]
4.041: [CMS-concurrent-reset: 0.035/0.047 secs]
4.055: [GC 4.055: [ParNew: 16249K->0K(16320K), 0.0213970 secs] 183900K->169991K(292976K), 0.0214570 secs]
4.097: [GC 4.097: [ParNew: 16255K->0K(16320K), 0.0479670 secs] 186247K->172328K(292976K), 0.0479900 secs]
4.169: [GC 4.169: [ParNew: 16249K->0K(16320K), 0.0119920 secs] 188578K->174659K(292976K), 0.0120120 secs]
4.205: [GC 4.205: [ParNew: 16249K->0K(16320K), 0.0159900 secs] 190908K->176999K(292976K), 0.0160110 secs]
4.249: [GC 4.249: [ParNew: 16255K->0K(16320K), 0.0200000 secs] 193255K->179337K(292976K), 0.0200480 secs]
4.297: [GC 4.297: [ParNew: 16249K->0K(16320K), 0.0118800 secs] 195586K->181667K(292976K), 0.0119220 secs]
4.333: [GC 4.333: [ParNew: 16249K->0K(16320K), 0.0157950 secs] 197917K->184008K(292976K), 0.0158530 secs]
4.377: [GC 4.377: [ParNew: 16255K->0K(16320K), 0.0161180 secs] 200264K->186345K(292976K), 0.0161650 secs]
4.413: [GC 4.413: [ParNew: 16249K->0K(16320K), 0.0320460 secs] 202594K->188676K(292976K), 0.0321040 secs]
4.469: [GC 4.469: [ParNew: 16249K->0K(16320K), 0.0239690 secs] 204925K->191016K(292976K), 0.0239930 secs]
4.517: [GC 4.517: [ParNew: 16248K->0K(16320K), 0.0159070 secs] 207264K->193639K(292976K), 0.0159460 secs]
4.561: [GC 4.561: [ParNew: 16249K->0K(16320K), 0.0133770 secs] 209889K->195980K(292976K), 0.0134250 secs]
4.594: [GC 4.595: [ParNew: 16255K->0K(16320K), 0.0182300 secs] 212236K->198317K(292976K), 0.0182870 secs]
4.637: [GC 4.637: [ParNew: 16249K->0K(16320K), 0.0119870 secs] 214566K->200648K(292976K), 0.0120100 secs]
4.672: [GC 4.672: [ParNew: 16249K->0K(16320K), 0.0162960 secs] 216897K->202988K(292976K), 0.0163190 secs]
4.717: [GC 4.717: [ParNew: 16255K->0K(16320K), 0.0086320 secs] 219244K->205325K(292976K), 0.0087020 secs]
4.741: [GC 4.742: [ParNew: 16249K->0K(16320K), 0.0152390 secs] 221575K->207656K(292976K), 0.0152900 secs]
4.797: [GC 4.797: [ParNew: 16249K->0K(16320K), 0.0119830 secs] 223905K->209996K(292976K), 0.0120050 secs]
4.837: [GC 4.837: [ParNew: 16255K->0K(16320K), 0.0119880 secs] 226252K->212334K(292976K), 0.0120100 secs]
4.893: [GC 4.893: [ParNew: 16249K->0K(16320K), 0.0119560 secs] 228583K->214664K(292976K), 0.0119880 secs]
4.941: [GC 4.941: [ParNew: 16249K->0K(16320K), 0.0240090 secs] 230914K->217005K(292976K), 0.0240620 secs]
5.034: [GC 5.034: [ParNew: 16255K->0K(16320K), 0.0103790 secs] 233261K->219342K(292976K), 0.0104330 secs]
5.085: [GC 5.085: [ParNew: 16249K->0K(16320K), 0.0199820 secs] 235591K->221673K(292976K), 0.0200090 secs]
5.133: [GC 5.133: [ParNew: 16249K->0K(16320K), 0.0200790 secs] 237922K->224013K(292976K), 0.0201040 secs]
5.177: [GC 5.177: [ParNew: 16255K->0K(16320K), 0.0079130 secs] 240269K->226350K(292976K), 0.0079750 secs]
5.201: [GC 5.201: [ParNew: 16249K->0K(16320K), 0.0061850 secs] 242600K->228681K(292976K), 0.0062440 secs]
5.223: [GC 5.223: [ParNew: 16249K->0K(16320K), 0.0096250 secs] 244930K->231021K(292976K), 0.0096630 secs]
5.249: [GC 5.249: [ParNew: 16255K->0K(16320K), 0.0119870 secs] 247277K->233359K(292976K), 0.0120560 secs]
5.277: [GC 5.277: [ParNew: 16249K->0K(16320K), 0.0200520 secs] 249608K->235689K(292976K), 0.0200730 secs]
5.317: [GC 5.317: [ParNew: 16249K->0K(16320K), 0.0279760 secs] 251939K->238030K(292976K), 0.0280010 secs]
5.365: [GC 5.365: [ParNew: 16255K->0K(16320K), 0.0319970 secs] 254286K->240367K(292976K), 0.0320180 secs]
5.417: [GC 5.417: [ParNew: 16249K->0K(16320K), 0.0239770 secs] 256616K->242698K(292976K), 0.0239980 secs]
5.465: [GC 5.465: [ParNew: 16249K->0K(16320K), 0.0159890 secs] 258947K->245038K(292976K), 0.0160120 secs]
5.500: [GC 5.500: [ParNew: 16255K->0K(16320K), 0.0162860 secs] 261294K->247375K(292976K), 0.0163450 secs]
5.517: [GC [1 CMS-initial-mark: 247375K(276656K)] 247379K(292976K), 0.0000590 secs]
5.517: [CMS-concurrent-mark-start]
5.571: [GC 5.571: [ParNew: 16249K->0K(16320K), 0.0072010 secs] 263625K->249706K(292976K), 0.0072550 secs]
5.599: [CMS-concurrent-mark: 0.082/0.082 secs]
5.599: [CMS-concurrent-preclean-start]
5.601: [CMS-concurrent-preclean: 0.002/0.002 secs]
5.601: [GC 5.601: [ParNew: 16249K->0K(16320K), 0.0048910 secs] 265955K->252046K(292976K), 0.0049470 secs]
5.625: [GC5.625: [Rescan (parallel) , 0.0034580 secs]5.628: [weak refs processing, 0.0000060 secs] [1 CMS-remark: 252046K(276656K)] 263373K(292976K), 0.0035410 secs]
5.628: [CMS-concurrent-sweep-start]
5.637: [CMS-concurrent-sweep: 0.009/0.009 secs]
5.638: [CMS-concurrent-reset-start]
5.642: [GC 5.642: [ParNew: 16255K->0K(16320K), 0.0109900 secs] 267857K->253939K(435660K), 0.0110500 secs]
5.669: [CMS-concurrent-reset: 0.032/0.032 secs]
5.675: [GC 5.675: [ParNew: 16249K->0K(16320K), 0.0051120 secs] 270188K->256269K(435660K), 0.0051690 secs]
5.696: [GC 5.696: [ParNew: 16249K->0K(16320K), 0.0199250 secs] 272519K->258610K(435660K), 0.0199850 secs]
5.732: [GC 5.732: [ParNew: 16255K->0K(16320K), 0.0205230 secs] 274866K->260947K(435660K), 0.0205840 secs]
5.768: [GC 5.768: [ParNew: 16249K->0K(16320K), 0.0191760 secs] 277196K->263278K(435660K), 0.0192330 secs]
5.803: [GC 5.803: [ParNew: 16249K->0K(16320K), 0.0054650 secs] 279527K->265618K(435660K), 0.0055260 secs]
5.824: [GC 5.824: [ParNew: 16255K->0K(16320K), 0.1083760 secs] 281874K->267955K(435660K), 0.1084450 secs]
5.949: [GC 5.949: [ParNew: 16249K->0K(16320K), 0.0163840 secs] 284205K->270286K(435660K), 0.0164580 secs]
5.981: [GC 5.981: [ParNew: 16249K->0K(16320K), 0.0054940 secs] 286535K->272627K(435660K), 0.0055630 secs]
6.003: [GC 6.003: [ParNew: 16255K->0K(16320K), 0.0081740 secs] 288882K->274964K(435660K), 0.0082370 secs]
6.028: [GC 6.028: [ParNew: 16249K->0K(16320K), 0.0075630 secs] 291213K->277294K(435660K), 0.0076250 secs]
6.052: [GC 6.052: [ParNew: 16249K->0K(16320K), 0.0161800 secs] 293544K->279635K(435660K), 0.0162410 secs]
6.084: [GC 6.084: [ParNew: 16255K->0K(16320K), 0.0176810 secs] 295891K->281972K(435660K), 0.0177400 secs]
6.118: [GC 6.118: [ParNew: 16249K->0K(16320K), 0.0055700 secs] 298221K->284303K(435660K), 0.0056320 secs]
6.139: [GC 6.139: [ParNew: 16249K->0K(16320K), 0.0213960 secs] 300552K->286643K(435660K), 0.0214590 secs]
6.177: [GC 6.177: [ParNew: 16255K->0K(16320K), 0.0061470 secs] 302899K->288980K(435660K), 0.0062080 secs]
6.198: [GC 6.198: [ParNew: 16254K->0K(16320K), 0.0110970 secs] 305235K->291766K(435660K), 0.0111570 secs]
6.226: [GC 6.226: [ParNew: 16255K->0K(16320K), 0.0040500 secs] 308022K->294103K(435660K), 0.0041110 secs]
6.247: [GC 6.247: [ParNew: 16249K->0K(16320K), 0.0054020 secs] 310353K->296434K(435660K), 0.0054610 secs]
6.268: [GC 6.268: [ParNew: 16249K->0K(16320K), 0.0169320 secs] 312683K->298774K(435660K), 0.0169930 secs]
6.301: [GC 6.301: [ParNew: 16255K->0K(16320K), 0.0206920 secs] 315030K->301112K(435660K), 0.0207530 secs]
6.338: [GC 6.338: [ParNew: 16249K->0K(16320K), 0.0116150 secs] 317361K->303442K(435660K), 0.0116780 secs]
6.365: [GC 6.366: [ParNew: 16249K->0K(16320K), 0.0158430 secs] 319692K->305783K(435660K), 0.0159060 secs]
6.398: [GC 6.398: [ParNew: 16255K->0K(16320K), 0.0111310 secs] 322039K->308120K(435660K), 0.0111930 secs]
6.427: [GC 6.427: [ParNew: 16249K->0K(16320K), 0.0058290 secs] 324369K->310451K(435660K), 0.0058930 secs]
6.449: [GC 6.449: [ParNew: 16249K->0K(16320K), 0.0075080 secs] 326700K->312791K(435660K), 0.0075700 secs]
6.472: [GC 6.472: [ParNew: 16255K->0K(16320K), 0.0070080 secs] 329047K->315128K(435660K), 0.0070690 secs]
6.495: [GC 6.495: [ParNew: 16249K->0K(16320K), 0.0090370 secs] 331378K->317459K(435660K), 0.0090990 secs]
6.520: [GC 6.520: [ParNew: 16249K->0K(16320K), 0.0062990 secs] 333708K->319799K(435660K), 0.0063590 secs]
6.543: [GC 6.543: [ParNew: 16255K->0K(16320K), 0.0088720 secs] 336055K->322137K(435660K), 0.0089350 secs]
6.568: [GC 6.568: [ParNew: 16249K->0K(16320K), 0.0155340 secs] 338386K->324467K(435660K), 0.0156010 secs]
6.601: [GC 6.601: [ParNew: 16249K->0K(16320K), 0.0192380 secs] 340717K->326808K(435660K), 0.0193070 secs]
