0.209: [GC [PSYoungGen: 2984K->469K(3584K)] 2984K->1055K(10432K), 0.0129310 secs]
0.228: [GC [PSYoungGen: 3529K->469K(6656K)] 4115K->2129K(13504K), 0.0131610 secs]
0.252: [GC [PSYoungGen: 6568K->469K(6656K)] 8228K->4083K(13504K), 0.0018830 secs]
0.265: [GC [PSYoungGen: 6553K->469K(12800K)] 10167K->6134K(19648K), 0.0080200 secs]
0.273: [Full GC [PSYoungGen: 469K->0K(12800K)] [PSOldGen: 5665K->6087K(15936K)] 6134K->6087K(28736K) [PSPermGen: 2211K->2211K(21248K)], 0.0035510 secs]
0.294: [GC [PSYoungGen: 12246K->422K(12800K)] 18334K->10222K(28736K), 0.0119280 secs]
0.325: [GC [PSYoungGen: 12656K->422K(24640K)] 22456K->14617K(40576K), 0.0119240 secs]
0.337: [Full GC [PSYoungGen: 422K->0K(24640K)] [PSOldGen: 14195K->14392K(27200K)] 14617K->14392K(51840K) [PSPermGen: 2211K->2211K(21248K)], 0.0029730 secs]
0.391: [GC [PSYoungGen: 24060K->422K(24640K)] 38452K->25461K(51840K), 0.0265360 secs]
0.418: [Full GC [PSYoungGen: 422K->0K(24640K)] [PSOldGen: 25039K->23478K(40768K)] 25461K->23478K(65408K) [PSPermGen: 2211K->2211K(21248K)], 0.0081670 secs]
0.477: [GC [PSYoungGen: 24049K->422K(45568K)] 47528K->35036K(86336K), 0.0280500 secs]
0.505: [Full GC [PSYoungGen: 422K->0K(45568K)] [PSOldGen: 34614K->30217K(51328K)] 35036K->30217K(96896K) [PSPermGen: 2211K->2210K(21248K)], 0.0220730 secs]
0.599: [GC [PSYoungGen: 45055K->422K(46784K)] 75273K->45389K(98112K), 0.0213290 secs]
0.621: [Full GC [PSYoungGen: 422K->0K(46784K)] [PSOldGen: 44967K->45363K(70720K)] 45389K->45363K(117504K) [PSPermGen: 2210K->2210K(21248K)], 0.0032060 secs]
0.721: [GC [PSYoungGen: 46219K->488K(66304K)] 91582K->60796K(137024K), 0.0326390 secs]
0.754: [Full GC [PSYoungGen: 488K->0K(66304K)] [PSOldGen: 60308K->60796K(89472K)] 60796K->60796K(155776K) [PSPermGen: 2210K->2210K(21248K)], 0.0032130 secs]
0.889: [GC [PSYoungGen: 65770K->422K(66304K)] 126566K->82708K(155776K), 0.0368120 secs]
0.926: [Full GC [PSYoungGen: 422K->0K(66304K)] [PSOldGen: 82286K->82684K(116416K)] 82708K->82684K(182720K) [PSPermGen: 2210K->2210K(21248K)], 0.0037920 secs]
1.069: [GC [PSYoungGen: 65782K->488K(90176K)] 148466K->104674K(206592K), 0.0263500 secs]
1.096: [Full GC [PSYoungGen: 488K->0K(90176K)] [PSOldGen: 104186K->104462K(142784K)] 104674K->104462K(232960K) [PSPermGen: 2210K->2210K(21248K)], 0.0439850 secs]
1.283: [GC [PSYoungGen: 89610K->8498K(98176K)] 194073K->134352K(240960K), 0.1867860 secs]
1.470: [Full GC [PSYoungGen: 8498K->0K(98176K)] [PSOldGen: 125854K->134352K(176256K)] 134352K->134352K(274432K) [PSPermGen: 2210K->2210K(21248K)], 0.0128440 secs]
1.616: [GC [PSYoungGen: 89622K->10078K(139264K)] 223975K->164455K(315520K), 0.0333000 secs]
1.650: [Full GC [PSYoungGen: 10078K->0K(139264K)] [PSOldGen: 154376K->164455K(208832K)] 164455K->164455K(348096K) [PSPermGen: 2210K->2210K(21248K)], 0.0100490 secs]
1.839: [GC [PSYoungGen: 129080K->11916K(141120K)] 293535K->207434K(349952K), 0.1943900 secs]
2.034: [Full GC [PSYoungGen: 11916K->0K(141120K)] [PSOldGen: 195517K->207434K(257728K)] 207434K->207434K(398848K) [PSPermGen: 2210K->2210K(21248K)], 0.0161760 secs]
2.205: [GC [PSYoungGen: 129107K->14092K(204416K)] 336541K->260892K(462144K), 0.0439520 secs]
2.250: [Full GC [PSYoungGen: 14092K->0K(204416K)] [PSOldGen: 246799K->250215K(308928K)] 260892K->250215K(513344K) [PSPermGen: 2210K->2210K(21248K)], 0.0906400 secs]
2.545: [GC [PSYoungGen: 190244K->16605K(206912K)] 440460K->313609K(515840K), 0.2080610 secs]
2.754: [Full GC [PSYoungGen: 16605K->4688K(206912K)] [PSOldGen: 297004K->308920K(377152K)] 313609K->313609K(584064K) [PSPermGen: 2210K->2210K(21248K)], 0.0186770 secs]
2.993: [GC [PSYoungGen: 190185K->19576K(246464K)] 499106K->378411K(623616K), 0.0799440 secs]
3.073: [Full GC [PSYoungGen: 19576K->0K(246464K)] [PSOldGen: 358835K->375578K(452992K)] 378411K->375578K(699456K) [PSPermGen: 2211K->2211K(21248K)], 0.0666810 secs]
3.381: [GC [PSYoungGen: 226789K->23052K(249920K)] 602368K->451182K(702912K), 0.1247500 secs]
3.505: [Full GC [PSYoungGen: 23052K->0K(249920K)] [PSOldGen: 428130K->451182K(537024K)] 451182K->451182K(786944K) [PSPermGen: 2211K->2211K(21248K)], 0.0359920 secs]
3.840: [GC [PSYoungGen: 226751K->23015K(235328K)] 677934K->542769K(772352K), 0.0611550 secs]
3.902: [Full GC [PSYoungGen: 23015K->0K(235328K)] [PSOldGen: 519754K->526584K(546176K)] 542769K->526584K(781504K) [PSPermGen: 2211K->2211K(21248K)], 0.1386840 secs]
4.259: [Full GC [PSYoungGen: 212131K->51184K(235328K)] [PSOldGen: 526584K->546120K(546176K)] 738716K->597305K(781504K) [PSPermGen: 2211K->2211K(21248K)], 0.0446340 secs]
4.473: [Full GC [PSYoungGen: 212212K->115365K(235328K)] [PSOldGen: 546120K->546120K(546176K)] 758333K->661486K(781504K) [PSPermGen: 2211K->2211K(21248K)], 0.0531430 secs]
4.654: [Full GC [PSYoungGen: 212198K->147600K(235328K)] [PSOldGen: 546120K->546120K(546176K)] 758319K->693720K(781504K) [PSPermGen: 2211K->2211K(21248K)], 0.0307930 secs]
4.797: [Full GC [PSYoungGen: 212188K->158631K(235328K)] [PSOldGen: 546120K->546120K(546176K)] 758309K->704752K(781504K) [PSPermGen: 2211K->2211K(21248K)], 0.0786300 secs]
4.973: [Full GC [PSYoungGen: 212178K->186964K(235328K)] [PSOldGen: 546120K->546120K(546176K)] 758299K->733085K(781504K) [PSPermGen: 2211K->2211K(21248K)], 0.0458750 secs]
5.063: [Full GC [PSYoungGen: 212176K->195365K(235328K)] [PSOldGen: 546120K->546120K(546176K)] 758297K->741486K(781504K) [PSPermGen: 2211K->2211K(21248K)], 0.0139270 secs]
5.106: [Full GC [PSYoungGen: 212172K->201030K(235328K)] [PSOldGen: 546120K->546120K(546176K)] 758293K->747151K(781504K) [PSPermGen: 2211K->2211K(21248K)], 0.0127900 secs]
5.134: [Full GC [PSYoungGen: 212170K->194187K(235328K)] [PSOldGen: 546120K->546120K(546176K)] 758291K->740308K(781504K) [PSPermGen: 2211K->2211K(21248K)], 0.0363180 secs]
5.192: [Full GC [PSYoungGen: 212166K->210701K(235328K)] [PSOldGen: 546120K->546120K(546176K)] 758287K->756821K(781504K) [PSPermGen: 2211K->2211K(21248K)], 0.0066570 secs]
5.201: [Full GC [PSYoungGen: 212168K->211189K(235328K)] [PSOldGen: 546120K->546120K(546176K)] 758289K->757310K(781504K) [PSPermGen: 2211K->2211K(21248K)], 0.0059510 secs]
5.213: [Full GC [PSYoungGen: 212168K->211482K(235328K)] [PSOldGen: 546120K->546120K(546176K)] 758289K->757603K(781504K) [PSPermGen: 2211K->2211K(21248K)], 0.0057730 secs]
5.220: [Full GC [PSYoungGen: 212168K->201220K(235328K)] [PSOldGen: 546120K->546120K(546176K)] 758289K->747341K(781504K) [PSPermGen: 2211K->2211K(21248K)], 0.0123760 secs]
5.244: [Full GC [PSYoungGen: 212164K->212164K(235328K)] [PSOldGen: 546120K->546120K(546176K)] 758285K->758285K(781504K) [PSPermGen: 2211K->2211K(21248K)], 0.0063200 secs]
5.250: [Full GC [PSYoungGen: 212164K->204834K(235328K)] [PSOldGen: 546120K->546118K(546176K)] 758285K->750952K(781504K) [PSPermGen: 2211K->2210K(21248K)], 0.1954350 secs]
5.453: [Full GC [PSYoungGen: 212164K->212164K(235328K)] [PSOldGen: 546118K->546118K(546176K)] 758282K->758282K(781504K) [PSPermGen: 2210K->2210K(21248K)], 0.0067400 secs]
5.460: [Full GC [PSYoungGen: 212164K->207276K(235328K)] [PSOldGen: 546118K->546118K(546176K)] 758282K->753394K(781504K) [PSPermGen: 2210K->2210K(21248K)], 0.0060500 secs]
5.471: [Full GC [PSYoungGen: 212162K->212162K(235328K)] [PSOldGen: 546118K->546118K(546176K)] 758280K->758280K(781504K) [PSPermGen: 2210K->2210K(21248K)], 0.0067530 secs]
5.478: [Full GC [PSYoungGen: 212162K->208936K(235328K)] [PSOldGen: 546118K->546118K(546176K)] 758280K->755054K(781504K) [PSPermGen: 2210K->2210K(21248K)], 0.0057500 secs]
5.486: [Full GC [PSYoungGen: 212162K->212162K(235328K)] [PSOldGen: 546118K->546118K(546176K)] 758280K->758280K(781504K) [PSPermGen: 2210K->2210K(21248K)], 0.0065930 secs]
5.493: [Full GC [PSYoungGen: 212162K->210011K(235328K)] [PSOldGen: 546118K->546118K(546176K)] 758280K->756129K(781504K) [PSPermGen: 2210K->2210K(21248K)], 0.0057820 secs]
5.501: [Full GC [PSYoungGen: 212162K->212162K(235328K)] [PSOldGen: 546118K->546118K(546176K)] 758280K->758280K(781504K) [PSPermGen: 2210K->2210K(21248K)], 0.0063880 secs]
5.507: [Full GC [PSYoungGen: 212162K->210695K(235328K)] [PSOldGen: 546118K->546118K(546176K)] 758280K->756813K(781504K) [PSPermGen: 2210K->2210K(21248K)], 0.0052930 secs]
5.514: [Full GC [PSYoungGen: 212155K->212155K(235328K)] [PSOldGen: 546118K->546118K(546176K)] 758273K->758273K(781504K) [PSPermGen: 2210K->2210K(21248K)], 0.0059220 secs]
5.520: [Full GC [PSYoungGen: 212155K->211176K(235328K)] [PSOldGen: 546118K->546155K(546176K)] 758273K->757331K(781504K) [PSPermGen: 2210K->2210K(21248K)], 0.1127170 secs]
5.634: [Full GC [PSYoungGen: 212155K->212155K(235328K)] [PSOldGen: 546155K->546155K(546176K)] 758310K->758310K(781504K) [PSPermGen: 2210K->2210K(21248K)], 0.0072410 secs]
5.641: [Full GC [PSYoungGen: 212155K->211469K(235328K)] [PSOldGen: 546155K->546155K(546176K)] 758310K->757624K(781504K) [PSPermGen: 2210K->2210K(21248K)], 0.0051340 secs]
5.647: [Full GC [PSYoungGen: 212155K->212155K(235328K)] [PSOldGen: 546155K->546155K(546176K)] 758310K->758310K(781504K) [PSPermGen: 2210K->2210K(21248K)], 0.0056430 secs]
5.653: [Full GC [PSYoungGen: 212155K->211665K(235328K)] [PSOldGen: 546155K->546155K(546176K)] 758310K->757820K(781504K) [PSPermGen: 2210K->2210K(21248K)], 0.0051530 secs]
5.659: [Full GC [PSYoungGen: 212155K->212155K(235328K)] [PSOldGen: 546155K->546155K(546176K)] 758310K->758310K(781504K) [PSPermGen: 2210K->2210K(21248K)], 0.0053840 secs]
5.664: [Full GC [PSYoungGen: 212155K->211860K(235328K)] [PSOldGen: 546155K->546155K(546176K)] 758310K->758015K(781504K) [PSPermGen: 2210K->2210K(21248K)], 0.0054210 secs]
5.670: [Full GC [PSYoungGen: 212155K->212155K(235328K)] [PSOldGen: 546155K->546155K(546176K)] 758310K->758310K(781504K) [PSPermGen: 2210K->2210K(21248K)], 0.0053900 secs]
5.675: [Full GC [PSYoungGen: 212155K->211958K(235328K)] [PSOldGen: 546155K->546155K(546176K)] 758310K->758113K(781504K) [PSPermGen: 2210K->2210K(21248K)], 0.0056390 secs]
5.681: [Full GC [PSYoungGen: 212155K->212155K(235328K)] [PSOldGen: 546155K->546155K(546176K)] 758310K->758310K(781504K) [PSPermGen: 2210K->2210K(21248K)], 0.0053290 secs]
5.687: [Full GC [PSYoungGen: 212155K->212055K(235328K)] [PSOldGen: 546155K->546155K(546176K)] 758310K->758210K(781504K) [PSPermGen: 2210K->2210K(21248K)], 0.0053910 secs]
5.692: [Full GC [PSYoungGen: 212153K->212153K(235328K)] [PSOldGen: 546155K->546155K(546176K)] 758308K->758308K(781504K) [PSPermGen: 2210K->2210K(21248K)], 0.0051640 secs]
5.698: [Full GC [PSYoungGen: 212153K->212055K(235328K)] [PSOldGen: 546155K->546155K(546176K)] 758308K->758210K(781504K) [PSPermGen: 2210K->2210K(21248K)], 0.0049390 secs]
5.703: [Full GC [PSYoungGen: 212153K->212153K(235328K)] [PSOldGen: 546155K->546155K(546176K)] 758308K->758308K(781504K) [PSPermGen: 2210K->2210K(21248K)], 0.0050570 secs]
5.708: [Full GC [PSYoungGen: 212153K->212055K(235328K)] [PSOldGen: 546155K->546155K(546176K)] 758308K->758210K(781504K) [PSPermGen: 2210K->2210K(21248K)], 0.0049630 secs]
5.713: [Full GC [PSYoungGen: 212153K->212153K(235328K)] [PSOldGen: 546155K->546155K(546176K)] 758308K->758308K(781504K) [PSPermGen: 2210K->2210K(21248K)], 0.0051110 secs]
5.718: [Full GC [PSYoungGen: 212153K->212153K(235328K)] [PSOldGen: 546155K->546155K(546176K)] 758308K->758308K(781504K) [PSPermGen: 2210K->2210K(21248K)], 0.0049560 secs]
