0.110: [GC [PSYoungGen: 3069K->496K(3584K)] 3069K->592K(10432K), 0.0071200 secs]
0.121: [GC [PSYoungGen: 3562K->496K(6656K)] 3658K->1144K(13504K), 0.0082430 secs]
0.139: [GC [PSYoungGen: 6639K->496K(6656K)] 7287K->2192K(13504K), 0.0062030 secs]
0.152: [GC [PSYoungGen: 6635K->496K(12800K)] 8331K->3264K(19648K), 0.0013220 secs]
0.173: [GC [PSYoungGen: 12782K->496K(12800K)] 15550K->5400K(19648K), 0.0022350 secs]
0.175: [Full GC [PSYoungGen: 496K->0K(12800K)] [PSOldGen: 4904K->4823K(14656K)] 5400K->4823K(27456K) [PSPermGen: 2211K->2211K(21248K)], 0.0046230 secs]
0.198: [GC [PSYoungGen: 12288K->1905K(25408K)] 17111K->6729K(40064K), 0.0072080 secs]
0.232: [GC [PSYoungGen: 25393K->2874K(26496K)] 30217K->10698K(41152K), 0.0050970 secs]
0.264: [GC [PSYoungGen: 26490K->4840K(47872K)] 34314K->14551K(62528K), 0.0063590 secs]
0.320: [GC [PSYoungGen: 47848K->6524K(49536K)] 57559K->21844K(64960K), 0.0250520 secs]
0.345: [Full GC [PSYoungGen: 6524K->4449K(49536K)] [PSOldGen: 15319K->15423K(28928K)] 21844K->19873K(78464K) [PSPermGen: 2212K->2212K(21248K)], 0.0111430 secs]
0.415: [GC [PSYoungGen: 43008K->9920K(74368K)] 58431K->26303K(103296K), 0.0229190 secs]
0.562: [GC [PSYoungGen: 74368K->10074K(76416K)] 90751K->37626K(105344K), 0.0425210 secs]
0.605: [Full GC [PSYoungGen: 10074K->6349K(76416K)] [PSOldGen: 27551K->28925K(46400K)] 37626K->35274K(122816K) [PSPermGen: 2212K->2212K(21248K)], 0.0180480 secs]
0.745: [GC [PSYoungGen: 64448K->13288K(107392K)] 93373K->45269K(153792K), 0.0359660 secs]
1.013: [GC [PSYoungGen: 107368K->14624K(110720K)] 139349K->61541K(157696K), 0.0800170 secs]
1.093: [Full GC [PSYoungGen: 14624K->8675K(110720K)] [PSOldGen: 46917K->46973K(69632K)] 61541K->55648K(180352K) [PSPermGen: 2212K->2211K(21248K)], 0.0914580 secs]
1.311: [GC [PSYoungGen: 94080K->18732K(154560K)] 141053K->70329K(224192K), 0.0452340 secs]
1.527: [GC [PSYoungGen: 154540K->21362K(159424K)] 206137K->93783K(231936K), 0.0764980 secs]
1.603: [Full GC [PSYoungGen: 21362K->18529K(159424K)] [PSOldGen: 72421K->72509K(101184K)] 93783K->91038K(260608K) [PSPermGen: 2211K->2211K(21248K)], 0.0234270 secs]
1.755: [GC [PSYoungGen: 135808K->26816K(214976K)] 208317K->112205K(316160K), 0.0339770 secs]
1.789: [Full GC [PSYoungGen: 26816K->8071K(214976K)] [PSOldGen: 85389K->101181K(132864K)] 112205K->109253K(347840K) [PSPermGen: 2211K->2211K(21248K)], 0.0298080 secs]
2.020: [GC [PSYoungGen: 188160K->36139K(224320K)] 289341K->138401K(357184K), 0.0592960 secs]
2.287: [GC [PSYoungGen: 224299K->29248K(225408K)] 326561K->172113K(368448K), 0.0676150 secs]
2.355: [Full GC [PSYoungGen: 29248K->21187K(225408K)] [PSOldGen: 142865K->143038K(187264K)] 172113K->164225K(412672K) [PSPermGen: 2211K->2211K(21248K)], 0.0449850 secs]
2.577: [GC [PSYoungGen: 182528K->45248K(227776K)] 325566K->191438K(415040K), 0.0680860 secs]
2.843: [GC [PSYoungGen: 227776K->28977K(210112K)] 373966K->226079K(407360K), 0.1141370 secs]
2.957: [Full GC [PSYoungGen: 28977K->9282K(210112K)] [PSOldGen: 197102K->197246K(255360K)] 226079K->206529K(465472K) [PSPermGen: 2211K->2211K(21248K)], 0.1076490 secs]
3.235: [GC [PSYoungGen: 164864K->34272K(199168K)] 362110K->231518K(454528K), 0.0629110 secs]
3.480: [GC [PSYoungGen: 199136K->25632K(219328K)] 396382K->261414K(474688K), 0.4915080 secs]
3.971: [Full GC [PSYoungGen: 25632K->4078K(219328K)] [PSOldGen: 235782K->255358K(320576K)] 261414K->259437K(539904K) [PSPermGen: 2211K->2211K(21248K)], 0.0494890 secs]
4.194: [GC [PSYoungGen: 163584K->29184K(192768K)] 418942K->284542K(513344K), 0.0532970 secs]
4.425: [GC [PSYoungGen: 192768K->26314K(218496K)] 448126K->314513K(539072K), 0.0359600 secs]
4.461: [Full GC [PSYoungGen: 26314K->0K(218496K)] [PSOldGen: 288198K->312516K(381760K)] 314513K->312516K(600256K) [PSPermGen: 2211K->2211K(21248K)], 0.0501180 secs]
4.693: [GC [PSYoungGen: 165440K->25696K(216640K)] 477956K->338212K(598400K), 0.0320230 secs]
