0.136: [GC 0.136: [DefNew: 624K->64K(704K), 0.0015220 secs] 624K->378K(10176K), 0.0015460 secs]
0.138: [GC 0.138: [DefNew: 650K->0K(704K), 0.0004370 secs] 964K->671K(10176K), 0.0004610 secs]
0.139: [GC 0.139: [DefNew: 683K->0K(768K), 0.0002600 secs] 1355K->866K(10240K), 0.0002750 secs]
0.140: [GC 0.140: [DefNew: 683K->0K(768K), 0.0001870 secs] 1550K->1159K(10240K), 0.0002010 secs]
0.140: [GC 0.140: [DefNew: 683K->0K(768K), 0.0002580 secs] 1843K->1550K(10240K), 0.0002730 secs]
0.141: [GC 0.141: [DefNew: 683K->0K(768K), 0.0004940 secs] 2234K->1746K(10240K), 0.0005090 secs]
0.142: [GC 0.142: [DefNew: 683K->0K(768K), 0.0000800 secs] 2429K->2039K(10240K), 0.0000940 secs]
0.148: [GC 0.148: [DefNew: 683K->0K(768K), 0.0001740 secs] 2722K->2429K(10240K), 0.0001930 secs]
0.149: [GC 0.149: [DefNew: 683K->0K(768K), 0.0000840 secs] 3113K->2625K(10240K), 0.0000980 secs]
0.149: [GC 0.149: [DefNew: 683K->0K(768K), 0.0001000 secs] 3308K->2918K(10240K), 0.0001140 secs]
0.150: [GC 0.150: [DefNew: 683K->0K(768K), 0.0001190 secs] 3601K->3308K(10240K), 0.0001330 secs]
0.151: [GC 0.151: [DefNew: 683K->0K(768K), 0.0000880 secs] 3992K->3504K(10240K), 0.0001000 secs]
0.151: [GC 0.151: [DefNew: 683K->0K(768K), 0.0004750 secs] 4187K->3797K(10240K), 0.0004900 secs]
0.152: [GC 0.152: [DefNew: 683K->0K(768K), 0.0001010 secs] 4480K->4187K(10240K), 0.0001140 secs]
0.153: [GC 0.153: [DefNew: 683K->0K(768K), 0.0000760 secs] 4871K->4383K(10240K), 0.0000890 secs]
0.153: [GC 0.153: [DefNew: 683K->0K(768K), 0.0000870 secs] 5066K->4676K(10240K), 0.0001010 secs]
0.154: [GC 0.154: [DefNew: 684K->0K(768K), 0.0001000 secs] 5360K->5067K(10240K), 0.0001130 secs]
0.154: [GC 0.154: [DefNew: 683K->0K(768K), 0.0000800 secs] 5750K->5262K(10240K), 0.0000940 secs]
0.155: [GC 0.155: [DefNew: 683K->0K(768K), 0.0000920 secs] 5946K->5555K(10240K), 0.0001050 secs]
0.155: [GC 0.155: [DefNew: 683K->0K(768K), 0.0005250 secs] 6239K->5946K(10240K), 0.0005420 secs]
0.157: [GC 0.157: [DefNew: 683K->0K(768K), 0.0000840 secs] 6629K->6141K(10240K), 0.0000980 secs]
0.157: [GC 0.157: [DefNew: 683K->0K(768K), 0.0001050 secs] 6825K->6434K(10240K), 0.0001180 secs]
0.158: [GC 0.158: [DefNew: 683K->0K(768K), 0.0001070 secs] 7118K->6825K(10240K), 0.0001200 secs]
0.158: [GC 0.158: [DefNew: 683K->0K(768K), 0.0000880 secs] 7508K->7020K(10240K), 0.0001010 secs]
0.159: [GC 0.159: [DefNew: 683K->0K(768K), 0.0000990 secs] 7704K->7313K(10240K), 0.0001120 secs]
0.159: [GC 0.159: [DefNew: 684K->0K(768K), 0.0001230 secs] 7997K->7704K(10240K), 0.0001380 secs]
0.160: [GC 0.160: [DefNew: 684K->0K(768K), 0.0001940 secs] 8387K->7899K(10240K), 0.0002070 secs]
0.161: [GC 0.161: [DefNew: 684K->0K(768K), 0.0002530 secs] 8583K->8192K(10240K), 0.0002670 secs]
0.162: [GC 0.162: [DefNew: 684K->0K(768K), 0.0003020 secs] 8876K->8583K(10240K), 0.0003170 secs]
0.162: [GC 0.162: [DefNew: 684K->0K(768K), 0.0001900 secs] 9267K->8778K(10240K), 0.0002040 secs]
0.163: [GC 0.163: [DefNew: 684K->0K(768K), 0.0002620 secs] 9462K->9071K(10240K), 0.0002760 secs]
0.164: [GC 0.164: [DefNew: 684K->0K(768K), 0.0003030 secs] 9755K->9462K(10240K), 0.0003170 secs]
0.165: [GC 0.165: [DefNew: 684K->0K(768K), 0.0002160 secs]0.165: [Tenured: 9657K->7899K(9728K), 0.0055100 secs] 10146K->7899K(10496K), 0.0058400 secs]
0.171: [GC 0.171: [DefNew: 976K->0K(1088K), 0.0001800 secs] 8876K->8290K(14256K), 0.0001960 secs]
0.172: [GC 0.172: [DefNew: 976K->0K(1088K), 0.0001420 secs] 9267K->8778K(14256K), 0.0001560 secs]
0.173: [GC 0.173: [DefNew: 976K->0K(1088K), 0.0001320 secs] 9755K->9071K(14256K), 0.0001460 secs]
0.174: [GC 0.174: [DefNew: 977K->0K(1088K), 0.0001570 secs] 10048K->9462K(14256K), 0.0001710 secs]
0.175: [GC 0.175: [DefNew: 977K->0K(1088K), 0.0009670 secs] 10439K->9951K(14256K), 0.0009910 secs]
0.177: [GC 0.177: [DefNew: 977K->0K(1088K), 0.0001570 secs] 10927K->10244K(14256K), 0.0001710 secs]
0.177: [GC 0.177: [DefNew: 977K->0K(1088K), 0.0001330 secs] 11220K->10634K(14256K), 0.0001470 secs]
0.178: [GC 0.178: [DefNew: 977K->0K(1088K), 0.0001440 secs] 11611K->11123K(14256K), 0.0001580 secs]
0.179: [GC 0.179: [DefNew: 977K->0K(1088K), 0.0001220 secs] 12100K->11416K(14256K), 0.0001440 secs]
0.180: [GC 0.180: [DefNew: 977K->0K(1088K), 0.0001360 secs] 12393K->11807K(14256K), 0.0001500 secs]
0.181: [GC 0.181: [DefNew: 977K->0K(1088K), 0.0003570 secs] 12783K->12295K(14256K), 0.0003720 secs]
0.182: [GC 0.182: [DefNew: 977K->0K(1088K), 0.0002610 secs] 13272K->12588K(14256K), 0.0002760 secs]
0.183: [GC 0.183: [DefNew: 977K->0K(1088K), 0.0003180 secs] 13565K->12979K(14256K), 0.0003320 secs]
0.184: [GC 0.184: [DefNew: 977K->0K(1088K), 0.0003990 secs]0.184: [Tenured: 13466K->12783K(13552K), 0.0042490 secs] 13955K->12783K(14640K), 0.0047480 secs]
0.190: [GC 0.190: [DefNew: 1465K->97K(1664K), 0.0002410 secs] 14248K->13369K(22972K), 0.0002570 secs]
0.191: [GC 0.191: [DefNew: 1562K->97K(1664K), 0.0003610 secs] 14834K->13858K(22972K), 0.0004090 secs]
0.192: [GC 0.192: [DefNew: 1563K->98K(1664K), 0.0007690 secs] 15324K->14347K(22972K), 0.0007900 secs]
0.194: [GC 0.194: [DefNew: 1563K->97K(1664K), 0.0001880 secs] 15812K->14835K(22972K), 0.0002030 secs]
0.195: [GC 0.195: [DefNew: 1562K->97K(1664K), 0.0001710 secs] 16300K->15324K(22972K), 0.0001850 secs]
0.196: [GC 0.196: [DefNew: 1562K->97K(1664K), 0.0001710 secs] 16789K->15812K(22972K), 0.0001840 secs]
0.198: [GC 0.198: [DefNew: 1562K->97K(1664K), 0.0007140 secs] 17277K->16300K(22972K), 0.0007350 secs]
0.199: [GC 0.199: [DefNew: 1562K->97K(1664K), 0.0002030 secs] 17765K->16789K(22972K), 0.0002170 secs]
0.201: [GC 0.201: [DefNew: 1562K->97K(1664K), 0.0001810 secs] 18254K->17277K(22972K), 0.0001950 secs]
0.202: [GC 0.202: [DefNew: 1562K->97K(1664K), 0.0001810 secs] 18742K->17765K(22972K), 0.0001940 secs]
0.203: [GC 0.203: [DefNew: 1562K->97K(1664K), 0.0002790 secs] 19230K->18254K(22972K), 0.0002920 secs]
0.204: [GC 0.204: [DefNew: 1562K->97K(1664K), 0.0004230 secs] 19719K->18742K(22972K), 0.0004370 secs]
0.206: [GC 0.206: [DefNew: 1562K->97K(1664K), 0.0004280 secs] 20207K->19230K(22972K), 0.0004430 secs]
0.207: [GC 0.207: [DefNew: 1562K->97K(1664K), 0.0004400 secs] 20695K->19719K(22972K), 0.0004540 secs]
0.208: [GC 0.208: [DefNew: 1562K->97K(1664K), 0.0004340 secs] 21184K->20207K(22972K), 0.0004480 secs]
0.210: [GC 0.210: [DefNew: 1563K->98K(1664K), 0.0004390 secs] 21673K->20697K(22972K), 0.0004540 secs]
0.211: [GC 0.211: [DefNew: 1563K->97K(1664K), 0.0004280 secs] 22162K->21185K(22972K), 0.0004430 secs]
0.213: [GC 0.213: [DefNew: 1562K->97K(1664K), 0.0004620 secs]0.213: [Tenured: 21576K->21673K(21692K), 0.0033780 secs] 22650K->21673K(23356K), 0.0039150 secs]
0.219: [GC 0.219: [DefNew: 2539K->195K(2816K), 0.0010560 secs] 24213K->22552K(38940K), 0.0010830 secs]
0.222: [GC 0.222: [DefNew: 2734K->195K(2816K), 0.0004090 secs] 25092K->23334K(38940K), 0.0004250 secs]
0.224: [GC 0.224: [DefNew: 2734K->195K(2816K), 0.0003440 secs] 25873K->24311K(38940K), 0.0003600 secs]
0.226: [GC 0.226: [DefNew: 2734K->195K(2816K), 0.0006520 secs] 26850K->25092K(38940K), 0.0006690 secs]
0.228: [GC 0.228: [DefNew: 2734K->195K(2816K), 0.0006660 secs] 27631K->25873K(38940K), 0.0006820 secs]
0.231: [GC 0.231: [DefNew: 2734K->195K(2816K), 0.0008500 secs] 28413K->26850K(38940K), 0.0008680 secs]
0.233: [GC 0.233: [DefNew: 2734K->195K(2816K), 0.0006740 secs] 29389K->27631K(38940K), 0.0006910 secs]
0.236: [GC 0.236: [DefNew: 2734K->195K(2816K), 0.0006870 secs] 30171K->28413K(38940K), 0.0007030 secs]
0.238: [GC 0.238: [DefNew: 2734K->195K(2816K), 0.0008140 secs] 30952K->29389K(38940K), 0.0008320 secs]
0.241: [GC 0.241: [DefNew: 2734K->195K(2816K), 0.0006800 secs] 31929K->30171K(38940K), 0.0006970 secs]
0.243: [GC 0.243: [DefNew: 2736K->197K(2816K), 0.0007780 secs] 32712K->30954K(38940K), 0.0007960 secs]
0.245: [GC 0.246: [DefNew: 2736K->195K(2816K), 0.0008090 secs] 33493K->31931K(38940K), 0.0008260 secs]
0.248: [GC 0.248: [DefNew: 2734K->195K(2816K), 0.0006910 secs] 34470K->32712K(38940K), 0.0007080 secs]
0.251: [GC 0.251: [DefNew: 2734K->195K(2816K), 0.0007050 secs] 35252K->33493K(38940K), 0.0007210 secs]
0.253: [GC 0.253: [DefNew: 2734K->195K(2816K), 0.0008220 secs] 36033K->34470K(38940K), 0.0008400 secs]
0.256: [GC 0.256: [DefNew: 2734K->195K(2816K), 0.0007150 secs] 37010K->35252K(38940K), 0.0007410 secs]
0.258: [GC 0.258: [DefNew: 2734K->195K(2816K), 0.0006960 secs] 37791K->36033K(38940K), 0.0007130 secs]
0.260: [GC 0.260: [DefNew: 2734K->195K(2816K), 0.0008740 secs]0.261: [Tenured: 36814K->36225K(36892K), 0.0182530 secs] 38572K->36225K(39708K), 0.0192990 secs]
0.283: [GC 0.283: [DefNew: 4102K->390K(4608K), 0.0010450 secs] 40328K->37690K(64988K), 0.0010700 secs]
0.288: [GC 0.288: [DefNew: 4492K->390K(4608K), 0.0014590 secs] 41793K->39058K(64988K), 0.0014890 secs]
0.292: [GC 0.292: [DefNew: 4492K->390K(4608K), 0.0013240 secs] 43160K->40425K(64988K), 0.0013510 secs]
0.296: [GC 0.296: [DefNew: 4492K->390K(4608K), 0.0013360 secs] 44527K->41793K(64988K), 0.0013620 secs]
0.301: [GC 0.301: [DefNew: 4492K->390K(4608K), 0.0014650 secs] 45895K->43160K(64988K), 0.0014910 secs]
0.306: [GC 0.306: [DefNew: 4495K->393K(4608K), 0.0013770 secs] 47265K->44530K(64988K), 0.0014050 secs]
0.310: [GC 0.310: [DefNew: 4495K->390K(4608K), 0.0014240 secs] 48632K->45897K(64988K), 0.0014610 secs]
0.315: [GC 0.315: [DefNew: 4492K->390K(4608K), 0.0013520 secs] 50000K->47265K(64988K), 0.0013820 secs]
0.320: [GC 0.320: [DefNew: 4492K->390K(4608K), 0.0016820 secs] 51367K->48632K(64988K), 0.0017170 secs]
0.324: [GC 0.324: [DefNew: 4492K->390K(4608K), 0.0013420 secs] 52735K->50000K(64988K), 0.0013690 secs]
0.329: [GC 0.329: [DefNew: 4492K->390K(4608K), 0.0013930 secs] 54102K->51367K(64988K), 0.0014250 secs]
0.334: [GC 0.334: [DefNew: 4492K->390K(4608K), 0.0013380 secs] 55469K->52735K(64988K), 0.0013650 secs]
0.338: [GC 0.338: [DefNew: 4492K->390K(4608K), 0.0014040 secs] 56837K->54102K(64988K), 0.0014300 secs]
0.343: [GC 0.343: [DefNew: 4492K->390K(4608K), 0.0014090 secs] 58204K->55469K(64988K), 0.0014370 secs]
0.347: [GC 0.347: [DefNew: 4492K->390K(4608K), 0.0014440 secs] 59572K->56837K(64988K), 0.0014720 secs]
0.351: [GC 0.352: [DefNew: 4492K->390K(4608K), 0.0014070 secs] 60939K->58204K(64988K), 0.0014350 secs]
0.356: [GC 0.356: [DefNew: 4492K->390K(4608K), 0.0014070 secs] 62306K->59572K(64988K), 0.0014340 secs]
0.360: [GC 0.361: [DefNew: 4492K->390K(4608K), 0.0014330 secs]0.362: [Tenured: 60548K->60548K(60636K), 0.0038150 secs] 63674K->60939K(65244K), 0.0054010 secs]
0.371: [GC 0.372: [DefNew: 6739K->781K(7616K), 0.0045900 secs] 67288K->62990K(108532K), 0.0046330 secs]
0.381: [GC 0.381: [DefNew: 7520K->781K(7616K), 0.0027660 secs] 69729K->65237K(108532K), 0.0028090 secs]
0.390: [GC 0.390: [DefNew: 7524K->785K(7616K), 0.0026390 secs] 71980K->67487K(108532K), 0.0026810 secs]
0.398: [GC 0.398: [DefNew: 7524K->781K(7616K), 0.0027550 secs] 74226K->69733K(108532K), 0.0027990 secs]
0.406: [GC 0.406: [DefNew: 7520K->781K(7616K), 0.0027330 secs] 76473K->71980K(108532K), 0.0027740 secs]
0.414: [GC 0.414: [DefNew: 7520K->781K(7616K), 0.0026120 secs] 78719K->74226K(108532K), 0.0026540 secs]
0.422: [GC 0.422: [DefNew: 7520K->781K(7616K), 0.0027100 secs] 80966K->76473K(108532K), 0.0027530 secs]
0.430: [GC 0.430: [DefNew: 7520K->781K(7616K), 0.0027700 secs] 83212K->78719K(108532K), 0.0028130 secs]
0.438: [GC 0.438: [DefNew: 7520K->781K(7616K), 0.0027430 secs] 85459K->80966K(108532K), 0.0027850 secs]
0.446: [GC 0.446: [DefNew: 7520K->781K(7616K), 0.0026680 secs] 87705K->83212K(108532K), 0.0027100 secs]
0.454: [GC 0.454: [DefNew: 7520K->781K(7616K), 0.0027050 secs] 89951K->85459K(108532K), 0.0027490 secs]
0.462: [GC 0.463: [DefNew: 7520K->781K(7616K), 0.0026850 secs] 92198K->87705K(108532K), 0.0027280 secs]
0.471: [GC 0.471: [DefNew: 7520K->781K(7616K), 0.0268680 secs] 94444K->89951K(108532K), 0.0269190 secs]
0.503: [GC 0.503: [DefNew: 7520K->781K(7616K), 0.0109310 secs] 96691K->92198K(108532K), 0.0109810 secs]
0.519: [GC 0.519: [DefNew: 7520K->781K(7616K), 0.0096200 secs] 98937K->94444K(108532K), 0.0096720 secs]
0.534: [GC 0.534: [DefNew: 7520K->781K(7616K), 0.0167150 secs] 101184K->96691K(108532K), 0.0167650 secs]
0.556: [GC 0.556: [DefNew: 7520K->781K(7616K), 0.0028480 secs] 103430K->98937K(108532K), 0.0028950 secs]
0.565: [GC 0.565: [DefNew: 7526K->787K(7616K), 0.0026340 secs] 105683K->101190K(108532K), 0.0026780 secs]
0.573: [GC 0.573: [DefNew: 7526K->781K(7616K), 0.0028420 secs]0.576: [Tenured: 102655K->102655K(102708K), 0.0043470 secs] 107929K->103436K(110324K), 0.0074070 secs]
0.608: [GC 0.608: [DefNew: 11427K->1367K(12864K), 0.0438520 secs] 114082K->107050K(183960K), 0.0439010 secs]
0.662: [GC 0.662: [DefNew: 12795K->1367K(12864K), 0.0122180 secs] 118478K->110859K(183960K), 0.0122670 secs]
0.683: [GC 0.683: [DefNew: 12795K->1367K(12864K), 0.0132070 secs] 122287K->114668K(183960K), 0.0132570 secs]
0.706: [GC 0.706: [DefNew: 12795K->1367K(12864K), 0.0127870 secs] 126096K->118478K(183960K), 0.0128370 secs]
0.728: [GC 0.728: [DefNew: 12795K->1367K(12864K), 0.0209180 secs] 129905K->122287K(183960K), 0.0209700 secs]
0.758: [GC 0.758: [DefNew: 12795K->1367K(12864K), 0.0066130 secs] 133714K->126096K(183960K), 0.0066640 secs]
0.775: [GC 0.775: [DefNew: 12795K->1367K(12864K), 0.0061210 secs] 137524K->129905K(183960K), 0.0061700 secs]
0.790: [GC 0.790: [DefNew: 12795K->1367K(12864K), 0.0088240 secs] 141333K->133714K(183960K), 0.0088740 secs]
0.808: [GC 0.808: [DefNew: 12795K->1367K(12864K), 0.0052970 secs] 145142K->137524K(183960K), 0.0053470 secs]
0.823: [GC 0.823: [DefNew: 12795K->1367K(12864K), 0.0049460 secs] 148951K->141333K(183960K), 0.0049970 secs]
0.837: [GC 0.837: [DefNew: 12795K->1367K(12864K), 0.0044270 secs] 152760K->145142K(183960K), 0.0044760 secs]
0.851: [GC 0.851: [DefNew: 12795K->1367K(12864K), 0.0049600 secs] 156570K->148951K(183960K), 0.0050120 secs]
0.865: [GC 0.866: [DefNew: 12803K->1376K(12864K), 0.0043830 secs] 160388K->152769K(183960K), 0.0044330 secs]
0.879: [GC 0.879: [DefNew: 12803K->1367K(12864K), 0.0043960 secs] 164197K->156579K(183960K), 0.0044470 secs]
0.893: [GC 0.893: [DefNew: 12795K->1367K(12864K), 0.0044700 secs] 168006K->160388K(183960K), 0.0045200 secs]
0.907: [GC 0.907: [DefNew: 12795K->1367K(12864K), 0.0051680 secs] 171815K->164197K(183960K), 0.0052160 secs]
0.922: [GC 0.922: [DefNew: 12795K->1367K(12864K), 0.0041340 secs] 175625K->168006K(183960K), 0.0041840 secs]
0.935: [GC 0.935: [DefNew: 12795K->1367K(12864K), 0.0050880 secs] 179434K->171815K(183960K), 0.0051360 secs]
0.950: [GC 0.950: [DefNew: 12795K->1367K(12864K), 0.0045810 secs]0.954: [Tenured: 174257K->174257K(174296K), 0.0052730 secs] 183243K->175625K(187160K), 0.0101720 secs]
0.976: [GC 0.976: [DefNew: 19436K->2344K(21888K), 0.0102500 secs] 193694K->181583K(312320K), 0.0103040 secs]
1.003: [GC 1.003: [DefNew: 21780K->2344K(21888K), 0.0074430 secs] 201019K->188127K(312320K), 0.0074990 secs]
1.028: [GC 1.028: [DefNew: 21780K->2344K(21888K), 0.0077010 secs] 207563K->194475K(312320K), 0.0077560 secs]
1.052: [GC 1.052: [DefNew: 21780K->2344K(21888K), 0.0070930 secs] 213912K->201019K(312320K), 0.0071460 secs]
1.076: [GC 1.076: [DefNew: 21780K->2344K(21888K), 0.0068510 secs] 220456K->207563K(312320K), 0.0069020 secs]
1.100: [GC 1.100: [DefNew: 21780K->2344K(21888K), 0.0068220 secs] 227000K->213912K(312320K), 0.0068740 secs]
1.123: [GC 1.123: [DefNew: 21780K->2344K(21888K), 0.0072620 secs] 233349K->220456K(312320K), 0.0073130 secs]
1.146: [GC 1.146: [DefNew: 21794K->2357K(21888K), 0.0069660 secs] 239906K->227014K(312320K), 0.0070160 secs]
1.170: [GC 1.170: [DefNew: 21794K->2344K(21888K), 0.0068830 secs] 246450K->233362K(312320K), 0.0069350 secs]
1.193: [GC 1.193: [DefNew: 21780K->2344K(21888K), 0.0070700 secs] 252799K->239906K(312320K), 0.0071200 secs]
1.216: [GC 1.216: [DefNew: 21780K->2344K(21888K), 0.0071440 secs] 259343K->246450K(312320K), 0.0071950 secs]
1.239: [GC 1.239: [DefNew: 21780K->2344K(21888K), 0.0069860 secs] 265887K->252799K(312320K), 0.0070380 secs]
1.263: [GC 1.263: [DefNew: 21780K->2344K(21888K), 0.0071110 secs] 272236K->259343K(312320K), 0.0071610 secs]
1.286: [GC 1.286: [DefNew: 21780K->2344K(21888K), 0.0086860 secs] 278780K->265887K(312320K), 0.0087400 secs]
1.311: [GC 1.311: [DefNew: 21780K->2344K(21888K), 0.0070850 secs] 285324K->272236K(312320K), 0.0071350 secs]
1.334: [GC 1.334: [DefNew: 21780K->2344K(21888K), 0.0071630 secs] 291672K->278780K(312320K), 0.0072130 secs]
1.358: [GC 1.358: [DefNew: 21780K->2344K(21888K), 0.0072470 secs] 298216K->285324K(312320K), 0.0073060 secs]
1.381: [GC 1.382: [DefNew: 21780K->2344K(21888K), 0.0072810 secs] 304760K->291672K(312320K), 0.0073310 secs]
1.405: [GC 1.405: [DefNew: 21780K->2344K(21888K), 0.0076050 secs]1.413: [Tenured: 295872K->295849K(295936K), 0.1116050 secs] 311109K->298095K(317824K), 0.1197120 secs]
1.557: [GC 1.557: [DefNew: 32915K->4004K(37056K), 0.0172750 secs] 328764K->308351K(530140K), 0.0173300 secs]
1.603: [GC 1.603: [DefNew: 36919K->4004K(37056K), 0.0120440 secs] 341266K->319388K(530140K), 0.0121130 secs]
1.645: [GC 1.645: [DefNew: 36919K->4004K(37056K), 0.0115220 secs] 352303K->330425K(530140K), 0.0115750 secs]
1.685: [GC 1.685: [DefNew: 36940K->4024K(37056K), 0.0111510 secs] 363360K->341286K(530140K), 0.0112030 secs]
1.724: [GC 1.724: [DefNew: 36940K->4004K(37056K), 0.0138460 secs] 374202K->352323K(530140K), 0.0139000 secs]
1.767: [GC 1.767: [DefNew: 36919K->4004K(37056K), 0.0136020 secs] 385239K->363360K(530140K), 0.0136570 secs]
1.809: [GC 1.809: [DefNew: 36919K->4004K(37056K), 0.0114900 secs] 396276K->374202K(530140K), 0.0115410 secs]
1.848: [GC 1.848: [DefNew: 36919K->4004K(37056K), 0.0116940 secs] 407117K->385239K(530140K), 0.0117460 secs]
1.888: [GC 1.888: [DefNew: 36919K->4004K(37056K), 0.0443140 secs] 418154K->396276K(530140K), 0.0443640 secs]
1.960: [GC 1.960: [DefNew: 36919K->4004K(37056K), 0.0115530 secs] 429191K->407117K(530140K), 0.0116040 secs]
2.000: [GC 2.001: [DefNew: 36919K->4004K(37056K), 0.0121120 secs] 440033K->418154K(530140K), 0.0121660 secs]
2.041: [GC 2.041: [DefNew: 36919K->4004K(37056K), 0.0118020 secs] 451070K->429191K(530140K), 0.0118510 secs]
2.081: [GC 2.081: [DefNew: 36919K->4004K(37056K), 0.0117320 secs] 462107K->440033K(530140K), 0.0117880 secs]
2.121: [GC 2.121: [DefNew: 36919K->4004K(37056K), 0.0150780 secs] 472948K->451070K(530140K), 0.0151320 secs]
2.165: [GC 2.165: [DefNew: 36919K->4004K(37056K), 0.0119780 secs] 483985K->462107K(530140K), 0.0120290 secs]
2.207: [GC 2.207: [DefNew: 36919K->4004K(37056K), 0.0126880 secs] 495022K->472948K(530140K), 0.0128160 secs]
2.248: [GC 2.248: [DefNew: 36919K->4004K(37056K), 0.0128850 secs] 505864K->483985K(530140K), 0.0129350 secs]
2.290: [GC 2.290: [DefNew: 36919K->4004K(37056K), 0.0130260 secs] 516900K->495022K(530140K), 0.0130830 secs]
2.336: [GC 2.336: [DefNew: 36950K->4034K(37056K), 0.0130660 secs]2.349: [Tenured: 501859K->501859K(501916K), 0.0103640 secs] 527968K->505894K(538972K), 0.0240590 secs]
2.404: [GC 2.404: [DefNew: 50428K->6183K(56704K), 0.0464340 secs] 552288K->521424K(812928K), 0.0464840 secs]
2.499: [GC 2.499: [DefNew: 56582K->6251K(56704K), 0.0194620 secs] 571822K->538223K(812928K), 0.0195200 secs]
2.569: [GC 2.569: [DefNew: 56649K->6251K(56704K), 0.0177270 secs] 588622K->555023K(812928K), 0.0177800 secs]
2.632: [GC 2.632: [DefNew: 56649K->6251K(56704K), 0.0198390 secs] 605421K->571822K(812928K), 0.0198910 secs]
2.698: [GC 2.698: [DefNew: 56649K->6251K(56704K), 0.0177060 secs] 622221K->588622K(812928K), 0.0177570 secs]
2.765: [GC 2.765: [DefNew: 56649K->6251K(56704K), 0.0186150 secs] 639021K->605421K(812928K), 0.0186690 secs]
2.841: [GC 2.841: [DefNew: 56649K->6251K(56704K), 0.0215230 secs] 655820K->622221K(812928K), 0.0215750 secs]
2.910: [GC 2.910: [DefNew: 56649K->6251K(56704K), 0.0228330 secs] 672620K->639021K(812928K), 0.0228810 secs]
2.982: [GC 2.982: [DefNew: 56649K->6251K(56704K), 0.0661530 secs] 689419K->655820K(812928K), 0.0662050 secs]
3.098: [GC 3.098: [DefNew: 56649K->6251K(56704K), 0.0190160 secs] 706219K->672620K(812928K), 0.0190650 secs]
3.167: [GC 3.167: [DefNew: 56649K->6251K(56704K), 0.0180740 secs] 723018K->689419K(812928K), 0.0181330 secs]
3.228: [GC 3.229: [DefNew: 56649K->6251K(56704K), 0.0182660 secs] 739818K->706219K(812928K), 0.0183190 secs]
3.292: [GC 3.292: [DefNew: 56649K->56649K(56704K), 0.0000090 secs]3.292: [Tenured: 699968K->723018K(756224K), 0.0285320 secs] 756618K->723018K(812928K), 0.0286100 secs]
3.376: [GC 3.376: [DefNew: 50398K->50398K(56704K), 0.0000090 secs]3.376: [Tenured: 723018K->739916K(756224K), 0.0267270 secs] 773417K->739916K(812928K), 0.0268120 secs]
3.452: [GC 3.452: [DefNew: 50398K->50398K(56704K), 0.0000080 secs]3.452: [Tenured: 739916K->756193K(756224K), 0.2411310 secs] 790314K->756486K(812928K), 0.2412060 secs]
3.743: [Full GC 3.743: [Tenured: 756193K->756193K(756224K), 0.0196790 secs] 806540K->773136K(812928K), [Perm : 987K->987K(4096K)], 0.0197410 secs]
3.798: [Full GC 3.798: [Tenured: 756193K->756193K(756224K), 0.0297660 secs] 812791K->786419K(812928K), [Perm : 987K->987K(4096K)], 0.0298390 secs]
3.859: [Full GC 3.859: [Tenured: 756193K->756193K(756224K), 0.0156130 secs] 812791K->795210K(812928K), [Perm : 987K->987K(4096K)], 0.0156740 secs]
3.893: [Full GC 3.893: [Tenured: 756193K->756163K(756224K), 0.1308770 secs] 812791K->801040K(812928K), [Perm : 987K->987K(4096K)], 0.1309370 secs]
4.034: [Full GC 4.034: [Tenured: 756163K->756163K(756224K), 0.0130360 secs] 812760K->804947K(812928K), [Perm : 987K->987K(4096K)], 0.0130960 secs]
4.054: [Full GC 4.054: [Tenured: 756163K->756163K(756224K), 0.0122800 secs] 812760K->807486K(812928K), [Perm : 987K->987K(4096K)], 0.0123390 secs]
4.071: [Full GC 4.071: [Tenured: 756163K->756163K(756224K), 0.0118200 secs] 812760K->809244K(812928K), [Perm : 987K->987K(4096K)], 0.0118790 secs]
4.085: [Full GC 4.085: [Tenured: 756163K->756163K(756224K), 0.3143190 secs] 812760K->810416K(812928K), [Perm : 987K->987K(4096K)], 0.3143840 secs]
4.402: [Full GC 4.402: [Tenured: 756163K->756163K(756224K), 0.0116610 secs] 812760K->811197K(812928K), [Perm : 987K->987K(4096K)], 0.0117150 secs]
4.414: [Full GC 4.414: [Tenured: 756163K->756163K(756224K), 0.0111380 secs] 812760K->811783K(812928K), [Perm : 987K->987K(4096K)], 0.0111900 secs]
4.426: [Full GC 4.426: [Tenured: 756163K->756163K(756224K), 0.0108280 secs] 812760K->812174K(812928K), [Perm : 987K->987K(4096K)], 0.0108800 secs]
4.438: [Full GC 4.438: [Tenured: 756163K->756163K(756224K), 0.0106200 secs] 812760K->812369K(812928K), [Perm : 987K->987K(4096K)], 0.0106710 secs]
4.449: [Full GC 4.449: [Tenured: 756163K->756163K(756224K), 0.0108480 secs] 812760K->812369K(812928K), [Perm : 987K->987K(4096K)], 0.0108980 secs]
4.460: [Full GC 4.460: [Tenured: 756163K->756163K(756224K), 0.0104770 secs] 812760K->812565K(812928K), [Perm : 987K->987K(4096K)], 0.0105280 secs]
4.471: [Full GC 4.471: [Tenured: 756163K->756163K(756224K), 0.0103080 secs] 812760K->812565K(812928K), [Perm : 987K->987K(4096K)], 0.0103600 secs]
4.481: [Full GC 4.481: [Tenured: 756163K->756163K(756224K), 0.0101640 secs] 812760K->812760K(812928K), [Perm : 987K->987K(4096K)], 0.0102130 secs]
4.492: [Full GC 4.492: [Tenured: 756163K->756163K(756224K), 0.0098850 secs] 812760K->812760K(812928K), [Perm : 987K->987K(4096K)], 0.0099330 secs]
