Java HotSpot(TM) 64-Bit Server VM (25.25-b02) for linux-amd64 JRE (1.8.0_25-b17), built on Sep 17 2014 17:32:11 by "java_re" with gcc 4.3.0 20080428 (Red Hat 4.3.0-8)
Memory: 4k page, physical 8176256k(1105996k free), swap 0k(0k free)
CommandLine flags: -XX:InitialHeapSize=10485760 -XX:MaxHeapSize=838860800 -XX:MaxNewSize=279621632 -XX:MaxTenuringThreshold=6 -XX:OldPLABSize=16 -XX:+PrintGC -XX:+PrintGCDateStamps -XX:+PrintGCDetails -XX:+PrintGCTimeStamps -XX:-TraceClassUnloading -XX:+UseCompressedClassPointers -XX:+UseCompressedOops -XX:+UseConcMarkSweepGC -XX:+UseParNewGC 
2015-01-18T14:08:08.283+0100: 0.312: [GC (Allocation Failure) 0.312: [ParNew: 2743K->320K(3072K), 0.0239274 secs] 2743K->1047K(9920K), 0.0240282 secs] [Times: user=0.01 sys=0.00, real=0.03 secs] 
2015-01-18T14:08:08.316+0100: 0.345: [GC (Allocation Failure) 0.345: [ParNew: 3010K->299K(3072K), 0.0111720 secs] 3738K->1933K(9920K), 0.0112276 secs] [Times: user=0.00 sys=0.00, real=0.02 secs] 
2015-01-18T14:08:08.335+0100: 0.364: [GC (Allocation Failure) 0.364: [ParNew: 2990K->295K(3072K), 0.0119842 secs] 4624K->2808K(9920K), 0.0120274 secs] [Times: user=0.00 sys=0.00, real=0.02 secs] 
2015-01-18T14:08:08.355+0100: 0.384: [GC (Allocation Failure) 0.384: [ParNew: 2986K->293K(3072K), 0.0199750 secs] 5499K->3685K(9920K), 0.0200011 secs] [Times: user=0.01 sys=0.00, real=0.02 secs] 
2015-01-18T14:08:08.376+0100: 0.405: [GC (Allocation Failure) 0.405: [ParNew: 2983K->293K(3072K), 0.0108268 secs] 6375K->4564K(9920K), 0.0108605 secs] [Times: user=0.00 sys=0.00, real=0.02 secs] 
2015-01-18T14:08:08.396+0100: 0.424: [GC (Allocation Failure) 0.424: [ParNew: 2983K->293K(3072K), 0.0193631 secs] 7254K->5443K(9920K), 0.0193907 secs] [Times: user=0.01 sys=0.00, real=0.02 secs] 
2015-01-18T14:08:08.420+0100: 0.448: [GC (Allocation Failure) 0.448: [ParNew: 2984K->293K(3072K), 0.0113568 secs] 8134K->6322K(9920K), 0.0114025 secs] [Times: user=0.00 sys=0.00, real=0.01 secs] 
2015-01-18T14:08:08.435+0100: 0.464: [GC (CMS Initial Mark) [1 CMS-initial-mark: 6029K(6848K)] 6571K(9920K), 0.0239127 secs] [Times: user=0.01 sys=0.01, real=0.03 secs] 
2015-01-18T14:08:08.459+0100: 0.488: [CMS-concurrent-mark-start]
2015-01-18T14:08:08.463+0100: 0.492: [CMS-concurrent-mark: 0.004/0.004 secs] [Times: user=0.00 sys=0.00, real=0.00 secs] 
2015-01-18T14:08:08.463+0100: 0.492: [CMS-concurrent-preclean-start]
2015-01-18T14:08:08.464+0100: 0.492: [CMS-concurrent-preclean: 0.000/0.000 secs] [Times: user=0.00 sys=0.00, real=0.00 secs] 
2015-01-18T14:08:08.467+0100: 0.496: [GC (Allocation Failure) 0.496: [ParNew: 2983K->293K(3072K), 0.0159227 secs] 9013K->7201K(10304K), 0.0159688 secs] [Times: user=0.00 sys=0.00, real=0.01 secs] 
2015-01-18T14:08:08.484+0100: 0.513: [GC (Allocation Failure) 0.513: [ParNew: 2983K->293K(3072K), 0.0232147 secs] 9892K->8081K(11264K), 0.0232726 secs] [Times: user=0.00 sys=0.01, real=0.03 secs] 
2015-01-18T14:08:08.520+0100: 0.548: [GC (Allocation Failure) 0.548: [ParNew: 2984K->293K(3072K), 0.0113820 secs] 10772K->8962K(12032K), 0.0114092 secs] [Times: user=0.01 sys=0.00, real=0.01 secs] 
2015-01-18T14:08:08.535+0100: 0.564: [GC (CMS Final Remark) [YG occupancy: 2984 K (3072 K)]0.564: [Rescan (parallel) , 0.0159695 secs]0.580: [weak refs processing, 0.0000159 secs]0.580: [class unloading, 0.0003464 secs]0.580: [scrub symbol table, 0.0005312 secs]0.581: [scrub string table, 0.0002155 secs][1 CMS-remark: 8669K(8960K)] 11653K(12032K), 0.0171541 secs] [Times: user=0.00 sys=0.00, real=0.02 secs] 
2015-01-18T14:08:08.555+0100: 0.584: [CMS-concurrent-sweep-start]
2015-01-18T14:08:08.556+0100: 0.584: [CMS-concurrent-sweep: 0.000/0.000 secs] [Times: user=0.00 sys=0.00, real=0.00 secs] 
2015-01-18T14:08:08.556+0100: 0.584: [CMS-concurrent-reset-start]
2015-01-18T14:08:08.559+0100: 0.587: [CMS-concurrent-reset: 0.003/0.003 secs] [Times: user=0.01 sys=0.00, real=0.00 secs] 
2015-01-18T14:08:08.563+0100: 0.592: [GC (Allocation Failure) 0.592: [ParNew: 3039K->295K(3072K), 0.0160014 secs] 11707K->9842K(17520K), 0.0160627 secs] [Times: user=0.01 sys=0.00, real=0.02 secs] 
2015-01-18T14:08:08.583+0100: 0.612: [GC (Allocation Failure) 0.612: [ParNew: 2985K->293K(3072K), 0.0119479 secs] 12532K->10719K(17520K), 0.0119905 secs] [Times: user=0.00 sys=0.00, real=0.01 secs] 
2015-01-18T14:08:08.603+0100: 0.632: [GC (Allocation Failure) 0.632: [ParNew: 2983K->293K(3072K), 0.0199875 secs] 13410K->11599K(17520K), 0.0200272 secs] [Times: user=0.02 sys=0.00, real=0.02 secs] 
2015-01-18T14:08:08.627+0100: 0.656: [GC (Allocation Failure) 0.656: [ParNew: 2984K->293K(3072K), 0.0119645 secs] 14289K->12478K(17520K), 0.0119905 secs] [Times: user=0.00 sys=0.00, real=0.01 secs] 
2015-01-18T14:08:08.648+0100: 0.677: [GC (Allocation Failure) 0.677: [ParNew: 2983K->293K(3072K), 0.0088767 secs] 15169K->13357K(17520K), 0.0089598 secs] [Times: user=0.01 sys=0.00, real=0.00 secs] 
2015-01-18T14:08:08.660+0100: 0.689: [GC (CMS Initial Mark) [1 CMS-initial-mark: 13064K(14448K)] 16048K(17520K), 0.0031501 secs] [Times: user=0.00 sys=0.00, real=0.00 secs] 
2015-01-18T14:08:08.667+0100: 0.696: [CMS-concurrent-mark-start]
2015-01-18T14:08:08.671+0100: 0.699: [CMS-concurrent-mark: 0.004/0.004 secs] [Times: user=0.00 sys=0.01, real=0.00 secs] 
2015-01-18T14:08:08.671+0100: 0.699: [CMS-concurrent-preclean-start]
2015-01-18T14:08:08.671+0100: 0.700: [CMS-concurrent-preclean: 0.000/0.000 secs] [Times: user=0.00 sys=0.00, real=0.00 secs] 
2015-01-18T14:08:08.671+0100: 0.700: [CMS-concurrent-abortable-preclean-start]
2015-01-18T14:08:08.671+0100: 0.700: [GC (Allocation Failure) 0.700: [ParNew: 2984K->293K(3072K), 0.0015055 secs] 16048K->14236K(17520K), 0.0015466 secs] [Times: user=0.00 sys=0.00, real=0.00 secs] 
2015-01-18T14:08:08.674+0100: 0.702: [GC (Allocation Failure) 0.702: [ParNew2015-01-18T14:08:08.675+0100: 0.704: [CMS-concurrent-abortable-preclean: 0.000/0.004 secs] [Times: user=0.01 sys=0.00, real=0.00 secs] 
: 2984K->293K(3072K), 0.0026824 secs] 16927K->15115K(18288K), 0.0027140 secs] [Times: user=0.01 sys=0.00, real=0.00 secs] 
2015-01-18T14:08:08.677+0100: 0.705: [GC (Allocation Failure) 0.705: [ParNew: 2984K->293K(3072K), 0.0013396 secs] 17806K->15994K(19056K), 0.0013741 secs] [Times: user=0.00 sys=0.00, real=0.00 secs] 
2015-01-18T14:08:08.679+0100: 0.707: [GC (Allocation Failure) 0.707: [ParNew: 2984K->293K(3072K), 0.0122389 secs] 18685K->16874K(20016K), 0.0122806 secs] [Times: user=0.00 sys=0.00, real=0.02 secs] 
2015-01-18T14:08:08.692+0100: 0.720: [GC (Allocation Failure) 0.720: [ParNew: 2985K->293K(3072K), 0.0032818 secs] 19565K->17753K(20784K), 0.0033248 secs] [Times: user=0.00 sys=0.00, real=0.00 secs] 
2015-01-18T14:08:08.703+0100: 0.732: [GC (CMS Final Remark) [YG occupancy: 2984 K (3072 K)]0.732: [Rescan (parallel) , 0.0080428 secs]0.740: [weak refs processing, 0.0000103 secs]0.740: [class unloading, 0.0003898 secs]0.740: [scrub symbol table, 0.0005542 secs]0.741: [scrub string table, 0.0002157 secs][1 CMS-remark: 17460K(17712K)] 20444K(20784K), 0.0092913 secs] [Times: user=0.01 sys=0.00, real=0.01 secs] 
2015-01-18T14:08:08.715+0100: 0.744: [GC (Allocation Failure) 0.744: [ParNew: 2984K->293K(3072K), 0.0078693 secs] 20444K->18634K(21744K), 0.0079100 secs] [Times: user=0.00 sys=0.00, real=0.01 secs] 
2015-01-18T14:08:08.724+0100: 0.752: [GC (Allocation Failure) 0.753: [ParNew: 2984K->293K(3072K), 0.0072386 secs] 21325K->19513K(22704K), 0.0072765 secs] [Times: user=0.00 sys=0.00, real=0.01 secs] 
2015-01-18T14:08:08.732+0100: 0.760: [GC (Allocation Failure) 0.760: [ParNew: 2984K->293K(3072K), 0.0152874 secs] 22204K->20392K(23472K), 0.0153266 secs] [Times: user=0.01 sys=0.00, real=0.02 secs] 
2015-01-18T14:08:08.747+0100: 0.776: [CMS-concurrent-sweep-start]
2015-01-18T14:08:08.748+0100: 0.776: [CMS-concurrent-sweep: 0.000/0.000 secs] [Times: user=0.00 sys=0.00, real=0.00 secs] 
2015-01-18T14:08:08.748+0100: 0.776: [CMS-concurrent-reset-start]
2015-01-18T14:08:08.749+0100: 0.777: [GC (Allocation Failure) 0.777: [ParNew: 2984K->293K(3072K), 0.0066590 secs] 23082K->21272K(36572K), 0.0067177 secs] [Times: user=0.01 sys=0.00, real=0.00 secs] 
2015-01-18T14:08:08.758+0100: 0.787: [CMS-concurrent-reset: 0.004/0.010 secs] [Times: user=0.01 sys=0.00, real=0.00 secs] 
2015-01-18T14:08:08.758+0100: 0.787: [GC (Allocation Failure) 0.787: [ParNew: 2984K->293K(3072K), 0.0089215 secs] 23963K->22151K(36572K), 0.0089816 secs] [Times: user=0.00 sys=0.00, real=0.02 secs] 
2015-01-18T14:08:08.771+0100: 0.800: [GC (Allocation Failure) 0.800: [ParNew: 2984K->293K(3072K), 0.0079519 secs] 24842K->23030K(36572K), 0.0079961 secs] [Times: user=0.01 sys=0.00, real=0.01 secs] 
2015-01-18T14:08:08.779+0100: 0.808: [GC (CMS Initial Mark) [1 CMS-initial-mark: 22737K(33500K)] 23128K(36572K), 0.0001517 secs] [Times: user=0.00 sys=0.00, real=0.00 secs] 
2015-01-18T14:08:08.780+0100: 0.808: [CMS-concurrent-mark-start]
2015-01-18T14:08:08.783+0100: 0.812: [CMS-concurrent-mark: 0.004/0.004 secs] [Times: user=0.00 sys=0.00, real=0.00 secs] 
2015-01-18T14:08:08.783+0100: 0.812: [CMS-concurrent-preclean-start]
2015-01-18T14:08:08.784+0100: 0.812: [CMS-concurrent-preclean: 0.000/0.000 secs] [Times: user=0.00 sys=0.00, real=0.00 secs] 
2015-01-18T14:08:08.784+0100: 0.812: [CMS-concurrent-abortable-preclean-start]
2015-01-18T14:08:08.784+0100: 0.812: [GC (Allocation Failure) 0.812: [ParNew: 2984K->293K(3072K), 0.0075007 secs] 25721K->23909K(36572K), 0.0075418 secs] [Times: user=0.00 sys=0.00, real=0.01 secs] 
2015-01-18T14:08:08.795+0100: 0.824: [GC (Allocation Failure) 0.824: [ParNew: 2984K->294K(3072K), 0.0079796 secs] 26600K->24985K(36572K), 0.0080311 secs] [Times: user=0.01 sys=0.00, real=0.01 secs] 
2015-01-18T14:08:08.811+0100: 0.840: [GC (Allocation Failure) 0.840: [ParNew: 2985K->293K(3072K), 0.0052723 secs] 27676K->25668K(36572K), 0.0053242 secs] [Times: user=0.00 sys=0.00, real=0.00 secs] 
2015-01-18T14:08:08.817+0100: 0.846: [GC (Allocation Failure) 0.846: [ParNew: 2984K->293K(3072K), 0.0070385 secs] 28360K->26548K(36572K), 0.0070937 secs] [Times: user=0.00 sys=0.00, real=0.01 secs] 
2015-01-18T14:08:08.825+0100: 0.854: [GC (Allocation Failure) 0.854: [ParNew: 2984K->293K(3072K), 0.0016683 secs] 29239K->27427K(36572K), 0.0017061 secs] [Times: user=0.00 sys=0.00, real=0.00 secs] 
2015-01-18T14:08:08.831+0100: 0.860: [GC (Allocation Failure) 0.860: [ParNew: 2984K->293K(3072K), 0.0119964 secs] 30118K->28306K(36572K), 0.0120525 secs] [Times: user=0.00 sys=0.00, real=0.01 secs] 
2015-01-18T14:08:08.844+0100: 0.873: [GC (Allocation Failure) 0.873: [ParNew: 2984K->293K(3072K), 0.0110365 secs] 30997K->29185K(36572K), 0.0110970 secs] [Times: user=0.00 sys=0.00, real=0.01 secs] 
2015-01-18T14:08:08.856+0100: 0.885: [GC (Allocation Failure) 0.885: [ParNew: 2984K->293K(3072K), 0.0148000 secs] 31876K->30064K(36572K), 0.0148524 secs] [Times: user=0.01 sys=0.00, real=0.02 secs] 
2015-01-18T14:08:08.872+0100: 0.900: [GC (Allocation Failure) 0.900: [ParNew: 2984K->293K(3072K), 0.0192262 secs] 32755K->30943K(36572K), 0.0192560 secs] [Times: user=0.01 sys=0.00, real=0.02 secs] 
2015-01-18T14:08:08.892+0100: 0.920: [GC (Allocation Failure) 0.920: [ParNew: 2984K->293K(3072K), 0.0193394 secs] 33634K->31822K(36572K), 0.0193661 secs] [Times: user=0.01 sys=0.00, real=0.02 secs] 
2015-01-18T14:08:08.912+0100: 0.940: [GC (Allocation Failure) 0.940: [ParNew: 2984K->293K(3072K), 0.0153690 secs] 34513K->32701K(36572K), 0.0154010 secs] [Times: user=0.01 sys=0.00, real=0.02 secs] 
2015-01-18T14:08:08.928+0100: 0.957: [GC (Allocation Failure) 0.957: [ParNew: 2984K->293K(3072K), 0.0312277 secs] 35392K->33580K(36764K), 0.0312725 secs] [Times: user=0.01 sys=0.00, real=0.03 secs] 
2015-01-18T14:08:08.960+0100: 0.989: [GC (Allocation Failure) 0.989: [ParNew: 2984K->293K(3072K), 0.0151762 secs] 36271K->34459K(37532K), 0.0152071 secs] [Times: user=0.01 sys=0.00, real=0.01 secs] 
2015-01-18T14:08:08.980+0100: 1.008: [GC (Allocation Failure) 1.008: [ParNew: 2984K->293K(3072K), 0.0154123 secs] 37150K->35338K(38492K), 0.0154385 secs] [Times: user=0.01 sys=0.00, real=0.01 secs] 
2015-01-18T14:08:09.003+0100: 1.032: [GC (Allocation Failure) 1.032: [ParNew: 2984K->295K(3072K), 0.0279850 secs] 38029K->36219K(39452K), 0.0280243 secs] [Times: user=0.01 sys=0.00, real=0.03 secs] 
2015-01-18T14:08:09.036+0100: 1.064: [GC (Allocation Failure) 1.064: [ParNew: 2986K->293K(3072K), 0.0153406 secs] 38910K->37098K(40220K), 0.0154068 secs] [Times: user=0.00 sys=0.00, real=0.02 secs] 
2015-01-18T14:08:09.059+0100: 1.088: [GC (Allocation Failure) 1.088: [ParNew: 2984K->293K(3072K), 0.0159528 secs] 39789K->37977K(41180K), 0.0159797 secs] [Times: user=0.01 sys=0.00, real=0.01 secs] 
2015-01-18T14:08:09.083+0100: 1.112: [GC (Allocation Failure) 1.112: [ParNew: 2984K->293K(3072K), 0.0159954 secs] 40668K->38856K(41948K), 0.0160342 secs] [Times: user=0.01 sys=0.00, real=0.02 secs] 
2015-01-18T14:08:09.103+0100: 1.132: [GC (Allocation Failure) 1.132: [ParNew: 2984K->293K(3072K), 0.0159687 secs] 41547K->39735K(42908K), 0.0160023 secs] [Times: user=0.02 sys=0.00, real=0.02 secs] 
2015-01-18T14:08:09.127+0100: 1.156: [GC (Allocation Failure) 1.156: [ParNew: 2984K->293K(3072K), 0.0088742 secs] 42426K->40614K(43868K), 0.0089192 secs] [Times: user=0.01 sys=0.00, real=0.00 secs] 
2015-01-18T14:08:09.143+0100: 1.172: [GC (Allocation Failure) 1.172: [ParNew2015-01-18T14:08:09.147+0100: 1.176: [CMS-concurrent-abortable-preclean: 0.001/0.364 secs] [Times: user=0.16 sys=0.00, real=0.37 secs] 
: 2984K->293K(3072K), 0.0199967 secs] 43305K->41493K(44636K), 0.0200425 secs] [Times: user=0.00 sys=0.00, real=0.02 secs] 
2015-01-18T14:08:09.171+0100: 1.200: [GC (Allocation Failure) 1.200: [ParNew: 2984K->293K(3072K), 0.0119682 secs] 44185K->42373K(45596K), 0.0120084 secs] [Times: user=0.01 sys=0.00, real=0.01 secs] 
2015-01-18T14:08:09.191+0100: 1.220: [GC (Allocation Failure) 1.220: [ParNew: 2984K->293K(3072K), 0.0119968 secs] 45064K->43252K(46364K), 0.0120485 secs] [Times: user=0.00 sys=0.00, real=0.01 secs] 
2015-01-18T14:08:09.209+0100: 1.237: [GC (Allocation Failure) 1.237: [ParNew: 2984K->293K(3072K), 0.0103718 secs] 45943K->44131K(47324K), 0.0104116 secs] [Times: user=0.00 sys=0.00, real=0.01 secs] 
2015-01-18T14:08:09.224+0100: 1.252: [GC (Allocation Failure) 1.252: [ParNew: 2984K->293K(3072K), 0.0274804 secs] 46822K->45010K(48284K), 0.0275372 secs] [Times: user=0.03 sys=0.00, real=0.03 secs] 
2015-01-18T14:08:09.252+0100: 1.281: [GC (Allocation Failure) 1.281: [ParNew: 2984K->293K(3072K), 0.0110943 secs] 47701K->45889K(49052K), 0.0111382 secs] [Times: user=0.00 sys=0.00, real=0.01 secs] 
2015-01-18T14:08:09.264+0100: 1.292: [GC (Allocation Failure) 1.292: [ParNew: 2984K->293K(3072K), 0.0107358 secs] 48580K->46768K(50012K), 0.0107784 secs] [Times: user=0.00 sys=0.00, real=0.01 secs] 
2015-01-18T14:08:09.275+0100: 1.304: [GC (Allocation Failure) 1.304: [ParNew: 2984K->293K(3072K), 0.0117744 secs] 49459K->47647K(50780K), 0.0118138 secs] [Times: user=0.00 sys=0.00, real=0.02 secs] 
2015-01-18T14:08:09.288+0100: 1.316: [GC (Allocation Failure) 1.316: [ParNew: 2984K->293K(3072K), 0.0035101 secs] 50338K->48526K(51740K), 0.0035477 secs] [Times: user=0.00 sys=0.00, real=0.00 secs] 
2015-01-18T14:08:09.292+0100: 1.321: [GC (Allocation Failure) 1.321: [ParNew: 2984K->293K(3072K), 0.0110581 secs] 51217K->49405K(52508K), 0.0110865 secs] [Times: user=0.00 sys=0.00, real=0.01 secs] 
2015-01-18T14:08:09.304+0100: 1.332: [GC (Allocation Failure) 1.332: [ParNew: 2984K->293K(3072K), 0.0035501 secs] 52096K->50284K(53468K), 0.0035854 secs] [Times: user=0.01 sys=0.00, real=0.01 secs] 
2015-01-18T14:08:09.308+0100: 1.337: [GC (Allocation Failure) 1.337: [ParNew: 2984K->293K(3072K), 0.0071432 secs] 52975K->51163K(54428K), 0.0071813 secs] [Times: user=0.00 sys=0.00, real=0.00 secs] 
2015-01-18T14:08:09.316+0100: 1.344: [GC (Allocation Failure) 1.344: [ParNew: 2984K->293K(3072K), 0.0033110 secs] 53854K->52042K(55196K), 0.0033551 secs] [Times: user=0.00 sys=0.00, real=0.01 secs] 
2015-01-18T14:08:09.320+0100: 1.349: [GC (Allocation Failure) 1.349: [ParNew: 2984K->293K(3072K), 0.0151227 secs] 54733K->52921K(56156K), 0.0151804 secs] [Times: user=0.01 sys=0.00, real=0.01 secs] 
2015-01-18T14:08:09.339+0100: 1.368: [GC (Allocation Failure) 1.368: [ParNew: 2984K->293K(3072K), 0.0119711 secs] 55612K->53800K(56924K), 0.0120103 secs] [Times: user=0.00 sys=0.00, real=0.01 secs] 
2015-01-18T14:08:09.359+0100: 1.388: [GC (Allocation Failure) 1.388: [ParNew: 2984K->296K(3072K), 0.0119713 secs] 56491K->54682K(57884K), 0.0120142 secs] [Times: user=0.00 sys=0.00, real=0.01 secs] 
2015-01-18T14:08:09.379+0100: 1.408: [GC (Allocation Failure) 1.408: [ParNew: 2987K->293K(3072K), 0.0060304 secs] 57373K->55561K(58844K), 0.0060770 secs] [Times: user=0.01 sys=0.00, real=0.00 secs] 
2015-01-18T14:08:09.392+0100: 1.420: [GC (Allocation Failure) 1.420: [ParNew: 2984K->293K(3072K), 0.0154360 secs] 58253K->56440K(59612K), 0.0154930 secs] [Times: user=0.01 sys=0.00, real=0.02 secs] 
2015-01-18T14:08:09.411+0100: 1.440: [GC (Allocation Failure) 1.440: [ParNew: 2984K->293K(3072K), 0.0080080 secs] 59132K->57320K(60572K), 0.0080601 secs] [Times: user=0.00 sys=0.00, real=0.01 secs] 
2015-01-18T14:08:09.423+0100: 1.452: [GC (Allocation Failure) 1.452: [ParNew: 2984K->293K(3072K), 0.0041964 secs] 60011K->58199K(61340K), 0.0042360 secs] [Times: user=0.00 sys=0.00, real=0.01 secs] 
2015-01-18T14:08:09.435+0100: 1.464: [GC (CMS Final Remark) [YG occupancy: 2984 K (3072 K)]1.464: [Rescan (parallel) , 0.0079455 secs]1.472: [weak refs processing, 0.0000100 secs]1.472: [class unloading, 0.0003171 secs]1.472: [scrub symbol table, 0.0005374 secs]1.473: [scrub string table, 0.0002144 secs][1 CMS-remark: 57906K(58268K)] 60890K(61340K), 0.0090968 secs] [Times: user=0.00 sys=0.00, real=0.01 secs] 
2015-01-18T14:08:09.451+0100: 1.480: [CMS-concurrent-sweep-start]
2015-01-18T14:08:09.451+0100: 1.480: [CMS-concurrent-sweep: 0.000/0.000 secs] [Times: user=0.00 sys=0.00, real=0.00 secs] 
2015-01-18T14:08:09.452+0100: 1.480: [CMS-concurrent-reset-start]
2015-01-18T14:08:09.454+0100: 1.483: [CMS-concurrent-reset: 0.002/0.002 secs] [Times: user=0.00 sys=0.00, real=0.00 secs] 
2015-01-18T14:08:09.455+0100: 1.484: [GC (Allocation Failure) 1.484: [ParNew: 2984K->293K(3072K), 0.0159772 secs] 60889K->59077K(99584K), 0.0160303 secs] [Times: user=0.01 sys=0.00, real=0.02 secs] 
2015-01-18T14:08:09.479+0100: 1.508: [GC (Allocation Failure) 1.508: [ParNew: 2984K->293K(3072K), 0.0133834 secs] 61768K->59956K(99584K), 0.0134338 secs] [Times: user=0.01 sys=0.00, real=0.01 secs] 
2015-01-18T14:08:09.496+0100: 1.524: [GC (Allocation Failure) 1.524: [ParNew: 2984K->293K(3072K), 0.0048632 secs] 62647K->60835K(99584K), 0.0048961 secs] [Times: user=0.01 sys=0.00, real=0.01 secs] 
2015-01-18T14:08:09.504+0100: 1.532: [GC (Allocation Failure) 1.532: [ParNew: 2984K->293K(3072K), 0.0113859 secs] 63526K->61714K(99584K), 0.0114427 secs] [Times: user=0.00 sys=0.00, real=0.01 secs] 
2015-01-18T14:08:09.520+0100: 1.548: [GC (Allocation Failure) 1.548: [ParNew: 2984K->293K(3072K), 0.0114117 secs] 64405K->62593K(99584K), 0.0114729 secs] [Times: user=0.00 sys=0.00, real=0.01 secs] 
2015-01-18T14:08:09.535+0100: 1.564: [GC (Allocation Failure) 1.564: [ParNew: 2984K->293K(3072K), 0.0119763 secs] 65284K->63472K(99584K), 0.0120295 secs] [Times: user=0.01 sys=0.00, real=0.02 secs] 
2015-01-18T14:08:09.552+0100: 1.580: [GC (Allocation Failure) 1.580: [ParNew: 2984K->293K(3072K), 0.0113525 secs] 66163K->64351K(99584K), 0.0113889 secs] [Times: user=0.00 sys=0.00, real=0.01 secs] 
2015-01-18T14:08:09.564+0100: 1.593: [GC (Allocation Failure) 1.593: [ParNew: 2984K->293K(3072K), 0.0073794 secs] 67042K->65230K(99584K), 0.0074380 secs] [Times: user=0.01 sys=0.00, real=0.01 secs] 
2015-01-18T14:08:09.575+0100: 1.604: [GC (Allocation Failure) 1.604: [ParNew: 2984K->293K(3072K), 0.0041472 secs] 67921K->66109K(99584K), 0.0041811 secs] [Times: user=0.00 sys=0.00, real=0.01 secs] 
2015-01-18T14:08:09.580+0100: 1.608: [GC (CMS Initial Mark) [1 CMS-initial-mark: 65816K(96512K)] 66207K(99584K), 0.0074878 secs] [Times: user=0.00 sys=0.00, real=0.01 secs] 
2015-01-18T14:08:09.591+0100: 1.620: [CMS-concurrent-mark-start]
2015-01-18T14:08:09.595+0100: 1.624: [CMS-concurrent-mark: 0.004/0.004 secs] [Times: user=0.00 sys=0.00, real=0.00 secs] 
2015-01-18T14:08:09.595+0100: 1.624: [CMS-concurrent-preclean-start]
2015-01-18T14:08:09.595+0100: 1.624: [CMS-concurrent-preclean: 0.000/0.000 secs] [Times: user=0.00 sys=0.00, real=0.00 secs] 
2015-01-18T14:08:09.596+0100: 1.625: [GC (CMS Final Remark) [YG occupancy: 2984 K (3072 K)]1.625: [Rescan (parallel) , 0.0032767 secs]1.628: [weak refs processing, 0.0000129 secs]1.628: [class unloading, 0.0003831 secs]1.628: [scrub symbol table, 0.0006008 secs]1.629: [scrub string table, 0.0002136 secs][1 CMS-remark: 65816K(96512K)] 68800K(99584K), 0.0045898 secs] [Times: user=0.00 sys=0.00, real=0.01 secs] 
2015-01-18T14:08:09.611+0100: 1.640: [CMS-concurrent-sweep-start]
2015-01-18T14:08:09.612+0100: 1.640: [CMS-concurrent-sweep: 0.000/0.000 secs] [Times: user=0.00 sys=0.00, real=0.00 secs] 
2015-01-18T14:08:09.612+0100: 1.640: [CMS-concurrent-reset-start]
2015-01-18T14:08:09.614+0100: 1.643: [CMS-concurrent-reset: 0.002/0.002 secs] [Times: user=0.00 sys=0.00, real=0.00 secs] 
2015-01-18T14:08:09.614+0100: 1.643: [GC (Allocation Failure) 1.643: [ParNew: 2984K->293K(3072K), 0.0089013 secs] 68796K->66984K(112760K), 0.0089722 secs] [Times: user=0.00 sys=0.00, real=0.01 secs] 
2015-01-18T14:08:09.631+0100: 1.660: [GC (Allocation Failure) 1.660: [ParNew: 2984K->293K(3072K), 0.0079686 secs] 69675K->67863K(112760K), 0.0080076 secs] [Times: user=0.01 sys=0.00, real=0.01 secs] 
2015-01-18T14:08:09.647+0100: 1.676: [GC (Allocation Failure) 1.676: [ParNew: 2984K->293K(3072K), 0.0039698 secs] 70554K->68742K(112760K), 0.0040051 secs] [Times: user=0.00 sys=0.00, real=0.00 secs] 
2015-01-18T14:08:09.655+0100: 1.684: [GC (Allocation Failure) 1.684: [ParNew: 2984K->293K(3072K), 0.0120052 secs] 71433K->69621K(112760K), 0.0120548 secs] [Times: user=0.00 sys=0.00, real=0.02 secs] 
2015-01-18T14:08:09.675+0100: 1.704: [GC (Allocation Failure) 1.704: [ParNew: 2984K->293K(3072K), 0.0159510 secs] 72312K->70500K(112760K), 0.0159775 secs] [Times: user=0.01 sys=0.00, real=0.02 secs] 
2015-01-18T14:08:09.695+0100: 1.724: [GC (Allocation Failure) 1.724: [ParNew: 2984K->293K(3072K), 0.0119746 secs] 73191K->71379K(112760K), 0.0120016 secs] [Times: user=0.00 sys=0.00, real=0.02 secs] 
2015-01-18T14:08:09.711+0100: 1.740: [GC (Allocation Failure) 1.740: [ParNew: 2984K->293K(3072K), 0.0119878 secs] 74070K->72258K(112760K), 0.0120233 secs] [Times: user=0.00 sys=0.00, real=0.01 secs] 
2015-01-18T14:08:09.727+0100: 1.756: [GC (Allocation Failure) 1.756: [ParNew: 2984K->293K(3072K), 0.0119974 secs] 74949K->73137K(112760K), 0.0120482 secs] [Times: user=0.01 sys=0.00, real=0.01 secs] 
2015-01-18T14:08:09.743+0100: 1.772: [GC (Allocation Failure) 1.772: [ParNew: 2984K->293K(3072K), 0.0039522 secs] 75828K->74016K(112760K), 0.0039813 secs] [Times: user=0.00 sys=0.00, real=0.01 secs] 
2015-01-18T14:08:09.751+0100: 1.780: [GC (Allocation Failure) 1.780: [ParNew: 2984K->293K(3072K), 0.0079641 secs] 76707K->74895K(112760K), 0.0079892 secs] [Times: user=0.01 sys=0.00, real=0.01 secs] 
2015-01-18T14:08:09.763+0100: 1.792: [GC (Allocation Failure) 1.792: [ParNew: 2984K->293K(3072K), 0.0119762 secs] 77586K->75774K(112760K), 0.0120020 secs] [Times: user=0.00 sys=0.00, real=0.01 secs] 
2015-01-18T14:08:09.783+0100: 1.812: [GC (Allocation Failure) 1.812: [ParNew: 2984K->293K(3072K), 0.0080096 secs] 78465K->76653K(112760K), 0.0080657 secs] [Times: user=0.00 sys=0.00, real=0.01 secs] 
2015-01-18T14:08:09.792+0100: 1.820: [GC (Allocation Failure) 1.820: [ParNew: 2984K->293K(3072K), 0.0112659 secs] 79344K->77532K(112760K), 0.0113197 secs] [Times: user=0.00 sys=0.01, real=0.01 secs] 
2015-01-18T14:08:09.808+0100: 1.837: [GC (Allocation Failure) 1.837: [ParNew: 2984K->293K(3072K), 0.0150611 secs] 80223K->78411K(112760K), 0.0151131 secs] [Times: user=0.01 sys=0.00, real=0.01 secs] 
2015-01-18T14:08:09.827+0100: 1.856: [GC (Allocation Failure) 1.856: [ParNew: 2984K->293K(3072K), 0.0090158 secs] 81103K->79290K(112760K), 0.0090808 secs] [Times: user=0.00 sys=0.00, real=0.00 secs] 
2015-01-18T14:08:09.843+0100: 1.872: [GC (Allocation Failure) 1.872: [ParNew: 2984K->293K(3072K), 0.0119490 secs] 81982K->80170K(112760K), 0.0119869 secs] [Times: user=0.01 sys=0.00, real=0.01 secs] 
2015-01-18T14:08:09.859+0100: 1.888: [GC (Allocation Failure) 1.888: [ParNew: 2984K->297K(3072K), 0.0041621 secs] 82861K->81053K(112760K), 0.0042079 secs] [Times: user=0.00 sys=0.00, real=0.00 secs] 
2015-01-18T14:08:09.871+0100: 1.900: [GC (Allocation Failure) 1.900: [ParNew: 2988K->293K(3072K), 0.0159643 secs] 83744K->81932K(112760K), 0.0159912 secs] [Times: user=0.00 sys=0.00, real=0.02 secs] 
2015-01-18T14:08:09.895+0100: 1.924: [GC (Allocation Failure) 1.924: [ParNew: 2984K->293K(3072K), 0.0119890 secs] 84624K->82812K(112760K), 0.0120249 secs] [Times: user=0.02 sys=0.00, real=0.02 secs] 
2015-01-18T14:08:09.915+0100: 1.944: [GC (Allocation Failure) 1.944: [ParNew: 2984K->293K(3072K), 0.0119647 secs] 85503K->83691K(112760K), 0.0119898 secs] [Times: user=0.00 sys=0.00, real=0.02 secs] 
2015-01-18T14:08:09.931+0100: 1.960: [GC (Allocation Failure) 1.960: [ParNew: 2984K->293K(3072K), 0.0079868 secs] 86382K->84570K(112760K), 0.0080246 secs] [Times: user=0.01 sys=0.00, real=0.01 secs] 
2015-01-18T14:08:09.943+0100: 1.972: [GC (Allocation Failure) 1.972: [ParNew: 2984K->293K(3072K), 0.0170619 secs] 87261K->85449K(112760K), 0.0171197 secs] [Times: user=0.01 sys=0.00, real=0.02 secs] 
2015-01-18T14:08:09.967+0100: 1.996: [GC (Allocation Failure) 1.996: [ParNew: 2984K->293K(3072K), 0.0079619 secs] 88140K->86328K(112760K), 0.0080035 secs] [Times: user=0.00 sys=0.00, real=0.00 secs] 
2015-01-18T14:08:09.983+0100: 2.012: [GC (Allocation Failure) 2.012: [ParNew: 2984K->293K(3072K), 0.0079639 secs] 89019K->87207K(112760K), 0.0079983 secs] [Times: user=0.00 sys=0.00, real=0.01 secs] 
2015-01-18T14:08:09.999+0100: 2.028: [GC (Allocation Failure) 2.028: [ParNew: 2984K->293K(3072K), 0.0102973 secs] 89898K->88086K(112760K), 0.0103276 secs] [Times: user=0.00 sys=0.00, real=0.01 secs] 
2015-01-18T14:08:10.011+0100: 2.039: [GC (Allocation Failure) 2.039: [ParNew: 2984K->293K(3072K), 0.0124677 secs] 90777K->88965K(112760K), 0.0124983 secs] [Times: user=0.00 sys=0.00, real=0.01 secs] 
2015-01-18T14:08:10.024+0100: 2.052: [GC (Allocation Failure) 2.052: [ParNew: 2984K->293K(3072K), 0.0153227 secs] 91656K->89844K(112760K), 0.0153470 secs] [Times: user=0.01 sys=0.00, real=0.02 secs] 
2015-01-18T14:08:10.040+0100: 2.068: [GC (Allocation Failure) 2.068: [ParNew: 2984K->293K(3072K), 0.0153578 secs] 92535K->90723K(112760K), 0.0153821 secs] [Times: user=0.01 sys=0.00, real=0.01 secs] 
2015-01-18T14:08:10.056+0100: 2.084: [GC (Allocation Failure) 2.084: [ParNew: 2984K->293K(3072K), 0.0113799 secs] 93414K->91602K(112760K), 0.0114040 secs] [Times: user=0.00 sys=0.00, real=0.02 secs] 
2015-01-18T14:08:10.068+0100: 2.096: [GC (Allocation Failure) 2.096: [ParNew: 2984K->293K(3072K), 0.0193530 secs] 94293K->92481K(112760K), 0.0193770 secs] [Times: user=0.01 sys=0.00, real=0.02 secs] 
2015-01-18T14:08:10.088+0100: 2.116: [GC (Allocation Failure) 2.116: [ParNew: 2984K->293K(3072K), 0.0153881 secs] 95172K->93360K(112760K), 0.0154121 secs] [Times: user=0.01 sys=0.00, real=0.01 secs] 
2015-01-18T14:08:10.104+0100: 2.132: [GC (Allocation Failure) 2.132: [ParNew: 2984K->293K(3072K), 0.0153983 secs] 96051K->94239K(112760K), 0.0154256 secs] [Times: user=0.01 sys=0.00, real=0.02 secs] 
2015-01-18T14:08:10.120+0100: 2.148: [GC (Allocation Failure) 2.148: [ParNew: 2984K->293K(3072K), 0.0072245 secs] 96930K->95118K(112760K), 0.0072498 secs] [Times: user=0.00 sys=0.00, real=0.01 secs] 
2015-01-18T14:08:10.128+0100: 2.156: [GC (Allocation Failure) 2.156: [ParNew: 2984K->293K(3072K), 0.0073872 secs] 97809K->95997K(112760K), 0.0074112 secs] [Times: user=0.00 sys=0.00, real=0.00 secs] 
2015-01-18T14:08:10.136+0100: 2.165: [GC (Allocation Failure) 2.165: [ParNew: 2984K->293K(3072K), 0.0147540 secs] 98688K->96876K(112760K), 0.0147947 secs] [Times: user=0.01 sys=0.00, real=0.02 secs] 
2015-01-18T14:08:10.152+0100: 2.180: [GC (Allocation Failure) 2.180: [ParNew: 2984K->293K(3072K), 0.0039233 secs] 99567K->97755K(112760K), 0.0039786 secs] [Times: user=0.00 sys=0.00, real=0.00 secs] 
2015-01-18T14:08:10.157+0100: 2.185: [GC (Allocation Failure) 2.185: [ParNew: 2984K->293K(3072K), 0.0143323 secs] 100446K->98634K(112760K), 0.0143649 secs] [Times: user=0.00 sys=0.00, real=0.02 secs] 
2015-01-18T14:08:10.172+0100: 2.200: [GC (Allocation Failure) 2.200: [ParNew: 2984K->293K(3072K), 0.0152228 secs] 101325K->99513K(112760K), 0.0152482 secs] [Times: user=0.01 sys=0.00, real=0.02 secs] 
2015-01-18T14:08:10.200+0100: 2.228: [GC (CMS Initial Mark) [1 CMS-initial-mark: 99220K(109688K)] 101521K(112760K), 0.0135507 secs] [Times: user=0.00 sys=0.00, real=0.01 secs] 
2015-01-18T14:08:10.215+0100: 2.244: [CMS-concurrent-mark-start]
2015-01-18T14:08:10.219+0100: 2.248: [CMS-concurrent-mark: 0.004/0.004 secs] [Times: user=0.00 sys=0.01, real=0.00 secs] 
2015-01-18T14:08:10.223+0100: 2.252: [GC (Allocation Failure) 2.252: [ParNew: 2984K->293K(3072K), 0.0119834 secs] 102204K->100392K(112760K), 0.0120277 secs] [Times: user=0.01 sys=0.00, real=0.01 secs] 
2015-01-18T14:08:10.239+0100: 2.268: [CMS-concurrent-preclean-start]
2015-01-18T14:08:10.239+0100: 2.268: [CMS-concurrent-preclean: 0.000/0.000 secs] [Times: user=0.00 sys=0.00, real=0.00 secs] 
2015-01-18T14:08:10.240+0100: 2.269: [GC (Allocation Failure) 2.269: [ParNew: 2984K->293K(3072K), 0.0151485 secs] 103084K->101271K(112760K), 0.0152059 secs] [Times: user=0.01 sys=0.00, real=0.01 secs] 
2015-01-18T14:08:10.264+0100: 2.292: [GC (Allocation Failure) 2.292: [ParNew: 2984K->293K(3072K), 0.0035988 secs] 103963K->102151K(112760K), 0.0036251 secs] [Times: user=0.00 sys=0.00, real=0.01 secs] 
2015-01-18T14:08:10.275+0100: 2.304: [GC (CMS Final Remark) [YG occupancy: 2984 K (3072 K)]2.304: [Rescan (parallel) , 0.0079686 secs]2.312: [weak refs processing, 0.0000090 secs]2.312: [class unloading, 0.0003479 secs]2.312: [scrub symbol table, 0.0005410 secs]2.313: [scrub string table, 0.0002163 secs][1 CMS-remark: 101858K(109688K)] 104842K(112760K), 0.0091541 secs] [Times: user=0.00 sys=0.00, real=0.01 secs] 
2015-01-18T14:08:10.291+0100: 2.320: [CMS-concurrent-sweep-start]
2015-01-18T14:08:10.291+0100: 2.320: [GC (Allocation Failure) 2.320: [ParNew: 2984K->293K(3072K), 0.0159160 secs] 104842K->103030K(112760K), 0.0159517 secs] [Times: user=0.01 sys=0.00, real=0.02 secs] 
2015-01-18T14:08:10.308+0100: 2.337: [GC (Allocation Failure) 2.337: [ParNew: 2984K->293K(3072K), 0.0108016 secs] 105721K->103909K(112760K), 0.0108569 secs] [Times: user=0.01 sys=0.00, real=0.00 secs] 
2015-01-18T14:08:10.320+0100: 2.348: [CMS-concurrent-sweep: 0.028/0.028 secs] [Times: user=0.02 sys=0.00, real=0.03 secs] 
2015-01-18T14:08:10.320+0100: 2.348: [CMS-concurrent-reset-start]
2015-01-18T14:08:10.323+0100: 2.352: [GC (Allocation Failure) 2.352: [ParNew: 2984K->293K(3072K), 0.0119358 secs] 106596K->104784K(175764K), 0.0119704 secs] [Times: user=0.01 sys=0.00, real=0.01 secs] 
2015-01-18T14:08:10.336+0100: 2.364: [GC (Allocation Failure) 2.364: [ParNew: 2984K->293K(3072K), 0.0113747 secs] 107476K->105663K(175764K), 0.0114184 secs] [Times: user=0.00 sys=0.00, real=0.02 secs] 
2015-01-18T14:08:10.348+0100: 2.377: [GC (Allocation Failure) 2.377: [ParNew: 2984K->293K(3072K), 0.0111882 secs] 108355K->106543K(175764K), 0.0112417 secs] [Times: user=0.01 sys=0.00, real=0.01 secs] 
2015-01-18T14:08:10.360+0100: 2.389: [GC (Allocation Failure) 2.389: [ParNew: 2984K->293K(3072K), 0.0032895 secs] 109234K->107422K(175764K), 0.0033358 secs] [Times: user=0.00 sys=0.00, real=0.00 secs] 
2015-01-18T14:08:10.367+0100: 2.396: [GC (Allocation Failure) 2.396: [ParNew: 2984K->293K(3072K), 0.0082076 secs] 110113K->108301K(175764K), 0.0082378 secs] [Times: user=0.01 sys=0.00, real=0.00 secs] 
2015-01-18T14:08:10.376+0100: 2.405: [GC (Allocation Failure) 2.405: [ParNew: 2984K->293K(3072K), 0.0191320 secs] 110992K->109180K(175764K), 0.0191923 secs] [Times: user=0.01 sys=0.00, real=0.02 secs] 
2015-01-18T14:08:10.400+0100: 2.429: [GC (Allocation Failure) 2.429: [ParNew: 2984K->293K(3072K), 0.0148975 secs] 111871K->110059K(175764K), 0.0149776 secs] [Times: user=0.01 sys=0.00, real=0.01 secs] 
2015-01-18T14:08:10.416+0100: 2.444: [CMS-concurrent-reset: 0.002/0.096 secs] [Times: user=0.05 sys=0.00, real=0.09 secs] 
2015-01-18T14:08:10.420+0100: 2.448: [GC (Allocation Failure) 2.448: [ParNew: 2984K->293K(3072K), 0.0034808 secs] 112750K->110938K(175764K), 0.0035367 secs] [Times: user=0.00 sys=0.00, real=0.00 secs] 
2015-01-18T14:08:10.431+0100: 2.460: [GC (Allocation Failure) 2.460: [ParNew: 2984K->293K(3072K), 0.0079482 secs] 113629K->111817K(175764K), 0.0079778 secs] [Times: user=0.01 sys=0.00, real=0.01 secs] 
2015-01-18T14:08:10.447+0100: 2.476: [GC (Allocation Failure) 2.476: [ParNew: 2984K->293K(3072K), 0.0080081 secs] 114508K->112696K(175764K), 0.0080557 secs] [Times: user=0.00 sys=0.00, real=0.00 secs] 
2015-01-18T14:08:10.460+0100: 2.488: [GC (Allocation Failure) 2.488: [ParNew: 2984K->293K(3072K), 0.0154692 secs] 115387K->113575K(175764K), 0.0155093 secs] [Times: user=0.01 sys=0.00, real=0.01 secs] 
2015-01-18T14:08:10.480+0100: 2.508: [GC (Allocation Failure) 2.508: [ParNew: 2984K->293K(3072K), 0.0075064 secs] 116266K->114454K(175764K), 0.0075599 secs] [Times: user=0.00 sys=0.00, real=0.01 secs] 
2015-01-18T14:08:10.492+0100: 2.520: [GC (Allocation Failure) 2.520: [ParNew: 2984K->293K(3072K), 0.0115112 secs] 117145K->115333K(175764K), 0.0115693 secs] [Times: user=0.01 sys=0.00, real=0.01 secs] 
2015-01-18T14:08:10.508+0100: 2.536: [GC (Allocation Failure) 2.536: [ParNew: 2984K->293K(3072K), 0.0180994 secs] 118024K->116212K(175764K), 0.0181450 secs] [Times: user=0.02 sys=0.00, real=0.01 secs] 
2015-01-18T14:08:10.531+0100: 2.560: [GC (Allocation Failure) 2.560: [ParNew: 2984K->293K(3072K), 0.0020126 secs] 118903K->117091K(175764K), 0.0020503 secs] [Times: user=0.00 sys=0.00, real=0.00 secs] 
2015-01-18T14:08:10.539+0100: 2.568: [GC (Allocation Failure) 2.568: [ParNew: 2984K->293K(3072K), 0.0017559 secs] 119782K->117970K(175764K), 0.0017913 secs] [Times: user=0.00 sys=0.00, real=0.00 secs] 
2015-01-18T14:08:10.547+0100: 2.576: [GC (Allocation Failure) 2.576: [ParNew: 2984K->293K(3072K), 0.0021900 secs] 120661K->118849K(175764K), 0.0022352 secs] [Times: user=0.00 sys=0.00, real=0.00 secs] 
2015-01-18T14:08:10.555+0100: 2.584: [GC (Allocation Failure) 2.584: [ParNew: 2984K->293K(3072K), 0.0041966 secs] 121540K->119728K(175764K), 0.0042331 secs] [Times: user=0.01 sys=0.00, real=0.01 secs] 
2015-01-18T14:08:10.564+0100: 2.592: [GC (Allocation Failure) 2.592: [ParNew: 2984K->293K(3072K), 0.0019071 secs] 122419K->120607K(175764K), 0.0019542 secs] [Times: user=0.00 sys=0.00, real=0.00 secs] 
2015-01-18T14:08:10.568+0100: 2.596: [GC (Allocation Failure) 2.596: [ParNew: 2984K->300K(3072K), 0.0094579 secs] 123298K->121494K(175764K), 0.0095018 secs] [Times: user=0.01 sys=0.00, real=0.00 secs] 
2015-01-18T14:08:10.580+0100: 2.608: [GC (Allocation Failure) 2.608: [ParNew: 2991K->293K(3072K), 0.0077438 secs] 124185K->122373K(175764K), 0.0078014 secs] [Times: user=0.00 sys=0.00, real=0.01 secs] 
2015-01-18T14:08:10.592+0100: 2.620: [GC (Allocation Failure) 2.620: [ParNew: 2984K->293K(3072K), 0.0272556 secs] 125064K->123252K(175764K), 0.0273044 secs] [Times: user=0.00 sys=0.00, real=0.02 secs] 
2015-01-18T14:08:10.620+0100: 2.648: [GC (Allocation Failure) 2.648: [ParNew: 2984K->293K(3072K), 0.0018424 secs] 125943K->124131K(175764K), 0.0018823 secs] [Times: user=0.00 sys=0.00, real=0.00 secs] 
2015-01-18T14:08:10.624+0100: 2.652: [GC (Allocation Failure) 2.652: [ParNew: 2984K->293K(3072K), 0.0057041 secs] 126822K->125010K(175764K), 0.0057534 secs] [Times: user=0.00 sys=0.00, real=0.01 secs] 
2015-01-18T14:08:10.632+0100: 2.660: [GC (Allocation Failure) 2.660: [ParNew: 2984K->293K(3072K), 0.0018286 secs] 127701K->125889K(175764K), 0.0018643 secs] [Times: user=0.00 sys=0.00, real=0.00 secs] 
2015-01-18T14:08:10.636+0100: 2.664: [GC (Allocation Failure) 2.664: [ParNew: 2984K->293K(3072K), 0.0050023 secs] 128580K->126768K(175764K), 0.0050526 secs] [Times: user=0.01 sys=0.00, real=0.01 secs] 
2015-01-18T14:08:10.644+0100: 2.672: [GC (Allocation Failure) 2.672: [ParNew: 2984K->293K(3072K), 0.0023445 secs] 129459K->127647K(175764K), 0.0023816 secs] [Times: user=0.00 sys=0.00, real=0.00 secs] 
2015-01-18T14:08:10.648+0100: 2.676: [GC (Allocation Failure) 2.676: [ParNew: 2984K->293K(3072K), 0.0020462 secs] 130338K->128526K(175764K), 0.0020994 secs] [Times: user=0.00 sys=0.00, real=0.00 secs] 
2015-01-18T14:08:10.652+0100: 2.680: [GC (Allocation Failure) 2.680: [ParNew: 2984K->293K(3072K), 0.0084379 secs] 131217K->129405K(175764K), 0.0084787 secs] [Times: user=0.01 sys=0.00, real=0.01 secs] 
2015-01-18T14:08:10.663+0100: 2.692: [GC (CMS Initial Mark) [1 CMS-initial-mark: 129112K(172692K)] 129654K(175764K), 0.0001520 secs] [Times: user=0.00 sys=0.00, real=0.00 secs] 
2015-01-18T14:08:10.667+0100: 2.696: [CMS-concurrent-mark-start]
2015-01-18T14:08:10.668+0100: 2.696: [GC (Allocation Failure) 2.696: [ParNew: 2984K->293K(3072K), 0.0016882 secs] 132096K->130284K(175764K), 0.0017246 secs] [Times: user=0.00 sys=0.00, real=0.00 secs] 
2015-01-18T14:08:10.672+0100: 2.700: [GC (Allocation Failure) 2.700: [ParNew: 2984K->293K(3072K), 0.0075760 secs] 132975K->131163K(175764K), 0.0076277 secs] [Times: user=0.01 sys=0.00, real=0.01 secs] 
2015-01-18T14:08:10.683+0100: 2.711: [GC (Allocation Failure) 2.711: [ParNew: 2984K->293K(3072K), 0.0016849 secs] 133854K->132042K(175764K), 0.0017228 secs] [Times: user=0.00 sys=0.00, real=0.00 secs] 
2015-01-18T14:08:10.688+0100: 2.716: [GC (Allocation Failure) 2.716: [ParNew: 2984K->293K(3072K), 0.0094896 secs] 134733K->132921K(175764K), 0.0095456 secs] [Times: user=0.01 sys=0.00, real=0.00 secs] 
2015-01-18T14:08:10.702+0100: 2.730: [CMS-concurrent-mark: 0.004/0.035 secs] [Times: user=0.02 sys=0.00, real=0.03 secs] 
2015-01-18T14:08:10.702+0100: 2.731: [GC (Allocation Failure) 2.731: [ParNew: 2984K->293K(3072K), 0.0025581 secs] 135612K->133800K(175764K), 0.0026063 secs] [Times: user=0.00 sys=0.00, real=0.00 secs] 
2015-01-18T14:08:10.707+0100: 2.736: [CMS-concurrent-preclean-start]
2015-01-18T14:08:10.708+0100: 2.736: [CMS-concurrent-preclean: 0.000/0.000 secs] [Times: user=0.00 sys=0.00, real=0.00 secs] 
2015-01-18T14:08:10.708+0100: 2.736: [CMS-concurrent-abortable-preclean-start]
2015-01-18T14:08:10.708+0100: 2.736: [GC (Allocation Failure) 2.736: [ParNew: 2984K->293K(3072K), 0.0074122 secs] 136491K->134679K(175764K), 0.0074644 secs] [Times: user=0.01 sys=0.00, real=0.00 secs] 
2015-01-18T14:08:10.719+0100: 2.748: [CMS-concurrent-abortable-preclean: 0.000/0.012 secs] [Times: user=0.01 sys=0.00, real=0.01 secs] 
2015-01-18T14:08:10.723+0100: 2.752: [GC (CMS Final Remark) [YG occupancy: 2984 K (3072 K)]2.752: [Rescan (parallel) , 0.0014364 secs]2.753: [weak refs processing, 0.0000096 secs]2.753: [class unloading, 0.0003563 secs]2.754: [scrub symbol table, 0.0005469 secs]2.754: [scrub string table, 0.0002158 secs][1 CMS-remark: 134386K(172692K)] 137370K(175764K), 0.0026398 secs] [Times: user=0.00 sys=0.00, real=0.00 secs] 
2015-01-18T14:08:10.731+0100: 2.760: [CMS-concurrent-sweep-start]
2015-01-18T14:08:10.731+0100: 2.760: [GC (Allocation Failure) 2.760: [ParNew: 2984K->293K(3072K), 0.0021302 secs] 137370K->135558K(175764K), 0.0021765 secs] [Times: user=0.00 sys=0.00, real=0.00 secs] 
2015-01-18T14:08:10.736+0100: 2.764: [CMS-concurrent-sweep: 0.000/0.004 secs] [Times: user=0.00 sys=0.00, real=0.00 secs] 
2015-01-18T14:08:10.736+0100: 2.764: [CMS-concurrent-reset-start]
2015-01-18T14:08:10.737+0100: 2.765: [GC (Allocation Failure) 2.765: [ParNew: 2984K->293K(3072K), 0.0091488 secs] 138245K->136433K(228508K), 0.0092019 secs] [Times: user=0.01 sys=0.00, real=0.01 secs] 
2015-01-18T14:08:10.749+0100: 2.777: [GC (Allocation Failure) 2.777: [ParNew: 2984K->293K(3072K), 0.0070462 secs] 139124K->137312K(228508K), 0.0071182 secs] [Times: user=0.01 sys=0.00, real=0.00 secs] 
2015-01-18T14:08:10.760+0100: 2.789: [CMS-concurrent-reset: 0.003/0.024 secs] [Times: user=0.02 sys=0.00, real=0.03 secs] 
2015-01-18T14:08:10.763+0100: 2.792: [GC (Allocation Failure) 2.792: [ParNew: 2984K->293K(3072K), 0.0069648 secs] 140003K->138191K(228508K), 0.0070116 secs] [Times: user=0.01 sys=0.00, real=0.01 secs] 
2015-01-18T14:08:10.772+0100: 2.801: [GC (Allocation Failure) 2.801: [ParNew: 2984K->293K(3072K), 0.0073944 secs] 140882K->139070K(228508K), 0.0074454 secs] [Times: user=0.00 sys=0.00, real=0.01 secs] 
2015-01-18T14:08:10.787+0100: 2.816: [GC (Allocation Failure) 2.816: [ParNew: 2984K->293K(3072K), 0.0060929 secs] 141761K->139949K(228508K), 0.0061422 secs] [Times: user=0.01 sys=0.00, real=0.00 secs] 
2015-01-18T14:08:10.796+0100: 2.824: [GC (Allocation Failure) 2.824: [ParNew: 2984K->293K(3072K), 0.0074932 secs] 142640K->140828K(228508K), 0.0075490 secs] [Times: user=0.00 sys=0.00, real=0.01 secs] 
2015-01-18T14:08:10.808+0100: 2.836: [GC (Allocation Failure) 2.836: [ParNew: 2984K->293K(3072K), 0.0114766 secs] 143519K->141707K(228508K), 0.0115249 secs] [Times: user=0.01 sys=0.00, real=0.01 secs] 
2015-01-18T14:08:10.824+0100: 2.852: [GC (Allocation Failure) 2.852: [ParNew: 2984K->293K(3072K), 0.0019216 secs] 144398K->142586K(228508K), 0.0019607 secs] [Times: user=0.00 sys=0.00, real=0.00 secs] 
2015-01-18T14:08:10.828+0100: 2.856: [GC (Allocation Failure) 2.856: [ParNew: 2984K->293K(3072K), 0.0067135 secs] 145277K->143465K(228508K), 0.0067652 secs] [Times: user=0.00 sys=0.00, real=0.00 secs] 
2015-01-18T14:08:10.836+0100: 2.864: [GC (Allocation Failure) 2.864: [ParNew: 2984K->293K(3072K), 0.0083704 secs] 146156K->144344K(228508K), 0.0084139 secs] [Times: user=0.01 sys=0.00, real=0.01 secs] 
2015-01-18T14:08:10.848+0100: 2.876: [GC (Allocation Failure) 2.876: [ParNew: 2984K->293K(3072K), 0.0100066 secs] 147035K->145223K(228508K), 0.0100578 secs] [Times: user=0.00 sys=0.00, real=0.00 secs] 
2015-01-18T14:08:10.860+0100: 2.888: [GC (Allocation Failure) 2.888: [ParNew: 2984K->293K(3072K), 0.0088474 secs] 147914K->146102K(228508K), 0.0088882 secs] [Times: user=0.01 sys=0.00, real=0.01 secs] 
2015-01-18T14:08:10.872+0100: 2.900: [GC (Allocation Failure) 2.900: [ParNew: 2984K->293K(3072K), 0.0095503 secs] 148793K->146981K(228508K), 0.0096019 secs] [Times: user=0.00 sys=0.00, real=0.01 secs] 
2015-01-18T14:08:10.884+0100: 2.912: [GC (Allocation Failure) 2.912: [ParNew: 2984K->293K(3072K), 0.0094853 secs] 149672K->147860K(228508K), 0.0095277 secs] [Times: user=0.00 sys=0.00, real=0.01 secs] 
2015-01-18T14:08:10.896+0100: 2.924: [GC (Allocation Failure) 2.924: [ParNew: 2984K->293K(3072K), 0.0084525 secs] 150551K->148739K(228508K), 0.0084911 secs] [Times: user=0.00 sys=0.00, real=0.01 secs] 
2015-01-18T14:08:10.908+0100: 2.936: [GC (Allocation Failure) 2.936: [ParNew: 2984K->293K(3072K), 0.0092401 secs] 151430K->149618K(228508K), 0.0092892 secs] [Times: user=0.00 sys=0.00, real=0.00 secs] 
2015-01-18T14:08:10.920+0100: 2.948: [GC (Allocation Failure) 2.948: [ParNew: 2984K->293K(3072K), 0.0079924 secs] 152309K->150497K(228508K), 0.0080342 secs] [Times: user=0.00 sys=0.00, real=0.01 secs] 
2015-01-18T14:08:10.932+0100: 2.960: [GC (Allocation Failure) 2.960: [ParNew: 2984K->293K(3072K), 0.0074380 secs] 153188K->151376K(228508K), 0.0074918 secs] [Times: user=0.00 sys=0.00, real=0.01 secs] 
2015-01-18T14:08:10.944+0100: 2.972: [GC (Allocation Failure) 2.972: [ParNew: 2984K->293K(3072K), 0.0114182 secs] 154067K->152255K(228508K), 0.0114698 secs] [Times: user=0.00 sys=0.00, real=0.01 secs] 
2015-01-18T14:08:10.960+0100: 2.988: [GC (Allocation Failure) 2.988: [ParNew: 2984K->293K(3072K), 0.0195046 secs] 154946K->153134K(228508K), 0.0195578 secs] [Times: user=0.02 sys=0.00, real=0.02 secs] 
2015-01-18T14:08:10.984+0100: 3.012: [GC (Allocation Failure) 3.012: [ParNew: 2984K->293K(3072K), 0.0046568 secs] 155826K->154013K(228508K), 0.0047017 secs] [Times: user=0.01 sys=0.00, real=0.01 secs] 
2015-01-18T14:08:10.995+0100: 3.024: [GC (Allocation Failure) 3.024: [ParNew: 2984K->293K(3072K), 0.0079761 secs] 156705K->154893K(228508K), 0.0080155 secs] [Times: user=0.00 sys=0.00, real=0.01 secs] 
2015-01-18T14:08:11.011+0100: 3.040: [GC (Allocation Failure) 3.040: [ParNew: 2984K->293K(3072K), 0.0040010 secs] 157584K->155772K(228508K), 0.0040510 secs] [Times: user=0.00 sys=0.00, real=0.00 secs] 
2015-01-18T14:08:11.020+0100: 3.048: [GC (Allocation Failure) 3.048: [ParNew: 2984K->293K(3072K), 0.0074278 secs] 158463K->156651K(228508K), 0.0074688 secs] [Times: user=0.00 sys=0.00, real=0.01 secs] 
2015-01-18T14:08:11.035+0100: 3.064: [GC (Allocation Failure) 3.064: [ParNew: 2984K->293K(3072K), 0.0079804 secs] 159342K->157530K(228508K), 0.0080436 secs] [Times: user=0.01 sys=0.00, real=0.01 secs] 
2015-01-18T14:08:11.051+0100: 3.080: [GC (Allocation Failure) 3.080: [ParNew: 2984K->293K(3072K), 0.0079746 secs] 160221K->158409K(228508K), 0.0080211 secs] [Times: user=0.00 sys=0.00, real=0.01 secs] 
2015-01-18T14:08:11.067+0100: 3.096: [GC (Allocation Failure) 3.096: [ParNew: 2984K->293K(3072K), 0.0160019 secs] 161100K->159288K(228508K), 0.0160598 secs] [Times: user=0.01 sys=0.00, real=0.01 secs] 
2015-01-18T14:08:11.087+0100: 3.116: [GC (Allocation Failure) 3.116: [ParNew: 2984K->293K(3072K), 0.0079799 secs] 161979K->160167K(228508K), 0.0080270 secs] [Times: user=0.00 sys=0.00, real=0.00 secs] 
2015-01-18T14:08:11.103+0100: 3.132: [GC (Allocation Failure) 3.132: [ParNew: 2984K->293K(3072K), 0.0079771 secs] 162858K->161046K(228508K), 0.0080183 secs] [Times: user=0.00 sys=0.00, real=0.01 secs] 
2015-01-18T14:08:11.116+0100: 3.144: [GC (Allocation Failure) 3.144: [ParNew: 2984K->293K(3072K), 0.0074869 secs] 163737K->161925K(228508K), 0.0075275 secs] [Times: user=0.01 sys=0.00, real=0.01 secs] 
2015-01-18T14:08:11.128+0100: 3.156: [GC (Allocation Failure) 3.156: [ParNew: 2984K->293K(3072K), 0.0276464 secs] 164616K->162804K(228508K), 0.0277046 secs] [Times: user=0.01 sys=0.00, real=0.02 secs] 
2015-01-18T14:08:11.163+0100: 3.192: [GC (Allocation Failure) 3.192: [ParNew: 2984K->293K(3072K), 0.0026443 secs] 165495K->163683K(228508K), 0.0027023 secs] [Times: user=0.00 sys=0.00, real=0.00 secs] 
2015-01-18T14:08:11.171+0100: 3.200: [GC (Allocation Failure) 3.200: [ParNew: 2984K->293K(3072K), 0.0022195 secs] 166374K->164562K(228508K), 0.0022652 secs] [Times: user=0.01 sys=0.00, real=0.00 secs] 
2015-01-18T14:08:11.179+0100: 3.208: [GC (Allocation Failure) 3.208: [ParNew: 2984K->293K(3072K), 0.0122877 secs] 167253K->165441K(228508K), 0.0123503 secs] [Times: user=0.00 sys=0.00, real=0.01 secs] 
2015-01-18T14:08:11.195+0100: 3.224: [GC (Allocation Failure) 3.224: [ParNew: 2984K->293K(3072K), 0.0088230 secs] 168132K->166320K(228508K), 0.0088770 secs] [Times: user=0.01 sys=0.00, real=0.01 secs] 
2015-01-18T14:08:11.211+0100: 3.240: [GC (Allocation Failure) 3.240: [ParNew: 2984K->293K(3072K), 0.0049575 secs] 169011K->167199K(228508K), 0.0050013 secs] [Times: user=0.00 sys=0.00, real=0.00 secs] 
2015-01-18T14:08:11.223+0100: 3.252: [GC (Allocation Failure) 3.252: [ParNew: 2984K->293K(3072K), 0.0025495 secs] 169890K->168078K(228508K), 0.0025899 secs] [Times: user=0.00 sys=0.00, real=0.00 secs] 
2015-01-18T14:08:11.231+0100: 3.260: [GC (Allocation Failure) 3.260: [ParNew: 2984K->293K(3072K), 0.0048979 secs] 170769K->168957K(228508K), 0.0049437 secs] [Times: user=0.00 sys=0.00, real=0.00 secs] 
2015-01-18T14:08:11.243+0100: 3.272: [GC (Allocation Failure) 3.272: [ParNew: 2984K->293K(3072K), 0.0024773 secs] 171648K->169836K(228508K), 0.0025181 secs] [Times: user=0.00 sys=0.00, real=0.00 secs] 
2015-01-18T14:08:11.246+0100: 3.275: [GC (Allocation Failure) 3.275: [ParNew: 2984K->293K(3072K), 0.0082009 secs] 172527K->170715K(228508K), 0.0082424 secs] [Times: user=0.01 sys=0.00, real=0.01 secs] 
2015-01-18T14:08:11.259+0100: 3.288: [GC (Allocation Failure) 3.288: [ParNew: 2984K->293K(3072K), 0.0021974 secs] 173406K->171594K(228508K), 0.0022349 secs] [Times: user=0.00 sys=0.00, real=0.00 secs] 
2015-01-18T14:08:11.267+0100: 3.296: [GC (Allocation Failure) 3.296: [ParNew: 2984K->293K(3072K), 0.0051725 secs] 174285K->172473K(228508K), 0.0052106 secs] [Times: user=0.01 sys=0.00, real=0.00 secs] 
2015-01-18T14:08:11.279+0100: 3.308: [GC (Allocation Failure) 3.308: [ParNew: 2984K->293K(3072K), 0.0020356 secs] 175165K->173353K(228508K), 0.0020747 secs] [Times: user=0.00 sys=0.00, real=0.00 secs] 
2015-01-18T14:08:11.287+0100: 3.316: [GC (Allocation Failure) 3.316: [ParNew: 2984K->293K(3072K), 0.0052343 secs] 176044K->174232K(228508K), 0.0052747 secs] [Times: user=0.01 sys=0.00, real=0.00 secs] 
2015-01-18T14:08:11.296+0100: 3.324: [GC (Allocation Failure) 3.324: [ParNew: 2984K->293K(3072K), 0.0038644 secs] 176923K->175111K(228508K), 0.0039026 secs] [Times: user=0.00 sys=0.00, real=0.01 secs] 
2015-01-18T14:08:11.304+0100: 3.332: [GC (Allocation Failure) 3.332: [ParNew: 2984K->293K(3072K), 0.0156598 secs] 177802K->175990K(228508K), 0.0157005 secs] [Times: user=0.00 sys=0.00, real=0.02 secs] 
2015-01-18T14:08:11.327+0100: 3.356: [GC (Allocation Failure) 3.356: [ParNew: 2984K->293K(3072K), 0.0119898 secs] 178681K->176869K(228508K), 0.0120382 secs] [Times: user=0.01 sys=0.00, real=0.01 secs] 
2015-01-18T14:08:11.344+0100: 3.372: [GC (Allocation Failure) 3.372: [ParNew: 2984K->293K(3072K), 0.0112800 secs] 179560K->177748K(228508K), 0.0113241 secs] [Times: user=0.00 sys=0.00, real=0.01 secs] 
2015-01-18T14:08:11.359+0100: 3.388: [GC (Allocation Failure) 3.388: [ParNew: 2984K->293K(3072K), 0.0159770 secs] 180439K->178627K(228508K), 0.0160175 secs] [Times: user=0.01 sys=0.00, real=0.01 secs] 
2015-01-18T14:08:11.379+0100: 3.408: [GC (Allocation Failure) 3.408: [ParNew: 2984K->293K(3072K), 0.0119778 secs] 181318K->179506K(228508K), 0.0120208 secs] [Times: user=0.01 sys=0.00, real=0.01 secs] 
2015-01-18T14:08:11.396+0100: 3.424: [GC (Allocation Failure) 3.425: [ParNew: 2984K->293K(3072K), 0.0112376 secs] 182197K->180385K(228508K), 0.0112795 secs] [Times: user=0.00 sys=0.00, real=0.02 secs] 
2015-01-18T14:08:11.415+0100: 3.444: [GC (Allocation Failure) 3.444: [ParNew: 2984K->303K(3072K), 0.0081809 secs] 183076K->181275K(228508K), 0.0082238 secs] [Times: user=0.01 sys=0.00, real=0.01 secs] 
2015-01-18T14:08:11.424+0100: 3.453: [GC (Allocation Failure) 3.453: [ParNew: 2994K->293K(3072K), 0.0231524 secs] 183966K->182154K(228508K), 0.0232029 secs] [Times: user=0.02 sys=0.00, real=0.03 secs] 
2015-01-18T14:08:11.452+0100: 3.480: [GC (Allocation Failure) 3.480: [ParNew: 2984K->293K(3072K), 0.0072854 secs] 184845K->183033K(228508K), 0.0073344 secs] [Times: user=0.00 sys=0.00, real=0.01 secs] 
2015-01-18T14:08:11.464+0100: 3.492: [GC (Allocation Failure) 3.492: [ParNew: 2984K->293K(3072K), 0.0114864 secs] 185724K->183912K(228508K), 0.0115326 secs] [Times: user=0.01 sys=0.00, real=0.01 secs] 
2015-01-18T14:08:11.480+0100: 3.509: [GC (Allocation Failure) 3.509: [ParNew: 2984K->293K(3072K), 0.0111799 secs] 186603K->184791K(228508K), 0.0112256 secs] [Times: user=0.00 sys=0.00, real=0.01 secs] 
2015-01-18T14:08:11.499+0100: 3.528: [GC (Allocation Failure) 3.528: [ParNew: 2984K->293K(3072K), 0.0119790 secs] 187482K->185670K(228508K), 0.0120248 secs] [Times: user=0.01 sys=0.00, real=0.01 secs] 
2015-01-18T14:08:11.515+0100: 3.544: [GC (Allocation Failure) 3.544: [ParNew: 2984K->293K(3072K), 0.0159721 secs] 188361K->186549K(228508K), 0.0160139 secs] [Times: user=0.00 sys=0.00, real=0.02 secs] 
2015-01-18T14:08:11.539+0100: 3.568: [GC (Allocation Failure) 3.568: [ParNew: 2984K->293K(3072K), 0.0239788 secs] 189240K->187428K(228508K), 0.0240221 secs] [Times: user=0.01 sys=0.00, real=0.02 secs] 
2015-01-18T14:08:11.571+0100: 3.600: [GC (Allocation Failure) 3.600: [ParNew: 2984K->293K(3072K), 0.0119870 secs] 190119K->188307K(228508K), 0.0120392 secs] [Times: user=0.00 sys=0.00, real=0.01 secs] 
2015-01-18T14:08:11.591+0100: 3.620: [GC (Allocation Failure) 3.620: [ParNew: 2984K->293K(3072K), 0.0046597 secs] 190998K->189186K(228508K), 0.0047127 secs] [Times: user=0.01 sys=0.00, real=0.00 secs] 
2015-01-18T14:08:11.603+0100: 3.632: [GC (Allocation Failure) 3.632: [ParNew: 2984K->293K(3072K), 0.0159740 secs] 191877K->190065K(228508K), 0.0160186 secs] [Times: user=0.00 sys=0.00, real=0.02 secs] 
2015-01-18T14:08:11.620+0100: 3.648: [GC (Allocation Failure) 3.648: [ParNew: 2984K->293K(3072K), 0.0153724 secs] 192756K->190944K(228508K), 0.0154189 secs] [Times: user=0.01 sys=0.00, real=0.01 secs] 
2015-01-18T14:08:11.643+0100: 3.672: [GC (Allocation Failure) 3.672: [ParNew: 2984K->293K(3072K), 0.0119868 secs] 193635K->191823K(228508K), 0.0120319 secs] [Times: user=0.00 sys=0.00, real=0.01 secs] 
2015-01-18T14:08:11.663+0100: 3.692: [GC (Allocation Failure) 3.692: [ParNew: 2984K->293K(3072K), 0.0159728 secs] 194514K->192702K(228508K), 0.0160143 secs] [Times: user=0.01 sys=0.00, real=0.02 secs] 
2015-01-18T14:08:11.684+0100: 3.712: [GC (Allocation Failure) 3.712: [ParNew: 2984K->293K(3072K), 0.0074996 secs] 195393K->193581K(228508K), 0.0075536 secs] [Times: user=0.00 sys=0.00, real=0.01 secs] 
2015-01-18T14:08:11.692+0100: 3.721: [GC (Allocation Failure) 3.721: [ParNew: 2984K->293K(3072K), 0.0111546 secs] 196273K->194460K(228508K), 0.0112010 secs] [Times: user=0.00 sys=0.00, real=0.01 secs] 
2015-01-18T14:08:11.708+0100: 3.736: [GC (Allocation Failure) 3.736: [ParNew: 2984K->293K(3072K), 0.0154001 secs] 197152K->195340K(228508K), 0.0154397 secs] [Times: user=0.00 sys=0.00, real=0.01 secs] 
2015-01-18T14:08:11.724+0100: 3.752: [GC (Allocation Failure) 3.752: [ParNew: 2984K->293K(3072K), 0.0046604 secs] 198031K->196219K(228508K), 0.0047001 secs] [Times: user=0.00 sys=0.00, real=0.01 secs] 
2015-01-18T14:08:11.731+0100: 3.760: [GC (Allocation Failure) 3.760: [ParNew: 2984K->293K(3072K), 0.0079688 secs] 198910K->197098K(228508K), 0.0080172 secs] [Times: user=0.00 sys=0.00, real=0.01 secs] 
2015-01-18T14:08:11.740+0100: 3.768: [GC (Allocation Failure) 3.768: [ParNew: 2984K->293K(3072K), 0.0113488 secs] 199789K->197977K(228508K), 0.0113941 secs] [Times: user=0.01 sys=0.00, real=0.01 secs] 
2015-01-18T14:08:11.752+0100: 3.780: [GC (Allocation Failure) 3.780: [ParNew: 2984K->293K(3072K), 0.0073375 secs] 200668K->198856K(228508K), 0.0073792 secs] [Times: user=0.00 sys=0.00, real=0.01 secs] 
2015-01-18T14:08:11.760+0100: 3.788: [GC (Allocation Failure) 3.788: [ParNew: 2984K->293K(3072K), 0.0113501 secs] 201547K->199735K(228508K), 0.0113906 secs] [Times: user=0.00 sys=0.00, real=0.01 secs] 
2015-01-18T14:08:11.772+0100: 3.800: [GC (Allocation Failure) 3.800: [ParNew: 2984K->293K(3072K), 0.0113559 secs] 202426K->200614K(228508K), 0.0113958 secs] [Times: user=0.01 sys=0.01, real=0.01 secs] 
2015-01-18T14:08:11.788+0100: 3.816: [GC (Allocation Failure) 3.816: [ParNew: 2984K->293K(3072K), 0.0154914 secs] 203305K->201493K(228508K), 0.0155335 secs] [Times: user=0.01 sys=0.00, real=0.01 secs] 
2015-01-18T14:08:11.808+0100: 3.836: [GC (Allocation Failure) 3.836: [ParNew: 2984K->293K(3072K), 0.0114853 secs] 204184K->202372K(228508K), 0.0115351 secs] [Times: user=0.00 sys=0.00, real=0.01 secs] 
2015-01-18T14:08:11.820+0100: 3.848: [GC (Allocation Failure) 3.848: [ParNew: 2984K->293K(3072K), 0.0092124 secs] 205063K->203251K(228508K), 0.0092588 secs] [Times: user=0.01 sys=0.00, real=0.01 secs] 
2015-01-18T14:08:11.832+0100: 3.860: [GC (Allocation Failure) 3.860: [ParNew: 2984K->293K(3072K), 0.0074367 secs] 205942K->204130K(228508K), 0.0074833 secs] [Times: user=0.00 sys=0.00, real=0.01 secs] 
2015-01-18T14:08:11.844+0100: 3.872: [GC (Allocation Failure) 3.872: [ParNew: 2984K->293K(3072K), 0.0112798 secs] 206821K->205009K(228508K), 0.0113225 secs] [Times: user=0.00 sys=0.00, real=0.01 secs] 
2015-01-18T14:08:11.856+0100: 3.884: [GC (Allocation Failure) 3.884: [ParNew: 2984K->293K(3072K), 0.0113576 secs] 207700K->205888K(228508K), 0.0114026 secs] [Times: user=0.01 sys=0.00, real=0.02 secs] 
2015-01-18T14:08:11.868+0100: 3.896: [GC (Allocation Failure) 3.896: [ParNew: 2984K->293K(3072K), 0.0113230 secs] 208579K->206767K(228508K), 0.0113664 secs] [Times: user=0.00 sys=0.00, real=0.01 secs] 
2015-01-18T14:08:11.880+0100: 3.908: [GC (Allocation Failure) 3.908: [ParNew: 2984K->293K(3072K), 0.0076540 secs] 209458K->207646K(228508K), 0.0076955 secs] [Times: user=0.00 sys=0.00, real=0.01 secs] 
2015-01-18T14:08:11.888+0100: 3.917: [GC (Allocation Failure) 3.917: [ParNew: 2984K->293K(3072K), 0.0110730 secs] 210337K->208525K(228508K), 0.0111160 secs] [Times: user=0.00 sys=0.00, real=0.01 secs] 
2015-01-18T14:08:11.903+0100: 3.932: [GC (CMS Initial Mark) [1 CMS-initial-mark: 208232K(225436K)] 208775K(228508K), 0.0040119 secs] [Times: user=0.00 sys=0.00, real=0.01 secs] 
2015-01-18T14:08:11.907+0100: 3.936: [CMS-concurrent-mark-start]
2015-01-18T14:08:11.916+0100: 3.944: [CMS-concurrent-mark: 0.008/0.008 secs] [Times: user=0.00 sys=0.00, real=0.00 secs] 
2015-01-18T14:08:11.916+0100: 3.944: [CMS-concurrent-preclean-start]
2015-01-18T14:08:11.916+0100: 3.945: [CMS-concurrent-preclean: 0.000/0.000 secs] [Times: user=0.00 sys=0.00, real=0.00 secs] 
2015-01-18T14:08:11.917+0100: 3.945: [GC (Allocation Failure) 3.945: [ParNew: 2984K->293K(3072K), 0.0064681 secs] 211216K->209404K(228508K), 0.0065137 secs] [Times: user=0.01 sys=0.00, real=0.01 secs] 
2015-01-18T14:08:11.929+0100: 3.958: [GC (CMS Final Remark) [YG occupancy: 2984 K (3072 K)]3.958: [Rescan (parallel) , 0.0180885 secs]3.976: [weak refs processing, 0.0000103 secs]3.976: [class unloading, 0.0003201 secs]3.976: [scrub symbol table, 0.0005397 secs]3.977: [scrub string table, 0.0002155 secs][1 CMS-remark: 209111K(225436K)] 212095K(228508K), 0.0192542 secs] [Times: user=0.01 sys=0.00, real=0.02 secs] 
2015-01-18T14:08:11.951+0100: 3.980: [CMS-concurrent-sweep-start]
2015-01-18T14:08:11.952+0100: 3.980: [CMS-concurrent-sweep: 0.001/0.001 secs] [Times: user=0.00 sys=0.00, real=0.00 secs] 
2015-01-18T14:08:11.952+0100: 3.981: [CMS-concurrent-reset-start]
2015-01-18T14:08:11.955+0100: 3.983: [CMS-concurrent-reset: 0.003/0.003 secs] [Times: user=0.00 sys=0.00, real=0.00 secs] 
2015-01-18T14:08:11.955+0100: 3.984: [GC (Allocation Failure) 3.984: [ParNew: 2984K->293K(3072K), 0.0159706 secs] 212088K->210276K(351580K), 0.0160210 secs] [Times: user=0.01 sys=0.00, real=0.02 secs] 
2015-01-18T14:08:11.975+0100: 4.004: [GC (Allocation Failure) 4.004: [ParNew: 2984K->293K(3072K), 0.0159725 secs] 212967K->211155K(351580K), 0.0160154 secs] [Times: user=0.00 sys=0.01, real=0.02 secs] 
2015-01-18T14:08:11.999+0100: 4.028: [GC (Allocation Failure) 4.028: [ParNew: 2984K->293K(3072K), 0.0119854 secs] 213846K->212034K(351580K), 0.0120330 secs] [Times: user=0.01 sys=0.00, real=0.01 secs] 
2015-01-18T14:08:12.016+0100: 4.044: [GC (Allocation Failure) 4.044: [ParNew: 2984K->293K(3072K), 0.0154701 secs] 214725K->212913K(351580K), 0.0155162 secs] [Times: user=0.00 sys=0.00, real=0.02 secs] 
2015-01-18T14:08:12.036+0100: 4.064: [GC (Allocation Failure) 4.064: [ParNew: 2984K->293K(3072K), 0.0112874 secs] 215604K->213792K(351580K), 0.0113336 secs] [Times: user=0.01 sys=0.00, real=0.02 secs] 
2015-01-18T14:08:12.052+0100: 4.080: [GC (Allocation Failure) 4.080: [ParNew: 2984K->293K(3072K), 0.0112552 secs] 216483K->214671K(351580K), 0.0113039 secs] [Times: user=0.00 sys=0.00, real=0.01 secs] 
2015-01-18T14:08:12.068+0100: 4.096: [GC (Allocation Failure) 4.096: [ParNew: 2984K->293K(3072K), 0.0114782 secs] 217362K->215550K(351580K), 0.0115296 secs] [Times: user=0.00 sys=0.00, real=0.01 secs] 
2015-01-18T14:08:12.084+0100: 4.112: [GC (Allocation Failure) 4.112: [ParNew: 2984K->293K(3072K), 0.0075520 secs] 218241K->216429K(351580K), 0.0075979 secs] [Times: user=0.01 sys=0.00, real=0.01 secs] 
2015-01-18T14:08:12.095+0100: 4.124: [GC (Allocation Failure) 4.124: [ParNew: 2984K->293K(3072K), 0.0119869 secs] 219120K->217308K(351580K), 0.0120331 secs] [Times: user=0.01 sys=0.00, real=0.02 secs] 
2015-01-18T14:08:12.112+0100: 4.140: [GC (Allocation Failure) 4.140: [ParNew: 2984K->293K(3072K), 0.0114809 secs] 220000K->218188K(351580K), 0.0115248 secs] [Times: user=0.00 sys=0.00, real=0.01 secs] 
2015-01-18T14:08:12.128+0100: 4.156: [GC (Allocation Failure) 4.156: [ParNew: 2984K->293K(3072K), 0.0392044 secs] 220879K->219067K(351580K), 0.0392628 secs] [Times: user=0.01 sys=0.00, real=0.03 secs] 
2015-01-18T14:08:12.175+0100: 4.204: [GC (Allocation Failure) 4.204: [ParNew: 2984K->293K(3072K), 0.0122287 secs] 221758K->219946K(351580K), 0.0122940 secs] [Times: user=0.00 sys=0.00, real=0.02 secs] 
2015-01-18T14:08:12.192+0100: 4.221: [GC (Allocation Failure) 4.221: [ParNew: 2984K->293K(3072K), 0.0112295 secs] 222637K->220825K(351580K), 0.0112873 secs] [Times: user=0.01 sys=0.00, real=0.01 secs] 
2015-01-18T14:08:12.211+0100: 4.240: [GC (Allocation Failure) 4.240: [ParNew: 2984K->293K(3072K), 0.0119734 secs] 223516K->221704K(351580K), 0.0120219 secs] [Times: user=0.00 sys=0.00, real=0.01 secs] 
2015-01-18T14:08:12.231+0100: 4.260: [GC (Allocation Failure) 4.260: [ParNew: 2984K->293K(3072K), 0.0079777 secs] 224395K->222583K(351580K), 0.0080213 secs] [Times: user=0.00 sys=0.00, real=0.01 secs] 
2015-01-18T14:08:12.247+0100: 4.276: [GC (Allocation Failure) 4.276: [ParNew: 2984K->293K(3072K), 0.0159728 secs] 225274K->223462K(351580K), 0.0160191 secs] [Times: user=0.01 sys=0.00, real=0.01 secs] 
2015-01-18T14:08:12.271+0100: 4.300: [GC (Allocation Failure) 4.300: [ParNew: 2984K->293K(3072K), 0.0159761 secs] 226153K->224341K(351580K), 0.0160256 secs] [Times: user=0.00 sys=0.00, real=0.02 secs] 
2015-01-18T14:08:12.295+0100: 4.324: [GC (Allocation Failure) 4.324: [ParNew: 2984K->293K(3072K), 0.0121911 secs] 227032K->225220K(351580K), 0.0122380 secs] [Times: user=0.01 sys=0.00, real=0.02 secs] 
2015-01-18T14:08:12.315+0100: 4.344: [GC (Allocation Failure) 4.344: [ParNew: 2984K->293K(3072K), 0.0119852 secs] 227911K->226099K(351580K), 0.0120298 secs] [Times: user=0.01 sys=0.00, real=0.02 secs] 
2015-01-18T14:08:12.332+0100: 4.361: [GC (Allocation Failure) 4.361: [ParNew: 2984K->293K(3072K), 0.0110942 secs] 228790K->226978K(351580K), 0.0111425 secs] [Times: user=0.00 sys=0.00, real=0.01 secs] 
2015-01-18T14:08:12.351+0100: 4.380: [GC (Allocation Failure) 4.380: [ParNew: 2984K->293K(3072K), 0.0119858 secs] 229669K->227857K(351580K), 0.0120342 secs] [Times: user=0.01 sys=0.00, real=0.01 secs] 
2015-01-18T14:08:12.368+0100: 4.396: [GC (Allocation Failure) 4.396: [ParNew: 2984K->293K(3072K), 0.0114865 secs] 230548K->228736K(351580K), 0.0115372 secs] [Times: user=0.00 sys=0.00, real=0.01 secs] 
2015-01-18T14:08:12.384+0100: 4.412: [GC (Allocation Failure) 4.412: [ParNew: 2984K->293K(3072K), 0.0114895 secs] 231427K->229615K(351580K), 0.0115357 secs] [Times: user=0.01 sys=0.00, real=0.01 secs] 
2015-01-18T14:08:12.400+0100: 4.428: [GC (Allocation Failure) 4.428: [ParNew: 2984K->293K(3072K), 0.0036154 secs] 232306K->230494K(351580K), 0.0036621 secs] [Times: user=0.00 sys=0.00, real=0.00 secs] 
2015-01-18T14:08:12.411+0100: 4.440: [GC (Allocation Failure) 4.440: [ParNew: 2984K->293K(3072K), 0.0079770 secs] 233185K->231373K(351580K), 0.0080214 secs] [Times: user=0.00 sys=0.00, real=0.01 secs] 
2015-01-18T14:08:12.423+0100: 4.452: [GC (Allocation Failure) 4.452: [ParNew: 2984K->293K(3072K), 0.0059158 secs] 234064K->232252K(351580K), 0.0059636 secs] [Times: user=0.01 sys=0.00, real=0.01 secs] 
2015-01-18T14:08:12.435+0100: 4.464: [GC (Allocation Failure) 4.464: [ParNew: 2984K->293K(3072K), 0.0119899 secs] 234943K->233131K(351580K), 0.0120459 secs] [Times: user=0.00 sys=0.00, real=0.02 secs] 
2015-01-18T14:08:12.455+0100: 4.484: [GC (Allocation Failure) 4.484: [ParNew: 2984K->293K(3072K), 0.0079813 secs] 235822K->234010K(351580K), 0.0080269 secs] [Times: user=0.01 sys=0.00, real=0.01 secs] 
2015-01-18T14:08:12.468+0100: 4.497: [GC (Allocation Failure) 4.497: [ParNew: 2984K->293K(3072K), 0.0112643 secs] 236701K->234889K(351580K), 0.0113137 secs] [Times: user=0.00 sys=0.00, real=0.01 secs] 
2015-01-18T14:08:12.487+0100: 4.516: [GC (Allocation Failure) 4.516: [ParNew: 2984K->293K(3072K), 0.0079760 secs] 237580K->235768K(351580K), 0.0080228 secs] [Times: user=0.00 sys=0.00, real=0.00 secs] 
2015-01-18T14:08:12.502+0100: 4.530: [GC (Allocation Failure) 4.530: [ParNew: 2984K->293K(3072K), 0.0096509 secs] 238460K->236647K(351580K), 0.0096960 secs] [Times: user=0.01 sys=0.00, real=0.01 secs] 
2015-01-18T14:08:12.519+0100: 4.548: [GC (Allocation Failure) 4.548: [ParNew: 2984K->293K(3072K), 0.0079854 secs] 239339K->237527K(351580K), 0.0080275 secs] [Times: user=0.00 sys=0.00, real=0.01 secs] 
2015-01-18T14:08:12.531+0100: 4.560: [GC (Allocation Failure) 4.560: [ParNew: 2984K->293K(3072K), 0.0079800 secs] 240218K->238406K(351580K), 0.0080268 secs] [Times: user=0.00 sys=0.00, real=0.01 secs] 
2015-01-18T14:08:12.547+0100: 4.576: [GC (Allocation Failure) 4.576: [ParNew: 2984K->293K(3072K), 0.0159733 secs] 241097K->239285K(351580K), 0.0160209 secs] [Times: user=0.01 sys=0.00, real=0.01 secs] 
2015-01-18T14:08:12.571+0100: 4.600: [GC (Allocation Failure) 4.600: [ParNew: 2984K->293K(3072K), 0.0160272 secs] 241976K->240164K(351580K), 0.0160741 secs] [Times: user=0.01 sys=0.00, real=0.02 secs] 
2015-01-18T14:08:12.595+0100: 4.624: [GC (Allocation Failure) 4.624: [ParNew: 2984K->293K(3072K), 0.0080842 secs] 242855K->241043K(351580K), 0.0081410 secs] [Times: user=0.00 sys=0.00, real=0.01 secs] 
2015-01-18T14:08:12.611+0100: 4.640: [GC (Allocation Failure) 4.640: [ParNew: 2984K->293K(3072K), 0.0119777 secs] 243734K->241922K(351580K), 0.0120236 secs] [Times: user=0.00 sys=0.00, real=0.01 secs] 
2015-01-18T14:08:12.631+0100: 4.660: [GC (Allocation Failure) 4.660: [ParNew: 2984K->293K(3072K), 0.0119839 secs] 244613K->242801K(351580K), 0.0120275 secs] [Times: user=0.00 sys=0.00, real=0.01 secs] 
2015-01-18T14:08:12.651+0100: 4.680: [GC (Allocation Failure) 4.680: [ParNew: 2984K->293K(3072K), 0.0079797 secs] 245492K->243680K(351580K), 0.0080294 secs] [Times: user=0.00 sys=0.00, real=0.01 secs] 
2015-01-18T14:08:12.663+0100: 4.692: [GC (Allocation Failure) 4.692: [ParNew: 2984K->293K(3072K), 0.0079871 secs] 246371K->244559K(351580K), 0.0080380 secs] [Times: user=0.00 sys=0.00, real=0.01 secs] 
2015-01-18T14:08:12.679+0100: 4.708: [GC (Allocation Failure) 4.708: [ParNew: 2984K->293K(3072K), 0.0119749 secs] 247250K->245438K(351580K), 0.0120276 secs] [Times: user=0.00 sys=0.00, real=0.01 secs] 
2015-01-18T14:08:12.699+0100: 4.728: [GC (Allocation Failure) 4.728: [ParNew: 2984K->293K(3072K), 0.0119797 secs] 248129K->246317K(351580K), 0.0120313 secs] [Times: user=0.00 sys=0.00, real=0.01 secs] 
2015-01-18T14:08:12.719+0100: 4.748: [GC (Allocation Failure) 4.748: [ParNew: 2984K->293K(3072K), 0.0199790 secs] 249008K->247196K(351580K), 0.0200235 secs] [Times: user=0.01 sys=0.00, real=0.02 secs] 
2015-01-18T14:08:12.747+0100: 4.776: [GC (Allocation Failure) 4.776: [ParNew: 2984K->293K(3072K), 0.0079832 secs] 249887K->248075K(351580K), 0.0080255 secs] [Times: user=0.00 sys=0.00, real=0.00 secs] 
2015-01-18T14:08:12.756+0100: 4.785: [GC (Allocation Failure) 4.785: [ParNew: 2984K->293K(3072K), 0.0067586 secs] 250766K->248954K(351580K), 0.0068127 secs] [Times: user=0.01 sys=0.00, real=0.01 secs] 
2015-01-18T14:08:12.764+0100: 4.793: [GC (Allocation Failure) 4.793: [ParNew: 2984K->293K(3072K), 0.0111258 secs] 251645K->249833K(351580K), 0.0111765 secs] [Times: user=0.00 sys=0.00, real=0.01 secs] 
2015-01-18T14:08:12.776+0100: 4.805: [GC (Allocation Failure) 4.805: [ParNew: 2984K->293K(3072K), 0.0111665 secs] 252524K->250712K(351580K), 0.0112159 secs] [Times: user=0.00 sys=0.00, real=0.02 secs] 
2015-01-18T14:08:12.788+0100: 4.817: [GC (Allocation Failure) 4.817: [ParNew: 2984K->293K(3072K), 0.0151734 secs] 253403K->251591K(351580K), 0.0152260 secs] [Times: user=0.01 sys=0.00, real=0.01 secs] 
2015-01-18T14:08:12.804+0100: 4.833: [GC (Allocation Failure) 4.833: [ParNew: 2984K->293K(3072K), 0.0074145 secs] 254282K->252470K(351580K), 0.0074656 secs] [Times: user=0.00 sys=0.00, real=0.01 secs] 
2015-01-18T14:08:12.812+0100: 4.841: [GC (Allocation Failure) 4.841: [ParNew: 2984K->293K(3072K), 0.0149654 secs] 255161K->253349K(351580K), 0.0150188 secs] [Times: user=0.00 sys=0.00, real=0.02 secs] 
2015-01-18T14:08:12.829+0100: 4.857: [GC (Allocation Failure) 4.857: [ParNew: 2984K->293K(3072K), 0.0066832 secs] 256040K->254228K(351580K), 0.0067401 secs] [Times: user=0.01 sys=0.00, real=0.00 secs] 
2015-01-18T14:08:12.840+0100: 4.868: [GC (Allocation Failure) 4.868: [ParNew: 2984K->293K(3072K), 0.0113220 secs] 256920K->255107K(351580K), 0.0113774 secs] [Times: user=0.01 sys=0.00, real=0.01 secs] 
2015-01-18T14:08:12.859+0100: 4.888: [GC (Allocation Failure) 4.888: [ParNew: 2984K->293K(3072K), 0.0119659 secs] 257799K->255987K(351580K), 0.0120205 secs] [Times: user=0.00 sys=0.00, real=0.01 secs] 
2015-01-18T14:08:12.876+0100: 4.904: [GC (Allocation Failure) 4.904: [ParNew: 2984K->293K(3072K), 0.0153359 secs] 258678K->256866K(351580K), 0.0153918 secs] [Times: user=0.01 sys=0.00, real=0.02 secs] 
2015-01-18T14:08:12.896+0100: 4.924: [GC (Allocation Failure) 4.924: [ParNew: 2984K->293K(3072K), 0.0113558 secs] 259557K->257745K(351580K), 0.0114081 secs] [Times: user=0.01 sys=0.00, real=0.02 secs] 
2015-01-18T14:08:12.915+0100: 4.944: [GC (Allocation Failure) 4.944: [ParNew: 2984K->293K(3072K), 0.0119625 secs] 260436K->258624K(351580K), 0.0120321 secs] [Times: user=0.00 sys=0.00, real=0.02 secs] 
2015-01-18T14:08:12.928+0100: 4.957: [GC (Allocation Failure) 4.957: [ParNew: 2984K->293K(3072K), 0.0067675 secs] 261315K->259503K(351580K), 0.0068262 secs] [Times: user=0.01 sys=0.00, real=0.00 secs] 
2015-01-18T14:08:12.943+0100: 4.972: [GC (Allocation Failure) 4.972: [ParNew: 2984K->293K(3072K), 0.0119531 secs] 262194K->260382K(351580K), 0.0120137 secs] [Times: user=0.00 sys=0.00, real=0.01 secs] 
2015-01-18T14:08:12.959+0100: 4.988: [GC (Allocation Failure) 4.988: [ParNew: 2984K->293K(3072K), 0.0119693 secs] 263073K->261261K(351580K), 0.0120221 secs] [Times: user=0.01 sys=0.00, real=0.01 secs] 
2015-01-18T14:08:12.975+0100: 5.004: [GC (Allocation Failure) 5.004: [ParNew: 2984K->293K(3072K), 0.0082777 secs] 263952K->262140K(351580K), 0.0083284 secs] [Times: user=0.00 sys=0.00, real=0.01 secs] 
2015-01-18T14:08:12.984+0100: 5.013: [GC (Allocation Failure) 5.013: [ParNew: 2984K->293K(3072K), 0.0108475 secs] 264831K->263019K(351580K), 0.0108997 secs] [Times: user=0.01 sys=0.00, real=0.01 secs] 
2015-01-18T14:08:13.000+0100: 5.028: [GC (Allocation Failure) 5.028: [ParNew: 2984K->293K(3072K), 0.0113521 secs] 265710K->263898K(351580K), 0.0114031 secs] [Times: user=0.00 sys=0.00, real=0.01 secs] 
2015-01-18T14:08:13.012+0100: 5.041: [GC (Allocation Failure) 5.041: [ParNew: 2984K->293K(3072K), 0.0152015 secs] 266589K->264777K(351580K), 0.0152561 secs] [Times: user=0.01 sys=0.00, real=0.02 secs] 
2015-01-18T14:08:13.032+0100: 5.060: [GC (Allocation Failure) 5.060: [ParNew: 2984K->293K(3072K), 0.0074526 secs] 267468K->265656K(351580K), 0.0075041 secs] [Times: user=0.01 sys=0.00, real=0.01 secs] 
2015-01-18T14:08:13.040+0100: 5.069: [GC (Allocation Failure) 5.069: [ParNew: 2984K->293K(3072K), 0.0117714 secs] 268347K->266535K(351580K), 0.0118281 secs] [Times: user=0.01 sys=0.00, real=0.01 secs] 
2015-01-18T14:08:13.056+0100: 5.084: [GC (Allocation Failure) 5.084: [ParNew: 2984K->293K(3072K), 0.0113423 secs] 269226K->267414K(351580K), 0.0113962 secs] [Times: user=0.00 sys=0.00, real=0.02 secs] 
2015-01-18T14:08:13.075+0100: 5.104: [GC (Allocation Failure) 5.104: [ParNew: 2984K->293K(3072K), 0.0044189 secs] 270105K->268293K(351580K), 0.0044749 secs] [Times: user=0.01 sys=0.00, real=0.01 secs] 
2015-01-18T14:08:13.087+0100: 5.116: [GC (Allocation Failure) 5.116: [ParNew: 2984K->293K(3072K), 0.0159591 secs] 270984K->269172K(351580K), 0.0160164 secs] [Times: user=0.00 sys=0.00, real=0.01 secs] 
2015-01-18T14:08:13.111+0100: 5.140: [GC (Allocation Failure) 5.140: [ParNew: 2984K->293K(3072K), 0.0119452 secs] 271863K->270051K(351580K), 0.0120125 secs] [Times: user=0.00 sys=0.00, real=0.01 secs] 
2015-01-18T14:08:13.131+0100: 5.160: [GC (Allocation Failure) 5.160: [ParNew: 2984K->293K(3072K), 0.0239815 secs] 272742K->270930K(351580K), 0.0240444 secs] [Times: user=0.00 sys=0.00, real=0.02 secs] 
2015-01-18T14:08:13.163+0100: 5.192: [GC (Allocation Failure) 5.192: [ParNew: 2984K->309K(3072K), 0.0119626 secs] 273621K->272021K(351580K), 0.0120206 secs] [Times: user=0.00 sys=0.00, real=0.01 secs] 
2015-01-18T14:08:13.183+0100: 5.212: [GC (Allocation Failure) 5.212: [ParNew: 3000K->293K(3072K), 0.0159548 secs] 274712K->272705K(351580K), 0.0160165 secs] [Times: user=0.01 sys=0.00, real=0.02 secs] 
2015-01-18T14:08:13.200+0100: 5.229: [GC (Allocation Failure) 5.229: [ParNew: 2984K->293K(3072K), 0.0101797 secs] 275396K->273584K(351580K), 0.0102321 secs] [Times: user=0.01 sys=0.00, real=0.01 secs] 
2015-01-18T14:08:13.211+0100: 5.240: [GC (Allocation Failure) 5.240: [ParNew: 2984K->293K(3072K), 0.0084859 secs] 276275K->274463K(351580K), 0.0085443 secs] [Times: user=0.00 sys=0.00, real=0.01 secs] 
2015-01-18T14:08:13.220+0100: 5.249: [GC (Allocation Failure) 5.249: [ParNew: 2984K->293K(3072K), 0.0148652 secs] 277154K->275342K(351580K), 0.0149191 secs] [Times: user=0.01 sys=0.00, real=0.01 secs] 
2015-01-18T14:08:13.236+0100: 5.265: [GC (Allocation Failure) 5.265: [ParNew: 2984K->293K(3072K), 0.0033351 secs] 278033K->276221K(351580K), 0.0033892 secs] [Times: user=0.00 sys=0.00, real=0.01 secs] 
2015-01-18T14:08:13.247+0100: 5.276: [GC (Allocation Failure) 5.276: [ParNew: 2984K->293K(3072K), 0.0119799 secs] 278912K->277100K(351580K), 0.0120345 secs] [Times: user=0.01 sys=0.00, real=0.01 secs] 
2015-01-18T14:08:13.264+0100: 5.292: [GC (Allocation Failure) 5.292: [ParNew: 2984K->293K(3072K), 0.0114352 secs] 279791K->277979K(351580K), 0.0114888 secs] [Times: user=0.01 sys=0.00, real=0.01 secs] 
2015-01-18T14:08:13.276+0100: 5.305: [GC (Allocation Failure) 5.305: [ParNew: 2984K->293K(3072K), 0.0032084 secs] 280670K->278858K(351580K), 0.0032587 secs] [Times: user=0.00 sys=0.00, real=0.01 secs] 
2015-01-18T14:08:13.280+0100: 5.309: [GC (Allocation Failure) 5.309: [ParNew: 2984K->293K(3072K), 0.0150820 secs] 281549K->279737K(351580K), 0.0151349 secs] [Times: user=0.01 sys=0.00, real=0.01 secs] 
2015-01-18T14:08:13.296+0100: 5.325: [GC (Allocation Failure) 5.325: [ParNew: 2984K->293K(3072K), 0.0082411 secs] 282428K->280616K(351580K), 0.0082934 secs] [Times: user=0.01 sys=0.00, real=0.01 secs] 
2015-01-18T14:08:13.311+0100: 5.340: [GC (Allocation Failure) 5.340: [ParNew: 2984K->293K(3072K), 0.0239770 secs] 283307K->281495K(351580K), 0.0240367 secs] [Times: user=0.01 sys=0.00, real=0.02 secs] 
2015-01-18T14:08:13.340+0100: 5.368: [GC (Allocation Failure) 5.368: [ParNew: 2984K->293K(3072K), 0.0113229 secs] 284186K->282374K(351580K), 0.0113756 secs] [Times: user=0.01 sys=0.00, real=0.01 secs] 
2015-01-18T14:08:13.352+0100: 5.381: [GC (Allocation Failure) 5.381: [ParNew: 2984K->293K(3072K), 0.0072219 secs] 285065K->283253K(351580K), 0.0072717 secs] [Times: user=0.00 sys=0.00, real=0.01 secs] 
2015-01-18T14:08:13.360+0100: 5.389: [GC (Allocation Failure) 5.389: [ParNew: 2984K->293K(3072K), 0.0072140 secs] 285944K->284132K(351580K), 0.0072650 secs] [Times: user=0.01 sys=0.00, real=0.01 secs] 
2015-01-18T14:08:13.371+0100: 5.400: [GC (Allocation Failure) 5.400: [ParNew: 2984K->293K(3072K), 0.0159856 secs] 286823K->285011K(351580K), 0.0160363 secs] [Times: user=0.01 sys=0.00, real=0.02 secs] 
2015-01-18T14:08:13.391+0100: 5.420: [GC (Allocation Failure) 5.420: [ParNew: 2984K->293K(3072K), 0.0119606 secs] 287702K->285890K(351580K), 0.0120133 secs] [Times: user=0.00 sys=0.00, real=0.01 secs] 
2015-01-18T14:08:13.404+0100: 5.433: [GC (Allocation Failure) 5.433: [ParNew: 2984K->293K(3072K), 0.0072294 secs] 288581K->286769K(351580K), 0.0072833 secs] [Times: user=0.01 sys=0.00, real=0.01 secs] 
2015-01-18T14:08:13.419+0100: 5.448: [GC (Allocation Failure) 5.448: [ParNew: 2984K->293K(3072K), 0.0079472 secs] 289461K->287648K(351580K), 0.0080057 secs] [Times: user=0.01 sys=0.00, real=0.01 secs] 
2015-01-18T14:08:13.435+0100: 5.464: [GC (Allocation Failure) 5.464: [ParNew: 2984K->293K(3072K), 0.0067029 secs] 290340K->288528K(351580K), 0.0067704 secs] [Times: user=0.00 sys=0.00, real=0.01 secs] 
2015-01-18T14:08:13.443+0100: 5.471: [GC (Allocation Failure) 5.471: [ParNew: 2984K->293K(3072K), 0.0084247 secs] 291219K->289407K(351580K), 0.0084761 secs] [Times: user=0.00 sys=0.00, real=0.01 secs] 
2015-01-18T14:08:13.452+0100: 5.481: [GC (Allocation Failure) 5.481: [ParNew: 2984K->293K(3072K), 0.2232258 secs] 292098K->290286K(351580K), 0.2232942 secs] [Times: user=0.08 sys=0.25, real=0.22 secs] 
2015-01-18T14:08:13.676+0100: 5.705: [GC (Allocation Failure) 5.705: [ParNew: 2984K->293K(3072K), 0.0149271 secs] 292977K->291165K(351580K), 0.0149596 secs] [Times: user=0.01 sys=0.00, real=0.02 secs] 
2015-01-18T14:08:13.692+0100: 5.720: [GC (Allocation Failure) 5.720: [ParNew: 2984K->293K(3072K), 0.0192828 secs] 293856K->292044K(351580K), 0.0193336 secs] [Times: user=0.00 sys=0.00, real=0.02 secs] 
2015-01-18T14:08:13.712+0100: 5.741: [GC (Allocation Failure) 5.741: [ParNew: 2984K->293K(3072K), 0.0192134 secs] 294735K->292923K(351580K), 0.0192634 secs] [Times: user=0.01 sys=0.00, real=0.02 secs] 
2015-01-18T14:08:13.732+0100: 5.761: [GC (Allocation Failure) 5.761: [ParNew: 2984K->293K(3072K), 0.0033413 secs] 295614K->293802K(351580K), 0.0033926 secs] [Times: user=0.01 sys=0.00, real=0.00 secs] 
2015-01-18T14:08:13.736+0100: 5.765: [GC (Allocation Failure) 5.765: [ParNew: 2984K->293K(3072K), 0.0110395 secs] 296493K->294681K(351580K), 0.0111010 secs] [Times: user=0.00 sys=0.00, real=0.02 secs] 
2015-01-18T14:08:13.748+0100: 5.777: [GC (Allocation Failure) 5.777: [ParNew: 2984K->293K(3072K), 0.0151840 secs] 297372K->295560K(351580K), 0.0152349 secs] [Times: user=0.01 sys=0.00, real=0.01 secs] 
2015-01-18T14:08:13.767+0100: 5.796: [GC (Allocation Failure) 5.796: [ParNew: 2984K->293K(3072K), 0.0079757 secs] 298251K->296439K(351580K), 0.0080271 secs] [Times: user=0.00 sys=0.00, real=0.00 secs] 
2015-01-18T14:08:13.780+0100: 5.808: [GC (Allocation Failure) 5.808: [ParNew: 2984K->293K(3072K), 0.0035607 secs] 299130K->297318K(351580K), 0.0036126 secs] [Times: user=0.01 sys=0.00, real=0.00 secs] 
2015-01-18T14:08:13.784+0100: 5.813: [GC (Allocation Failure) 5.813: [ParNew: 2984K->293K(3072K), 0.0086763 secs] 300009K->298197K(351580K), 0.0087271 secs] [Times: user=0.01 sys=0.00, real=0.01 secs] 
2015-01-18T14:08:13.794+0100: 5.822: [GC (Allocation Failure) 5.822: [ParNew: 2984K->293K(3072K), 0.0094705 secs] 300888K->299076K(351580K), 0.0095233 secs] [Times: user=0.00 sys=0.01, real=0.01 secs] 
2015-01-18T14:08:13.807+0100: 5.836: [GC (Allocation Failure) 5.836: [ParNew: 2984K->293K(3072K), 0.0119707 secs] 301767K->299955K(351580K), 0.0120218 secs] [Times: user=0.00 sys=0.00, real=0.01 secs] 
2015-01-18T14:08:13.823+0100: 5.852: [GC (Allocation Failure) 5.852: [ParNew: 2984K->293K(3072K), 0.0079757 secs] 302646K->300834K(351580K), 0.0080262 secs] [Times: user=0.01 sys=0.00, real=0.01 secs] 
2015-01-18T14:08:13.834+0100: 5.862: [GC (Allocation Failure) 5.862: [ParNew: 2984K->293K(3072K), 0.0056917 secs] 303525K->301713K(351580K), 0.0057467 secs] [Times: user=0.01 sys=0.00, real=0.01 secs] 
2015-01-18T14:08:13.843+0100: 5.872: [GC (Allocation Failure) 5.872: [ParNew: 2984K->293K(3072K), 0.0079513 secs] 304404K->302592K(351580K), 0.0080101 secs] [Times: user=0.00 sys=0.00, real=0.01 secs] 
2015-01-18T14:08:13.855+0100: 5.884: [GC (Allocation Failure) 5.884: [ParNew: 2984K->293K(3072K), 0.0119663 secs] 305283K->303471K(351580K), 0.0120270 secs] [Times: user=0.01 sys=0.00, real=0.02 secs] 
2015-01-18T14:08:13.871+0100: 5.900: [GC (Allocation Failure) 5.900: [ParNew: 2984K->293K(3072K), 0.0199798 secs] 306162K->304350K(351580K), 0.0200340 secs] [Times: user=0.02 sys=0.00, real=0.02 secs] 
2015-01-18T14:08:13.896+0100: 5.924: [GC (Allocation Failure) 5.924: [ParNew: 2984K->293K(3072K), 0.0113287 secs] 307041K->305229K(351580K), 0.0113834 secs] [Times: user=0.00 sys=0.00, real=0.02 secs] 
2015-01-18T14:08:13.908+0100: 5.937: [GC (Allocation Failure) 5.937: [ParNew: 2984K->293K(3072K), 0.0071990 secs] 307921K->306108K(351580K), 0.0072532 secs] [Times: user=0.01 sys=0.00, real=0.00 secs] 
2015-01-18T14:08:13.919+0100: 5.948: [GC (Allocation Failure) 5.948: [ParNew: 2984K->293K(3072K), 0.0116630 secs] 308800K->306988K(351580K), 0.0117188 secs] [Times: user=0.00 sys=0.00, real=0.01 secs] 
2015-01-18T14:08:13.933+0100: 5.961: [GC (Allocation Failure) 5.961: [ParNew: 2984K->293K(3072K), 0.0104645 secs] 309679K->307867K(351580K), 0.0105262 secs] [Times: user=0.01 sys=0.00, real=0.01 secs] 
2015-01-18T14:08:13.944+0100: 5.973: [GC (Allocation Failure) 5.973: [ParNew: 2984K->293K(3072K), 0.0151315 secs] 310558K->308746K(351580K), 0.0151853 secs] [Times: user=0.01 sys=0.00, real=0.02 secs] 
2015-01-18T14:08:13.960+0100: 5.989: [GC (Allocation Failure) 5.989: [ParNew: 2984K->293K(3072K), 0.0111268 secs] 311437K->309625K(351580K), 0.0111774 secs] [Times: user=0.01 sys=0.00, real=0.01 secs] 
2015-01-18T14:08:13.972+0100: 6.001: [GC (Allocation Failure) 6.001: [ParNew: 2984K->293K(3072K), 0.0111970 secs] 312316K->310504K(351580K), 0.0112478 secs] [Times: user=0.00 sys=0.00, real=0.01 secs] 
2015-01-18T14:08:13.984+0100: 6.013: [GC (Allocation Failure) 6.013: [ParNew: 2984K->293K(3072K), 0.0112033 secs] 313195K->311383K(351580K), 0.0112565 secs] [Times: user=0.00 sys=0.00, real=0.01 secs] 
2015-01-18T14:08:13.996+0100: 6.025: [GC (Allocation Failure) 6.025: [ParNew: 2984K->293K(3072K), 0.0111772 secs] 314074K->312262K(351580K), 0.0112302 secs] [Times: user=0.01 sys=0.00, real=0.02 secs] 
2015-01-18T14:08:14.008+0100: 6.037: [GC (Allocation Failure) 6.037: [ParNew: 2984K->293K(3072K), 0.0071875 secs] 314953K->313141K(351580K), 0.0072383 secs] [Times: user=0.00 sys=0.00, real=0.00 secs] 
2015-01-18T14:08:14.016+0100: 6.045: [GC (Allocation Failure) 6.045: [ParNew: 2984K->293K(3072K), 0.0072277 secs] 315832K->314020K(351580K), 0.0072805 secs] [Times: user=0.00 sys=0.00, real=0.01 secs] 
2015-01-18T14:08:14.024+0100: 6.053: [GC (Allocation Failure) 6.053: [ParNew: 2984K->293K(3072K), 0.0033772 secs] 316711K->314899K(351580K), 0.0034282 secs] [Times: user=0.01 sys=0.00, real=0.01 secs] 
2015-01-18T14:08:14.028+0100: 6.057: [GC (Allocation Failure) 6.057: [ParNew: 2984K->293K(3072K), 0.0070040 secs] 317590K->315778K(351580K), 0.0070559 secs] [Times: user=0.00 sys=0.00, real=0.00 secs] 
2015-01-18T14:08:14.036+0100: 6.065: [GC (Allocation Failure) 6.065: [ParNew: 2984K->293K(3072K), 0.0071831 secs] 318469K->316657K(351580K), 0.0072328 secs] [Times: user=0.01 sys=0.00, real=0.01 secs] 
2015-01-18T14:08:14.044+0100: 6.073: [GC (Allocation Failure) 6.073: [ParNew: 2984K->293K(3072K), 0.0111995 secs] 319348K->317536K(351580K), 0.0112480 secs] [Times: user=0.01 sys=0.00, real=0.01 secs] 
2015-01-18T14:08:14.056+0100: 6.085: [GC (Allocation Failure) 6.085: [ParNew: 2984K->293K(3072K), 0.0029329 secs] 320227K->318415K(351580K), 0.0029819 secs] [Times: user=0.00 sys=0.00, real=0.00 secs] 
2015-01-18T14:08:14.060+0100: 6.088: [GC (Allocation Failure) 6.088: [ParNew: 2984K->293K(3072K), 0.0080422 secs] 321106K->319294K(351580K), 0.0080916 secs] [Times: user=0.01 sys=0.00, real=0.01 secs] 
2015-01-18T14:08:14.069+0100: 6.097: [GC (Allocation Failure) 6.097: [ParNew: 2984K->293K(3072K), 0.0104341 secs] 321985K->320173K(351580K), 0.0104824 secs] [Times: user=0.01 sys=0.00, real=0.00 secs] 
2015-01-18T14:08:14.080+0100: 6.108: [GC (Allocation Failure) 6.108: [ParNew: 2984K->293K(3072K), 0.0034207 secs] 322864K->321052K(351580K), 0.0034753 secs] [Times: user=0.00 sys=0.00, real=0.00 secs] 
2015-01-18T14:08:14.084+0100: 6.113: [GC (Allocation Failure) 6.113: [ParNew: 2984K->293K(3072K), 0.0081779 secs] 323743K->321931K(351580K), 0.0082303 secs] [Times: user=0.01 sys=0.00, real=0.01 secs] 
2015-01-18T14:08:14.093+0100: 6.122: [GC (Allocation Failure) 6.122: [ParNew: 2984K->293K(3072K), 0.0090351 secs] 324622K->322810K(351580K), 0.0090859 secs] [Times: user=0.01 sys=0.00, real=0.01 secs] 
2015-01-18T14:08:14.103+0100: 6.132: [GC (CMS Initial Mark) [1 CMS-initial-mark: 322517K(348508K)] 323060K(351580K), 0.0001646 secs] [Times: user=0.00 sys=0.00, real=0.00 secs] 
2015-01-18T14:08:14.104+0100: 6.132: [CMS-concurrent-mark-start]
2015-01-18T14:08:14.107+0100: 6.136: [GC (Allocation Failure) 6.136: [ParNew: 2984K->293K(3072K), 0.0031939 secs] 325501K->323689K(351580K), 0.0032658 secs] [Times: user=0.01 sys=0.00, real=0.00 secs] 
2015-01-18T14:08:14.111+0100: 6.140: [GC (Allocation Failure) 6.140: [ParNew: 2984K->293K(3072K), 0.0118555 secs] 326380K->324568K(351580K), 0.0119057 secs] [Times: user=0.01 sys=0.00, real=0.01 secs] 
2015-01-18T14:08:14.125+0100: 6.153: [CMS-concurrent-mark: 0.005/0.021 secs] [Times: user=0.02 sys=0.00, real=0.02 secs] 
2015-01-18T14:08:14.125+0100: 6.153: [CMS-concurrent-preclean-start]
2015-01-18T14:08:14.125+0100: 6.154: [CMS-concurrent-preclean: 0.001/0.001 secs] [Times: user=0.00 sys=0.00, real=0.00 secs] 
2015-01-18T14:08:14.126+0100: 6.155: [GC (Allocation Failure) 6.155: [ParNew: 2984K->293K(3072K), 0.0031669 secs] 327260K->325448K(351580K), 0.0032210 secs] [Times: user=0.01 sys=0.00, real=0.01 secs] 
2015-01-18T14:08:14.130+0100: 6.159: [GC (Allocation Failure) 6.159: [ParNew: 2984K->293K(3072K), 0.0488612 secs] 328139K->326327K(351580K), 0.0489231 secs] [Times: user=0.01 sys=0.00, real=0.05 secs] 
2015-01-18T14:08:14.180+0100: 6.209: [GC (Allocation Failure) 6.209: [ParNew: 2984K->293K(3072K), 0.0031705 secs] 329018K->327206K(351580K), 0.0032238 secs] [Times: user=0.00 sys=0.00, real=0.00 secs] 
2015-01-18T14:08:14.184+0100: 6.213: [GC (Allocation Failure) 6.213: [ParNew: 2984K->293K(3072K), 0.0085427 secs] 329897K->328085K(351580K), 0.0085983 secs] [Times: user=0.00 sys=0.00, real=0.01 secs] 
2015-01-18T14:08:14.193+0100: 6.222: [GC (Allocation Failure) 6.222: [ParNew: 2984K->293K(3072K), 0.0033224 secs] 330776K->328964K(351580K), 0.0033757 secs] [Times: user=0.01 sys=0.00, real=0.00 secs] 
2015-01-18T14:08:14.198+0100: 6.226: [GC (Allocation Failure) 6.226: [ParNew: 2984K->293K(3072K), 0.0092788 secs] 331655K->329843K(351580K), 0.0093369 secs] [Times: user=0.01 sys=0.00, real=0.01 secs] 
2015-01-18T14:08:14.215+0100: 6.244: [GC (CMS Final Remark) [YG occupancy: 835 K (3072 K)]6.244: [Rescan (parallel) , 0.0009961 secs]6.245: [weak refs processing, 0.0000095 secs]6.245: [class unloading, 0.0003223 secs]6.245: [scrub symbol table, 0.0005402 secs]6.246: [scrub string table, 0.0002152 secs][1 CMS-remark: 329550K(348508K)] 330385K(351580K), 0.0021557 secs] [Times: user=0.00 sys=0.00, real=0.00 secs] 
2015-01-18T14:08:14.219+0100: 6.248: [CMS-concurrent-sweep-start]
2015-01-18T14:08:14.219+0100: 6.248: [GC (Allocation Failure) 6.248: [ParNew: 2984K->293K(3072K), 0.0094501 secs] 332534K->330722K(351580K), 0.0095037 secs] [Times: user=0.01 sys=0.00, real=0.01 secs] 
2015-01-18T14:08:14.230+0100: 6.258: [GC (Allocation Failure) 6.258: [ParNew: 2984K->293K(3072K), 0.0058066 secs] 333413K->331601K(351580K), 0.0058586 secs] [Times: user=0.00 sys=0.00, real=0.00 secs] 
2015-01-18T14:08:14.236+0100: 6.265: [GC (Allocation Failure) 6.265: [ParNew: 2984K->293K(3072K), 0.0029612 secs] 334292K->332480K(351580K), 0.0030095 secs] [Times: user=0.01 sys=0.00, real=0.00 secs] 
2015-01-18T14:08:14.240+0100: 6.268: [GC (Allocation Failure) 6.268: [ParNew: 2984K->293K(3072K), 0.0153071 secs] 335171K->333359K(351580K), 0.0153582 secs] [Times: user=0.01 sys=0.00, real=0.01 secs] 
2015-01-18T14:08:14.256+0100: 6.285: [GC (Allocation Failure) 6.285: [ParNew: 2984K->293K(3072K), 0.0152018 secs] 336050K->334238K(351580K), 0.0152541 secs] [Times: user=0.00 sys=0.00, real=0.02 secs] 
2015-01-18T14:08:14.272+0100: 6.301: [GC (Allocation Failure) 6.301: [ParNew: 2984K->293K(3072K), 0.0152178 secs] 336929K->335117K(351580K), 0.0152755 secs] [Times: user=0.01 sys=0.00, real=0.02 secs] 
2015-01-18T14:08:14.288+0100: 6.317: [GC (Allocation Failure) 6.317: [ParNew: 2984K->293K(3072K), 0.0031128 secs] 337808K->335996K(351580K), 0.0031643 secs] [Times: user=0.01 sys=0.00, real=0.00 secs] 
2015-01-18T14:08:14.292+0100: 6.321: [GC (Allocation Failure) 6.321: [ParNew: 2984K->293K(3072K), 0.0071463 secs] 338687K->336875K(351580K), 0.0071955 secs] [Times: user=0.00 sys=0.00, real=0.01 secs] 
2015-01-18T14:08:14.300+0100: 6.329: [GC (Allocation Failure) 6.329: [ParNew: 2984K->293K(3072K), 0.0030588 secs] 339566K->337754K(351580K), 0.0031080 secs] [Times: user=0.00 sys=0.00, real=0.00 secs] 
2015-01-18T14:08:14.304+0100: 6.332: [GC (Allocation Failure) 6.332: [ParNew: 2984K->293K(3072K), 0.0113008 secs] 340445K->338633K(351580K), 0.0113523 secs] [Times: user=0.02 sys=0.00, real=0.01 secs] 
2015-01-18T14:08:14.320+0100: 6.349: [CMS-concurrent-sweep: 0.101/0.101 secs] [Times: user=0.07 sys=0.00, real=0.10 secs] 
2015-01-18T14:08:14.323+0100: 6.352: [GC (Allocation Failure) 6.352: [ParNew: 2984K->293K(3072K), 0.0039701 secs] 341313K->339501K(351580K), 0.0040225 secs] [Times: user=0.00 sys=0.00, real=0.01 secs] 
2015-01-18T14:08:14.331+0100: 6.360: [GC (Allocation Failure) 6.360: [ParNew: 2984K->293K(3072K), 0.0078916 secs] 342192K->340380K(351580K), 0.0079528 secs] [Times: user=0.00 sys=0.00, real=0.01 secs] 
2015-01-18T14:08:14.343+0100: 6.372: [GC (Allocation Failure) 6.372: [ParNew: 2984K->293K(3072K), 0.0079692 secs] 343072K->341259K(351580K), 0.0080219 secs] [Times: user=0.00 sys=0.00, real=0.01 secs] 
2015-01-18T14:08:14.355+0100: 6.384: [GC (Allocation Failure) 6.384: [ParNew: 2984K->293K(3072K), 0.0039919 secs] 343951K->342139K(351580K), 0.0040410 secs] [Times: user=0.01 sys=0.00, real=0.01 secs] 
2015-01-18T14:08:14.363+0100: 6.392: [GC (Allocation Failure) 6.392: [ParNew: 2984K->293K(3072K), 0.0199615 secs] 344830K->343018K(351580K), 0.0200251 secs] [Times: user=0.01 sys=0.00, real=0.02 secs] 
2015-01-18T14:08:14.387+0100: 6.416: [GC (Allocation Failure) 6.416: [ParNew: 2984K->293K(3072K), 0.0081333 secs] 345709K->343897K(351580K), 0.0081870 secs] [Times: user=0.00 sys=0.00, real=0.00 secs] 
2015-01-18T14:08:14.396+0100: 6.425: [GC (Allocation Failure) 6.425: [ParNew: 2984K->293K(3072K), 0.0071867 secs] 346588K->344776K(351580K), 0.0072380 secs] [Times: user=0.00 sys=0.00, real=0.01 secs] 
2015-01-18T14:08:14.404+0100: 6.433: [GC (Allocation Failure) 6.433: [ParNew: 2984K->293K(3072K), 0.0150833 secs] 347467K->345655K(351580K), 0.0151368 secs] [Times: user=0.01 sys=0.00, real=0.02 secs] 
2015-01-18T14:08:14.423+0100: 6.452: [GC (Allocation Failure) 6.452: [ParNew: 2984K->293K(3072K), 0.0119814 secs] 348346K->346534K(351580K), 0.0120146 secs] [Times: user=0.00 sys=0.00, real=0.01 secs] 
2015-01-18T14:08:14.439+0100: 6.468: [GC (Allocation Failure) 6.468: [ParNew: 2984K->293K(3072K), 0.0239915 secs] 349225K->347413K(351580K), 0.0240352 secs] [Times: user=0.02 sys=0.00, real=0.02 secs] 
2015-01-18T14:08:14.464+0100: 6.493: [GC (Allocation Failure) 6.493: [ParNew: 2984K->293K(3072K), 0.0111535 secs] 350104K->348292K(351580K), 0.0112036 secs] [Times: user=0.01 sys=0.00, real=0.01 secs] 
2015-01-18T14:08:14.476+0100: 6.505: [GC (Allocation Failure) 6.505: [ParNew: 2984K->293K(3072K), 0.0231930 secs] 350983K->349171K(352348K), 0.0232457 secs] [Times: user=0.01 sys=0.00, real=0.03 secs] 
2015-01-18T14:08:14.500+0100: 6.529: [GC (Allocation Failure) 6.529: [ParNew: 2984K->293K(3072K), 0.0111645 secs] 351862K->350050K(353308K), 0.0111976 secs] [Times: user=0.00 sys=0.00, real=0.01 secs] 
2015-01-18T14:08:14.515+0100: 6.544: [GC (Allocation Failure) 6.544: [ParNew: 2984K->293K(3072K), 0.0119689 secs] 352741K->350929K(354076K), 0.0119976 secs] [Times: user=0.01 sys=0.00, real=0.02 secs] 
2015-01-18T14:08:14.531+0100: 6.560: [GC (Allocation Failure) 6.560: [ParNew: 2984K->293K(3072K), 0.0159730 secs] 353620K->351808K(355036K), 0.0160001 secs] [Times: user=0.00 sys=0.00, real=0.02 secs] 
2015-01-18T14:08:14.552+0100: 6.580: [GC (Allocation Failure) 6.580: [ParNew: 2984K->293K(3072K), 0.0153941 secs] 354499K->352687K(355996K), 0.0154200 secs] [Times: user=0.01 sys=0.00, real=0.02 secs] 
2015-01-18T14:08:14.575+0100: 6.604: [GC (Allocation Failure) 6.604: [ParNew: 2984K->293K(3072K), 0.0200194 secs] 355378K->353566K(356764K), 0.0200752 secs] [Times: user=0.01 sys=0.00, real=0.02 secs] 
2015-01-18T14:08:14.597+0100: 6.625: [GC (Allocation Failure) 6.625: [ParNew: 2984K->293K(3072K), 0.0143897 secs] 356257K->354445K(357724K), 0.0144182 secs] [Times: user=0.01 sys=0.00, real=0.02 secs] 
2015-01-18T14:08:14.616+0100: 6.644: [CMS-concurrent-reset-start]
2015-01-18T14:08:14.618+0100: 6.647: [CMS-concurrent-reset: 0.002/0.002 secs] [Times: user=0.00 sys=0.00, real=0.00 secs] 
2015-01-18T14:08:14.623+0100: 6.652: [GC (Allocation Failure) 6.652: [ParNew: 2984K->293K(3072K), 0.0199031 secs] 357136K->355324K(549248K), 0.0199677 secs] [Times: user=0.01 sys=0.00, real=0.02 secs] 
2015-01-18T14:08:14.644+0100: 6.673: [GC (Allocation Failure) 6.673: [ParNew: 2984K->293K(3072K), 0.0111569 secs] 358015K->356203K(549248K), 0.0112157 secs] [Times: user=0.01 sys=0.00, real=0.01 secs] 
2015-01-18T14:08:14.656+0100: 6.685: [GC (Allocation Failure) 6.685: [ParNew: 2984K->293K(3072K), 0.0113361 secs] 358894K->357082K(549248K), 0.0113924 secs] [Times: user=0.01 sys=0.00, real=0.02 secs] 
2015-01-18T14:08:14.669+0100: 6.697: [GC (Allocation Failure) 6.697: [ParNew: 2984K->293K(3072K), 0.0186111 secs] 359773K->357961K(549248K), 0.0186728 secs] [Times: user=0.01 sys=0.00, real=0.02 secs] 
2015-01-18T14:08:14.688+0100: 6.717: [GC (Allocation Failure) 6.717: [ParNew: 2984K->293K(3072K), 0.0117561 secs] 360652K->358840K(549248K), 0.0118110 secs] [Times: user=0.01 sys=0.00, real=0.01 secs] 
2015-01-18T14:08:14.701+0100: 6.730: [GC (Allocation Failure) 6.730: [ParNew: 2984K->293K(3072K), 0.0141701 secs] 361532K->359719K(549248K), 0.0142384 secs] [Times: user=0.01 sys=0.00, real=0.01 secs] 
2015-01-18T14:08:14.723+0100: 6.752: [GC (Allocation Failure) 6.752: [ParNew: 2984K->293K(3072K), 0.0085523 secs] 362411K->360599K(549248K), 0.0086215 secs] [Times: user=0.00 sys=0.00, real=0.01 secs] 
2015-01-18T14:08:14.736+0100: 6.764: [GC (Allocation Failure) 6.764: [ParNew: 2984K->293K(3072K), 0.0154416 secs] 363290K->361478K(549248K), 0.0154935 secs] [Times: user=0.01 sys=0.00, real=0.02 secs] 
2015-01-18T14:08:14.756+0100: 6.784: [GC (Allocation Failure) 6.784: [ParNew: 2984K->293K(3072K), 0.0114916 secs] 364169K->362357K(549248K), 0.0115425 secs] [Times: user=0.01 sys=0.00, real=0.02 secs] 
2015-01-18T14:08:14.772+0100: 6.800: [GC (Allocation Failure) 6.800: [ParNew: 2984K->293K(3072K), 0.0194699 secs] 365048K->363236K(549248K), 0.0194960 secs] [Times: user=0.01 sys=0.00, real=0.02 secs] 
2015-01-18T14:08:14.796+0100: 6.824: [GC (Allocation Failure) 6.824: [ParNew: 2984K->293K(3072K), 0.0193623 secs] 365927K->364115K(549248K), 0.0194186 secs] [Times: user=0.01 sys=0.00, real=0.02 secs] 
2015-01-18T14:08:14.816+0100: 6.844: [GC (Allocation Failure) 6.844: [ParNew: 2984K->293K(3072K), 0.0152517 secs] 366806K->364994K(549248K), 0.0152848 secs] [Times: user=0.00 sys=0.01, real=0.02 secs] 
2015-01-18T14:08:14.835+0100: 6.864: [GC (Allocation Failure) 6.864: [ParNew: 2984K->293K(3072K), 0.0120326 secs] 367685K->365873K(549248K), 0.0120739 secs] [Times: user=0.01 sys=0.00, real=0.02 secs] 
2015-01-18T14:08:14.851+0100: 6.880: [GC (Allocation Failure) 6.880: [ParNew: 2984K->293K(3072K), 0.0120273 secs] 368564K->366752K(549248K), 0.0120842 secs] [Times: user=0.01 sys=0.00, real=0.01 secs] 
2015-01-18T14:08:14.867+0100: 6.896: [GC (Allocation Failure) 6.896: [ParNew: 2984K->293K(3072K), 0.0119516 secs] 369443K->367631K(549248K), 0.0119785 secs] [Times: user=0.01 sys=0.00, real=0.01 secs] 
2015-01-18T14:08:14.884+0100: 6.912: [GC (Allocation Failure) 6.912: [ParNew: 2984K->293K(3072K), 0.0113944 secs] 370322K->368510K(549248K), 0.0114326 secs] [Times: user=0.01 sys=0.00, real=0.01 secs] 
2015-01-18T14:08:14.896+0100: 6.925: [GC (Allocation Failure) 6.925: [ParNew: 2984K->293K(3072K), 0.0231260 secs] 371201K->369389K(549248K), 0.0231798 secs] [Times: user=0.01 sys=0.00, real=0.03 secs] 
2015-01-18T14:08:14.920+0100: 6.949: [GC (Allocation Failure) 6.949: [ParNew: 2984K->293K(3072K), 0.0112052 secs] 372080K->370268K(549248K), 0.0112554 secs] [Times: user=0.00 sys=0.00, real=0.01 secs] 
2015-01-18T14:08:14.932+0100: 6.961: [GC (Allocation Failure) 6.961: [ParNew: 2984K->293K(3072K), 0.0150747 secs] 372959K->371147K(549248K), 0.0151008 secs] [Times: user=0.01 sys=0.00, real=0.02 secs] 
2015-01-18T14:08:14.951+0100: 6.980: [GC (Allocation Failure) 6.980: [ParNew: 2984K->293K(3072K), 0.0119758 secs] 373838K->372026K(549248K), 0.0119998 secs] [Times: user=0.01 sys=0.00, real=0.01 secs] 
2015-01-18T14:08:14.964+0100: 6.992: [GC (Allocation Failure) 6.992: [ParNew: 2984K->293K(3072K), 0.0112840 secs] 374717K->372905K(549248K), 0.0113192 secs] [Times: user=0.00 sys=0.00, real=0.01 secs] 
2015-01-18T14:08:14.976+0100: 7.005: [GC (Allocation Failure) 7.005: [ParNew: 2984K->293K(3072K), 0.0112052 secs] 375596K->373784K(549248K), 0.0112542 secs] [Times: user=0.01 sys=0.00, real=0.02 secs] 
2015-01-18T14:08:14.991+0100: 7.020: [GC (Allocation Failure) 7.020: [ParNew: 2984K->293K(3072K), 0.0039849 secs] 376475K->374663K(549248K), 0.0040557 secs] [Times: user=0.01 sys=0.00, real=0.00 secs] 
2015-01-18T14:08:15.000+0100: 7.028: [GC (Allocation Failure) 7.029: [ParNew: 2984K->293K(3072K), 0.0117276 secs] 377354K->375542K(549248K), 0.0117766 secs] [Times: user=0.00 sys=0.01, real=0.01 secs] 
2015-01-18T14:08:15.016+0100: 7.044: [GC (Allocation Failure) 7.044: [ParNew: 2984K->293K(3072K), 0.0112676 secs] 378233K->376421K(549248K), 0.0113089 secs] [Times: user=0.01 sys=0.00, real=0.02 secs] 
2015-01-18T14:08:15.032+0100: 7.060: [GC (Allocation Failure) 7.060: [ParNew: 2984K->293K(3072K), 0.0273327 secs] 379112K->377300K(549248K), 0.0273913 secs] [Times: user=0.01 sys=0.00, real=0.03 secs] 
2015-01-18T14:08:15.060+0100: 7.089: [GC (Allocation Failure) 7.089: [ParNew: 2984K->293K(3072K), 0.0071889 secs] 379991K->378179K(549248K), 0.0072418 secs] [Times: user=0.01 sys=0.00, real=0.01 secs] 
2015-01-18T14:08:15.068+0100: 7.097: [GC (Allocation Failure) 7.097: [ParNew: 2984K->293K(3072K), 0.0151601 secs] 380871K->379059K(549248K), 0.0152302 secs] [Times: user=0.01 sys=0.00, real=0.01 secs] 
2015-01-18T14:08:15.087+0100: 7.116: [GC (Allocation Failure) 7.116: [ParNew: 2984K->293K(3072K), 0.0085352 secs] 381750K->379938K(549248K), 0.0085641 secs] [Times: user=0.01 sys=0.00, real=0.00 secs] 
2015-01-18T14:08:15.097+0100: 7.126: [GC (Allocation Failure) 7.126: [ParNew: 2984K->293K(3072K), 0.0101131 secs] 382629K->380817K(549248K), 0.0101548 secs] [Times: user=0.00 sys=0.00, real=0.02 secs] 
2015-01-18T14:08:15.111+0100: 7.140: [GC (Allocation Failure) 7.140: [ParNew: 2984K->293K(3072K), 0.0119695 secs] 383508K->381696K(549248K), 0.0119950 secs] [Times: user=0.01 sys=0.00, real=0.01 secs] 
2015-01-18T14:08:15.127+0100: 7.156: [GC (Allocation Failure) 7.156: [ParNew: 2984K->293K(3072K), 0.0086267 secs] 384387K->382575K(549248K), 0.0086514 secs] [Times: user=0.00 sys=0.00, real=0.00 secs] 
2015-01-18T14:08:15.143+0100: 7.172: [GC (Allocation Failure) 7.172: [ParNew: 2984K->293K(3072K), 0.0535784 secs] 385266K->383454K(549248K), 0.0536090 secs] [Times: user=0.03 sys=0.00, real=0.05 secs] 
2015-01-18T14:08:15.203+0100: 7.232: [GC (Allocation Failure) 7.232: [ParNew: 2984K->293K(3072K), 0.0080177 secs] 386145K->384333K(549248K), 0.0080780 secs] [Times: user=0.01 sys=0.00, real=0.01 secs] 
2015-01-18T14:08:15.212+0100: 7.241: [GC (Allocation Failure) 7.241: [ParNew: 2984K->293K(3072K), 0.0111487 secs] 387024K->385212K(549248K), 0.0112048 secs] [Times: user=0.00 sys=0.00, real=0.01 secs] 
2015-01-18T14:08:15.224+0100: 7.253: [GC (Allocation Failure) 7.253: [ParNew: 2984K->293K(3072K), 0.0191392 secs] 387903K->386091K(549248K), 0.0191701 secs] [Times: user=0.01 sys=0.00, real=0.02 secs] 
2015-01-18T14:08:15.244+0100: 7.272: [GC (Allocation Failure) 7.272: [ParNew: 2984K->293K(3072K), 0.0041252 secs] 388782K->386970K(549248K), 0.0041765 secs] [Times: user=0.00 sys=0.01, real=0.01 secs] 
2015-01-18T14:08:15.249+0100: 7.277: [GC (Allocation Failure) 7.277: [ParNew: 2984K->293K(3072K), 0.0143800 secs] 389661K->387849K(549248K), 0.0144398 secs] [Times: user=0.01 sys=0.00, real=0.01 secs] 
2015-01-18T14:08:15.267+0100: 7.296: [GC (Allocation Failure) 7.296: [ParNew: 2984K->293K(3072K), 0.0121243 secs] 390540K->388728K(549248K), 0.0121802 secs] [Times: user=0.00 sys=0.00, real=0.01 secs] 
2015-01-18T14:08:15.280+0100: 7.309: [GC (Allocation Failure) 7.309: [ParNew: 2984K->293K(3072K), 0.0109632 secs] 391419K->389607K(549248K), 0.0110206 secs] [Times: user=0.01 sys=0.00, real=0.01 secs] 
2015-01-18T14:08:15.292+0100: 7.321: [GC (Allocation Failure) 7.321: [ParNew: 2984K->293K(3072K), 0.0119034 secs] 392298K->390486K(549248K), 0.0119468 secs] [Times: user=0.01 sys=0.00, real=0.01 secs] 
2015-01-18T14:08:15.305+0100: 7.333: [GC (Allocation Failure) 7.333: [ParNew: 2984K->293K(3072K), 0.0186961 secs] 393177K->391365K(549248K), 0.0187495 secs] [Times: user=0.01 sys=0.00, real=0.02 secs] 
2015-01-18T14:08:15.331+0100: 7.360: [GC (Allocation Failure) 7.360: [ParNew: 2984K->293K(3072K), 0.0159728 secs] 394056K->392244K(549248K), 0.0160094 secs] [Times: user=0.01 sys=0.00, real=0.02 secs] 
2015-01-18T14:08:15.348+0100: 7.376: [GC (Allocation Failure) 7.377: [ParNew: 2984K->293K(3072K), 0.0112497 secs] 394935K->393123K(549248K), 0.0112972 secs] [Times: user=0.01 sys=0.00, real=0.01 secs] 
2015-01-18T14:08:15.364+0100: 7.392: [GC (Allocation Failure) 7.392: [ParNew: 2984K->293K(3072K), 0.0074995 secs] 395814K->394002K(549248K), 0.0075482 secs] [Times: user=0.01 sys=0.00, real=0.01 secs] 
2015-01-18T14:08:15.372+0100: 7.401: [GC (Allocation Failure) 7.401: [ParNew: 2984K->293K(3072K), 0.0071565 secs] 396693K->394881K(549248K), 0.0072075 secs] [Times: user=0.00 sys=0.00, real=0.01 secs] 
2015-01-18T14:08:15.380+0100: 7.409: [GC (Allocation Failure) 7.409: [ParNew: 2984K->293K(3072K), 0.0241373 secs] 397572K->395760K(549248K), 0.0241967 secs] [Times: user=0.04 sys=0.00, real=0.02 secs] 
2015-01-18T14:08:15.408+0100: 7.436: [GC (Allocation Failure) 7.436: [ParNew: 2984K->293K(3072K), 0.0074420 secs] 398451K->396639K(549248K), 0.0074992 secs] [Times: user=0.00 sys=0.00, real=0.00 secs] 
2015-01-18T14:08:15.416+0100: 7.444: [GC (Allocation Failure) 7.444: [ParNew: 2984K->293K(3072K), 0.0112940 secs] 399331K->397518K(549248K), 0.0113489 secs] [Times: user=0.01 sys=0.00, real=0.02 secs] 
2015-01-18T14:08:15.428+0100: 7.457: [GC (Allocation Failure) 7.457: [ParNew: 2984K->293K(3072K), 0.0151594 secs] 400210K->398398K(549248K), 0.0152081 secs] [Times: user=0.00 sys=0.01, real=0.01 secs] 
2015-01-18T14:08:15.447+0100: 7.476: [GC (Allocation Failure) 7.476: [ParNew: 2984K->293K(3072K), 0.0159848 secs] 401089K->399277K(549248K), 0.0160112 secs] [Times: user=0.02 sys=0.00, real=0.01 secs] 
2015-01-18T14:08:15.464+0100: 7.492: [GC (Allocation Failure) 7.492: [ParNew: 2984K->293K(3072K), 0.0113906 secs] 401968K->400156K(549248K), 0.0114268 secs] [Times: user=0.01 sys=0.00, real=0.01 secs] 
2015-01-18T14:08:15.480+0100: 7.508: [GC (Allocation Failure) 7.508: [ParNew: 2984K->293K(3072K), 0.0113447 secs] 402847K->401035K(549248K), 0.0113913 secs] [Times: user=0.00 sys=0.00, real=0.01 secs] 
2015-01-18T14:08:15.496+0100: 7.524: [GC (Allocation Failure) 7.524: [ParNew: 2984K->293K(3072K), 0.0154993 secs] 403726K->401914K(549248K), 0.0155536 secs] [Times: user=0.01 sys=0.00, real=0.02 secs] 
2015-01-18T14:08:15.516+0100: 7.544: [GC (Allocation Failure) 7.544: [ParNew: 2984K->293K(3072K), 0.0074940 secs] 404605K->402793K(549248K), 0.0075518 secs] [Times: user=0.01 sys=0.00, real=0.01 secs] 
2015-01-18T14:08:15.524+0100: 7.552: [GC (Allocation Failure) 7.552: [ParNew: 2984K->293K(3072K), 0.0110965 secs] 405484K->403672K(549248K), 0.0111528 secs] [Times: user=0.01 sys=0.00, real=0.01 secs] 
2015-01-18T14:08:15.539+0100: 7.568: [GC (Allocation Failure) 7.568: [ParNew: 2984K->293K(3072K), 0.0042422 secs] 406363K->404551K(549248K), 0.0042976 secs] [Times: user=0.00 sys=0.00, real=0.00 secs] 
2015-01-18T14:08:15.548+0100: 7.576: [GC (Allocation Failure) 7.576: [ParNew: 2984K->293K(3072K), 0.0233205 secs] 407242K->405430K(549248K), 0.0233796 secs] [Times: user=0.02 sys=0.00, real=0.02 secs] 
2015-01-18T14:08:15.576+0100: 7.604: [GC (Allocation Failure) 7.604: [ParNew: 2984K->293K(3072K), 0.0233105 secs] 408121K->406309K(549248K), 0.0233542 secs] [Times: user=0.02 sys=0.00, real=0.03 secs] 
2015-01-18T14:08:15.604+0100: 7.633: [GC (Allocation Failure) 7.633: [ParNew: 2984K->317K(3072K), 0.0271406 secs] 409000K->407212K(549248K), 0.0272207 secs] [Times: user=0.03 sys=0.00, real=0.03 secs] 
2015-01-18T14:08:15.632+0100: 7.661: [GC (Allocation Failure) 7.661: [ParNew: 3008K->293K(3072K), 0.0071521 secs] 409903K->408091K(549248K), 0.0071808 secs] [Times: user=0.00 sys=0.00, real=0.01 secs] 
2015-01-18T14:08:15.640+0100: 7.668: [GC (Allocation Failure) 7.668: [ParNew: 2984K->293K(3072K), 0.0113774 secs] 410783K->408971K(549248K), 0.0114206 secs] [Times: user=0.00 sys=0.00, real=0.01 secs] 
2015-01-18T14:08:15.652+0100: 7.681: [GC (Allocation Failure) 7.681: [ParNew: 2984K->293K(3072K), 0.0191030 secs] 411662K->409850K(549248K), 0.0191510 secs] [Times: user=0.01 sys=0.00, real=0.02 secs] 
2015-01-18T14:08:15.672+0100: 7.701: [GC (Allocation Failure) 7.701: [ParNew: 2984K->293K(3072K), 0.0230628 secs] 412541K->410729K(549248K), 0.0230951 secs] [Times: user=0.01 sys=0.00, real=0.02 secs] 
2015-01-18T14:08:15.696+0100: 7.724: [GC (Allocation Failure) 7.724: [ParNew: 2984K->293K(3072K), 0.0114823 secs] 413420K->411608K(549248K), 0.0115287 secs] [Times: user=0.01 sys=0.00, real=0.02 secs] 
2015-01-18T14:08:15.708+0100: 7.737: [GC (Allocation Failure) 7.737: [ParNew: 2984K->293K(3072K), 0.0228927 secs] 414299K->412487K(549248K), 0.0229456 secs] [Times: user=0.01 sys=0.00, real=0.02 secs] 
2015-01-18T14:08:15.732+0100: 7.761: [GC (Allocation Failure) 7.761: [ParNew: 2984K->293K(3072K), 0.0151373 secs] 415178K->413366K(549248K), 0.0151894 secs] [Times: user=0.01 sys=0.00, real=0.02 secs] 
2015-01-18T14:08:15.748+0100: 7.777: [GC (Allocation Failure) 7.777: [ParNew: 2984K->293K(3072K), 0.0191307 secs] 416057K->414245K(549248K), 0.0191737 secs] [Times: user=0.00 sys=0.01, real=0.02 secs] 
2015-01-18T14:08:15.768+0100: 7.797: [GC (Allocation Failure) 7.797: [ParNew: 2984K->293K(3072K), 0.0150963 secs] 416936K->415124K(549248K), 0.0151270 secs] [Times: user=0.01 sys=0.00, real=0.01 secs] 
2015-01-18T14:08:15.784+0100: 7.812: [GC (Allocation Failure) 7.812: [ParNew: 2984K->293K(3072K), 0.0152955 secs] 417815K->416003K(549248K), 0.0153472 secs] [Times: user=0.00 sys=0.00, real=0.02 secs] 
2015-01-18T14:08:15.800+0100: 7.829: [GC (Allocation Failure) 7.829: [ParNew: 2984K->293K(3072K), 0.0191215 secs] 418694K->416882K(549248K), 0.0191648 secs] [Times: user=0.02 sys=0.00, real=0.02 secs] 
2015-01-18T14:08:15.820+0100: 7.849: [GC (Allocation Failure) 7.849: [ParNew: 2984K->293K(3072K), 0.0111063 secs] 419573K->417761K(549248K), 0.0111347 secs] [Times: user=0.01 sys=0.00, real=0.01 secs] 
2015-01-18T14:08:15.832+0100: 7.860: [GC (Allocation Failure) 7.860: [ParNew: 2984K->293K(3072K), 0.0193106 secs] 420452K->418640K(549248K), 0.0193604 secs] [Times: user=0.01 sys=0.00, real=0.02 secs] 
2015-01-18T14:08:15.852+0100: 7.881: [GC (Allocation Failure) 7.881: [ParNew: 2984K->293K(3072K), 0.0150812 secs] 421331K->419519K(549248K), 0.0151279 secs] [Times: user=0.01 sys=0.00, real=0.02 secs] 
2015-01-18T14:08:15.868+0100: 7.897: [GC (Allocation Failure) 7.897: [ParNew: 2984K->293K(3072K), 0.0151169 secs] 422210K->420398K(549248K), 0.0151628 secs] [Times: user=0.01 sys=0.00, real=0.01 secs] 
2015-01-18T14:08:15.884+0100: 7.913: [GC (Allocation Failure) 7.913: [ParNew: 2984K->293K(3072K), 0.0150911 secs] 423089K->421277K(549248K), 0.0151354 secs] [Times: user=0.00 sys=0.00, real=0.02 secs] 
2015-01-18T14:08:15.900+0100: 7.929: [GC (Allocation Failure) 7.929: [ParNew: 2984K->293K(3072K), 0.0231128 secs] 423968K->422156K(549248K), 0.0231569 secs] [Times: user=0.01 sys=0.00, real=0.02 secs] 
2015-01-18T14:08:15.924+0100: 7.953: [GC (Allocation Failure) 7.953: [ParNew: 2984K->293K(3072K), 0.0111337 secs] 424847K->423035K(549248K), 0.0111745 secs] [Times: user=0.00 sys=0.00, real=0.01 secs] 
2015-01-18T14:08:15.937+0100: 7.965: [GC (Allocation Failure) 7.965: [ParNew: 2984K->293K(3072K), 0.0106088 secs] 425726K->423914K(549248K), 0.0106731 secs] [Times: user=0.00 sys=0.00, real=0.02 secs] 
2015-01-18T14:08:15.956+0100: 7.984: [GC (Allocation Failure) 7.984: [ParNew: 2984K->293K(3072K), 0.0114216 secs] 426605K->424793K(549248K), 0.0114809 secs] [Times: user=0.01 sys=0.00, real=0.02 secs] 
2015-01-18T14:08:15.975+0100: 8.004: [GC (Allocation Failure) 8.004: [ParNew: 2984K->293K(3072K), 0.0157586 secs] 427484K->425672K(549248K), 0.0157931 secs] [Times: user=0.01 sys=0.00, real=0.02 secs] 
2015-01-18T14:08:15.999+0100: 8.028: [GC (Allocation Failure) 8.028: [ParNew: 2984K->293K(3072K), 0.0120176 secs] 428363K->426551K(549248K), 0.0120750 secs] [Times: user=0.00 sys=0.00, real=0.01 secs] 
2015-01-18T14:08:16.016+0100: 8.044: [GC (Allocation Failure) 8.044: [ParNew: 2984K->293K(3072K), 0.0132818 secs] 429243K->427431K(549248K), 0.0133347 secs] [Times: user=0.01 sys=0.00, real=0.02 secs] 
2015-01-18T14:08:16.032+0100: 8.060: [GC (Allocation Failure) 8.060: [ParNew: 2984K->293K(3072K), 0.0112728 secs] 430122K->428310K(549248K), 0.0113123 secs] [Times: user=0.01 sys=0.00, real=0.01 secs] 
2015-01-18T14:08:16.048+0100: 8.076: [GC (Allocation Failure) 8.076: [ParNew: 2984K->293K(3072K), 0.0113476 secs] 431001K->429189K(549248K), 0.0113986 secs] [Times: user=0.01 sys=0.00, real=0.01 secs] 
2015-01-18T14:08:16.064+0100: 8.092: [GC (Allocation Failure) 8.092: [ParNew: 2984K->293K(3072K), 0.0193892 secs] 431880K->430068K(549248K), 0.0194419 secs] [Times: user=0.01 sys=0.00, real=0.02 secs] 
2015-01-18T14:08:16.088+0100: 8.117: [GC (Allocation Failure) 8.117: [ParNew: 2984K->293K(3072K), 0.0149376 secs] 432759K->430947K(549248K), 0.0149869 secs] [Times: user=0.00 sys=0.00, real=0.01 secs] 
2015-01-18T14:08:16.108+0100: 8.137: [GC (Allocation Failure) 8.137: [ParNew: 2984K->293K(3072K), 0.2302346 secs] 433638K->431826K(549248K), 0.2303215 secs] [Times: user=0.10 sys=0.22, real=0.22 secs] 
2015-01-18T14:08:16.343+0100: 8.372: [GC (Allocation Failure) 8.372: [ParNew: 2984K->293K(3072K), 0.0118717 secs] 434517K->432705K(549248K), 0.0119300 secs] [Times: user=0.01 sys=0.00, real=0.01 secs] 
2015-01-18T14:08:16.360+0100: 8.388: [GC (Allocation Failure) 8.388: [ParNew: 2984K->293K(3072K), 0.0192612 secs] 435396K->433584K(549248K), 0.0192884 secs] [Times: user=0.01 sys=0.00, real=0.02 secs] 
2015-01-18T14:08:16.380+0100: 8.408: [GC (Allocation Failure) 8.409: [ParNew: 2984K->293K(3072K), 0.0112343 secs] 436275K->434463K(549248K), 0.0112871 secs] [Times: user=0.01 sys=0.00, real=0.01 secs] 
2015-01-18T14:08:16.396+0100: 8.424: [GC (Allocation Failure) 8.424: [ParNew: 2984K->293K(3072K), 0.0038518 secs] 437154K->435342K(549248K), 0.0039035 secs] [Times: user=0.00 sys=0.00, real=0.01 secs] 
2015-01-18T14:08:16.404+0100: 8.432: [GC (Allocation Failure) 8.432: [ParNew: 2984K->293K(3072K), 0.0115034 secs] 438033K->436221K(549248K), 0.0115552 secs] [Times: user=0.01 sys=0.00, real=0.01 secs] 
2015-01-18T14:08:16.420+0100: 8.448: [GC (Allocation Failure) 8.448: [ParNew: 2984K->293K(3072K), 0.0035763 secs] 438912K->437100K(549248K), 0.0036283 secs] [Times: user=0.00 sys=0.00, real=0.00 secs] 
2015-01-18T14:08:16.428+0100: 8.456: [GC (Allocation Failure) 8.456: [ParNew: 2984K->293K(3072K), 0.0154239 secs] 439791K->437979K(549248K), 0.0155156 secs] [Times: user=0.01 sys=0.00, real=0.01 secs] 
2015-01-18T14:08:16.444+0100: 8.473: [GC (Allocation Failure) 8.473: [ParNew: 2984K->293K(3072K), 0.0149351 secs] 440670K->438858K(549248K), 0.0149928 secs] [Times: user=0.01 sys=0.01, real=0.02 secs] 
2015-01-18T14:08:16.463+0100: 8.492: [GC (Allocation Failure) 8.492: [ParNew: 2984K->293K(3072K), 0.0119758 secs] 441549K->439737K(549248K), 0.0120278 secs] [Times: user=0.01 sys=0.00, real=0.01 secs] 
2015-01-18T14:08:16.476+0100: 8.505: [GC (Allocation Failure) 8.505: [ParNew: 2984K->293K(3072K), 0.0072791 secs] 442428K->440616K(549248K), 0.0073275 secs] [Times: user=0.01 sys=0.00, real=0.01 secs] 
2015-01-18T14:08:16.484+0100: 8.513: [GC (Allocation Failure) 8.513: [ParNew: 2984K->293K(3072K), 0.0071269 secs] 443307K->441495K(549248K), 0.0071797 secs] [Times: user=0.01 sys=0.00, real=0.01 secs] 
2015-01-18T14:08:16.493+0100: 8.522: [GC (Allocation Failure) 8.522: [ParNew: 2984K->293K(3072K), 0.0190928 secs] 444186K->442374K(549248K), 0.0191513 secs] [Times: user=0.01 sys=0.00, real=0.02 secs] 
2015-01-18T14:08:16.516+0100: 8.545: [GC (Allocation Failure) 8.545: [ParNew: 2984K->293K(3072K), 0.0231775 secs] 445065K->443253K(549248K), 0.0232610 secs] [Times: user=0.02 sys=0.00, real=0.03 secs] 
2015-01-18T14:08:16.540+0100: 8.569: [GC (Allocation Failure) 8.569: [ParNew: 2984K->293K(3072K), 0.0052258 secs] 445944K->444132K(549248K), 0.0052794 secs] [Times: user=0.00 sys=0.00, real=0.00 secs] 
2015-01-18T14:08:16.546+0100: 8.575: [GC (Allocation Failure) 8.575: [ParNew: 2984K->293K(3072K), 0.0042134 secs] 446823K->445011K(549248K), 0.0042692 secs] [Times: user=0.00 sys=0.00, real=0.01 secs] 
2015-01-18T14:08:16.551+0100: 8.580: [GC (Allocation Failure) 8.580: [ParNew: 2984K->293K(3072K), 0.0105350 secs] 447703K->445890K(549248K), 0.0105888 secs] [Times: user=0.01 sys=0.00, real=0.01 secs] 
2015-01-18T14:08:16.563+0100: 8.591: [GC (Allocation Failure) 8.591: [ParNew: 2984K->293K(3072K), 0.0087459 secs] 448582K->446770K(549248K), 0.0088013 secs] [Times: user=0.00 sys=0.00, real=0.01 secs] 
2015-01-18T14:08:16.572+0100: 8.601: [GC (Allocation Failure) 8.601: [ParNew: 2984K->293K(3072K), 0.0189580 secs] 449461K->447649K(549248K), 0.0190142 secs] [Times: user=0.02 sys=0.00, real=0.02 secs] 
2015-01-18T14:08:16.592+0100: 8.621: [GC (Allocation Failure) 8.621: [ParNew: 2984K->293K(3072K), 0.0157713 secs] 450340K->448528K(549248K), 0.0158255 secs] [Times: user=0.02 sys=0.00, real=0.02 secs] 
2015-01-18T14:08:16.612+0100: 8.640: [GC (Allocation Failure) 8.640: [ParNew: 2984K->293K(3072K), 0.0153090 secs] 451219K->449407K(549248K), 0.0153552 secs] [Times: user=0.00 sys=0.00, real=0.02 secs] 
2015-01-18T14:08:16.632+0100: 8.660: [GC (Allocation Failure) 8.660: [ParNew: 2984K->293K(3072K), 0.0113579 secs] 452098K->450286K(549248K), 0.0114160 secs] [Times: user=0.01 sys=0.00, real=0.01 secs] 
2015-01-18T14:08:16.644+0100: 8.673: [GC (Allocation Failure) 8.673: [ParNew: 2984K->293K(3072K), 0.0111094 secs] 452977K->451165K(549248K), 0.0111660 secs] [Times: user=0.00 sys=0.00, real=0.01 secs] 
2015-01-18T14:08:16.659+0100: 8.688: [GC (Allocation Failure) 8.688: [ParNew: 2984K->293K(3072K), 0.0159921 secs] 453856K->452044K(549248K), 0.0160438 secs] [Times: user=0.00 sys=0.00, real=0.01 secs] 
2015-01-18T14:08:16.680+0100: 8.708: [GC (Allocation Failure) 8.708: [ParNew: 2984K->293K(3072K), 0.0112765 secs] 454735K->452923K(549248K), 0.0113344 secs] [Times: user=0.01 sys=0.00, real=0.01 secs] 
2015-01-18T14:08:16.692+0100: 8.721: [GC (Allocation Failure) 8.721: [ParNew: 2984K->293K(3072K), 0.0072432 secs] 455614K->453802K(549248K), 0.0072907 secs] [Times: user=0.00 sys=0.00, real=0.01 secs] 
2015-01-18T14:08:16.700+0100: 8.729: [GC (Allocation Failure) 8.729: [ParNew: 2984K->293K(3072K), 0.0110961 secs] 456493K->454681K(549248K), 0.0111627 secs] [Times: user=0.02 sys=0.00, real=0.01 secs] 
2015-01-18T14:08:16.715+0100: 8.744: [GC (Allocation Failure) 8.744: [ParNew: 2984K->293K(3072K), 0.0159108 secs] 457372K->455560K(549248K), 0.0159623 secs] [Times: user=0.00 sys=0.00, real=0.02 secs] 
2015-01-18T14:08:16.736+0100: 8.764: [GC (Allocation Failure) 8.764: [ParNew: 2984K->293K(3072K), 0.0096864 secs] 458251K->456439K(549248K), 0.0097387 secs] [Times: user=0.01 sys=0.00, real=0.01 secs] 
2015-01-18T14:08:16.748+0100: 8.776: [GC (Allocation Failure) 8.776: [ParNew: 2984K->293K(3072K), 0.0154764 secs] 459130K->457318K(549248K), 0.0155265 secs] [Times: user=0.00 sys=0.00, real=0.01 secs] 
2015-01-18T14:08:16.768+0100: 8.796: [GC (Allocation Failure) 8.796: [ParNew: 2984K->293K(3072K), 0.0114975 secs] 460009K->458197K(549248K), 0.0115495 secs] [Times: user=0.00 sys=0.00, real=0.01 secs] 
2015-01-18T14:08:16.783+0100: 8.812: [GC (Allocation Failure) 8.812: [ParNew: 2984K->293K(3072K), 0.0119927 secs] 460888K->459076K(549248K), 0.0120427 secs] [Times: user=0.02 sys=0.00, real=0.01 secs] 
2015-01-18T14:08:16.800+0100: 8.828: [GC (Allocation Failure) 8.828: [ParNew: 2984K->293K(3072K), 0.0152865 secs] 461767K->459955K(549248K), 0.0153399 secs] [Times: user=0.01 sys=0.00, real=0.01 secs] 
2015-01-18T14:08:16.820+0100: 8.848: [GC (Allocation Failure) 8.848: [ParNew: 2984K->293K(3072K), 0.0153103 secs] 462646K->460834K(549248K), 0.0153617 secs] [Times: user=0.00 sys=0.00, real=0.01 secs] 
2015-01-18T14:08:16.837+0100: 8.866: [GC (Allocation Failure) 8.866: [ParNew: 2984K->293K(3072K), 0.0098662 secs] 463525K->461713K(549248K), 0.0099155 secs] [Times: user=0.01 sys=0.00, real=0.02 secs] 
2015-01-18T14:08:16.852+0100: 8.880: [GC (Allocation Failure) 8.880: [ParNew: 2984K->293K(3072K), 0.0112743 secs] 464404K->462592K(549248K), 0.0113216 secs] [Times: user=0.00 sys=0.00, real=0.01 secs] 
2015-01-18T14:08:16.868+0100: 8.896: [GC (Allocation Failure) 8.896: [ParNew: 2984K->293K(3072K), 0.0060119 secs] 465283K->463471K(549248K), 0.0060728 secs] [Times: user=0.01 sys=0.00, real=0.00 secs] 
2015-01-18T14:08:16.876+0100: 8.904: [GC (Allocation Failure) 8.905: [ParNew: 2984K->293K(3072K), 0.0152282 secs] 466162K->464350K(549248K), 0.0152625 secs] [Times: user=0.01 sys=0.00, real=0.02 secs] 
2015-01-18T14:08:16.892+0100: 8.920: [GC (Allocation Failure) 8.920: [ParNew: 2984K->293K(3072K), 0.0156071 secs] 467042K->465230K(549248K), 0.0156622 secs] [Times: user=0.02 sys=0.00, real=0.02 secs] 
2015-01-18T14:08:16.908+0100: 8.937: [GC (Allocation Failure) 8.937: [ParNew: 2984K->293K(3072K), 0.0188383 secs] 467921K->466109K(549248K), 0.0188761 secs] [Times: user=0.00 sys=0.00, real=0.02 secs] 
2015-01-18T14:08:16.928+0100: 8.957: [GC (Allocation Failure) 8.957: [ParNew: 2984K->293K(3072K), 0.0191761 secs] 468800K->466988K(549248K), 0.0192121 secs] [Times: user=0.01 sys=0.00, real=0.02 secs] 
2015-01-18T14:08:16.952+0100: 8.980: [GC (Allocation Failure) 8.980: [ParNew: 2984K->293K(3072K), 0.0193032 secs] 469679K->467867K(549248K), 0.0193285 secs] [Times: user=0.01 sys=0.00, real=0.02 secs] 
2015-01-18T14:08:16.972+0100: 9.000: [GC (Allocation Failure) 9.001: [ParNew: 2984K->293K(3072K), 0.0073928 secs] 470558K->468746K(549248K), 0.0074169 secs] [Times: user=0.01 sys=0.00, real=0.01 secs] 
2015-01-18T14:08:16.980+0100: 9.009: [GC (Allocation Failure) 9.009: [ParNew: 2984K->293K(3072K), 0.0190668 secs] 471437K->469625K(549248K), 0.0191069 secs] [Times: user=0.00 sys=0.00, real=0.02 secs] 
2015-01-18T14:08:17.004+0100: 9.032: [GC (Allocation Failure) 9.032: [ParNew: 2984K->293K(3072K), 0.0153445 secs] 472316K->470504K(549248K), 0.0153958 secs] [Times: user=0.01 sys=0.00, real=0.02 secs] 
2015-01-18T14:08:17.024+0100: 9.052: [GC (Allocation Failure) 9.052: [ParNew: 2984K->293K(3072K), 0.0154592 secs] 473195K->471383K(549248K), 0.0155132 secs] [Times: user=0.01 sys=0.00, real=0.02 secs] 
2015-01-18T14:08:17.044+0100: 9.072: [GC (Allocation Failure) 9.072: [ParNew: 2984K->293K(3072K), 0.0154708 secs] 474074K->472262K(549248K), 0.0154976 secs] [Times: user=0.00 sys=0.00, real=0.02 secs] 
2015-01-18T14:08:17.064+0100: 9.092: [GC (Allocation Failure) 9.092: [ParNew: 2984K->293K(3072K), 0.0153082 secs] 474953K->473141K(549248K), 0.0153341 secs] [Times: user=0.01 sys=0.00, real=0.02 secs] 
2015-01-18T14:08:17.084+0100: 9.112: [GC (Allocation Failure) 9.112: [ParNew: 2984K->293K(3072K), 0.0153774 secs] 475832K->474020K(549248K), 0.0154266 secs] [Times: user=0.01 sys=0.00, real=0.02 secs] 
2015-01-18T14:08:17.100+0100: 9.129: [GC (Allocation Failure) 9.129: [ParNew: 2984K->293K(3072K), 0.0070922 secs] 476711K->474899K(549248K), 0.0071286 secs] [Times: user=0.01 sys=0.00, real=0.01 secs] 
2015-01-18T14:08:17.109+0100: 9.137: [GC (Allocation Failure) 9.137: [ParNew: 2984K->293K(3072K), 0.0186717 secs] 477590K->475778K(549248K), 0.0187030 secs] [Times: user=0.01 sys=0.00, real=0.02 secs] 
2015-01-18T14:08:17.128+0100: 9.157: [GC (Allocation Failure) 9.157: [ParNew: 2984K->293K(3072K), 0.0631456 secs] 478469K->476657K(549248K), 0.0632312 secs] [Times: user=0.01 sys=0.00, real=0.06 secs] 
2015-01-18T14:08:17.192+0100: 9.221: [GC (Allocation Failure) 9.221: [ParNew: 2984K->293K(3072K), 0.0165906 secs] 479348K->477536K(549248K), 0.0166408 secs] [Times: user=0.01 sys=0.00, real=0.02 secs] 
2015-01-18T14:08:17.213+0100: 9.242: [GC (Allocation Failure) 9.242: [ParNew: 2984K->293K(3072K), 0.0181152 secs] 480227K->478415K(549248K), 0.0181440 secs] [Times: user=0.01 sys=0.00, real=0.02 secs] 
2015-01-18T14:08:17.232+0100: 9.261: [GC (Allocation Failure) 9.261: [ParNew: 2984K->293K(3072K), 0.0272222 secs] 481106K->479294K(549248K), 0.0272761 secs] [Times: user=0.02 sys=0.00, real=0.03 secs] 
2015-01-18T14:08:17.267+0100: 9.296: [GC (Allocation Failure) 9.296: [ParNew: 2984K->293K(3072K), 0.0119814 secs] 481985K->480173K(549248K), 0.0120345 secs] [Times: user=0.01 sys=0.00, real=0.01 secs] 
2015-01-18T14:08:17.284+0100: 9.312: [GC (Allocation Failure) 9.312: [ParNew: 2984K->293K(3072K), 0.0125150 secs] 482864K->481052K(549248K), 0.0125694 secs] [Times: user=0.01 sys=0.00, real=0.01 secs] 
2015-01-18T14:08:17.297+0100: 9.326: [GC (Allocation Failure) 9.326: [ParNew: 2984K->293K(3072K), 0.0099193 secs] 483743K->481931K(549248K), 0.0099764 secs] [Times: user=0.01 sys=0.00, real=0.02 secs] 
2015-01-18T14:08:17.308+0100: 9.336: [GC (Allocation Failure) 9.336: [ParNew: 2984K->293K(3072K), 0.0082807 secs] 484622K->482810K(549248K), 0.0083257 secs] [Times: user=0.00 sys=0.00, real=0.00 secs] 
2015-01-18T14:08:17.317+0100: 9.346: [GC (Allocation Failure) 9.346: [ParNew: 2984K->293K(3072K), 0.0101358 secs] 485502K->483690K(549248K), 0.0101880 secs] [Times: user=0.01 sys=0.00, real=0.02 secs] 
2015-01-18T14:08:17.328+0100: 9.357: [GC (Allocation Failure) 9.357: [ParNew: 2984K->293K(3072K), 0.0229039 secs] 486381K->484569K(549248K), 0.0229756 secs] [Times: user=0.01 sys=0.00, real=0.02 secs] 
2015-01-18T14:08:17.352+0100: 9.381: [GC (Allocation Failure) 9.381: [ParNew: 2984K->293K(3072K), 0.0191252 secs] 487260K->485448K(549248K), 0.0191871 secs] [Times: user=0.02 sys=0.00, real=0.02 secs] 
2015-01-18T14:08:17.375+0100: 9.404: [GC (Allocation Failure) 9.404: [ParNew: 2984K->293K(3072K), 0.0199756 secs] 488139K->486327K(549248K), 0.0200283 secs] [Times: user=0.01 sys=0.00, real=0.02 secs] 
2015-01-18T14:08:17.403+0100: 9.432: [GC (Allocation Failure) 9.432: [ParNew: 2984K->293K(3072K), 0.0083461 secs] 489018K->487206K(549248K), 0.0083769 secs] [Times: user=0.00 sys=0.00, real=0.01 secs] 
2015-01-18T14:08:17.416+0100: 9.444: [GC (Allocation Failure) 9.444: [ParNew: 2984K->293K(3072K), 0.0072876 secs] 489897K->488085K(549248K), 0.0073144 secs] [Times: user=0.01 sys=0.00, real=0.01 secs] 
2015-01-18T14:08:17.428+0100: 9.456: [GC (Allocation Failure) 9.456: [ParNew: 2984K->293K(3072K), 0.0172391 secs] 490776K->488964K(549248K), 0.0172986 secs] [Times: user=0.00 sys=0.00, real=0.01 secs] 
2015-01-18T14:08:17.446+0100: 9.475: [GC (Allocation Failure) 9.475: [ParNew: 2984K->293K(3072K), 0.0027923 secs] 491655K->489843K(549248K), 0.0028221 secs] [Times: user=0.00 sys=0.00, real=0.01 secs] 
2015-01-18T14:08:17.450+0100: 9.478: [GC (Allocation Failure) 9.478: [ParNew: 2984K->293K(3072K), 0.0056914 secs] 492534K->490722K(549248K), 0.0057486 secs] [Times: user=0.01 sys=0.00, real=0.00 secs] 
2015-01-18T14:08:17.456+0100: 9.485: [GC (Allocation Failure) 9.485: [ParNew: 2984K->293K(3072K), 0.0148550 secs] 493413K->491601K(549248K), 0.0149107 secs] [Times: user=0.01 sys=0.00, real=0.02 secs] 
2015-01-18T14:08:17.472+0100: 9.500: [GC (Allocation Failure) 9.500: [ParNew: 2984K->293K(3072K), 0.0038458 secs] 494292K->492480K(549248K), 0.0038985 secs] [Times: user=0.00 sys=0.00, real=0.00 secs] 
2015-01-18T14:08:17.477+0100: 9.505: [GC (Allocation Failure) 9.505: [ParNew: 2984K->293K(3072K), 0.0104519 secs] 495171K->493359K(549248K), 0.0105079 secs] [Times: user=0.02 sys=0.00, real=0.02 secs] 
2015-01-18T14:08:17.488+0100: 9.517: [GC (Allocation Failure) 9.517: [ParNew: 2984K->293K(3072K), 0.0114148 secs] 496050K->494238K(549248K), 0.0114705 secs] [Times: user=0.01 sys=0.00, real=0.01 secs] 
2015-01-18T14:08:17.500+0100: 9.529: [GC (Allocation Failure) 9.529: [ParNew: 2984K->293K(3072K), 0.0147733 secs] 496929K->495117K(549248K), 0.0148311 secs] [Times: user=0.01 sys=0.00, real=0.01 secs] 
2015-01-18T14:08:17.516+0100: 9.545: [GC (Allocation Failure) 9.545: [ParNew: 2984K->293K(3072K), 0.0151583 secs] 497808K->495996K(549248K), 0.0152156 secs] [Times: user=0.02 sys=0.00, real=0.02 secs] 
2015-01-18T14:08:17.532+0100: 9.561: [GC (Allocation Failure) 9.561: [ParNew: 2984K->293K(3072K), 0.0191440 secs] 498687K->496875K(549248K), 0.0192042 secs] [Times: user=0.01 sys=0.00, real=0.02 secs] 
2015-01-18T14:08:17.556+0100: 9.584: [GC (Allocation Failure) 9.584: [ParNew: 2984K->293K(3072K), 0.0074359 secs] 499566K->497754K(549248K), 0.0074780 secs] [Times: user=0.00 sys=0.00, real=0.01 secs] 
2015-01-18T14:08:17.568+0100: 9.596: [GC (Allocation Failure) 9.596: [ParNew: 2984K->293K(3072K), 0.0075358 secs] 500445K->498633K(549248K), 0.0075864 secs] [Times: user=0.00 sys=0.00, real=0.00 secs] 
2015-01-18T14:08:17.580+0100: 9.608: [GC (Allocation Failure) 9.608: [ParNew: 2984K->293K(3072K), 0.0112665 secs] 501324K->499512K(549248K), 0.0113212 secs] [Times: user=0.00 sys=0.00, real=0.01 secs] 
2015-01-18T14:08:17.599+0100: 9.628: [GC (Allocation Failure) 9.628: [ParNew: 2984K->293K(3072K), 0.0159480 secs] 502203K->500391K(549248K), 0.0159775 secs] [Times: user=0.01 sys=0.00, real=0.01 secs] 
2015-01-18T14:08:17.620+0100: 9.648: [GC (Allocation Failure) 9.649: [ParNew: 2984K->299K(3072K), 0.0073009 secs] 503082K->501276K(549248K), 0.0073520 secs] [Times: user=0.01 sys=0.00, real=0.01 secs] 
2015-01-18T14:08:17.635+0100: 9.664: [GC (Allocation Failure) 9.664: [ParNew: 2990K->293K(3072K), 0.0159199 secs] 503968K->502150K(549248K), 0.0159525 secs] [Times: user=0.01 sys=0.00, real=0.02 secs] 
2015-01-18T14:08:17.659+0100: 9.688: [GC (Allocation Failure) 9.688: [ParNew: 2984K->293K(3072K), 0.0159721 secs] 504841K->503029K(549248K), 0.0160017 secs] [Times: user=0.01 sys=0.00, real=0.01 secs] 
2015-01-18T14:08:17.683+0100: 9.712: [GC (Allocation Failure) 9.712: [ParNew: 2984K->293K(3072K), 0.0120292 secs] 505720K->503908K(549248K), 0.0120898 secs] [Times: user=0.01 sys=0.00, real=0.01 secs] 
2015-01-18T14:08:17.699+0100: 9.728: [GC (Allocation Failure) 9.728: [ParNew: 2984K->293K(3072K), 0.0083501 secs] 506599K->504787K(549248K), 0.0084023 secs] [Times: user=0.01 sys=0.00, real=0.02 secs] 
2015-01-18T14:08:17.708+0100: 9.737: [GC (Allocation Failure) 9.737: [ParNew: 2984K->293K(3072K), 0.0114899 secs] 507478K->505666K(549248K), 0.0115333 secs] [Times: user=0.01 sys=0.00, real=0.01 secs] 
2015-01-18T14:08:17.723+0100: 9.752: [GC (Allocation Failure) 9.752: [ParNew: 2984K->293K(3072K), 0.0081479 secs] 508357K->506545K(549248K), 0.0082017 secs] [Times: user=0.00 sys=0.00, real=0.01 secs] 
2015-01-18T14:08:17.739+0100: 9.768: [GC (Allocation Failure) 9.768: [ParNew: 2984K->293K(3072K), 0.0199852 secs] 509236K->507424K(549248K), 0.0200389 secs] [Times: user=0.01 sys=0.00, real=0.02 secs] 
2015-01-18T14:08:17.767+0100: 9.796: [GC (Allocation Failure) 9.796: [ParNew: 2984K->293K(3072K), 0.0119837 secs] 510115K->508303K(549248K), 0.0120369 secs] [Times: user=0.00 sys=0.00, real=0.01 secs] 
2015-01-18T14:08:17.787+0100: 9.816: [GC (Allocation Failure) 9.816: [ParNew: 2984K->293K(3072K), 0.0079812 secs] 510994K->509182K(549248K), 0.0080330 secs] [Times: user=0.01 sys=0.00, real=0.00 secs] 
2015-01-18T14:08:17.803+0100: 9.832: [GC (Allocation Failure) 9.832: [ParNew: 2984K->293K(3072K), 0.0119973 secs] 511873K->510061K(549248K), 0.0120507 secs] [Times: user=0.01 sys=0.00, real=0.01 secs] 
2015-01-18T14:08:17.823+0100: 9.852: [GC (Allocation Failure) 9.852: [ParNew: 2984K->293K(3072K), 0.0239812 secs] 512752K->510940K(549248K), 0.0240379 secs] [Times: user=0.01 sys=0.00, real=0.03 secs] 
2015-01-18T14:08:17.855+0100: 9.884: [GC (CMS Initial Mark) [1 CMS-initial-mark: 510647K(546176K)] 513632K(549248K), 0.0279630 secs] [Times: user=0.00 sys=0.00, real=0.03 secs] 
2015-01-18T14:08:17.887+0100: 9.916: [CMS-concurrent-mark-start]
2015-01-18T14:08:17.892+0100: 9.921: [CMS-concurrent-mark: 0.005/0.005 secs] [Times: user=0.01 sys=0.00, real=0.00 secs] 
2015-01-18T14:08:17.892+0100: 9.921: [CMS-concurrent-preclean-start]
2015-01-18T14:08:17.893+0100: 9.921: [CMS-concurrent-preclean: 0.001/0.001 secs] [Times: user=0.00 sys=0.00, real=0.00 secs] 
2015-01-18T14:08:17.893+0100: 9.922: [CMS-concurrent-abortable-preclean-start]
2015-01-18T14:08:17.895+0100: 9.924: [GC (Allocation Failure) 9.924: [ParNew: 2984K->293K(3072K), 0.0159381 secs] 513632K->511819K(549248K), 0.0159750 secs] [Times: user=0.00 sys=0.00, real=0.02 secs] 
2015-01-18T14:08:17.919+0100: 9.948: [GC (Allocation Failure) 9.948: [ParNew: 2984K->293K(3072K), 0.0119716 secs] 514511K->512699K(549248K), 0.0120461 secs] [Times: user=0.00 sys=0.00, real=0.01 secs] 
2015-01-18T14:08:17.931+0100: 9.960: [CMS-concurrent-abortable-preclean: 0.002/0.038 secs] [Times: user=0.01 sys=0.00, real=0.04 secs] 
2015-01-18T14:08:17.935+0100: 9.964: [GC (Allocation Failure) 9.964: [ParNew: 2984K->293K(3072K), 0.0119639 secs] 515390K->513578K(549248K), 0.0120148 secs] [Times: user=0.01 sys=0.00, real=0.02 secs] 
2015-01-18T14:08:17.955+0100: 9.984: [GC (CMS Final Remark) [YG occupancy: 2984 K (3072 K)]9.984: [Rescan (parallel) , 0.0159482 secs]10.000: [weak refs processing, 0.0000111 secs]10.000: [class unloading, 0.0003508 secs]10.000: [scrub symbol table, 0.0005414 secs]10.001: [scrub string table, 0.0002164 secs][1 CMS-remark: 513285K(546176K)] 516269K(549248K), 0.0171539 secs] [Times: user=0.01 sys=0.00, real=0.02 secs] 
2015-01-18T14:08:17.983+0100: 10.012: [CMS-concurrent-sweep-start]
2015-01-18T14:08:17.984+0100: 10.013: [CMS-concurrent-sweep: 0.001/0.001 secs] [Times: user=0.00 sys=0.00, real=0.00 secs] 
2015-01-18T14:08:17.987+0100: 10.016: [GC (Allocation Failure) 10.016: [ParNew: 2984K->293K(3072K), 0.0159456 secs] 516252K->514440K(549248K), 0.0159893 secs] [Times: user=0.00 sys=0.00, real=0.01 secs] 
2015-01-18T14:08:18.008+0100: 10.036: [GC (Allocation Failure) 10.036: [ParNew: 2984K->293K(3072K), 0.0114626 secs] 517131K->515319K(549248K), 0.0115263 secs] [Times: user=0.01 sys=0.00, real=0.01 secs] 
2015-01-18T14:08:18.027+0100: 10.056: [GC (Allocation Failure) 10.056: [ParNew: 2984K->293K(3072K), 0.0199378 secs] 518010K->516198K(549248K), 0.0199708 secs] [Times: user=0.01 sys=0.00, real=0.02 secs] 
2015-01-18T14:08:18.052+0100: 10.080: [GC (Allocation Failure) 10.080: [ParNew: 2984K->293K(3072K), 0.0193294 secs] 518890K->517077K(549248K), 0.0193787 secs] [Times: user=0.01 sys=0.00, real=0.02 secs] 
2015-01-18T14:08:18.076+0100: 10.105: [GC (Allocation Failure) 10.105: [ParNew: 2984K->293K(3072K), 0.0112378 secs] 519769K->517957K(549248K), 0.0112958 secs] [Times: user=0.00 sys=0.00, real=0.02 secs] 
2015-01-18T14:08:18.092+0100: 10.120: [GC (Allocation Failure) 10.121: [ParNew: 2984K->293K(3072K), 0.0112700 secs] 520648K->518836K(549248K), 0.0113309 secs] [Times: user=0.01 sys=0.00, real=0.01 secs] 
2015-01-18T14:08:18.108+0100: 10.136: [CMS-concurrent-reset-start]
2015-01-18T14:08:18.110+0100: 10.138: [CMS-concurrent-reset: 0.002/0.002 secs] [Times: user=0.00 sys=0.00, real=0.00 secs] 
2015-01-18T14:08:18.115+0100: 10.144: [GC (Allocation Failure) 10.144: [ParNew: 2984K->293K(3072K), 0.0199030 secs] 521527K->519715K(549248K), 0.0199580 secs] [Times: user=0.01 sys=0.00, real=0.02 secs] 
2015-01-18T14:08:18.137+0100: 10.165: [GC (Allocation Failure) 10.165: [ParNew: 2984K->293K(3072K), 0.0345870 secs] 522406K->520594K(549248K), 0.0346585 secs] [Times: user=0.01 sys=0.00, real=0.04 secs] 
2015-01-18T14:08:18.179+0100: 10.208: [GC (Allocation Failure) 10.208: [ParNew: 2984K->293K(3072K), 0.0199513 secs] 523285K->521473K(549248K), 0.0199835 secs] [Times: user=0.01 sys=0.00, real=0.02 secs] 
2015-01-18T14:08:18.207+0100: 10.236: [GC (Allocation Failure) 10.236: [ParNew: 2984K->293K(3072K), 0.0160666 secs] 524164K->522352K(549248K), 0.0161254 secs] [Times: user=0.00 sys=0.00, real=0.01 secs] 
2015-01-18T14:08:18.231+0100: 10.260: [GC (Allocation Failure) 10.260: [ParNew: 2984K->293K(3072K), 0.0282711 secs] 525043K->523231K(549248K), 0.0283306 secs] [Times: user=0.02 sys=0.00, real=0.03 secs] 
2015-01-18T14:08:18.264+0100: 10.292: [GC (Allocation Failure) 10.292: [ParNew: 2984K->293K(3072K), 0.0075820 secs] 525922K->524110K(549248K), 0.0076427 secs] [Times: user=0.01 sys=0.00, real=0.01 secs] 
2015-01-18T14:08:18.275+0100: 10.304: [GC (CMS Initial Mark) [1 CMS-initial-mark: 523817K(546176K)] 524208K(549248K), 0.0001954 secs] [Times: user=0.00 sys=0.00, real=0.00 secs] 
2015-01-18T14:08:18.279+0100: 10.308: [CMS-concurrent-mark-start]
2015-01-18T14:08:18.284+0100: 10.312: [GC (Allocation Failure) 10.313: [ParNew: 2984K->293K(3072K), 0.0151949 secs] 526801K->524989K(549248K), 0.0152783 secs] [Times: user=0.02 sys=0.00, real=0.02 secs] 
2015-01-18T14:08:18.304+0100: 10.332: [GC (Allocation Failure) 10.332: [ParNew: 2984K->293K(3072K), 0.0163869 secs] 527680K->525868K(549248K), 0.0164469 secs] [Times: user=0.00 sys=0.00, real=0.02 secs] 
2015-01-18T14:08:18.324+0100: 10.352: [CMS-concurrent-mark: 0.005/0.045 secs] [Times: user=0.02 sys=0.00, real=0.04 secs] 
2015-01-18T14:08:18.324+0100: 10.352: [CMS-concurrent-preclean-start]
2015-01-18T14:08:18.325+0100: 10.353: [CMS-concurrent-preclean: 0.001/0.001 secs] [Times: user=0.01 sys=0.00, real=0.00 secs] 
2015-01-18T14:08:18.327+0100: 10.355: [GC (CMS Final Remark) [YG occupancy: 2984 K (3072 K)]10.355: [Rescan (parallel) , 0.0013189 secs]10.357: [weak refs processing, 0.0000113 secs]10.357: [class unloading, 0.0003334 secs]10.357: [scrub symbol table, 0.0005491 secs]10.357: [scrub string table, 0.0002159 secs][1 CMS-remark: 525575K(546176K)] 528559K(549248K), 0.0025146 secs] [Times: user=0.00 sys=0.00, real=0.01 secs] 
2015-01-18T14:08:18.329+0100: 10.358: [CMS-concurrent-sweep-start]
2015-01-18T14:08:18.329+0100: 10.358: [GC (Allocation Failure) 10.358: [ParNew: 2984K->293K(3072K), 0.0219205 secs] 528559K->526747K(549248K), 0.0219916 secs] [Times: user=0.01 sys=0.01, real=0.02 secs] 
2015-01-18T14:08:18.357+0100: 10.385: [CMS-concurrent-sweep: 0.028/0.028 secs] [Times: user=0.01 sys=0.01, real=0.02 secs] 
2015-01-18T14:08:18.359+0100: 10.388: [GC (Allocation Failure) 10.388: [ParNew: 2984K->293K(3072K), 0.0159548 secs] 529438K->527626K(549248K), 0.0160143 secs] [Times: user=0.00 sys=0.00, real=0.01 secs] 
2015-01-18T14:08:18.383+0100: 10.412: [GC (Allocation Failure) 10.412: [ParNew: 2984K->293K(3072K), 0.0119783 secs] 530317K->528505K(549248K), 0.0120416 secs] [Times: user=0.01 sys=0.00, real=0.01 secs] 
2015-01-18T14:08:18.398+0100: 10.426: [GC (Allocation Failure) 10.427: [ParNew: 2984K->293K(3072K), 0.0133775 secs] 531196K->529384K(549248K), 0.0134379 secs] [Times: user=0.01 sys=0.00, real=0.02 secs] 
2015-01-18T14:08:18.412+0100: 10.441: [GC (Allocation Failure) 10.441: [ParNew: 2984K->293K(3072K), 0.0150252 secs] 532075K->530263K(549248K), 0.0150849 secs] [Times: user=0.01 sys=0.00, real=0.02 secs] 
2015-01-18T14:08:18.432+0100: 10.460: [GC (Allocation Failure) 10.460: [ParNew: 2984K->293K(3072K), 0.0233087 secs] 532954K->531142K(549248K), 0.0233652 secs] [Times: user=0.02 sys=0.00, real=0.02 secs] 
2015-01-18T14:08:18.456+0100: 10.485: [GC (Allocation Failure) 10.485: [ParNew: 2984K->293K(3072K), 0.0151632 secs] 533833K->532021K(549248K), 0.0152233 secs] [Times: user=0.02 sys=0.00, real=0.02 secs] 
2015-01-18T14:08:18.472+0100: 10.501: [GC (Allocation Failure) 10.501: [ParNew: 2984K->293K(3072K), 0.0151326 secs] 534712K->532900K(549248K), 0.0151942 secs] [Times: user=0.01 sys=0.00, real=0.02 secs] 
2015-01-18T14:08:18.491+0100: 10.520: [GC (Allocation Failure) 10.520: [ParNew: 2984K->293K(3072K), 0.0119695 secs] 535591K->533779K(549248K), 0.0120285 secs] [Times: user=0.01 sys=0.00, real=0.01 secs] 
2015-01-18T14:08:18.507+0100: 10.536: [GC (Allocation Failure) 10.536: [ParNew: 2984K->293K(3072K), 0.0172783 secs] 536470K->534658K(549248K), 0.0173395 secs] [Times: user=0.02 sys=0.00, real=0.01 secs] 
2015-01-18T14:08:18.528+0100: 10.556: [GC (Allocation Failure) 10.556: [ParNew: 2984K->293K(3072K), 0.0153259 secs] 537349K->535537K(549248K), 0.0153890 secs] [Times: user=0.01 sys=0.00, real=0.01 secs] 
2015-01-18T14:08:18.548+0100: 10.576: [GC (Allocation Failure) 10.576: [ParNew: 2984K->293K(3072K), 0.0193060 secs] 538229K->536417K(549248K), 0.0193441 secs] [Times: user=0.00 sys=0.00, real=0.02 secs] 
2015-01-18T14:08:18.575+0100: 10.604: [GC (Allocation Failure) 10.604: [ParNew: 2984K->293K(3072K), 0.0159692 secs] 539108K->537296K(549248K), 0.0159975 secs] [Times: user=0.01 sys=0.00, real=0.02 secs] 
2015-01-18T14:08:18.599+0100: 10.628: [GC (Allocation Failure) 10.628: [ParNew: 2984K->293K(3072K), 0.0132637 secs] 539987K->538175K(549248K), 0.0132914 secs] [Times: user=0.02 sys=0.00, real=0.01 secs] 
2015-01-18T14:08:18.619+0100: 10.648: [GC (Allocation Failure) 10.648: [ParNew: 2984K->293K(3072K), 0.0044277 secs] 540866K->539054K(549248K), 0.0044858 secs] [Times: user=0.00 sys=0.00, real=0.00 secs] 
2015-01-18T14:08:18.627+0100: 10.656: [GC (Allocation Failure) 10.656: [ParNew: 2984K->293K(3072K), 0.0159668 secs] 541745K->539933K(549248K), 0.0160299 secs] [Times: user=0.01 sys=0.00, real=0.01 secs] 
2015-01-18T14:08:18.647+0100: 10.676: [CMS-concurrent-reset-start]
2015-01-18T14:08:18.649+0100: 10.678: [CMS-concurrent-reset: 0.002/0.002 secs] [Times: user=0.00 sys=0.00, real=0.00 secs] 
2015-01-18T14:08:18.651+0100: 10.679: [GC (Allocation Failure) 10.679: [ParNew: 2984K->293K(3072K), 0.0123990 secs] 542624K->540812K(549248K), 0.0124729 secs] [Times: user=0.01 sys=0.00, real=0.01 secs] 
2015-01-18T14:08:18.668+0100: 10.696: [GC (Allocation Failure) 10.697: [ParNew: 2984K->293K(3072K), 0.0113994 secs] 543503K->541691K(549248K), 0.0114618 secs] [Times: user=0.01 sys=0.00, real=0.01 secs] 
2015-01-18T14:08:18.683+0100: 10.712: [GC (CMS Initial Mark) [1 CMS-initial-mark: 541398K(546176K)] 541788K(549248K), 0.0040340 secs] [Times: user=0.00 sys=0.00, real=0.01 secs] 
2015-01-18T14:08:18.691+0100: 10.720: [CMS-concurrent-mark-start]
2015-01-18T14:08:18.696+0100: 10.724: [GC (Allocation Failure) 10.725: [ParNew: 2984K->293K(3072K), 0.0121630 secs] 544382K->542570K(549248K), 0.0122354 secs] [Times: user=0.00 sys=0.00, real=0.02 secs] 
2015-01-18T14:08:18.712+0100: 10.740: [GC (Allocation Failure) 10.740: [ParNew: 2984K->293K(3072K), 0.0152712 secs] 545261K->543449K(549248K), 0.0153211 secs] [Times: user=0.01 sys=0.00, real=0.02 secs] 
2015-01-18T14:08:18.732+0100: 10.760: [CMS-concurrent-mark: 0.005/0.041 secs] [Times: user=0.02 sys=0.00, real=0.04 secs] 
2015-01-18T14:08:18.732+0100: 10.760: [CMS-concurrent-preclean-start]
2015-01-18T14:08:18.733+0100: 10.761: [CMS-concurrent-preclean: 0.001/0.001 secs] [Times: user=0.00 sys=0.00, real=0.00 secs] 
2015-01-18T14:08:18.734+0100: 10.762: [GC (Allocation Failure) 10.762: [ParNew: 2984K->293K(3072K), 0.0095915 secs] 546140K->544328K(549248K), 0.0096557 secs] [Times: user=0.01 sys=0.00, real=0.01 secs] 
2015-01-18T14:08:18.745+0100: 10.773: [GC (CMS Final Remark) [YG occupancy: 2984 K (3072 K)]10.773: [Rescan (parallel) , 0.0184905 secs]10.792: [weak refs processing, 0.0000106 secs]10.792: [class unloading, 0.0003336 secs]10.792: [scrub symbol table, 0.0005366 secs]10.793: [scrub string table, 0.0002154 secs][1 CMS-remark: 544035K(546176K)] 547019K(549248K), 0.0196629 secs] [Times: user=0.01 sys=0.00, real=0.02 secs] 
2015-01-18T14:08:18.767+0100: 10.796: [CMS-concurrent-sweep-start]
2015-01-18T14:08:18.768+0100: 10.797: [CMS-concurrent-sweep: 0.001/0.001 secs] [Times: user=0.00 sys=0.00, real=0.00 secs] 
2015-01-18T14:08:18.769+0100: 10.797: [CMS-concurrent-reset-start]
2015-01-18T14:08:18.771+0100: 10.799: [CMS-concurrent-reset: 0.002/0.002 secs] [Times: user=0.01 sys=0.00, real=0.00 secs] 
2015-01-18T14:08:18.771+0100: 10.799: [GC (Allocation Failure) 10.799: [ParNew: 2984K->293K(3072K), 0.0124511 secs] 547019K->545207K(549248K), 0.0125108 secs] [Times: user=0.00 sys=0.00, real=0.01 secs] 
2015-01-18T14:08:18.784+0100: 10.813: [GC (Allocation Failure) 10.813: [ParNew: 2984K->293K(3072K), 0.0111313 secs] 547898K->546086K(549248K), 0.0111852 secs] [Times: user=0.01 sys=0.00, real=0.01 secs] 
2015-01-18T14:08:18.800+0100: 10.828: [GC (Allocation Failure) 10.829: [ParNew: 2984K->2984K(3072K), 0.0000147 secs]10.829: [CMS: 545793K->546078K(546176K), 0.3006485 secs] 548777K->546957K(549248K), [Metaspace: 2428K->2428K(1056768K)], 0.3010827 secs] [Times: user=0.29 sys=0.00, real=0.30 secs] 
2015-01-18T14:08:19.115+0100: 11.144: [GC (CMS Initial Mark) [1 CMS-initial-mark: 546078K(546176K)] 562178K(791936K), 0.0040941 secs] [Times: user=0.00 sys=0.00, real=0.01 secs] 
2015-01-18T14:08:19.120+0100: 11.148: [CMS-concurrent-mark-start]
2015-01-18T14:08:19.124+0100: 11.153: [CMS-concurrent-mark: 0.005/0.005 secs] [Times: user=0.00 sys=0.00, real=0.00 secs] 
2015-01-18T14:08:19.124+0100: 11.153: [CMS-concurrent-preclean-start]
2015-01-18T14:08:19.127+0100: 11.155: [CMS-concurrent-preclean: 0.003/0.003 secs] [Times: user=0.00 sys=0.00, real=0.00 secs] 
2015-01-18T14:08:19.127+0100: 11.156: [CMS-concurrent-abortable-preclean-start]
2015-01-18T14:08:19.127+0100: 11.156: [CMS-concurrent-abortable-preclean: 0.000/0.000 secs] [Times: user=0.00 sys=0.00, real=0.00 secs] 
2015-01-18T14:08:19.250+0100: 11.279: [GC (CMS Final Remark) [YG occupancy: 18444 K (245760 K)]11.279: [Rescan (parallel) , 0.0013820 secs]11.280: [weak refs processing, 0.0000126 secs]11.280: [class unloading, 0.0003131 secs]11.280: [scrub symbol table, 0.0005373 secs]11.281: [scrub string table, 0.0002153 secs][1 CMS-remark: 546078K(546176K)] 564523K(791936K), 0.0025663 secs] [Times: user=0.00 sys=0.00, real=0.00 secs] 
2015-01-18T14:08:19.255+0100: 11.284: [CMS-concurrent-sweep-start]
2015-01-18T14:08:19.257+0100: 11.286: [CMS-concurrent-sweep: 0.002/0.002 secs] [Times: user=0.00 sys=0.00, real=0.00 secs] 
2015-01-18T14:08:19.257+0100: 11.286: [CMS-concurrent-reset-start]
2015-01-18T14:08:19.270+0100: 11.298: [CMS-concurrent-reset: 0.012/0.012 secs] [Times: user=0.00 sys=0.00, real=0.02 secs] 
2015-01-18T14:08:19.400+0100: 11.428: [GC (Allocation Failure) 11.428: [ParNew: 245666K->245666K(245760K), 0.0000275 secs]11.429: [CMS: 546078K->546151K(546176K), 0.1144824 secs] 791744K->628427K(791936K), [Metaspace: 2428K->2428K(1056768K)], 0.1146487 secs] [Times: user=0.00 sys=0.00, real=0.11 secs] 
2015-01-18T14:08:19.536+0100: 11.564: [GC (CMS Initial Mark) [1 CMS-initial-mark: 546151K(546176K)] 685864K(791936K), 0.0013046 secs] [Times: user=0.00 sys=0.00, real=0.00 secs] 
2015-01-18T14:08:19.540+0100: 11.568: [CMS-concurrent-mark-start]
2015-01-18T14:08:19.562+0100: 11.590: [CMS-concurrent-mark: 0.022/0.022 secs] [Times: user=0.04 sys=0.00, real=0.02 secs] 
2015-01-18T14:08:19.562+0100: 11.590: [CMS-concurrent-preclean-start]
2015-01-18T14:08:19.567+0100: 11.595: [CMS-concurrent-preclean: 0.005/0.005 secs] [Times: user=0.00 sys=0.00, real=0.00 secs] 
2015-01-18T14:08:19.567+0100: 11.595: [CMS-concurrent-abortable-preclean-start]
2015-01-18T14:08:19.567+0100: 11.595: [CMS-concurrent-abortable-preclean: 0.000/0.000 secs] [Times: user=0.00 sys=0.00, real=0.00 secs] 
2015-01-18T14:08:19.573+0100: 11.601: [GC (CMS Final Remark) [YG occupancy: 218496 K (245760 K)]11.601: [Rescan (parallel) , 0.0020253 secs]11.603: [weak refs processing, 0.0000126 secs]11.603: [class unloading, 0.0003605 secs]11.604: [scrub symbol table, 0.0005620 secs]11.604: [scrub string table, 0.0002157 secs][1 CMS-remark: 546151K(546176K)] 764647K(791936K), 0.0032681 secs] [Times: user=0.00 sys=0.00, real=0.00 secs] 
2015-01-18T14:08:19.587+0100: 11.616: [CMS-concurrent-sweep-start]
2015-01-18T14:08:19.589+0100: 11.617: [CMS-concurrent-sweep: 0.002/0.002 secs] [Times: user=0.00 sys=0.00, real=0.00 secs] 
2015-01-18T14:08:19.589+0100: 11.617: [CMS-concurrent-reset-start]
2015-01-18T14:08:19.591+0100: 11.620: [CMS-concurrent-reset: 0.002/0.002 secs] [Times: user=0.00 sys=0.00, real=0.00 secs] 
2015-01-18T14:08:19.592+0100: 11.620: [GC (Allocation Failure) 11.620: [ParNew: 245746K->245746K(245760K), 0.0000265 secs]11.620: [CMS: 546151K->546151K(546176K), 0.0352218 secs] 791898K->682733K(791936K), [Metaspace: 2428K->2428K(1056768K)], 0.0353664 secs] [Times: user=0.04 sys=0.00, real=0.03 secs] 
2015-01-18T14:08:19.639+0100: 11.668: [GC (CMS Initial Mark) [1 CMS-initial-mark: 546151K(546176K)] 727002K(791936K), 0.0013949 secs] [Times: user=0.00 sys=0.00, real=0.00 secs] 
2015-01-18T14:08:19.641+0100: 11.669: [CMS-concurrent-mark-start]
2015-01-18T14:08:19.646+0100: 11.675: [CMS-concurrent-mark: 0.005/0.005 secs] [Times: user=0.00 sys=0.00, real=0.00 secs] 
2015-01-18T14:08:19.646+0100: 11.675: [CMS-concurrent-preclean-start]
2015-01-18T14:08:19.649+0100: 11.677: [CMS-concurrent-preclean: 0.003/0.003 secs] [Times: user=0.00 sys=0.00, real=0.01 secs] 
2015-01-18T14:08:19.649+0100: 11.678: [CMS-concurrent-abortable-preclean-start]
2015-01-18T14:08:19.649+0100: 11.678: [CMS-concurrent-abortable-preclean: 0.000/0.000 secs] [Times: user=0.00 sys=0.00, real=0.00 secs] 
2015-01-18T14:08:19.653+0100: 11.682: [GC (CMS Final Remark) [YG occupancy: 188881 K (245760 K)]11.682: [Rescan (parallel) , 0.0021150 secs]11.684: [weak refs processing, 0.0000125 secs]11.684: [class unloading, 0.0003848 secs]11.684: [scrub symbol table, 0.0005446 secs]11.685: [scrub string table, 0.0002153 secs][1 CMS-remark: 546151K(546176K)] 735033K(791936K), 0.0033949 secs] [Times: user=0.00 sys=0.00, real=0.00 secs] 
2015-01-18T14:08:19.659+0100: 11.688: [CMS-concurrent-sweep-start]
2015-01-18T14:08:19.662+0100: 11.691: [CMS-concurrent-sweep: 0.003/0.003 secs] [Times: user=0.00 sys=0.00, real=0.00 secs] 
2015-01-18T14:08:19.662+0100: 11.691: [CMS-concurrent-reset-start]
2015-01-18T14:08:19.673+0100: 11.701: [CMS-concurrent-reset: 0.010/0.010 secs] [Times: user=0.04 sys=0.00, real=0.01 secs] 
2015-01-18T14:08:19.682+0100: 11.711: [GC (Allocation Failure) 11.711: [ParNew: 245746K->245746K(245760K), 0.0000273 secs]11.711: [CMS: 546151K->546151K(546176K), 0.0265190 secs] 791898K->718969K(791936K), [Metaspace: 2428K->2428K(1056768K)], 0.0266829 secs] [Times: user=0.04 sys=0.00, real=0.03 secs] 
2015-01-18T14:08:19.723+0100: 11.751: [GC (CMS Initial Mark) [1 CMS-initial-mark: 546151K(546176K)] 764647K(791936K), 0.0015678 secs] [Times: user=0.00 sys=0.00, real=0.00 secs] 
2015-01-18T14:08:19.724+0100: 11.753: [CMS-concurrent-mark-start]
2015-01-18T14:08:19.730+0100: 11.758: [CMS-concurrent-mark: 0.005/0.005 secs] [Times: user=0.00 sys=0.00, real=0.01 secs] 
2015-01-18T14:08:19.730+0100: 11.758: [CMS-concurrent-preclean-start]
2015-01-18T14:08:19.732+0100: 11.761: [CMS-concurrent-preclean: 0.003/0.003 secs] [Times: user=0.00 sys=0.00, real=0.00 secs] 
2015-01-18T14:08:19.732+0100: 11.761: [CMS-concurrent-abortable-preclean-start]
2015-01-18T14:08:19.732+0100: 11.761: [CMS-concurrent-abortable-preclean: 0.000/0.000 secs] [Times: user=0.00 sys=0.00, real=0.00 secs] 
2015-01-18T14:08:19.743+0100: 11.772: [GC (CMS Final Remark) [YG occupancy: 245746 K (245760 K)]11.772: [Rescan (parallel) , 0.0025376 secs]11.774: [weak refs processing, 0.0000138 secs]11.774: [class unloading, 0.0003437 secs]11.775: [scrub symbol table, 0.0005429 secs]11.775: [scrub string table, 0.0002154 secs][1 CMS-remark: 546151K(546176K)] 791898K(791936K), 0.0037882 secs] [Times: user=0.04 sys=0.00, real=0.00 secs] 
2015-01-18T14:08:19.747+0100: 11.776: [CMS-concurrent-sweep-start]
2015-01-18T14:08:19.748+0100: 11.777: [CMS-concurrent-sweep: 0.001/0.001 secs] [Times: user=0.00 sys=0.00, real=0.01 secs] 
2015-01-18T14:08:19.748+0100: 11.777: [CMS-concurrent-reset-start]
2015-01-18T14:08:19.750+0100: 11.779: [CMS-concurrent-reset: 0.002/0.002 secs] [Times: user=0.00 sys=0.00, real=0.00 secs] 
2015-01-18T14:08:19.751+0100: 11.779: [GC (Allocation Failure) 11.779: [ParNew: 245746K->245746K(245760K), 0.0000273 secs]11.779: [CMS: 546151K->546151K(546176K), 0.0206464 secs] 791898K->743192K(791936K), [Metaspace: 2428K->2428K(1056768K)], 0.0207797 secs] [Times: user=0.00 sys=0.00, real=0.02 secs] 
2015-01-18T14:08:19.778+0100: 11.807: [GC (CMS Initial Mark) [1 CMS-initial-mark: 546151K(546176K)] 764647K(791936K), 0.0015396 secs] [Times: user=0.00 sys=0.00, real=0.01 secs] 
2015-01-18T14:08:19.780+0100: 11.808: [CMS-concurrent-mark-start]
2015-01-18T14:08:19.785+0100: 11.813: [CMS-concurrent-mark: 0.005/0.005 secs] [Times: user=0.00 sys=0.00, real=0.00 secs] 
2015-01-18T14:08:19.785+0100: 11.813: [CMS-concurrent-preclean-start]
2015-01-18T14:08:19.788+0100: 11.816: [CMS-concurrent-preclean: 0.003/0.003 secs] [Times: user=0.04 sys=0.00, real=0.01 secs] 
2015-01-18T14:08:19.788+0100: 11.816: [CMS-concurrent-abortable-preclean-start]
2015-01-18T14:08:19.788+0100: 11.816: [CMS-concurrent-abortable-preclean: 0.000/0.000 secs] [Times: user=0.00 sys=0.00, real=0.00 secs] 
2015-01-18T14:08:19.791+0100: 11.820: [GC (CMS Final Remark) [YG occupancy: 229532 K (245760 K)]11.820: [Rescan (parallel) , 0.0022153 secs]11.822: [weak refs processing, 0.0000132 secs]11.822: [class unloading, 0.0003792 secs]11.823: [scrub symbol table, 0.0005471 secs]11.823: [scrub string table, 0.0002158 secs][1 CMS-remark: 546151K(546176K)] 775684K(791936K), 0.0034985 secs] [Times: user=0.00 sys=0.00, real=0.00 secs] 
2015-01-18T14:08:19.795+0100: 11.824: [CMS-concurrent-sweep-start]
2015-01-18T14:08:19.796+0100: 11.825: [CMS-concurrent-sweep: 0.001/0.001 secs] [Times: user=0.00 sys=0.00, real=0.00 secs] 
2015-01-18T14:08:19.796+0100: 11.825: [CMS-concurrent-reset-start]
2015-01-18T14:08:19.798+0100: 11.827: [CMS-concurrent-reset: 0.002/0.002 secs] [Times: user=0.00 sys=0.00, real=0.00 secs] 
2015-01-18T14:08:19.805+0100: 11.834: [GC (Allocation Failure) 11.834: [ParNew: 245746K->245746K(245760K), 0.0000275 secs]11.834: [CMS: 546151K->546151K(546176K), 0.0163157 secs] 791898K->759405K(791936K), [Metaspace: 2428K->2428K(1056768K)], 0.0164836 secs] [Times: user=0.00 sys=0.00, real=0.02 secs] 
2015-01-18T14:08:19.824+0100: 11.852: [GC (Allocation Failure) 11.852: [ParNew (promotion failed): 218496K->245685K(245760K), 0.0674675 secs]11.920: [CMS: 546159K->546151K(546176K), 0.1147920 secs] 764647K->761066K(791936K), [Metaspace: 2428K->2428K(1056768K)], 0.1824231 secs] [Times: user=0.21 sys=0.00, real=0.18 secs] 
2015-01-18T14:08:20.008+0100: 12.036: [GC (Allocation Failure) 12.036: [ParNew (promotion failed): 218496K->245685K(245760K), 0.0619466 secs]12.098: [CMS: 546157K->546151K(546176K), 0.1183880 secs] 764647K->762238K(791936K), [Metaspace: 2428K->2428K(1056768K)], 0.1804796 secs] [Times: user=0.21 sys=0.00, real=0.18 secs] 
2015-01-18T14:08:20.189+0100: 12.218: [GC (Allocation Failure) 12.218: [ParNew (promotion failed): 218475K->245665K(245760K), 0.0578138 secs]12.276: [CMS: 546159K->546151K(546176K), 0.1027862 secs] 764627K->763019K(791936K), [Metaspace: 2428K->2428K(1056768K)], 0.1607387 secs] [Times: user=0.17 sys=0.00, real=0.16 secs] 
2015-01-18T14:08:20.351+0100: 12.379: [GC (Allocation Failure) 12.379: [ParNew (promotion failed): 218458K->245647K(245760K), 0.0604033 secs]12.440: [CMS: 546159K->546151K(546176K), 0.0244474 secs] 764610K->763605K(791936K), [Metaspace: 2428K->2428K(1056768K)], 0.0849801 secs] [Times: user=0.10 sys=0.00, real=0.08 secs] 
2015-01-18T14:08:20.436+0100: 12.465: [GC (Allocation Failure) 12.465: [ParNew (promotion failed): 218452K->245641K(245760K), 0.0548353 secs]12.520: [CMS: 546159K->546151K(546176K), 0.0247257 secs] 764603K->763898K(791936K), [Metaspace: 2428K->2428K(1056768K)], 0.0796931 secs] [Times: user=0.10 sys=0.00, real=0.08 secs] 
2015-01-18T14:08:20.517+0100: 12.545: [GC (Allocation Failure) 12.545: [ParNew (promotion failed): 218413K->245603K(245760K), 0.0387022 secs]12.584: [CMS: 546157K->546151K(546176K), 0.0248700 secs] 764565K->764094K(791936K), [Metaspace: 2428K->2428K(1056768K)], 0.0637028 secs] [Times: user=0.10 sys=0.00, real=0.07 secs] 
2015-01-18T14:08:20.581+0100: 12.609: [GC (Allocation Failure) 12.609: [ParNew (promotion failed): 218420K->245609K(245760K), 0.0683709 secs]12.678: [CMS: 546159K->546151K(546176K), 0.0229917 secs] 764571K->764191K(791936K), [Metaspace: 2428K->2428K(1056768K)], 0.0914865 secs] [Times: user=0.11 sys=0.00, real=0.09 secs] 
2015-01-18T14:08:20.673+0100: 12.701: [GC (Allocation Failure) 12.701: [ParNew (promotion failed): 218456K->245646K(245760K), 0.0440318 secs]12.745: [CMS: 546159K->546151K(546176K), 0.0220528 secs] 764608K->764387K(791936K), [Metaspace: 2428K->2428K(1056768K)], 0.0662147 secs] [Times: user=0.00 sys=0.00, real=0.06 secs] 
2015-01-18T14:08:20.739+0100: 12.768: [GC (Allocation Failure) 12.768: [ParNew (promotion failed): 218496K->245685K(245760K), 0.0421805 secs]12.810: [CMS: 546157K->546151K(546176K), 0.0237531 secs] 764647K->764387K(791936K), [Metaspace: 2428K->2428K(1056768K)], 0.0660614 secs] [Times: user=0.20 sys=0.00, real=0.07 secs] 
2015-01-18T14:08:20.805+0100: 12.834: [GC (Allocation Failure) 12.834: [ParNew (promotion failed): 218486K->245676K(245760K), 0.0501783 secs]12.884: [CMS: 546159K->546151K(546176K), 0.1304995 secs] 764638K->764484K(791936K), [Metaspace: 2428K->2428K(1056768K)], 0.1808107 secs] [Times: user=0.18 sys=0.00, real=0.18 secs] 
2015-01-18T14:08:20.987+0100: 13.015: [GC (Allocation Failure) 13.015: [ParNew (promotion failed): 218430K->245620K(245760K), 0.0487999 secs]13.064: [CMS: 546159K->546151K(546176K), 0.0240695 secs] 764582K->764484K(791936K), [Metaspace: 2428K->2428K(1056768K)], 0.0730010 secs] [Times: user=0.00 sys=0.00, real=0.08 secs] 
2015-01-18T14:08:21.060+0100: 13.088: [GC (Allocation Failure) 13.088: [ParNew (promotion failed): 218430K->245620K(245760K), 0.0562667 secs]13.145: [CMS: 546159K->546151K(546176K), 0.1876002 secs] 764582K->764582K(791936K), [Metaspace: 2428K->2428K(1056768K)], 0.2440150 secs] [Times: user=0.27 sys=0.00, real=0.24 secs] 
2015-01-18T14:08:21.304+0100: 13.332: [Full GC (Allocation Failure) 13.332: [CMS: 546151K->546128K(546176K), 0.2603289 secs] 764582K->764559K(791936K), [Metaspace: 2428K->2428K(1056768K)], 0.2604241 secs] [Times: user=0.15 sys=0.00, real=0.26 secs] 
2015-01-18T14:08:21.571+0100: 13.600: [GC (CMS Initial Mark) [1 CMS-initial-mark: 546128K(546176K)] 764624K(791936K), 0.0013202 secs] [Times: user=0.00 sys=0.00, real=0.00 secs] 
2015-01-18T14:08:21.573+0100: 13.601: [CMS-concurrent-mark-start]
2015-01-18T14:08:21.578+0100: 13.606: [CMS-concurrent-mark: 0.005/0.005 secs] [Times: user=0.00 sys=0.00, real=0.00 secs] 
2015-01-18T14:08:21.578+0100: 13.606: [CMS-concurrent-preclean-start]
Heap
 par new generation   total 245760K, used 218496K [0x00000000ce000000, 0x00000000deaa0000, 0x00000000deaa0000)
  eden space 218496K, 100% used [0x00000000ce000000, 0x00000000db560000, 0x00000000db560000)
  from space 27264K,   0% used [0x00000000db560000, 0x00000000db560000, 0x00000000dd000000)
  to   space 27264K,   0% used [0x00000000dd000000, 0x00000000dd000000, 0x00000000deaa0000)
 concurrent mark-sweep generation total 546176K, used 546128K [0x00000000deaa0000, 0x0000000100000000, 0x0000000100000000)
 Metaspace       used 2458K, capacity 4486K, committed 4864K, reserved 1056768K
  class space    used 264K, capacity 386K, committed 512K, reserved 1048576K
2015-01-18T14:08:21.581+0100: 13.609: [CMS-concurrent-preclean: 0.003/0.003 secs] [Times: user=0.00 sys=0.00, real=0.01 secs] 
2015-01-18T14:08:21.581+0100: 13.609: [CMS-concurrent-abortable-preclean-start]
