0.863: [GC 0.864: [DefNew: 456K->456K(576K), 0.0002000 secs]0.864: [Train MSC: 818401K->272865K(818560K), 0.1657750 secs] 818857K->273057K(819136K), 0.1669970 secs]
1.538: [GC 1.539: [DefNew: 498K->63K(576K), 0.0019590 secs]1.541: [Train: 775940K->440836K(818560K), 0.0610200 secs] 776148K->440900K(819136K), 0.0639240 secs]
1.992: [GC 1.993: [DefNew: 572K->572K(576K), 0.0002070 secs]1.994: [Train MSC: 818436K->566788K(818560K), 0.1093070 secs] 819008K->566956K(819136K), 0.1106650 secs]
2.366: [GC 2.367: [DefNew: 461K->461K(576K), 0.0002040 secs]2.367: [Train MSC: 818436K->650500K(818560K), 0.0787320 secs] 818897K->650766K(819136K), 0.0800070 secs]
2.616: [GC 2.617: [DefNew: 491K->491K(576K), 0.0001950 secs]2.618: [Train MSC: 818436K->706436K(818560K), 0.0586640 secs] 818928K->706810K(819136K), 0.0599670 secs]
2.789: [GC 2.790: [DefNew: 471K->471K(576K), 0.0004020 secs]2.790: [Train MSC: 818436K->743812K(818560K), 0.0468220 secs] 818907K->744186K(819136K), 0.0485930 secs]
2.911: [GC 2.912: [DefNew: 471K->471K(576K), 0.0002360 secs]2.913: [Train MSC: 818436K->768900K(818560K), 0.0391260 secs] 818907K->769274K(819136K), 0.0404380 secs]
3.001: [GC 3.002: [DefNew: 471K->471K(576K), 0.0002020 secs]3.002: [Train MSC: 818436K->785284K(818560K), 0.0343970 secs] 818907K->785658K(819136K), 0.0356710 secs]
3.069: [GC 3.070: [DefNew: 471K->471K(576K), 0.0002080 secs]3.070: [Train MSC: 818436K->796548K(818560K), 0.0313070 secs] 818907K->796922K(819136K), 0.0325780 secs]
3.123: [GC 3.124: [DefNew: 471K->471K(576K), 0.0002070 secs]3.124: [Train MSC: 818436K->803716K(818560K), 0.0298110 secs] 818907K->804090K(819136K), 0.0310800 secs]
3.169: [GC 3.170: [DefNew: 471K->471K(576K), 0.0002050 secs]3.170: [Train MSC: 818436K->808836K(818560K), 0.0281790 secs] 818907K->809210K(819136K), 0.0294430 secs]
3.208: [GC 3.209: [DefNew: 471K->471K(576K), 0.0002580 secs]3.209: [Train MSC: 818436K->811908K(818560K), 0.0292240 secs] 818907K->812282K(819136K), 0.0305750 secs]
3.245: [GC 3.246: [DefNew: 471K->471K(576K), 0.0002810 secs]3.246: [Train MSC: 818436K->814212K(818560K), 0.0265090 secs] 818907K->814586K(819136K), 0.0277720 secs]
3.277: [GC 3.277: [DefNew: 471K->471K(576K), 0.0002490 secs]3.278: [Train MSC: 818436K->815620K(818560K), 0.0281690 secs] 818907K->816091K(819136K), 0.0290950 secs]
3.309: [GC 3.309: [DefNew: 471K->471K(576K), 0.0002350 secs]3.309: [Train MSC: 818436K->816388K(818560K), 0.0265260 secs] 818907K->816859K(819136K), 0.0272540 secs]
3.338: [GC 3.339: [DefNew: 471K->471K(576K), 0.0002220 secs]3.339: [Train MSC: 818436K->817156K(818560K), 0.0256880 secs] 818907K->817627K(819136K), 0.0264610 secs]
3.366: [GC 3.366: [DefNew: 471K->471K(576K), 0.0002120 secs]3.366: [Train MSC: 818436K->817668K(818560K), 0.0254720 secs] 818907K->818139K(819136K), 0.0260610 secs]
3.393: [Full GC 3.393: [Train MSC: 818436K->817924K(818560K), 0.0255370 secs] 818907K->818395K(819136K), [Perm : 987K->987K(4096K)], 0.0258740 secs]
3.420: [Full GC 3.420: [Train MSC: 818436K->817924K(818560K), 0.0254640 secs] 818907K->818395K(819136K), [Perm : 987K->987K(4096K)], 0.0257940 secs]
3.446: [Full GC 3.446: [Train MSC: 818436K->818180K(818560K), 0.0304750 secs] 818907K->818651K(819136K), [Perm : 987K->987K(4096K)], 0.0308350 secs]
3.477: [Full GC 3.477: [Train MSC: 818436K->818180K(818560K), 0.0253480 secs] 818907K->818651K(819136K), [Perm : 987K->987K(4096K)], 0.0256790 secs]
3.503: [Full GC 3.504: [Train MSC: 818436K->818436K(818560K), 0.0253940 secs] 818907K->818907K(819136K), [Perm : 987K->987K(4096K)], 0.0257660 secs]
3.529: [Full GC 3.529: [Train MSC: 818436K->818436K(818560K), 0.0256990 secs] 818907K->818907K(819136K), [Perm : 987K->987K(4096K)], 0.0260300 secs]
